08/18/2026 02:38:29 - INFO - __main__ -   ########## few-shot seed=42 ##########
08/18/2026 02:38:29 - INFO - __main__ -   ########## few-shot seed=42 ##########
08/18/2026 02:38:29 - INFO - __main__ -   ########## few-shot seed=42 ##########
08/18/2026 02:38:40 - INFO - root -   gcc -pthread -B /root/miniconda3/compiler_compat -fno-strict-overflow -DNDEBUG -O2 -Wall -fPIC -O2 -isystem /root/miniconda3/include -fPIC -O2 -isystem /root/miniconda3/include -fPIC -c /tmp/tmpgqvji7gl/test.c -o /tmp/tmpgqvji7gl/test.o
08/18/2026 02:38:40 - INFO - root -   gcc -pthread -B /root/miniconda3/compiler_compat /tmp/tmpgqvji7gl/test.o -laio -o /tmp/tmpgqvji7gl/a.out
08/18/2026 02:38:40 - INFO - root -   gcc -pthread -B /root/miniconda3/compiler_compat -fno-strict-overflow -DNDEBUG -O2 -Wall -fPIC -O2 -isystem /root/miniconda3/include -fPIC -O2 -isystem /root/miniconda3/include -fPIC -c /tmp/tmp82k3lvk4/test.c -o /tmp/tmp82k3lvk4/test.o
08/18/2026 02:38:40 - INFO - root -   gcc -pthread -B /root/miniconda3/compiler_compat /tmp/tmp82k3lvk4/test.o -L/usr/local/cuda -L/usr/local/cuda/lib64 -lcufile -o /tmp/tmp82k3lvk4/a.out
08/18/2026 02:38:40 - INFO - root -   gcc -pthread -B /root/miniconda3/compiler_compat -fno-strict-overflow -DNDEBUG -O2 -Wall -fPIC -O2 -isystem /root/miniconda3/include -fPIC -O2 -isystem /root/miniconda3/include -fPIC -c /tmp/tmprx1ue1vg/test.c -o /tmp/tmprx1ue1vg/test.o
08/18/2026 02:38:40 - INFO - root -   gcc -pthread -B /root/miniconda3/compiler_compat /tmp/tmprx1ue1vg/test.o -laio -o /tmp/tmprx1ue1vg/a.out
08/18/2026 02:38:40 - INFO - root -   gcc -pthread -B /root/miniconda3/compiler_compat -fno-strict-overflow -DNDEBUG -O2 -Wall -fPIC -O2 -isystem /root/miniconda3/include -fPIC -O2 -isystem /root/miniconda3/include -fPIC -c /tmp/tmpnm2zs1mh/test.c -o /tmp/tmpnm2zs1mh/test.o
08/18/2026 02:38:40 - INFO - root -   gcc -pthread -B /root/miniconda3/compiler_compat /tmp/tmpnm2zs1mh/test.o -L/usr/local/cuda -L/usr/local/cuda/lib64 -lcufile -o /tmp/tmpnm2zs1mh/a.out
08/18/2026 02:38:41 - INFO - root -   gcc -pthread -B /root/miniconda3/compiler_compat -fno-strict-overflow -DNDEBUG -O2 -Wall -fPIC -O2 -isystem /root/miniconda3/include -fPIC -O2 -isystem /root/miniconda3/include -fPIC -c /tmp/tmprsgt97xd/test.c -o /tmp/tmprsgt97xd/test.o
08/18/2026 02:38:41 - INFO - root -   gcc -pthread -B /root/miniconda3/compiler_compat /tmp/tmprsgt97xd/test.o -laio -o /tmp/tmprsgt97xd/a.out
08/18/2026 02:38:41 - INFO - root -   gcc -pthread -B /root/miniconda3/compiler_compat -fno-strict-overflow -DNDEBUG -O2 -Wall -fPIC -O2 -isystem /root/miniconda3/include -fPIC -O2 -isystem /root/miniconda3/include -fPIC -c /tmp/tmp1zob4pd1/test.c -o /tmp/tmp1zob4pd1/test.o
08/18/2026 02:38:41 - INFO - root -   gcc -pthread -B /root/miniconda3/compiler_compat /tmp/tmp1zob4pd1/test.o -L/usr/local/cuda -L/usr/local/cuda/lib64 -lcufile -o /tmp/tmp1zob4pd1/a.out
08/18/2026 02:38:41 - INFO - utils.trainer -     6 keys not in checkpoint (kept from init)
08/18/2026 02:38:41 - INFO - utils.trainer -   Model loaded from ./output_dir/ALTER_AgeCAUEEG_train/ALTER-0.bin (27/27 keys)
08/18/2026 02:38:42 - INFO - utils.trainer -     6 keys not in checkpoint (kept from init)
08/18/2026 02:38:42 - INFO - utils.trainer -   Model loaded from ./output_dir/ALTER_AgeCAUEEG_train/ALTER-0.bin (27/27 keys)
08/18/2026 02:38:42 - INFO - utils.trainer -     6 keys not in checkpoint (kept from init)
08/18/2026 02:38:42 - INFO - utils.trainer -   Model loaded from ./output_dir/ALTER_AgeCAUEEG_train/ALTER-0.bin (27/27 keys)
08/18/2026 02:38:42 - INFO - utils.trainer -   ***** Running few-shot fine-tune (transfer) *****
08/18/2026 02:38:42 - INFO - utils.trainer -     Num train examples = 2
08/18/2026 02:38:42 - INFO - utils.trainer -     Num val   examples = 87
08/18/2026 02:38:42 - INFO - utils.trainer -     Num test  examples = 88
08/18/2026 02:38:42 - INFO - utils.trainer -     Max fine-tune epochs = 200
08/18/2026 02:38:42 - INFO - utils.trainer -     Fine-tune lr = 0.0001
08/18/2026 02:38:44 - INFO - utils.trainer -   ***** Running regression evaluation on val0 dataset *****
08/18/2026 02:38:46 - INFO - utils.trainer -   Loss: 0.23497
08/18/2026 02:38:46 - INFO - utils.trainer -   MSE: 3714.22510
08/18/2026 02:38:46 - INFO - utils.trainer -   MAE: 58.36509
08/18/2026 02:38:46 - INFO - utils.trainer -   RMSE: 60.94444
08/18/2026 02:38:46 - INFO - utils.trainer -   R2: -11.06920
08/18/2026 02:38:46 - INFO - utils.trainer -   PearsonR: 0.01629
08/18/2026 02:38:46 - INFO - utils.trainer -   Model saved to output_dir/ALTER_AgeTUAB_fewshot_best
08/18/2026 02:38:46 - INFO - utils.trainer -   Best model saved (val Loss=0.2350, epoch=1)
08/18/2026 02:38:46 - INFO - utils.trainer -   FT Epoch: 1/200, Train Loss: 0.27494, Val Loss: 0.23497, Val Loss: 0.2350, Best Loss: 0.2350, No improve: 0/10, Time: 2.1s
08/18/2026 02:38:48 - INFO - utils.trainer -   ***** Running regression evaluation on val0 dataset *****
08/18/2026 02:38:50 - INFO - utils.trainer -   Loss: 0.22656
08/18/2026 02:38:50 - INFO - utils.trainer -   MSE: 3580.65283
08/18/2026 02:38:50 - INFO - utils.trainer -   MAE: 57.20929
08/18/2026 02:38:50 - INFO - utils.trainer -   RMSE: 59.83855
08/18/2026 02:38:50 - INFO - utils.trainer -   R2: -10.63517
08/18/2026 02:38:50 - INFO - utils.trainer -   PearsonR: -0.04636
08/18/2026 02:38:50 - INFO - utils.trainer -   Model saved to output_dir/ALTER_AgeTUAB_fewshot_best
08/18/2026 02:38:50 - INFO - utils.trainer -   Best model saved (val Loss=0.2266, epoch=2)
08/18/2026 02:38:50 - INFO - utils.trainer -   FT Epoch: 2/200, Train Loss: 0.26821, Val Loss: 0.22656, Val Loss: 0.2266, Best Loss: 0.2266, No improve: 0/10, Time: 1.6s
08/18/2026 02:38:52 - INFO - utils.trainer -   ***** Running regression evaluation on val0 dataset *****
08/18/2026 02:38:54 - INFO - utils.trainer -   Loss: 0.21842
08/18/2026 02:38:54 - INFO - utils.trainer -   MSE: 3451.61719
08/18/2026 02:38:54 - INFO - utils.trainer -   MAE: 56.07016
08/18/2026 02:38:54 - INFO - utils.trainer -   RMSE: 58.75046
08/18/2026 02:38:54 - INFO - utils.trainer -   R2: -10.21587
08/18/2026 02:38:54 - INFO - utils.trainer -   PearsonR: -0.04088
08/18/2026 02:38:54 - INFO - utils.trainer -   Model saved to output_dir/ALTER_AgeTUAB_fewshot_best
08/18/2026 02:38:54 - INFO - utils.trainer -   Best model saved (val Loss=0.2184, epoch=3)
08/18/2026 02:38:54 - INFO - utils.trainer -   FT Epoch: 3/200, Train Loss: 0.36067, Val Loss: 0.21842, Val Loss: 0.2184, Best Loss: 0.2184, No improve: 0/10, Time: 1.7s
08/18/2026 02:38:56 - INFO - utils.trainer -   ***** Running regression evaluation on val0 dataset *****
08/18/2026 02:38:58 - INFO - utils.trainer -   Loss: 0.21090
08/18/2026 02:38:58 - INFO - utils.trainer -   MSE: 3332.31470
08/18/2026 02:38:58 - INFO - utils.trainer -   MAE: 54.99601
08/18/2026 02:38:58 - INFO - utils.trainer -   RMSE: 57.72620
08/18/2026 02:38:58 - INFO - utils.trainer -   R2: -9.82820
08/18/2026 02:38:58 - INFO - utils.trainer -   PearsonR: -0.02845
08/18/2026 02:38:58 - INFO - utils.trainer -   Model saved to output_dir/ALTER_AgeTUAB_fewshot_best
08/18/2026 02:38:58 - INFO - utils.trainer -   Best model saved (val Loss=0.2109, epoch=4)
08/18/2026 02:38:58 - INFO - utils.trainer -   FT Epoch: 4/200, Train Loss: 0.35096, Val Loss: 0.21090, Val Loss: 0.2109, Best Loss: 0.2109, No improve: 0/10, Time: 1.6s
08/18/2026 02:39:00 - INFO - utils.trainer -   ***** Running regression evaluation on val0 dataset *****
08/18/2026 02:39:03 - INFO - utils.trainer -   Loss: 0.20624
08/18/2026 02:39:03 - INFO - utils.trainer -   MSE: 3258.57959
08/18/2026 02:39:03 - INFO - utils.trainer -   MAE: 54.32148
08/18/2026 02:39:03 - INFO - utils.trainer -   RMSE: 57.08397
08/18/2026 02:39:03 - INFO - utils.trainer -   R2: -9.58860
08/18/2026 02:39:03 - INFO - utils.trainer -   PearsonR: -0.04127
08/18/2026 02:39:03 - INFO - utils.trainer -   Model saved to output_dir/ALTER_AgeTUAB_fewshot_best
08/18/2026 02:39:03 - INFO - utils.trainer -   Best model saved (val Loss=0.2062, epoch=5)
08/18/2026 02:39:03 - INFO - utils.trainer -   FT Epoch: 5/200, Train Loss: 0.37242, Val Loss: 0.20624, Val Loss: 0.2062, Best Loss: 0.2062, No improve: 0/10, Time: 1.6s
08/18/2026 02:39:05 - INFO - utils.trainer -   ***** Running regression evaluation on val0 dataset *****
08/18/2026 02:39:07 - INFO - utils.trainer -   Loss: 0.20170
08/18/2026 02:39:07 - INFO - utils.trainer -   MSE: 3186.56421
08/18/2026 02:39:07 - INFO - utils.trainer -   MAE: 53.65453
08/18/2026 02:39:07 - INFO - utils.trainer -   RMSE: 56.44966
08/18/2026 02:39:07 - INFO - utils.trainer -   R2: -9.35459
08/18/2026 02:39:07 - INFO - utils.trainer -   PearsonR: -0.03865
08/18/2026 02:39:07 - INFO - utils.trainer -   Model saved to output_dir/ALTER_AgeTUAB_fewshot_best
08/18/2026 02:39:07 - INFO - utils.trainer -   Best model saved (val Loss=0.2017, epoch=6)
08/18/2026 02:39:07 - INFO - utils.trainer -   FT Epoch: 6/200, Train Loss: 0.29138, Val Loss: 0.20170, Val Loss: 0.2017, Best Loss: 0.2017, No improve: 0/10, Time: 2.0s
08/18/2026 02:39:09 - INFO - utils.trainer -   ***** Running regression evaluation on val0 dataset *****
08/18/2026 02:39:11 - INFO - utils.trainer -   Loss: 0.19705
08/18/2026 02:39:11 - INFO - utils.trainer -   MSE: 3112.89160
08/18/2026 02:39:11 - INFO - utils.trainer -   MAE: 52.96350
08/18/2026 02:39:11 - INFO - utils.trainer -   RMSE: 55.79330
08/18/2026 02:39:11 - INFO - utils.trainer -   R2: -9.11520
08/18/2026 02:39:11 - INFO - utils.trainer -   PearsonR: -0.04918
08/18/2026 02:39:11 - INFO - utils.trainer -   Model saved to output_dir/ALTER_AgeTUAB_fewshot_best
08/18/2026 02:39:11 - INFO - utils.trainer -   Best model saved (val Loss=0.1970, epoch=7)
08/18/2026 02:39:11 - INFO - utils.trainer -   FT Epoch: 7/200, Train Loss: 0.35566, Val Loss: 0.19705, Val Loss: 0.1970, Best Loss: 0.1970, No improve: 0/10, Time: 1.6s
08/18/2026 02:39:13 - INFO - utils.trainer -   ***** Running regression evaluation on val0 dataset *****
08/18/2026 02:39:16 - INFO - utils.trainer -   Loss: 0.19211
08/18/2026 02:39:16 - INFO - utils.trainer -   MSE: 3034.78833
08/18/2026 02:39:16 - INFO - utils.trainer -   MAE: 52.22086
08/18/2026 02:39:16 - INFO - utils.trainer -   RMSE: 55.08891
08/18/2026 02:39:16 - INFO - utils.trainer -   R2: -8.86141
08/18/2026 02:39:16 - INFO - utils.trainer -   PearsonR: -0.06513
08/18/2026 02:39:16 - INFO - utils.trainer -   Model saved to output_dir/ALTER_AgeTUAB_fewshot_best
08/18/2026 02:39:16 - INFO - utils.trainer -   Best model saved (val Loss=0.1921, epoch=8)
08/18/2026 02:39:16 - INFO - utils.trainer -   FT Epoch: 8/200, Train Loss: 0.17667, Val Loss: 0.19211, Val Loss: 0.1921, Best Loss: 0.1921, No improve: 0/10, Time: 1.6s
08/18/2026 02:39:17 - INFO - utils.trainer -   ***** Running regression evaluation on val0 dataset *****
08/18/2026 02:39:20 - INFO - utils.trainer -   Loss: 0.18695
08/18/2026 02:39:20 - INFO - utils.trainer -   MSE: 2953.10791
08/18/2026 02:39:20 - INFO - utils.trainer -   MAE: 51.43273
08/18/2026 02:39:20 - INFO - utils.trainer -   RMSE: 54.34250
08/18/2026 02:39:20 - INFO - utils.trainer -   R2: -8.59599
08/18/2026 02:39:20 - INFO - utils.trainer -   PearsonR: -0.07325
08/18/2026 02:39:20 - INFO - utils.trainer -   Model saved to output_dir/ALTER_AgeTUAB_fewshot_best
08/18/2026 02:39:20 - INFO - utils.trainer -   Best model saved (val Loss=0.1870, epoch=9)
08/18/2026 02:39:20 - INFO - utils.trainer -   FT Epoch: 9/200, Train Loss: 0.18834, Val Loss: 0.18695, Val Loss: 0.1870, Best Loss: 0.1870, No improve: 0/10, Time: 1.7s
08/18/2026 02:39:21 - INFO - utils.trainer -   ***** Running regression evaluation on val0 dataset *****
08/18/2026 02:39:24 - INFO - utils.trainer -   Loss: 0.18155
08/18/2026 02:39:24 - INFO - utils.trainer -   MSE: 2867.64331
08/18/2026 02:39:24 - INFO - utils.trainer -   MAE: 50.59497
08/18/2026 02:39:24 - INFO - utils.trainer -   RMSE: 53.55038
08/18/2026 02:39:24 - INFO - utils.trainer -   R2: -8.31827
08/18/2026 02:39:24 - INFO - utils.trainer -   PearsonR: -0.06700
08/18/2026 02:39:24 - INFO - utils.trainer -   Model saved to output_dir/ALTER_AgeTUAB_fewshot_best
08/18/2026 02:39:24 - INFO - utils.trainer -   Best model saved (val Loss=0.1816, epoch=10)
08/18/2026 02:39:24 - INFO - utils.trainer -   FT Epoch: 10/200, Train Loss: 0.21780, Val Loss: 0.18155, Val Loss: 0.1816, Best Loss: 0.1816, No improve: 0/10, Time: 1.6s
08/18/2026 02:39:26 - INFO - utils.trainer -   ***** Running regression evaluation on val0 dataset *****
08/18/2026 02:39:28 - INFO - utils.trainer -   Loss: 0.17597
08/18/2026 02:39:28 - INFO - utils.trainer -   MSE: 2779.28687
08/18/2026 02:39:28 - INFO - utils.trainer -   MAE: 49.71400
08/18/2026 02:39:28 - INFO - utils.trainer -   RMSE: 52.71894
08/18/2026 02:39:28 - INFO - utils.trainer -   R2: -8.03116
08/18/2026 02:39:28 - INFO - utils.trainer -   PearsonR: -0.05721
08/18/2026 02:39:28 - INFO - utils.trainer -   Model saved to output_dir/ALTER_AgeTUAB_fewshot_best
08/18/2026 02:39:28 - INFO - utils.trainer -   Best model saved (val Loss=0.1760, epoch=11)
08/18/2026 02:39:28 - INFO - utils.trainer -   FT Epoch: 11/200, Train Loss: 0.28522, Val Loss: 0.17597, Val Loss: 0.1760, Best Loss: 0.1760, No improve: 0/10, Time: 1.6s
08/18/2026 02:39:30 - INFO - utils.trainer -   ***** Running regression evaluation on val0 dataset *****
08/18/2026 02:39:32 - INFO - utils.trainer -   Loss: 0.17056
08/18/2026 02:39:32 - INFO - utils.trainer -   MSE: 2693.74658
08/18/2026 02:39:32 - INFO - utils.trainer -   MAE: 48.84594
08/18/2026 02:39:32 - INFO - utils.trainer -   RMSE: 51.90131
08/18/2026 02:39:32 - INFO - utils.trainer -   R2: -7.75321
08/18/2026 02:39:32 - INFO - utils.trainer -   PearsonR: -0.05463
08/18/2026 02:39:32 - INFO - utils.trainer -   Model saved to output_dir/ALTER_AgeTUAB_fewshot_best
08/18/2026 02:39:32 - INFO - utils.trainer -   Best model saved (val Loss=0.1706, epoch=12)
08/18/2026 02:39:32 - INFO - utils.trainer -   FT Epoch: 12/200, Train Loss: 0.22308, Val Loss: 0.17056, Val Loss: 0.1706, Best Loss: 0.1706, No improve: 0/10, Time: 1.6s
08/18/2026 02:39:34 - INFO - utils.trainer -   ***** Running regression evaluation on val0 dataset *****
08/18/2026 02:39:37 - INFO - utils.trainer -   Loss: 0.16481
08/18/2026 02:39:37 - INFO - utils.trainer -   MSE: 2602.85010
08/18/2026 02:39:37 - INFO - utils.trainer -   MAE: 47.90618
08/18/2026 02:39:37 - INFO - utils.trainer -   RMSE: 51.01814
08/18/2026 02:39:37 - INFO - utils.trainer -   R2: -7.45784
08/18/2026 02:39:37 - INFO - utils.trainer -   PearsonR: -0.05333
08/18/2026 02:39:37 - INFO - utils.trainer -   Model saved to output_dir/ALTER_AgeTUAB_fewshot_best
08/18/2026 02:39:37 - INFO - utils.trainer -   Best model saved (val Loss=0.1648, epoch=13)
08/18/2026 02:39:37 - INFO - utils.trainer -   FT Epoch: 13/200, Train Loss: 0.11760, Val Loss: 0.16481, Val Loss: 0.1648, Best Loss: 0.1648, No improve: 0/10, Time: 1.6s
08/18/2026 02:39:38 - INFO - utils.trainer -   ***** Running regression evaluation on val0 dataset *****
08/18/2026 02:39:41 - INFO - utils.trainer -   Loss: 0.15859
08/18/2026 02:39:41 - INFO - utils.trainer -   MSE: 2504.35864
08/18/2026 02:39:41 - INFO - utils.trainer -   MAE: 46.86656
08/18/2026 02:39:41 - INFO - utils.trainer -   RMSE: 50.04357
08/18/2026 02:39:41 - INFO - utils.trainer -   R2: -7.13780
08/18/2026 02:39:41 - INFO - utils.trainer -   PearsonR: -0.05284
08/18/2026 02:39:41 - INFO - utils.trainer -   Model saved to output_dir/ALTER_AgeTUAB_fewshot_best
08/18/2026 02:39:41 - INFO - utils.trainer -   Best model saved (val Loss=0.1586, epoch=14)
08/18/2026 02:39:41 - INFO - utils.trainer -   FT Epoch: 14/200, Train Loss: 0.19077, Val Loss: 0.15859, Val Loss: 0.1586, Best Loss: 0.1586, No improve: 0/10, Time: 1.6s
08/18/2026 02:39:43 - INFO - utils.trainer -   ***** Running regression evaluation on val0 dataset *****
08/18/2026 02:39:46 - INFO - utils.trainer -   Loss: 0.15196
08/18/2026 02:39:46 - INFO - utils.trainer -   MSE: 2399.54004
08/18/2026 02:39:46 - INFO - utils.trainer -   MAE: 45.73413
08/18/2026 02:39:46 - INFO - utils.trainer -   RMSE: 48.98510
08/18/2026 02:39:46 - INFO - utils.trainer -   R2: -6.79719
08/18/2026 02:39:46 - INFO - utils.trainer -   PearsonR: -0.05209
08/18/2026 02:39:46 - INFO - utils.trainer -   Model saved to output_dir/ALTER_AgeTUAB_fewshot_best
08/18/2026 02:39:46 - INFO - utils.trainer -   Best model saved (val Loss=0.1520, epoch=15)
08/18/2026 02:39:46 - INFO - utils.trainer -   FT Epoch: 15/200, Train Loss: 0.09454, Val Loss: 0.15196, Val Loss: 0.1520, Best Loss: 0.1520, No improve: 0/10, Time: 2.0s
08/18/2026 02:39:47 - INFO - utils.trainer -   ***** Running regression evaluation on val0 dataset *****
08/18/2026 02:39:50 - INFO - utils.trainer -   Loss: 0.14490
08/18/2026 02:39:50 - INFO - utils.trainer -   MSE: 2287.85181
08/18/2026 02:39:50 - INFO - utils.trainer -   MAE: 44.49956
08/18/2026 02:39:50 - INFO - utils.trainer -   RMSE: 47.83149
08/18/2026 02:39:50 - INFO - utils.trainer -   R2: -6.43427
08/18/2026 02:39:50 - INFO - utils.trainer -   PearsonR: -0.04974
08/18/2026 02:39:50 - INFO - utils.trainer -   Model saved to output_dir/ALTER_AgeTUAB_fewshot_best
08/18/2026 02:39:50 - INFO - utils.trainer -   Best model saved (val Loss=0.1449, epoch=16)
08/18/2026 02:39:50 - INFO - utils.trainer -   FT Epoch: 16/200, Train Loss: 0.16997, Val Loss: 0.14490, Val Loss: 0.1449, Best Loss: 0.1449, No improve: 0/10, Time: 1.7s
08/18/2026 02:39:52 - INFO - utils.trainer -   ***** Running regression evaluation on val0 dataset *****
08/18/2026 02:39:54 - INFO - utils.trainer -   Loss: 0.13747
08/18/2026 02:39:54 - INFO - utils.trainer -   MSE: 2170.34351
08/18/2026 02:39:54 - INFO - utils.trainer -   MAE: 43.17184
08/18/2026 02:39:54 - INFO - utils.trainer -   RMSE: 46.58694
08/18/2026 02:39:54 - INFO - utils.trainer -   R2: -6.05243
08/18/2026 02:39:54 - INFO - utils.trainer -   PearsonR: -0.04904
08/18/2026 02:39:54 - INFO - utils.trainer -   Model saved to output_dir/ALTER_AgeTUAB_fewshot_best
08/18/2026 02:39:54 - INFO - utils.trainer -   Best model saved (val Loss=0.1375, epoch=17)
08/18/2026 02:39:54 - INFO - utils.trainer -   FT Epoch: 17/200, Train Loss: 0.19231, Val Loss: 0.13747, Val Loss: 0.1375, Best Loss: 0.1375, No improve: 0/10, Time: 1.7s
08/18/2026 02:39:56 - INFO - utils.trainer -   ***** Running regression evaluation on val0 dataset *****
08/18/2026 02:39:58 - INFO - utils.trainer -   Loss: 0.12960
08/18/2026 02:39:58 - INFO - utils.trainer -   MSE: 2045.80994
08/18/2026 02:39:58 - INFO - utils.trainer -   MAE: 41.71991
08/18/2026 02:39:58 - INFO - utils.trainer -   RMSE: 45.23063
08/18/2026 02:39:58 - INFO - utils.trainer -   R2: -5.64777
08/18/2026 02:39:58 - INFO - utils.trainer -   PearsonR: -0.04893
08/18/2026 02:39:58 - INFO - utils.trainer -   Model saved to output_dir/ALTER_AgeTUAB_fewshot_best
08/18/2026 02:39:58 - INFO - utils.trainer -   Best model saved (val Loss=0.1296, epoch=18)
08/18/2026 02:39:58 - INFO - utils.trainer -   FT Epoch: 18/200, Train Loss: 0.12387, Val Loss: 0.12960, Val Loss: 0.1296, Best Loss: 0.1296, No improve: 0/10, Time: 1.6s
08/18/2026 02:40:00 - INFO - utils.trainer -   ***** Running regression evaluation on val0 dataset *****
08/18/2026 02:40:03 - INFO - utils.trainer -   Loss: 0.12135
08/18/2026 02:40:03 - INFO - utils.trainer -   MSE: 1915.36633
08/18/2026 02:40:03 - INFO - utils.trainer -   MAE: 40.14180
08/18/2026 02:40:03 - INFO - utils.trainer -   RMSE: 43.76490
08/18/2026 02:40:03 - INFO - utils.trainer -   R2: -5.22389
08/18/2026 02:40:03 - INFO - utils.trainer -   PearsonR: -0.04957
08/18/2026 02:40:03 - INFO - utils.trainer -   Model saved to output_dir/ALTER_AgeTUAB_fewshot_best
08/18/2026 02:40:03 - INFO - utils.trainer -   Best model saved (val Loss=0.1214, epoch=19)
08/18/2026 02:40:03 - INFO - utils.trainer -   FT Epoch: 19/200, Train Loss: 0.15909, Val Loss: 0.12135, Val Loss: 0.1214, Best Loss: 0.1214, No improve: 0/10, Time: 1.7s
08/18/2026 02:40:05 - INFO - utils.trainer -   ***** Running regression evaluation on val0 dataset *****
08/18/2026 02:40:07 - INFO - utils.trainer -   Loss: 0.11269
08/18/2026 02:40:07 - INFO - utils.trainer -   MSE: 1778.33154
08/18/2026 02:40:07 - INFO - utils.trainer -   MAE: 38.41280
08/18/2026 02:40:07 - INFO - utils.trainer -   RMSE: 42.17027
08/18/2026 02:40:07 - INFO - utils.trainer -   R2: -4.77861
08/18/2026 02:40:07 - INFO - utils.trainer -   PearsonR: -0.05110
08/18/2026 02:40:07 - INFO - utils.trainer -   Model saved to output_dir/ALTER_AgeTUAB_fewshot_best
08/18/2026 02:40:07 - INFO - utils.trainer -   Best model saved (val Loss=0.1127, epoch=20)
08/18/2026 02:40:07 - INFO - utils.trainer -   FT Epoch: 20/200, Train Loss: 0.18593, Val Loss: 0.11269, Val Loss: 0.1127, Best Loss: 0.1127, No improve: 0/10, Time: 1.6s
08/18/2026 02:40:09 - INFO - utils.trainer -   ***** Running regression evaluation on val0 dataset *****
08/18/2026 02:40:12 - INFO - utils.trainer -   Loss: 0.10348
08/18/2026 02:40:12 - INFO - utils.trainer -   MSE: 1632.76294
08/18/2026 02:40:12 - INFO - utils.trainer -   MAE: 36.48956
08/18/2026 02:40:12 - INFO - utils.trainer -   RMSE: 40.40746
08/18/2026 02:40:12 - INFO - utils.trainer -   R2: -4.30559
08/18/2026 02:40:12 - INFO - utils.trainer -   PearsonR: -0.05196
08/18/2026 02:40:12 - INFO - utils.trainer -   Model saved to output_dir/ALTER_AgeTUAB_fewshot_best
08/18/2026 02:40:12 - INFO - utils.trainer -   Best model saved (val Loss=0.1035, epoch=21)
08/18/2026 02:40:12 - INFO - utils.trainer -   FT Epoch: 21/200, Train Loss: 0.10088, Val Loss: 0.10348, Val Loss: 0.1035, Best Loss: 0.1035, No improve: 0/10, Time: 1.7s
08/18/2026 02:40:13 - INFO - utils.trainer -   ***** Running regression evaluation on val0 dataset *****
08/18/2026 02:40:16 - INFO - utils.trainer -   Loss: 0.09380
08/18/2026 02:40:16 - INFO - utils.trainer -   MSE: 1479.78857
08/18/2026 02:40:16 - INFO - utils.trainer -   MAE: 34.35746
08/18/2026 02:40:16 - INFO - utils.trainer -   RMSE: 38.46802
08/18/2026 02:40:16 - INFO - utils.trainer -   R2: -3.80851
08/18/2026 02:40:16 - INFO - utils.trainer -   PearsonR: -0.05128
08/18/2026 02:40:16 - INFO - utils.trainer -   Model saved to output_dir/ALTER_AgeTUAB_fewshot_best
08/18/2026 02:40:16 - INFO - utils.trainer -   Best model saved (val Loss=0.0938, epoch=22)
08/18/2026 02:40:16 - INFO - utils.trainer -   FT Epoch: 22/200, Train Loss: 0.23466, Val Loss: 0.09380, Val Loss: 0.0938, Best Loss: 0.0938, No improve: 0/10, Time: 1.7s
08/18/2026 02:40:17 - INFO - utils.trainer -   ***** Running regression evaluation on val0 dataset *****
08/18/2026 02:40:20 - INFO - utils.trainer -   Loss: 0.08334
08/18/2026 02:40:20 - INFO - utils.trainer -   MSE: 1314.34387
08/18/2026 02:40:20 - INFO - utils.trainer -   MAE: 31.88746
08/18/2026 02:40:20 - INFO - utils.trainer -   RMSE: 36.25388
08/18/2026 02:40:20 - INFO - utils.trainer -   R2: -3.27090
08/18/2026 02:40:20 - INFO - utils.trainer -   PearsonR: -0.04923
08/18/2026 02:40:20 - INFO - utils.trainer -   Model saved to output_dir/ALTER_AgeTUAB_fewshot_best
08/18/2026 02:40:20 - INFO - utils.trainer -   Best model saved (val Loss=0.0833, epoch=23)
08/18/2026 02:40:20 - INFO - utils.trainer -   FT Epoch: 23/200, Train Loss: 0.08116, Val Loss: 0.08334, Val Loss: 0.0833, Best Loss: 0.0833, No improve: 0/10, Time: 1.7s
08/18/2026 02:40:22 - INFO - utils.trainer -   ***** Running regression evaluation on val0 dataset *****
08/18/2026 02:40:24 - INFO - utils.trainer -   Loss: 0.07257
08/18/2026 02:40:24 - INFO - utils.trainer -   MSE: 1144.14355
08/18/2026 02:40:24 - INFO - utils.trainer -   MAE: 29.16822
08/18/2026 02:40:24 - INFO - utils.trainer -   RMSE: 33.82519
08/18/2026 02:40:24 - INFO - utils.trainer -   R2: -2.71784
08/18/2026 02:40:24 - INFO - utils.trainer -   PearsonR: -0.04700
08/18/2026 02:40:24 - INFO - utils.trainer -   Model saved to output_dir/ALTER_AgeTUAB_fewshot_best
08/18/2026 02:40:24 - INFO - utils.trainer -   Best model saved (val Loss=0.0726, epoch=24)
08/18/2026 02:40:24 - INFO - utils.trainer -   FT Epoch: 24/200, Train Loss: 0.07922, Val Loss: 0.07257, Val Loss: 0.0726, Best Loss: 0.0726, No improve: 0/10, Time: 1.6s
08/18/2026 02:40:26 - INFO - utils.trainer -   ***** Running regression evaluation on val0 dataset *****
08/18/2026 02:40:28 - INFO - utils.trainer -   Loss: 0.06181
08/18/2026 02:40:28 - INFO - utils.trainer -   MSE: 974.04565
08/18/2026 02:40:28 - INFO - utils.trainer -   MAE: 26.33935
08/18/2026 02:40:28 - INFO - utils.trainer -   RMSE: 31.20971
08/18/2026 02:40:28 - INFO - utils.trainer -   R2: -2.16512
08/18/2026 02:40:28 - INFO - utils.trainer -   PearsonR: -0.04443
08/18/2026 02:40:28 - INFO - utils.trainer -   Model saved to output_dir/ALTER_AgeTUAB_fewshot_best
08/18/2026 02:40:28 - INFO - utils.trainer -   Best model saved (val Loss=0.0618, epoch=25)
08/18/2026 02:40:28 - INFO - utils.trainer -   FT Epoch: 25/200, Train Loss: 0.10740, Val Loss: 0.06181, Val Loss: 0.0618, Best Loss: 0.0618, No improve: 0/10, Time: 1.6s
08/18/2026 02:40:30 - INFO - utils.trainer -   ***** Running regression evaluation on val0 dataset *****
08/18/2026 02:40:32 - INFO - utils.trainer -   Loss: 0.05127
08/18/2026 02:40:32 - INFO - utils.trainer -   MSE: 807.61401
08/18/2026 02:40:32 - INFO - utils.trainer -   MAE: 23.51299
08/18/2026 02:40:32 - INFO - utils.trainer -   RMSE: 28.41855
08/18/2026 02:40:32 - INFO - utils.trainer -   R2: -1.62430
08/18/2026 02:40:32 - INFO - utils.trainer -   PearsonR: -0.04233
08/18/2026 02:40:32 - INFO - utils.trainer -   Model saved to output_dir/ALTER_AgeTUAB_fewshot_best
08/18/2026 02:40:32 - INFO - utils.trainer -   Best model saved (val Loss=0.0513, epoch=26)
08/18/2026 02:40:32 - INFO - utils.trainer -   FT Epoch: 26/200, Train Loss: 0.07138, Val Loss: 0.05127, Val Loss: 0.0513, Best Loss: 0.0513, No improve: 0/10, Time: 1.6s
08/18/2026 02:40:34 - INFO - utils.trainer -   ***** Running regression evaluation on val0 dataset *****
08/18/2026 02:40:37 - INFO - utils.trainer -   Loss: 0.04144
08/18/2026 02:40:37 - INFO - utils.trainer -   MSE: 652.46735
08/18/2026 02:40:37 - INFO - utils.trainer -   MAE: 20.82891
08/18/2026 02:40:37 - INFO - utils.trainer -   RMSE: 25.54344
08/18/2026 02:40:37 - INFO - utils.trainer -   R2: -1.12016
08/18/2026 02:40:37 - INFO - utils.trainer -   PearsonR: -0.04066
08/18/2026 02:40:37 - INFO - utils.trainer -   Model saved to output_dir/ALTER_AgeTUAB_fewshot_best
08/18/2026 02:40:37 - INFO - utils.trainer -   Best model saved (val Loss=0.0414, epoch=27)
08/18/2026 02:40:37 - INFO - utils.trainer -   FT Epoch: 27/200, Train Loss: 0.16889, Val Loss: 0.04144, Val Loss: 0.0414, Best Loss: 0.0414, No improve: 0/10, Time: 1.7s
08/18/2026 02:40:38 - INFO - utils.trainer -   ***** Running regression evaluation on val0 dataset *****
08/18/2026 02:40:41 - INFO - utils.trainer -   Loss: 0.03280
08/18/2026 02:40:41 - INFO - utils.trainer -   MSE: 516.09564
08/18/2026 02:40:41 - INFO - utils.trainer -   MAE: 18.39276
08/18/2026 02:40:41 - INFO - utils.trainer -   RMSE: 22.71774
08/18/2026 02:40:41 - INFO - utils.trainer -   R2: -0.67703
08/18/2026 02:40:41 - INFO - utils.trainer -   PearsonR: -0.03881
08/18/2026 02:40:41 - INFO - utils.trainer -   Model saved to output_dir/ALTER_AgeTUAB_fewshot_best
08/18/2026 02:40:41 - INFO - utils.trainer -   Best model saved (val Loss=0.0328, epoch=28)
08/18/2026 02:40:41 - INFO - utils.trainer -   FT Epoch: 28/200, Train Loss: 0.06294, Val Loss: 0.03280, Val Loss: 0.0328, Best Loss: 0.0328, No improve: 0/10, Time: 1.6s
08/18/2026 02:40:42 - INFO - utils.trainer -   ***** Running regression evaluation on val0 dataset *****
08/18/2026 02:40:45 - INFO - utils.trainer -   Loss: 0.02576
08/18/2026 02:40:45 - INFO - utils.trainer -   MSE: 405.24219
08/18/2026 02:40:45 - INFO - utils.trainer -   MAE: 16.31292
08/18/2026 02:40:45 - INFO - utils.trainer -   RMSE: 20.13063
08/18/2026 02:40:45 - INFO - utils.trainer -   R2: -0.31682
08/18/2026 02:40:45 - INFO - utils.trainer -   PearsonR: -0.03638
08/18/2026 02:40:45 - INFO - utils.trainer -   Model saved to output_dir/ALTER_AgeTUAB_fewshot_best
08/18/2026 02:40:45 - INFO - utils.trainer -   Best model saved (val Loss=0.0258, epoch=29)
08/18/2026 02:40:45 - INFO - utils.trainer -   FT Epoch: 29/200, Train Loss: 0.02127, Val Loss: 0.02576, Val Loss: 0.0258, Best Loss: 0.0258, No improve: 0/10, Time: 1.7s
08/18/2026 02:40:47 - INFO - utils.trainer -   ***** Running regression evaluation on val0 dataset *****
08/18/2026 02:40:49 - INFO - utils.trainer -   Loss: 0.02122
08/18/2026 02:40:49 - INFO - utils.trainer -   MSE: 334.11996
08/18/2026 02:40:49 - INFO - utils.trainer -   MAE: 14.87571
08/18/2026 02:40:49 - INFO - utils.trainer -   RMSE: 18.27895
08/18/2026 02:40:49 - INFO - utils.trainer -   R2: -0.08571
08/18/2026 02:40:49 - INFO - utils.trainer -   PearsonR: -0.03518
08/18/2026 02:40:49 - INFO - utils.trainer -   Model saved to output_dir/ALTER_AgeTUAB_fewshot_best
08/18/2026 02:40:49 - INFO - utils.trainer -   Best model saved (val Loss=0.0212, epoch=30)
08/18/2026 02:40:49 - INFO - utils.trainer -   FT Epoch: 30/200, Train Loss: 0.02510, Val Loss: 0.02122, Val Loss: 0.0212, Best Loss: 0.0212, No improve: 0/10, Time: 1.7s
08/18/2026 02:40:51 - INFO - utils.trainer -   ***** Running regression evaluation on val0 dataset *****
08/18/2026 02:40:54 - INFO - utils.trainer -   Loss: 0.02028
08/18/2026 02:40:54 - INFO - utils.trainer -   MSE: 320.00095
08/18/2026 02:40:54 - INFO - utils.trainer -   MAE: 14.66495
08/18/2026 02:40:54 - INFO - utils.trainer -   RMSE: 17.88857
08/18/2026 02:40:54 - INFO - utils.trainer -   R2: -0.03983
08/18/2026 02:40:54 - INFO - utils.trainer -   PearsonR: -0.03431
08/18/2026 02:40:54 - INFO - utils.trainer -   Model saved to output_dir/ALTER_AgeTUAB_fewshot_best
08/18/2026 02:40:54 - INFO - utils.trainer -   Best model saved (val Loss=0.0203, epoch=31)
08/18/2026 02:40:54 - INFO - utils.trainer -   FT Epoch: 31/200, Train Loss: 0.02536, Val Loss: 0.02028, Val Loss: 0.0203, Best Loss: 0.0203, No improve: 0/10, Time: 1.6s
08/18/2026 02:40:55 - INFO - utils.trainer -   ***** Running regression evaluation on val0 dataset *****
08/18/2026 02:40:58 - INFO - utils.trainer -   Loss: 0.02356
08/18/2026 02:40:58 - INFO - utils.trainer -   MSE: 372.82162
08/18/2026 02:40:58 - INFO - utils.trainer -   MAE: 15.86537
08/18/2026 02:40:58 - INFO - utils.trainer -   RMSE: 19.30859
08/18/2026 02:40:58 - INFO - utils.trainer -   R2: -0.21147
08/18/2026 02:40:58 - INFO - utils.trainer -   PearsonR: -0.03278
08/18/2026 02:40:58 - INFO - utils.trainer -   FT Epoch: 32/200, Train Loss: 0.02701, Val Loss: 0.02356, Val Loss: 0.0236, Best Loss: 0.0203, No improve: 1/10, Time: 1.7s
08/18/2026 02:40:59 - INFO - utils.trainer -   ***** Running regression evaluation on val0 dataset *****
08/18/2026 02:41:02 - INFO - utils.trainer -   Loss: 0.02984
08/18/2026 02:41:02 - INFO - utils.trainer -   MSE: 472.95316
08/18/2026 02:41:02 - INFO - utils.trainer -   MAE: 17.93550
08/18/2026 02:41:02 - INFO - utils.trainer -   RMSE: 21.74749
08/18/2026 02:41:02 - INFO - utils.trainer -   R2: -0.53684
08/18/2026 02:41:02 - INFO - utils.trainer -   PearsonR: -0.03159
08/18/2026 02:41:02 - INFO - utils.trainer -   FT Epoch: 33/200, Train Loss: 0.01076, Val Loss: 0.02984, Val Loss: 0.0298, Best Loss: 0.0203, No improve: 2/10, Time: 1.7s
08/18/2026 02:41:04 - INFO - utils.trainer -   ***** Running regression evaluation on val0 dataset *****
08/18/2026 02:41:07 - INFO - utils.trainer -   Loss: 0.03627
08/18/2026 02:41:07 - INFO - utils.trainer -   MSE: 575.33557
08/18/2026 02:41:07 - INFO - utils.trainer -   MAE: 20.00397
08/18/2026 02:41:07 - INFO - utils.trainer -   RMSE: 23.98615
08/18/2026 02:41:07 - INFO - utils.trainer -   R2: -0.86953
08/18/2026 02:41:07 - INFO - utils.trainer -   PearsonR: -0.02945
08/18/2026 02:41:07 - INFO - utils.trainer -   FT Epoch: 34/200, Train Loss: 0.00600, Val Loss: 0.03627, Val Loss: 0.0363, Best Loss: 0.0203, No improve: 3/10, Time: 2.0s
08/18/2026 02:41:08 - INFO - utils.trainer -   ***** Running regression evaluation on val0 dataset *****
08/18/2026 02:41:11 - INFO - utils.trainer -   Loss: 0.03972
08/18/2026 02:41:11 - INFO - utils.trainer -   MSE: 630.23541
08/18/2026 02:41:11 - INFO - utils.trainer -   MAE: 21.02718
08/18/2026 02:41:11 - INFO - utils.trainer -   RMSE: 25.10449
08/18/2026 02:41:11 - INFO - utils.trainer -   R2: -1.04792
08/18/2026 02:41:11 - INFO - utils.trainer -   PearsonR: -0.02662
08/18/2026 02:41:11 - INFO - utils.trainer -   FT Epoch: 35/200, Train Loss: 0.03310, Val Loss: 0.03972, Val Loss: 0.0397, Best Loss: 0.0203, No improve: 4/10, Time: 1.6s
08/18/2026 02:41:13 - INFO - utils.trainer -   ***** Running regression evaluation on val0 dataset *****
08/18/2026 02:41:15 - INFO - utils.trainer -   Loss: 0.03962
08/18/2026 02:41:15 - INFO - utils.trainer -   MSE: 628.67065
08/18/2026 02:41:15 - INFO - utils.trainer -   MAE: 20.99913
08/18/2026 02:41:15 - INFO - utils.trainer -   RMSE: 25.07331
08/18/2026 02:41:15 - INFO - utils.trainer -   R2: -1.04284
08/18/2026 02:41:15 - INFO - utils.trainer -   PearsonR: -0.02365
08/18/2026 02:41:15 - INFO - utils.trainer -   FT Epoch: 36/200, Train Loss: 0.01272, Val Loss: 0.03962, Val Loss: 0.0396, Best Loss: 0.0203, No improve: 5/10, Time: 1.8s
08/18/2026 02:41:17 - INFO - utils.trainer -   ***** Running regression evaluation on val0 dataset *****
08/18/2026 02:41:19 - INFO - utils.trainer -   Loss: 0.03708
08/18/2026 02:41:19 - INFO - utils.trainer -   MSE: 588.18591
08/18/2026 02:41:19 - INFO - utils.trainer -   MAE: 20.24872
08/18/2026 02:41:19 - INFO - utils.trainer -   RMSE: 24.25255
08/18/2026 02:41:19 - INFO - utils.trainer -   R2: -0.91128
08/18/2026 02:41:19 - INFO - utils.trainer -   PearsonR: -0.02013
08/18/2026 02:41:19 - INFO - utils.trainer -   FT Epoch: 37/200, Train Loss: 0.01515, Val Loss: 0.03708, Val Loss: 0.0371, Best Loss: 0.0203, No improve: 6/10, Time: 1.6s
08/18/2026 02:41:21 - INFO - utils.trainer -   ***** Running regression evaluation on val0 dataset *****
08/18/2026 02:41:24 - INFO - utils.trainer -   Loss: 0.03306
08/18/2026 02:41:24 - INFO - utils.trainer -   MSE: 524.21149
08/18/2026 02:41:24 - INFO - utils.trainer -   MAE: 18.99561
08/18/2026 02:41:24 - INFO - utils.trainer -   RMSE: 22.89566
08/18/2026 02:41:24 - INFO - utils.trainer -   R2: -0.70340
08/18/2026 02:41:24 - INFO - utils.trainer -   PearsonR: -0.01652
08/18/2026 02:41:24 - INFO - utils.trainer -   FT Epoch: 38/200, Train Loss: 0.02062, Val Loss: 0.03306, Val Loss: 0.0331, Best Loss: 0.0203, No improve: 7/10, Time: 1.6s
08/18/2026 02:41:25 - INFO - utils.trainer -   ***** Running regression evaluation on val0 dataset *****
08/18/2026 02:41:28 - INFO - utils.trainer -   Loss: 0.02980
08/18/2026 02:41:28 - INFO - utils.trainer -   MSE: 472.37994
08/18/2026 02:41:28 - INFO - utils.trainer -   MAE: 17.92170
08/18/2026 02:41:28 - INFO - utils.trainer -   RMSE: 21.73430
08/18/2026 02:41:28 - INFO - utils.trainer -   R2: -0.53498
08/18/2026 02:41:28 - INFO - utils.trainer -   PearsonR: -0.01320
08/18/2026 02:41:28 - INFO - utils.trainer -   FT Epoch: 39/200, Train Loss: 0.00965, Val Loss: 0.02980, Val Loss: 0.0298, Best Loss: 0.0203, No improve: 8/10, Time: 1.7s
08/18/2026 02:41:30 - INFO - utils.trainer -   ***** Running regression evaluation on val0 dataset *****
08/18/2026 02:41:32 - INFO - utils.trainer -   Loss: 0.02772
08/18/2026 02:41:32 - INFO - utils.trainer -   MSE: 439.08670
08/18/2026 02:41:32 - INFO - utils.trainer -   MAE: 17.22390
08/18/2026 02:41:32 - INFO - utils.trainer -   RMSE: 20.95440
08/18/2026 02:41:32 - INFO - utils.trainer -   R2: -0.42679
08/18/2026 02:41:32 - INFO - utils.trainer -   PearsonR: -0.01017
08/18/2026 02:41:32 - INFO - utils.trainer -   FT Epoch: 40/200, Train Loss: 0.00996, Val Loss: 0.02772, Val Loss: 0.0277, Best Loss: 0.0203, No improve: 9/10, Time: 1.8s
08/18/2026 02:41:34 - INFO - utils.trainer -   ***** Running regression evaluation on val0 dataset *****
08/18/2026 02:41:36 - INFO - utils.trainer -   Loss: 0.02570
08/18/2026 02:41:36 - INFO - utils.trainer -   MSE: 406.96634
08/18/2026 02:41:36 - INFO - utils.trainer -   MAE: 16.55917
08/18/2026 02:41:36 - INFO - utils.trainer -   RMSE: 20.17341
08/18/2026 02:41:36 - INFO - utils.trainer -   R2: -0.32242
08/18/2026 02:41:36 - INFO - utils.trainer -   PearsonR: -0.00727
08/18/2026 02:41:36 - INFO - utils.trainer -   FT Epoch: 41/200, Train Loss: 0.00359, Val Loss: 0.02570, Val Loss: 0.0257, Best Loss: 0.0203, No improve: 10/10, Time: 1.6s
08/18/2026 02:41:36 - INFO - utils.trainer -   Early stopping triggered at epoch 41
08/18/2026 02:41:36 - INFO - utils.trainer -   Early stopping triggered at epoch 41
08/18/2026 02:41:36 - INFO - utils.trainer -   Early stopping triggered at epoch 41
08/18/2026 02:41:36 - INFO - utils.trainer -     6 keys not in checkpoint (kept from init)
08/18/2026 02:41:36 - INFO - utils.trainer -   Model loaded from output_dir/ALTER_AgeTUAB_fewshot_best/ALTER-0.bin (27/27 keys)
08/18/2026 02:41:36 - INFO - utils.trainer -     6 keys not in checkpoint (kept from init)
08/18/2026 02:41:36 - INFO - utils.trainer -   Model loaded from output_dir/ALTER_AgeTUAB_fewshot_best/ALTER-0.bin (27/27 keys)
08/18/2026 02:41:36 - INFO - utils.trainer -   Loaded best checkpoint from output_dir/ALTER_AgeTUAB_fewshot_best
08/18/2026 02:41:36 - INFO - utils.trainer -   ***** Running regression evaluation on test0 dataset *****
08/18/2026 02:41:36 - INFO - utils.trainer -     6 keys not in checkpoint (kept from init)
08/18/2026 02:41:36 - INFO - utils.trainer -   Model loaded from output_dir/ALTER_AgeTUAB_fewshot_best/ALTER-0.bin (27/27 keys)
08/18/2026 02:41:39 - INFO - utils.trainer -   Loss: 0.02087
08/18/2026 02:41:39 - INFO - utils.trainer -   MSE: 332.89847
08/18/2026 02:41:39 - INFO - utils.trainer -   MAE: 15.14448
08/18/2026 02:41:39 - INFO - utils.trainer -   RMSE: 18.24550
08/18/2026 02:41:39 - INFO - utils.trainer -   R2: -0.03151
08/18/2026 02:41:39 - INFO - utils.trainer -   PearsonR: 0.01624
08/18/2026 02:41:39 - INFO - utils.trainer -   === Few-shot fine-tune test result ===
08/18/2026 02:41:39 - INFO - utils.trainer -     Loss: 0.02087
08/18/2026 02:41:39 - INFO - utils.trainer -     MSE: 332.89847
08/18/2026 02:41:39 - INFO - utils.trainer -     MAE: 15.14448
08/18/2026 02:41:39 - INFO - utils.trainer -     RMSE: 18.24550
08/18/2026 02:41:39 - INFO - utils.trainer -     R2: -0.03151
08/18/2026 02:41:39 - INFO - utils.trainer -     PearsonR: 0.01624
08/18/2026 02:41:39 - INFO - __main__ -   
============================================================
  5-shot (ALTER_AgeCAUEEG_train → AgeTUAB)  seed=42
============================================================
08/18/2026 02:41:39 - INFO - __main__ -     Loss           : 0.0209
08/18/2026 02:41:39 - INFO - __main__ -     MSE            : 332.8985
08/18/2026 02:41:39 - INFO - __main__ -     MAE            : 15.1445
08/18/2026 02:41:39 - INFO - __main__ -     RMSE           : 18.2455
08/18/2026 02:41:39 - INFO - __main__ -     R2             : -0.0315
08/18/2026 02:41:39 - INFO - __main__ -     PearsonR       : 0.0162
