08/18/2026 02:36:39 - INFO - __main__ -   ########## few-shot seed=42 ##########
08/18/2026 02:36:40 - INFO - __main__ -   ########## few-shot seed=42 ##########
08/18/2026 02:36:40 - INFO - __main__ -   ########## few-shot seed=42 ##########
08/18/2026 02:36:40 - INFO - __main__ -   ########## few-shot seed=42 ##########
08/18/2026 02:36:40 - INFO - __main__ -   ########## few-shot seed=42 ##########
08/18/2026 02:36:40 - INFO - __main__ -   ########## few-shot seed=42 ##########
08/18/2026 02:36:51 - INFO - root -   gcc -pthread -B /root/miniconda3/compiler_compat -fno-strict-overflow -DNDEBUG -O2 -Wall -fPIC -O2 -isystem /root/miniconda3/include -fPIC -O2 -isystem /root/miniconda3/include -fPIC -c /tmp/tmp4th4hm39/test.c -o /tmp/tmp4th4hm39/test.o
08/18/2026 02:36:51 - INFO - root -   gcc -pthread -B /root/miniconda3/compiler_compat /tmp/tmp4th4hm39/test.o -laio -o /tmp/tmp4th4hm39/a.out
08/18/2026 02:36:51 - INFO - root -   gcc -pthread -B /root/miniconda3/compiler_compat -fno-strict-overflow -DNDEBUG -O2 -Wall -fPIC -O2 -isystem /root/miniconda3/include -fPIC -O2 -isystem /root/miniconda3/include -fPIC -c /tmp/tmp2n2meimd/test.c -o /tmp/tmp2n2meimd/test.o
08/18/2026 02:36:51 - INFO - root -   gcc -pthread -B /root/miniconda3/compiler_compat /tmp/tmp2n2meimd/test.o -L/usr/local/cuda -L/usr/local/cuda/lib64 -lcufile -o /tmp/tmp2n2meimd/a.out
08/18/2026 02:36:52 - INFO - root -   gcc -pthread -B /root/miniconda3/compiler_compat -fno-strict-overflow -DNDEBUG -O2 -Wall -fPIC -O2 -isystem /root/miniconda3/include -fPIC -O2 -isystem /root/miniconda3/include -fPIC -c /tmp/tmp7z9d6ovm/test.c -o /tmp/tmp7z9d6ovm/test.o
08/18/2026 02:36:52 - INFO - root -   gcc -pthread -B /root/miniconda3/compiler_compat /tmp/tmp7z9d6ovm/test.o -laio -o /tmp/tmp7z9d6ovm/a.out
08/18/2026 02:36:52 - INFO - root -   gcc -pthread -B /root/miniconda3/compiler_compat -fno-strict-overflow -DNDEBUG -O2 -Wall -fPIC -O2 -isystem /root/miniconda3/include -fPIC -O2 -isystem /root/miniconda3/include -fPIC -c /tmp/tmpjvbenxi5/test.c -o /tmp/tmpjvbenxi5/test.o
08/18/2026 02:36:52 - INFO - root -   gcc -pthread -B /root/miniconda3/compiler_compat /tmp/tmpjvbenxi5/test.o -L/usr/local/cuda -L/usr/local/cuda/lib64 -lcufile -o /tmp/tmpjvbenxi5/a.out
08/18/2026 02:36:52 - INFO - root -   gcc -pthread -B /root/miniconda3/compiler_compat -fno-strict-overflow -DNDEBUG -O2 -Wall -fPIC -O2 -isystem /root/miniconda3/include -fPIC -O2 -isystem /root/miniconda3/include -fPIC -c /tmp/tmpy_spkw4d/test.c -o /tmp/tmpy_spkw4d/test.o
08/18/2026 02:36:52 - INFO - root -   gcc -pthread -B /root/miniconda3/compiler_compat /tmp/tmpy_spkw4d/test.o -laio -o /tmp/tmpy_spkw4d/a.out
08/18/2026 02:36:52 - INFO - root -   gcc -pthread -B /root/miniconda3/compiler_compat -fno-strict-overflow -DNDEBUG -O2 -Wall -fPIC -O2 -isystem /root/miniconda3/include -fPIC -O2 -isystem /root/miniconda3/include -fPIC -c /tmp/tmpkvicvefw/test.c -o /tmp/tmpkvicvefw/test.o
08/18/2026 02:36:52 - INFO - root -   gcc -pthread -B /root/miniconda3/compiler_compat /tmp/tmpkvicvefw/test.o -L/usr/local/cuda -L/usr/local/cuda/lib64 -lcufile -o /tmp/tmpkvicvefw/a.out
08/18/2026 02:36:52 - INFO - root -   gcc -pthread -B /root/miniconda3/compiler_compat -fno-strict-overflow -DNDEBUG -O2 -Wall -fPIC -O2 -isystem /root/miniconda3/include -fPIC -O2 -isystem /root/miniconda3/include -fPIC -c /tmp/tmp0r745_zm/test.c -o /tmp/tmp0r745_zm/test.o
08/18/2026 02:36:52 - INFO - root -   gcc -pthread -B /root/miniconda3/compiler_compat /tmp/tmp0r745_zm/test.o -laio -o /tmp/tmp0r745_zm/a.out
08/18/2026 02:36:52 - INFO - root -   gcc -pthread -B /root/miniconda3/compiler_compat -fno-strict-overflow -DNDEBUG -O2 -Wall -fPIC -O2 -isystem /root/miniconda3/include -fPIC -O2 -isystem /root/miniconda3/include -fPIC -c /tmp/tmpge9dqwwl/test.c -o /tmp/tmpge9dqwwl/test.o
08/18/2026 02:36:52 - INFO - root -   gcc -pthread -B /root/miniconda3/compiler_compat /tmp/tmpge9dqwwl/test.o -L/usr/local/cuda -L/usr/local/cuda/lib64 -lcufile -o /tmp/tmpge9dqwwl/a.out
08/18/2026 02:36:53 - INFO - root -   gcc -pthread -B /root/miniconda3/compiler_compat -fno-strict-overflow -DNDEBUG -O2 -Wall -fPIC -O2 -isystem /root/miniconda3/include -fPIC -O2 -isystem /root/miniconda3/include -fPIC -c /tmp/tmphg17adtq/test.c -o /tmp/tmphg17adtq/test.o
08/18/2026 02:36:53 - INFO - root -   gcc -pthread -B /root/miniconda3/compiler_compat /tmp/tmphg17adtq/test.o -laio -o /tmp/tmphg17adtq/a.out
08/18/2026 02:36:53 - INFO - root -   gcc -pthread -B /root/miniconda3/compiler_compat -fno-strict-overflow -DNDEBUG -O2 -Wall -fPIC -O2 -isystem /root/miniconda3/include -fPIC -O2 -isystem /root/miniconda3/include -fPIC -c /tmp/tmp31n0uhjf/test.c -o /tmp/tmp31n0uhjf/test.o
08/18/2026 02:36:53 - INFO - root -   gcc -pthread -B /root/miniconda3/compiler_compat /tmp/tmp31n0uhjf/test.o -L/usr/local/cuda -L/usr/local/cuda/lib64 -lcufile -o /tmp/tmp31n0uhjf/a.out
08/18/2026 02:36:54 - INFO - root -   gcc -pthread -B /root/miniconda3/compiler_compat -fno-strict-overflow -DNDEBUG -O2 -Wall -fPIC -O2 -isystem /root/miniconda3/include -fPIC -O2 -isystem /root/miniconda3/include -fPIC -c /tmp/tmphfbjfl13/test.c -o /tmp/tmphfbjfl13/test.o
08/18/2026 02:36:54 - INFO - root -   gcc -pthread -B /root/miniconda3/compiler_compat /tmp/tmphfbjfl13/test.o -laio -o /tmp/tmphfbjfl13/a.out
08/18/2026 02:36:54 - INFO - root -   gcc -pthread -B /root/miniconda3/compiler_compat -fno-strict-overflow -DNDEBUG -O2 -Wall -fPIC -O2 -isystem /root/miniconda3/include -fPIC -O2 -isystem /root/miniconda3/include -fPIC -c /tmp/tmp0rgys0y7/test.c -o /tmp/tmp0rgys0y7/test.o
08/18/2026 02:36:54 - INFO - root -   gcc -pthread -B /root/miniconda3/compiler_compat /tmp/tmp0rgys0y7/test.o -L/usr/local/cuda -L/usr/local/cuda/lib64 -lcufile -o /tmp/tmp0rgys0y7/a.out
08/18/2026 02:36:58 - INFO - utils.trainer -     2 prompt-buffer key(s) skipped (kept target-dataset prompt)
08/18/2026 02:36:58 - INFO - utils.trainer -     582 keys not in checkpoint (kept from init)
08/18/2026 02:36:58 - INFO - utils.trainer -   Model loaded from ./output_dir/TimeLLM_AgeCAUEEG_train/TimeLLM-0.bin (21/23 keys)
08/18/2026 02:36:58 - INFO - utils.trainer -     2 prompt-buffer key(s) skipped (kept target-dataset prompt)
08/18/2026 02:36:58 - INFO - utils.trainer -     582 keys not in checkpoint (kept from init)
08/18/2026 02:36:58 - INFO - utils.trainer -   Model loaded from ./output_dir/TimeLLM_AgeCAUEEG_train/TimeLLM-0.bin (21/23 keys)
08/18/2026 02:36:58 - INFO - utils.trainer -   ***** Running regression evaluation on test0 dataset *****
08/18/2026 02:36:58 - INFO - utils.trainer -     2 prompt-buffer key(s) skipped (kept target-dataset prompt)
08/18/2026 02:36:58 - INFO - utils.trainer -     582 keys not in checkpoint (kept from init)
08/18/2026 02:36:58 - INFO - utils.trainer -   Model loaded from ./output_dir/TimeLLM_AgeCAUEEG_train/TimeLLM-0.bin (21/23 keys)
08/18/2026 02:36:58 - INFO - utils.trainer -     2 prompt-buffer key(s) skipped (kept target-dataset prompt)
08/18/2026 02:36:58 - INFO - utils.trainer -     582 keys not in checkpoint (kept from init)
08/18/2026 02:36:58 - INFO - utils.trainer -   Model loaded from ./output_dir/TimeLLM_AgeCAUEEG_train/TimeLLM-0.bin (21/23 keys)
08/18/2026 02:36:58 - INFO - utils.trainer -     2 prompt-buffer key(s) skipped (kept target-dataset prompt)
08/18/2026 02:36:58 - INFO - utils.trainer -     582 keys not in checkpoint (kept from init)
08/18/2026 02:36:58 - INFO - utils.trainer -   Model loaded from ./output_dir/TimeLLM_AgeCAUEEG_train/TimeLLM-0.bin (21/23 keys)
08/18/2026 02:36:58 - INFO - utils.trainer -     2 prompt-buffer key(s) skipped (kept target-dataset prompt)
08/18/2026 02:36:58 - INFO - utils.trainer -     582 keys not in checkpoint (kept from init)
08/18/2026 02:36:58 - INFO - utils.trainer -   Model loaded from ./output_dir/TimeLLM_AgeCAUEEG_train/TimeLLM-0.bin (21/23 keys)
08/18/2026 02:37:05 - INFO - utils.trainer -   Loss: 0.02584
08/18/2026 02:37:05 - INFO - utils.trainer -   MSE: 410.63913
08/18/2026 02:37:05 - INFO - utils.trainer -   MAE: 16.69533
08/18/2026 02:37:05 - INFO - utils.trainer -   RMSE: 20.26423
08/18/2026 02:37:05 - INFO - utils.trainer -   R2: -0.27428
08/18/2026 02:37:05 - INFO - utils.trainer -   PearsonR: 0.03222
08/18/2026 02:37:05 - INFO - __main__ -   
============================================================
  Zero-shot (TimeLLM_AgeCAUEEG_train → AgeTUAB)  seed=42
============================================================
08/18/2026 02:37:05 - INFO - __main__ -     Loss           : 0.0258
08/18/2026 02:37:05 - INFO - __main__ -     MSE            : 410.6391
08/18/2026 02:37:05 - INFO - __main__ -     MAE            : 16.6953
08/18/2026 02:37:05 - INFO - __main__ -     RMSE           : 20.2642
08/18/2026 02:37:05 - INFO - __main__ -     R2             : -0.2743
08/18/2026 02:37:05 - INFO - __main__ -     PearsonR       : 0.0322
