08/18/2026 02:42:48 - INFO - __main__ -   ########## few-shot seed=42 ##########
08/18/2026 02:42:48 - INFO - __main__ -   ########## few-shot seed=42 ##########
08/18/2026 02:42:48 - INFO - __main__ -   ########## few-shot seed=42 ##########
08/18/2026 02:43:00 - INFO - root -   gcc -pthread -B /root/miniconda3/compiler_compat -fno-strict-overflow -DNDEBUG -O2 -Wall -fPIC -O2 -isystem /root/miniconda3/include -fPIC -O2 -isystem /root/miniconda3/include -fPIC -c /tmp/tmp3csvziqc/test.c -o /tmp/tmp3csvziqc/test.o
08/18/2026 02:43:00 - INFO - root -   gcc -pthread -B /root/miniconda3/compiler_compat /tmp/tmp3csvziqc/test.o -laio -o /tmp/tmp3csvziqc/a.out
08/18/2026 02:43:00 - INFO - root -   gcc -pthread -B /root/miniconda3/compiler_compat -fno-strict-overflow -DNDEBUG -O2 -Wall -fPIC -O2 -isystem /root/miniconda3/include -fPIC -O2 -isystem /root/miniconda3/include -fPIC -c /tmp/tmp2rgl1kxp/test.c -o /tmp/tmp2rgl1kxp/test.o
08/18/2026 02:43:00 - INFO - root -   gcc -pthread -B /root/miniconda3/compiler_compat /tmp/tmp2rgl1kxp/test.o -L/usr/local/cuda -L/usr/local/cuda/lib64 -lcufile -o /tmp/tmp2rgl1kxp/a.out
08/18/2026 02:43:00 - INFO - root -   gcc -pthread -B /root/miniconda3/compiler_compat -fno-strict-overflow -DNDEBUG -O2 -Wall -fPIC -O2 -isystem /root/miniconda3/include -fPIC -O2 -isystem /root/miniconda3/include -fPIC -c /tmp/tmpradauoi2/test.c -o /tmp/tmpradauoi2/test.o
08/18/2026 02:43:00 - INFO - root -   gcc -pthread -B /root/miniconda3/compiler_compat /tmp/tmpradauoi2/test.o -laio -o /tmp/tmpradauoi2/a.out
08/18/2026 02:43:00 - INFO - root -   gcc -pthread -B /root/miniconda3/compiler_compat -fno-strict-overflow -DNDEBUG -O2 -Wall -fPIC -O2 -isystem /root/miniconda3/include -fPIC -O2 -isystem /root/miniconda3/include -fPIC -c /tmp/tmpq2d0zprw/test.c -o /tmp/tmpq2d0zprw/test.o
08/18/2026 02:43:00 - INFO - root -   gcc -pthread -B /root/miniconda3/compiler_compat /tmp/tmpq2d0zprw/test.o -L/usr/local/cuda -L/usr/local/cuda/lib64 -lcufile -o /tmp/tmpq2d0zprw/a.out
08/18/2026 02:43:01 - INFO - root -   gcc -pthread -B /root/miniconda3/compiler_compat -fno-strict-overflow -DNDEBUG -O2 -Wall -fPIC -O2 -isystem /root/miniconda3/include -fPIC -O2 -isystem /root/miniconda3/include -fPIC -c /tmp/tmpd8gsd70k/test.c -o /tmp/tmpd8gsd70k/test.o
08/18/2026 02:43:01 - INFO - root -   gcc -pthread -B /root/miniconda3/compiler_compat /tmp/tmpd8gsd70k/test.o -laio -o /tmp/tmpd8gsd70k/a.out
08/18/2026 02:43:01 - INFO - root -   gcc -pthread -B /root/miniconda3/compiler_compat -fno-strict-overflow -DNDEBUG -O2 -Wall -fPIC -O2 -isystem /root/miniconda3/include -fPIC -O2 -isystem /root/miniconda3/include -fPIC -c /tmp/tmpu2qkklln/test.c -o /tmp/tmpu2qkklln/test.o
08/18/2026 02:43:01 - INFO - root -   gcc -pthread -B /root/miniconda3/compiler_compat /tmp/tmpu2qkklln/test.o -L/usr/local/cuda -L/usr/local/cuda/lib64 -lcufile -o /tmp/tmpu2qkklln/a.out
08/18/2026 02:43:04 - INFO - utils.trainer -     2 prompt-buffer key(s) skipped (kept target-dataset prompt)
08/18/2026 02:43:04 - INFO - utils.trainer -     582 keys not in checkpoint (kept from init)
08/18/2026 02:43:04 - INFO - utils.trainer -   Model loaded from ./output_dir/TimeLLM_AgeCAUEEG_train/TimeLLM-0.bin (21/23 keys)
08/18/2026 02:43:04 - INFO - utils.trainer -     2 prompt-buffer key(s) skipped (kept target-dataset prompt)
08/18/2026 02:43:04 - INFO - utils.trainer -     582 keys not in checkpoint (kept from init)
08/18/2026 02:43:04 - INFO - utils.trainer -   Model loaded from ./output_dir/TimeLLM_AgeCAUEEG_train/TimeLLM-0.bin (21/23 keys)
08/18/2026 02:43:04 - INFO - utils.trainer -   ***** Running few-shot fine-tune (transfer) *****
08/18/2026 02:43:04 - INFO - utils.trainer -     Num train examples = 2
08/18/2026 02:43:04 - INFO - utils.trainer -     Num val   examples = 87
08/18/2026 02:43:04 - INFO - utils.trainer -     Num test  examples = 88
08/18/2026 02:43:04 - INFO - utils.trainer -     Max fine-tune epochs = 200
08/18/2026 02:43:04 - INFO - utils.trainer -     Fine-tune lr = 0.0001
08/18/2026 02:43:04 - INFO - utils.trainer -     2 prompt-buffer key(s) skipped (kept target-dataset prompt)
08/18/2026 02:43:04 - INFO - utils.trainer -     582 keys not in checkpoint (kept from init)
08/18/2026 02:43:04 - INFO - utils.trainer -   Model loaded from ./output_dir/TimeLLM_AgeCAUEEG_train/TimeLLM-0.bin (21/23 keys)
08/18/2026 02:43:07 - INFO - utils.trainer -   ***** Running regression evaluation on val0 dataset *****
08/18/2026 02:43:19 - INFO - utils.trainer -   Loss: 1.42444
08/18/2026 02:43:19 - INFO - utils.trainer -   MSE: 29666.56445
08/18/2026 02:43:19 - INFO - utils.trainer -   MAE: 171.34343
08/18/2026 02:43:19 - INFO - utils.trainer -   RMSE: 172.23984
08/18/2026 02:43:19 - INFO - utils.trainer -   R2: -95.40014
08/18/2026 02:43:19 - INFO - utils.trainer -   PearsonR: 0.03056
08/18/2026 02:43:19 - INFO - utils.trainer -   Model saved to output_dir/TimeLLM_AgeTUAB_fewshot_best
08/18/2026 02:43:19 - INFO - utils.trainer -   Best model saved (val Loss=1.4244, epoch=1)
08/18/2026 02:43:19 - INFO - utils.trainer -   FT Epoch: 1/200, Train Loss: 0.37186, Val Loss: 1.42444, Val Loss: 1.4244, Best Loss: 1.4244, No improve: 0/10, Time: 2.7s
08/18/2026 02:43:21 - INFO - utils.trainer -   ***** Running regression evaluation on val0 dataset *****
08/18/2026 02:43:33 - INFO - utils.trainer -   Loss: 0.40624
08/18/2026 02:43:33 - INFO - utils.trainer -   MSE: 6489.72314
08/18/2026 02:43:33 - INFO - utils.trainer -   MAE: 78.62141
08/18/2026 02:43:33 - INFO - utils.trainer -   RMSE: 80.55882
08/18/2026 02:43:33 - INFO - utils.trainer -   R2: -20.08806
08/18/2026 02:43:33 - INFO - utils.trainer -   PearsonR: 0.02109
08/18/2026 02:43:34 - INFO - utils.trainer -   Model saved to output_dir/TimeLLM_AgeTUAB_fewshot_best
08/18/2026 02:43:34 - INFO - utils.trainer -   Best model saved (val Loss=0.4062, epoch=2)
08/18/2026 02:43:34 - INFO - utils.trainer -   FT Epoch: 2/200, Train Loss: 1.47078, Val Loss: 0.40624, Val Loss: 0.4062, Best Loss: 0.4062, No improve: 0/10, Time: 2.0s
08/18/2026 02:43:36 - INFO - utils.trainer -   ***** Running regression evaluation on val0 dataset *****
08/18/2026 02:43:48 - INFO - utils.trainer -   Loss: 0.69608
08/18/2026 02:43:48 - INFO - utils.trainer -   MSE: 11607.69922
08/18/2026 02:43:48 - INFO - utils.trainer -   MAE: 106.29236
08/18/2026 02:43:48 - INFO - utils.trainer -   RMSE: 107.73903
08/18/2026 02:43:48 - INFO - utils.trainer -   R2: -36.71869
08/18/2026 02:43:48 - INFO - utils.trainer -   PearsonR: -0.01294
08/18/2026 02:43:48 - INFO - utils.trainer -   FT Epoch: 3/200, Train Loss: 0.75944, Val Loss: 0.69608, Val Loss: 0.6961, Best Loss: 0.4062, No improve: 1/10, Time: 2.1s
08/18/2026 02:43:50 - INFO - utils.trainer -   ***** Running regression evaluation on val0 dataset *****
08/18/2026 02:44:02 - INFO - utils.trainer -   Loss: 0.21070
08/18/2026 02:44:02 - INFO - utils.trainer -   MSE: 3345.14062
08/18/2026 02:44:02 - INFO - utils.trainer -   MAE: 55.09313
08/18/2026 02:44:02 - INFO - utils.trainer -   RMSE: 57.83719
08/18/2026 02:44:02 - INFO - utils.trainer -   R2: -9.86988
08/18/2026 02:44:02 - INFO - utils.trainer -   PearsonR: -0.02201
08/18/2026 02:44:03 - INFO - utils.trainer -   Model saved to output_dir/TimeLLM_AgeTUAB_fewshot_best
08/18/2026 02:44:03 - INFO - utils.trainer -   Best model saved (val Loss=0.2107, epoch=4)
08/18/2026 02:44:03 - INFO - utils.trainer -   FT Epoch: 4/200, Train Loss: 0.46328, Val Loss: 0.21070, Val Loss: 0.2107, Best Loss: 0.2107, No improve: 0/10, Time: 2.1s
08/18/2026 02:44:05 - INFO - utils.trainer -   ***** Running regression evaluation on val0 dataset *****
08/18/2026 02:44:16 - INFO - utils.trainer -   Loss: 0.02375
08/18/2026 02:44:16 - INFO - utils.trainer -   MSE: 375.87674
08/18/2026 02:44:16 - INFO - utils.trainer -   MAE: 15.99674
08/18/2026 02:44:16 - INFO - utils.trainer -   RMSE: 19.38754
08/18/2026 02:44:16 - INFO - utils.trainer -   R2: -0.22139
08/18/2026 02:44:16 - INFO - utils.trainer -   PearsonR: 0.01247
08/18/2026 02:44:17 - INFO - utils.trainer -   Model saved to output_dir/TimeLLM_AgeTUAB_fewshot_best
08/18/2026 02:44:17 - INFO - utils.trainer -   Best model saved (val Loss=0.0237, epoch=5)
08/18/2026 02:44:17 - INFO - utils.trainer -   FT Epoch: 5/200, Train Loss: 0.11561, Val Loss: 0.02375, Val Loss: 0.0237, Best Loss: 0.0237, No improve: 0/10, Time: 2.0s
08/18/2026 02:44:20 - INFO - utils.trainer -   ***** Running regression evaluation on val0 dataset *****
08/18/2026 02:44:31 - INFO - utils.trainer -   Loss: 0.11400
08/18/2026 02:44:31 - INFO - utils.trainer -   MSE: 1799.01257
08/18/2026 02:44:31 - INFO - utils.trainer -   MAE: 38.66816
08/18/2026 02:44:31 - INFO - utils.trainer -   RMSE: 42.41477
08/18/2026 02:44:31 - INFO - utils.trainer -   R2: -4.84581
08/18/2026 02:44:31 - INFO - utils.trainer -   PearsonR: -0.02602
08/18/2026 02:44:31 - INFO - utils.trainer -   FT Epoch: 6/200, Train Loss: 0.14665, Val Loss: 0.11400, Val Loss: 0.1140, Best Loss: 0.0237, No improve: 1/10, Time: 2.1s
08/18/2026 02:44:33 - INFO - utils.trainer -   ***** Running regression evaluation on val0 dataset *****
08/18/2026 02:44:45 - INFO - utils.trainer -   Loss: 0.25851
08/18/2026 02:44:45 - INFO - utils.trainer -   MSE: 4105.00244
08/18/2026 02:44:45 - INFO - utils.trainer -   MAE: 61.59951
08/18/2026 02:44:45 - INFO - utils.trainer -   RMSE: 64.07030
08/18/2026 02:44:45 - INFO - utils.trainer -   R2: -12.33902
08/18/2026 02:44:45 - INFO - utils.trainer -   PearsonR: -0.04263
08/18/2026 02:44:45 - INFO - utils.trainer -   FT Epoch: 7/200, Train Loss: 0.06961, Val Loss: 0.25851, Val Loss: 0.2585, Best Loss: 0.0237, No improve: 2/10, Time: 2.0s
08/18/2026 02:44:47 - INFO - utils.trainer -   ***** Running regression evaluation on val0 dataset *****
08/18/2026 02:44:59 - INFO - utils.trainer -   Loss: 0.05481
08/18/2026 02:44:59 - INFO - utils.trainer -   MSE: 870.26483
08/18/2026 02:44:59 - INFO - utils.trainer -   MAE: 25.26988
08/18/2026 02:44:59 - INFO - utils.trainer -   RMSE: 29.50025
08/18/2026 02:44:59 - INFO - utils.trainer -   R2: -1.82789
08/18/2026 02:44:59 - INFO - utils.trainer -   PearsonR: -0.05296
08/18/2026 02:44:59 - INFO - utils.trainer -   FT Epoch: 8/200, Train Loss: 0.31152, Val Loss: 0.05481, Val Loss: 0.0548, Best Loss: 0.0237, No improve: 3/10, Time: 2.2s
08/18/2026 02:45:01 - INFO - utils.trainer -   ***** Running regression evaluation on val0 dataset *****
08/18/2026 02:45:13 - INFO - utils.trainer -   Loss: 0.06517
08/18/2026 02:45:13 - INFO - utils.trainer -   MSE: 1026.88745
08/18/2026 02:45:13 - INFO - utils.trainer -   MAE: 27.20312
08/18/2026 02:45:13 - INFO - utils.trainer -   RMSE: 32.04508
08/18/2026 02:45:13 - INFO - utils.trainer -   R2: -2.33682
08/18/2026 02:45:13 - INFO - utils.trainer -   PearsonR: -0.07448
08/18/2026 02:45:13 - INFO - utils.trainer -   FT Epoch: 9/200, Train Loss: 0.02298, Val Loss: 0.06517, Val Loss: 0.0652, Best Loss: 0.0237, No improve: 4/10, Time: 2.1s
08/18/2026 02:45:15 - INFO - utils.trainer -   ***** Running regression evaluation on val0 dataset *****
08/18/2026 02:45:26 - INFO - utils.trainer -   Loss: 0.02072
08/18/2026 02:45:26 - INFO - utils.trainer -   MSE: 326.27045
08/18/2026 02:45:26 - INFO - utils.trainer -   MAE: 14.67645
08/18/2026 02:45:26 - INFO - utils.trainer -   RMSE: 18.06296
08/18/2026 02:45:26 - INFO - utils.trainer -   R2: -0.06020
08/18/2026 02:45:26 - INFO - utils.trainer -   PearsonR: -0.03549
08/18/2026 02:45:27 - INFO - utils.trainer -   Model saved to output_dir/TimeLLM_AgeTUAB_fewshot_best
08/18/2026 02:45:27 - INFO - utils.trainer -   Best model saved (val Loss=0.0207, epoch=10)
08/18/2026 02:45:27 - INFO - utils.trainer -   FT Epoch: 10/200, Train Loss: 0.08442, Val Loss: 0.02072, Val Loss: 0.0207, Best Loss: 0.0207, No improve: 0/10, Time: 2.0s
08/18/2026 02:45:29 - INFO - utils.trainer -   ***** Running regression evaluation on val0 dataset *****
08/18/2026 02:45:41 - INFO - utils.trainer -   Loss: 0.08511
08/18/2026 02:45:41 - INFO - utils.trainer -   MSE: 1351.51196
08/18/2026 02:45:41 - INFO - utils.trainer -   MAE: 32.57829
08/18/2026 02:45:41 - INFO - utils.trainer -   RMSE: 36.76292
08/18/2026 02:45:41 - INFO - utils.trainer -   R2: -3.39168
08/18/2026 02:45:41 - INFO - utils.trainer -   PearsonR: -0.03389
08/18/2026 02:45:41 - INFO - utils.trainer -   FT Epoch: 11/200, Train Loss: 0.02592, Val Loss: 0.08511, Val Loss: 0.0851, Best Loss: 0.0207, No improve: 1/10, Time: 2.0s
08/18/2026 02:45:43 - INFO - utils.trainer -   ***** Running regression evaluation on val0 dataset *****
08/18/2026 02:45:55 - INFO - utils.trainer -   Loss: 0.03168
08/18/2026 02:45:55 - INFO - utils.trainer -   MSE: 498.51276
08/18/2026 02:45:55 - INFO - utils.trainer -   MAE: 18.10040
08/18/2026 02:45:55 - INFO - utils.trainer -   RMSE: 22.32740
08/18/2026 02:45:55 - INFO - utils.trainer -   R2: -0.61989
08/18/2026 02:45:55 - INFO - utils.trainer -   PearsonR: 0.00017
08/18/2026 02:45:55 - INFO - utils.trainer -   FT Epoch: 12/200, Train Loss: 0.04987, Val Loss: 0.03168, Val Loss: 0.0317, Best Loss: 0.0207, No improve: 2/10, Time: 2.0s
08/18/2026 02:45:57 - INFO - utils.trainer -   ***** Running regression evaluation on val0 dataset *****
08/18/2026 02:46:09 - INFO - utils.trainer -   Loss: 0.09960
08/18/2026 02:46:09 - INFO - utils.trainer -   MSE: 1571.33618
08/18/2026 02:46:09 - INFO - utils.trainer -   MAE: 35.63251
08/18/2026 02:46:09 - INFO - utils.trainer -   RMSE: 39.64008
08/18/2026 02:46:09 - INFO - utils.trainer -   R2: -4.10598
08/18/2026 02:46:09 - INFO - utils.trainer -   PearsonR: -0.01799
08/18/2026 02:46:09 - INFO - utils.trainer -   FT Epoch: 13/200, Train Loss: 0.04223, Val Loss: 0.09960, Val Loss: 0.0996, Best Loss: 0.0207, No improve: 3/10, Time: 2.0s
08/18/2026 02:46:11 - INFO - utils.trainer -   ***** Running regression evaluation on val0 dataset *****
08/18/2026 02:46:23 - INFO - utils.trainer -   Loss: 0.03574
08/18/2026 02:46:23 - INFO - utils.trainer -   MSE: 566.97186
08/18/2026 02:46:23 - INFO - utils.trainer -   MAE: 19.84167
08/18/2026 02:46:23 - INFO - utils.trainer -   RMSE: 23.81117
08/18/2026 02:46:23 - INFO - utils.trainer -   R2: -0.84235
08/18/2026 02:46:23 - INFO - utils.trainer -   PearsonR: -0.03080
08/18/2026 02:46:23 - INFO - utils.trainer -   FT Epoch: 14/200, Train Loss: 0.09057, Val Loss: 0.03574, Val Loss: 0.0357, Best Loss: 0.0207, No improve: 4/10, Time: 2.0s
08/18/2026 02:46:25 - INFO - utils.trainer -   ***** Running regression evaluation on val0 dataset *****
08/18/2026 02:46:36 - INFO - utils.trainer -   Loss: 0.06542
08/18/2026 02:46:36 - INFO - utils.trainer -   MSE: 1038.79480
08/18/2026 02:46:36 - INFO - utils.trainer -   MAE: 27.97616
08/18/2026 02:46:36 - INFO - utils.trainer -   RMSE: 32.23034
08/18/2026 02:46:36 - INFO - utils.trainer -   R2: -2.37552
08/18/2026 02:46:36 - INFO - utils.trainer -   PearsonR: 0.05932
08/18/2026 02:46:36 - INFO - utils.trainer -   FT Epoch: 15/200, Train Loss: 0.15517, Val Loss: 0.06542, Val Loss: 0.0654, Best Loss: 0.0207, No improve: 5/10, Time: 2.0s
08/18/2026 02:46:38 - INFO - utils.trainer -   ***** Running regression evaluation on val0 dataset *****
08/18/2026 02:46:50 - INFO - utils.trainer -   Loss: 0.04738
08/18/2026 02:46:50 - INFO - utils.trainer -   MSE: 746.06689
08/18/2026 02:46:50 - INFO - utils.trainer -   MAE: 22.43445
08/18/2026 02:46:50 - INFO - utils.trainer -   RMSE: 27.31422
08/18/2026 02:46:50 - INFO - utils.trainer -   R2: -1.42431
08/18/2026 02:46:50 - INFO - utils.trainer -   PearsonR: 0.00639
08/18/2026 02:46:50 - INFO - utils.trainer -   FT Epoch: 16/200, Train Loss: 0.03392, Val Loss: 0.04738, Val Loss: 0.0474, Best Loss: 0.0207, No improve: 6/10, Time: 2.0s
08/18/2026 02:46:53 - INFO - utils.trainer -   ***** Running regression evaluation on val0 dataset *****
08/18/2026 02:47:05 - INFO - utils.trainer -   Loss: 0.01972
08/18/2026 02:47:05 - INFO - utils.trainer -   MSE: 310.70728
08/18/2026 02:47:05 - INFO - utils.trainer -   MAE: 14.38512
08/18/2026 02:47:05 - INFO - utils.trainer -   RMSE: 17.62689
08/18/2026 02:47:05 - INFO - utils.trainer -   R2: -0.00963
08/18/2026 02:47:05 - INFO - utils.trainer -   PearsonR: 0.03984
08/18/2026 02:47:05 - INFO - utils.trainer -   Model saved to output_dir/TimeLLM_AgeTUAB_fewshot_best
08/18/2026 02:47:05 - INFO - utils.trainer -   Best model saved (val Loss=0.0197, epoch=17)
08/18/2026 02:47:05 - INFO - utils.trainer -   FT Epoch: 17/200, Train Loss: 0.05689, Val Loss: 0.01972, Val Loss: 0.0197, Best Loss: 0.0197, No improve: 0/10, Time: 2.5s
08/18/2026 02:47:08 - INFO - utils.trainer -   ***** Running regression evaluation on val0 dataset *****
08/18/2026 02:47:20 - INFO - utils.trainer -   Loss: 0.04445
08/18/2026 02:47:20 - INFO - utils.trainer -   MSE: 705.50275
08/18/2026 02:47:20 - INFO - utils.trainer -   MAE: 22.42967
08/18/2026 02:47:20 - INFO - utils.trainer -   RMSE: 26.56130
08/18/2026 02:47:20 - INFO - utils.trainer -   R2: -1.29250
08/18/2026 02:47:20 - INFO - utils.trainer -   PearsonR: -0.05913
08/18/2026 02:47:20 - INFO - utils.trainer -   FT Epoch: 18/200, Train Loss: 0.07540, Val Loss: 0.04445, Val Loss: 0.0444, Best Loss: 0.0197, No improve: 1/10, Time: 2.4s
08/18/2026 02:47:22 - INFO - utils.trainer -   ***** Running regression evaluation on val0 dataset *****
08/18/2026 02:47:34 - INFO - utils.trainer -   Loss: 0.01963
08/18/2026 02:47:34 - INFO - utils.trainer -   MSE: 309.71744
08/18/2026 02:47:34 - INFO - utils.trainer -   MAE: 14.43162
08/18/2026 02:47:34 - INFO - utils.trainer -   RMSE: 17.59879
08/18/2026 02:47:34 - INFO - utils.trainer -   R2: -0.00641
08/18/2026 02:47:34 - INFO - utils.trainer -   PearsonR: 0.01141
08/18/2026 02:47:34 - INFO - utils.trainer -   FT Epoch: 19/200, Train Loss: 0.09097, Val Loss: 0.01963, Val Loss: 0.0196, Best Loss: 0.0197, No improve: 2/10, Time: 2.4s
08/18/2026 02:47:37 - INFO - utils.trainer -   ***** Running regression evaluation on val0 dataset *****
08/18/2026 02:47:49 - INFO - utils.trainer -   Loss: 0.01971
08/18/2026 02:47:49 - INFO - utils.trainer -   MSE: 311.09354
08/18/2026 02:47:49 - INFO - utils.trainer -   MAE: 14.48267
08/18/2026 02:47:49 - INFO - utils.trainer -   RMSE: 17.63784
08/18/2026 02:47:49 - INFO - utils.trainer -   R2: -0.01088
08/18/2026 02:47:49 - INFO - utils.trainer -   PearsonR: 0.00334
08/18/2026 02:47:49 - INFO - utils.trainer -   FT Epoch: 20/200, Train Loss: 0.05510, Val Loss: 0.01971, Val Loss: 0.0197, Best Loss: 0.0197, No improve: 3/10, Time: 2.4s
08/18/2026 02:47:51 - INFO - utils.trainer -   ***** Running regression evaluation on val0 dataset *****
08/18/2026 02:48:03 - INFO - utils.trainer -   Loss: 0.02713
08/18/2026 02:48:03 - INFO - utils.trainer -   MSE: 429.77597
08/18/2026 02:48:03 - INFO - utils.trainer -   MAE: 17.13544
08/18/2026 02:48:03 - INFO - utils.trainer -   RMSE: 20.73104
08/18/2026 02:48:03 - INFO - utils.trainer -   R2: -0.39654
08/18/2026 02:48:03 - INFO - utils.trainer -   PearsonR: -0.04751
08/18/2026 02:48:03 - INFO - utils.trainer -   FT Epoch: 21/200, Train Loss: 0.05692, Val Loss: 0.02713, Val Loss: 0.0271, Best Loss: 0.0197, No improve: 4/10, Time: 2.4s
08/18/2026 02:48:06 - INFO - utils.trainer -   ***** Running regression evaluation on val0 dataset *****
08/18/2026 02:48:18 - INFO - utils.trainer -   Loss: 0.01957
08/18/2026 02:48:18 - INFO - utils.trainer -   MSE: 308.62604
08/18/2026 02:48:18 - INFO - utils.trainer -   MAE: 14.35031
08/18/2026 02:48:18 - INFO - utils.trainer -   RMSE: 17.56775
08/18/2026 02:48:18 - INFO - utils.trainer -   R2: -0.00287
08/18/2026 02:48:18 - INFO - utils.trainer -   PearsonR: 0.00316
08/18/2026 02:48:18 - INFO - utils.trainer -   Model saved to output_dir/TimeLLM_AgeTUAB_fewshot_best
08/18/2026 02:48:18 - INFO - utils.trainer -   Best model saved (val Loss=0.0196, epoch=22)
08/18/2026 02:48:18 - INFO - utils.trainer -   FT Epoch: 22/200, Train Loss: 0.05785, Val Loss: 0.01957, Val Loss: 0.0196, Best Loss: 0.0196, No improve: 0/10, Time: 2.4s
08/18/2026 02:48:21 - INFO - utils.trainer -   ***** Running regression evaluation on val0 dataset *****
08/18/2026 02:48:33 - INFO - utils.trainer -   Loss: 0.02532
08/18/2026 02:48:33 - INFO - utils.trainer -   MSE: 398.31903
08/18/2026 02:48:33 - INFO - utils.trainer -   MAE: 16.18367
08/18/2026 02:48:33 - INFO - utils.trainer -   RMSE: 19.95793
08/18/2026 02:48:33 - INFO - utils.trainer -   R2: -0.29432
08/18/2026 02:48:33 - INFO - utils.trainer -   PearsonR: 0.02947
08/18/2026 02:48:33 - INFO - utils.trainer -   FT Epoch: 23/200, Train Loss: 0.05421, Val Loss: 0.02532, Val Loss: 0.0253, Best Loss: 0.0196, No improve: 1/10, Time: 2.4s
08/18/2026 02:48:35 - INFO - utils.trainer -   ***** Running regression evaluation on val0 dataset *****
08/18/2026 02:48:47 - INFO - utils.trainer -   Loss: 0.02041
08/18/2026 02:48:47 - INFO - utils.trainer -   MSE: 322.43451
08/18/2026 02:48:47 - INFO - utils.trainer -   MAE: 14.79529
08/18/2026 02:48:47 - INFO - utils.trainer -   RMSE: 17.95646
08/18/2026 02:48:47 - INFO - utils.trainer -   R2: -0.04774
08/18/2026 02:48:47 - INFO - utils.trainer -   PearsonR: 0.00391
08/18/2026 02:48:47 - INFO - utils.trainer -   FT Epoch: 24/200, Train Loss: 0.08202, Val Loss: 0.02041, Val Loss: 0.0204, Best Loss: 0.0196, No improve: 2/10, Time: 2.5s
08/18/2026 02:48:50 - INFO - utils.trainer -   ***** Running regression evaluation on val0 dataset *****
08/18/2026 02:49:02 - INFO - utils.trainer -   Loss: 0.04028
08/18/2026 02:49:02 - INFO - utils.trainer -   MSE: 639.33380
08/18/2026 02:49:02 - INFO - utils.trainer -   MAE: 21.22594
08/18/2026 02:49:02 - INFO - utils.trainer -   RMSE: 25.28505
08/18/2026 02:49:02 - INFO - utils.trainer -   R2: -1.07749
08/18/2026 02:49:02 - INFO - utils.trainer -   PearsonR: 0.00752
08/18/2026 02:49:02 - INFO - utils.trainer -   FT Epoch: 25/200, Train Loss: 0.00801, Val Loss: 0.04028, Val Loss: 0.0403, Best Loss: 0.0196, No improve: 3/10, Time: 2.4s
08/18/2026 02:49:04 - INFO - utils.trainer -   ***** Running regression evaluation on val0 dataset *****
08/18/2026 02:49:16 - INFO - utils.trainer -   Loss: 0.02407
08/18/2026 02:49:16 - INFO - utils.trainer -   MSE: 380.98950
08/18/2026 02:49:16 - INFO - utils.trainer -   MAE: 16.08955
08/18/2026 02:49:16 - INFO - utils.trainer -   RMSE: 19.51895
08/18/2026 02:49:16 - INFO - utils.trainer -   R2: -0.23801
08/18/2026 02:49:16 - INFO - utils.trainer -   PearsonR: 0.00895
08/18/2026 02:49:16 - INFO - utils.trainer -   FT Epoch: 26/200, Train Loss: 0.03334, Val Loss: 0.02407, Val Loss: 0.0241, Best Loss: 0.0196, No improve: 4/10, Time: 2.3s
08/18/2026 02:49:18 - INFO - utils.trainer -   ***** Running regression evaluation on val0 dataset *****
08/18/2026 02:49:30 - INFO - utils.trainer -   Loss: 0.02454
08/18/2026 02:49:30 - INFO - utils.trainer -   MSE: 385.82898
08/18/2026 02:49:30 - INFO - utils.trainer -   MAE: 15.89240
08/18/2026 02:49:30 - INFO - utils.trainer -   RMSE: 19.64253
08/18/2026 02:49:30 - INFO - utils.trainer -   R2: -0.25373
08/18/2026 02:49:30 - INFO - utils.trainer -   PearsonR: -0.01391
08/18/2026 02:49:30 - INFO - utils.trainer -   FT Epoch: 27/200, Train Loss: 0.03126, Val Loss: 0.02454, Val Loss: 0.0245, Best Loss: 0.0196, No improve: 5/10, Time: 2.4s
08/18/2026 02:49:33 - INFO - utils.trainer -   ***** Running regression evaluation on val0 dataset *****
08/18/2026 02:49:45 - INFO - utils.trainer -   Loss: 0.02466
08/18/2026 02:49:45 - INFO - utils.trainer -   MSE: 390.44791
08/18/2026 02:49:45 - INFO - utils.trainer -   MAE: 16.30283
08/18/2026 02:49:45 - INFO - utils.trainer -   RMSE: 19.75975
08/18/2026 02:49:45 - INFO - utils.trainer -   R2: -0.26874
08/18/2026 02:49:45 - INFO - utils.trainer -   PearsonR: -0.05141
08/18/2026 02:49:45 - INFO - utils.trainer -   FT Epoch: 28/200, Train Loss: 0.03031, Val Loss: 0.02466, Val Loss: 0.0247, Best Loss: 0.0196, No improve: 6/10, Time: 2.4s
08/18/2026 02:49:47 - INFO - utils.trainer -   ***** Running regression evaluation on val0 dataset *****
08/18/2026 02:49:59 - INFO - utils.trainer -   Loss: 0.02947
08/18/2026 02:49:59 - INFO - utils.trainer -   MSE: 467.25674
08/18/2026 02:49:59 - INFO - utils.trainer -   MAE: 17.86584
08/18/2026 02:49:59 - INFO - utils.trainer -   RMSE: 21.61612
08/18/2026 02:49:59 - INFO - utils.trainer -   R2: -0.51833
08/18/2026 02:49:59 - INFO - utils.trainer -   PearsonR: -0.04132
08/18/2026 02:49:59 - INFO - utils.trainer -   FT Epoch: 29/200, Train Loss: 0.06497, Val Loss: 0.02947, Val Loss: 0.0295, Best Loss: 0.0196, No improve: 7/10, Time: 2.5s
08/18/2026 02:50:01 - INFO - utils.trainer -   ***** Running regression evaluation on val0 dataset *****
08/18/2026 02:50:13 - INFO - utils.trainer -   Loss: 0.01954
08/18/2026 02:50:13 - INFO - utils.trainer -   MSE: 308.23569
08/18/2026 02:50:13 - INFO - utils.trainer -   MAE: 14.41750
08/18/2026 02:50:13 - INFO - utils.trainer -   RMSE: 17.55664
08/18/2026 02:50:13 - INFO - utils.trainer -   R2: -0.00160
08/18/2026 02:50:13 - INFO - utils.trainer -   PearsonR: 0.02155
08/18/2026 02:50:13 - INFO - utils.trainer -   FT Epoch: 30/200, Train Loss: 0.02496, Val Loss: 0.01954, Val Loss: 0.0195, Best Loss: 0.0196, No improve: 8/10, Time: 2.3s
08/18/2026 02:50:16 - INFO - utils.trainer -   ***** Running regression evaluation on val0 dataset *****
08/18/2026 02:50:28 - INFO - utils.trainer -   Loss: 0.02266
08/18/2026 02:50:28 - INFO - utils.trainer -   MSE: 358.56641
08/18/2026 02:50:28 - INFO - utils.trainer -   MAE: 15.64972
08/18/2026 02:50:28 - INFO - utils.trainer -   RMSE: 18.93585
08/18/2026 02:50:28 - INFO - utils.trainer -   R2: -0.16515
08/18/2026 02:50:28 - INFO - utils.trainer -   PearsonR: -0.03836
08/18/2026 02:50:28 - INFO - utils.trainer -   FT Epoch: 31/200, Train Loss: 0.03373, Val Loss: 0.02266, Val Loss: 0.0227, Best Loss: 0.0196, No improve: 9/10, Time: 2.4s
08/18/2026 02:50:30 - INFO - utils.trainer -   ***** Running regression evaluation on val0 dataset *****
08/18/2026 02:50:43 - INFO - utils.trainer -   Loss: 0.02430
08/18/2026 02:50:43 - INFO - utils.trainer -   MSE: 382.13901
08/18/2026 02:50:43 - INFO - utils.trainer -   MAE: 15.86288
08/18/2026 02:50:43 - INFO - utils.trainer -   RMSE: 19.54838
08/18/2026 02:50:43 - INFO - utils.trainer -   R2: -0.24174
08/18/2026 02:50:43 - INFO - utils.trainer -   PearsonR: -0.02410
08/18/2026 02:50:43 - INFO - utils.trainer -   FT Epoch: 32/200, Train Loss: 0.08175, Val Loss: 0.02430, Val Loss: 0.0243, Best Loss: 0.0196, No improve: 10/10, Time: 2.4s
08/18/2026 02:50:43 - INFO - utils.trainer -   Early stopping triggered at epoch 32
08/18/2026 02:50:43 - INFO - utils.trainer -   Early stopping triggered at epoch 32
08/18/2026 02:50:43 - INFO - utils.trainer -   Early stopping triggered at epoch 32
08/18/2026 02:50:43 - INFO - utils.trainer -     2 prompt-buffer key(s) skipped (kept target-dataset prompt)
08/18/2026 02:50:43 - INFO - utils.trainer -     582 keys not in checkpoint (kept from init)
08/18/2026 02:50:43 - INFO - utils.trainer -   Model loaded from output_dir/TimeLLM_AgeTUAB_fewshot_best/TimeLLM-0.bin (21/23 keys)
08/18/2026 02:50:43 - INFO - utils.trainer -     2 prompt-buffer key(s) skipped (kept target-dataset prompt)
08/18/2026 02:50:43 - INFO - utils.trainer -     582 keys not in checkpoint (kept from init)
08/18/2026 02:50:43 - INFO - utils.trainer -   Model loaded from output_dir/TimeLLM_AgeTUAB_fewshot_best/TimeLLM-0.bin (21/23 keys)
08/18/2026 02:50:43 - INFO - utils.trainer -   Loaded best checkpoint from output_dir/TimeLLM_AgeTUAB_fewshot_best
08/18/2026 02:50:43 - INFO - utils.trainer -   ***** Running regression evaluation on test0 dataset *****
08/18/2026 02:50:43 - INFO - utils.trainer -     2 prompt-buffer key(s) skipped (kept target-dataset prompt)
08/18/2026 02:50:43 - INFO - utils.trainer -     582 keys not in checkpoint (kept from init)
08/18/2026 02:50:43 - INFO - utils.trainer -   Model loaded from output_dir/TimeLLM_AgeTUAB_fewshot_best/TimeLLM-0.bin (21/23 keys)
08/18/2026 02:50:55 - INFO - utils.trainer -   Loss: 0.02033
08/18/2026 02:50:55 - INFO - utils.trainer -   MSE: 324.67426
08/18/2026 02:50:55 - INFO - utils.trainer -   MAE: 15.00875
08/18/2026 02:50:55 - INFO - utils.trainer -   RMSE: 18.01872
08/18/2026 02:50:55 - INFO - utils.trainer -   R2: -0.00602
08/18/2026 02:50:55 - INFO - utils.trainer -   PearsonR: -0.02423
08/18/2026 02:50:55 - INFO - utils.trainer -   === Few-shot fine-tune test result ===
08/18/2026 02:50:55 - INFO - utils.trainer -     Loss: 0.02033
08/18/2026 02:50:55 - INFO - utils.trainer -     MSE: 324.67426
08/18/2026 02:50:55 - INFO - utils.trainer -     MAE: 15.00875
08/18/2026 02:50:55 - INFO - utils.trainer -     RMSE: 18.01872
08/18/2026 02:50:55 - INFO - utils.trainer -     R2: -0.00602
08/18/2026 02:50:55 - INFO - utils.trainer -     PearsonR: -0.02423
08/18/2026 02:50:55 - INFO - __main__ -   
============================================================
  5-shot (TimeLLM_AgeCAUEEG_train → AgeTUAB)  seed=42
============================================================
08/18/2026 02:50:55 - INFO - __main__ -     Loss           : 0.0203
08/18/2026 02:50:55 - INFO - __main__ -     MSE            : 324.6743
08/18/2026 02:50:55 - INFO - __main__ -     MAE            : 15.0087
08/18/2026 02:50:55 - INFO - __main__ -     RMSE           : 18.0187
08/18/2026 02:50:55 - INFO - __main__ -     R2             : -0.0060
08/18/2026 02:50:55 - INFO - __main__ -     PearsonR       : -0.0242
