07/30/2026 21:49:21 - INFO - __main__ -   ########## few-shot seed=42 ##########
07/30/2026 21:49:21 - INFO - __main__ -   ########## few-shot seed=42 ##########
07/30/2026 21:49:21 - INFO - __main__ -   ########## few-shot seed=42 ##########
07/30/2026 21:49:21 - INFO - __main__ -   ########## few-shot seed=42 ##########
07/30/2026 21:49:31 - INFO - root -   gcc -pthread -B /root/miniconda3/compiler_compat -fno-strict-overflow -DNDEBUG -O2 -Wall -fPIC -O2 -isystem /root/miniconda3/include -fPIC -O2 -isystem /root/miniconda3/include -fPIC -c /tmp/tmpf2tgfo1d/test.c -o /tmp/tmpf2tgfo1d/test.o
07/30/2026 21:49:31 - INFO - root -   gcc -pthread -B /root/miniconda3/compiler_compat /tmp/tmpf2tgfo1d/test.o -laio -o /tmp/tmpf2tgfo1d/a.out
07/30/2026 21:49:31 - INFO - root -   gcc -pthread -B /root/miniconda3/compiler_compat -fno-strict-overflow -DNDEBUG -O2 -Wall -fPIC -O2 -isystem /root/miniconda3/include -fPIC -O2 -isystem /root/miniconda3/include -fPIC -c /tmp/tmpl7z7b5yg/test.c -o /tmp/tmpl7z7b5yg/test.o
07/30/2026 21:49:31 - INFO - root -   gcc -pthread -B /root/miniconda3/compiler_compat /tmp/tmpl7z7b5yg/test.o -L/usr/local/cuda -L/usr/local/cuda/lib64 -lcufile -o /tmp/tmpl7z7b5yg/a.out
07/30/2026 21:49:31 - INFO - root -   gcc -pthread -B /root/miniconda3/compiler_compat -fno-strict-overflow -DNDEBUG -O2 -Wall -fPIC -O2 -isystem /root/miniconda3/include -fPIC -O2 -isystem /root/miniconda3/include -fPIC -c /tmp/tmpwmljxd80/test.c -o /tmp/tmpwmljxd80/test.o
07/30/2026 21:49:31 - INFO - root -   gcc -pthread -B /root/miniconda3/compiler_compat -fno-strict-overflow -DNDEBUG -O2 -Wall -fPIC -O2 -isystem /root/miniconda3/include -fPIC -O2 -isystem /root/miniconda3/include -fPIC -c /tmp/tmp766_7v9f/test.c -o /tmp/tmp766_7v9f/test.o
07/30/2026 21:49:31 - INFO - root -   gcc -pthread -B /root/miniconda3/compiler_compat /tmp/tmpwmljxd80/test.o -laio -o /tmp/tmpwmljxd80/a.out
07/30/2026 21:49:31 - INFO - root -   gcc -pthread -B /root/miniconda3/compiler_compat -fno-strict-overflow -DNDEBUG -O2 -Wall -fPIC -O2 -isystem /root/miniconda3/include -fPIC -O2 -isystem /root/miniconda3/include -fPIC -c /tmp/tmphdmevic4/test.c -o /tmp/tmphdmevic4/test.o
07/30/2026 21:49:31 - INFO - root -   gcc -pthread -B /root/miniconda3/compiler_compat /tmp/tmp766_7v9f/test.o -laio -o /tmp/tmp766_7v9f/a.out
07/30/2026 21:49:31 - INFO - root -   gcc -pthread -B /root/miniconda3/compiler_compat /tmp/tmphdmevic4/test.o -L/usr/local/cuda -L/usr/local/cuda/lib64 -lcufile -o /tmp/tmphdmevic4/a.out
07/30/2026 21:49:31 - INFO - root -   gcc -pthread -B /root/miniconda3/compiler_compat -fno-strict-overflow -DNDEBUG -O2 -Wall -fPIC -O2 -isystem /root/miniconda3/include -fPIC -O2 -isystem /root/miniconda3/include -fPIC -c /tmp/tmpzidxy_dg/test.c -o /tmp/tmpzidxy_dg/test.o
07/30/2026 21:49:31 - INFO - root -   gcc -pthread -B /root/miniconda3/compiler_compat /tmp/tmpzidxy_dg/test.o -L/usr/local/cuda -L/usr/local/cuda/lib64 -lcufile -o /tmp/tmpzidxy_dg/a.out
07/30/2026 21:49:31 - INFO - root -   gcc -pthread -B /root/miniconda3/compiler_compat -fno-strict-overflow -DNDEBUG -O2 -Wall -fPIC -O2 -isystem /root/miniconda3/include -fPIC -O2 -isystem /root/miniconda3/include -fPIC -c /tmp/tmpkfr9ddp6/test.c -o /tmp/tmpkfr9ddp6/test.o
07/30/2026 21:49:31 - INFO - root -   gcc -pthread -B /root/miniconda3/compiler_compat /tmp/tmpkfr9ddp6/test.o -laio -o /tmp/tmpkfr9ddp6/a.out
07/30/2026 21:49:31 - INFO - root -   gcc -pthread -B /root/miniconda3/compiler_compat -fno-strict-overflow -DNDEBUG -O2 -Wall -fPIC -O2 -isystem /root/miniconda3/include -fPIC -O2 -isystem /root/miniconda3/include -fPIC -c /tmp/tmpe2kfdazp/test.c -o /tmp/tmpe2kfdazp/test.o
07/30/2026 21:49:31 - INFO - root -   gcc -pthread -B /root/miniconda3/compiler_compat /tmp/tmpe2kfdazp/test.o -L/usr/local/cuda -L/usr/local/cuda/lib64 -lcufile -o /tmp/tmpe2kfdazp/a.out
07/30/2026 21:49:35 - INFO - utils.trainer -     582 keys not in checkpoint (kept from init)
07/30/2026 21:49:35 - INFO - utils.trainer -   Model loaded from ./output_dir/TimeLLM_DS_train/TimeLLM-0.bin (22/22 keys)
07/30/2026 21:49:35 - INFO - utils.trainer -     582 keys not in checkpoint (kept from init)
07/30/2026 21:49:35 - INFO - utils.trainer -   Model loaded from ./output_dir/TimeLLM_DS_train/TimeLLM-0.bin (22/22 keys)
07/30/2026 21:49:35 - INFO - utils.trainer -   ***** Running few-shot fine-tune (transfer) *****
07/30/2026 21:49:35 - INFO - utils.trainer -     Num train examples = 3
07/30/2026 21:49:35 - INFO - utils.trainer -     Num val   examples = 144
07/30/2026 21:49:35 - INFO - utils.trainer -     Num test  examples = 143
07/30/2026 21:49:35 - INFO - utils.trainer -     Max fine-tune epochs = 200
07/30/2026 21:49:35 - INFO - utils.trainer -     582 keys not in checkpoint (kept from init)
07/30/2026 21:49:35 - INFO - utils.trainer -   Model loaded from ./output_dir/TimeLLM_DS_train/TimeLLM-0.bin (22/22 keys)
07/30/2026 21:49:35 - INFO - utils.trainer -     Fine-tune lr = 1e-05
07/30/2026 21:49:35 - INFO - utils.trainer -     582 keys not in checkpoint (kept from init)
07/30/2026 21:49:35 - INFO - utils.trainer -   Model loaded from ./output_dir/TimeLLM_DS_train/TimeLLM-0.bin (22/22 keys)
07/30/2026 21:49:38 - INFO - utils.trainer -   ***** Running evaluation on val dataset *****
07/30/2026 21:49:57 - INFO - utils.trainer -   Loss: 0.69767
07/30/2026 21:49:57 - INFO - utils.trainer -   AUC: 0.51497
07/30/2026 21:49:57 - INFO - utils.trainer -   Accuracy: 0.49132
07/30/2026 21:49:57 - INFO - utils.trainer -   Precision: 0.55439
07/30/2026 21:49:57 - INFO - utils.trainer -   Specificity: 0.76262
07/30/2026 21:49:57 - INFO - utils.trainer -   Sensitivity: 0.25608
07/30/2026 21:49:57 - INFO - utils.trainer -   Model saved to output_dir/TimeLLM_CAUEEG2_fewshot_best
07/30/2026 21:49:57 - INFO - utils.trainer -   Best model saved (val AUC=0.5150, epoch=1)
07/30/2026 21:49:57 - INFO - utils.trainer -   FT Epoch: 1/200, Train Loss: 0.65232, Val Loss: 0.69767, Val AUC: 0.5150, Best AUC: 0.5150, No improve: 0/25, Time: 2.8s
07/30/2026 21:49:59 - INFO - utils.trainer -   ***** Running evaluation on val dataset *****
07/30/2026 21:50:18 - INFO - utils.trainer -   Loss: 0.69389
07/30/2026 21:50:18 - INFO - utils.trainer -   AUC: 0.51255
07/30/2026 21:50:18 - INFO - utils.trainer -   Accuracy: 0.50087
07/30/2026 21:50:18 - INFO - utils.trainer -   Precision: 0.54526
07/30/2026 21:50:18 - INFO - utils.trainer -   Specificity: 0.60561
07/30/2026 21:50:18 - INFO - utils.trainer -   Sensitivity: 0.41005
07/30/2026 21:50:18 - INFO - utils.trainer -   FT Epoch: 2/200, Train Loss: 0.71415, Val Loss: 0.69389, Val AUC: 0.5126, Best AUC: 0.5150, No improve: 1/25, Time: 2.0s
07/30/2026 21:50:20 - INFO - utils.trainer -   ***** Running evaluation on val dataset *****
07/30/2026 21:50:39 - INFO - utils.trainer -   Loss: 0.74884
07/30/2026 21:50:39 - INFO - utils.trainer -   AUC: 0.51494
07/30/2026 21:50:39 - INFO - utils.trainer -   Accuracy: 0.53559
07/30/2026 21:50:39 - INFO - utils.trainer -   Precision: 0.53559
07/30/2026 21:50:39 - INFO - utils.trainer -   Specificity: 0.00000
07/30/2026 21:50:39 - INFO - utils.trainer -   Sensitivity: 1.00000
07/30/2026 21:50:39 - INFO - utils.trainer -   FT Epoch: 3/200, Train Loss: 0.74855, Val Loss: 0.74884, Val AUC: 0.5149, Best AUC: 0.5150, No improve: 2/25, Time: 1.8s
07/30/2026 21:50:41 - INFO - utils.trainer -   ***** Running evaluation on val dataset *****
07/30/2026 21:51:00 - INFO - utils.trainer -   Loss: 0.79176
07/30/2026 21:51:00 - INFO - utils.trainer -   AUC: 0.52562
07/30/2026 21:51:00 - INFO - utils.trainer -   Accuracy: 0.53559
07/30/2026 21:51:00 - INFO - utils.trainer -   Precision: 0.53559
07/30/2026 21:51:00 - INFO - utils.trainer -   Specificity: 0.00000
07/30/2026 21:51:00 - INFO - utils.trainer -   Sensitivity: 1.00000
07/30/2026 21:51:01 - INFO - utils.trainer -   Model saved to output_dir/TimeLLM_CAUEEG2_fewshot_best
07/30/2026 21:51:01 - INFO - utils.trainer -   Best model saved (val AUC=0.5256, epoch=4)
07/30/2026 21:51:01 - INFO - utils.trainer -   FT Epoch: 4/200, Train Loss: 0.62480, Val Loss: 0.79176, Val AUC: 0.5256, Best AUC: 0.5256, No improve: 0/25, Time: 2.0s
07/30/2026 21:51:03 - INFO - utils.trainer -   ***** Running evaluation on val dataset *****
07/30/2026 21:51:22 - INFO - utils.trainer -   Loss: 0.81068
07/30/2026 21:51:22 - INFO - utils.trainer -   AUC: 0.52549
07/30/2026 21:51:22 - INFO - utils.trainer -   Accuracy: 0.53559
07/30/2026 21:51:22 - INFO - utils.trainer -   Precision: 0.53559
07/30/2026 21:51:22 - INFO - utils.trainer -   Specificity: 0.00000
07/30/2026 21:51:22 - INFO - utils.trainer -   Sensitivity: 1.00000
07/30/2026 21:51:22 - INFO - utils.trainer -   FT Epoch: 5/200, Train Loss: 0.45385, Val Loss: 0.81068, Val AUC: 0.5255, Best AUC: 0.5256, No improve: 1/25, Time: 1.9s
07/30/2026 21:51:24 - INFO - utils.trainer -   ***** Running evaluation on val dataset *****
07/30/2026 21:51:43 - INFO - utils.trainer -   Loss: 0.70627
07/30/2026 21:51:43 - INFO - utils.trainer -   AUC: 0.52790
07/30/2026 21:51:43 - INFO - utils.trainer -   Accuracy: 0.53559
07/30/2026 21:51:43 - INFO - utils.trainer -   Precision: 0.53559
07/30/2026 21:51:43 - INFO - utils.trainer -   Specificity: 0.00000
07/30/2026 21:51:43 - INFO - utils.trainer -   Sensitivity: 1.00000
07/30/2026 21:51:44 - INFO - utils.trainer -   Model saved to output_dir/TimeLLM_CAUEEG2_fewshot_best
07/30/2026 21:51:44 - INFO - utils.trainer -   Best model saved (val AUC=0.5279, epoch=6)
07/30/2026 21:51:44 - INFO - utils.trainer -   FT Epoch: 6/200, Train Loss: 0.85010, Val Loss: 0.70627, Val AUC: 0.5279, Best AUC: 0.5279, No improve: 0/25, Time: 2.1s
07/30/2026 21:51:46 - INFO - utils.trainer -   ***** Running evaluation on val dataset *****
07/30/2026 21:52:04 - INFO - utils.trainer -   Loss: 0.70737
07/30/2026 21:52:04 - INFO - utils.trainer -   AUC: 0.53034
07/30/2026 21:52:04 - INFO - utils.trainer -   Accuracy: 0.46267
07/30/2026 21:52:04 - INFO - utils.trainer -   Precision: 0.00000
07/30/2026 21:52:04 - INFO - utils.trainer -   Specificity: 0.99626
07/30/2026 21:52:04 - INFO - utils.trainer -   Sensitivity: 0.00000
07/30/2026 21:52:05 - INFO - utils.trainer -   Model saved to output_dir/TimeLLM_CAUEEG2_fewshot_best
07/30/2026 21:52:05 - INFO - utils.trainer -   Best model saved (val AUC=0.5303, epoch=7)
07/30/2026 21:52:05 - INFO - utils.trainer -   FT Epoch: 7/200, Train Loss: 0.60037, Val Loss: 0.70737, Val AUC: 0.5303, Best AUC: 0.5303, No improve: 0/25, Time: 2.1s
07/30/2026 21:52:08 - INFO - utils.trainer -   ***** Running evaluation on val dataset *****
07/30/2026 21:52:26 - INFO - utils.trainer -   Loss: 0.70219
07/30/2026 21:52:26 - INFO - utils.trainer -   AUC: 0.54034
07/30/2026 21:52:26 - INFO - utils.trainer -   Accuracy: 0.46181
07/30/2026 21:52:26 - INFO - utils.trainer -   Precision: 0.20000
07/30/2026 21:52:26 - INFO - utils.trainer -   Specificity: 0.99252
07/30/2026 21:52:26 - INFO - utils.trainer -   Sensitivity: 0.00162
07/30/2026 21:52:27 - INFO - utils.trainer -   Model saved to output_dir/TimeLLM_CAUEEG2_fewshot_best
07/30/2026 21:52:27 - INFO - utils.trainer -   Best model saved (val AUC=0.5403, epoch=8)
07/30/2026 21:52:27 - INFO - utils.trainer -   FT Epoch: 8/200, Train Loss: 0.80455, Val Loss: 0.70219, Val AUC: 0.5403, Best AUC: 0.5403, No improve: 0/25, Time: 2.1s
07/30/2026 21:52:29 - INFO - utils.trainer -   ***** Running evaluation on val dataset *****
07/30/2026 21:52:48 - INFO - utils.trainer -   Loss: 0.72878
07/30/2026 21:52:48 - INFO - utils.trainer -   AUC: 0.54042
07/30/2026 21:52:48 - INFO - utils.trainer -   Accuracy: 0.53559
07/30/2026 21:52:48 - INFO - utils.trainer -   Precision: 0.53559
07/30/2026 21:52:48 - INFO - utils.trainer -   Specificity: 0.00000
07/30/2026 21:52:48 - INFO - utils.trainer -   Sensitivity: 1.00000
07/30/2026 21:52:48 - INFO - utils.trainer -   FT Epoch: 9/200, Train Loss: 0.58826, Val Loss: 0.72878, Val AUC: 0.5404, Best AUC: 0.5403, No improve: 1/25, Time: 2.0s
07/30/2026 21:52:50 - INFO - utils.trainer -   ***** Running evaluation on val dataset *****
07/30/2026 21:53:09 - INFO - utils.trainer -   Loss: 0.76517
07/30/2026 21:53:09 - INFO - utils.trainer -   AUC: 0.54340
07/30/2026 21:53:09 - INFO - utils.trainer -   Accuracy: 0.53559
07/30/2026 21:53:09 - INFO - utils.trainer -   Precision: 0.53559
07/30/2026 21:53:09 - INFO - utils.trainer -   Specificity: 0.00000
07/30/2026 21:53:09 - INFO - utils.trainer -   Sensitivity: 1.00000
07/30/2026 21:53:10 - INFO - utils.trainer -   Model saved to output_dir/TimeLLM_CAUEEG2_fewshot_best
07/30/2026 21:53:10 - INFO - utils.trainer -   Best model saved (val AUC=0.5434, epoch=10)
07/30/2026 21:53:10 - INFO - utils.trainer -   FT Epoch: 10/200, Train Loss: 0.65766, Val Loss: 0.76517, Val AUC: 0.5434, Best AUC: 0.5434, No improve: 0/25, Time: 2.0s
07/30/2026 21:53:12 - INFO - utils.trainer -   ***** Running evaluation on val dataset *****
07/30/2026 21:53:31 - INFO - utils.trainer -   Loss: 0.71036
07/30/2026 21:53:31 - INFO - utils.trainer -   AUC: 0.52609
07/30/2026 21:53:31 - INFO - utils.trainer -   Accuracy: 0.53559
07/30/2026 21:53:31 - INFO - utils.trainer -   Precision: 0.53559
07/30/2026 21:53:31 - INFO - utils.trainer -   Specificity: 0.00000
07/30/2026 21:53:31 - INFO - utils.trainer -   Sensitivity: 1.00000
07/30/2026 21:53:31 - INFO - utils.trainer -   FT Epoch: 11/200, Train Loss: 0.84889, Val Loss: 0.71036, Val AUC: 0.5261, Best AUC: 0.5434, No improve: 1/25, Time: 2.0s
07/30/2026 21:53:33 - INFO - utils.trainer -   ***** Running evaluation on val dataset *****
07/30/2026 21:53:52 - INFO - utils.trainer -   Loss: 0.68986
07/30/2026 21:53:52 - INFO - utils.trainer -   AUC: 0.53164
07/30/2026 21:53:52 - INFO - utils.trainer -   Accuracy: 0.53299
07/30/2026 21:53:52 - INFO - utils.trainer -   Precision: 0.53524
07/30/2026 21:53:52 - INFO - utils.trainer -   Specificity: 0.02617
07/30/2026 21:53:52 - INFO - utils.trainer -   Sensitivity: 0.97245
07/30/2026 21:53:52 - INFO - utils.trainer -   FT Epoch: 12/200, Train Loss: 0.57189, Val Loss: 0.68986, Val AUC: 0.5316, Best AUC: 0.5434, No improve: 2/25, Time: 2.0s
07/30/2026 21:53:54 - INFO - utils.trainer -   ***** Running evaluation on val dataset *****
07/30/2026 21:54:13 - INFO - utils.trainer -   Loss: 0.69016
07/30/2026 21:54:13 - INFO - utils.trainer -   AUC: 0.52117
07/30/2026 21:54:13 - INFO - utils.trainer -   Accuracy: 0.53559
07/30/2026 21:54:13 - INFO - utils.trainer -   Precision: 0.53694
07/30/2026 21:54:13 - INFO - utils.trainer -   Specificity: 0.03925
07/30/2026 21:54:13 - INFO - utils.trainer -   Sensitivity: 0.96596
07/30/2026 21:54:13 - INFO - utils.trainer -   FT Epoch: 13/200, Train Loss: 0.73295, Val Loss: 0.69016, Val AUC: 0.5212, Best AUC: 0.5434, No improve: 3/25, Time: 2.0s
07/30/2026 21:54:15 - INFO - utils.trainer -   ***** Running evaluation on val dataset *****
07/30/2026 21:54:34 - INFO - utils.trainer -   Loss: 0.69485
07/30/2026 21:54:34 - INFO - utils.trainer -   AUC: 0.51838
07/30/2026 21:54:34 - INFO - utils.trainer -   Accuracy: 0.53559
07/30/2026 21:54:34 - INFO - utils.trainer -   Precision: 0.53565
07/30/2026 21:54:34 - INFO - utils.trainer -   Specificity: 0.00187
07/30/2026 21:54:34 - INFO - utils.trainer -   Sensitivity: 0.99838
07/30/2026 21:54:34 - INFO - utils.trainer -   FT Epoch: 14/200, Train Loss: 0.62602, Val Loss: 0.69485, Val AUC: 0.5184, Best AUC: 0.5434, No improve: 4/25, Time: 2.1s
07/30/2026 21:54:36 - INFO - utils.trainer -   ***** Running evaluation on val dataset *****
07/30/2026 21:54:55 - INFO - utils.trainer -   Loss: 0.69974
07/30/2026 21:54:55 - INFO - utils.trainer -   AUC: 0.54415
07/30/2026 21:54:55 - INFO - utils.trainer -   Accuracy: 0.53472
07/30/2026 21:54:55 - INFO - utils.trainer -   Precision: 0.53519
07/30/2026 21:54:55 - INFO - utils.trainer -   Specificity: 0.00000
07/30/2026 21:54:55 - INFO - utils.trainer -   Sensitivity: 0.99838
07/30/2026 21:54:55 - INFO - utils.trainer -   FT Epoch: 15/200, Train Loss: 0.66356, Val Loss: 0.69974, Val AUC: 0.5441, Best AUC: 0.5434, No improve: 5/25, Time: 2.1s
07/30/2026 21:54:57 - INFO - utils.trainer -   ***** Running evaluation on val dataset *****
07/30/2026 21:55:16 - INFO - utils.trainer -   Loss: 0.70607
07/30/2026 21:55:16 - INFO - utils.trainer -   AUC: 0.52298
07/30/2026 21:55:16 - INFO - utils.trainer -   Accuracy: 0.53559
07/30/2026 21:55:16 - INFO - utils.trainer -   Precision: 0.53559
07/30/2026 21:55:16 - INFO - utils.trainer -   Specificity: 0.00000
07/30/2026 21:55:16 - INFO - utils.trainer -   Sensitivity: 1.00000
07/30/2026 21:55:16 - INFO - utils.trainer -   FT Epoch: 16/200, Train Loss: 0.64655, Val Loss: 0.70607, Val AUC: 0.5230, Best AUC: 0.5434, No improve: 6/25, Time: 2.0s
07/30/2026 21:55:18 - INFO - utils.trainer -   ***** Running evaluation on val dataset *****
07/30/2026 21:55:37 - INFO - utils.trainer -   Loss: 0.70903
07/30/2026 21:55:37 - INFO - utils.trainer -   AUC: 0.52563
07/30/2026 21:55:37 - INFO - utils.trainer -   Accuracy: 0.53559
07/30/2026 21:55:37 - INFO - utils.trainer -   Precision: 0.53559
07/30/2026 21:55:37 - INFO - utils.trainer -   Specificity: 0.00000
07/30/2026 21:55:37 - INFO - utils.trainer -   Sensitivity: 1.00000
07/30/2026 21:55:37 - INFO - utils.trainer -   FT Epoch: 17/200, Train Loss: 0.53625, Val Loss: 0.70903, Val AUC: 0.5256, Best AUC: 0.5434, No improve: 7/25, Time: 2.2s
07/30/2026 21:55:39 - INFO - utils.trainer -   ***** Running evaluation on val dataset *****
07/30/2026 21:55:58 - INFO - utils.trainer -   Loss: 0.69742
07/30/2026 21:55:58 - INFO - utils.trainer -   AUC: 0.52109
07/30/2026 21:55:58 - INFO - utils.trainer -   Accuracy: 0.53559
07/30/2026 21:55:58 - INFO - utils.trainer -   Precision: 0.53565
07/30/2026 21:55:58 - INFO - utils.trainer -   Specificity: 0.00187
07/30/2026 21:55:58 - INFO - utils.trainer -   Sensitivity: 0.99838
07/30/2026 21:55:58 - INFO - utils.trainer -   FT Epoch: 18/200, Train Loss: 0.83607, Val Loss: 0.69742, Val AUC: 0.5211, Best AUC: 0.5434, No improve: 8/25, Time: 2.0s
07/30/2026 21:56:00 - INFO - utils.trainer -   ***** Running evaluation on val dataset *****
07/30/2026 21:56:19 - INFO - utils.trainer -   Loss: 0.68998
07/30/2026 21:56:19 - INFO - utils.trainer -   AUC: 0.52647
07/30/2026 21:56:19 - INFO - utils.trainer -   Accuracy: 0.53906
07/30/2026 21:56:19 - INFO - utils.trainer -   Precision: 0.53989
07/30/2026 21:56:19 - INFO - utils.trainer -   Specificity: 0.07290
07/30/2026 21:56:19 - INFO - utils.trainer -   Sensitivity: 0.94327
07/30/2026 21:56:19 - INFO - utils.trainer -   FT Epoch: 19/200, Train Loss: 0.66584, Val Loss: 0.68998, Val AUC: 0.5265, Best AUC: 0.5434, No improve: 9/25, Time: 2.1s
07/30/2026 21:56:21 - INFO - utils.trainer -   ***** Running evaluation on val dataset *****
07/30/2026 21:56:40 - INFO - utils.trainer -   Loss: 0.68947
07/30/2026 21:56:40 - INFO - utils.trainer -   AUC: 0.53420
07/30/2026 21:56:40 - INFO - utils.trainer -   Accuracy: 0.54340
07/30/2026 21:56:40 - INFO - utils.trainer -   Precision: 0.54194
07/30/2026 21:56:40 - INFO - utils.trainer -   Specificity: 0.07103
07/30/2026 21:56:40 - INFO - utils.trainer -   Sensitivity: 0.95300
07/30/2026 21:56:40 - INFO - utils.trainer -   FT Epoch: 20/200, Train Loss: 0.73303, Val Loss: 0.68947, Val AUC: 0.5342, Best AUC: 0.5434, No improve: 10/25, Time: 1.9s
07/30/2026 21:56:42 - INFO - utils.trainer -   ***** Running evaluation on val dataset *****
07/30/2026 21:57:00 - INFO - utils.trainer -   Loss: 0.69488
07/30/2026 21:57:00 - INFO - utils.trainer -   AUC: 0.53822
07/30/2026 21:57:00 - INFO - utils.trainer -   Accuracy: 0.53472
07/30/2026 21:57:00 - INFO - utils.trainer -   Precision: 0.53519
07/30/2026 21:57:00 - INFO - utils.trainer -   Specificity: 0.00000
07/30/2026 21:57:00 - INFO - utils.trainer -   Sensitivity: 0.99838
07/30/2026 21:57:00 - INFO - utils.trainer -   FT Epoch: 21/200, Train Loss: 0.66402, Val Loss: 0.69488, Val AUC: 0.5382, Best AUC: 0.5434, No improve: 11/25, Time: 2.1s
07/30/2026 21:57:02 - INFO - utils.trainer -   ***** Running evaluation on val dataset *****
07/30/2026 21:57:21 - INFO - utils.trainer -   Loss: 0.71381
07/30/2026 21:57:21 - INFO - utils.trainer -   AUC: 0.52617
07/30/2026 21:57:21 - INFO - utils.trainer -   Accuracy: 0.53559
07/30/2026 21:57:21 - INFO - utils.trainer -   Precision: 0.53559
07/30/2026 21:57:21 - INFO - utils.trainer -   Specificity: 0.00000
07/30/2026 21:57:21 - INFO - utils.trainer -   Sensitivity: 1.00000
07/30/2026 21:57:21 - INFO - utils.trainer -   FT Epoch: 22/200, Train Loss: 0.44024, Val Loss: 0.71381, Val AUC: 0.5262, Best AUC: 0.5434, No improve: 12/25, Time: 1.9s
07/30/2026 21:57:23 - INFO - utils.trainer -   ***** Running evaluation on val dataset *****
07/30/2026 21:57:42 - INFO - utils.trainer -   Loss: 0.71033
07/30/2026 21:57:42 - INFO - utils.trainer -   AUC: 0.52680
07/30/2026 21:57:42 - INFO - utils.trainer -   Accuracy: 0.53559
07/30/2026 21:57:42 - INFO - utils.trainer -   Precision: 0.53559
07/30/2026 21:57:42 - INFO - utils.trainer -   Specificity: 0.00000
07/30/2026 21:57:42 - INFO - utils.trainer -   Sensitivity: 1.00000
07/30/2026 21:57:42 - INFO - utils.trainer -   FT Epoch: 23/200, Train Loss: 0.89606, Val Loss: 0.71033, Val AUC: 0.5268, Best AUC: 0.5434, No improve: 13/25, Time: 2.0s
07/30/2026 21:57:44 - INFO - utils.trainer -   ***** Running evaluation on val dataset *****
07/30/2026 21:58:03 - INFO - utils.trainer -   Loss: 0.70448
07/30/2026 21:58:03 - INFO - utils.trainer -   AUC: 0.52465
07/30/2026 21:58:03 - INFO - utils.trainer -   Accuracy: 0.53472
07/30/2026 21:58:03 - INFO - utils.trainer -   Precision: 0.53519
07/30/2026 21:58:03 - INFO - utils.trainer -   Specificity: 0.00000
07/30/2026 21:58:03 - INFO - utils.trainer -   Sensitivity: 0.99838
07/30/2026 21:58:03 - INFO - utils.trainer -   FT Epoch: 24/200, Train Loss: 0.51375, Val Loss: 0.70448, Val AUC: 0.5247, Best AUC: 0.5434, No improve: 14/25, Time: 2.0s
07/30/2026 21:58:05 - INFO - utils.trainer -   ***** Running evaluation on val dataset *****
07/30/2026 21:58:24 - INFO - utils.trainer -   Loss: 0.69646
07/30/2026 21:58:24 - INFO - utils.trainer -   AUC: 0.52458
07/30/2026 21:58:24 - INFO - utils.trainer -   Accuracy: 0.53559
07/30/2026 21:58:24 - INFO - utils.trainer -   Precision: 0.53571
07/30/2026 21:58:24 - INFO - utils.trainer -   Specificity: 0.00374
07/30/2026 21:58:24 - INFO - utils.trainer -   Sensitivity: 0.99676
07/30/2026 21:58:24 - INFO - utils.trainer -   FT Epoch: 25/200, Train Loss: 0.71550, Val Loss: 0.69646, Val AUC: 0.5246, Best AUC: 0.5434, No improve: 15/25, Time: 2.1s
07/30/2026 21:58:26 - INFO - utils.trainer -   ***** Running evaluation on val dataset *****
07/30/2026 21:58:45 - INFO - utils.trainer -   Loss: 0.70584
07/30/2026 21:58:45 - INFO - utils.trainer -   AUC: 0.52443
07/30/2026 21:58:45 - INFO - utils.trainer -   Accuracy: 0.53559
07/30/2026 21:58:45 - INFO - utils.trainer -   Precision: 0.53559
07/30/2026 21:58:45 - INFO - utils.trainer -   Specificity: 0.00000
07/30/2026 21:58:45 - INFO - utils.trainer -   Sensitivity: 1.00000
07/30/2026 21:58:45 - INFO - utils.trainer -   FT Epoch: 26/200, Train Loss: 0.65776, Val Loss: 0.70584, Val AUC: 0.5244, Best AUC: 0.5434, No improve: 16/25, Time: 2.1s
07/30/2026 21:58:47 - INFO - utils.trainer -   ***** Running evaluation on val dataset *****
07/30/2026 21:59:06 - INFO - utils.trainer -   Loss: 0.69741
07/30/2026 21:59:06 - INFO - utils.trainer -   AUC: 0.52384
07/30/2026 21:59:06 - INFO - utils.trainer -   Accuracy: 0.53472
07/30/2026 21:59:06 - INFO - utils.trainer -   Precision: 0.53519
07/30/2026 21:59:06 - INFO - utils.trainer -   Specificity: 0.00000
07/30/2026 21:59:06 - INFO - utils.trainer -   Sensitivity: 0.99838
07/30/2026 21:59:06 - INFO - utils.trainer -   FT Epoch: 27/200, Train Loss: 0.53071, Val Loss: 0.69741, Val AUC: 0.5238, Best AUC: 0.5434, No improve: 17/25, Time: 2.2s
07/30/2026 21:59:08 - INFO - utils.trainer -   ***** Running evaluation on val dataset *****
07/30/2026 21:59:27 - INFO - utils.trainer -   Loss: 0.69093
07/30/2026 21:59:27 - INFO - utils.trainer -   AUC: 0.52070
07/30/2026 21:59:27 - INFO - utils.trainer -   Accuracy: 0.52691
07/30/2026 21:59:27 - INFO - utils.trainer -   Precision: 0.54369
07/30/2026 21:59:27 - INFO - utils.trainer -   Specificity: 0.29720
07/30/2026 21:59:27 - INFO - utils.trainer -   Sensitivity: 0.72609
07/30/2026 21:59:27 - INFO - utils.trainer -   FT Epoch: 28/200, Train Loss: 0.73181, Val Loss: 0.69093, Val AUC: 0.5207, Best AUC: 0.5434, No improve: 18/25, Time: 2.0s
07/30/2026 21:59:29 - INFO - utils.trainer -   ***** Running evaluation on val dataset *****
07/30/2026 21:59:48 - INFO - utils.trainer -   Loss: 0.69130
07/30/2026 21:59:48 - INFO - utils.trainer -   AUC: 0.51295
07/30/2026 21:59:48 - INFO - utils.trainer -   Accuracy: 0.54253
07/30/2026 21:59:48 - INFO - utils.trainer -   Precision: 0.54011
07/30/2026 21:59:48 - INFO - utils.trainer -   Specificity: 0.03551
07/30/2026 21:59:48 - INFO - utils.trainer -   Sensitivity: 0.98217
07/30/2026 21:59:48 - INFO - utils.trainer -   FT Epoch: 29/200, Train Loss: 0.60776, Val Loss: 0.69130, Val AUC: 0.5130, Best AUC: 0.5434, No improve: 19/25, Time: 2.0s
07/30/2026 21:59:50 - INFO - utils.trainer -   ***** Running evaluation on val dataset *****
07/30/2026 22:00:09 - INFO - utils.trainer -   Loss: 0.72773
07/30/2026 22:00:09 - INFO - utils.trainer -   AUC: 0.52422
07/30/2026 22:00:09 - INFO - utils.trainer -   Accuracy: 0.53559
07/30/2026 22:00:09 - INFO - utils.trainer -   Precision: 0.53559
07/30/2026 22:00:09 - INFO - utils.trainer -   Specificity: 0.00000
07/30/2026 22:00:09 - INFO - utils.trainer -   Sensitivity: 1.00000
07/30/2026 22:00:09 - INFO - utils.trainer -   FT Epoch: 30/200, Train Loss: 0.64909, Val Loss: 0.72773, Val AUC: 0.5242, Best AUC: 0.5434, No improve: 20/25, Time: 2.0s
07/30/2026 22:00:11 - INFO - utils.trainer -   ***** Running evaluation on val dataset *****
07/30/2026 22:00:30 - INFO - utils.trainer -   Loss: 0.72749
07/30/2026 22:00:30 - INFO - utils.trainer -   AUC: 0.52116
07/30/2026 22:00:30 - INFO - utils.trainer -   Accuracy: 0.53559
07/30/2026 22:00:30 - INFO - utils.trainer -   Precision: 0.53559
07/30/2026 22:00:30 - INFO - utils.trainer -   Specificity: 0.00000
07/30/2026 22:00:30 - INFO - utils.trainer -   Sensitivity: 1.00000
07/30/2026 22:00:30 - INFO - utils.trainer -   FT Epoch: 31/200, Train Loss: 0.78847, Val Loss: 0.72749, Val AUC: 0.5212, Best AUC: 0.5434, No improve: 21/25, Time: 2.0s
07/30/2026 22:00:32 - INFO - utils.trainer -   ***** Running evaluation on val dataset *****
07/30/2026 22:00:52 - INFO - utils.trainer -   Loss: 0.69034
07/30/2026 22:00:52 - INFO - utils.trainer -   AUC: 0.51859
07/30/2026 22:00:52 - INFO - utils.trainer -   Accuracy: 0.53385
07/30/2026 22:00:52 - INFO - utils.trainer -   Precision: 0.53745
07/30/2026 22:00:52 - INFO - utils.trainer -   Specificity: 0.07664
07/30/2026 22:00:52 - INFO - utils.trainer -   Sensitivity: 0.93031
07/30/2026 22:00:52 - INFO - utils.trainer -   FT Epoch: 32/200, Train Loss: 0.55646, Val Loss: 0.69034, Val AUC: 0.5186, Best AUC: 0.5434, No improve: 22/25, Time: 2.1s
07/30/2026 22:00:54 - INFO - utils.trainer -   ***** Running evaluation on val dataset *****
07/30/2026 22:01:12 - INFO - utils.trainer -   Loss: 0.69311
07/30/2026 22:01:12 - INFO - utils.trainer -   AUC: 0.51517
07/30/2026 22:01:12 - INFO - utils.trainer -   Accuracy: 0.51389
07/30/2026 22:01:12 - INFO - utils.trainer -   Precision: 0.54939
07/30/2026 22:01:12 - INFO - utils.trainer -   Specificity: 0.51402
07/30/2026 22:01:12 - INFO - utils.trainer -   Sensitivity: 0.51378
07/30/2026 22:01:12 - INFO - utils.trainer -   FT Epoch: 33/200, Train Loss: 0.65715, Val Loss: 0.69311, Val AUC: 0.5152, Best AUC: 0.5434, No improve: 23/25, Time: 2.0s
07/30/2026 22:01:14 - INFO - utils.trainer -   ***** Running evaluation on val dataset *****
07/30/2026 22:01:33 - INFO - utils.trainer -   Loss: 0.72941
07/30/2026 22:01:33 - INFO - utils.trainer -   AUC: 0.51546
07/30/2026 22:01:33 - INFO - utils.trainer -   Accuracy: 0.53559
07/30/2026 22:01:33 - INFO - utils.trainer -   Precision: 0.53559
07/30/2026 22:01:33 - INFO - utils.trainer -   Specificity: 0.00000
07/30/2026 22:01:33 - INFO - utils.trainer -   Sensitivity: 1.00000
07/30/2026 22:01:33 - INFO - utils.trainer -   FT Epoch: 34/200, Train Loss: 0.65655, Val Loss: 0.72941, Val AUC: 0.5155, Best AUC: 0.5434, No improve: 24/25, Time: 2.0s
07/30/2026 22:01:36 - INFO - utils.trainer -   ***** Running evaluation on val dataset *****
07/30/2026 22:01:54 - INFO - utils.trainer -   Loss: 0.76964
07/30/2026 22:01:54 - INFO - utils.trainer -   AUC: 0.51889
07/30/2026 22:01:54 - INFO - utils.trainer -   Accuracy: 0.53559
07/30/2026 22:01:54 - INFO - utils.trainer -   Precision: 0.53559
07/30/2026 22:01:54 - INFO - utils.trainer -   Specificity: 0.00000
07/30/2026 22:01:54 - INFO - utils.trainer -   Sensitivity: 1.00000
07/30/2026 22:01:54 - INFO - utils.trainer -   FT Epoch: 35/200, Train Loss: 0.46729, Val Loss: 0.76964, Val AUC: 0.5189, Best AUC: 0.5434, No improve: 25/25, Time: 2.1s
07/30/2026 22:01:54 - INFO - utils.trainer -   Early stopping triggered at epoch 35
07/30/2026 22:01:54 - INFO - utils.trainer -   Early stopping triggered at epoch 35
07/30/2026 22:01:54 - INFO - utils.trainer -   Early stopping triggered at epoch 35
07/30/2026 22:01:54 - INFO - utils.trainer -   Early stopping triggered at epoch 35
07/30/2026 22:01:55 - INFO - utils.trainer -     582 keys not in checkpoint (kept from init)
07/30/2026 22:01:55 - INFO - utils.trainer -   Model loaded from output_dir/TimeLLM_CAUEEG2_fewshot_best/TimeLLM-0.bin (22/22 keys)
07/30/2026 22:01:55 - INFO - utils.trainer -     582 keys not in checkpoint (kept from init)
07/30/2026 22:01:55 - INFO - utils.trainer -   Model loaded from output_dir/TimeLLM_CAUEEG2_fewshot_best/TimeLLM-0.bin (22/22 keys)
07/30/2026 22:01:55 - INFO - utils.trainer -     582 keys not in checkpoint (kept from init)
07/30/2026 22:01:55 - INFO - utils.trainer -   Model loaded from output_dir/TimeLLM_CAUEEG2_fewshot_best/TimeLLM-0.bin (22/22 keys)
07/30/2026 22:01:55 - INFO - utils.trainer -   Loaded best checkpoint from output_dir/TimeLLM_CAUEEG2_fewshot_best
07/30/2026 22:01:55 - INFO - utils.trainer -     582 keys not in checkpoint (kept from init)
07/30/2026 22:01:55 - INFO - utils.trainer -   Model loaded from output_dir/TimeLLM_CAUEEG2_fewshot_best/TimeLLM-0.bin (22/22 keys)
07/30/2026 22:01:56 - INFO - utils.trainer -   Model saved to output_dir/TimeLLM_CAUEEG2_fewshot
07/30/2026 22:01:56 - INFO - utils.trainer -   Fine-tuned model saved to output_dir/TimeLLM_CAUEEG2_fewshot
07/30/2026 22:01:56 - INFO - utils.trainer -   ***** Running evaluation on test dataset *****
07/30/2026 22:02:14 - INFO - utils.trainer -   Loss: 0.73328
07/30/2026 22:02:14 - INFO - utils.trainer -   AUC: 0.53579
07/30/2026 22:02:14 - INFO - utils.trainer -   Accuracy: 0.56842
07/30/2026 22:02:14 - INFO - utils.trainer -   Precision: 0.56842
07/30/2026 22:02:14 - INFO - utils.trainer -   Specificity: 0.00000
07/30/2026 22:02:14 - INFO - utils.trainer -   Sensitivity: 1.00000
07/30/2026 22:02:14 - INFO - utils.trainer -   === Few-shot fine-tune test result ===
07/30/2026 22:02:14 - INFO - utils.trainer -     Loss: 0.73328
07/30/2026 22:02:14 - INFO - utils.trainer -     AUC: 0.53579
07/30/2026 22:02:14 - INFO - utils.trainer -     Accuracy: 0.56842
07/30/2026 22:02:14 - INFO - utils.trainer -     Precision: 0.56842
07/30/2026 22:02:14 - INFO - utils.trainer -     Specificity: 0.00000
07/30/2026 22:02:14 - INFO - utils.trainer -     Sensitivity: 1.00000
07/30/2026 22:02:14 - INFO - __main__ -   
============================================================
  1-shot (TimeLLM_DS_train → CAUEEG2)  seed=42
============================================================
07/30/2026 22:02:14 - INFO - __main__ -     Loss           : 0.7333
07/30/2026 22:02:14 - INFO - __main__ -     AUC            : 0.5358
07/30/2026 22:02:14 - INFO - __main__ -     Accuracy       : 0.5684
07/30/2026 22:02:14 - INFO - __main__ -     Precision      : 0.5684
07/30/2026 22:02:14 - INFO - __main__ -     Specificity    : 0.0000
07/30/2026 22:02:14 - INFO - __main__ -     Sensitivity    : 1.0000
