07/30/2026 21:45:06 - INFO - __main__ -   ########## few-shot seed=42 ##########
07/30/2026 21:45:06 - INFO - __main__ -   ########## few-shot seed=42 ##########
07/30/2026 21:45:07 - INFO - __main__ -   ########## few-shot seed=42 ##########
07/30/2026 21:45:07 - INFO - __main__ -   ########## few-shot seed=42 ##########
07/30/2026 21:45:10 - INFO - root -   gcc -pthread -B /root/miniconda3/compiler_compat -fno-strict-overflow -DNDEBUG -O2 -Wall -fPIC -O2 -isystem /root/miniconda3/include -fPIC -O2 -isystem /root/miniconda3/include -fPIC -c /tmp/tmpuq55fx5r/test.c -o /tmp/tmpuq55fx5r/test.o
07/30/2026 21:45:10 - INFO - root -   gcc -pthread -B /root/miniconda3/compiler_compat -fno-strict-overflow -DNDEBUG -O2 -Wall -fPIC -O2 -isystem /root/miniconda3/include -fPIC -O2 -isystem /root/miniconda3/include -fPIC -c /tmp/tmp7mch2254/test.c -o /tmp/tmp7mch2254/test.o
07/30/2026 21:45:10 - INFO - root -   gcc -pthread -B /root/miniconda3/compiler_compat /tmp/tmpuq55fx5r/test.o -laio -o /tmp/tmpuq55fx5r/a.out
07/30/2026 21:45:10 - INFO - root -   gcc -pthread -B /root/miniconda3/compiler_compat /tmp/tmp7mch2254/test.o -laio -o /tmp/tmp7mch2254/a.out
07/30/2026 21:45:10 - INFO - root -   gcc -pthread -B /root/miniconda3/compiler_compat -fno-strict-overflow -DNDEBUG -O2 -Wall -fPIC -O2 -isystem /root/miniconda3/include -fPIC -O2 -isystem /root/miniconda3/include -fPIC -c /tmp/tmpiwkz0sf_/test.c -o /tmp/tmpiwkz0sf_/test.o
07/30/2026 21:45:10 - INFO - root -   gcc -pthread -B /root/miniconda3/compiler_compat -fno-strict-overflow -DNDEBUG -O2 -Wall -fPIC -O2 -isystem /root/miniconda3/include -fPIC -O2 -isystem /root/miniconda3/include -fPIC -c /tmp/tmpfo6rpofz/test.c -o /tmp/tmpfo6rpofz/test.o
07/30/2026 21:45:10 - INFO - root -   gcc -pthread -B /root/miniconda3/compiler_compat /tmp/tmpiwkz0sf_/test.o -L/usr/local/cuda -L/usr/local/cuda/lib64 -lcufile -o /tmp/tmpiwkz0sf_/a.out
07/30/2026 21:45:10 - INFO - root -   gcc -pthread -B /root/miniconda3/compiler_compat /tmp/tmpfo6rpofz/test.o -L/usr/local/cuda -L/usr/local/cuda/lib64 -lcufile -o /tmp/tmpfo6rpofz/a.out
07/30/2026 21:45:10 - INFO - root -   gcc -pthread -B /root/miniconda3/compiler_compat -fno-strict-overflow -DNDEBUG -O2 -Wall -fPIC -O2 -isystem /root/miniconda3/include -fPIC -O2 -isystem /root/miniconda3/include -fPIC -c /tmp/tmpe54of_hk/test.c -o /tmp/tmpe54of_hk/test.o
07/30/2026 21:45:10 - INFO - root -   gcc -pthread -B /root/miniconda3/compiler_compat /tmp/tmpe54of_hk/test.o -laio -o /tmp/tmpe54of_hk/a.out
07/30/2026 21:45:10 - INFO - root -   gcc -pthread -B /root/miniconda3/compiler_compat -fno-strict-overflow -DNDEBUG -O2 -Wall -fPIC -O2 -isystem /root/miniconda3/include -fPIC -O2 -isystem /root/miniconda3/include -fPIC -c /tmp/tmpj4zrjfb_/test.c -o /tmp/tmpj4zrjfb_/test.o
07/30/2026 21:45:10 - INFO - root -   gcc -pthread -B /root/miniconda3/compiler_compat /tmp/tmpj4zrjfb_/test.o -L/usr/local/cuda -L/usr/local/cuda/lib64 -lcufile -o /tmp/tmpj4zrjfb_/a.out
07/30/2026 21:45:10 - INFO - root -   gcc -pthread -B /root/miniconda3/compiler_compat -fno-strict-overflow -DNDEBUG -O2 -Wall -fPIC -O2 -isystem /root/miniconda3/include -fPIC -O2 -isystem /root/miniconda3/include -fPIC -c /tmp/tmpzvzb4q5g/test.c -o /tmp/tmpzvzb4q5g/test.o
07/30/2026 21:45:10 - INFO - root -   gcc -pthread -B /root/miniconda3/compiler_compat /tmp/tmpzvzb4q5g/test.o -laio -o /tmp/tmpzvzb4q5g/a.out
07/30/2026 21:45:10 - INFO - root -   gcc -pthread -B /root/miniconda3/compiler_compat -fno-strict-overflow -DNDEBUG -O2 -Wall -fPIC -O2 -isystem /root/miniconda3/include -fPIC -O2 -isystem /root/miniconda3/include -fPIC -c /tmp/tmp_vs2lzxd/test.c -o /tmp/tmp_vs2lzxd/test.o
07/30/2026 21:45:10 - INFO - root -   gcc -pthread -B /root/miniconda3/compiler_compat /tmp/tmp_vs2lzxd/test.o -L/usr/local/cuda -L/usr/local/cuda/lib64 -lcufile -o /tmp/tmp_vs2lzxd/a.out
07/30/2026 21:45:15 - INFO - utils.trainer -     582 keys not in checkpoint (kept from init)
07/30/2026 21:45:15 - INFO - utils.trainer -   Model loaded from ./output_dir/TimeLLM_CAUEEG2_train/TimeLLM-0.bin (22/22 keys)
07/30/2026 21:45:15 - INFO - utils.trainer -     582 keys not in checkpoint (kept from init)
07/30/2026 21:45:15 - INFO - utils.trainer -     582 keys not in checkpoint (kept from init)
07/30/2026 21:45:15 - INFO - utils.trainer -   Model loaded from ./output_dir/TimeLLM_CAUEEG2_train/TimeLLM-0.bin (22/22 keys)
07/30/2026 21:45:15 - INFO - utils.trainer -   Model loaded from ./output_dir/TimeLLM_CAUEEG2_train/TimeLLM-0.bin (22/22 keys)
07/30/2026 21:45:15 - INFO - utils.trainer -   ***** Running few-shot fine-tune (transfer) *****
07/30/2026 21:45:15 - INFO - utils.trainer -     Num train examples = 3
07/30/2026 21:45:15 - INFO - utils.trainer -     Num val   examples = 15
07/30/2026 21:45:15 - INFO - utils.trainer -     Num test  examples = 19
07/30/2026 21:45:15 - INFO - utils.trainer -     Max fine-tune epochs = 200
07/30/2026 21:45:15 - INFO - utils.trainer -     Fine-tune lr = 1e-05
07/30/2026 21:45:15 - INFO - utils.trainer -     582 keys not in checkpoint (kept from init)
07/30/2026 21:45:15 - INFO - utils.trainer -   Model loaded from ./output_dir/TimeLLM_CAUEEG2_train/TimeLLM-0.bin (22/22 keys)
07/30/2026 21:45:17 - INFO - utils.trainer -   ***** Running evaluation on val dataset *****
07/30/2026 21:45:19 - INFO - utils.trainer -   Loss: 0.69221
07/30/2026 21:45:19 - INFO - utils.trainer -   AUC: 0.49706
07/30/2026 21:45:19 - INFO - utils.trainer -   Accuracy: 0.49167
07/30/2026 21:45:19 - INFO - utils.trainer -   Precision: 0.41667
07/30/2026 21:45:19 - INFO - utils.trainer -   Specificity: 0.67692
07/30/2026 21:45:19 - INFO - utils.trainer -   Sensitivity: 0.27273
07/30/2026 21:45:20 - INFO - utils.trainer -   Model saved to output_dir/TimeLLM_DS_fewshot_best
07/30/2026 21:45:20 - INFO - utils.trainer -   Best model saved (val AUC=0.4971, epoch=1)
07/30/2026 21:45:20 - INFO - utils.trainer -   FT Epoch: 1/200, Train Loss: 0.89358, Val Loss: 0.69221, Val AUC: 0.4971, Best AUC: 0.4971, No improve: 0/25, Time: 2.0s
07/30/2026 21:45:21 - INFO - utils.trainer -   ***** Running evaluation on val dataset *****
07/30/2026 21:45:24 - INFO - utils.trainer -   Loss: 0.88662
07/30/2026 21:45:24 - INFO - utils.trainer -   AUC: 0.53259
07/30/2026 21:45:24 - INFO - utils.trainer -   Accuracy: 0.54167
07/30/2026 21:45:24 - INFO - utils.trainer -   Precision: 0.00000
07/30/2026 21:45:24 - INFO - utils.trainer -   Specificity: 1.00000
07/30/2026 21:45:24 - INFO - utils.trainer -   Sensitivity: 0.00000
07/30/2026 21:45:25 - INFO - utils.trainer -   Model saved to output_dir/TimeLLM_DS_fewshot_best
07/30/2026 21:45:25 - INFO - utils.trainer -   Best model saved (val AUC=0.5326, epoch=2)
07/30/2026 21:45:25 - INFO - utils.trainer -   FT Epoch: 2/200, Train Loss: 1.10861, Val Loss: 0.88662, Val AUC: 0.5326, Best AUC: 0.5326, No improve: 0/25, Time: 1.3s
07/30/2026 21:45:26 - INFO - utils.trainer -   ***** Running evaluation on val dataset *****
07/30/2026 21:45:28 - INFO - utils.trainer -   Loss: 0.77649
07/30/2026 21:45:28 - INFO - utils.trainer -   AUC: 0.49594
07/30/2026 21:45:28 - INFO - utils.trainer -   Accuracy: 0.54167
07/30/2026 21:45:28 - INFO - utils.trainer -   Precision: 0.00000
07/30/2026 21:45:28 - INFO - utils.trainer -   Specificity: 1.00000
07/30/2026 21:45:28 - INFO - utils.trainer -   Sensitivity: 0.00000
07/30/2026 21:45:28 - INFO - utils.trainer -   FT Epoch: 3/200, Train Loss: 0.32450, Val Loss: 0.77649, Val AUC: 0.4959, Best AUC: 0.5326, No improve: 1/25, Time: 1.3s
07/30/2026 21:45:29 - INFO - utils.trainer -   ***** Running evaluation on val dataset *****
07/30/2026 21:45:32 - INFO - utils.trainer -   Loss: 0.69272
07/30/2026 21:45:32 - INFO - utils.trainer -   AUC: 0.49371
07/30/2026 21:45:32 - INFO - utils.trainer -   Accuracy: 0.54167
07/30/2026 21:45:32 - INFO - utils.trainer -   Precision: 0.00000
07/30/2026 21:45:32 - INFO - utils.trainer -   Specificity: 1.00000
07/30/2026 21:45:32 - INFO - utils.trainer -   Sensitivity: 0.00000
07/30/2026 21:45:32 - INFO - utils.trainer -   FT Epoch: 4/200, Train Loss: 0.77538, Val Loss: 0.69272, Val AUC: 0.4937, Best AUC: 0.5326, No improve: 2/25, Time: 1.3s
07/30/2026 21:45:33 - INFO - utils.trainer -   ***** Running evaluation on val dataset *****
07/30/2026 21:45:35 - INFO - utils.trainer -   Loss: 0.69499
07/30/2026 21:45:35 - INFO - utils.trainer -   AUC: 0.49315
07/30/2026 21:45:35 - INFO - utils.trainer -   Accuracy: 0.45833
07/30/2026 21:45:35 - INFO - utils.trainer -   Precision: 0.41667
07/30/2026 21:45:35 - INFO - utils.trainer -   Specificity: 0.46154
07/30/2026 21:45:35 - INFO - utils.trainer -   Sensitivity: 0.45455
07/30/2026 21:45:35 - INFO - utils.trainer -   FT Epoch: 5/200, Train Loss: 0.65098, Val Loss: 0.69499, Val AUC: 0.4931, Best AUC: 0.5326, No improve: 3/25, Time: 1.3s
07/30/2026 21:45:36 - INFO - utils.trainer -   ***** Running evaluation on val dataset *****
07/30/2026 21:45:39 - INFO - utils.trainer -   Loss: 0.70004
07/30/2026 21:45:39 - INFO - utils.trainer -   AUC: 0.47217
07/30/2026 21:45:39 - INFO - utils.trainer -   Accuracy: 0.47500
07/30/2026 21:45:39 - INFO - utils.trainer -   Precision: 0.46078
07/30/2026 21:45:39 - INFO - utils.trainer -   Specificity: 0.15385
07/30/2026 21:45:39 - INFO - utils.trainer -   Sensitivity: 0.85455
07/30/2026 21:45:39 - INFO - utils.trainer -   FT Epoch: 6/200, Train Loss: 0.66303, Val Loss: 0.70004, Val AUC: 0.4722, Best AUC: 0.5326, No improve: 4/25, Time: 1.3s
07/30/2026 21:45:40 - INFO - utils.trainer -   ***** Running evaluation on val dataset *****
07/30/2026 21:45:42 - INFO - utils.trainer -   Loss: 0.69172
07/30/2026 21:45:42 - INFO - utils.trainer -   AUC: 0.48336
07/30/2026 21:45:42 - INFO - utils.trainer -   Accuracy: 0.53333
07/30/2026 21:45:42 - INFO - utils.trainer -   Precision: 0.46154
07/30/2026 21:45:42 - INFO - utils.trainer -   Specificity: 0.89231
07/30/2026 21:45:42 - INFO - utils.trainer -   Sensitivity: 0.10909
07/30/2026 21:45:42 - INFO - utils.trainer -   FT Epoch: 7/200, Train Loss: 0.67059, Val Loss: 0.69172, Val AUC: 0.4834, Best AUC: 0.5326, No improve: 5/25, Time: 1.3s
07/30/2026 21:45:43 - INFO - utils.trainer -   ***** Running evaluation on val dataset *****
07/30/2026 21:45:46 - INFO - utils.trainer -   Loss: 0.70515
07/30/2026 21:45:46 - INFO - utils.trainer -   AUC: 0.47105
07/30/2026 21:45:46 - INFO - utils.trainer -   Accuracy: 0.54167
07/30/2026 21:45:46 - INFO - utils.trainer -   Precision: 0.00000
07/30/2026 21:45:46 - INFO - utils.trainer -   Specificity: 1.00000
07/30/2026 21:45:46 - INFO - utils.trainer -   Sensitivity: 0.00000
07/30/2026 21:45:46 - INFO - utils.trainer -   FT Epoch: 8/200, Train Loss: 0.64349, Val Loss: 0.70515, Val AUC: 0.4710, Best AUC: 0.5326, No improve: 6/25, Time: 1.3s
07/30/2026 21:45:47 - INFO - utils.trainer -   ***** Running evaluation on val dataset *****
07/30/2026 21:45:49 - INFO - utils.trainer -   Loss: 0.71633
07/30/2026 21:45:49 - INFO - utils.trainer -   AUC: 0.48951
07/30/2026 21:45:49 - INFO - utils.trainer -   Accuracy: 0.54167
07/30/2026 21:45:49 - INFO - utils.trainer -   Precision: 0.00000
07/30/2026 21:45:49 - INFO - utils.trainer -   Specificity: 1.00000
07/30/2026 21:45:49 - INFO - utils.trainer -   Sensitivity: 0.00000
07/30/2026 21:45:49 - INFO - utils.trainer -   FT Epoch: 9/200, Train Loss: 0.77655, Val Loss: 0.71633, Val AUC: 0.4895, Best AUC: 0.5326, No improve: 7/25, Time: 1.3s
07/30/2026 21:45:51 - INFO - utils.trainer -   ***** Running evaluation on val dataset *****
07/30/2026 21:45:53 - INFO - utils.trainer -   Loss: 0.69896
07/30/2026 21:45:53 - INFO - utils.trainer -   AUC: 0.48531
07/30/2026 21:45:53 - INFO - utils.trainer -   Accuracy: 0.54167
07/30/2026 21:45:53 - INFO - utils.trainer -   Precision: 0.00000
07/30/2026 21:45:53 - INFO - utils.trainer -   Specificity: 1.00000
07/30/2026 21:45:53 - INFO - utils.trainer -   Sensitivity: 0.00000
07/30/2026 21:45:53 - INFO - utils.trainer -   FT Epoch: 10/200, Train Loss: 0.76054, Val Loss: 0.69896, Val AUC: 0.4853, Best AUC: 0.5326, No improve: 8/25, Time: 1.3s
07/30/2026 21:45:54 - INFO - utils.trainer -   ***** Running evaluation on val dataset *****
07/30/2026 21:45:56 - INFO - utils.trainer -   Loss: 0.68983
07/30/2026 21:45:56 - INFO - utils.trainer -   AUC: 0.51245
07/30/2026 21:45:56 - INFO - utils.trainer -   Accuracy: 0.55000
07/30/2026 21:45:56 - INFO - utils.trainer -   Precision: 0.57143
07/30/2026 21:45:56 - INFO - utils.trainer -   Specificity: 0.95385
07/30/2026 21:45:56 - INFO - utils.trainer -   Sensitivity: 0.07273
07/30/2026 21:45:56 - INFO - utils.trainer -   FT Epoch: 11/200, Train Loss: 0.54862, Val Loss: 0.68983, Val AUC: 0.5124, Best AUC: 0.5326, No improve: 9/25, Time: 1.3s
07/30/2026 21:45:58 - INFO - utils.trainer -   ***** Running evaluation on val dataset *****
07/30/2026 21:46:00 - INFO - utils.trainer -   Loss: 0.69836
07/30/2026 21:46:00 - INFO - utils.trainer -   AUC: 0.47524
07/30/2026 21:46:00 - INFO - utils.trainer -   Accuracy: 0.45000
07/30/2026 21:46:00 - INFO - utils.trainer -   Precision: 0.44554
07/30/2026 21:46:00 - INFO - utils.trainer -   Specificity: 0.13846
07/30/2026 21:46:00 - INFO - utils.trainer -   Sensitivity: 0.81818
07/30/2026 21:46:00 - INFO - utils.trainer -   FT Epoch: 12/200, Train Loss: 0.75433, Val Loss: 0.69836, Val AUC: 0.4752, Best AUC: 0.5326, No improve: 10/25, Time: 1.3s
07/30/2026 21:46:01 - INFO - utils.trainer -   ***** Running evaluation on val dataset *****
07/30/2026 21:46:04 - INFO - utils.trainer -   Loss: 0.69101
07/30/2026 21:46:04 - INFO - utils.trainer -   AUC: 0.49594
07/30/2026 21:46:04 - INFO - utils.trainer -   Accuracy: 0.54167
07/30/2026 21:46:04 - INFO - utils.trainer -   Precision: 0.00000
07/30/2026 21:46:04 - INFO - utils.trainer -   Specificity: 1.00000
07/30/2026 21:46:04 - INFO - utils.trainer -   Sensitivity: 0.00000
07/30/2026 21:46:04 - INFO - utils.trainer -   FT Epoch: 13/200, Train Loss: 0.73019, Val Loss: 0.69101, Val AUC: 0.4959, Best AUC: 0.5326, No improve: 11/25, Time: 1.3s
07/30/2026 21:46:05 - INFO - utils.trainer -   ***** Running evaluation on val dataset *****
07/30/2026 21:46:07 - INFO - utils.trainer -   Loss: 0.70233
07/30/2026 21:46:07 - INFO - utils.trainer -   AUC: 0.47972
07/30/2026 21:46:07 - INFO - utils.trainer -   Accuracy: 0.54167
07/30/2026 21:46:07 - INFO - utils.trainer -   Precision: 0.00000
07/30/2026 21:46:07 - INFO - utils.trainer -   Specificity: 1.00000
07/30/2026 21:46:07 - INFO - utils.trainer -   Sensitivity: 0.00000
07/30/2026 21:46:07 - INFO - utils.trainer -   FT Epoch: 14/200, Train Loss: 0.71188, Val Loss: 0.70233, Val AUC: 0.4797, Best AUC: 0.5326, No improve: 12/25, Time: 1.3s
07/30/2026 21:46:08 - INFO - utils.trainer -   ***** Running evaluation on val dataset *****
07/30/2026 21:46:11 - INFO - utils.trainer -   Loss: 0.69375
07/30/2026 21:46:11 - INFO - utils.trainer -   AUC: 0.45594
07/30/2026 21:46:11 - INFO - utils.trainer -   Accuracy: 0.54167
07/30/2026 21:46:11 - INFO - utils.trainer -   Precision: 0.00000
07/30/2026 21:46:11 - INFO - utils.trainer -   Specificity: 1.00000
07/30/2026 21:46:11 - INFO - utils.trainer -   Sensitivity: 0.00000
07/30/2026 21:46:11 - INFO - utils.trainer -   FT Epoch: 15/200, Train Loss: 0.58357, Val Loss: 0.69375, Val AUC: 0.4559, Best AUC: 0.5326, No improve: 13/25, Time: 1.3s
07/30/2026 21:46:12 - INFO - utils.trainer -   ***** Running evaluation on val dataset *****
07/30/2026 21:46:14 - INFO - utils.trainer -   Loss: 0.68955
07/30/2026 21:46:14 - INFO - utils.trainer -   AUC: 0.51441
07/30/2026 21:46:14 - INFO - utils.trainer -   Accuracy: 0.55833
07/30/2026 21:46:14 - INFO - utils.trainer -   Precision: 0.75000
07/30/2026 21:46:14 - INFO - utils.trainer -   Specificity: 0.98462
07/30/2026 21:46:14 - INFO - utils.trainer -   Sensitivity: 0.05455
07/30/2026 21:46:14 - INFO - utils.trainer -   FT Epoch: 16/200, Train Loss: 0.70567, Val Loss: 0.68955, Val AUC: 0.5144, Best AUC: 0.5326, No improve: 14/25, Time: 1.3s
07/30/2026 21:46:15 - INFO - utils.trainer -   ***** Running evaluation on val dataset *****
07/30/2026 21:46:18 - INFO - utils.trainer -   Loss: 0.69622
07/30/2026 21:46:18 - INFO - utils.trainer -   AUC: 0.48140
07/30/2026 21:46:18 - INFO - utils.trainer -   Accuracy: 0.48333
07/30/2026 21:46:18 - INFO - utils.trainer -   Precision: 0.46067
07/30/2026 21:46:18 - INFO - utils.trainer -   Specificity: 0.26154
07/30/2026 21:46:18 - INFO - utils.trainer -   Sensitivity: 0.74545
07/30/2026 21:46:18 - INFO - utils.trainer -   FT Epoch: 17/200, Train Loss: 0.73377, Val Loss: 0.69622, Val AUC: 0.4814, Best AUC: 0.5326, No improve: 15/25, Time: 1.3s
07/30/2026 21:46:19 - INFO - utils.trainer -   ***** Running evaluation on val dataset *****
07/30/2026 21:46:21 - INFO - utils.trainer -   Loss: 0.68793
07/30/2026 21:46:21 - INFO - utils.trainer -   AUC: 0.54993
07/30/2026 21:46:21 - INFO - utils.trainer -   Accuracy: 0.54167
07/30/2026 21:46:21 - INFO - utils.trainer -   Precision: 0.00000
07/30/2026 21:46:21 - INFO - utils.trainer -   Specificity: 1.00000
07/30/2026 21:46:21 - INFO - utils.trainer -   Sensitivity: 0.00000
07/30/2026 21:46:22 - INFO - utils.trainer -   Model saved to output_dir/TimeLLM_DS_fewshot_best
07/30/2026 21:46:22 - INFO - utils.trainer -   Best model saved (val AUC=0.5499, epoch=18)
07/30/2026 21:46:22 - INFO - utils.trainer -   FT Epoch: 18/200, Train Loss: 0.68416, Val Loss: 0.68793, Val AUC: 0.5499, Best AUC: 0.5499, No improve: 0/25, Time: 1.3s
07/30/2026 21:46:24 - INFO - utils.trainer -   ***** Running evaluation on val dataset *****
07/30/2026 21:46:26 - INFO - utils.trainer -   Loss: 0.70361
07/30/2026 21:46:26 - INFO - utils.trainer -   AUC: 0.49007
07/30/2026 21:46:26 - INFO - utils.trainer -   Accuracy: 0.54167
07/30/2026 21:46:26 - INFO - utils.trainer -   Precision: 0.00000
07/30/2026 21:46:26 - INFO - utils.trainer -   Specificity: 1.00000
07/30/2026 21:46:26 - INFO - utils.trainer -   Sensitivity: 0.00000
07/30/2026 21:46:26 - INFO - utils.trainer -   FT Epoch: 19/200, Train Loss: 0.69526, Val Loss: 0.70361, Val AUC: 0.4901, Best AUC: 0.5499, No improve: 1/25, Time: 1.3s
07/30/2026 21:46:27 - INFO - utils.trainer -   ***** Running evaluation on val dataset *****
07/30/2026 21:46:30 - INFO - utils.trainer -   Loss: 0.70556
07/30/2026 21:46:30 - INFO - utils.trainer -   AUC: 0.50070
07/30/2026 21:46:30 - INFO - utils.trainer -   Accuracy: 0.54167
07/30/2026 21:46:30 - INFO - utils.trainer -   Precision: 0.00000
07/30/2026 21:46:30 - INFO - utils.trainer -   Specificity: 1.00000
07/30/2026 21:46:30 - INFO - utils.trainer -   Sensitivity: 0.00000
07/30/2026 21:46:30 - INFO - utils.trainer -   FT Epoch: 20/200, Train Loss: 0.72171, Val Loss: 0.70556, Val AUC: 0.5007, Best AUC: 0.5499, No improve: 2/25, Time: 1.3s
07/30/2026 21:46:31 - INFO - utils.trainer -   ***** Running evaluation on val dataset *****
07/30/2026 21:46:33 - INFO - utils.trainer -   Loss: 0.69096
07/30/2026 21:46:33 - INFO - utils.trainer -   AUC: 0.49566
07/30/2026 21:46:33 - INFO - utils.trainer -   Accuracy: 0.53333
07/30/2026 21:46:33 - INFO - utils.trainer -   Precision: 0.00000
07/30/2026 21:46:33 - INFO - utils.trainer -   Specificity: 0.98462
07/30/2026 21:46:33 - INFO - utils.trainer -   Sensitivity: 0.00000
07/30/2026 21:46:33 - INFO - utils.trainer -   FT Epoch: 21/200, Train Loss: 0.70445, Val Loss: 0.69096, Val AUC: 0.4957, Best AUC: 0.5499, No improve: 3/25, Time: 1.3s
07/30/2026 21:46:34 - INFO - utils.trainer -   ***** Running evaluation on val dataset *****
07/30/2026 21:46:37 - INFO - utils.trainer -   Loss: 0.73002
07/30/2026 21:46:37 - INFO - utils.trainer -   AUC: 0.47161
07/30/2026 21:46:37 - INFO - utils.trainer -   Accuracy: 0.45833
07/30/2026 21:46:37 - INFO - utils.trainer -   Precision: 0.45833
07/30/2026 21:46:37 - INFO - utils.trainer -   Specificity: 0.00000
07/30/2026 21:46:37 - INFO - utils.trainer -   Sensitivity: 1.00000
07/30/2026 21:46:37 - INFO - utils.trainer -   FT Epoch: 22/200, Train Loss: 0.66859, Val Loss: 0.73002, Val AUC: 0.4716, Best AUC: 0.5499, No improve: 4/25, Time: 1.3s
07/30/2026 21:46:38 - INFO - utils.trainer -   ***** Running evaluation on val dataset *****
07/30/2026 21:46:40 - INFO - utils.trainer -   Loss: 0.71102
07/30/2026 21:46:40 - INFO - utils.trainer -   AUC: 0.49902
07/30/2026 21:46:40 - INFO - utils.trainer -   Accuracy: 0.45833
07/30/2026 21:46:40 - INFO - utils.trainer -   Precision: 0.45833
07/30/2026 21:46:40 - INFO - utils.trainer -   Specificity: 0.00000
07/30/2026 21:46:40 - INFO - utils.trainer -   Sensitivity: 1.00000
07/30/2026 21:46:40 - INFO - utils.trainer -   FT Epoch: 23/200, Train Loss: 0.63135, Val Loss: 0.71102, Val AUC: 0.4990, Best AUC: 0.5499, No improve: 5/25, Time: 1.3s
07/30/2026 21:46:42 - INFO - utils.trainer -   ***** Running evaluation on val dataset *****
07/30/2026 21:46:44 - INFO - utils.trainer -   Loss: 0.69485
07/30/2026 21:46:44 - INFO - utils.trainer -   AUC: 0.48559
07/30/2026 21:46:44 - INFO - utils.trainer -   Accuracy: 0.54167
07/30/2026 21:46:44 - INFO - utils.trainer -   Precision: 0.00000
07/30/2026 21:46:44 - INFO - utils.trainer -   Specificity: 1.00000
07/30/2026 21:46:44 - INFO - utils.trainer -   Sensitivity: 0.00000
07/30/2026 21:46:44 - INFO - utils.trainer -   FT Epoch: 24/200, Train Loss: 0.78538, Val Loss: 0.69485, Val AUC: 0.4856, Best AUC: 0.5499, No improve: 6/25, Time: 1.3s
07/30/2026 21:46:45 - INFO - utils.trainer -   ***** Running evaluation on val dataset *****
07/30/2026 21:46:47 - INFO - utils.trainer -   Loss: 0.75798
07/30/2026 21:46:47 - INFO - utils.trainer -   AUC: 0.52364
07/30/2026 21:46:47 - INFO - utils.trainer -   Accuracy: 0.54167
07/30/2026 21:46:47 - INFO - utils.trainer -   Precision: 0.00000
07/30/2026 21:46:47 - INFO - utils.trainer -   Specificity: 1.00000
07/30/2026 21:46:47 - INFO - utils.trainer -   Sensitivity: 0.00000
07/30/2026 21:46:47 - INFO - utils.trainer -   FT Epoch: 25/200, Train Loss: 0.49919, Val Loss: 0.75798, Val AUC: 0.5236, Best AUC: 0.5499, No improve: 7/25, Time: 1.3s
07/30/2026 21:46:49 - INFO - utils.trainer -   ***** Running evaluation on val dataset *****
07/30/2026 21:46:51 - INFO - utils.trainer -   Loss: 0.74355
07/30/2026 21:46:51 - INFO - utils.trainer -   AUC: 0.52643
07/30/2026 21:46:51 - INFO - utils.trainer -   Accuracy: 0.54167
07/30/2026 21:46:51 - INFO - utils.trainer -   Precision: 0.00000
07/30/2026 21:46:51 - INFO - utils.trainer -   Specificity: 1.00000
07/30/2026 21:46:51 - INFO - utils.trainer -   Sensitivity: 0.00000
07/30/2026 21:46:51 - INFO - utils.trainer -   FT Epoch: 26/200, Train Loss: 0.79548, Val Loss: 0.74355, Val AUC: 0.5264, Best AUC: 0.5499, No improve: 8/25, Time: 1.3s
07/30/2026 21:46:52 - INFO - utils.trainer -   ***** Running evaluation on val dataset *****
07/30/2026 21:46:55 - INFO - utils.trainer -   Loss: 0.69363
07/30/2026 21:46:55 - INFO - utils.trainer -   AUC: 0.51720
07/30/2026 21:46:55 - INFO - utils.trainer -   Accuracy: 0.54167
07/30/2026 21:46:55 - INFO - utils.trainer -   Precision: 0.00000
07/30/2026 21:46:55 - INFO - utils.trainer -   Specificity: 1.00000
07/30/2026 21:46:55 - INFO - utils.trainer -   Sensitivity: 0.00000
07/30/2026 21:46:55 - INFO - utils.trainer -   FT Epoch: 27/200, Train Loss: 1.07637, Val Loss: 0.69363, Val AUC: 0.5172, Best AUC: 0.5499, No improve: 9/25, Time: 1.3s
07/30/2026 21:46:56 - INFO - utils.trainer -   ***** Running evaluation on val dataset *****
07/30/2026 21:46:58 - INFO - utils.trainer -   Loss: 0.69490
07/30/2026 21:46:58 - INFO - utils.trainer -   AUC: 0.52056
07/30/2026 21:46:58 - INFO - utils.trainer -   Accuracy: 0.50000
07/30/2026 21:46:58 - INFO - utils.trainer -   Precision: 0.47191
07/30/2026 21:46:58 - INFO - utils.trainer -   Specificity: 0.27692
07/30/2026 21:46:58 - INFO - utils.trainer -   Sensitivity: 0.76364
07/30/2026 21:46:58 - INFO - utils.trainer -   FT Epoch: 28/200, Train Loss: 0.64976, Val Loss: 0.69490, Val AUC: 0.5206, Best AUC: 0.5499, No improve: 10/25, Time: 1.3s
07/30/2026 21:46:59 - INFO - utils.trainer -   ***** Running evaluation on val dataset *****
07/30/2026 21:47:02 - INFO - utils.trainer -   Loss: 0.70125
07/30/2026 21:47:02 - INFO - utils.trainer -   AUC: 0.49594
07/30/2026 21:47:02 - INFO - utils.trainer -   Accuracy: 0.45833
07/30/2026 21:47:02 - INFO - utils.trainer -   Precision: 0.45833
07/30/2026 21:47:02 - INFO - utils.trainer -   Specificity: 0.00000
07/30/2026 21:47:02 - INFO - utils.trainer -   Sensitivity: 1.00000
07/30/2026 21:47:02 - INFO - utils.trainer -   FT Epoch: 29/200, Train Loss: 0.68602, Val Loss: 0.70125, Val AUC: 0.4959, Best AUC: 0.5499, No improve: 11/25, Time: 1.3s
07/30/2026 21:47:03 - INFO - utils.trainer -   ***** Running evaluation on val dataset *****
07/30/2026 21:47:05 - INFO - utils.trainer -   Loss: 0.69158
07/30/2026 21:47:05 - INFO - utils.trainer -   AUC: 0.49343
07/30/2026 21:47:05 - INFO - utils.trainer -   Accuracy: 0.54167
07/30/2026 21:47:05 - INFO - utils.trainer -   Precision: 0.00000
07/30/2026 21:47:05 - INFO - utils.trainer -   Specificity: 1.00000
07/30/2026 21:47:05 - INFO - utils.trainer -   Sensitivity: 0.00000
07/30/2026 21:47:05 - INFO - utils.trainer -   FT Epoch: 30/200, Train Loss: 0.61415, Val Loss: 0.69158, Val AUC: 0.4934, Best AUC: 0.5499, No improve: 12/25, Time: 1.3s
07/30/2026 21:47:06 - INFO - utils.trainer -   ***** Running evaluation on val dataset *****
07/30/2026 21:47:09 - INFO - utils.trainer -   Loss: 0.72508
07/30/2026 21:47:09 - INFO - utils.trainer -   AUC: 0.51357
07/30/2026 21:47:09 - INFO - utils.trainer -   Accuracy: 0.54167
07/30/2026 21:47:09 - INFO - utils.trainer -   Precision: 0.00000
07/30/2026 21:47:09 - INFO - utils.trainer -   Specificity: 1.00000
07/30/2026 21:47:09 - INFO - utils.trainer -   Sensitivity: 0.00000
07/30/2026 21:47:09 - INFO - utils.trainer -   FT Epoch: 31/200, Train Loss: 0.68398, Val Loss: 0.72508, Val AUC: 0.5136, Best AUC: 0.5499, No improve: 13/25, Time: 1.3s
07/30/2026 21:47:10 - INFO - utils.trainer -   ***** Running evaluation on val dataset *****
07/30/2026 21:47:12 - INFO - utils.trainer -   Loss: 0.69964
07/30/2026 21:47:12 - INFO - utils.trainer -   AUC: 0.50909
07/30/2026 21:47:12 - INFO - utils.trainer -   Accuracy: 0.54167
07/30/2026 21:47:12 - INFO - utils.trainer -   Precision: 0.00000
07/30/2026 21:47:12 - INFO - utils.trainer -   Specificity: 1.00000
07/30/2026 21:47:12 - INFO - utils.trainer -   Sensitivity: 0.00000
07/30/2026 21:47:12 - INFO - utils.trainer -   FT Epoch: 32/200, Train Loss: 0.70901, Val Loss: 0.69964, Val AUC: 0.5091, Best AUC: 0.5499, No improve: 14/25, Time: 1.3s
07/30/2026 21:47:14 - INFO - utils.trainer -   ***** Running evaluation on val dataset *****
07/30/2026 21:47:16 - INFO - utils.trainer -   Loss: 0.68964
07/30/2026 21:47:16 - INFO - utils.trainer -   AUC: 0.51944
07/30/2026 21:47:16 - INFO - utils.trainer -   Accuracy: 0.53333
07/30/2026 21:47:16 - INFO - utils.trainer -   Precision: 0.00000
07/30/2026 21:47:16 - INFO - utils.trainer -   Specificity: 0.98462
07/30/2026 21:47:16 - INFO - utils.trainer -   Sensitivity: 0.00000
07/30/2026 21:47:16 - INFO - utils.trainer -   FT Epoch: 33/200, Train Loss: 0.68559, Val Loss: 0.68964, Val AUC: 0.5194, Best AUC: 0.5499, No improve: 15/25, Time: 1.3s
07/30/2026 21:47:17 - INFO - utils.trainer -   ***** Running evaluation on val dataset *****
07/30/2026 21:47:19 - INFO - utils.trainer -   Loss: 0.69004
07/30/2026 21:47:19 - INFO - utils.trainer -   AUC: 0.50154
07/30/2026 21:47:19 - INFO - utils.trainer -   Accuracy: 0.54167
07/30/2026 21:47:19 - INFO - utils.trainer -   Precision: 0.50000
07/30/2026 21:47:19 - INFO - utils.trainer -   Specificity: 0.92308
07/30/2026 21:47:19 - INFO - utils.trainer -   Sensitivity: 0.09091
07/30/2026 21:47:19 - INFO - utils.trainer -   FT Epoch: 34/200, Train Loss: 0.72164, Val Loss: 0.69004, Val AUC: 0.5015, Best AUC: 0.5499, No improve: 16/25, Time: 1.3s
07/30/2026 21:47:21 - INFO - utils.trainer -   ***** Running evaluation on val dataset *****
07/30/2026 21:47:23 - INFO - utils.trainer -   Loss: 0.69243
07/30/2026 21:47:23 - INFO - utils.trainer -   AUC: 0.47021
07/30/2026 21:47:23 - INFO - utils.trainer -   Accuracy: 0.55833
07/30/2026 21:47:23 - INFO - utils.trainer -   Precision: 0.62500
07/30/2026 21:47:23 - INFO - utils.trainer -   Specificity: 0.95385
07/30/2026 21:47:23 - INFO - utils.trainer -   Sensitivity: 0.09091
07/30/2026 21:47:23 - INFO - utils.trainer -   FT Epoch: 35/200, Train Loss: 0.72602, Val Loss: 0.69243, Val AUC: 0.4702, Best AUC: 0.5499, No improve: 17/25, Time: 1.3s
07/30/2026 21:47:24 - INFO - utils.trainer -   ***** Running evaluation on val dataset *****
07/30/2026 21:47:27 - INFO - utils.trainer -   Loss: 0.69346
07/30/2026 21:47:27 - INFO - utils.trainer -   AUC: 0.49622
07/30/2026 21:47:27 - INFO - utils.trainer -   Accuracy: 0.49167
07/30/2026 21:47:27 - INFO - utils.trainer -   Precision: 0.42105
07/30/2026 21:47:27 - INFO - utils.trainer -   Specificity: 0.66154
07/30/2026 21:47:27 - INFO - utils.trainer -   Sensitivity: 0.29091
07/30/2026 21:47:27 - INFO - utils.trainer -   FT Epoch: 36/200, Train Loss: 0.67429, Val Loss: 0.69346, Val AUC: 0.4962, Best AUC: 0.5499, No improve: 18/25, Time: 1.3s
07/30/2026 21:47:28 - INFO - utils.trainer -   ***** Running evaluation on val dataset *****
07/30/2026 21:47:30 - INFO - utils.trainer -   Loss: 0.69172
07/30/2026 21:47:30 - INFO - utils.trainer -   AUC: 0.49622
07/30/2026 21:47:30 - INFO - utils.trainer -   Accuracy: 0.50833
07/30/2026 21:47:30 - INFO - utils.trainer -   Precision: 0.43333
07/30/2026 21:47:30 - INFO - utils.trainer -   Specificity: 0.73846
07/30/2026 21:47:30 - INFO - utils.trainer -   Sensitivity: 0.23636
07/30/2026 21:47:30 - INFO - utils.trainer -   FT Epoch: 37/200, Train Loss: 0.61718, Val Loss: 0.69172, Val AUC: 0.4962, Best AUC: 0.5499, No improve: 19/25, Time: 1.3s
07/30/2026 21:47:31 - INFO - utils.trainer -   ***** Running evaluation on val dataset *****
07/30/2026 21:47:34 - INFO - utils.trainer -   Loss: 0.69264
07/30/2026 21:47:34 - INFO - utils.trainer -   AUC: 0.50014
07/30/2026 21:47:34 - INFO - utils.trainer -   Accuracy: 0.54167
07/30/2026 21:47:34 - INFO - utils.trainer -   Precision: 0.00000
07/30/2026 21:47:34 - INFO - utils.trainer -   Specificity: 1.00000
07/30/2026 21:47:34 - INFO - utils.trainer -   Sensitivity: 0.00000
07/30/2026 21:47:34 - INFO - utils.trainer -   FT Epoch: 38/200, Train Loss: 0.65066, Val Loss: 0.69264, Val AUC: 0.5001, Best AUC: 0.5499, No improve: 20/25, Time: 1.3s
07/30/2026 21:47:35 - INFO - utils.trainer -   ***** Running evaluation on val dataset *****
07/30/2026 21:47:37 - INFO - utils.trainer -   Loss: 0.69766
07/30/2026 21:47:37 - INFO - utils.trainer -   AUC: 0.50741
07/30/2026 21:47:37 - INFO - utils.trainer -   Accuracy: 0.54167
07/30/2026 21:47:37 - INFO - utils.trainer -   Precision: 0.00000
07/30/2026 21:47:37 - INFO - utils.trainer -   Specificity: 1.00000
07/30/2026 21:47:37 - INFO - utils.trainer -   Sensitivity: 0.00000
07/30/2026 21:47:37 - INFO - utils.trainer -   FT Epoch: 39/200, Train Loss: 0.62695, Val Loss: 0.69766, Val AUC: 0.5074, Best AUC: 0.5499, No improve: 21/25, Time: 1.3s
07/30/2026 21:47:38 - INFO - utils.trainer -   ***** Running evaluation on val dataset *****
07/30/2026 21:47:41 - INFO - utils.trainer -   Loss: 0.69691
07/30/2026 21:47:41 - INFO - utils.trainer -   AUC: 0.51804
07/30/2026 21:47:41 - INFO - utils.trainer -   Accuracy: 0.54167
07/30/2026 21:47:41 - INFO - utils.trainer -   Precision: 0.00000
07/30/2026 21:47:41 - INFO - utils.trainer -   Specificity: 1.00000
07/30/2026 21:47:41 - INFO - utils.trainer -   Sensitivity: 0.00000
07/30/2026 21:47:41 - INFO - utils.trainer -   FT Epoch: 40/200, Train Loss: 0.53073, Val Loss: 0.69691, Val AUC: 0.5180, Best AUC: 0.5499, No improve: 22/25, Time: 1.3s
07/30/2026 21:47:42 - INFO - utils.trainer -   ***** Running evaluation on val dataset *****
07/30/2026 21:47:44 - INFO - utils.trainer -   Loss: 0.69067
07/30/2026 21:47:44 - INFO - utils.trainer -   AUC: 0.49818
07/30/2026 21:47:44 - INFO - utils.trainer -   Accuracy: 0.52500
07/30/2026 21:47:44 - INFO - utils.trainer -   Precision: 0.33333
07/30/2026 21:47:44 - INFO - utils.trainer -   Specificity: 0.93846
07/30/2026 21:47:44 - INFO - utils.trainer -   Sensitivity: 0.03636
07/30/2026 21:47:44 - INFO - utils.trainer -   FT Epoch: 41/200, Train Loss: 0.62547, Val Loss: 0.69067, Val AUC: 0.4982, Best AUC: 0.5499, No improve: 23/25, Time: 1.3s
07/30/2026 21:47:46 - INFO - utils.trainer -   ***** Running evaluation on val dataset *****
07/30/2026 21:47:48 - INFO - utils.trainer -   Loss: 0.69686
07/30/2026 21:47:48 - INFO - utils.trainer -   AUC: 0.49371
07/30/2026 21:47:48 - INFO - utils.trainer -   Accuracy: 0.47500
07/30/2026 21:47:48 - INFO - utils.trainer -   Precision: 0.45000
07/30/2026 21:47:48 - INFO - utils.trainer -   Specificity: 0.32308
07/30/2026 21:47:48 - INFO - utils.trainer -   Sensitivity: 0.65455
07/30/2026 21:47:48 - INFO - utils.trainer -   FT Epoch: 42/200, Train Loss: 0.75025, Val Loss: 0.69686, Val AUC: 0.4937, Best AUC: 0.5499, No improve: 24/25, Time: 1.3s
07/30/2026 21:47:49 - INFO - utils.trainer -   ***** Running evaluation on val dataset *****
07/30/2026 21:47:51 - INFO - utils.trainer -   Loss: 0.69277
07/30/2026 21:47:51 - INFO - utils.trainer -   AUC: 0.51245
07/30/2026 21:47:51 - INFO - utils.trainer -   Accuracy: 0.51667
07/30/2026 21:47:51 - INFO - utils.trainer -   Precision: 0.45946
07/30/2026 21:47:51 - INFO - utils.trainer -   Specificity: 0.69231
07/30/2026 21:47:51 - INFO - utils.trainer -   Sensitivity: 0.30909
07/30/2026 21:47:51 - INFO - utils.trainer -   FT Epoch: 43/200, Train Loss: 0.68361, Val Loss: 0.69277, Val AUC: 0.5124, Best AUC: 0.5499, No improve: 25/25, Time: 1.3s
07/30/2026 21:47:51 - INFO - utils.trainer -   Early stopping triggered at epoch 43
07/30/2026 21:47:51 - INFO - utils.trainer -   Early stopping triggered at epoch 43
07/30/2026 21:47:51 - INFO - utils.trainer -   Early stopping triggered at epoch 43
07/30/2026 21:47:51 - INFO - utils.trainer -   Early stopping triggered at epoch 43
07/30/2026 21:47:52 - INFO - utils.trainer -     582 keys not in checkpoint (kept from init)
07/30/2026 21:47:52 - INFO - utils.trainer -   Model loaded from output_dir/TimeLLM_DS_fewshot_best/TimeLLM-0.bin (22/22 keys)
07/30/2026 21:47:52 - INFO - utils.trainer -     582 keys not in checkpoint (kept from init)
07/30/2026 21:47:52 - INFO - utils.trainer -   Model loaded from output_dir/TimeLLM_DS_fewshot_best/TimeLLM-0.bin (22/22 keys)
07/30/2026 21:47:52 - INFO - utils.trainer -     582 keys not in checkpoint (kept from init)
07/30/2026 21:47:52 - INFO - utils.trainer -   Model loaded from output_dir/TimeLLM_DS_fewshot_best/TimeLLM-0.bin (22/22 keys)
07/30/2026 21:47:52 - INFO - utils.trainer -   Loaded best checkpoint from output_dir/TimeLLM_DS_fewshot_best
07/30/2026 21:47:52 - INFO - utils.trainer -     582 keys not in checkpoint (kept from init)
07/30/2026 21:47:52 - INFO - utils.trainer -   Model loaded from output_dir/TimeLLM_DS_fewshot_best/TimeLLM-0.bin (22/22 keys)
07/30/2026 21:47:53 - INFO - utils.trainer -   Model saved to output_dir/TimeLLM_DS_fewshot
07/30/2026 21:47:53 - INFO - utils.trainer -   Fine-tuned model saved to output_dir/TimeLLM_DS_fewshot
07/30/2026 21:47:53 - INFO - utils.trainer -   ***** Running evaluation on test dataset *****
07/30/2026 21:47:55 - INFO - utils.trainer -   Loss: 0.72302
07/30/2026 21:47:55 - INFO - utils.trainer -   AUC: 0.45489
07/30/2026 21:47:55 - INFO - utils.trainer -   Accuracy: 0.36486
07/30/2026 21:47:55 - INFO - utils.trainer -   Precision: 0.00000
07/30/2026 21:47:55 - INFO - utils.trainer -   Specificity: 1.00000
07/30/2026 21:47:55 - INFO - utils.trainer -   Sensitivity: 0.00000
07/30/2026 21:47:55 - INFO - utils.trainer -   === Few-shot fine-tune test result ===
07/30/2026 21:47:55 - INFO - utils.trainer -     Loss: 0.72302
07/30/2026 21:47:55 - INFO - utils.trainer -     AUC: 0.45489
07/30/2026 21:47:55 - INFO - utils.trainer -     Accuracy: 0.36486
07/30/2026 21:47:55 - INFO - utils.trainer -     Precision: 0.00000
07/30/2026 21:47:55 - INFO - utils.trainer -     Specificity: 1.00000
07/30/2026 21:47:55 - INFO - utils.trainer -     Sensitivity: 0.00000
07/30/2026 21:47:55 - INFO - __main__ -   
============================================================
  1-shot (TimeLLM_CAUEEG2_train → DS)  seed=42
============================================================
07/30/2026 21:47:55 - INFO - __main__ -     Loss           : 0.7230
07/30/2026 21:47:55 - INFO - __main__ -     AUC            : 0.4549
07/30/2026 21:47:55 - INFO - __main__ -     Accuracy       : 0.3649
07/30/2026 21:47:55 - INFO - __main__ -     Precision      : 0.0000
07/30/2026 21:47:55 - INFO - __main__ -     Specificity    : 1.0000
07/30/2026 21:47:55 - INFO - __main__ -     Sensitivity    : 0.0000
