08/06/2026 23:25:00 - INFO - __main__ -   ########## full-data finetune ##########
08/06/2026 23:25:00 - INFO - __main__ -   ########## full-data finetune ##########
08/06/2026 23:25:00 - INFO - __main__ -   ########## full-data finetune ##########
08/06/2026 23:25:00 - INFO - __main__ -   ########## full-data finetune ##########
08/06/2026 23:25:00 - INFO - __main__ -   ########## full-data finetune ##########
08/06/2026 23:25:00 - INFO - __main__ -   ########## full-data finetune ##########
08/06/2026 23:27:33 - INFO - __main__ -   ########## full-data finetune ##########
08/06/2026 23:27:33 - INFO - __main__ -   ########## full-data finetune ##########
08/06/2026 23:27:33 - INFO - __main__ -   ########## full-data finetune ##########
08/06/2026 23:27:33 - INFO - __main__ -   ########## full-data finetune ##########
08/06/2026 23:27:33 - INFO - __main__ -   ########## full-data finetune ##########
08/06/2026 23:27:33 - INFO - __main__ -   ########## full-data finetune ##########
08/06/2026 23:27:43 - INFO - root -   gcc -pthread -B /root/miniconda3/compiler_compat -fno-strict-overflow -DNDEBUG -O2 -Wall -fPIC -O2 -isystem /root/miniconda3/include -fPIC -O2 -isystem /root/miniconda3/include -fPIC -c /tmp/tmpgb470bbg/test.c -o /tmp/tmpgb470bbg/test.o
08/06/2026 23:27:43 - INFO - root -   gcc -pthread -B /root/miniconda3/compiler_compat /tmp/tmpgb470bbg/test.o -laio -o /tmp/tmpgb470bbg/a.out
08/06/2026 23:27:43 - INFO - root -   gcc -pthread -B /root/miniconda3/compiler_compat -fno-strict-overflow -DNDEBUG -O2 -Wall -fPIC -O2 -isystem /root/miniconda3/include -fPIC -O2 -isystem /root/miniconda3/include -fPIC -c /tmp/tmpqechjkbp/test.c -o /tmp/tmpqechjkbp/test.o
08/06/2026 23:27:43 - INFO - root -   gcc -pthread -B /root/miniconda3/compiler_compat /tmp/tmpqechjkbp/test.o -L/usr/local/cuda -L/usr/local/cuda/lib64 -lcufile -o /tmp/tmpqechjkbp/a.out
08/06/2026 23:27:43 - INFO - root -   gcc -pthread -B /root/miniconda3/compiler_compat -fno-strict-overflow -DNDEBUG -O2 -Wall -fPIC -O2 -isystem /root/miniconda3/include -fPIC -O2 -isystem /root/miniconda3/include -fPIC -c /tmp/tmpqr9d4zs4/test.c -o /tmp/tmpqr9d4zs4/test.o
08/06/2026 23:27:43 - INFO - root -   gcc -pthread -B /root/miniconda3/compiler_compat /tmp/tmpqr9d4zs4/test.o -laio -o /tmp/tmpqr9d4zs4/a.out
08/06/2026 23:27:43 - INFO - root -   gcc -pthread -B /root/miniconda3/compiler_compat -fno-strict-overflow -DNDEBUG -O2 -Wall -fPIC -O2 -isystem /root/miniconda3/include -fPIC -O2 -isystem /root/miniconda3/include -fPIC -c /tmp/tmp6dm3lkl6/test.c -o /tmp/tmp6dm3lkl6/test.o
08/06/2026 23:27:43 - INFO - root -   gcc -pthread -B /root/miniconda3/compiler_compat /tmp/tmp6dm3lkl6/test.o -L/usr/local/cuda -L/usr/local/cuda/lib64 -lcufile -o /tmp/tmp6dm3lkl6/a.out
08/06/2026 23:27:43 - INFO - root -   gcc -pthread -B /root/miniconda3/compiler_compat -fno-strict-overflow -DNDEBUG -O2 -Wall -fPIC -O2 -isystem /root/miniconda3/include -fPIC -O2 -isystem /root/miniconda3/include -fPIC -c /tmp/tmpjkmce8jt/test.c -o /tmp/tmpjkmce8jt/test.o
08/06/2026 23:27:43 - INFO - root -   gcc -pthread -B /root/miniconda3/compiler_compat /tmp/tmpjkmce8jt/test.o -laio -o /tmp/tmpjkmce8jt/a.out
08/06/2026 23:27:43 - INFO - root -   gcc -pthread -B /root/miniconda3/compiler_compat -fno-strict-overflow -DNDEBUG -O2 -Wall -fPIC -O2 -isystem /root/miniconda3/include -fPIC -O2 -isystem /root/miniconda3/include -fPIC -c /tmp/tmp9bv0yaeg/test.c -o /tmp/tmp9bv0yaeg/test.o
08/06/2026 23:27:43 - INFO - root -   gcc -pthread -B /root/miniconda3/compiler_compat -fno-strict-overflow -DNDEBUG -O2 -Wall -fPIC -O2 -isystem /root/miniconda3/include -fPIC -O2 -isystem /root/miniconda3/include -fPIC -c /tmp/tmp_yjeh91e/test.c -o /tmp/tmp_yjeh91e/test.o
08/06/2026 23:27:43 - INFO - root -   gcc -pthread -B /root/miniconda3/compiler_compat /tmp/tmp9bv0yaeg/test.o -laio -o /tmp/tmp9bv0yaeg/a.out
08/06/2026 23:27:43 - INFO - root -   gcc -pthread -B /root/miniconda3/compiler_compat /tmp/tmp_yjeh91e/test.o -L/usr/local/cuda -L/usr/local/cuda/lib64 -lcufile -o /tmp/tmp_yjeh91e/a.out
08/06/2026 23:27:43 - INFO - root -   gcc -pthread -B /root/miniconda3/compiler_compat -fno-strict-overflow -DNDEBUG -O2 -Wall -fPIC -O2 -isystem /root/miniconda3/include -fPIC -O2 -isystem /root/miniconda3/include -fPIC -c /tmp/tmp6xfsk6eb/test.c -o /tmp/tmp6xfsk6eb/test.o
08/06/2026 23:27:43 - INFO - root -   gcc -pthread -B /root/miniconda3/compiler_compat /tmp/tmp6xfsk6eb/test.o -L/usr/local/cuda -L/usr/local/cuda/lib64 -lcufile -o /tmp/tmp6xfsk6eb/a.out
08/06/2026 23:27:43 - INFO - root -   gcc -pthread -B /root/miniconda3/compiler_compat -fno-strict-overflow -DNDEBUG -O2 -Wall -fPIC -O2 -isystem /root/miniconda3/include -fPIC -O2 -isystem /root/miniconda3/include -fPIC -c /tmp/tmpc7afcs2t/test.c -o /tmp/tmpc7afcs2t/test.o
08/06/2026 23:27:43 - INFO - root -   gcc -pthread -B /root/miniconda3/compiler_compat /tmp/tmpc7afcs2t/test.o -laio -o /tmp/tmpc7afcs2t/a.out
08/06/2026 23:27:43 - INFO - root -   gcc -pthread -B /root/miniconda3/compiler_compat -fno-strict-overflow -DNDEBUG -O2 -Wall -fPIC -O2 -isystem /root/miniconda3/include -fPIC -O2 -isystem /root/miniconda3/include -fPIC -c /tmp/tmpr9lzgtq8/test.c -o /tmp/tmpr9lzgtq8/test.o
08/06/2026 23:27:44 - INFO - root -   gcc -pthread -B /root/miniconda3/compiler_compat /tmp/tmpr9lzgtq8/test.o -L/usr/local/cuda -L/usr/local/cuda/lib64 -lcufile -o /tmp/tmpr9lzgtq8/a.out
08/06/2026 23:27:44 - INFO - root -   gcc -pthread -B /root/miniconda3/compiler_compat -fno-strict-overflow -DNDEBUG -O2 -Wall -fPIC -O2 -isystem /root/miniconda3/include -fPIC -O2 -isystem /root/miniconda3/include -fPIC -c /tmp/tmp9en4d8r3/test.c -o /tmp/tmp9en4d8r3/test.o
08/06/2026 23:27:44 - INFO - root -   gcc -pthread -B /root/miniconda3/compiler_compat /tmp/tmp9en4d8r3/test.o -laio -o /tmp/tmp9en4d8r3/a.out
08/06/2026 23:27:44 - INFO - root -   gcc -pthread -B /root/miniconda3/compiler_compat -fno-strict-overflow -DNDEBUG -O2 -Wall -fPIC -O2 -isystem /root/miniconda3/include -fPIC -O2 -isystem /root/miniconda3/include -fPIC -c /tmp/tmp7iki_qz6/test.c -o /tmp/tmp7iki_qz6/test.o
08/06/2026 23:27:44 - INFO - root -   gcc -pthread -B /root/miniconda3/compiler_compat /tmp/tmp7iki_qz6/test.o -L/usr/local/cuda -L/usr/local/cuda/lib64 -lcufile -o /tmp/tmp7iki_qz6/a.out
08/06/2026 23:29:17 - INFO - __main__ -   ########## full-data finetune ##########
08/06/2026 23:29:17 - INFO - __main__ -   ########## full-data finetune ##########
08/06/2026 23:29:17 - INFO - __main__ -   ########## full-data finetune ##########
08/06/2026 23:29:17 - INFO - __main__ -   ########## full-data finetune ##########
08/06/2026 23:29:17 - INFO - __main__ -   ########## full-data finetune ##########
08/06/2026 23:29:17 - INFO - __main__ -   ########## full-data finetune ##########
08/06/2026 23:29:26 - INFO - root -   gcc -pthread -B /root/miniconda3/compiler_compat -fno-strict-overflow -DNDEBUG -O2 -Wall -fPIC -O2 -isystem /root/miniconda3/include -fPIC -O2 -isystem /root/miniconda3/include -fPIC -c /tmp/tmpk85s5uie/test.c -o /tmp/tmpk85s5uie/test.o
08/06/2026 23:29:26 - INFO - root -   gcc -pthread -B /root/miniconda3/compiler_compat /tmp/tmpk85s5uie/test.o -laio -o /tmp/tmpk85s5uie/a.out
08/06/2026 23:29:26 - INFO - root -   gcc -pthread -B /root/miniconda3/compiler_compat -fno-strict-overflow -DNDEBUG -O2 -Wall -fPIC -O2 -isystem /root/miniconda3/include -fPIC -O2 -isystem /root/miniconda3/include -fPIC -c /tmp/tmpxwynr5a8/test.c -o /tmp/tmpxwynr5a8/test.o
08/06/2026 23:29:26 - INFO - root -   gcc -pthread -B /root/miniconda3/compiler_compat -fno-strict-overflow -DNDEBUG -O2 -Wall -fPIC -O2 -isystem /root/miniconda3/include -fPIC -O2 -isystem /root/miniconda3/include -fPIC -c /tmp/tmpw31sy8cg/test.c -o /tmp/tmpw31sy8cg/test.o
08/06/2026 23:29:26 - INFO - root -   gcc -pthread -B /root/miniconda3/compiler_compat /tmp/tmpxwynr5a8/test.o -laio -o /tmp/tmpxwynr5a8/a.out
08/06/2026 23:29:26 - INFO - root -   gcc -pthread -B /root/miniconda3/compiler_compat /tmp/tmpw31sy8cg/test.o -L/usr/local/cuda -L/usr/local/cuda/lib64 -lcufile -o /tmp/tmpw31sy8cg/a.out
08/06/2026 23:29:26 - INFO - root -   gcc -pthread -B /root/miniconda3/compiler_compat -fno-strict-overflow -DNDEBUG -O2 -Wall -fPIC -O2 -isystem /root/miniconda3/include -fPIC -O2 -isystem /root/miniconda3/include -fPIC -c /tmp/tmpoh7z_2kk/test.c -o /tmp/tmpoh7z_2kk/test.o
08/06/2026 23:29:26 - INFO - root -   gcc -pthread -B /root/miniconda3/compiler_compat /tmp/tmpoh7z_2kk/test.o -L/usr/local/cuda -L/usr/local/cuda/lib64 -lcufile -o /tmp/tmpoh7z_2kk/a.out
08/06/2026 23:29:26 - INFO - root -   gcc -pthread -B /root/miniconda3/compiler_compat -fno-strict-overflow -DNDEBUG -O2 -Wall -fPIC -O2 -isystem /root/miniconda3/include -fPIC -O2 -isystem /root/miniconda3/include -fPIC -c /tmp/tmpz0kzfcf9/test.c -o /tmp/tmpz0kzfcf9/test.o
08/06/2026 23:29:26 - INFO - root -   gcc -pthread -B /root/miniconda3/compiler_compat /tmp/tmpz0kzfcf9/test.o -laio -o /tmp/tmpz0kzfcf9/a.out
08/06/2026 23:29:26 - INFO - root -   gcc -pthread -B /root/miniconda3/compiler_compat -fno-strict-overflow -DNDEBUG -O2 -Wall -fPIC -O2 -isystem /root/miniconda3/include -fPIC -O2 -isystem /root/miniconda3/include -fPIC -c /tmp/tmpjv9lw4iu/test.c -o /tmp/tmpjv9lw4iu/test.o
08/06/2026 23:29:26 - INFO - root -   gcc -pthread -B /root/miniconda3/compiler_compat /tmp/tmpjv9lw4iu/test.o -L/usr/local/cuda -L/usr/local/cuda/lib64 -lcufile -o /tmp/tmpjv9lw4iu/a.out
08/06/2026 23:29:26 - INFO - root -   gcc -pthread -B /root/miniconda3/compiler_compat -fno-strict-overflow -DNDEBUG -O2 -Wall -fPIC -O2 -isystem /root/miniconda3/include -fPIC -O2 -isystem /root/miniconda3/include -fPIC -c /tmp/tmp2dxt8k0f/test.c -o /tmp/tmp2dxt8k0f/test.o
08/06/2026 23:29:26 - INFO - root -   gcc -pthread -B /root/miniconda3/compiler_compat /tmp/tmp2dxt8k0f/test.o -laio -o /tmp/tmp2dxt8k0f/a.out
08/06/2026 23:29:26 - INFO - root -   gcc -pthread -B /root/miniconda3/compiler_compat -fno-strict-overflow -DNDEBUG -O2 -Wall -fPIC -O2 -isystem /root/miniconda3/include -fPIC -O2 -isystem /root/miniconda3/include -fPIC -c /tmp/tmpea5360zy/test.c -o /tmp/tmpea5360zy/test.o
08/06/2026 23:29:26 - INFO - root -   gcc -pthread -B /root/miniconda3/compiler_compat /tmp/tmpea5360zy/test.o -L/usr/local/cuda -L/usr/local/cuda/lib64 -lcufile -o /tmp/tmpea5360zy/a.out
08/06/2026 23:29:26 - INFO - root -   gcc -pthread -B /root/miniconda3/compiler_compat -fno-strict-overflow -DNDEBUG -O2 -Wall -fPIC -O2 -isystem /root/miniconda3/include -fPIC -O2 -isystem /root/miniconda3/include -fPIC -c /tmp/tmp0qmnkcwt/test.c -o /tmp/tmp0qmnkcwt/test.o
08/06/2026 23:29:26 - INFO - root -   gcc -pthread -B /root/miniconda3/compiler_compat /tmp/tmp0qmnkcwt/test.o -laio -o /tmp/tmp0qmnkcwt/a.out
08/06/2026 23:29:26 - INFO - root -   gcc -pthread -B /root/miniconda3/compiler_compat -fno-strict-overflow -DNDEBUG -O2 -Wall -fPIC -O2 -isystem /root/miniconda3/include -fPIC -O2 -isystem /root/miniconda3/include -fPIC -c /tmp/tmph98iitee/test.c -o /tmp/tmph98iitee/test.o
08/06/2026 23:29:26 - INFO - root -   gcc -pthread -B /root/miniconda3/compiler_compat /tmp/tmph98iitee/test.o -L/usr/local/cuda -L/usr/local/cuda/lib64 -lcufile -o /tmp/tmph98iitee/a.out
08/06/2026 23:29:28 - INFO - root -   gcc -pthread -B /root/miniconda3/compiler_compat -fno-strict-overflow -DNDEBUG -O2 -Wall -fPIC -O2 -isystem /root/miniconda3/include -fPIC -O2 -isystem /root/miniconda3/include -fPIC -c /tmp/tmpvy2fq4p0/test.c -o /tmp/tmpvy2fq4p0/test.o
08/06/2026 23:29:28 - INFO - root -   gcc -pthread -B /root/miniconda3/compiler_compat /tmp/tmpvy2fq4p0/test.o -laio -o /tmp/tmpvy2fq4p0/a.out
08/06/2026 23:29:28 - INFO - root -   gcc -pthread -B /root/miniconda3/compiler_compat -fno-strict-overflow -DNDEBUG -O2 -Wall -fPIC -O2 -isystem /root/miniconda3/include -fPIC -O2 -isystem /root/miniconda3/include -fPIC -c /tmp/tmpd6hhpqqr/test.c -o /tmp/tmpd6hhpqqr/test.o
08/06/2026 23:29:28 - INFO - root -   gcc -pthread -B /root/miniconda3/compiler_compat /tmp/tmpd6hhpqqr/test.o -L/usr/local/cuda -L/usr/local/cuda/lib64 -lcufile -o /tmp/tmpd6hhpqqr/a.out
08/06/2026 23:29:32 - INFO - utils.trainer -   Model checkpoint doesn't exist: ../output_dir/TimeLLM_FutureFCCAUEEG_train/TimeLLM-0.bin — skip loading
08/06/2026 23:29:32 - INFO - utils.trainer -   Model checkpoint doesn't exist: ../output_dir/TimeLLM_FutureFCCAUEEG_train/TimeLLM-0.bin — skip loading
08/06/2026 23:29:32 - INFO - utils.trainer -   Model checkpoint doesn't exist: ../output_dir/TimeLLM_FutureFCCAUEEG_train/TimeLLM-0.bin — skip loading
08/06/2026 23:29:32 - INFO - utils.trainer -   Model checkpoint doesn't exist: ../output_dir/TimeLLM_FutureFCCAUEEG_train/TimeLLM-0.bin — skip loading
08/06/2026 23:29:32 - INFO - utils.trainer -   ***** Running few-shot fine-tune (transfer) *****
08/06/2026 23:29:32 - INFO - utils.trainer -     Num train examples = 296
08/06/2026 23:29:32 - INFO - utils.trainer -     Num val   examples = 62
08/06/2026 23:29:32 - INFO - utils.trainer -     Num test  examples = 65
08/06/2026 23:29:32 - INFO - utils.trainer -     Max fine-tune epochs = 200
08/06/2026 23:29:32 - INFO - utils.trainer -     Fine-tune lr = 1e-05
08/06/2026 23:29:32 - INFO - utils.trainer -   Model checkpoint doesn't exist: ../output_dir/TimeLLM_FutureFCCAUEEG_train/TimeLLM-0.bin — skip loading
08/06/2026 23:29:32 - INFO - utils.trainer -   Model checkpoint doesn't exist: ../output_dir/TimeLLM_FutureFCCAUEEG_train/TimeLLM-0.bin — skip loading
08/06/2026 23:30:39 - INFO - utils.trainer -   ***** Running evaluation on val dataset *****
08/06/2026 23:30:45 - INFO - utils.trainer -   Loss: 0.76065
08/06/2026 23:30:45 - INFO - utils.trainer -   AUC: 0.51764
08/06/2026 23:30:45 - INFO - utils.trainer -   Accuracy: 0.45833
08/06/2026 23:30:45 - INFO - utils.trainer -   Precision: 0.00000
08/06/2026 23:30:45 - INFO - utils.trainer -   Specificity: 1.00000
08/06/2026 23:30:45 - INFO - utils.trainer -   Sensitivity: 0.00000
08/06/2026 23:30:45 - INFO - utils.trainer -   Model saved to output_dir/TimeLLM_DiseaseCAUEEG_zeroshot_best
08/06/2026 23:30:45 - INFO - utils.trainer -   Best model saved (val Loss=0.7606, epoch=1)
08/06/2026 23:30:45 - INFO - utils.trainer -   FT Epoch: 1/200, Train Loss: 0.71407, Val Loss: 0.76065, Val Loss: 0.7606, Best Loss: 0.7606, No improve: 0/25, Time: 67.4s
08/06/2026 23:32:02 - INFO - __main__ -   ########## full-data finetune ##########
08/06/2026 23:32:02 - INFO - __main__ -   ########## full-data finetune ##########
08/06/2026 23:32:02 - INFO - __main__ -   ########## full-data finetune ##########
08/06/2026 23:32:02 - INFO - __main__ -   ########## full-data finetune ##########
08/06/2026 23:32:02 - INFO - __main__ -   ########## full-data finetune ##########
08/06/2026 23:32:02 - INFO - __main__ -   ########## full-data finetune ##########
08/06/2026 23:32:11 - INFO - root -   gcc -pthread -B /root/miniconda3/compiler_compat -fno-strict-overflow -DNDEBUG -O2 -Wall -fPIC -O2 -isystem /root/miniconda3/include -fPIC -O2 -isystem /root/miniconda3/include -fPIC -c /tmp/tmpwq3mee4p/test.c -o /tmp/tmpwq3mee4p/test.o
08/06/2026 23:32:11 - INFO - root -   gcc -pthread -B /root/miniconda3/compiler_compat /tmp/tmpwq3mee4p/test.o -laio -o /tmp/tmpwq3mee4p/a.out
08/06/2026 23:32:11 - INFO - root -   gcc -pthread -B /root/miniconda3/compiler_compat -fno-strict-overflow -DNDEBUG -O2 -Wall -fPIC -O2 -isystem /root/miniconda3/include -fPIC -O2 -isystem /root/miniconda3/include -fPIC -c /tmp/tmp7owpyyqk/test.c -o /tmp/tmp7owpyyqk/test.o
08/06/2026 23:32:11 - INFO - root -   gcc -pthread -B /root/miniconda3/compiler_compat -fno-strict-overflow -DNDEBUG -O2 -Wall -fPIC -O2 -isystem /root/miniconda3/include -fPIC -O2 -isystem /root/miniconda3/include -fPIC -c /tmp/tmp9wnan686/test.c -o /tmp/tmp9wnan686/test.o
08/06/2026 23:32:11 - INFO - root -   gcc -pthread -B /root/miniconda3/compiler_compat /tmp/tmp7owpyyqk/test.o -L/usr/local/cuda -L/usr/local/cuda/lib64 -lcufile -o /tmp/tmp7owpyyqk/a.out
08/06/2026 23:32:11 - INFO - root -   gcc -pthread -B /root/miniconda3/compiler_compat /tmp/tmp9wnan686/test.o -laio -o /tmp/tmp9wnan686/a.out
08/06/2026 23:32:11 - INFO - root -   gcc -pthread -B /root/miniconda3/compiler_compat -fno-strict-overflow -DNDEBUG -O2 -Wall -fPIC -O2 -isystem /root/miniconda3/include -fPIC -O2 -isystem /root/miniconda3/include -fPIC -c /tmp/tmpvlerek6v/test.c -o /tmp/tmpvlerek6v/test.o
08/06/2026 23:32:11 - INFO - root -   gcc -pthread -B /root/miniconda3/compiler_compat /tmp/tmpvlerek6v/test.o -L/usr/local/cuda -L/usr/local/cuda/lib64 -lcufile -o /tmp/tmpvlerek6v/a.out
08/06/2026 23:32:11 - INFO - root -   gcc -pthread -B /root/miniconda3/compiler_compat -fno-strict-overflow -DNDEBUG -O2 -Wall -fPIC -O2 -isystem /root/miniconda3/include -fPIC -O2 -isystem /root/miniconda3/include -fPIC -c /tmp/tmpkwpa6nzo/test.c -o /tmp/tmpkwpa6nzo/test.o
08/06/2026 23:32:11 - INFO - root -   gcc -pthread -B /root/miniconda3/compiler_compat /tmp/tmpkwpa6nzo/test.o -laio -o /tmp/tmpkwpa6nzo/a.out
08/06/2026 23:32:11 - INFO - root -   gcc -pthread -B /root/miniconda3/compiler_compat -fno-strict-overflow -DNDEBUG -O2 -Wall -fPIC -O2 -isystem /root/miniconda3/include -fPIC -O2 -isystem /root/miniconda3/include -fPIC -c /tmp/tmpwg128vk9/test.c -o /tmp/tmpwg128vk9/test.o
08/06/2026 23:32:11 - INFO - root -   gcc -pthread -B /root/miniconda3/compiler_compat -fno-strict-overflow -DNDEBUG -O2 -Wall -fPIC -O2 -isystem /root/miniconda3/include -fPIC -O2 -isystem /root/miniconda3/include -fPIC -c /tmp/tmphiwwnbuu/test.c -o /tmp/tmphiwwnbuu/test.o
08/06/2026 23:32:11 - INFO - root -   gcc -pthread -B /root/miniconda3/compiler_compat /tmp/tmpwg128vk9/test.o -L/usr/local/cuda -L/usr/local/cuda/lib64 -lcufile -o /tmp/tmpwg128vk9/a.out
08/06/2026 23:32:11 - INFO - root -   gcc -pthread -B /root/miniconda3/compiler_compat /tmp/tmphiwwnbuu/test.o -laio -o /tmp/tmphiwwnbuu/a.out
08/06/2026 23:32:11 - INFO - root -   gcc -pthread -B /root/miniconda3/compiler_compat -fno-strict-overflow -DNDEBUG -O2 -Wall -fPIC -O2 -isystem /root/miniconda3/include -fPIC -O2 -isystem /root/miniconda3/include -fPIC -c /tmp/tmpqa38kc77/test.c -o /tmp/tmpqa38kc77/test.o
08/06/2026 23:32:11 - INFO - root -   gcc -pthread -B /root/miniconda3/compiler_compat /tmp/tmpqa38kc77/test.o -L/usr/local/cuda -L/usr/local/cuda/lib64 -lcufile -o /tmp/tmpqa38kc77/a.out
08/06/2026 23:32:12 - INFO - root -   gcc -pthread -B /root/miniconda3/compiler_compat -fno-strict-overflow -DNDEBUG -O2 -Wall -fPIC -O2 -isystem /root/miniconda3/include -fPIC -O2 -isystem /root/miniconda3/include -fPIC -c /tmp/tmps9rg0vad/test.c -o /tmp/tmps9rg0vad/test.o
08/06/2026 23:32:12 - INFO - root -   gcc -pthread -B /root/miniconda3/compiler_compat /tmp/tmps9rg0vad/test.o -laio -o /tmp/tmps9rg0vad/a.out
08/06/2026 23:32:12 - INFO - root -   gcc -pthread -B /root/miniconda3/compiler_compat -fno-strict-overflow -DNDEBUG -O2 -Wall -fPIC -O2 -isystem /root/miniconda3/include -fPIC -O2 -isystem /root/miniconda3/include -fPIC -c /tmp/tmpsg_afui0/test.c -o /tmp/tmpsg_afui0/test.o
08/06/2026 23:32:12 - INFO - root -   gcc -pthread -B /root/miniconda3/compiler_compat /tmp/tmpsg_afui0/test.o -L/usr/local/cuda -L/usr/local/cuda/lib64 -lcufile -o /tmp/tmpsg_afui0/a.out
08/06/2026 23:32:14 - INFO - root -   gcc -pthread -B /root/miniconda3/compiler_compat -fno-strict-overflow -DNDEBUG -O2 -Wall -fPIC -O2 -isystem /root/miniconda3/include -fPIC -O2 -isystem /root/miniconda3/include -fPIC -c /tmp/tmp86w97_qn/test.c -o /tmp/tmp86w97_qn/test.o
08/06/2026 23:32:14 - INFO - root -   gcc -pthread -B /root/miniconda3/compiler_compat /tmp/tmp86w97_qn/test.o -laio -o /tmp/tmp86w97_qn/a.out
08/06/2026 23:32:14 - INFO - root -   gcc -pthread -B /root/miniconda3/compiler_compat -fno-strict-overflow -DNDEBUG -O2 -Wall -fPIC -O2 -isystem /root/miniconda3/include -fPIC -O2 -isystem /root/miniconda3/include -fPIC -c /tmp/tmpzfvt5k23/test.c -o /tmp/tmpzfvt5k23/test.o
08/06/2026 23:32:14 - INFO - root -   gcc -pthread -B /root/miniconda3/compiler_compat /tmp/tmpzfvt5k23/test.o -L/usr/local/cuda -L/usr/local/cuda/lib64 -lcufile -o /tmp/tmpzfvt5k23/a.out
08/06/2026 23:32:19 - INFO - utils.trainer -     2 prompt-buffer key(s) skipped (kept target-dataset prompt)
08/06/2026 23:32:19 - INFO - utils.trainer -     584 keys not in checkpoint (kept from init)
08/06/2026 23:32:19 - INFO - utils.trainer -   Model loaded from ./output_dir/TimeLLM_FutureFCCAUEEG_train/TimeLLM-0.bin (19/21 keys)
08/06/2026 23:32:19 - INFO - utils.trainer -     2 prompt-buffer key(s) skipped (kept target-dataset prompt)
08/06/2026 23:32:19 - INFO - utils.trainer -     584 keys not in checkpoint (kept from init)
08/06/2026 23:32:19 - INFO - utils.trainer -   Model loaded from ./output_dir/TimeLLM_FutureFCCAUEEG_train/TimeLLM-0.bin (19/21 keys)
08/06/2026 23:32:19 - INFO - utils.trainer -   ***** Running few-shot fine-tune (transfer) *****
08/06/2026 23:32:19 - INFO - utils.trainer -     Num train examples = 296
08/06/2026 23:32:19 - INFO - utils.trainer -     Num val   examples = 62
08/06/2026 23:32:19 - INFO - utils.trainer -     Num test  examples = 65
08/06/2026 23:32:19 - INFO - utils.trainer -     Max fine-tune epochs = 200
08/06/2026 23:32:19 - INFO - utils.trainer -     Fine-tune lr = 1e-05
08/06/2026 23:32:19 - INFO - utils.trainer -     2 prompt-buffer key(s) skipped (kept target-dataset prompt)
08/06/2026 23:32:19 - INFO - utils.trainer -     584 keys not in checkpoint (kept from init)
08/06/2026 23:32:19 - INFO - utils.trainer -   Model loaded from ./output_dir/TimeLLM_FutureFCCAUEEG_train/TimeLLM-0.bin (19/21 keys)
08/06/2026 23:32:19 - INFO - utils.trainer -     2 prompt-buffer key(s) skipped (kept target-dataset prompt)
08/06/2026 23:32:19 - INFO - utils.trainer -     584 keys not in checkpoint (kept from init)
08/06/2026 23:32:19 - INFO - utils.trainer -   Model loaded from ./output_dir/TimeLLM_FutureFCCAUEEG_train/TimeLLM-0.bin (19/21 keys)
08/06/2026 23:32:19 - INFO - utils.trainer -     2 prompt-buffer key(s) skipped (kept target-dataset prompt)
08/06/2026 23:32:19 - INFO - utils.trainer -     584 keys not in checkpoint (kept from init)
08/06/2026 23:32:19 - INFO - utils.trainer -   Model loaded from ./output_dir/TimeLLM_FutureFCCAUEEG_train/TimeLLM-0.bin (19/21 keys)
08/06/2026 23:32:19 - INFO - utils.trainer -     2 prompt-buffer key(s) skipped (kept target-dataset prompt)
08/06/2026 23:32:19 - INFO - utils.trainer -     584 keys not in checkpoint (kept from init)
08/06/2026 23:32:19 - INFO - utils.trainer -   Model loaded from ./output_dir/TimeLLM_FutureFCCAUEEG_train/TimeLLM-0.bin (19/21 keys)
08/06/2026 23:33:26 - INFO - utils.trainer -   ***** Running evaluation on val dataset *****
08/06/2026 23:33:32 - INFO - utils.trainer -   Loss: 0.76588
08/06/2026 23:33:32 - INFO - utils.trainer -   AUC: 0.50538
08/06/2026 23:33:32 - INFO - utils.trainer -   Accuracy: 0.45833
08/06/2026 23:33:32 - INFO - utils.trainer -   Precision: 0.00000
08/06/2026 23:33:32 - INFO - utils.trainer -   Specificity: 1.00000
08/06/2026 23:33:32 - INFO - utils.trainer -   Sensitivity: 0.00000
08/06/2026 23:33:33 - INFO - utils.trainer -   Model saved to output_dir/TimeLLM_DiseaseCAUEEG_zeroshot_best
08/06/2026 23:33:33 - INFO - utils.trainer -   Best model saved (val Loss=0.7659, epoch=1)
08/06/2026 23:33:33 - INFO - utils.trainer -   FT Epoch: 1/200, Train Loss: 0.72099, Val Loss: 0.76588, Val Loss: 0.7659, Best Loss: 0.7659, No improve: 0/25, Time: 67.2s
08/06/2026 23:34:39 - INFO - utils.trainer -   ***** Running evaluation on val dataset *****
08/06/2026 23:34:44 - INFO - utils.trainer -   Loss: 0.71434
08/06/2026 23:34:44 - INFO - utils.trainer -   AUC: 0.49592
08/06/2026 23:34:44 - INFO - utils.trainer -   Accuracy: 0.45833
08/06/2026 23:34:44 - INFO - utils.trainer -   Precision: 0.00000
08/06/2026 23:34:44 - INFO - utils.trainer -   Specificity: 1.00000
08/06/2026 23:34:44 - INFO - utils.trainer -   Sensitivity: 0.00000
08/06/2026 23:34:45 - INFO - utils.trainer -   Model saved to output_dir/TimeLLM_DiseaseCAUEEG_zeroshot_best
08/06/2026 23:34:45 - INFO - utils.trainer -   Best model saved (val Loss=0.7143, epoch=2)
08/06/2026 23:34:45 - INFO - utils.trainer -   FT Epoch: 2/200, Train Loss: 0.71001, Val Loss: 0.71434, Val Loss: 0.7143, Best Loss: 0.7143, No improve: 0/25, Time: 66.3s
