08/07/2026 19:53:36 - INFO - __main__ -   ########## full-data finetune ##########
08/07/2026 19:53:36 - INFO - __main__ -   ########## full-data finetune ##########
08/07/2026 19:53:36 - INFO - __main__ -   ########## full-data finetune ##########
08/07/2026 19:53:36 - INFO - __main__ -   ########## full-data finetune ##########
08/07/2026 19:53:36 - INFO - __main__ -   ########## full-data finetune ##########
08/07/2026 19:53:36 - INFO - __main__ -   ########## full-data finetune ##########
08/07/2026 19:53:45 - INFO - root -   gcc -pthread -B /root/miniconda3/compiler_compat -fno-strict-overflow -DNDEBUG -O2 -Wall -fPIC -O2 -isystem /root/miniconda3/include -fPIC -O2 -isystem /root/miniconda3/include -fPIC -c /tmp/tmpm4pmb8so/test.c -o /tmp/tmpm4pmb8so/test.o
08/07/2026 19:53:45 - INFO - root -   gcc -pthread -B /root/miniconda3/compiler_compat /tmp/tmpm4pmb8so/test.o -laio -o /tmp/tmpm4pmb8so/a.out
08/07/2026 19:53:45 - INFO - root -   gcc -pthread -B /root/miniconda3/compiler_compat -fno-strict-overflow -DNDEBUG -O2 -Wall -fPIC -O2 -isystem /root/miniconda3/include -fPIC -O2 -isystem /root/miniconda3/include -fPIC -c /tmp/tmp_wjgjpi9/test.c -o /tmp/tmp_wjgjpi9/test.o
08/07/2026 19:53:45 - INFO - root -   gcc -pthread -B /root/miniconda3/compiler_compat /tmp/tmp_wjgjpi9/test.o -L/usr/local/cuda -L/usr/local/cuda/lib64 -lcufile -o /tmp/tmp_wjgjpi9/a.out
08/07/2026 19:53:45 - INFO - root -   gcc -pthread -B /root/miniconda3/compiler_compat -fno-strict-overflow -DNDEBUG -O2 -Wall -fPIC -O2 -isystem /root/miniconda3/include -fPIC -O2 -isystem /root/miniconda3/include -fPIC -c /tmp/tmptwd42vli/test.c -o /tmp/tmptwd42vli/test.o
08/07/2026 19:53:46 - INFO - root -   gcc -pthread -B /root/miniconda3/compiler_compat /tmp/tmptwd42vli/test.o -laio -o /tmp/tmptwd42vli/a.out
08/07/2026 19:53:46 - INFO - root -   gcc -pthread -B /root/miniconda3/compiler_compat -fno-strict-overflow -DNDEBUG -O2 -Wall -fPIC -O2 -isystem /root/miniconda3/include -fPIC -O2 -isystem /root/miniconda3/include -fPIC -c /tmp/tmpba1pgrqe/test.c -o /tmp/tmpba1pgrqe/test.o
08/07/2026 19:53:46 - INFO - root -   gcc -pthread -B /root/miniconda3/compiler_compat /tmp/tmpba1pgrqe/test.o -L/usr/local/cuda -L/usr/local/cuda/lib64 -lcufile -o /tmp/tmpba1pgrqe/a.out
08/07/2026 19:53:46 - INFO - root -   gcc -pthread -B /root/miniconda3/compiler_compat -fno-strict-overflow -DNDEBUG -O2 -Wall -fPIC -O2 -isystem /root/miniconda3/include -fPIC -O2 -isystem /root/miniconda3/include -fPIC -c /tmp/tmpja73pr30/test.c -o /tmp/tmpja73pr30/test.o
08/07/2026 19:53:46 - INFO - root -   gcc -pthread -B /root/miniconda3/compiler_compat /tmp/tmpja73pr30/test.o -laio -o /tmp/tmpja73pr30/a.out
08/07/2026 19:53:46 - INFO - root -   gcc -pthread -B /root/miniconda3/compiler_compat -fno-strict-overflow -DNDEBUG -O2 -Wall -fPIC -O2 -isystem /root/miniconda3/include -fPIC -O2 -isystem /root/miniconda3/include -fPIC -c /tmp/tmp4t1u0l0s/test.c -o /tmp/tmp4t1u0l0s/test.o
08/07/2026 19:53:46 - INFO - root -   gcc -pthread -B /root/miniconda3/compiler_compat /tmp/tmp4t1u0l0s/test.o -L/usr/local/cuda -L/usr/local/cuda/lib64 -lcufile -o /tmp/tmp4t1u0l0s/a.out
08/07/2026 19:53:46 - INFO - root -   gcc -pthread -B /root/miniconda3/compiler_compat -fno-strict-overflow -DNDEBUG -O2 -Wall -fPIC -O2 -isystem /root/miniconda3/include -fPIC -O2 -isystem /root/miniconda3/include -fPIC -c /tmp/tmppk2736_9/test.c -o /tmp/tmppk2736_9/test.o
08/07/2026 19:53:46 - INFO - root -   gcc -pthread -B /root/miniconda3/compiler_compat /tmp/tmppk2736_9/test.o -laio -o /tmp/tmppk2736_9/a.out
08/07/2026 19:53:46 - INFO - root -   gcc -pthread -B /root/miniconda3/compiler_compat -fno-strict-overflow -DNDEBUG -O2 -Wall -fPIC -O2 -isystem /root/miniconda3/include -fPIC -O2 -isystem /root/miniconda3/include -fPIC -c /tmp/tmp5kbl1jkd/test.c -o /tmp/tmp5kbl1jkd/test.o
08/07/2026 19:53:46 - INFO - root -   gcc -pthread -B /root/miniconda3/compiler_compat /tmp/tmp5kbl1jkd/test.o -L/usr/local/cuda -L/usr/local/cuda/lib64 -lcufile -o /tmp/tmp5kbl1jkd/a.out
08/07/2026 19:53:48 - INFO - root -   gcc -pthread -B /root/miniconda3/compiler_compat -fno-strict-overflow -DNDEBUG -O2 -Wall -fPIC -O2 -isystem /root/miniconda3/include -fPIC -O2 -isystem /root/miniconda3/include -fPIC -c /tmp/tmpar8k_8fk/test.c -o /tmp/tmpar8k_8fk/test.o
08/07/2026 19:53:48 - INFO - root -   gcc -pthread -B /root/miniconda3/compiler_compat /tmp/tmpar8k_8fk/test.o -laio -o /tmp/tmpar8k_8fk/a.out
08/07/2026 19:53:48 - INFO - root -   gcc -pthread -B /root/miniconda3/compiler_compat -fno-strict-overflow -DNDEBUG -O2 -Wall -fPIC -O2 -isystem /root/miniconda3/include -fPIC -O2 -isystem /root/miniconda3/include -fPIC -c /tmp/tmp92rop8q2/test.c -o /tmp/tmp92rop8q2/test.o
08/07/2026 19:53:48 - INFO - root -   gcc -pthread -B /root/miniconda3/compiler_compat /tmp/tmp92rop8q2/test.o -L/usr/local/cuda -L/usr/local/cuda/lib64 -lcufile -o /tmp/tmp92rop8q2/a.out
08/07/2026 19:53:48 - INFO - root -   gcc -pthread -B /root/miniconda3/compiler_compat -fno-strict-overflow -DNDEBUG -O2 -Wall -fPIC -O2 -isystem /root/miniconda3/include -fPIC -O2 -isystem /root/miniconda3/include -fPIC -c /tmp/tmpx2dt7q4m/test.c -o /tmp/tmpx2dt7q4m/test.o
08/07/2026 19:53:48 - INFO - root -   gcc -pthread -B /root/miniconda3/compiler_compat /tmp/tmpx2dt7q4m/test.o -laio -o /tmp/tmpx2dt7q4m/a.out
08/07/2026 19:53:48 - INFO - root -   gcc -pthread -B /root/miniconda3/compiler_compat -fno-strict-overflow -DNDEBUG -O2 -Wall -fPIC -O2 -isystem /root/miniconda3/include -fPIC -O2 -isystem /root/miniconda3/include -fPIC -c /tmp/tmplbd7nfrl/test.c -o /tmp/tmplbd7nfrl/test.o
08/07/2026 19:53:48 - INFO - root -   gcc -pthread -B /root/miniconda3/compiler_compat /tmp/tmplbd7nfrl/test.o -L/usr/local/cuda -L/usr/local/cuda/lib64 -lcufile -o /tmp/tmplbd7nfrl/a.out
08/07/2026 19:53:53 - INFO - utils.trainer -     2 prompt-buffer key(s) skipped (kept target-dataset prompt)
08/07/2026 19:53:53 - INFO - utils.trainer -     584 keys not in checkpoint (kept from init)
08/07/2026 19:53:53 - INFO - utils.trainer -   Model loaded from ./output_dir/TimeLLM_FutureFCCAUEEG_train/TimeLLM-0.bin (19/21 keys)
08/07/2026 19:53:53 - INFO - utils.trainer -     2 prompt-buffer key(s) skipped (kept target-dataset prompt)
08/07/2026 19:53:53 - INFO - utils.trainer -     584 keys not in checkpoint (kept from init)
08/07/2026 19:53:53 - INFO - utils.trainer -   Model loaded from ./output_dir/TimeLLM_FutureFCCAUEEG_train/TimeLLM-0.bin (19/21 keys)
08/07/2026 19:53:53 - INFO - utils.trainer -     2 prompt-buffer key(s) skipped (kept target-dataset prompt)
08/07/2026 19:53:53 - INFO - utils.trainer -     584 keys not in checkpoint (kept from init)
08/07/2026 19:53:53 - INFO - utils.trainer -   Model loaded from ./output_dir/TimeLLM_FutureFCCAUEEG_train/TimeLLM-0.bin (19/21 keys)
08/07/2026 19:53:53 - INFO - utils.trainer -   ***** Running few-shot fine-tune (transfer) *****
08/07/2026 19:53:53 - INFO - utils.trainer -     Num train examples = 296
08/07/2026 19:53:53 - INFO - utils.trainer -     Num val   examples = 62
08/07/2026 19:53:53 - INFO - utils.trainer -     Num test  examples = 65
08/07/2026 19:53:53 - INFO - utils.trainer -     Max fine-tune epochs = 200
08/07/2026 19:53:53 - INFO - utils.trainer -     Fine-tune lr = 1e-05
08/07/2026 19:53:53 - INFO - utils.trainer -     2 prompt-buffer key(s) skipped (kept target-dataset prompt)
08/07/2026 19:53:53 - INFO - utils.trainer -     584 keys not in checkpoint (kept from init)
08/07/2026 19:53:53 - INFO - utils.trainer -   Model loaded from ./output_dir/TimeLLM_FutureFCCAUEEG_train/TimeLLM-0.bin (19/21 keys)
08/07/2026 19:53:53 - INFO - utils.trainer -     2 prompt-buffer key(s) skipped (kept target-dataset prompt)
08/07/2026 19:53:53 - INFO - utils.trainer -     584 keys not in checkpoint (kept from init)
08/07/2026 19:53:53 - INFO - utils.trainer -     2 prompt-buffer key(s) skipped (kept target-dataset prompt)
08/07/2026 19:53:53 - INFO - utils.trainer -   Model loaded from ./output_dir/TimeLLM_FutureFCCAUEEG_train/TimeLLM-0.bin (19/21 keys)
08/07/2026 19:53:53 - INFO - utils.trainer -     584 keys not in checkpoint (kept from init)
08/07/2026 19:53:53 - INFO - utils.trainer -   Model loaded from ./output_dir/TimeLLM_FutureFCCAUEEG_train/TimeLLM-0.bin (19/21 keys)
08/07/2026 19:54:46 - INFO - utils.trainer -   ***** Running evaluation on val dataset *****
08/07/2026 19:54:55 - INFO - utils.trainer -   Loss: 0.71346
08/07/2026 19:54:55 - INFO - utils.trainer -   AUC: 0.53427
08/07/2026 19:54:55 - INFO - utils.trainer -   Accuracy: 0.45833
08/07/2026 19:54:55 - INFO - utils.trainer -   Precision: 0.00000
08/07/2026 19:54:55 - INFO - utils.trainer -   Specificity: 1.00000
08/07/2026 19:54:55 - INFO - utils.trainer -   Sensitivity: 0.00000
08/07/2026 19:54:55 - INFO - utils.trainer -   Model saved to output_dir/TimeLLM_DiseaseCAUEEG_fulldata_best
08/07/2026 19:54:55 - INFO - utils.trainer -   Best model saved (val AUC=0.5343, epoch=1)
08/07/2026 19:54:55 - INFO - utils.trainer -   FT Epoch: 1/200, Train Loss: 0.71616, Val Loss: 0.71346, Val AUC: 0.5343, Best AUC: 0.5343, No improve: 0/10, Time: 53.2s
08/07/2026 19:55:47 - INFO - utils.trainer -   ***** Running evaluation on val dataset *****
08/07/2026 19:55:57 - INFO - utils.trainer -   Loss: 0.68448
08/07/2026 19:55:57 - INFO - utils.trainer -   AUC: 0.57745
08/07/2026 19:55:57 - INFO - utils.trainer -   Accuracy: 0.54973
08/07/2026 19:55:57 - INFO - utils.trainer -   Precision: 0.54620
08/07/2026 19:55:57 - INFO - utils.trainer -   Specificity: 0.02053
08/07/2026 19:55:57 - INFO - utils.trainer -   Sensitivity: 0.99752
08/07/2026 19:55:57 - INFO - utils.trainer -   Model saved to output_dir/TimeLLM_DiseaseCAUEEG_fulldata_best
08/07/2026 19:55:57 - INFO - utils.trainer -   Best model saved (val AUC=0.5775, epoch=2)
08/07/2026 19:55:57 - INFO - utils.trainer -   FT Epoch: 2/200, Train Loss: 0.72146, Val Loss: 0.68448, Val AUC: 0.5775, Best AUC: 0.5775, No improve: 0/10, Time: 51.7s
08/07/2026 19:56:48 - INFO - utils.trainer -   ***** Running evaluation on val dataset *****
08/07/2026 19:56:58 - INFO - utils.trainer -   Loss: 0.68373
08/07/2026 19:56:58 - INFO - utils.trainer -   AUC: 0.60452
08/07/2026 19:56:58 - INFO - utils.trainer -   Accuracy: 0.57392
08/07/2026 19:56:58 - INFO - utils.trainer -   Precision: 0.59641
08/07/2026 19:56:58 - INFO - utils.trainer -   Specificity: 0.47214
08/07/2026 19:56:58 - INFO - utils.trainer -   Sensitivity: 0.66005
08/07/2026 19:56:58 - INFO - utils.trainer -   Model saved to output_dir/TimeLLM_DiseaseCAUEEG_fulldata_best
08/07/2026 19:56:58 - INFO - utils.trainer -   Best model saved (val AUC=0.6045, epoch=3)
08/07/2026 19:56:58 - INFO - utils.trainer -   FT Epoch: 3/200, Train Loss: 0.71718, Val Loss: 0.68373, Val AUC: 0.6045, Best AUC: 0.6045, No improve: 0/10, Time: 51.9s
08/07/2026 19:57:50 - INFO - utils.trainer -   ***** Running evaluation on val dataset *****
08/07/2026 19:58:00 - INFO - utils.trainer -   Loss: 0.73810
08/07/2026 19:58:00 - INFO - utils.trainer -   AUC: 0.60992
08/07/2026 19:58:00 - INFO - utils.trainer -   Accuracy: 0.45833
08/07/2026 19:58:00 - INFO - utils.trainer -   Precision: 0.00000
08/07/2026 19:58:00 - INFO - utils.trainer -   Specificity: 1.00000
08/07/2026 19:58:00 - INFO - utils.trainer -   Sensitivity: 0.00000
08/07/2026 19:58:00 - INFO - utils.trainer -   Model saved to output_dir/TimeLLM_DiseaseCAUEEG_fulldata_best
08/07/2026 19:58:00 - INFO - utils.trainer -   Best model saved (val AUC=0.6099, epoch=4)
08/07/2026 19:58:00 - INFO - utils.trainer -   FT Epoch: 4/200, Train Loss: 0.71577, Val Loss: 0.73810, Val AUC: 0.6099, Best AUC: 0.6099, No improve: 0/10, Time: 51.9s
08/07/2026 19:58:52 - INFO - utils.trainer -   ***** Running evaluation on val dataset *****
08/07/2026 19:59:01 - INFO - utils.trainer -   Loss: 0.71773
08/07/2026 19:59:01 - INFO - utils.trainer -   AUC: 0.61678
08/07/2026 19:59:01 - INFO - utils.trainer -   Accuracy: 0.54167
08/07/2026 19:59:01 - INFO - utils.trainer -   Precision: 0.54167
08/07/2026 19:59:01 - INFO - utils.trainer -   Specificity: 0.00000
08/07/2026 19:59:01 - INFO - utils.trainer -   Sensitivity: 1.00000
08/07/2026 19:59:01 - INFO - utils.trainer -   Model saved to output_dir/TimeLLM_DiseaseCAUEEG_fulldata_best
08/07/2026 19:59:01 - INFO - utils.trainer -   Best model saved (val AUC=0.6168, epoch=5)
08/07/2026 19:59:01 - INFO - utils.trainer -   FT Epoch: 5/200, Train Loss: 0.70305, Val Loss: 0.71773, Val AUC: 0.6168, Best AUC: 0.6168, No improve: 0/10, Time: 52.0s
08/07/2026 19:59:53 - INFO - utils.trainer -   ***** Running evaluation on val dataset *****
08/07/2026 20:00:03 - INFO - utils.trainer -   Loss: 0.72740
08/07/2026 20:00:03 - INFO - utils.trainer -   AUC: 0.61558
08/07/2026 20:00:03 - INFO - utils.trainer -   Accuracy: 0.45968
08/07/2026 20:00:03 - INFO - utils.trainer -   Precision: 1.00000
08/07/2026 20:00:03 - INFO - utils.trainer -   Specificity: 1.00000
08/07/2026 20:00:03 - INFO - utils.trainer -   Sensitivity: 0.00248
08/07/2026 20:00:03 - INFO - utils.trainer -   FT Epoch: 6/200, Train Loss: 0.70494, Val Loss: 0.72740, Val AUC: 0.6156, Best AUC: 0.6168, No improve: 1/10, Time: 51.9s
08/07/2026 20:00:55 - INFO - utils.trainer -   ***** Running evaluation on val dataset *****
08/07/2026 20:01:04 - INFO - utils.trainer -   Loss: 0.72810
08/07/2026 20:01:04 - INFO - utils.trainer -   AUC: 0.61096
08/07/2026 20:01:04 - INFO - utils.trainer -   Accuracy: 0.46371
08/07/2026 20:01:04 - INFO - utils.trainer -   Precision: 0.83333
08/07/2026 20:01:04 - INFO - utils.trainer -   Specificity: 0.99707
08/07/2026 20:01:04 - INFO - utils.trainer -   Sensitivity: 0.01241
08/07/2026 20:01:04 - INFO - utils.trainer -   FT Epoch: 7/200, Train Loss: 0.69481, Val Loss: 0.72810, Val AUC: 0.6110, Best AUC: 0.6168, No improve: 2/10, Time: 51.9s
08/07/2026 20:01:56 - INFO - utils.trainer -   ***** Running evaluation on val dataset *****
08/07/2026 20:02:06 - INFO - utils.trainer -   Loss: 0.69352
08/07/2026 20:02:06 - INFO - utils.trainer -   AUC: 0.61393
08/07/2026 20:02:06 - INFO - utils.trainer -   Accuracy: 0.51210
08/07/2026 20:02:06 - INFO - utils.trainer -   Precision: 0.68868
08/07/2026 20:02:06 - INFO - utils.trainer -   Specificity: 0.90323
08/07/2026 20:02:06 - INFO - utils.trainer -   Sensitivity: 0.18114
08/07/2026 20:02:06 - INFO - utils.trainer -   FT Epoch: 8/200, Train Loss: 0.69273, Val Loss: 0.69352, Val AUC: 0.6139, Best AUC: 0.6168, No improve: 3/10, Time: 51.8s
08/07/2026 20:02:59 - INFO - utils.trainer -   ***** Running evaluation on val dataset *****
08/07/2026 20:03:08 - INFO - utils.trainer -   Loss: 0.77261
08/07/2026 20:03:08 - INFO - utils.trainer -   AUC: 0.62118
08/07/2026 20:03:08 - INFO - utils.trainer -   Accuracy: 0.45833
08/07/2026 20:03:08 - INFO - utils.trainer -   Precision: 0.00000
08/07/2026 20:03:08 - INFO - utils.trainer -   Specificity: 1.00000
08/07/2026 20:03:08 - INFO - utils.trainer -   Sensitivity: 0.00000
08/07/2026 20:03:08 - INFO - utils.trainer -   Model saved to output_dir/TimeLLM_DiseaseCAUEEG_fulldata_best
08/07/2026 20:03:08 - INFO - utils.trainer -   Best model saved (val AUC=0.6212, epoch=9)
08/07/2026 20:03:08 - INFO - utils.trainer -   FT Epoch: 9/200, Train Loss: 0.69156, Val Loss: 0.77261, Val AUC: 0.6212, Best AUC: 0.6212, No improve: 0/10, Time: 52.7s
08/07/2026 20:04:00 - INFO - utils.trainer -   ***** Running evaluation on val dataset *****
08/07/2026 20:04:10 - INFO - utils.trainer -   Loss: 0.72881
08/07/2026 20:04:10 - INFO - utils.trainer -   AUC: 0.60571
08/07/2026 20:04:10 - INFO - utils.trainer -   Accuracy: 0.54167
08/07/2026 20:04:10 - INFO - utils.trainer -   Precision: 0.54167
08/07/2026 20:04:10 - INFO - utils.trainer -   Specificity: 0.00000
08/07/2026 20:04:10 - INFO - utils.trainer -   Sensitivity: 1.00000
08/07/2026 20:04:10 - INFO - utils.trainer -   FT Epoch: 10/200, Train Loss: 0.69981, Val Loss: 0.72881, Val AUC: 0.6057, Best AUC: 0.6212, No improve: 1/10, Time: 52.0s
08/07/2026 20:05:02 - INFO - utils.trainer -   ***** Running evaluation on val dataset *****
08/07/2026 20:05:12 - INFO - utils.trainer -   Loss: 0.67472
08/07/2026 20:05:12 - INFO - utils.trainer -   AUC: 0.62134
08/07/2026 20:05:12 - INFO - utils.trainer -   Accuracy: 0.58602
08/07/2026 20:05:12 - INFO - utils.trainer -   Precision: 0.64526
08/07/2026 20:05:12 - INFO - utils.trainer -   Specificity: 0.65982
08/07/2026 20:05:12 - INFO - utils.trainer -   Sensitivity: 0.52357
08/07/2026 20:05:12 - INFO - utils.trainer -   FT Epoch: 11/200, Train Loss: 0.69942, Val Loss: 0.67472, Val AUC: 0.6213, Best AUC: 0.6212, No improve: 2/10, Time: 51.8s
08/07/2026 20:06:04 - INFO - utils.trainer -   ***** Running evaluation on val dataset *****
08/07/2026 20:06:13 - INFO - utils.trainer -   Loss: 0.68570
08/07/2026 20:06:13 - INFO - utils.trainer -   AUC: 0.62186
08/07/2026 20:06:13 - INFO - utils.trainer -   Accuracy: 0.55511
08/07/2026 20:06:13 - INFO - utils.trainer -   Precision: 0.72222
08/07/2026 20:06:13 - INFO - utils.trainer -   Specificity: 0.86804
08/07/2026 20:06:13 - INFO - utils.trainer -   Sensitivity: 0.29032
08/07/2026 20:06:13 - INFO - utils.trainer -   FT Epoch: 12/200, Train Loss: 0.68541, Val Loss: 0.68570, Val AUC: 0.6219, Best AUC: 0.6212, No improve: 3/10, Time: 52.0s
08/07/2026 20:07:05 - INFO - utils.trainer -   ***** Running evaluation on val dataset *****
08/07/2026 20:07:15 - INFO - utils.trainer -   Loss: 0.67104
08/07/2026 20:07:15 - INFO - utils.trainer -   AUC: 0.62192
08/07/2026 20:07:15 - INFO - utils.trainer -   Accuracy: 0.58065
08/07/2026 20:07:15 - INFO - utils.trainer -   Precision: 0.59827
08/07/2026 20:07:15 - INFO - utils.trainer -   Specificity: 0.45455
08/07/2026 20:07:15 - INFO - utils.trainer -   Sensitivity: 0.68734
08/07/2026 20:07:15 - INFO - utils.trainer -   FT Epoch: 13/200, Train Loss: 0.70025, Val Loss: 0.67104, Val AUC: 0.6219, Best AUC: 0.6212, No improve: 4/10, Time: 52.0s
08/07/2026 20:08:07 - INFO - utils.trainer -   ***** Running evaluation on val dataset *****
08/07/2026 20:08:17 - INFO - utils.trainer -   Loss: 0.69819
08/07/2026 20:08:17 - INFO - utils.trainer -   AUC: 0.62260
08/07/2026 20:08:17 - INFO - utils.trainer -   Accuracy: 0.51210
08/07/2026 20:08:17 - INFO - utils.trainer -   Precision: 0.68182
08/07/2026 20:08:17 - INFO - utils.trainer -   Specificity: 0.89736
08/07/2026 20:08:17 - INFO - utils.trainer -   Sensitivity: 0.18610
08/07/2026 20:08:17 - INFO - utils.trainer -   Model saved to output_dir/TimeLLM_DiseaseCAUEEG_fulldata_best
08/07/2026 20:08:17 - INFO - utils.trainer -   Best model saved (val AUC=0.6226, epoch=14)
08/07/2026 20:08:17 - INFO - utils.trainer -   FT Epoch: 14/200, Train Loss: 0.68149, Val Loss: 0.69819, Val AUC: 0.6226, Best AUC: 0.6226, No improve: 0/10, Time: 51.8s
08/07/2026 20:09:08 - INFO - utils.trainer -   ***** Running evaluation on val dataset *****
08/07/2026 20:09:18 - INFO - utils.trainer -   Loss: 0.68305
08/07/2026 20:09:18 - INFO - utils.trainer -   AUC: 0.62397
08/07/2026 20:09:18 - INFO - utils.trainer -   Accuracy: 0.56048
08/07/2026 20:09:18 - INFO - utils.trainer -   Precision: 0.70652
08/07/2026 20:09:18 - INFO - utils.trainer -   Specificity: 0.84164
08/07/2026 20:09:18 - INFO - utils.trainer -   Sensitivity: 0.32258
08/07/2026 20:09:18 - INFO - utils.trainer -   Model saved to output_dir/TimeLLM_DiseaseCAUEEG_fulldata_best
08/07/2026 20:09:18 - INFO - utils.trainer -   Best model saved (val AUC=0.6240, epoch=15)
08/07/2026 20:09:18 - INFO - utils.trainer -   FT Epoch: 15/200, Train Loss: 0.70673, Val Loss: 0.68305, Val AUC: 0.6240, Best AUC: 0.6240, No improve: 0/10, Time: 51.9s
08/07/2026 20:10:10 - INFO - utils.trainer -   ***** Running evaluation on val dataset *****
08/07/2026 20:10:20 - INFO - utils.trainer -   Loss: 0.68621
08/07/2026 20:10:20 - INFO - utils.trainer -   AUC: 0.62337
08/07/2026 20:10:20 - INFO - utils.trainer -   Accuracy: 0.55108
08/07/2026 20:10:20 - INFO - utils.trainer -   Precision: 0.71166
08/07/2026 20:10:20 - INFO - utils.trainer -   Specificity: 0.86217
08/07/2026 20:10:20 - INFO - utils.trainer -   Sensitivity: 0.28784
08/07/2026 20:10:20 - INFO - utils.trainer -   FT Epoch: 16/200, Train Loss: 0.67207, Val Loss: 0.68621, Val AUC: 0.6234, Best AUC: 0.6240, No improve: 1/10, Time: 51.9s
08/07/2026 20:11:12 - INFO - utils.trainer -   ***** Running evaluation on val dataset *****
08/07/2026 20:11:22 - INFO - utils.trainer -   Loss: 0.67364
08/07/2026 20:11:22 - INFO - utils.trainer -   AUC: 0.62316
08/07/2026 20:11:22 - INFO - utils.trainer -   Accuracy: 0.58065
08/07/2026 20:11:22 - INFO - utils.trainer -   Precision: 0.66078
08/07/2026 20:11:22 - INFO - utils.trainer -   Specificity: 0.71848
08/07/2026 20:11:22 - INFO - utils.trainer -   Sensitivity: 0.46402
08/07/2026 20:11:22 - INFO - utils.trainer -   FT Epoch: 17/200, Train Loss: 0.69852, Val Loss: 0.67364, Val AUC: 0.6232, Best AUC: 0.6240, No improve: 2/10, Time: 52.7s
08/07/2026 20:12:14 - INFO - utils.trainer -   ***** Running evaluation on val dataset *****
08/07/2026 20:12:24 - INFO - utils.trainer -   Loss: 0.67824
08/07/2026 20:12:24 - INFO - utils.trainer -   AUC: 0.62351
08/07/2026 20:12:24 - INFO - utils.trainer -   Accuracy: 0.55780
08/07/2026 20:12:24 - INFO - utils.trainer -   Precision: 0.55168
08/07/2026 20:12:24 - INFO - utils.trainer -   Specificity: 0.05865
08/07/2026 20:12:24 - INFO - utils.trainer -   Sensitivity: 0.98015
08/07/2026 20:12:24 - INFO - utils.trainer -   FT Epoch: 18/200, Train Loss: 0.68937, Val Loss: 0.67824, Val AUC: 0.6235, Best AUC: 0.6240, No improve: 3/10, Time: 51.9s
08/07/2026 20:13:16 - INFO - utils.trainer -   ***** Running evaluation on val dataset *****
08/07/2026 20:13:26 - INFO - utils.trainer -   Loss: 0.70183
08/07/2026 20:13:26 - INFO - utils.trainer -   AUC: 0.62319
08/07/2026 20:13:26 - INFO - utils.trainer -   Accuracy: 0.52419
08/07/2026 20:13:26 - INFO - utils.trainer -   Precision: 0.69919
08/07/2026 20:13:26 - INFO - utils.trainer -   Specificity: 0.89150
08/07/2026 20:13:26 - INFO - utils.trainer -   Sensitivity: 0.21340
08/07/2026 20:13:26 - INFO - utils.trainer -   FT Epoch: 19/200, Train Loss: 0.68442, Val Loss: 0.70183, Val AUC: 0.6232, Best AUC: 0.6240, No improve: 4/10, Time: 52.3s
08/07/2026 20:14:18 - INFO - utils.trainer -   ***** Running evaluation on val dataset *****
08/07/2026 20:14:27 - INFO - utils.trainer -   Loss: 0.69018
08/07/2026 20:14:27 - INFO - utils.trainer -   AUC: 0.62114
08/07/2026 20:14:27 - INFO - utils.trainer -   Accuracy: 0.54704
08/07/2026 20:14:27 - INFO - utils.trainer -   Precision: 0.71429
08/07/2026 20:14:27 - INFO - utils.trainer -   Specificity: 0.87097
08/07/2026 20:14:27 - INFO - utils.trainer -   Sensitivity: 0.27295
08/07/2026 20:14:27 - INFO - utils.trainer -   FT Epoch: 20/200, Train Loss: 0.69050, Val Loss: 0.69018, Val AUC: 0.6211, Best AUC: 0.6240, No improve: 5/10, Time: 52.0s
08/07/2026 20:15:19 - INFO - utils.trainer -   ***** Running evaluation on val dataset *****
08/07/2026 20:15:29 - INFO - utils.trainer -   Loss: 0.73716
08/07/2026 20:15:29 - INFO - utils.trainer -   AUC: 0.62234
08/07/2026 20:15:29 - INFO - utils.trainer -   Accuracy: 0.48253
08/07/2026 20:15:29 - INFO - utils.trainer -   Precision: 0.64516
08/07/2026 20:15:29 - INFO - utils.trainer -   Specificity: 0.93548
08/07/2026 20:15:29 - INFO - utils.trainer -   Sensitivity: 0.09926
08/07/2026 20:15:29 - INFO - utils.trainer -   FT Epoch: 21/200, Train Loss: 0.69514, Val Loss: 0.73716, Val AUC: 0.6223, Best AUC: 0.6240, No improve: 6/10, Time: 51.9s
08/07/2026 20:16:21 - INFO - utils.trainer -   ***** Running evaluation on val dataset *****
08/07/2026 20:16:31 - INFO - utils.trainer -   Loss: 0.68122
08/07/2026 20:16:31 - INFO - utils.trainer -   AUC: 0.61854
08/07/2026 20:16:31 - INFO - utils.trainer -   Accuracy: 0.57124
08/07/2026 20:16:31 - INFO - utils.trainer -   Precision: 0.69626
08/07/2026 20:16:31 - INFO - utils.trainer -   Specificity: 0.80938
08/07/2026 20:16:31 - INFO - utils.trainer -   Sensitivity: 0.36973
08/07/2026 20:16:31 - INFO - utils.trainer -   FT Epoch: 22/200, Train Loss: 0.67803, Val Loss: 0.68122, Val AUC: 0.6185, Best AUC: 0.6240, No improve: 7/10, Time: 52.1s
08/07/2026 20:17:23 - INFO - utils.trainer -   ***** Running evaluation on val dataset *****
08/07/2026 20:17:32 - INFO - utils.trainer -   Loss: 0.67163
08/07/2026 20:17:32 - INFO - utils.trainer -   AUC: 0.62346
08/07/2026 20:17:32 - INFO - utils.trainer -   Accuracy: 0.56989
08/07/2026 20:17:32 - INFO - utils.trainer -   Precision: 0.56355
08/07/2026 20:17:32 - INFO - utils.trainer -   Specificity: 0.16422
08/07/2026 20:17:32 - INFO - utils.trainer -   Sensitivity: 0.91315
08/07/2026 20:17:32 - INFO - utils.trainer -   FT Epoch: 23/200, Train Loss: 0.66676, Val Loss: 0.67163, Val AUC: 0.6235, Best AUC: 0.6240, No improve: 8/10, Time: 52.1s
08/07/2026 20:18:24 - INFO - utils.trainer -   ***** Running evaluation on val dataset *****
08/07/2026 20:18:34 - INFO - utils.trainer -   Loss: 0.66790
08/07/2026 20:18:34 - INFO - utils.trainer -   AUC: 0.62388
08/07/2026 20:18:34 - INFO - utils.trainer -   Accuracy: 0.59140
08/07/2026 20:18:34 - INFO - utils.trainer -   Precision: 0.62469
08/07/2026 20:18:34 - INFO - utils.trainer -   Specificity: 0.56305
08/07/2026 20:18:34 - INFO - utils.trainer -   Sensitivity: 0.61538
08/07/2026 20:18:34 - INFO - utils.trainer -   FT Epoch: 24/200, Train Loss: 0.68978, Val Loss: 0.66790, Val AUC: 0.6239, Best AUC: 0.6240, No improve: 9/10, Time: 52.1s
08/07/2026 20:19:26 - INFO - utils.trainer -   ***** Running evaluation on val dataset *****
08/07/2026 20:19:36 - INFO - utils.trainer -   Loss: 0.66970
08/07/2026 20:19:36 - INFO - utils.trainer -   AUC: 0.62340
08/07/2026 20:19:36 - INFO - utils.trainer -   Accuracy: 0.59409
08/07/2026 20:19:36 - INFO - utils.trainer -   Precision: 0.65075
08/07/2026 20:19:36 - INFO - utils.trainer -   Specificity: 0.65689
08/07/2026 20:19:36 - INFO - utils.trainer -   Sensitivity: 0.54094
08/07/2026 20:19:36 - INFO - utils.trainer -   FT Epoch: 25/200, Train Loss: 0.69634, Val Loss: 0.66970, Val AUC: 0.6234, Best AUC: 0.6240, No improve: 10/10, Time: 51.9s
08/07/2026 20:19:36 - INFO - utils.trainer -   Early stopping triggered at epoch 25
08/07/2026 20:19:36 - INFO - utils.trainer -   Early stopping triggered at epoch 25
08/07/2026 20:19:36 - INFO - utils.trainer -   Early stopping triggered at epoch 25
08/07/2026 20:19:36 - INFO - utils.trainer -   Early stopping triggered at epoch 25
08/07/2026 20:19:36 - INFO - utils.trainer -   Early stopping triggered at epoch 25
08/07/2026 20:19:36 - INFO - utils.trainer -   Early stopping triggered at epoch 25
08/07/2026 20:19:36 - INFO - utils.trainer -     2 prompt-buffer key(s) skipped (kept target-dataset prompt)
08/07/2026 20:19:36 - INFO - utils.trainer -     599 keys not in checkpoint (kept from init)
08/07/2026 20:19:36 - INFO - utils.trainer -     2 prompt-buffer key(s) skipped (kept target-dataset prompt)
08/07/2026 20:19:36 - INFO - utils.trainer -   Model loaded from output_dir/TimeLLM_DiseaseCAUEEG_fulldata_best/TimeLLM-0.bin (4/6 keys)
08/07/2026 20:19:36 - INFO - utils.trainer -     2 prompt-buffer key(s) skipped (kept target-dataset prompt)
08/07/2026 20:19:36 - INFO - utils.trainer -     599 keys not in checkpoint (kept from init)
08/07/2026 20:19:36 - INFO - utils.trainer -     599 keys not in checkpoint (kept from init)
08/07/2026 20:19:36 - INFO - utils.trainer -   Model loaded from output_dir/TimeLLM_DiseaseCAUEEG_fulldata_best/TimeLLM-0.bin (4/6 keys)
08/07/2026 20:19:36 - INFO - utils.trainer -   Model loaded from output_dir/TimeLLM_DiseaseCAUEEG_fulldata_best/TimeLLM-0.bin (4/6 keys)
08/07/2026 20:19:36 - INFO - utils.trainer -     2 prompt-buffer key(s) skipped (kept target-dataset prompt)
08/07/2026 20:19:36 - INFO - utils.trainer -   Loaded best checkpoint from output_dir/TimeLLM_DiseaseCAUEEG_fulldata_best
08/07/2026 20:19:36 - INFO - utils.trainer -     599 keys not in checkpoint (kept from init)
08/07/2026 20:19:36 - INFO - utils.trainer -   Model loaded from output_dir/TimeLLM_DiseaseCAUEEG_fulldata_best/TimeLLM-0.bin (4/6 keys)
08/07/2026 20:19:36 - INFO - utils.trainer -     2 prompt-buffer key(s) skipped (kept target-dataset prompt)
08/07/2026 20:19:36 - INFO - utils.trainer -     599 keys not in checkpoint (kept from init)
08/07/2026 20:19:36 - INFO - utils.trainer -   Model loaded from output_dir/TimeLLM_DiseaseCAUEEG_fulldata_best/TimeLLM-0.bin (4/6 keys)
08/07/2026 20:19:36 - INFO - utils.trainer -     2 prompt-buffer key(s) skipped (kept target-dataset prompt)
08/07/2026 20:19:36 - INFO - utils.trainer -     599 keys not in checkpoint (kept from init)
08/07/2026 20:19:36 - INFO - utils.trainer -   Model loaded from output_dir/TimeLLM_DiseaseCAUEEG_fulldata_best/TimeLLM-0.bin (4/6 keys)
08/07/2026 20:19:36 - INFO - utils.trainer -   Model saved to output_dir/TimeLLM_DiseaseCAUEEG_fulldata
08/07/2026 20:19:36 - INFO - utils.trainer -   Fine-tuned model saved to output_dir/TimeLLM_DiseaseCAUEEG_fulldata
08/07/2026 20:19:36 - INFO - utils.trainer -   ***** Running evaluation on test dataset *****
08/07/2026 20:19:46 - INFO - utils.trainer -   Loss: 0.69151
08/07/2026 20:19:46 - INFO - utils.trainer -   AUC: 0.51750
08/07/2026 20:19:46 - INFO - utils.trainer -   Accuracy: 0.55000
08/07/2026 20:19:46 - INFO - utils.trainer -   Precision: 0.46000
08/07/2026 20:19:46 - INFO - utils.trainer -   Specificity: 0.81633
08/07/2026 20:19:46 - INFO - utils.trainer -   Sensitivity: 0.20354
08/07/2026 20:19:46 - INFO - utils.trainer -   === Few-shot fine-tune test result ===
08/07/2026 20:19:46 - INFO - utils.trainer -     Loss: 0.69151
08/07/2026 20:19:46 - INFO - utils.trainer -     AUC: 0.51750
08/07/2026 20:19:46 - INFO - utils.trainer -     Accuracy: 0.55000
08/07/2026 20:19:46 - INFO - utils.trainer -     Precision: 0.46000
08/07/2026 20:19:46 - INFO - utils.trainer -     Specificity: 0.81633
08/07/2026 20:19:46 - INFO - utils.trainer -     Sensitivity: 0.20354
08/07/2026 20:19:46 - INFO - __main__ -   
============================================================
  Full-data finetune (TimeLLM_FutureFCCAUEEG_train → DiseaseCAUEEG)  seed=42
============================================================
08/07/2026 20:19:46 - INFO - __main__ -     Loss           : 0.6915
08/07/2026 20:19:46 - INFO - __main__ -     AUC            : 0.5175
08/07/2026 20:19:46 - INFO - __main__ -     Accuracy       : 0.5500
08/07/2026 20:19:46 - INFO - __main__ -     Precision      : 0.4600
08/07/2026 20:19:46 - INFO - __main__ -     Specificity    : 0.8163
08/07/2026 20:19:46 - INFO - __main__ -     Sensitivity    : 0.2035
