07/30/2026 19:24:10 - INFO - __main__ -   ########## few-shot seed=42 ##########
07/30/2026 19:24:11 - INFO - __main__ -   ########## few-shot seed=42 ##########
07/30/2026 19:24:11 - INFO - __main__ -   ########## few-shot seed=42 ##########
07/30/2026 19:24:11 - INFO - __main__ -   ########## few-shot seed=42 ##########
07/30/2026 19:24:20 - INFO - root -   gcc -pthread -B /root/miniconda3/compiler_compat -fno-strict-overflow -DNDEBUG -O2 -Wall -fPIC -O2 -isystem /root/miniconda3/include -fPIC -O2 -isystem /root/miniconda3/include -fPIC -c /tmp/tmpnlhqqv9w/test.c -o /tmp/tmpnlhqqv9w/test.o
07/30/2026 19:24:20 - INFO - root -   gcc -pthread -B /root/miniconda3/compiler_compat /tmp/tmpnlhqqv9w/test.o -laio -o /tmp/tmpnlhqqv9w/a.out
07/30/2026 19:24:20 - INFO - root -   gcc -pthread -B /root/miniconda3/compiler_compat -fno-strict-overflow -DNDEBUG -O2 -Wall -fPIC -O2 -isystem /root/miniconda3/include -fPIC -O2 -isystem /root/miniconda3/include -fPIC -c /tmp/tmp4oljx_pn/test.c -o /tmp/tmp4oljx_pn/test.o
07/30/2026 19:24:20 - INFO - root -   gcc -pthread -B /root/miniconda3/compiler_compat /tmp/tmp4oljx_pn/test.o -L/usr/local/cuda -L/usr/local/cuda/lib64 -lcufile -o /tmp/tmp4oljx_pn/a.out
07/30/2026 19:24:20 - INFO - root -   gcc -pthread -B /root/miniconda3/compiler_compat -fno-strict-overflow -DNDEBUG -O2 -Wall -fPIC -O2 -isystem /root/miniconda3/include -fPIC -O2 -isystem /root/miniconda3/include -fPIC -c /tmp/tmpwktzdcjo/test.c -o /tmp/tmpwktzdcjo/test.o
07/30/2026 19:24:20 - INFO - root -   gcc -pthread -B /root/miniconda3/compiler_compat /tmp/tmpwktzdcjo/test.o -laio -o /tmp/tmpwktzdcjo/a.out
07/30/2026 19:24:20 - INFO - root -   gcc -pthread -B /root/miniconda3/compiler_compat -fno-strict-overflow -DNDEBUG -O2 -Wall -fPIC -O2 -isystem /root/miniconda3/include -fPIC -O2 -isystem /root/miniconda3/include -fPIC -c /tmp/tmp9owh4b21/test.c -o /tmp/tmp9owh4b21/test.o
07/30/2026 19:24:20 - INFO - root -   gcc -pthread -B /root/miniconda3/compiler_compat /tmp/tmp9owh4b21/test.o -L/usr/local/cuda -L/usr/local/cuda/lib64 -lcufile -o /tmp/tmp9owh4b21/a.out
07/30/2026 19:24:20 - INFO - root -   gcc -pthread -B /root/miniconda3/compiler_compat -fno-strict-overflow -DNDEBUG -O2 -Wall -fPIC -O2 -isystem /root/miniconda3/include -fPIC -O2 -isystem /root/miniconda3/include -fPIC -c /tmp/tmpf303frng/test.c -o /tmp/tmpf303frng/test.o
07/30/2026 19:24:20 - INFO - root -   gcc -pthread -B /root/miniconda3/compiler_compat /tmp/tmpf303frng/test.o -laio -o /tmp/tmpf303frng/a.out
07/30/2026 19:24:20 - INFO - root -   gcc -pthread -B /root/miniconda3/compiler_compat -fno-strict-overflow -DNDEBUG -O2 -Wall -fPIC -O2 -isystem /root/miniconda3/include -fPIC -O2 -isystem /root/miniconda3/include -fPIC -c /tmp/tmpewej2imp/test.c -o /tmp/tmpewej2imp/test.o
07/30/2026 19:24:21 - INFO - root -   gcc -pthread -B /root/miniconda3/compiler_compat /tmp/tmpewej2imp/test.o -L/usr/local/cuda -L/usr/local/cuda/lib64 -lcufile -o /tmp/tmpewej2imp/a.out
07/30/2026 19:24:22 - INFO - root -   gcc -pthread -B /root/miniconda3/compiler_compat -fno-strict-overflow -DNDEBUG -O2 -Wall -fPIC -O2 -isystem /root/miniconda3/include -fPIC -O2 -isystem /root/miniconda3/include -fPIC -c /tmp/tmpakzyx1ul/test.c -o /tmp/tmpakzyx1ul/test.o
07/30/2026 19:24:22 - INFO - root -   gcc -pthread -B /root/miniconda3/compiler_compat /tmp/tmpakzyx1ul/test.o -laio -o /tmp/tmpakzyx1ul/a.out
07/30/2026 19:24:22 - INFO - root -   gcc -pthread -B /root/miniconda3/compiler_compat -fno-strict-overflow -DNDEBUG -O2 -Wall -fPIC -O2 -isystem /root/miniconda3/include -fPIC -O2 -isystem /root/miniconda3/include -fPIC -c /tmp/tmplb_ls56q/test.c -o /tmp/tmplb_ls56q/test.o
07/30/2026 19:24:22 - INFO - root -   gcc -pthread -B /root/miniconda3/compiler_compat /tmp/tmplb_ls56q/test.o -L/usr/local/cuda -L/usr/local/cuda/lib64 -lcufile -o /tmp/tmplb_ls56q/a.out
07/30/2026 19:24:25 - INFO - utils.trainer -     582 keys not in checkpoint (kept from init)
07/30/2026 19:24:25 - INFO - utils.trainer -     582 keys not in checkpoint (kept from init)
07/30/2026 19:24:25 - INFO - utils.trainer -   Model loaded from ./output_dir/TimeLLM_CAUEEG2_train/TimeLLM-0.bin (22/22 keys)
07/30/2026 19:24:25 - INFO - utils.trainer -   Model loaded from ./output_dir/TimeLLM_CAUEEG2_train/TimeLLM-0.bin (22/22 keys)
07/30/2026 19:24:25 - INFO - utils.trainer -     582 keys not in checkpoint (kept from init)
07/30/2026 19:24:25 - INFO - utils.trainer -   Model loaded from ./output_dir/TimeLLM_CAUEEG2_train/TimeLLM-0.bin (22/22 keys)
07/30/2026 19:24:25 - INFO - utils.trainer -     582 keys not in checkpoint (kept from init)
07/30/2026 19:24:25 - INFO - utils.trainer -   Model loaded from ./output_dir/TimeLLM_CAUEEG2_train/TimeLLM-0.bin (22/22 keys)
07/30/2026 19:24:25 - INFO - utils.trainer -   ***** Running few-shot fine-tune (transfer) *****
07/30/2026 19:24:25 - INFO - utils.trainer -     Num train examples = 16
07/30/2026 19:24:25 - INFO - utils.trainer -     Num val   examples = 144
07/30/2026 19:24:25 - INFO - utils.trainer -     Num test  examples = 143
07/30/2026 19:24:25 - INFO - utils.trainer -     Max fine-tune epochs = 200
07/30/2026 19:24:25 - INFO - utils.trainer -     Fine-tune lr = 1e-05
07/30/2026 19:24:32 - INFO - utils.trainer -   ***** Running evaluation on val dataset *****
07/30/2026 19:24:50 - INFO - utils.trainer -   Loss: 0.69533
07/30/2026 19:24:50 - INFO - utils.trainer -   AUC: 0.51389
07/30/2026 19:24:50 - INFO - utils.trainer -   Accuracy: 0.53559
07/30/2026 19:24:50 - INFO - utils.trainer -   Precision: 0.53559
07/30/2026 19:24:50 - INFO - utils.trainer -   Specificity: 0.00000
07/30/2026 19:24:50 - INFO - utils.trainer -   Sensitivity: 1.00000
07/30/2026 19:24:51 - INFO - utils.trainer -   Model saved to output_dir/TimeLLM_CAUEEG2_fewshot_best
07/30/2026 19:24:51 - INFO - utils.trainer -   Best model saved (val AUC=0.5139, epoch=1)
07/30/2026 19:24:51 - INFO - utils.trainer -   FT Epoch: 1/200, Train Loss: 0.63557, Val Loss: 0.69533, Val AUC: 0.5139, Best AUC: 0.5139, No improve: 0/25, Time: 6.3s
07/30/2026 19:24:57 - INFO - utils.trainer -   ***** Running evaluation on val dataset *****
