08/18/2026 02:34:52 - INFO - __main__ -   ########## few-shot seed=42 ##########
08/18/2026 02:34:52 - INFO - __main__ -   ########## few-shot seed=42 ##########
08/18/2026 02:34:52 - INFO - __main__ -   ########## few-shot seed=42 ##########
08/18/2026 02:34:53 - INFO - __main__ -   ########## few-shot seed=42 ##########
08/18/2026 02:34:53 - INFO - __main__ -   ########## few-shot seed=42 ##########
08/18/2026 02:34:53 - INFO - __main__ -   ########## few-shot seed=42 ##########
08/18/2026 02:35:03 - INFO - root -   gcc -pthread -B /root/miniconda3/compiler_compat -fno-strict-overflow -DNDEBUG -O2 -Wall -fPIC -O2 -isystem /root/miniconda3/include -fPIC -O2 -isystem /root/miniconda3/include -fPIC -c /tmp/tmp2da5lm7q/test.c -o /tmp/tmp2da5lm7q/test.o
08/18/2026 02:35:03 - INFO - root -   gcc -pthread -B /root/miniconda3/compiler_compat /tmp/tmp2da5lm7q/test.o -laio -o /tmp/tmp2da5lm7q/a.out
08/18/2026 02:35:03 - INFO - root -   gcc -pthread -B /root/miniconda3/compiler_compat -fno-strict-overflow -DNDEBUG -O2 -Wall -fPIC -O2 -isystem /root/miniconda3/include -fPIC -O2 -isystem /root/miniconda3/include -fPIC -c /tmp/tmpm74u7xxv/test.c -o /tmp/tmpm74u7xxv/test.o
08/18/2026 02:35:03 - INFO - root -   gcc -pthread -B /root/miniconda3/compiler_compat /tmp/tmpm74u7xxv/test.o -L/usr/local/cuda -L/usr/local/cuda/lib64 -lcufile -o /tmp/tmpm74u7xxv/a.out
08/18/2026 02:35:03 - INFO - root -   gcc -pthread -B /root/miniconda3/compiler_compat -fno-strict-overflow -DNDEBUG -O2 -Wall -fPIC -O2 -isystem /root/miniconda3/include -fPIC -O2 -isystem /root/miniconda3/include -fPIC -c /tmp/tmpgch2bj25/test.c -o /tmp/tmpgch2bj25/test.o
08/18/2026 02:35:03 - INFO - root -   gcc -pthread -B /root/miniconda3/compiler_compat /tmp/tmpgch2bj25/test.o -laio -o /tmp/tmpgch2bj25/a.out
08/18/2026 02:35:03 - INFO - root -   gcc -pthread -B /root/miniconda3/compiler_compat -fno-strict-overflow -DNDEBUG -O2 -Wall -fPIC -O2 -isystem /root/miniconda3/include -fPIC -O2 -isystem /root/miniconda3/include -fPIC -c /tmp/tmpczmw6gtw/test.c -o /tmp/tmpczmw6gtw/test.o
08/18/2026 02:35:03 - INFO - root -   gcc -pthread -B /root/miniconda3/compiler_compat /tmp/tmpczmw6gtw/test.o -L/usr/local/cuda -L/usr/local/cuda/lib64 -lcufile -o /tmp/tmpczmw6gtw/a.out
08/18/2026 02:35:03 - INFO - root -   gcc -pthread -B /root/miniconda3/compiler_compat -fno-strict-overflow -DNDEBUG -O2 -Wall -fPIC -O2 -isystem /root/miniconda3/include -fPIC -O2 -isystem /root/miniconda3/include -fPIC -c /tmp/tmprmqmvh3g/test.c -o /tmp/tmprmqmvh3g/test.o
08/18/2026 02:35:03 - INFO - root -   gcc -pthread -B /root/miniconda3/compiler_compat /tmp/tmprmqmvh3g/test.o -laio -o /tmp/tmprmqmvh3g/a.out
08/18/2026 02:35:03 - INFO - root -   gcc -pthread -B /root/miniconda3/compiler_compat -fno-strict-overflow -DNDEBUG -O2 -Wall -fPIC -O2 -isystem /root/miniconda3/include -fPIC -O2 -isystem /root/miniconda3/include -fPIC -c /tmp/tmpf3lbx7xn/test.c -o /tmp/tmpf3lbx7xn/test.o
08/18/2026 02:35:03 - INFO - root -   gcc -pthread -B /root/miniconda3/compiler_compat /tmp/tmpf3lbx7xn/test.o -L/usr/local/cuda -L/usr/local/cuda/lib64 -lcufile -o /tmp/tmpf3lbx7xn/a.out
08/18/2026 02:35:04 - INFO - root -   gcc -pthread -B /root/miniconda3/compiler_compat -fno-strict-overflow -DNDEBUG -O2 -Wall -fPIC -O2 -isystem /root/miniconda3/include -fPIC -O2 -isystem /root/miniconda3/include -fPIC -c /tmp/tmp_8s6xceu/test.c -o /tmp/tmp_8s6xceu/test.o
08/18/2026 02:35:04 - INFO - root -   gcc -pthread -B /root/miniconda3/compiler_compat /tmp/tmp_8s6xceu/test.o -laio -o /tmp/tmp_8s6xceu/a.out
08/18/2026 02:35:04 - INFO - root -   gcc -pthread -B /root/miniconda3/compiler_compat -fno-strict-overflow -DNDEBUG -O2 -Wall -fPIC -O2 -isystem /root/miniconda3/include -fPIC -O2 -isystem /root/miniconda3/include -fPIC -c /tmp/tmpr_b7inci/test.c -o /tmp/tmpr_b7inci/test.o
08/18/2026 02:35:04 - INFO - root -   gcc -pthread -B /root/miniconda3/compiler_compat /tmp/tmpr_b7inci/test.o -L/usr/local/cuda -L/usr/local/cuda/lib64 -lcufile -o /tmp/tmpr_b7inci/a.out
08/18/2026 02:35:05 - INFO - root -   gcc -pthread -B /root/miniconda3/compiler_compat -fno-strict-overflow -DNDEBUG -O2 -Wall -fPIC -O2 -isystem /root/miniconda3/include -fPIC -O2 -isystem /root/miniconda3/include -fPIC -c /tmp/tmp3r8_uw05/test.c -o /tmp/tmp3r8_uw05/test.o
08/18/2026 02:35:05 - INFO - root -   gcc -pthread -B /root/miniconda3/compiler_compat /tmp/tmp3r8_uw05/test.o -laio -o /tmp/tmp3r8_uw05/a.out
08/18/2026 02:35:05 - INFO - root -   gcc -pthread -B /root/miniconda3/compiler_compat -fno-strict-overflow -DNDEBUG -O2 -Wall -fPIC -O2 -isystem /root/miniconda3/include -fPIC -O2 -isystem /root/miniconda3/include -fPIC -c /tmp/tmp6u5lxzq5/test.c -o /tmp/tmp6u5lxzq5/test.o
08/18/2026 02:35:05 - INFO - root -   gcc -pthread -B /root/miniconda3/compiler_compat /tmp/tmp6u5lxzq5/test.o -L/usr/local/cuda -L/usr/local/cuda/lib64 -lcufile -o /tmp/tmp6u5lxzq5/a.out
08/18/2026 02:35:05 - INFO - root -   gcc -pthread -B /root/miniconda3/compiler_compat -fno-strict-overflow -DNDEBUG -O2 -Wall -fPIC -O2 -isystem /root/miniconda3/include -fPIC -O2 -isystem /root/miniconda3/include -fPIC -c /tmp/tmp34mevlm3/test.c -o /tmp/tmp34mevlm3/test.o
08/18/2026 02:35:05 - INFO - root -   gcc -pthread -B /root/miniconda3/compiler_compat /tmp/tmp34mevlm3/test.o -laio -o /tmp/tmp34mevlm3/a.out
08/18/2026 02:35:05 - INFO - root -   gcc -pthread -B /root/miniconda3/compiler_compat -fno-strict-overflow -DNDEBUG -O2 -Wall -fPIC -O2 -isystem /root/miniconda3/include -fPIC -O2 -isystem /root/miniconda3/include -fPIC -c /tmp/tmpxn4uti76/test.c -o /tmp/tmpxn4uti76/test.o
08/18/2026 02:35:05 - INFO - root -   gcc -pthread -B /root/miniconda3/compiler_compat /tmp/tmpxn4uti76/test.o -L/usr/local/cuda -L/usr/local/cuda/lib64 -lcufile -o /tmp/tmpxn4uti76/a.out
08/18/2026 02:35:06 - INFO - utils.trainer -     6 keys not in checkpoint (kept from init)
08/18/2026 02:35:06 - INFO - utils.trainer -   Model loaded from ./output_dir/ALTER_AgeCAUEEG_train/ALTER-0.bin (27/27 keys)
08/18/2026 02:35:06 - INFO - utils.trainer -     6 keys not in checkpoint (kept from init)
08/18/2026 02:35:06 - INFO - utils.trainer -   Model loaded from ./output_dir/ALTER_AgeCAUEEG_train/ALTER-0.bin (27/27 keys)
08/18/2026 02:35:06 - INFO - utils.trainer -   ***** Running regression evaluation on test0 dataset *****
08/18/2026 02:35:06 - INFO - utils.trainer -     6 keys not in checkpoint (kept from init)
08/18/2026 02:35:06 - INFO - utils.trainer -   Model loaded from ./output_dir/ALTER_AgeCAUEEG_train/ALTER-0.bin (27/27 keys)
08/18/2026 02:35:06 - INFO - utils.trainer -     6 keys not in checkpoint (kept from init)
08/18/2026 02:35:06 - INFO - utils.trainer -   Model loaded from ./output_dir/ALTER_AgeCAUEEG_train/ALTER-0.bin (27/27 keys)
08/18/2026 02:35:06 - INFO - utils.trainer -     6 keys not in checkpoint (kept from init)
08/18/2026 02:35:06 - INFO - utils.trainer -   Model loaded from ./output_dir/ALTER_AgeCAUEEG_train/ALTER-0.bin (27/27 keys)
08/18/2026 02:35:06 - INFO - utils.trainer -     6 keys not in checkpoint (kept from init)
08/18/2026 02:35:06 - INFO - utils.trainer -   Model loaded from ./output_dir/ALTER_AgeCAUEEG_train/ALTER-0.bin (27/27 keys)
08/18/2026 02:35:09 - INFO - utils.trainer -   Loss: 0.02664
08/18/2026 02:35:09 - INFO - utils.trainer -   MSE: 423.66916
08/18/2026 02:35:09 - INFO - utils.trainer -   MAE: 17.03515
08/18/2026 02:35:09 - INFO - utils.trainer -   RMSE: 20.58323
08/18/2026 02:35:09 - INFO - utils.trainer -   R2: -0.31471
08/18/2026 02:35:09 - INFO - utils.trainer -   PearsonR: 0.14766
08/18/2026 02:35:09 - INFO - __main__ -   
============================================================
  Zero-shot (ALTER_AgeCAUEEG_train → AgeTUAB)  seed=42
============================================================
08/18/2026 02:35:09 - INFO - __main__ -     Loss           : 0.0266
08/18/2026 02:35:09 - INFO - __main__ -     MSE            : 423.6692
08/18/2026 02:35:09 - INFO - __main__ -     MAE            : 17.0352
08/18/2026 02:35:09 - INFO - __main__ -     RMSE           : 20.5832
08/18/2026 02:35:09 - INFO - __main__ -     R2             : -0.3147
08/18/2026 02:35:09 - INFO - __main__ -     PearsonR       : 0.1477
