07/30/2026 20:06:27 - INFO - __main__ -   ########## few-shot seed=42 ##########
07/30/2026 20:06:27 - INFO - __main__ -   ########## few-shot seed=42 ##########
07/30/2026 20:06:27 - INFO - __main__ -   ########## few-shot seed=42 ##########
07/30/2026 20:06:27 - INFO - __main__ -   ########## few-shot seed=42 ##########
07/30/2026 20:06:37 - INFO - root -   gcc -pthread -B /root/miniconda3/compiler_compat -fno-strict-overflow -DNDEBUG -O2 -Wall -fPIC -O2 -isystem /root/miniconda3/include -fPIC -O2 -isystem /root/miniconda3/include -fPIC -c /tmp/tmpnk6c0c68/test.c -o /tmp/tmpnk6c0c68/test.o
07/30/2026 20:06:37 - INFO - root -   gcc -pthread -B /root/miniconda3/compiler_compat /tmp/tmpnk6c0c68/test.o -laio -o /tmp/tmpnk6c0c68/a.out
07/30/2026 20:06:37 - INFO - root -   gcc -pthread -B /root/miniconda3/compiler_compat -fno-strict-overflow -DNDEBUG -O2 -Wall -fPIC -O2 -isystem /root/miniconda3/include -fPIC -O2 -isystem /root/miniconda3/include -fPIC -c /tmp/tmp7dsfau8p/test.c -o /tmp/tmp7dsfau8p/test.o
07/30/2026 20:06:37 - INFO - root -   gcc -pthread -B /root/miniconda3/compiler_compat /tmp/tmp7dsfau8p/test.o -L/usr/local/cuda -L/usr/local/cuda/lib64 -lcufile -o /tmp/tmp7dsfau8p/a.out
07/30/2026 20:06:37 - INFO - root -   gcc -pthread -B /root/miniconda3/compiler_compat -fno-strict-overflow -DNDEBUG -O2 -Wall -fPIC -O2 -isystem /root/miniconda3/include -fPIC -O2 -isystem /root/miniconda3/include -fPIC -c /tmp/tmprswu0y2l/test.c -o /tmp/tmprswu0y2l/test.o
07/30/2026 20:06:37 - INFO - root -   gcc -pthread -B /root/miniconda3/compiler_compat /tmp/tmprswu0y2l/test.o -laio -o /tmp/tmprswu0y2l/a.out
07/30/2026 20:06:37 - INFO - root -   gcc -pthread -B /root/miniconda3/compiler_compat -fno-strict-overflow -DNDEBUG -O2 -Wall -fPIC -O2 -isystem /root/miniconda3/include -fPIC -O2 -isystem /root/miniconda3/include -fPIC -c /tmp/tmpda0_j0ba/test.c -o /tmp/tmpda0_j0ba/test.o
07/30/2026 20:06:37 - INFO - root -   gcc -pthread -B /root/miniconda3/compiler_compat /tmp/tmpda0_j0ba/test.o -L/usr/local/cuda -L/usr/local/cuda/lib64 -lcufile -o /tmp/tmpda0_j0ba/a.out
07/30/2026 20:06:37 - INFO - root -   gcc -pthread -B /root/miniconda3/compiler_compat -fno-strict-overflow -DNDEBUG -O2 -Wall -fPIC -O2 -isystem /root/miniconda3/include -fPIC -O2 -isystem /root/miniconda3/include -fPIC -c /tmp/tmpin_869ql/test.c -o /tmp/tmpin_869ql/test.o
07/30/2026 20:06:37 - INFO - root -   gcc -pthread -B /root/miniconda3/compiler_compat /tmp/tmpin_869ql/test.o -laio -o /tmp/tmpin_869ql/a.out
07/30/2026 20:06:37 - INFO - root -   gcc -pthread -B /root/miniconda3/compiler_compat -fno-strict-overflow -DNDEBUG -O2 -Wall -fPIC -O2 -isystem /root/miniconda3/include -fPIC -O2 -isystem /root/miniconda3/include -fPIC -c /tmp/tmp7mmcdaq9/test.c -o /tmp/tmp7mmcdaq9/test.o
07/30/2026 20:06:37 - INFO - root -   gcc -pthread -B /root/miniconda3/compiler_compat /tmp/tmp7mmcdaq9/test.o -L/usr/local/cuda -L/usr/local/cuda/lib64 -lcufile -o /tmp/tmp7mmcdaq9/a.out
07/30/2026 20:06:37 - INFO - root -   gcc -pthread -B /root/miniconda3/compiler_compat -fno-strict-overflow -DNDEBUG -O2 -Wall -fPIC -O2 -isystem /root/miniconda3/include -fPIC -O2 -isystem /root/miniconda3/include -fPIC -c /tmp/tmptqix2t4k/test.c -o /tmp/tmptqix2t4k/test.o
07/30/2026 20:06:37 - INFO - root -   gcc -pthread -B /root/miniconda3/compiler_compat /tmp/tmptqix2t4k/test.o -laio -o /tmp/tmptqix2t4k/a.out
07/30/2026 20:06:37 - INFO - root -   gcc -pthread -B /root/miniconda3/compiler_compat -fno-strict-overflow -DNDEBUG -O2 -Wall -fPIC -O2 -isystem /root/miniconda3/include -fPIC -O2 -isystem /root/miniconda3/include -fPIC -c /tmp/tmpu4mpl76v/test.c -o /tmp/tmpu4mpl76v/test.o
07/30/2026 20:06:37 - INFO - root -   gcc -pthread -B /root/miniconda3/compiler_compat /tmp/tmpu4mpl76v/test.o -L/usr/local/cuda -L/usr/local/cuda/lib64 -lcufile -o /tmp/tmpu4mpl76v/a.out
07/30/2026 20:08:49 - INFO - __main__ -   ########## few-shot seed=42 ##########
07/30/2026 20:08:49 - INFO - __main__ -   ########## few-shot seed=42 ##########
07/30/2026 20:08:49 - INFO - __main__ -   ########## few-shot seed=42 ##########
07/30/2026 20:08:49 - INFO - __main__ -   ########## few-shot seed=42 ##########
07/30/2026 20:08:49 - INFO - __main__ -   ########## few-shot seed=42 ##########
07/30/2026 20:08:49 - INFO - __main__ -   ########## few-shot seed=42 ##########
07/30/2026 20:08:58 - INFO - root -   gcc -pthread -B /root/miniconda3/compiler_compat -fno-strict-overflow -DNDEBUG -O2 -Wall -fPIC -O2 -isystem /root/miniconda3/include -fPIC -O2 -isystem /root/miniconda3/include -fPIC -c /tmp/tmpdxcpehfh/test.c -o /tmp/tmpdxcpehfh/test.o
07/30/2026 20:08:58 - INFO - root -   gcc -pthread -B /root/miniconda3/compiler_compat /tmp/tmpdxcpehfh/test.o -laio -o /tmp/tmpdxcpehfh/a.out
07/30/2026 20:08:58 - INFO - root -   gcc -pthread -B /root/miniconda3/compiler_compat -fno-strict-overflow -DNDEBUG -O2 -Wall -fPIC -O2 -isystem /root/miniconda3/include -fPIC -O2 -isystem /root/miniconda3/include -fPIC -c /tmp/tmpx7z598f9/test.c -o /tmp/tmpx7z598f9/test.o
07/30/2026 20:08:58 - INFO - root -   gcc -pthread -B /root/miniconda3/compiler_compat /tmp/tmpx7z598f9/test.o -L/usr/local/cuda -L/usr/local/cuda/lib64 -lcufile -o /tmp/tmpx7z598f9/a.out
07/30/2026 20:08:59 - INFO - root -   gcc -pthread -B /root/miniconda3/compiler_compat -fno-strict-overflow -DNDEBUG -O2 -Wall -fPIC -O2 -isystem /root/miniconda3/include -fPIC -O2 -isystem /root/miniconda3/include -fPIC -c /tmp/tmp9x31yi9_/test.c -o /tmp/tmp9x31yi9_/test.o
07/30/2026 20:08:59 - INFO - root -   gcc -pthread -B /root/miniconda3/compiler_compat /tmp/tmp9x31yi9_/test.o -laio -o /tmp/tmp9x31yi9_/a.out
07/30/2026 20:08:59 - INFO - root -   gcc -pthread -B /root/miniconda3/compiler_compat -fno-strict-overflow -DNDEBUG -O2 -Wall -fPIC -O2 -isystem /root/miniconda3/include -fPIC -O2 -isystem /root/miniconda3/include -fPIC -c /tmp/tmpgg33nhjr/test.c -o /tmp/tmpgg33nhjr/test.o
07/30/2026 20:08:59 - INFO - root -   gcc -pthread -B /root/miniconda3/compiler_compat /tmp/tmpgg33nhjr/test.o -L/usr/local/cuda -L/usr/local/cuda/lib64 -lcufile -o /tmp/tmpgg33nhjr/a.out
07/30/2026 20:08:59 - INFO - root -   gcc -pthread -B /root/miniconda3/compiler_compat -fno-strict-overflow -DNDEBUG -O2 -Wall -fPIC -O2 -isystem /root/miniconda3/include -fPIC -O2 -isystem /root/miniconda3/include -fPIC -c /tmp/tmp827l6zob/test.c -o /tmp/tmp827l6zob/test.o
07/30/2026 20:08:59 - INFO - root -   gcc -pthread -B /root/miniconda3/compiler_compat /tmp/tmp827l6zob/test.o -laio -o /tmp/tmp827l6zob/a.out
07/30/2026 20:08:59 - INFO - root -   gcc -pthread -B /root/miniconda3/compiler_compat -fno-strict-overflow -DNDEBUG -O2 -Wall -fPIC -O2 -isystem /root/miniconda3/include -fPIC -O2 -isystem /root/miniconda3/include -fPIC -c /tmp/tmpizvbyoia/test.c -o /tmp/tmpizvbyoia/test.o
07/30/2026 20:08:59 - INFO - root -   gcc -pthread -B /root/miniconda3/compiler_compat /tmp/tmpizvbyoia/test.o -L/usr/local/cuda -L/usr/local/cuda/lib64 -lcufile -o /tmp/tmpizvbyoia/a.out
07/30/2026 20:08:59 - INFO - root -   gcc -pthread -B /root/miniconda3/compiler_compat -fno-strict-overflow -DNDEBUG -O2 -Wall -fPIC -O2 -isystem /root/miniconda3/include -fPIC -O2 -isystem /root/miniconda3/include -fPIC -c /tmp/tmpvdbaqgg_/test.c -o /tmp/tmpvdbaqgg_/test.o
07/30/2026 20:08:59 - INFO - root -   gcc -pthread -B /root/miniconda3/compiler_compat /tmp/tmpvdbaqgg_/test.o -laio -o /tmp/tmpvdbaqgg_/a.out
07/30/2026 20:08:59 - INFO - root -   gcc -pthread -B /root/miniconda3/compiler_compat -fno-strict-overflow -DNDEBUG -O2 -Wall -fPIC -O2 -isystem /root/miniconda3/include -fPIC -O2 -isystem /root/miniconda3/include -fPIC -c /tmp/tmpnan5c70j/test.c -o /tmp/tmpnan5c70j/test.o
07/30/2026 20:08:59 - INFO - root -   gcc -pthread -B /root/miniconda3/compiler_compat /tmp/tmpnan5c70j/test.o -L/usr/local/cuda -L/usr/local/cuda/lib64 -lcufile -o /tmp/tmpnan5c70j/a.out
07/30/2026 20:08:59 - INFO - root -   gcc -pthread -B /root/miniconda3/compiler_compat -fno-strict-overflow -DNDEBUG -O2 -Wall -fPIC -O2 -isystem /root/miniconda3/include -fPIC -O2 -isystem /root/miniconda3/include -fPIC -c /tmp/tmpx34ngjw0/test.c -o /tmp/tmpx34ngjw0/test.o
07/30/2026 20:08:59 - INFO - root -   gcc -pthread -B /root/miniconda3/compiler_compat /tmp/tmpx34ngjw0/test.o -laio -o /tmp/tmpx34ngjw0/a.out
07/30/2026 20:08:59 - INFO - root -   gcc -pthread -B /root/miniconda3/compiler_compat -fno-strict-overflow -DNDEBUG -O2 -Wall -fPIC -O2 -isystem /root/miniconda3/include -fPIC -O2 -isystem /root/miniconda3/include -fPIC -c /tmp/tmpzj9xrrbo/test.c -o /tmp/tmpzj9xrrbo/test.o
07/30/2026 20:08:59 - INFO - root -   gcc -pthread -B /root/miniconda3/compiler_compat /tmp/tmpzj9xrrbo/test.o -L/usr/local/cuda -L/usr/local/cuda/lib64 -lcufile -o /tmp/tmpzj9xrrbo/a.out
07/30/2026 20:09:00 - INFO - root -   gcc -pthread -B /root/miniconda3/compiler_compat -fno-strict-overflow -DNDEBUG -O2 -Wall -fPIC -O2 -isystem /root/miniconda3/include -fPIC -O2 -isystem /root/miniconda3/include -fPIC -c /tmp/tmp8ernqeh4/test.c -o /tmp/tmp8ernqeh4/test.o
07/30/2026 20:09:00 - INFO - root -   gcc -pthread -B /root/miniconda3/compiler_compat /tmp/tmp8ernqeh4/test.o -laio -o /tmp/tmp8ernqeh4/a.out
07/30/2026 20:09:00 - INFO - root -   gcc -pthread -B /root/miniconda3/compiler_compat -fno-strict-overflow -DNDEBUG -O2 -Wall -fPIC -O2 -isystem /root/miniconda3/include -fPIC -O2 -isystem /root/miniconda3/include -fPIC -c /tmp/tmpe9vimep2/test.c -o /tmp/tmpe9vimep2/test.o
07/30/2026 20:09:00 - INFO - root -   gcc -pthread -B /root/miniconda3/compiler_compat /tmp/tmpe9vimep2/test.o -L/usr/local/cuda -L/usr/local/cuda/lib64 -lcufile -o /tmp/tmpe9vimep2/a.out
07/30/2026 20:09:04 - INFO - utils.trainer -   [DIAG] load_model R3 — loading from: ./output_dir/TimeLLM_CAUEEG2_train/TimeLLM-0.bin
07/30/2026 20:09:04 - INFO - utils.trainer -   [DIAG] load_model R3 — saved checkpoint keys: 22
07/30/2026 20:09:04 - INFO - utils.trainer -   [DIAG] load_model R0 — loading from: ./output_dir/TimeLLM_CAUEEG2_train/TimeLLM-0.bin
07/30/2026 20:09:04 - INFO - utils.trainer -   [DIAG] load_model R0 — saved checkpoint keys: 22
07/30/2026 20:09:04 - INFO - utils.trainer -   [DIAG] load_model R2 — loading from: ./output_dir/TimeLLM_CAUEEG2_train/TimeLLM-0.bin
07/30/2026 20:09:04 - INFO - utils.trainer -   [DIAG] load_model R2 — saved checkpoint keys: 22
07/30/2026 20:09:04 - INFO - utils.trainer -   [DIAG] load_model R1 — loading from: ./output_dir/TimeLLM_CAUEEG2_train/TimeLLM-0.bin
07/30/2026 20:09:04 - INFO - utils.trainer -   [DIAG] load_model R1 — saved checkpoint keys: 22
07/30/2026 20:09:04 - INFO - utils.trainer -   [DIAG] load_model R5 — loading from: ./output_dir/TimeLLM_CAUEEG2_train/TimeLLM-0.bin
07/30/2026 20:09:04 - INFO - utils.trainer -   [DIAG] load_model R5 — saved checkpoint keys: 22
07/30/2026 20:09:04 - INFO - utils.trainer -   [DIAG] load_model R4 — loading from: ./output_dir/TimeLLM_CAUEEG2_train/TimeLLM-0.bin
07/30/2026 20:09:04 - INFO - utils.trainer -   [DIAG] load_model R4 — saved checkpoint keys: 22
07/30/2026 20:09:04 - INFO - utils.trainer -   [DIAG] load_model R3 — SAVED fingerprint:
  SAVED   prompt_prefix_embeddings                                      shape=(220, 4096)  mean=+0.000039  std=0.008396
  SAVED   start_tag_embeddings                                          shape=(5, 4096)  mean=-0.000002  std=0.009307
  SAVED   end_tag_embeddings                                            shape=(6, 4096)  mean=+0.000035  std=0.008547
  SAVED   gcn_layers.0.linear.weight                                    shape=(128, 128)  mean=-0.000112  std=0.051455
  SAVED   node_projection.0.weight                                      shape=(64, 128)  mean=+0.000144  std=0.051408
  SAVED   node_projection.0.bias                                        shape=(64,)  mean=-0.008283  std=0.051374
  SAVED   node_projection.1.weight                                      shape=(64,)  mean=+1.002237  std=0.004965
  SAVED   node_projection.1.bias                                        shape=(64,)  mean=+0.002191  std=0.004201
07/30/2026 20:09:04 - INFO - utils.trainer -   [DIAG] load_model R0 — SAVED fingerprint:
  SAVED   prompt_prefix_embeddings                                      shape=(220, 4096)  mean=+0.000039  std=0.008396
  SAVED   start_tag_embeddings                                          shape=(5, 4096)  mean=-0.000002  std=0.009307
  SAVED   end_tag_embeddings                                            shape=(6, 4096)  mean=+0.000035  std=0.008547
  SAVED   gcn_layers.0.linear.weight                                    shape=(128, 128)  mean=-0.000112  std=0.051455
  SAVED   node_projection.0.weight                                      shape=(64, 128)  mean=+0.000144  std=0.051408
  SAVED   node_projection.0.bias                                        shape=(64,)  mean=-0.008283  std=0.051374
  SAVED   node_projection.1.weight                                      shape=(64,)  mean=+1.002237  std=0.004965
  SAVED   node_projection.1.bias                                        shape=(64,)  mean=+0.002191  std=0.004201
07/30/2026 20:09:04 - INFO - utils.trainer -   [DIAG] load_model R2 — SAVED fingerprint:
  SAVED   prompt_prefix_embeddings                                      shape=(220, 4096)  mean=+0.000039  std=0.008396
  SAVED   start_tag_embeddings                                          shape=(5, 4096)  mean=-0.000002  std=0.009307
  SAVED   end_tag_embeddings                                            shape=(6, 4096)  mean=+0.000035  std=0.008547
  SAVED   gcn_layers.0.linear.weight                                    shape=(128, 128)  mean=-0.000112  std=0.051455
  SAVED   node_projection.0.weight                                      shape=(64, 128)  mean=+0.000144  std=0.051408
  SAVED   node_projection.0.bias                                        shape=(64,)  mean=-0.008283  std=0.051374
  SAVED   node_projection.1.weight                                      shape=(64,)  mean=+1.002237  std=0.004965
  SAVED   node_projection.1.bias                                        shape=(64,)  mean=+0.002191  std=0.004201
07/30/2026 20:09:04 - INFO - utils.trainer -   [DIAG] load_model R5 — SAVED fingerprint:
  SAVED   prompt_prefix_embeddings                                      shape=(220, 4096)  mean=+0.000039  std=0.008396
  SAVED   start_tag_embeddings                                          shape=(5, 4096)  mean=-0.000002  std=0.009307
  SAVED   end_tag_embeddings                                            shape=(6, 4096)  mean=+0.000035  std=0.008547
  SAVED   gcn_layers.0.linear.weight                                    shape=(128, 128)  mean=-0.000112  std=0.051455
  SAVED   node_projection.0.weight                                      shape=(64, 128)  mean=+0.000144  std=0.051408
  SAVED   node_projection.0.bias                                        shape=(64,)  mean=-0.008283  std=0.051374
  SAVED   node_projection.1.weight                                      shape=(64,)  mean=+1.002237  std=0.004965
  SAVED   node_projection.1.bias                                        shape=(64,)  mean=+0.002191  std=0.004201
07/30/2026 20:09:04 - INFO - utils.trainer -   [DIAG] load_model R1 — SAVED fingerprint:
  SAVED   prompt_prefix_embeddings                                      shape=(220, 4096)  mean=+0.000039  std=0.008396
  SAVED   start_tag_embeddings                                          shape=(5, 4096)  mean=-0.000002  std=0.009307
  SAVED   end_tag_embeddings                                            shape=(6, 4096)  mean=+0.000035  std=0.008547
  SAVED   gcn_layers.0.linear.weight                                    shape=(128, 128)  mean=-0.000112  std=0.051455
  SAVED   node_projection.0.weight                                      shape=(64, 128)  mean=+0.000144  std=0.051408
  SAVED   node_projection.0.bias                                        shape=(64,)  mean=-0.008283  std=0.051374
  SAVED   node_projection.1.weight                                      shape=(64,)  mean=+1.002237  std=0.004965
  SAVED   node_projection.1.bias                                        shape=(64,)  mean=+0.002191  std=0.004201
07/30/2026 20:09:04 - INFO - utils.trainer -   [DIAG] load_model R4 — SAVED fingerprint:
  SAVED   prompt_prefix_embeddings                                      shape=(220, 4096)  mean=+0.000039  std=0.008396
  SAVED   start_tag_embeddings                                          shape=(5, 4096)  mean=-0.000002  std=0.009307
  SAVED   end_tag_embeddings                                            shape=(6, 4096)  mean=+0.000035  std=0.008547
  SAVED   gcn_layers.0.linear.weight                                    shape=(128, 128)  mean=-0.000112  std=0.051455
  SAVED   node_projection.0.weight                                      shape=(64, 128)  mean=+0.000144  std=0.051408
  SAVED   node_projection.0.bias                                        shape=(64,)  mean=-0.008283  std=0.051374
  SAVED   node_projection.1.weight                                      shape=(64,)  mean=+1.002237  std=0.004965
  SAVED   node_projection.1.bias                                        shape=(64,)  mean=+0.002191  std=0.004201
07/30/2026 20:09:04 - INFO - utils.trainer -   [DIAG] load_model R0 — CURRENT BEFORE copy:
  BEFORE  word_embeddings                                               shape=(128256, 4096)  mean=+0.000023  std=0.010728
  BEFORE  prompt_prefix_embeddings                                      shape=(220, 4096)  mean=+0.000039  std=0.008396
  BEFORE  start_tag_embeddings                                          shape=(5, 4096)  mean=-0.000002  std=0.009307
  BEFORE  end_tag_embeddings                                            shape=(6, 4096)  mean=+0.000035  std=0.008547
  BEFORE  gcn_layers.0.linear.weight                                    shape=(128, 128)  mean=-0.000164  std=0.051053
  BEFORE  node_projection.0.weight                                      shape=(64, 128)  mean=+0.000018  std=0.051042
  BEFORE  node_projection.0.bias                                        shape=(64,)  mean=-0.010010  std=0.053771
  BEFORE  node_projection.1.weight                                      shape=(64,)  mean=+1.000000  std=0.000000
07/30/2026 20:09:04 - INFO - utils.trainer -   [DIAG] load_model R3 — CURRENT BEFORE copy:
  BEFORE  word_embeddings                                               shape=(128256, 4096)  mean=+0.000023  std=0.010728
  BEFORE  prompt_prefix_embeddings                                      shape=(220, 4096)  mean=+0.000039  std=0.008396
  BEFORE  start_tag_embeddings                                          shape=(5, 4096)  mean=-0.000002  std=0.009307
  BEFORE  end_tag_embeddings                                            shape=(6, 4096)  mean=+0.000035  std=0.008547
  BEFORE  gcn_layers.0.linear.weight                                    shape=(128, 128)  mean=-0.000164  std=0.051053
  BEFORE  node_projection.0.weight                                      shape=(64, 128)  mean=+0.000018  std=0.051042
  BEFORE  node_projection.0.bias                                        shape=(64,)  mean=-0.010010  std=0.053771
  BEFORE  node_projection.1.weight                                      shape=(64,)  mean=+1.000000  std=0.000000
07/30/2026 20:09:04 - INFO - utils.trainer -   [DIAG] load_model R2 — CURRENT BEFORE copy:
  BEFORE  word_embeddings                                               shape=(128256, 4096)  mean=+0.000023  std=0.010728
  BEFORE  prompt_prefix_embeddings                                      shape=(220, 4096)  mean=+0.000039  std=0.008396
  BEFORE  start_tag_embeddings                                          shape=(5, 4096)  mean=-0.000002  std=0.009307
  BEFORE  end_tag_embeddings                                            shape=(6, 4096)  mean=+0.000035  std=0.008547
  BEFORE  gcn_layers.0.linear.weight                                    shape=(128, 128)  mean=-0.000164  std=0.051053
  BEFORE  node_projection.0.weight                                      shape=(64, 128)  mean=+0.000018  std=0.051042
  BEFORE  node_projection.0.bias                                        shape=(64,)  mean=-0.010010  std=0.053771
  BEFORE  node_projection.1.weight                                      shape=(64,)  mean=+1.000000  std=0.000000
07/30/2026 20:09:04 - INFO - utils.trainer -   [DIAG] load_model R5 — CURRENT BEFORE copy:
  BEFORE  word_embeddings                                               shape=(128256, 4096)  mean=+0.000023  std=0.010728
  BEFORE  prompt_prefix_embeddings                                      shape=(220, 4096)  mean=+0.000039  std=0.008396
  BEFORE  start_tag_embeddings                                          shape=(5, 4096)  mean=-0.000002  std=0.009307
  BEFORE  end_tag_embeddings                                            shape=(6, 4096)  mean=+0.000035  std=0.008547
  BEFORE  gcn_layers.0.linear.weight                                    shape=(128, 128)  mean=-0.000164  std=0.051053
  BEFORE  node_projection.0.weight                                      shape=(64, 128)  mean=+0.000018  std=0.051042
  BEFORE  node_projection.0.bias                                        shape=(64,)  mean=-0.010010  std=0.053771
  BEFORE  node_projection.1.weight                                      shape=(64,)  mean=+1.000000  std=0.000000
07/30/2026 20:09:04 - INFO - utils.trainer -   [DIAG] load_model R4 — CURRENT BEFORE copy:
  BEFORE  word_embeddings                                               shape=(128256, 4096)  mean=+0.000023  std=0.010728
  BEFORE  prompt_prefix_embeddings                                      shape=(220, 4096)  mean=+0.000039  std=0.008396
  BEFORE  start_tag_embeddings                                          shape=(5, 4096)  mean=-0.000002  std=0.009307
  BEFORE  end_tag_embeddings                                            shape=(6, 4096)  mean=+0.000035  std=0.008547
  BEFORE  gcn_layers.0.linear.weight                                    shape=(128, 128)  mean=-0.000164  std=0.051053
  BEFORE  node_projection.0.weight                                      shape=(64, 128)  mean=+0.000018  std=0.051042
  BEFORE  node_projection.0.bias                                        shape=(64,)  mean=-0.010010  std=0.053771
  BEFORE  node_projection.1.weight                                      shape=(64,)  mean=+1.000000  std=0.000000
07/30/2026 20:09:04 - INFO - utils.trainer -   [DIAG] load_model R1 — CURRENT BEFORE copy:
  BEFORE  word_embeddings                                               shape=(128256, 4096)  mean=+0.000023  std=0.010728
  BEFORE  prompt_prefix_embeddings                                      shape=(220, 4096)  mean=+0.000039  std=0.008396
  BEFORE  start_tag_embeddings                                          shape=(5, 4096)  mean=-0.000002  std=0.009307
  BEFORE  end_tag_embeddings                                            shape=(6, 4096)  mean=+0.000035  std=0.008547
  BEFORE  gcn_layers.0.linear.weight                                    shape=(128, 128)  mean=-0.000164  std=0.051053
  BEFORE  node_projection.0.weight                                      shape=(64, 128)  mean=+0.000018  std=0.051042
  BEFORE  node_projection.0.bias                                        shape=(64,)  mean=-0.010010  std=0.053771
  BEFORE  node_projection.1.weight                                      shape=(64,)  mean=+1.000000  std=0.000000
07/30/2026 20:09:04 - INFO - utils.trainer -   [DIAG] load_model R3 — CURRENT AFTER copy:
  AFTER   word_embeddings                                               shape=(128256, 4096)  mean=+0.000023  std=0.010728
  AFTER   prompt_prefix_embeddings                                      shape=(220, 4096)  mean=+0.000039  std=0.008396
  AFTER   start_tag_embeddings                                          shape=(5, 4096)  mean=-0.000002  std=0.009307
  AFTER   end_tag_embeddings                                            shape=(6, 4096)  mean=+0.000035  std=0.008547
  AFTER   gcn_layers.0.linear.weight                                    shape=(128, 128)  mean=-0.000112  std=0.051455
  AFTER   node_projection.0.weight                                      shape=(64, 128)  mean=+0.000144  std=0.051408
  AFTER   node_projection.0.bias                                        shape=(64,)  mean=-0.008283  std=0.051374
  AFTER   node_projection.1.weight                                      shape=(64,)  mean=+1.002237  std=0.004965
07/30/2026 20:09:04 - INFO - utils.trainer -   [DIAG] load_model R0 — CURRENT AFTER copy:
  AFTER   word_embeddings                                               shape=(128256, 4096)  mean=+0.000023  std=0.010728
  AFTER   prompt_prefix_embeddings                                      shape=(220, 4096)  mean=+0.000039  std=0.008396
  AFTER   start_tag_embeddings                                          shape=(5, 4096)  mean=-0.000002  std=0.009307
  AFTER   end_tag_embeddings                                            shape=(6, 4096)  mean=+0.000035  std=0.008547
  AFTER   gcn_layers.0.linear.weight                                    shape=(128, 128)  mean=-0.000112  std=0.051455
  AFTER   node_projection.0.weight                                      shape=(64, 128)  mean=+0.000144  std=0.051408
  AFTER   node_projection.0.bias                                        shape=(64,)  mean=-0.008283  std=0.051374
  AFTER   node_projection.1.weight                                      shape=(64,)  mean=+1.002237  std=0.004965
07/30/2026 20:09:04 - INFO - utils.trainer -     582 keys not in checkpoint (kept from init)
07/30/2026 20:09:04 - INFO - utils.trainer -     582 keys not in checkpoint (kept from init)
07/30/2026 20:09:04 - INFO - utils.trainer -   Model loaded from ./output_dir/TimeLLM_CAUEEG2_train/TimeLLM-0.bin (22/22 keys)
07/30/2026 20:09:04 - INFO - utils.trainer -   Model loaded from ./output_dir/TimeLLM_CAUEEG2_train/TimeLLM-0.bin (22/22 keys)
07/30/2026 20:09:04 - INFO - utils.trainer -   [DIAG] load_model R2 — CURRENT AFTER copy:
  AFTER   word_embeddings                                               shape=(128256, 4096)  mean=+0.000023  std=0.010728
  AFTER   prompt_prefix_embeddings                                      shape=(220, 4096)  mean=+0.000039  std=0.008396
  AFTER   start_tag_embeddings                                          shape=(5, 4096)  mean=-0.000002  std=0.009307
  AFTER   end_tag_embeddings                                            shape=(6, 4096)  mean=+0.000035  std=0.008547
  AFTER   gcn_layers.0.linear.weight                                    shape=(128, 128)  mean=-0.000112  std=0.051455
  AFTER   node_projection.0.weight                                      shape=(64, 128)  mean=+0.000144  std=0.051408
  AFTER   node_projection.0.bias                                        shape=(64,)  mean=-0.008283  std=0.051374
  AFTER   node_projection.1.weight                                      shape=(64,)  mean=+1.002237  std=0.004965
07/30/2026 20:09:04 - INFO - utils.trainer -     582 keys not in checkpoint (kept from init)
07/30/2026 20:09:04 - INFO - utils.trainer -   Model loaded from ./output_dir/TimeLLM_CAUEEG2_train/TimeLLM-0.bin (22/22 keys)
07/30/2026 20:09:04 - INFO - utils.trainer -   [DIAG] load_model R5 — CURRENT AFTER copy:
  AFTER   word_embeddings                                               shape=(128256, 4096)  mean=+0.000023  std=0.010728
  AFTER   prompt_prefix_embeddings                                      shape=(220, 4096)  mean=+0.000039  std=0.008396
  AFTER   start_tag_embeddings                                          shape=(5, 4096)  mean=-0.000002  std=0.009307
  AFTER   end_tag_embeddings                                            shape=(6, 4096)  mean=+0.000035  std=0.008547
  AFTER   gcn_layers.0.linear.weight                                    shape=(128, 128)  mean=-0.000112  std=0.051455
  AFTER   node_projection.0.weight                                      shape=(64, 128)  mean=+0.000144  std=0.051408
  AFTER   node_projection.0.bias                                        shape=(64,)  mean=-0.008283  std=0.051374
  AFTER   node_projection.1.weight                                      shape=(64,)  mean=+1.002237  std=0.004965
07/30/2026 20:09:04 - INFO - utils.trainer -     582 keys not in checkpoint (kept from init)
07/30/2026 20:09:04 - INFO - utils.trainer -   ***** Running evaluation on test dataset *****
07/30/2026 20:09:04 - INFO - utils.trainer -   Model loaded from ./output_dir/TimeLLM_CAUEEG2_train/TimeLLM-0.bin (22/22 keys)
07/30/2026 20:09:04 - INFO - utils.trainer -   [DIAG] load_model R4 — CURRENT AFTER copy:
  AFTER   word_embeddings                                               shape=(128256, 4096)  mean=+0.000023  std=0.010728
  AFTER   prompt_prefix_embeddings                                      shape=(220, 4096)  mean=+0.000039  std=0.008396
  AFTER   start_tag_embeddings                                          shape=(5, 4096)  mean=-0.000002  std=0.009307
  AFTER   end_tag_embeddings                                            shape=(6, 4096)  mean=+0.000035  std=0.008547
  AFTER   gcn_layers.0.linear.weight                                    shape=(128, 128)  mean=-0.000112  std=0.051455
  AFTER   node_projection.0.weight                                      shape=(64, 128)  mean=+0.000144  std=0.051408
  AFTER   node_projection.0.bias                                        shape=(64,)  mean=-0.008283  std=0.051374
  AFTER   node_projection.1.weight                                      shape=(64,)  mean=+1.002237  std=0.004965
07/30/2026 20:09:04 - INFO - utils.trainer -     582 keys not in checkpoint (kept from init)
07/30/2026 20:09:04 - INFO - utils.trainer -   Model loaded from ./output_dir/TimeLLM_CAUEEG2_train/TimeLLM-0.bin (22/22 keys)
07/30/2026 20:09:04 - INFO - utils.trainer -   [DIAG] load_model R1 — CURRENT AFTER copy:
  AFTER   word_embeddings                                               shape=(128256, 4096)  mean=+0.000023  std=0.010728
  AFTER   prompt_prefix_embeddings                                      shape=(220, 4096)  mean=+0.000039  std=0.008396
  AFTER   start_tag_embeddings                                          shape=(5, 4096)  mean=-0.000002  std=0.009307
  AFTER   end_tag_embeddings                                            shape=(6, 4096)  mean=+0.000035  std=0.008547
  AFTER   gcn_layers.0.linear.weight                                    shape=(128, 128)  mean=-0.000112  std=0.051455
  AFTER   node_projection.0.weight                                      shape=(64, 128)  mean=+0.000144  std=0.051408
  AFTER   node_projection.0.bias                                        shape=(64,)  mean=-0.008283  std=0.051374
  AFTER   node_projection.1.weight                                      shape=(64,)  mean=+1.002237  std=0.004965
07/30/2026 20:09:04 - INFO - utils.trainer -     582 keys not in checkpoint (kept from init)
07/30/2026 20:09:04 - INFO - utils.trainer -   Model loaded from ./output_dir/TimeLLM_CAUEEG2_train/TimeLLM-0.bin (22/22 keys)
07/30/2026 20:09:17 - INFO - utils.trainer -   Loss: 0.62292
07/30/2026 20:09:17 - INFO - utils.trainer -   AUC: 0.72863
07/30/2026 20:09:17 - INFO - utils.trainer -   Accuracy: 0.63421
07/30/2026 20:09:17 - INFO - utils.trainer -   Precision: 0.62568
07/30/2026 20:09:17 - INFO - utils.trainer -   Specificity: 0.30081
07/30/2026 20:09:17 - INFO - utils.trainer -   Sensitivity: 0.88735
07/30/2026 20:09:17 - INFO - __main__ -   
============================================================
  Zero-shot (TimeLLM_CAUEEG2_train → CAUEEG2)  seed=42
============================================================
07/30/2026 20:09:17 - INFO - __main__ -     Loss           : 0.6229
07/30/2026 20:09:17 - INFO - __main__ -     AUC            : 0.7286
07/30/2026 20:09:17 - INFO - __main__ -     Accuracy       : 0.6342
07/30/2026 20:09:17 - INFO - __main__ -     Precision      : 0.6257
07/30/2026 20:09:17 - INFO - __main__ -     Specificity    : 0.3008
07/30/2026 20:09:17 - INFO - __main__ -     Sensitivity    : 0.8873
