07/30/2026 20:23:35 - INFO - __main__ -   ########## few-shot seed=42 ##########
07/30/2026 20:23:35 - INFO - __main__ -   ########## few-shot seed=42 ##########
07/30/2026 20:23:35 - INFO - __main__ -   ########## few-shot seed=42 ##########
07/30/2026 20:23:35 - INFO - __main__ -   ########## few-shot seed=42 ##########
07/30/2026 20:23:37 - INFO - root -   gcc -pthread -B /root/miniconda3/compiler_compat -fno-strict-overflow -DNDEBUG -O2 -Wall -fPIC -O2 -isystem /root/miniconda3/include -fPIC -O2 -isystem /root/miniconda3/include -fPIC -c /tmp/tmpsi9970mg/test.c -o /tmp/tmpsi9970mg/test.o
07/30/2026 20:23:37 - INFO - root -   gcc -pthread -B /root/miniconda3/compiler_compat /tmp/tmpsi9970mg/test.o -laio -o /tmp/tmpsi9970mg/a.out
07/30/2026 20:23:37 - INFO - root -   gcc -pthread -B /root/miniconda3/compiler_compat -fno-strict-overflow -DNDEBUG -O2 -Wall -fPIC -O2 -isystem /root/miniconda3/include -fPIC -O2 -isystem /root/miniconda3/include -fPIC -c /tmp/tmpxn963z7m/test.c -o /tmp/tmpxn963z7m/test.o
07/30/2026 20:23:37 - INFO - root -   gcc -pthread -B /root/miniconda3/compiler_compat /tmp/tmpxn963z7m/test.o -L/usr/local/cuda -L/usr/local/cuda/lib64 -lcufile -o /tmp/tmpxn963z7m/a.out
07/30/2026 20:23:37 - INFO - root -   gcc -pthread -B /root/miniconda3/compiler_compat -fno-strict-overflow -DNDEBUG -O2 -Wall -fPIC -O2 -isystem /root/miniconda3/include -fPIC -O2 -isystem /root/miniconda3/include -fPIC -c /tmp/tmpy5f_dugj/test.c -o /tmp/tmpy5f_dugj/test.o
07/30/2026 20:23:37 - INFO - root -   gcc -pthread -B /root/miniconda3/compiler_compat /tmp/tmpy5f_dugj/test.o -laio -o /tmp/tmpy5f_dugj/a.out
07/30/2026 20:23:37 - INFO - root -   gcc -pthread -B /root/miniconda3/compiler_compat -fno-strict-overflow -DNDEBUG -O2 -Wall -fPIC -O2 -isystem /root/miniconda3/include -fPIC -O2 -isystem /root/miniconda3/include -fPIC -c /tmp/tmpqzk2j95s/test.c -o /tmp/tmpqzk2j95s/test.o
07/30/2026 20:23:37 - INFO - root -   gcc -pthread -B /root/miniconda3/compiler_compat /tmp/tmpqzk2j95s/test.o -L/usr/local/cuda -L/usr/local/cuda/lib64 -lcufile -o /tmp/tmpqzk2j95s/a.out
07/30/2026 20:23:37 - INFO - root -   gcc -pthread -B /root/miniconda3/compiler_compat -fno-strict-overflow -DNDEBUG -O2 -Wall -fPIC -O2 -isystem /root/miniconda3/include -fPIC -O2 -isystem /root/miniconda3/include -fPIC -c /tmp/tmpnhsn1q3h/test.c -o /tmp/tmpnhsn1q3h/test.o
07/30/2026 20:23:37 - INFO - root -   gcc -pthread -B /root/miniconda3/compiler_compat /tmp/tmpnhsn1q3h/test.o -laio -o /tmp/tmpnhsn1q3h/a.out
07/30/2026 20:23:38 - INFO - root -   gcc -pthread -B /root/miniconda3/compiler_compat -fno-strict-overflow -DNDEBUG -O2 -Wall -fPIC -O2 -isystem /root/miniconda3/include -fPIC -O2 -isystem /root/miniconda3/include -fPIC -c /tmp/tmpx34m6vh8/test.c -o /tmp/tmpx34m6vh8/test.o
07/30/2026 20:23:38 - INFO - root -   gcc -pthread -B /root/miniconda3/compiler_compat /tmp/tmpx34m6vh8/test.o -L/usr/local/cuda -L/usr/local/cuda/lib64 -lcufile -o /tmp/tmpx34m6vh8/a.out
07/30/2026 20:23:38 - INFO - root -   gcc -pthread -B /root/miniconda3/compiler_compat -fno-strict-overflow -DNDEBUG -O2 -Wall -fPIC -O2 -isystem /root/miniconda3/include -fPIC -O2 -isystem /root/miniconda3/include -fPIC -c /tmp/tmpjih5n94q/test.c -o /tmp/tmpjih5n94q/test.o
07/30/2026 20:23:38 - INFO - root -   gcc -pthread -B /root/miniconda3/compiler_compat /tmp/tmpjih5n94q/test.o -laio -o /tmp/tmpjih5n94q/a.out
07/30/2026 20:23:38 - INFO - root -   gcc -pthread -B /root/miniconda3/compiler_compat -fno-strict-overflow -DNDEBUG -O2 -Wall -fPIC -O2 -isystem /root/miniconda3/include -fPIC -O2 -isystem /root/miniconda3/include -fPIC -c /tmp/tmpxlksueom/test.c -o /tmp/tmpxlksueom/test.o
07/30/2026 20:23:38 - INFO - root -   gcc -pthread -B /root/miniconda3/compiler_compat /tmp/tmpxlksueom/test.o -L/usr/local/cuda -L/usr/local/cuda/lib64 -lcufile -o /tmp/tmpxlksueom/a.out
07/30/2026 20:23:38 - INFO - utils.trainer -     6 keys not in checkpoint (kept from init)
07/30/2026 20:23:38 - INFO - utils.trainer -   Model loaded from ./output_dir/ALTER_CAUEEG2_train/ALTER-0.bin (27/27 keys)
07/30/2026 20:23:38 - INFO - utils.trainer -     6 keys not in checkpoint (kept from init)
07/30/2026 20:23:38 - INFO - utils.trainer -   Model loaded from ./output_dir/ALTER_CAUEEG2_train/ALTER-0.bin (27/27 keys)
07/30/2026 20:23:38 - INFO - utils.trainer -     6 keys not in checkpoint (kept from init)
07/30/2026 20:23:38 - INFO - utils.trainer -   Model loaded from ./output_dir/ALTER_CAUEEG2_train/ALTER-0.bin (27/27 keys)
07/30/2026 20:23:39 - INFO - utils.trainer -     6 keys not in checkpoint (kept from init)
07/30/2026 20:23:39 - INFO - utils.trainer -   Model loaded from ./output_dir/ALTER_CAUEEG2_train/ALTER-0.bin (27/27 keys)
07/30/2026 20:23:39 - INFO - utils.trainer -   ***** Running few-shot fine-tune (transfer) *****
07/30/2026 20:23:39 - INFO - utils.trainer -     Num train examples = 3
07/30/2026 20:23:39 - INFO - utils.trainer -     Num val   examples = 15
07/30/2026 20:23:39 - INFO - utils.trainer -     Num test  examples = 19
07/30/2026 20:23:39 - INFO - utils.trainer -     Max fine-tune epochs = 200
07/30/2026 20:23:39 - INFO - utils.trainer -     Fine-tune lr = 1e-05
07/30/2026 20:23:40 - INFO - utils.trainer -   ***** Running evaluation on val dataset *****
07/30/2026 20:23:40 - INFO - utils.trainer -   Loss: 1.38530
07/30/2026 20:23:40 - INFO - utils.trainer -   AUC: 0.61469
07/30/2026 20:23:40 - INFO - utils.trainer -   Accuracy: 0.54167
07/30/2026 20:23:40 - INFO - utils.trainer -   Precision: 0.00000
07/30/2026 20:23:40 - INFO - utils.trainer -   Specificity: 1.00000
07/30/2026 20:23:40 - INFO - utils.trainer -   Sensitivity: 0.00000
07/30/2026 20:23:40 - INFO - utils.trainer -   Model saved to output_dir/ALTER_DS_fewshot_best
07/30/2026 20:23:40 - INFO - utils.trainer -   Best model saved (val AUC=0.6147, epoch=1)
07/30/2026 20:23:40 - INFO - utils.trainer -   FT Epoch: 1/200, Train Loss: 2.06138, Val Loss: 1.38530, Val AUC: 0.6147, Best AUC: 0.6147, No improve: 0/25, Time: 1.0s
07/30/2026 20:23:40 - INFO - utils.trainer -   ***** Running evaluation on val dataset *****
07/30/2026 20:23:41 - INFO - utils.trainer -   Loss: 1.38515
07/30/2026 20:23:41 - INFO - utils.trainer -   AUC: 0.60769
07/30/2026 20:23:41 - INFO - utils.trainer -   Accuracy: 0.54167
07/30/2026 20:23:41 - INFO - utils.trainer -   Precision: 0.00000
07/30/2026 20:23:41 - INFO - utils.trainer -   Specificity: 1.00000
07/30/2026 20:23:41 - INFO - utils.trainer -   Sensitivity: 0.00000
07/30/2026 20:23:41 - INFO - utils.trainer -   FT Epoch: 2/200, Train Loss: 1.39116, Val Loss: 1.38515, Val AUC: 0.6077, Best AUC: 0.6147, No improve: 1/25, Time: 0.4s
07/30/2026 20:23:41 - INFO - utils.trainer -   ***** Running evaluation on val dataset *****
07/30/2026 20:23:41 - INFO - utils.trainer -   Loss: 1.38503
07/30/2026 20:23:41 - INFO - utils.trainer -   AUC: 0.60727
07/30/2026 20:23:41 - INFO - utils.trainer -   Accuracy: 0.54167
07/30/2026 20:23:41 - INFO - utils.trainer -   Precision: 0.00000
07/30/2026 20:23:41 - INFO - utils.trainer -   Specificity: 1.00000
07/30/2026 20:23:41 - INFO - utils.trainer -   Sensitivity: 0.00000
07/30/2026 20:23:41 - INFO - utils.trainer -   FT Epoch: 3/200, Train Loss: 1.37672, Val Loss: 1.38503, Val AUC: 0.6073, Best AUC: 0.6147, No improve: 2/25, Time: 0.3s
07/30/2026 20:23:42 - INFO - utils.trainer -   ***** Running evaluation on val dataset *****
07/30/2026 20:23:42 - INFO - utils.trainer -   Loss: 1.38495
07/30/2026 20:23:42 - INFO - utils.trainer -   AUC: 0.59469
07/30/2026 20:23:42 - INFO - utils.trainer -   Accuracy: 0.54167
07/30/2026 20:23:42 - INFO - utils.trainer -   Precision: 0.00000
07/30/2026 20:23:42 - INFO - utils.trainer -   Specificity: 1.00000
07/30/2026 20:23:42 - INFO - utils.trainer -   Sensitivity: 0.00000
07/30/2026 20:23:42 - INFO - utils.trainer -   FT Epoch: 4/200, Train Loss: 1.38627, Val Loss: 1.38495, Val AUC: 0.5947, Best AUC: 0.6147, No improve: 3/25, Time: 0.4s
07/30/2026 20:23:43 - INFO - utils.trainer -   ***** Running evaluation on val dataset *****
07/30/2026 20:23:43 - INFO - utils.trainer -   Loss: 1.38485
07/30/2026 20:23:43 - INFO - utils.trainer -   AUC: 0.56476
07/30/2026 20:23:43 - INFO - utils.trainer -   Accuracy: 0.54167
07/30/2026 20:23:43 - INFO - utils.trainer -   Precision: 0.00000
07/30/2026 20:23:43 - INFO - utils.trainer -   Specificity: 1.00000
07/30/2026 20:23:43 - INFO - utils.trainer -   Sensitivity: 0.00000
07/30/2026 20:23:43 - INFO - utils.trainer -   FT Epoch: 5/200, Train Loss: 1.38089, Val Loss: 1.38485, Val AUC: 0.5648, Best AUC: 0.6147, No improve: 4/25, Time: 0.3s
07/30/2026 20:23:43 - INFO - utils.trainer -   ***** Running evaluation on val dataset *****
07/30/2026 20:23:44 - INFO - utils.trainer -   Loss: 1.38477
07/30/2026 20:23:44 - INFO - utils.trainer -   AUC: 0.53371
07/30/2026 20:23:44 - INFO - utils.trainer -   Accuracy: 0.54167
07/30/2026 20:23:44 - INFO - utils.trainer -   Precision: 0.00000
07/30/2026 20:23:44 - INFO - utils.trainer -   Specificity: 1.00000
07/30/2026 20:23:44 - INFO - utils.trainer -   Sensitivity: 0.00000
07/30/2026 20:23:44 - INFO - utils.trainer -   FT Epoch: 6/200, Train Loss: 1.39249, Val Loss: 1.38477, Val AUC: 0.5337, Best AUC: 0.6147, No improve: 5/25, Time: 0.3s
07/30/2026 20:23:44 - INFO - utils.trainer -   ***** Running evaluation on val dataset *****
07/30/2026 20:23:45 - INFO - utils.trainer -   Loss: 1.38469
07/30/2026 20:23:45 - INFO - utils.trainer -   AUC: 0.52350
07/30/2026 20:23:45 - INFO - utils.trainer -   Accuracy: 0.54167
07/30/2026 20:23:45 - INFO - utils.trainer -   Precision: 0.00000
07/30/2026 20:23:45 - INFO - utils.trainer -   Specificity: 1.00000
07/30/2026 20:23:45 - INFO - utils.trainer -   Sensitivity: 0.00000
07/30/2026 20:23:45 - INFO - utils.trainer -   FT Epoch: 7/200, Train Loss: 1.38614, Val Loss: 1.38469, Val AUC: 0.5235, Best AUC: 0.6147, No improve: 6/25, Time: 0.4s
07/30/2026 20:23:45 - INFO - utils.trainer -   ***** Running evaluation on val dataset *****
07/30/2026 20:23:46 - INFO - utils.trainer -   Loss: 1.38461
07/30/2026 20:23:46 - INFO - utils.trainer -   AUC: 0.50238
07/30/2026 20:23:46 - INFO - utils.trainer -   Accuracy: 0.54167
07/30/2026 20:23:46 - INFO - utils.trainer -   Precision: 0.00000
07/30/2026 20:23:46 - INFO - utils.trainer -   Specificity: 1.00000
07/30/2026 20:23:46 - INFO - utils.trainer -   Sensitivity: 0.00000
07/30/2026 20:23:46 - INFO - utils.trainer -   FT Epoch: 8/200, Train Loss: 1.37242, Val Loss: 1.38461, Val AUC: 0.5024, Best AUC: 0.6147, No improve: 7/25, Time: 0.5s
07/30/2026 20:23:46 - INFO - utils.trainer -   ***** Running evaluation on val dataset *****
07/30/2026 20:23:46 - INFO - utils.trainer -   Loss: 1.38452
07/30/2026 20:23:46 - INFO - utils.trainer -   AUC: 0.48937
07/30/2026 20:23:46 - INFO - utils.trainer -   Accuracy: 0.54167
07/30/2026 20:23:46 - INFO - utils.trainer -   Precision: 0.00000
07/30/2026 20:23:46 - INFO - utils.trainer -   Specificity: 1.00000
07/30/2026 20:23:46 - INFO - utils.trainer -   Sensitivity: 0.00000
07/30/2026 20:23:46 - INFO - utils.trainer -   FT Epoch: 9/200, Train Loss: 1.38624, Val Loss: 1.38452, Val AUC: 0.4894, Best AUC: 0.6147, No improve: 8/25, Time: 0.4s
07/30/2026 20:23:47 - INFO - utils.trainer -   ***** Running evaluation on val dataset *****
07/30/2026 20:23:47 - INFO - utils.trainer -   Loss: 1.38443
07/30/2026 20:23:47 - INFO - utils.trainer -   AUC: 0.49161
07/30/2026 20:23:47 - INFO - utils.trainer -   Accuracy: 0.54167
07/30/2026 20:23:47 - INFO - utils.trainer -   Precision: 0.00000
07/30/2026 20:23:47 - INFO - utils.trainer -   Specificity: 1.00000
07/30/2026 20:23:47 - INFO - utils.trainer -   Sensitivity: 0.00000
07/30/2026 20:23:47 - INFO - utils.trainer -   FT Epoch: 10/200, Train Loss: 1.38641, Val Loss: 1.38443, Val AUC: 0.4916, Best AUC: 0.6147, No improve: 9/25, Time: 0.4s
07/30/2026 20:23:48 - INFO - utils.trainer -   ***** Running evaluation on val dataset *****
07/30/2026 20:23:48 - INFO - utils.trainer -   Loss: 1.38433
07/30/2026 20:23:48 - INFO - utils.trainer -   AUC: 0.49846
07/30/2026 20:23:48 - INFO - utils.trainer -   Accuracy: 0.54167
07/30/2026 20:23:48 - INFO - utils.trainer -   Precision: 0.00000
07/30/2026 20:23:48 - INFO - utils.trainer -   Specificity: 1.00000
07/30/2026 20:23:48 - INFO - utils.trainer -   Sensitivity: 0.00000
07/30/2026 20:23:48 - INFO - utils.trainer -   FT Epoch: 11/200, Train Loss: 1.37003, Val Loss: 1.38433, Val AUC: 0.4985, Best AUC: 0.6147, No improve: 10/25, Time: 0.3s
07/30/2026 20:23:48 - INFO - utils.trainer -   ***** Running evaluation on val dataset *****
07/30/2026 20:23:49 - INFO - utils.trainer -   Loss: 1.38425
07/30/2026 20:23:49 - INFO - utils.trainer -   AUC: 0.49930
07/30/2026 20:23:49 - INFO - utils.trainer -   Accuracy: 0.54167
07/30/2026 20:23:49 - INFO - utils.trainer -   Precision: 0.00000
07/30/2026 20:23:49 - INFO - utils.trainer -   Specificity: 1.00000
07/30/2026 20:23:49 - INFO - utils.trainer -   Sensitivity: 0.00000
07/30/2026 20:23:49 - INFO - utils.trainer -   FT Epoch: 12/200, Train Loss: 1.39493, Val Loss: 1.38425, Val AUC: 0.4993, Best AUC: 0.6147, No improve: 11/25, Time: 0.4s
07/30/2026 20:23:49 - INFO - utils.trainer -   ***** Running evaluation on val dataset *****
07/30/2026 20:23:50 - INFO - utils.trainer -   Loss: 1.38414
07/30/2026 20:23:50 - INFO - utils.trainer -   AUC: 0.50783
07/30/2026 20:23:50 - INFO - utils.trainer -   Accuracy: 0.54167
07/30/2026 20:23:50 - INFO - utils.trainer -   Precision: 0.00000
07/30/2026 20:23:50 - INFO - utils.trainer -   Specificity: 1.00000
07/30/2026 20:23:50 - INFO - utils.trainer -   Sensitivity: 0.00000
07/30/2026 20:23:50 - INFO - utils.trainer -   FT Epoch: 13/200, Train Loss: 1.37774, Val Loss: 1.38414, Val AUC: 0.5078, Best AUC: 0.6147, No improve: 12/25, Time: 0.3s
07/30/2026 20:23:50 - INFO - utils.trainer -   ***** Running evaluation on val dataset *****
07/30/2026 20:23:50 - INFO - utils.trainer -   Loss: 1.38403
07/30/2026 20:23:50 - INFO - utils.trainer -   AUC: 0.51483
07/30/2026 20:23:50 - INFO - utils.trainer -   Accuracy: 0.54167
07/30/2026 20:23:50 - INFO - utils.trainer -   Precision: 0.00000
07/30/2026 20:23:50 - INFO - utils.trainer -   Specificity: 1.00000
07/30/2026 20:23:50 - INFO - utils.trainer -   Sensitivity: 0.00000
07/30/2026 20:23:50 - INFO - utils.trainer -   FT Epoch: 14/200, Train Loss: 1.37701, Val Loss: 1.38403, Val AUC: 0.5148, Best AUC: 0.6147, No improve: 13/25, Time: 0.4s
07/30/2026 20:23:51 - INFO - utils.trainer -   ***** Running evaluation on val dataset *****
07/30/2026 20:23:51 - INFO - utils.trainer -   Loss: 1.38394
07/30/2026 20:23:51 - INFO - utils.trainer -   AUC: 0.51524
07/30/2026 20:23:51 - INFO - utils.trainer -   Accuracy: 0.54167
07/30/2026 20:23:51 - INFO - utils.trainer -   Precision: 0.00000
07/30/2026 20:23:51 - INFO - utils.trainer -   Specificity: 1.00000
07/30/2026 20:23:51 - INFO - utils.trainer -   Sensitivity: 0.00000
07/30/2026 20:23:51 - INFO - utils.trainer -   FT Epoch: 15/200, Train Loss: 1.36632, Val Loss: 1.38394, Val AUC: 0.5152, Best AUC: 0.6147, No improve: 14/25, Time: 0.4s
07/30/2026 20:23:52 - INFO - utils.trainer -   ***** Running evaluation on val dataset *****
07/30/2026 20:23:52 - INFO - utils.trainer -   Loss: 1.38385
07/30/2026 20:23:52 - INFO - utils.trainer -   AUC: 0.50308
07/30/2026 20:23:52 - INFO - utils.trainer -   Accuracy: 0.54167
07/30/2026 20:23:52 - INFO - utils.trainer -   Precision: 0.00000
07/30/2026 20:23:52 - INFO - utils.trainer -   Specificity: 1.00000
07/30/2026 20:23:52 - INFO - utils.trainer -   Sensitivity: 0.00000
07/30/2026 20:23:52 - INFO - utils.trainer -   FT Epoch: 16/200, Train Loss: 1.38650, Val Loss: 1.38385, Val AUC: 0.5031, Best AUC: 0.6147, No improve: 15/25, Time: 0.3s
07/30/2026 20:23:52 - INFO - utils.trainer -   ***** Running evaluation on val dataset *****
07/30/2026 20:23:53 - INFO - utils.trainer -   Loss: 1.38379
07/30/2026 20:23:53 - INFO - utils.trainer -   AUC: 0.49021
07/30/2026 20:23:53 - INFO - utils.trainer -   Accuracy: 0.54167
07/30/2026 20:23:53 - INFO - utils.trainer -   Precision: 0.00000
07/30/2026 20:23:53 - INFO - utils.trainer -   Specificity: 1.00000
07/30/2026 20:23:53 - INFO - utils.trainer -   Sensitivity: 0.00000
07/30/2026 20:23:53 - INFO - utils.trainer -   FT Epoch: 17/200, Train Loss: 1.37542, Val Loss: 1.38379, Val AUC: 0.4902, Best AUC: 0.6147, No improve: 16/25, Time: 0.3s
07/30/2026 20:23:53 - INFO - utils.trainer -   ***** Running evaluation on val dataset *****
07/30/2026 20:23:54 - INFO - utils.trainer -   Loss: 1.38372
07/30/2026 20:23:54 - INFO - utils.trainer -   AUC: 0.49105
07/30/2026 20:23:54 - INFO - utils.trainer -   Accuracy: 0.54167
07/30/2026 20:23:54 - INFO - utils.trainer -   Precision: 0.00000
07/30/2026 20:23:54 - INFO - utils.trainer -   Specificity: 1.00000
07/30/2026 20:23:54 - INFO - utils.trainer -   Sensitivity: 0.00000
07/30/2026 20:23:54 - INFO - utils.trainer -   FT Epoch: 18/200, Train Loss: 1.38644, Val Loss: 1.38372, Val AUC: 0.4910, Best AUC: 0.6147, No improve: 17/25, Time: 0.4s
07/30/2026 20:23:54 - INFO - utils.trainer -   ***** Running evaluation on val dataset *****
07/30/2026 20:23:54 - INFO - utils.trainer -   Loss: 1.38364
07/30/2026 20:23:54 - INFO - utils.trainer -   AUC: 0.49119
07/30/2026 20:23:54 - INFO - utils.trainer -   Accuracy: 0.54167
07/30/2026 20:23:54 - INFO - utils.trainer -   Precision: 0.00000
07/30/2026 20:23:54 - INFO - utils.trainer -   Specificity: 1.00000
07/30/2026 20:23:54 - INFO - utils.trainer -   Sensitivity: 0.00000
07/30/2026 20:23:54 - INFO - utils.trainer -   FT Epoch: 19/200, Train Loss: 1.38653, Val Loss: 1.38364, Val AUC: 0.4912, Best AUC: 0.6147, No improve: 18/25, Time: 0.4s
07/30/2026 20:23:55 - INFO - utils.trainer -   ***** Running evaluation on val dataset *****
07/30/2026 20:23:55 - INFO - utils.trainer -   Loss: 1.38355
07/30/2026 20:23:55 - INFO - utils.trainer -   AUC: 0.48923
07/30/2026 20:23:55 - INFO - utils.trainer -   Accuracy: 0.54167
07/30/2026 20:23:55 - INFO - utils.trainer -   Precision: 0.00000
07/30/2026 20:23:55 - INFO - utils.trainer -   Specificity: 1.00000
07/30/2026 20:23:55 - INFO - utils.trainer -   Sensitivity: 0.00000
07/30/2026 20:23:55 - INFO - utils.trainer -   FT Epoch: 20/200, Train Loss: 1.38659, Val Loss: 1.38355, Val AUC: 0.4892, Best AUC: 0.6147, No improve: 19/25, Time: 0.3s
07/30/2026 20:23:56 - INFO - utils.trainer -   ***** Running evaluation on val dataset *****
07/30/2026 20:23:56 - INFO - utils.trainer -   Loss: 1.38346
07/30/2026 20:23:56 - INFO - utils.trainer -   AUC: 0.48671
07/30/2026 20:23:56 - INFO - utils.trainer -   Accuracy: 0.54167
07/30/2026 20:23:56 - INFO - utils.trainer -   Precision: 0.00000
07/30/2026 20:23:56 - INFO - utils.trainer -   Specificity: 1.00000
07/30/2026 20:23:56 - INFO - utils.trainer -   Sensitivity: 0.00000
07/30/2026 20:23:56 - INFO - utils.trainer -   FT Epoch: 21/200, Train Loss: 1.38649, Val Loss: 1.38346, Val AUC: 0.4867, Best AUC: 0.6147, No improve: 20/25, Time: 0.3s
07/30/2026 20:23:56 - INFO - utils.trainer -   ***** Running evaluation on val dataset *****
07/30/2026 20:23:57 - INFO - utils.trainer -   Loss: 1.38341
07/30/2026 20:23:57 - INFO - utils.trainer -   AUC: 0.48825
07/30/2026 20:23:57 - INFO - utils.trainer -   Accuracy: 0.54167
07/30/2026 20:23:57 - INFO - utils.trainer -   Precision: 0.00000
07/30/2026 20:23:57 - INFO - utils.trainer -   Specificity: 1.00000
07/30/2026 20:23:57 - INFO - utils.trainer -   Sensitivity: 0.00000
07/30/2026 20:23:57 - INFO - utils.trainer -   FT Epoch: 22/200, Train Loss: 1.37364, Val Loss: 1.38341, Val AUC: 0.4883, Best AUC: 0.6147, No improve: 21/25, Time: 0.4s
07/30/2026 20:23:57 - INFO - utils.trainer -   ***** Running evaluation on val dataset *****
07/30/2026 20:23:57 - INFO - utils.trainer -   Loss: 1.38334
07/30/2026 20:23:57 - INFO - utils.trainer -   AUC: 0.49203
07/30/2026 20:23:57 - INFO - utils.trainer -   Accuracy: 0.54167
07/30/2026 20:23:57 - INFO - utils.trainer -   Precision: 0.00000
07/30/2026 20:23:57 - INFO - utils.trainer -   Specificity: 1.00000
07/30/2026 20:23:57 - INFO - utils.trainer -   Sensitivity: 0.00000
07/30/2026 20:23:57 - INFO - utils.trainer -   FT Epoch: 23/200, Train Loss: 1.37332, Val Loss: 1.38334, Val AUC: 0.4920, Best AUC: 0.6147, No improve: 22/25, Time: 0.4s
07/30/2026 20:23:58 - INFO - utils.trainer -   ***** Running evaluation on val dataset *****
07/30/2026 20:23:58 - INFO - utils.trainer -   Loss: 1.38328
07/30/2026 20:23:58 - INFO - utils.trainer -   AUC: 0.49287
07/30/2026 20:23:58 - INFO - utils.trainer -   Accuracy: 0.54167
07/30/2026 20:23:58 - INFO - utils.trainer -   Precision: 0.00000
07/30/2026 20:23:58 - INFO - utils.trainer -   Specificity: 1.00000
07/30/2026 20:23:58 - INFO - utils.trainer -   Sensitivity: 0.00000
07/30/2026 20:23:58 - INFO - utils.trainer -   FT Epoch: 24/200, Train Loss: 1.34597, Val Loss: 1.38328, Val AUC: 0.4929, Best AUC: 0.6147, No improve: 23/25, Time: 0.4s
07/30/2026 20:23:59 - INFO - utils.trainer -   ***** Running evaluation on val dataset *****
07/30/2026 20:23:59 - INFO - utils.trainer -   Loss: 1.38320
07/30/2026 20:23:59 - INFO - utils.trainer -   AUC: 0.49580
07/30/2026 20:23:59 - INFO - utils.trainer -   Accuracy: 0.54167
07/30/2026 20:23:59 - INFO - utils.trainer -   Precision: 0.00000
07/30/2026 20:23:59 - INFO - utils.trainer -   Specificity: 1.00000
07/30/2026 20:23:59 - INFO - utils.trainer -   Sensitivity: 0.00000
07/30/2026 20:23:59 - INFO - utils.trainer -   FT Epoch: 25/200, Train Loss: 1.35876, Val Loss: 1.38320, Val AUC: 0.4958, Best AUC: 0.6147, No improve: 24/25, Time: 0.4s
07/30/2026 20:23:59 - INFO - utils.trainer -   ***** Running evaluation on val dataset *****
07/30/2026 20:24:00 - INFO - utils.trainer -   Loss: 1.38311
07/30/2026 20:24:00 - INFO - utils.trainer -   AUC: 0.50070
07/30/2026 20:24:00 - INFO - utils.trainer -   Accuracy: 0.54167
07/30/2026 20:24:00 - INFO - utils.trainer -   Precision: 0.00000
07/30/2026 20:24:00 - INFO - utils.trainer -   Specificity: 1.00000
07/30/2026 20:24:00 - INFO - utils.trainer -   Sensitivity: 0.00000
07/30/2026 20:24:00 - INFO - utils.trainer -   FT Epoch: 26/200, Train Loss: 1.38656, Val Loss: 1.38311, Val AUC: 0.5007, Best AUC: 0.6147, No improve: 25/25, Time: 0.4s
07/30/2026 20:24:00 - INFO - utils.trainer -   Early stopping triggered at epoch 26
07/30/2026 20:24:00 - INFO - utils.trainer -   Early stopping triggered at epoch 26
07/30/2026 20:24:00 - INFO - utils.trainer -   Early stopping triggered at epoch 26
07/30/2026 20:24:00 - INFO - utils.trainer -   Early stopping triggered at epoch 26
07/30/2026 20:24:00 - INFO - utils.trainer -     6 keys not in checkpoint (kept from init)
07/30/2026 20:24:00 - INFO - utils.trainer -   Model loaded from output_dir/ALTER_DS_fewshot_best/ALTER-0.bin (27/27 keys)
07/30/2026 20:24:00 - INFO - utils.trainer -     6 keys not in checkpoint (kept from init)
07/30/2026 20:24:00 - INFO - utils.trainer -   Model loaded from output_dir/ALTER_DS_fewshot_best/ALTER-0.bin (27/27 keys)
07/30/2026 20:24:00 - INFO - utils.trainer -   Loaded best checkpoint from output_dir/ALTER_DS_fewshot_best
07/30/2026 20:24:00 - INFO - utils.trainer -     6 keys not in checkpoint (kept from init)
07/30/2026 20:24:00 - INFO - utils.trainer -   Model loaded from output_dir/ALTER_DS_fewshot_best/ALTER-0.bin (27/27 keys)
07/30/2026 20:24:00 - INFO - utils.trainer -     6 keys not in checkpoint (kept from init)
07/30/2026 20:24:00 - INFO - utils.trainer -   Model loaded from output_dir/ALTER_DS_fewshot_best/ALTER-0.bin (27/27 keys)
07/30/2026 20:24:00 - INFO - utils.trainer -   Model saved to output_dir/ALTER_DS_fewshot
07/30/2026 20:24:00 - INFO - utils.trainer -   Fine-tuned model saved to output_dir/ALTER_DS_fewshot
07/30/2026 20:24:00 - INFO - utils.trainer -   ***** Running evaluation on test dataset *****
07/30/2026 20:24:00 - INFO - utils.trainer -   Loss: 1.35309
07/30/2026 20:24:00 - INFO - utils.trainer -   AUC: 0.33747
07/30/2026 20:24:00 - INFO - utils.trainer -   Accuracy: 0.36486
07/30/2026 20:24:00 - INFO - utils.trainer -   Precision: 0.00000
07/30/2026 20:24:00 - INFO - utils.trainer -   Specificity: 1.00000
07/30/2026 20:24:00 - INFO - utils.trainer -   Sensitivity: 0.00000
07/30/2026 20:24:00 - INFO - utils.trainer -   === Few-shot fine-tune test result ===
07/30/2026 20:24:00 - INFO - utils.trainer -     Loss: 1.35309
07/30/2026 20:24:00 - INFO - utils.trainer -     AUC: 0.33747
07/30/2026 20:24:00 - INFO - utils.trainer -     Accuracy: 0.36486
07/30/2026 20:24:00 - INFO - utils.trainer -     Precision: 0.00000
07/30/2026 20:24:00 - INFO - utils.trainer -     Specificity: 1.00000
07/30/2026 20:24:00 - INFO - utils.trainer -     Sensitivity: 0.00000
07/30/2026 20:24:00 - INFO - __main__ -   
============================================================
  1-shot (ALTER_CAUEEG2_train → DS)  seed=42
============================================================
07/30/2026 20:24:00 - INFO - __main__ -     Loss           : 1.3531
07/30/2026 20:24:00 - INFO - __main__ -     AUC            : 0.3375
07/30/2026 20:24:00 - INFO - __main__ -     Accuracy       : 0.3649
07/30/2026 20:24:00 - INFO - __main__ -     Precision      : 0.0000
07/30/2026 20:24:00 - INFO - __main__ -     Specificity    : 1.0000
07/30/2026 20:24:00 - INFO - __main__ -     Sensitivity    : 0.0000
