08/16/2026 14:40:49 - INFO - __main__ -   ########## few-shot seed=42 ##########
08/16/2026 14:40:49 - INFO - __main__ -   ########## few-shot seed=42 ##########
08/16/2026 14:40:49 - INFO - __main__ -   ########## few-shot seed=42 ##########
08/16/2026 14:41:01 - INFO - root -   gcc -pthread -B /root/miniconda3/compiler_compat -fno-strict-overflow -DNDEBUG -O2 -Wall -fPIC -O2 -isystem /root/miniconda3/include -fPIC -O2 -isystem /root/miniconda3/include -fPIC -c /tmp/tmp02plkbvd/test.c -o /tmp/tmp02plkbvd/test.o
08/16/2026 14:41:01 - INFO - root -   gcc -pthread -B /root/miniconda3/compiler_compat /tmp/tmp02plkbvd/test.o -laio -o /tmp/tmp02plkbvd/a.out
08/16/2026 14:41:01 - INFO - root -   gcc -pthread -B /root/miniconda3/compiler_compat -fno-strict-overflow -DNDEBUG -O2 -Wall -fPIC -O2 -isystem /root/miniconda3/include -fPIC -O2 -isystem /root/miniconda3/include -fPIC -c /tmp/tmps6fbr2ti/test.c -o /tmp/tmps6fbr2ti/test.o
08/16/2026 14:41:01 - INFO - root -   gcc -pthread -B /root/miniconda3/compiler_compat /tmp/tmps6fbr2ti/test.o -L/usr/local/cuda -L/usr/local/cuda/lib64 -lcufile -o /tmp/tmps6fbr2ti/a.out
08/16/2026 14:41:02 - INFO - root -   gcc -pthread -B /root/miniconda3/compiler_compat -fno-strict-overflow -DNDEBUG -O2 -Wall -fPIC -O2 -isystem /root/miniconda3/include -fPIC -O2 -isystem /root/miniconda3/include -fPIC -c /tmp/tmp8ffgpy2m/test.c -o /tmp/tmp8ffgpy2m/test.o
08/16/2026 14:41:02 - INFO - root -   gcc -pthread -B /root/miniconda3/compiler_compat /tmp/tmp8ffgpy2m/test.o -laio -o /tmp/tmp8ffgpy2m/a.out
08/16/2026 14:41:02 - INFO - root -   gcc -pthread -B /root/miniconda3/compiler_compat -fno-strict-overflow -DNDEBUG -O2 -Wall -fPIC -O2 -isystem /root/miniconda3/include -fPIC -O2 -isystem /root/miniconda3/include -fPIC -c /tmp/tmp0dw1z43i/test.c -o /tmp/tmp0dw1z43i/test.o
08/16/2026 14:41:02 - INFO - root -   gcc -pthread -B /root/miniconda3/compiler_compat /tmp/tmp0dw1z43i/test.o -L/usr/local/cuda -L/usr/local/cuda/lib64 -lcufile -o /tmp/tmp0dw1z43i/a.out
08/16/2026 14:41:02 - INFO - root -   gcc -pthread -B /root/miniconda3/compiler_compat -fno-strict-overflow -DNDEBUG -O2 -Wall -fPIC -O2 -isystem /root/miniconda3/include -fPIC -O2 -isystem /root/miniconda3/include -fPIC -c /tmp/tmpzs5apgwy/test.c -o /tmp/tmpzs5apgwy/test.o
08/16/2026 14:41:02 - INFO - root -   gcc -pthread -B /root/miniconda3/compiler_compat /tmp/tmpzs5apgwy/test.o -laio -o /tmp/tmpzs5apgwy/a.out
08/16/2026 14:41:02 - INFO - root -   gcc -pthread -B /root/miniconda3/compiler_compat -fno-strict-overflow -DNDEBUG -O2 -Wall -fPIC -O2 -isystem /root/miniconda3/include -fPIC -O2 -isystem /root/miniconda3/include -fPIC -c /tmp/tmpy62gtyuh/test.c -o /tmp/tmpy62gtyuh/test.o
08/16/2026 14:41:02 - INFO - root -   gcc -pthread -B /root/miniconda3/compiler_compat /tmp/tmpy62gtyuh/test.o -L/usr/local/cuda -L/usr/local/cuda/lib64 -lcufile -o /tmp/tmpy62gtyuh/a.out
08/16/2026 14:41:03 - INFO - utils.trainer -   Model checkpoint doesn't exist: ./outpt_dir/ALTER_AgeCAUEEG_train/ALTER-0.bin — skip loading
08/16/2026 14:41:03 - INFO - utils.trainer -   Model checkpoint doesn't exist: ./outpt_dir/ALTER_AgeCAUEEG_train/ALTER-0.bin — skip loading
08/16/2026 14:41:03 - INFO - utils.trainer -   Model checkpoint doesn't exist: ./outpt_dir/ALTER_AgeCAUEEG_train/ALTER-0.bin — skip loading
08/16/2026 14:41:03 - INFO - utils.trainer -   ***** Running few-shot fine-tune (transfer) *****
08/16/2026 14:41:03 - INFO - utils.trainer -     Num train examples = 3
08/16/2026 14:41:03 - INFO - utils.trainer -     Num val   examples = 87
08/16/2026 14:41:03 - INFO - utils.trainer -     Num test  examples = 88
08/16/2026 14:41:03 - INFO - utils.trainer -     Max fine-tune epochs = 200
08/16/2026 14:41:03 - INFO - utils.trainer -     Fine-tune lr = 0.0001
08/16/2026 14:41:05 - INFO - utils.trainer -   ***** Running regression evaluation on val0 dataset *****
08/16/2026 14:41:08 - INFO - utils.trainer -   Loss: 2639.38387
08/16/2026 14:41:08 - INFO - utils.trainer -   MSE: 2631.19507
08/16/2026 14:41:08 - INFO - utils.trainer -   MAE: 48.20211
08/16/2026 14:41:08 - INFO - utils.trainer -   RMSE: 51.29518
08/16/2026 14:41:08 - INFO - utils.trainer -   R2: -7.54977
08/16/2026 14:41:08 - INFO - utils.trainer -   PearsonR: -0.11537
08/16/2026 14:41:08 - INFO - utils.trainer -   Model saved to output_dir/ALTER_AgeTUAB_fewshot_best
08/16/2026 14:41:08 - INFO - utils.trainer -   Best model saved (val Loss=2639.3839, epoch=1)
08/16/2026 14:41:08 - INFO - utils.trainer -   FT Epoch: 1/200, Train Loss: 2673.12687, Val Loss: 2639.38387, Val Loss: 2639.3839, Best Loss: 2639.3839, No improve: 0/10, Time: 2.3s
08/16/2026 14:41:09 - INFO - utils.trainer -   ***** Running regression evaluation on val0 dataset *****
08/16/2026 14:41:12 - INFO - utils.trainer -   Loss: 2637.23690
08/16/2026 14:41:12 - INFO - utils.trainer -   MSE: 2629.05103
08/16/2026 14:41:12 - INFO - utils.trainer -   MAE: 48.17987
08/16/2026 14:41:12 - INFO - utils.trainer -   RMSE: 51.27427
08/16/2026 14:41:12 - INFO - utils.trainer -   R2: -7.54280
08/16/2026 14:41:12 - INFO - utils.trainer -   PearsonR: -0.02989
08/16/2026 14:41:12 - INFO - utils.trainer -   Model saved to output_dir/ALTER_AgeTUAB_fewshot_best
08/16/2026 14:41:12 - INFO - utils.trainer -   Best model saved (val Loss=2637.2369, epoch=2)
08/16/2026 14:41:12 - INFO - utils.trainer -   FT Epoch: 2/200, Train Loss: 2587.04655, Val Loss: 2637.23690, Val Loss: 2637.2369, Best Loss: 2637.2369, No improve: 0/10, Time: 1.6s
08/16/2026 14:41:14 - INFO - utils.trainer -   ***** Running regression evaluation on val0 dataset *****
08/16/2026 14:41:16 - INFO - utils.trainer -   Loss: 2635.54671
08/16/2026 14:41:16 - INFO - utils.trainer -   MSE: 2627.36304
08/16/2026 14:41:16 - INFO - utils.trainer -   MAE: 48.16235
08/16/2026 14:41:16 - INFO - utils.trainer -   RMSE: 51.25781
08/16/2026 14:41:16 - INFO - utils.trainer -   R2: -7.53732
08/16/2026 14:41:16 - INFO - utils.trainer -   PearsonR: -0.03522
08/16/2026 14:41:16 - INFO - utils.trainer -   Model saved to output_dir/ALTER_AgeTUAB_fewshot_best
08/16/2026 14:41:16 - INFO - utils.trainer -   Best model saved (val Loss=2635.5467, epoch=3)
08/16/2026 14:41:16 - INFO - utils.trainer -   FT Epoch: 3/200, Train Loss: 3829.95703, Val Loss: 2635.54671, Val Loss: 2635.5467, Best Loss: 2635.5467, No improve: 0/10, Time: 1.7s
08/16/2026 14:41:18 - INFO - utils.trainer -   ***** Running regression evaluation on val0 dataset *****
08/16/2026 14:41:21 - INFO - utils.trainer -   Loss: 2633.42334
08/16/2026 14:41:21 - INFO - utils.trainer -   MSE: 2625.24268
08/16/2026 14:41:21 - INFO - utils.trainer -   MAE: 48.14033
08/16/2026 14:41:21 - INFO - utils.trainer -   RMSE: 51.23712
08/16/2026 14:41:21 - INFO - utils.trainer -   R2: -7.53043
08/16/2026 14:41:21 - INFO - utils.trainer -   PearsonR: -0.04129
08/16/2026 14:41:21 - INFO - utils.trainer -   Model saved to output_dir/ALTER_AgeTUAB_fewshot_best
08/16/2026 14:41:21 - INFO - utils.trainer -   Best model saved (val Loss=2633.4233, epoch=4)
08/16/2026 14:41:21 - INFO - utils.trainer -   FT Epoch: 4/200, Train Loss: 3868.93953, Val Loss: 2633.42334, Val Loss: 2633.4233, Best Loss: 2633.4233, No improve: 0/10, Time: 1.8s
08/16/2026 14:41:22 - INFO - utils.trainer -   ***** Running regression evaluation on val0 dataset *****
08/16/2026 14:41:25 - INFO - utils.trainer -   Loss: 2630.89950
08/16/2026 14:41:25 - INFO - utils.trainer -   MSE: 2622.72266
08/16/2026 14:41:25 - INFO - utils.trainer -   MAE: 48.11414
08/16/2026 14:41:25 - INFO - utils.trainer -   RMSE: 51.21252
08/16/2026 14:41:25 - INFO - utils.trainer -   R2: -7.52224
08/16/2026 14:41:25 - INFO - utils.trainer -   PearsonR: -0.03898
08/16/2026 14:41:25 - INFO - utils.trainer -   Model saved to output_dir/ALTER_AgeTUAB_fewshot_best
08/16/2026 14:41:25 - INFO - utils.trainer -   Best model saved (val Loss=2630.8995, epoch=5)
08/16/2026 14:41:25 - INFO - utils.trainer -   FT Epoch: 5/200, Train Loss: 3311.07861, Val Loss: 2630.89950, Val Loss: 2630.8995, Best Loss: 2630.8995, No improve: 0/10, Time: 1.6s
08/16/2026 14:41:27 - INFO - utils.trainer -   ***** Running regression evaluation on val0 dataset *****
08/16/2026 14:41:29 - INFO - utils.trainer -   Loss: 2627.93376
08/16/2026 14:41:29 - INFO - utils.trainer -   MSE: 2619.76123
08/16/2026 14:41:29 - INFO - utils.trainer -   MAE: 48.08334
08/16/2026 14:41:29 - INFO - utils.trainer -   RMSE: 51.18360
08/16/2026 14:41:29 - INFO - utils.trainer -   R2: -7.51261
08/16/2026 14:41:29 - INFO - utils.trainer -   PearsonR: -0.04046
08/16/2026 14:41:29 - INFO - utils.trainer -   Model saved to output_dir/ALTER_AgeTUAB_fewshot_best
08/16/2026 14:41:29 - INFO - utils.trainer -   Best model saved (val Loss=2627.9338, epoch=6)
08/16/2026 14:41:29 - INFO - utils.trainer -   FT Epoch: 6/200, Train Loss: 1946.93492, Val Loss: 2627.93376, Val Loss: 2627.9338, Best Loss: 2627.9338, No improve: 0/10, Time: 1.6s
08/16/2026 14:41:30 - INFO - utils.trainer -   ***** Running regression evaluation on val0 dataset *****
08/16/2026 14:41:33 - INFO - utils.trainer -   Loss: 2624.52450
08/16/2026 14:41:33 - INFO - utils.trainer -   MSE: 2616.35693
08/16/2026 14:41:33 - INFO - utils.trainer -   MAE: 48.04791
08/16/2026 14:41:33 - INFO - utils.trainer -   RMSE: 51.15034
08/16/2026 14:41:33 - INFO - utils.trainer -   R2: -7.50155
08/16/2026 14:41:33 - INFO - utils.trainer -   PearsonR: -0.03991
08/16/2026 14:41:33 - INFO - utils.trainer -   Model saved to output_dir/ALTER_AgeTUAB_fewshot_best
08/16/2026 14:41:33 - INFO - utils.trainer -   Best model saved (val Loss=2624.5245, epoch=7)
08/16/2026 14:41:33 - INFO - utils.trainer -   FT Epoch: 7/200, Train Loss: 2805.07109, Val Loss: 2624.52450, Val Loss: 2624.5245, Best Loss: 2624.5245, No improve: 0/10, Time: 1.6s
08/16/2026 14:41:35 - INFO - utils.trainer -   ***** Running regression evaluation on val0 dataset *****
08/16/2026 14:41:37 - INFO - utils.trainer -   Loss: 2620.56535
08/16/2026 14:41:37 - INFO - utils.trainer -   MSE: 2612.40356
08/16/2026 14:41:37 - INFO - utils.trainer -   MAE: 48.00673
08/16/2026 14:41:37 - INFO - utils.trainer -   RMSE: 51.11168
08/16/2026 14:41:37 - INFO - utils.trainer -   R2: -7.48871
08/16/2026 14:41:37 - INFO - utils.trainer -   PearsonR: -0.03764
08/16/2026 14:41:37 - INFO - utils.trainer -   Model saved to output_dir/ALTER_AgeTUAB_fewshot_best
08/16/2026 14:41:37 - INFO - utils.trainer -   Best model saved (val Loss=2620.5653, epoch=8)
08/16/2026 14:41:37 - INFO - utils.trainer -   FT Epoch: 8/200, Train Loss: 2007.16016, Val Loss: 2620.56535, Val Loss: 2620.5653, Best Loss: 2620.5653, No improve: 0/10, Time: 1.9s
08/16/2026 14:41:39 - INFO - utils.trainer -   ***** Running regression evaluation on val0 dataset *****
08/16/2026 14:41:42 - INFO - utils.trainer -   Loss: 2615.65153
08/16/2026 14:41:42 - INFO - utils.trainer -   MSE: 2607.49634
08/16/2026 14:41:42 - INFO - utils.trainer -   MAE: 47.95556
08/16/2026 14:41:42 - INFO - utils.trainer -   RMSE: 51.06365
08/16/2026 14:41:42 - INFO - utils.trainer -   R2: -7.47276
08/16/2026 14:41:42 - INFO - utils.trainer -   PearsonR: -0.03645
08/16/2026 14:41:42 - INFO - utils.trainer -   Model saved to output_dir/ALTER_AgeTUAB_fewshot_best
08/16/2026 14:41:42 - INFO - utils.trainer -   Best model saved (val Loss=2615.6515, epoch=9)
08/16/2026 14:41:42 - INFO - utils.trainer -   FT Epoch: 9/200, Train Loss: 3183.24719, Val Loss: 2615.65153, Val Loss: 2615.6515, Best Loss: 2615.6515, No improve: 0/10, Time: 1.9s
08/16/2026 14:41:43 - INFO - utils.trainer -   ***** Running regression evaluation on val0 dataset *****
08/16/2026 14:41:46 - INFO - utils.trainer -   Loss: 2609.65828
08/16/2026 14:41:46 - INFO - utils.trainer -   MSE: 2601.51172
08/16/2026 14:41:46 - INFO - utils.trainer -   MAE: 47.89310
08/16/2026 14:41:46 - INFO - utils.trainer -   RMSE: 51.00502
08/16/2026 14:41:46 - INFO - utils.trainer -   R2: -7.45331
08/16/2026 14:41:46 - INFO - utils.trainer -   PearsonR: -0.03361
08/16/2026 14:41:46 - INFO - utils.trainer -   Model saved to output_dir/ALTER_AgeTUAB_fewshot_best
08/16/2026 14:41:46 - INFO - utils.trainer -   Best model saved (val Loss=2609.6583, epoch=10)
08/16/2026 14:41:46 - INFO - utils.trainer -   FT Epoch: 10/200, Train Loss: 2130.46688, Val Loss: 2609.65828, Val Loss: 2609.6583, Best Loss: 2609.6583, No improve: 0/10, Time: 1.6s
08/16/2026 14:41:47 - INFO - utils.trainer -   ***** Running regression evaluation on val0 dataset *****
08/16/2026 14:41:50 - INFO - utils.trainer -   Loss: 2602.21159
08/16/2026 14:41:50 - INFO - utils.trainer -   MSE: 2594.07544
08/16/2026 14:41:50 - INFO - utils.trainer -   MAE: 47.81537
08/16/2026 14:41:50 - INFO - utils.trainer -   RMSE: 50.93207
08/16/2026 14:41:50 - INFO - utils.trainer -   R2: -7.42915
08/16/2026 14:41:50 - INFO - utils.trainer -   PearsonR: -0.02879
08/16/2026 14:41:50 - INFO - utils.trainer -   Model saved to output_dir/ALTER_AgeTUAB_fewshot_best
08/16/2026 14:41:50 - INFO - utils.trainer -   Best model saved (val Loss=2602.2116, epoch=11)
08/16/2026 14:41:50 - INFO - utils.trainer -   FT Epoch: 11/200, Train Loss: 3810.29268, Val Loss: 2602.21159, Val Loss: 2602.2116, Best Loss: 2602.2116, No improve: 0/10, Time: 1.6s
08/16/2026 14:41:51 - INFO - utils.trainer -   ***** Running regression evaluation on val0 dataset *****
08/16/2026 14:41:54 - INFO - utils.trainer -   Loss: 2592.88932
08/16/2026 14:41:54 - INFO - utils.trainer -   MSE: 2584.76611
08/16/2026 14:41:54 - INFO - utils.trainer -   MAE: 47.71785
08/16/2026 14:41:54 - INFO - utils.trainer -   RMSE: 50.84060
08/16/2026 14:41:54 - INFO - utils.trainer -   R2: -7.39890
08/16/2026 14:41:54 - INFO - utils.trainer -   PearsonR: -0.02628
08/16/2026 14:41:54 - INFO - utils.trainer -   Model saved to output_dir/ALTER_AgeTUAB_fewshot_best
08/16/2026 14:41:54 - INFO - utils.trainer -   Best model saved (val Loss=2592.8893, epoch=12)
08/16/2026 14:41:54 - INFO - utils.trainer -   FT Epoch: 12/200, Train Loss: 3051.23218, Val Loss: 2592.88932, Val Loss: 2592.8893, Best Loss: 2592.8893, No improve: 0/10, Time: 1.6s
08/16/2026 14:41:55 - INFO - utils.trainer -   ***** Running regression evaluation on val0 dataset *****
08/16/2026 14:41:58 - INFO - utils.trainer -   Loss: 2581.10978
08/16/2026 14:41:58 - INFO - utils.trainer -   MSE: 2573.00244
08/16/2026 14:41:58 - INFO - utils.trainer -   MAE: 47.59434
08/16/2026 14:41:58 - INFO - utils.trainer -   RMSE: 50.72477
08/16/2026 14:41:58 - INFO - utils.trainer -   R2: -7.36068
08/16/2026 14:41:58 - INFO - utils.trainer -   PearsonR: -0.02340
08/16/2026 14:41:58 - INFO - utils.trainer -   Model saved to output_dir/ALTER_AgeTUAB_fewshot_best
08/16/2026 14:41:58 - INFO - utils.trainer -   Best model saved (val Loss=2581.1098, epoch=13)
08/16/2026 14:41:58 - INFO - utils.trainer -   FT Epoch: 13/200, Train Loss: 2551.42354, Val Loss: 2581.10978, Val Loss: 2581.1098, Best Loss: 2581.1098, No improve: 0/10, Time: 1.5s
08/16/2026 14:41:59 - INFO - utils.trainer -   ***** Running regression evaluation on val0 dataset *****
08/16/2026 14:42:02 - INFO - utils.trainer -   Loss: 2566.21680
08/16/2026 14:42:02 - INFO - utils.trainer -   MSE: 2558.12964
08/16/2026 14:42:02 - INFO - utils.trainer -   MAE: 47.43769
08/16/2026 14:42:02 - INFO - utils.trainer -   RMSE: 50.57796
08/16/2026 14:42:02 - INFO - utils.trainer -   R2: -7.31235
08/16/2026 14:42:02 - INFO - utils.trainer -   PearsonR: -0.02193
08/16/2026 14:42:02 - INFO - utils.trainer -   Model saved to output_dir/ALTER_AgeTUAB_fewshot_best
08/16/2026 14:42:02 - INFO - utils.trainer -   Best model saved (val Loss=2566.2168, epoch=14)
08/16/2026 14:42:02 - INFO - utils.trainer -   FT Epoch: 14/200, Train Loss: 2553.25956, Val Loss: 2566.21680, Val Loss: 2566.2168, Best Loss: 2566.2168, No improve: 0/10, Time: 1.6s
08/16/2026 14:42:03 - INFO - utils.trainer -   ***** Running regression evaluation on val0 dataset *****
08/16/2026 14:42:06 - INFO - utils.trainer -   Loss: 2547.49194
08/16/2026 14:42:06 - INFO - utils.trainer -   MSE: 2539.43018
08/16/2026 14:42:06 - INFO - utils.trainer -   MAE: 47.23992
08/16/2026 14:42:06 - INFO - utils.trainer -   RMSE: 50.39276
08/16/2026 14:42:06 - INFO - utils.trainer -   R2: -7.25159
08/16/2026 14:42:06 - INFO - utils.trainer -   PearsonR: -0.02264
08/16/2026 14:42:06 - INFO - utils.trainer -   Model saved to output_dir/ALTER_AgeTUAB_fewshot_best
08/16/2026 14:42:06 - INFO - utils.trainer -   Best model saved (val Loss=2547.4919, epoch=15)
08/16/2026 14:42:06 - INFO - utils.trainer -   FT Epoch: 15/200, Train Loss: 3316.49740, Val Loss: 2547.49194, Val Loss: 2547.4919, Best Loss: 2547.4919, No improve: 0/10, Time: 1.6s
08/16/2026 14:42:08 - INFO - utils.trainer -   ***** Running regression evaluation on val0 dataset *****
08/16/2026 14:42:10 - INFO - utils.trainer -   Loss: 2524.61906
08/16/2026 14:42:10 - INFO - utils.trainer -   MSE: 2516.58887
08/16/2026 14:42:10 - INFO - utils.trainer -   MAE: 46.99709
08/16/2026 14:42:10 - INFO - utils.trainer -   RMSE: 50.16562
08/16/2026 14:42:10 - INFO - utils.trainer -   R2: -7.17737
08/16/2026 14:42:10 - INFO - utils.trainer -   PearsonR: -0.02620
08/16/2026 14:42:10 - INFO - utils.trainer -   Model saved to output_dir/ALTER_AgeTUAB_fewshot_best
08/16/2026 14:42:10 - INFO - utils.trainer -   Best model saved (val Loss=2524.6191, epoch=16)
08/16/2026 14:42:10 - INFO - utils.trainer -   FT Epoch: 16/200, Train Loss: 2614.51619, Val Loss: 2524.61906, Val Loss: 2524.6191, Best Loss: 2524.6191, No improve: 0/10, Time: 1.6s
08/16/2026 14:42:12 - INFO - utils.trainer -   ***** Running regression evaluation on val0 dataset *****
08/16/2026 14:42:14 - INFO - utils.trainer -   Loss: 2497.37329
08/16/2026 14:42:14 - INFO - utils.trainer -   MSE: 2489.38086
08/16/2026 14:42:14 - INFO - utils.trainer -   MAE: 46.70617
08/16/2026 14:42:14 - INFO - utils.trainer -   RMSE: 49.89370
08/16/2026 14:42:14 - INFO - utils.trainer -   R2: -7.08896
08/16/2026 14:42:14 - INFO - utils.trainer -   PearsonR: -0.02997
08/16/2026 14:42:14 - INFO - utils.trainer -   Model saved to output_dir/ALTER_AgeTUAB_fewshot_best
08/16/2026 14:42:14 - INFO - utils.trainer -   Best model saved (val Loss=2497.3733, epoch=17)
08/16/2026 14:42:14 - INFO - utils.trainer -   FT Epoch: 17/200, Train Loss: 3637.62288, Val Loss: 2497.37329, Val Loss: 2497.3733, Best Loss: 2497.3733, No improve: 0/10, Time: 1.6s
08/16/2026 14:42:16 - INFO - utils.trainer -   ***** Running regression evaluation on val0 dataset *****
08/16/2026 14:42:18 - INFO - utils.trainer -   Loss: 2464.94808
08/16/2026 14:42:18 - INFO - utils.trainer -   MSE: 2457.00073
08/16/2026 14:42:18 - INFO - utils.trainer -   MAE: 46.35764
08/16/2026 14:42:18 - INFO - utils.trainer -   RMSE: 49.56814
08/16/2026 14:42:18 - INFO - utils.trainer -   R2: -6.98374
08/16/2026 14:42:18 - INFO - utils.trainer -   PearsonR: -0.03248
08/16/2026 14:42:18 - INFO - utils.trainer -   Model saved to output_dir/ALTER_AgeTUAB_fewshot_best
08/16/2026 14:42:18 - INFO - utils.trainer -   Best model saved (val Loss=2464.9481, epoch=18)
08/16/2026 14:42:18 - INFO - utils.trainer -   FT Epoch: 18/200, Train Loss: 3600.73612, Val Loss: 2464.94808, Val Loss: 2464.9481, Best Loss: 2464.9481, No improve: 0/10, Time: 1.7s
08/16/2026 14:42:20 - INFO - utils.trainer -   ***** Running regression evaluation on val0 dataset *****
08/16/2026 14:42:22 - INFO - utils.trainer -   Loss: 2426.69222
08/16/2026 14:42:22 - INFO - utils.trainer -   MSE: 2418.79858
08/16/2026 14:42:22 - INFO - utils.trainer -   MAE: 45.94321
08/16/2026 14:42:22 - INFO - utils.trainer -   RMSE: 49.18128
08/16/2026 14:42:22 - INFO - utils.trainer -   R2: -6.85961
08/16/2026 14:42:22 - INFO - utils.trainer -   PearsonR: -0.03220
08/16/2026 14:42:22 - INFO - utils.trainer -   Model saved to output_dir/ALTER_AgeTUAB_fewshot_best
08/16/2026 14:42:22 - INFO - utils.trainer -   Best model saved (val Loss=2426.6922, epoch=19)
08/16/2026 14:42:22 - INFO - utils.trainer -   FT Epoch: 19/200, Train Loss: 3057.91797, Val Loss: 2426.69222, Val Loss: 2426.6922, Best Loss: 2426.6922, No improve: 0/10, Time: 1.6s
08/16/2026 14:42:24 - INFO - utils.trainer -   ***** Running regression evaluation on val0 dataset *****
08/16/2026 14:42:26 - INFO - utils.trainer -   Loss: 2382.70622
08/16/2026 14:42:26 - INFO - utils.trainer -   MSE: 2374.87500
08/16/2026 14:42:26 - INFO - utils.trainer -   MAE: 45.46210
08/16/2026 14:42:26 - INFO - utils.trainer -   RMSE: 48.73269
08/16/2026 14:42:26 - INFO - utils.trainer -   R2: -6.71688
08/16/2026 14:42:26 - INFO - utils.trainer -   PearsonR: -0.03150
08/16/2026 14:42:26 - INFO - utils.trainer -   Model saved to output_dir/ALTER_AgeTUAB_fewshot_best
08/16/2026 14:42:26 - INFO - utils.trainer -   Best model saved (val Loss=2382.7062, epoch=20)
08/16/2026 14:42:26 - INFO - utils.trainer -   FT Epoch: 20/200, Train Loss: 3263.91650, Val Loss: 2382.70622, Val Loss: 2382.7062, Best Loss: 2382.7062, No improve: 0/10, Time: 1.6s
08/16/2026 14:42:28 - INFO - utils.trainer -   ***** Running regression evaluation on val0 dataset *****
08/16/2026 14:42:30 - INFO - utils.trainer -   Loss: 2332.84513
08/16/2026 14:42:30 - INFO - utils.trainer -   MSE: 2325.08691
08/16/2026 14:42:30 - INFO - utils.trainer -   MAE: 44.91188
08/16/2026 14:42:30 - INFO - utils.trainer -   RMSE: 48.21915
08/16/2026 14:42:30 - INFO - utils.trainer -   R2: -6.55510
08/16/2026 14:42:30 - INFO - utils.trainer -   PearsonR: -0.03094
08/16/2026 14:42:30 - INFO - utils.trainer -   Model saved to output_dir/ALTER_AgeTUAB_fewshot_best
08/16/2026 14:42:30 - INFO - utils.trainer -   Best model saved (val Loss=2332.8451, epoch=21)
08/16/2026 14:42:30 - INFO - utils.trainer -   FT Epoch: 21/200, Train Loss: 3734.41943, Val Loss: 2332.84513, Val Loss: 2332.8451, Best Loss: 2332.8451, No improve: 0/10, Time: 1.5s
08/16/2026 14:42:32 - INFO - utils.trainer -   ***** Running regression evaluation on val0 dataset *****
08/16/2026 14:42:34 - INFO - utils.trainer -   Loss: 2275.72445
08/16/2026 14:42:34 - INFO - utils.trainer -   MSE: 2268.05054
08/16/2026 14:42:34 - INFO - utils.trainer -   MAE: 44.27525
08/16/2026 14:42:34 - INFO - utils.trainer -   RMSE: 47.62405
08/16/2026 14:42:34 - INFO - utils.trainer -   R2: -6.36977
08/16/2026 14:42:34 - INFO - utils.trainer -   PearsonR: -0.03045
08/16/2026 14:42:34 - INFO - utils.trainer -   Model saved to output_dir/ALTER_AgeTUAB_fewshot_best
08/16/2026 14:42:34 - INFO - utils.trainer -   Best model saved (val Loss=2275.7244, epoch=22)
08/16/2026 14:42:34 - INFO - utils.trainer -   FT Epoch: 22/200, Train Loss: 3739.04354, Val Loss: 2275.72445, Val Loss: 2275.7244, Best Loss: 2275.7244, No improve: 0/10, Time: 1.6s
08/16/2026 14:42:36 - INFO - utils.trainer -   ***** Running regression evaluation on val0 dataset *****
08/16/2026 14:42:38 - INFO - utils.trainer -   Loss: 2209.57707
08/16/2026 14:42:38 - INFO - utils.trainer -   MSE: 2202.00195
08/16/2026 14:42:38 - INFO - utils.trainer -   MAE: 43.53034
08/16/2026 14:42:38 - INFO - utils.trainer -   RMSE: 46.92550
08/16/2026 14:42:38 - INFO - utils.trainer -   R2: -6.15515
08/16/2026 14:42:38 - INFO - utils.trainer -   PearsonR: -0.03024
08/16/2026 14:42:38 - INFO - utils.trainer -   Model saved to output_dir/ALTER_AgeTUAB_fewshot_best
08/16/2026 14:42:38 - INFO - utils.trainer -   Best model saved (val Loss=2209.5771, epoch=23)
08/16/2026 14:42:38 - INFO - utils.trainer -   FT Epoch: 23/200, Train Loss: 2823.50517, Val Loss: 2209.57707, Val Loss: 2209.5771, Best Loss: 2209.5771, No improve: 0/10, Time: 1.6s
08/16/2026 14:42:40 - INFO - utils.trainer -   ***** Running regression evaluation on val0 dataset *****
08/16/2026 14:42:42 - INFO - utils.trainer -   Loss: 2132.82788
08/16/2026 14:42:42 - INFO - utils.trainer -   MSE: 2125.37036
08/16/2026 14:42:42 - INFO - utils.trainer -   MAE: 42.64951
08/16/2026 14:42:42 - INFO - utils.trainer -   RMSE: 46.10174
08/16/2026 14:42:42 - INFO - utils.trainer -   R2: -5.90615
08/16/2026 14:42:42 - INFO - utils.trainer -   PearsonR: -0.03093
08/16/2026 14:42:42 - INFO - utils.trainer -   Model saved to output_dir/ALTER_AgeTUAB_fewshot_best
08/16/2026 14:42:42 - INFO - utils.trainer -   Best model saved (val Loss=2132.8279, epoch=24)
08/16/2026 14:42:42 - INFO - utils.trainer -   FT Epoch: 24/200, Train Loss: 3086.37276, Val Loss: 2132.82788, Val Loss: 2132.8279, Best Loss: 2132.8279, No improve: 0/10, Time: 1.6s
08/16/2026 14:42:44 - INFO - utils.trainer -   ***** Running regression evaluation on val0 dataset *****
08/16/2026 14:42:46 - INFO - utils.trainer -   Loss: 2044.73718
08/16/2026 14:42:46 - INFO - utils.trainer -   MSE: 2037.41528
08/16/2026 14:42:46 - INFO - utils.trainer -   MAE: 41.61520
08/16/2026 14:42:46 - INFO - utils.trainer -   RMSE: 45.13774
08/16/2026 14:42:46 - INFO - utils.trainer -   R2: -5.62035
08/16/2026 14:42:46 - INFO - utils.trainer -   PearsonR: -0.03030
08/16/2026 14:42:46 - INFO - utils.trainer -   Model saved to output_dir/ALTER_AgeTUAB_fewshot_best
08/16/2026 14:42:46 - INFO - utils.trainer -   Best model saved (val Loss=2044.7372, epoch=25)
08/16/2026 14:42:46 - INFO - utils.trainer -   FT Epoch: 25/200, Train Loss: 2971.00130, Val Loss: 2044.73718, Val Loss: 2044.7372, Best Loss: 2044.7372, No improve: 0/10, Time: 1.6s
08/16/2026 14:42:48 - INFO - utils.trainer -   ***** Running regression evaluation on val0 dataset *****
08/16/2026 14:42:50 - INFO - utils.trainer -   Loss: 1946.30888
08/16/2026 14:42:50 - INFO - utils.trainer -   MSE: 1939.14380
08/16/2026 14:42:50 - INFO - utils.trainer -   MAE: 40.42758
08/16/2026 14:42:50 - INFO - utils.trainer -   RMSE: 44.03571
08/16/2026 14:42:50 - INFO - utils.trainer -   R2: -5.30103
08/16/2026 14:42:50 - INFO - utils.trainer -   PearsonR: -0.03001
08/16/2026 14:42:50 - INFO - utils.trainer -   Model saved to output_dir/ALTER_AgeTUAB_fewshot_best
08/16/2026 14:42:50 - INFO - utils.trainer -   Best model saved (val Loss=1946.3089, epoch=26)
08/16/2026 14:42:50 - INFO - utils.trainer -   FT Epoch: 26/200, Train Loss: 1529.59176, Val Loss: 1946.30888, Val Loss: 1946.3089, Best Loss: 1946.3089, No improve: 0/10, Time: 1.6s
08/16/2026 14:42:52 - INFO - utils.trainer -   ***** Running regression evaluation on val0 dataset *****
08/16/2026 14:42:54 - INFO - utils.trainer -   Loss: 1835.95272
08/16/2026 14:42:54 - INFO - utils.trainer -   MSE: 1828.97058
08/16/2026 14:42:54 - INFO - utils.trainer -   MAE: 39.05217
08/16/2026 14:42:54 - INFO - utils.trainer -   RMSE: 42.76646
08/16/2026 14:42:54 - INFO - utils.trainer -   R2: -4.94303
08/16/2026 14:42:54 - INFO - utils.trainer -   PearsonR: -0.03007
08/16/2026 14:42:55 - INFO - utils.trainer -   Model saved to output_dir/ALTER_AgeTUAB_fewshot_best
08/16/2026 14:42:55 - INFO - utils.trainer -   Best model saved (val Loss=1835.9527, epoch=27)
08/16/2026 14:42:55 - INFO - utils.trainer -   FT Epoch: 27/200, Train Loss: 2583.65767, Val Loss: 1835.95272, Val Loss: 1835.9527, Best Loss: 1835.9527, No improve: 0/10, Time: 1.6s
08/16/2026 14:42:56 - INFO - utils.trainer -   ***** Running regression evaluation on val0 dataset *****
08/16/2026 14:42:59 - INFO - utils.trainer -   Loss: 1713.91760
08/16/2026 14:42:59 - INFO - utils.trainer -   MSE: 1707.14600
08/16/2026 14:42:59 - INFO - utils.trainer -   MAE: 37.47219
08/16/2026 14:42:59 - INFO - utils.trainer -   RMSE: 41.31762
08/16/2026 14:42:59 - INFO - utils.trainer -   R2: -4.54718
08/16/2026 14:42:59 - INFO - utils.trainer -   PearsonR: -0.02982
08/16/2026 14:42:59 - INFO - utils.trainer -   Model saved to output_dir/ALTER_AgeTUAB_fewshot_best
08/16/2026 14:42:59 - INFO - utils.trainer -   Best model saved (val Loss=1713.9176, epoch=28)
08/16/2026 14:42:59 - INFO - utils.trainer -   FT Epoch: 28/200, Train Loss: 1678.83687, Val Loss: 1713.91760, Val Loss: 1713.9176, Best Loss: 1713.9176, No improve: 0/10, Time: 1.6s
08/16/2026 14:43:01 - INFO - utils.trainer -   ***** Running regression evaluation on val0 dataset *****
08/16/2026 14:43:03 - INFO - utils.trainer -   Loss: 1581.18567
08/16/2026 14:43:03 - INFO - utils.trainer -   MSE: 1574.65442
08/16/2026 14:43:03 - INFO - utils.trainer -   MAE: 35.68180
08/16/2026 14:43:03 - INFO - utils.trainer -   RMSE: 39.68192
08/16/2026 14:43:03 - INFO - utils.trainer -   R2: -4.11666
08/16/2026 14:43:03 - INFO - utils.trainer -   PearsonR: -0.03062
08/16/2026 14:43:03 - INFO - utils.trainer -   Model saved to output_dir/ALTER_AgeTUAB_fewshot_best
08/16/2026 14:43:03 - INFO - utils.trainer -   Best model saved (val Loss=1581.1857, epoch=29)
08/16/2026 14:43:03 - INFO - utils.trainer -   FT Epoch: 29/200, Train Loss: 1767.58172, Val Loss: 1581.18567, Val Loss: 1581.1857, Best Loss: 1581.1857, No improve: 0/10, Time: 1.7s
08/16/2026 14:43:05 - INFO - utils.trainer -   ***** Running regression evaluation on val0 dataset *****
08/16/2026 14:43:07 - INFO - utils.trainer -   Loss: 1436.72567
08/16/2026 14:43:07 - INFO - utils.trainer -   MSE: 1430.47278
08/16/2026 14:43:07 - INFO - utils.trainer -   MAE: 33.62245
08/16/2026 14:43:07 - INFO - utils.trainer -   RMSE: 37.82159
08/16/2026 14:43:07 - INFO - utils.trainer -   R2: -3.64816
08/16/2026 14:43:07 - INFO - utils.trainer -   PearsonR: -0.03046
08/16/2026 14:43:07 - INFO - utils.trainer -   Model saved to output_dir/ALTER_AgeTUAB_fewshot_best
08/16/2026 14:43:07 - INFO - utils.trainer -   Best model saved (val Loss=1436.7257, epoch=30)
08/16/2026 14:43:07 - INFO - utils.trainer -   FT Epoch: 30/200, Train Loss: 2030.42196, Val Loss: 1436.72567, Val Loss: 1436.7257, Best Loss: 1436.7257, No improve: 0/10, Time: 1.6s
08/16/2026 14:43:09 - INFO - utils.trainer -   ***** Running regression evaluation on val0 dataset *****
08/16/2026 14:43:11 - INFO - utils.trainer -   Loss: 1282.47160
08/16/2026 14:43:11 - INFO - utils.trainer -   MSE: 1276.53796
08/16/2026 14:43:11 - INFO - utils.trainer -   MAE: 31.27646
08/16/2026 14:43:11 - INFO - utils.trainer -   RMSE: 35.72867
08/16/2026 14:43:11 - INFO - utils.trainer -   R2: -3.14796
08/16/2026 14:43:11 - INFO - utils.trainer -   PearsonR: -0.03017
08/16/2026 14:43:11 - INFO - utils.trainer -   Model saved to output_dir/ALTER_AgeTUAB_fewshot_best
08/16/2026 14:43:11 - INFO - utils.trainer -   Best model saved (val Loss=1282.4716, epoch=31)
08/16/2026 14:43:11 - INFO - utils.trainer -   FT Epoch: 31/200, Train Loss: 1930.04513, Val Loss: 1282.47160, Val Loss: 1282.4716, Best Loss: 1282.4716, No improve: 0/10, Time: 1.6s
08/16/2026 14:43:13 - INFO - utils.trainer -   ***** Running regression evaluation on val0 dataset *****
08/16/2026 14:43:15 - INFO - utils.trainer -   Loss: 1122.18852
08/16/2026 14:43:15 - INFO - utils.trainer -   MSE: 1116.61572
08/16/2026 14:43:15 - INFO - utils.trainer -   MAE: 28.69064
08/16/2026 14:43:15 - INFO - utils.trainer -   RMSE: 33.41580
08/16/2026 14:43:15 - INFO - utils.trainer -   R2: -2.62831
08/16/2026 14:43:15 - INFO - utils.trainer -   PearsonR: -0.03049
08/16/2026 14:43:15 - INFO - utils.trainer -   Model saved to output_dir/ALTER_AgeTUAB_fewshot_best
08/16/2026 14:43:15 - INFO - utils.trainer -   Best model saved (val Loss=1122.1885, epoch=32)
08/16/2026 14:43:15 - INFO - utils.trainer -   FT Epoch: 32/200, Train Loss: 1358.52163, Val Loss: 1122.18852, Val Loss: 1122.1885, Best Loss: 1122.1885, No improve: 0/10, Time: 1.5s
08/16/2026 14:43:17 - INFO - utils.trainer -   ***** Running regression evaluation on val0 dataset *****
08/16/2026 14:43:20 - INFO - utils.trainer -   Loss: 959.88208
08/16/2026 14:43:20 - INFO - utils.trainer -   MSE: 954.71704
08/16/2026 14:43:20 - INFO - utils.trainer -   MAE: 26.00240
08/16/2026 14:43:20 - INFO - utils.trainer -   RMSE: 30.89850
08/16/2026 14:43:20 - INFO - utils.trainer -   R2: -2.10224
08/16/2026 14:43:20 - INFO - utils.trainer -   PearsonR: -0.03029
08/16/2026 14:43:20 - INFO - utils.trainer -   Model saved to output_dir/ALTER_AgeTUAB_fewshot_best
08/16/2026 14:43:20 - INFO - utils.trainer -   Best model saved (val Loss=959.8821, epoch=33)
08/16/2026 14:43:20 - INFO - utils.trainer -   FT Epoch: 33/200, Train Loss: 1774.56958, Val Loss: 959.88208, Val Loss: 959.8821, Best Loss: 959.8821, No improve: 0/10, Time: 1.6s
08/16/2026 14:43:21 - INFO - utils.trainer -   ***** Running regression evaluation on val0 dataset *****
08/16/2026 14:43:24 - INFO - utils.trainer -   Loss: 800.38593
08/16/2026 14:43:24 - INFO - utils.trainer -   MSE: 795.68213
08/16/2026 14:43:24 - INFO - utils.trainer -   MAE: 23.33835
08/16/2026 14:43:24 - INFO - utils.trainer -   RMSE: 28.20784
08/16/2026 14:43:24 - INFO - utils.trainer -   R2: -1.58548
08/16/2026 14:43:24 - INFO - utils.trainer -   PearsonR: -0.03010
08/16/2026 14:43:24 - INFO - utils.trainer -   Model saved to output_dir/ALTER_AgeTUAB_fewshot_best
08/16/2026 14:43:24 - INFO - utils.trainer -   Best model saved (val Loss=800.3859, epoch=34)
08/16/2026 14:43:24 - INFO - utils.trainer -   FT Epoch: 34/200, Train Loss: 687.31261, Val Loss: 800.38593, Val Loss: 800.3859, Best Loss: 800.3859, No improve: 0/10, Time: 1.6s
08/16/2026 14:43:26 - INFO - utils.trainer -   ***** Running regression evaluation on val0 dataset *****
08/16/2026 14:43:28 - INFO - utils.trainer -   Loss: 650.70288
08/16/2026 14:43:28 - INFO - utils.trainer -   MSE: 646.51306
08/16/2026 14:43:28 - INFO - utils.trainer -   MAE: 20.74805
08/16/2026 14:43:28 - INFO - utils.trainer -   RMSE: 25.42662
08/16/2026 14:43:28 - INFO - utils.trainer -   R2: -1.10077
08/16/2026 14:43:28 - INFO - utils.trainer -   PearsonR: -0.02971
08/16/2026 14:43:28 - INFO - utils.trainer -   Model saved to output_dir/ALTER_AgeTUAB_fewshot_best
08/16/2026 14:43:28 - INFO - utils.trainer -   Best model saved (val Loss=650.7029, epoch=35)
08/16/2026 14:43:28 - INFO - utils.trainer -   FT Epoch: 35/200, Train Loss: 1494.44967, Val Loss: 650.70288, Val Loss: 650.7029, Best Loss: 650.7029, No improve: 0/10, Time: 1.7s
08/16/2026 14:43:30 - INFO - utils.trainer -   ***** Running regression evaluation on val0 dataset *****
08/16/2026 14:43:32 - INFO - utils.trainer -   Loss: 522.50312
08/16/2026 14:43:32 - INFO - utils.trainer -   MSE: 518.86505
08/16/2026 14:43:32 - INFO - utils.trainer -   MAE: 18.42920
08/16/2026 14:43:32 - INFO - utils.trainer -   RMSE: 22.77861
08/16/2026 14:43:32 - INFO - utils.trainer -   R2: -0.68599
08/16/2026 14:43:32 - INFO - utils.trainer -   PearsonR: -0.02942
08/16/2026 14:43:32 - INFO - utils.trainer -   Model saved to output_dir/ALTER_AgeTUAB_fewshot_best
08/16/2026 14:43:32 - INFO - utils.trainer -   Best model saved (val Loss=522.5031, epoch=36)
08/16/2026 14:43:32 - INFO - utils.trainer -   FT Epoch: 36/200, Train Loss: 725.91721, Val Loss: 522.50312, Val Loss: 522.5031, Best Loss: 522.5031, No improve: 0/10, Time: 1.6s
08/16/2026 14:43:34 - INFO - utils.trainer -   ***** Running regression evaluation on val0 dataset *****
08/16/2026 14:43:36 - INFO - utils.trainer -   Loss: 420.55486
08/16/2026 14:43:36 - INFO - utils.trainer -   MSE: 417.51477
08/16/2026 14:43:36 - INFO - utils.trainer -   MAE: 16.51632
08/16/2026 14:43:36 - INFO - utils.trainer -   RMSE: 20.43318
08/16/2026 14:43:36 - INFO - utils.trainer -   R2: -0.35667
08/16/2026 14:43:36 - INFO - utils.trainer -   PearsonR: -0.02925
08/16/2026 14:43:36 - INFO - utils.trainer -   Model saved to output_dir/ALTER_AgeTUAB_fewshot_best
08/16/2026 14:43:36 - INFO - utils.trainer -   Best model saved (val Loss=420.5549, epoch=37)
08/16/2026 14:43:36 - INFO - utils.trainer -   FT Epoch: 37/200, Train Loss: 575.33882, Val Loss: 420.55486, Val Loss: 420.5549, Best Loss: 420.5549, No improve: 0/10, Time: 1.7s
08/16/2026 14:43:38 - INFO - utils.trainer -   ***** Running regression evaluation on val0 dataset *****
08/16/2026 14:43:40 - INFO - utils.trainer -   Loss: 354.43186
08/16/2026 14:43:40 - INFO - utils.trainer -   MSE: 352.01663
08/16/2026 14:43:40 - INFO - utils.trainer -   MAE: 15.22509
08/16/2026 14:43:40 - INFO - utils.trainer -   RMSE: 18.76211
08/16/2026 14:43:40 - INFO - utils.trainer -   R2: -0.14384
08/16/2026 14:43:40 - INFO - utils.trainer -   PearsonR: -0.02875
08/16/2026 14:43:40 - INFO - utils.trainer -   Model saved to output_dir/ALTER_AgeTUAB_fewshot_best
08/16/2026 14:43:40 - INFO - utils.trainer -   Best model saved (val Loss=354.4319, epoch=38)
08/16/2026 14:43:40 - INFO - utils.trainer -   FT Epoch: 38/200, Train Loss: 770.39859, Val Loss: 354.43186, Val Loss: 354.4319, Best Loss: 354.4319, No improve: 0/10, Time: 1.6s
08/16/2026 14:43:42 - INFO - utils.trainer -   ***** Running regression evaluation on val0 dataset *****
08/16/2026 14:43:45 - INFO - utils.trainer -   Loss: 329.13529
08/16/2026 14:43:45 - INFO - utils.trainer -   MSE: 327.33139
08/16/2026 14:43:45 - INFO - utils.trainer -   MAE: 14.76898
08/16/2026 14:43:45 - INFO - utils.trainer -   RMSE: 18.09230
08/16/2026 14:43:45 - INFO - utils.trainer -   R2: -0.06363
08/16/2026 14:43:45 - INFO - utils.trainer -   PearsonR: -0.02766
08/16/2026 14:43:45 - INFO - utils.trainer -   Model saved to output_dir/ALTER_AgeTUAB_fewshot_best
08/16/2026 14:43:45 - INFO - utils.trainer -   Best model saved (val Loss=329.1353, epoch=39)
08/16/2026 14:43:45 - INFO - utils.trainer -   FT Epoch: 39/200, Train Loss: 294.99585, Val Loss: 329.13529, Val Loss: 329.1353, Best Loss: 329.1353, No improve: 0/10, Time: 1.6s
08/16/2026 14:43:46 - INFO - utils.trainer -   ***** Running regression evaluation on val0 dataset *****
08/16/2026 14:43:49 - INFO - utils.trainer -   Loss: 339.10984
08/16/2026 14:43:49 - INFO - utils.trainer -   MSE: 337.83981
08/16/2026 14:43:49 - INFO - utils.trainer -   MAE: 15.00450
08/16/2026 14:43:49 - INFO - utils.trainer -   RMSE: 18.38042
08/16/2026 14:43:49 - INFO - utils.trainer -   R2: -0.09777
08/16/2026 14:43:49 - INFO - utils.trainer -   PearsonR: -0.02615
08/16/2026 14:43:49 - INFO - utils.trainer -   FT Epoch: 40/200, Train Loss: 492.27747, Val Loss: 339.10984, Val Loss: 339.1098, Best Loss: 329.1353, No improve: 1/10, Time: 1.8s
08/16/2026 14:43:50 - INFO - utils.trainer -   ***** Running regression evaluation on val0 dataset *****
08/16/2026 14:43:53 - INFO - utils.trainer -   Loss: 333.67775
08/16/2026 14:43:53 - INFO - utils.trainer -   MSE: 332.35492
08/16/2026 14:43:53 - INFO - utils.trainer -   MAE: 14.86590
08/16/2026 14:43:53 - INFO - utils.trainer -   RMSE: 18.23060
08/16/2026 14:43:53 - INFO - utils.trainer -   R2: -0.07995
08/16/2026 14:43:53 - INFO - utils.trainer -   PearsonR: -0.01170
08/16/2026 14:43:53 - INFO - utils.trainer -   FT Epoch: 41/200, Train Loss: 401.10569, Val Loss: 333.67775, Val Loss: 333.6778, Best Loss: 329.1353, No improve: 2/10, Time: 1.6s
08/16/2026 14:43:55 - INFO - utils.trainer -   ***** Running regression evaluation on val0 dataset *****
08/16/2026 14:43:57 - INFO - utils.trainer -   Loss: 355.73448
08/16/2026 14:43:57 - INFO - utils.trainer -   MSE: 354.69128
08/16/2026 14:43:57 - INFO - utils.trainer -   MAE: 15.37610
08/16/2026 14:43:57 - INFO - utils.trainer -   RMSE: 18.83325
08/16/2026 14:43:57 - INFO - utils.trainer -   R2: -0.15253
08/16/2026 14:43:57 - INFO - utils.trainer -   PearsonR: -0.02092
08/16/2026 14:43:57 - INFO - utils.trainer -   FT Epoch: 42/200, Train Loss: 380.37627, Val Loss: 355.73448, Val Loss: 355.7345, Best Loss: 329.1353, No improve: 3/10, Time: 1.6s
08/16/2026 14:43:59 - INFO - utils.trainer -   ***** Running regression evaluation on val0 dataset *****
08/16/2026 14:44:01 - INFO - utils.trainer -   Loss: 360.54436
08/16/2026 14:44:01 - INFO - utils.trainer -   MSE: 359.51245
08/16/2026 14:44:01 - INFO - utils.trainer -   MAE: 15.46918
08/16/2026 14:44:01 - INFO - utils.trainer -   RMSE: 18.96081
08/16/2026 14:44:01 - INFO - utils.trainer -   R2: -0.16819
08/16/2026 14:44:01 - INFO - utils.trainer -   PearsonR: -0.01707
08/16/2026 14:44:01 - INFO - utils.trainer -   FT Epoch: 43/200, Train Loss: 205.27242, Val Loss: 360.54436, Val Loss: 360.5444, Best Loss: 329.1353, No improve: 4/10, Time: 1.6s
08/16/2026 14:44:03 - INFO - utils.trainer -   ***** Running regression evaluation on val0 dataset *****
08/16/2026 14:44:05 - INFO - utils.trainer -   Loss: 361.83465
08/16/2026 14:44:05 - INFO - utils.trainer -   MSE: 360.76538
08/16/2026 14:44:05 - INFO - utils.trainer -   MAE: 15.48702
08/16/2026 14:44:05 - INFO - utils.trainer -   RMSE: 18.99382
08/16/2026 14:44:05 - INFO - utils.trainer -   R2: -0.17227
08/16/2026 14:44:05 - INFO - utils.trainer -   PearsonR: -0.01372
08/16/2026 14:44:05 - INFO - utils.trainer -   FT Epoch: 44/200, Train Loss: 386.57150, Val Loss: 361.83465, Val Loss: 361.8346, Best Loss: 329.1353, No improve: 5/10, Time: 1.9s
08/16/2026 14:44:07 - INFO - utils.trainer -   ***** Running regression evaluation on val0 dataset *****
08/16/2026 14:44:09 - INFO - utils.trainer -   Loss: 363.82333
08/16/2026 14:44:09 - INFO - utils.trainer -   MSE: 362.72137
08/16/2026 14:44:09 - INFO - utils.trainer -   MAE: 15.51478
08/16/2026 14:44:09 - INFO - utils.trainer -   RMSE: 19.04525
08/16/2026 14:44:09 - INFO - utils.trainer -   R2: -0.17862
08/16/2026 14:44:09 - INFO - utils.trainer -   PearsonR: -0.00875
08/16/2026 14:44:09 - INFO - utils.trainer -   FT Epoch: 45/200, Train Loss: 422.87608, Val Loss: 363.82333, Val Loss: 363.8233, Best Loss: 329.1353, No improve: 6/10, Time: 1.6s
08/16/2026 14:44:11 - INFO - utils.trainer -   ***** Running regression evaluation on val0 dataset *****
08/16/2026 14:44:13 - INFO - utils.trainer -   Loss: 359.85198
08/16/2026 14:44:13 - INFO - utils.trainer -   MSE: 358.60110
08/16/2026 14:44:13 - INFO - utils.trainer -   MAE: 15.40870
08/16/2026 14:44:13 - INFO - utils.trainer -   RMSE: 18.93677
08/16/2026 14:44:13 - INFO - utils.trainer -   R2: -0.16523
08/16/2026 14:44:13 - INFO - utils.trainer -   PearsonR: -0.00298
08/16/2026 14:44:13 - INFO - utils.trainer -   FT Epoch: 46/200, Train Loss: 235.63607, Val Loss: 359.85198, Val Loss: 359.8520, Best Loss: 329.1353, No improve: 7/10, Time: 1.6s
08/16/2026 14:44:15 - INFO - utils.trainer -   ***** Running regression evaluation on val0 dataset *****
08/16/2026 14:44:18 - INFO - utils.trainer -   Loss: 353.52727
08/16/2026 14:44:18 - INFO - utils.trainer -   MSE: 352.06454
08/16/2026 14:44:18 - INFO - utils.trainer -   MAE: 15.25032
08/16/2026 14:44:18 - INFO - utils.trainer -   RMSE: 18.76338
08/16/2026 14:44:18 - INFO - utils.trainer -   R2: -0.14399
08/16/2026 14:44:18 - INFO - utils.trainer -   PearsonR: 0.00359
08/16/2026 14:44:18 - INFO - utils.trainer -   FT Epoch: 47/200, Train Loss: 175.27644, Val Loss: 353.52727, Val Loss: 353.5273, Best Loss: 329.1353, No improve: 8/10, Time: 1.7s
08/16/2026 14:44:19 - INFO - utils.trainer -   ***** Running regression evaluation on val0 dataset *****
08/16/2026 14:44:22 - INFO - utils.trainer -   Loss: 351.43931
08/16/2026 14:44:22 - INFO - utils.trainer -   MSE: 349.75232
08/16/2026 14:44:22 - INFO - utils.trainer -   MAE: 15.18633
08/16/2026 14:44:22 - INFO - utils.trainer -   RMSE: 18.70167
08/16/2026 14:44:22 - INFO - utils.trainer -   R2: -0.13648
08/16/2026 14:44:22 - INFO - utils.trainer -   PearsonR: 0.00949
08/16/2026 14:44:22 - INFO - utils.trainer -   FT Epoch: 48/200, Train Loss: 228.96863, Val Loss: 351.43931, Val Loss: 351.4393, Best Loss: 329.1353, No improve: 9/10, Time: 1.7s
08/16/2026 14:44:23 - INFO - utils.trainer -   ***** Running regression evaluation on val0 dataset *****
08/16/2026 14:44:26 - INFO - utils.trainer -   Loss: 355.93273
08/16/2026 14:44:26 - INFO - utils.trainer -   MSE: 354.21252
08/16/2026 14:44:26 - INFO - utils.trainer -   MAE: 15.26545
08/16/2026 14:44:26 - INFO - utils.trainer -   RMSE: 18.82053
08/16/2026 14:44:26 - INFO - utils.trainer -   R2: -0.15097
08/16/2026 14:44:26 - INFO - utils.trainer -   PearsonR: 0.01331
08/16/2026 14:44:26 - INFO - utils.trainer -   FT Epoch: 49/200, Train Loss: 428.46747, Val Loss: 355.93273, Val Loss: 355.9327, Best Loss: 329.1353, No improve: 10/10, Time: 1.6s
08/16/2026 14:44:26 - INFO - utils.trainer -   Early stopping triggered at epoch 49
08/16/2026 14:44:26 - INFO - utils.trainer -   Early stopping triggered at epoch 49
08/16/2026 14:44:26 - INFO - utils.trainer -   Early stopping triggered at epoch 49
08/16/2026 14:44:26 - INFO - utils.trainer -     6 keys not in checkpoint (kept from init)
08/16/2026 14:44:26 - INFO - utils.trainer -   Model loaded from output_dir/ALTER_AgeTUAB_fewshot_best/ALTER-0.bin (27/27 keys)
08/16/2026 14:44:26 - INFO - utils.trainer -   Loaded best checkpoint from output_dir/ALTER_AgeTUAB_fewshot_best
08/16/2026 14:44:26 - INFO - utils.trainer -   ***** Running regression evaluation on test0 dataset *****
08/16/2026 14:44:26 - INFO - utils.trainer -     6 keys not in checkpoint (kept from init)
08/16/2026 14:44:26 - INFO - utils.trainer -   Model loaded from output_dir/ALTER_AgeTUAB_fewshot_best/ALTER-0.bin (27/27 keys)
08/16/2026 14:44:26 - INFO - utils.trainer -     6 keys not in checkpoint (kept from init)
08/16/2026 14:44:26 - INFO - utils.trainer -   Model loaded from output_dir/ALTER_AgeTUAB_fewshot_best/ALTER-0.bin (27/27 keys)
08/16/2026 14:44:28 - INFO - utils.trainer -   Loss: 332.05457
08/16/2026 14:44:28 - INFO - utils.trainer -   MSE: 332.69281
08/16/2026 14:44:28 - INFO - utils.trainer -   MAE: 15.09491
08/16/2026 14:44:28 - INFO - utils.trainer -   RMSE: 18.23987
08/16/2026 14:44:28 - INFO - utils.trainer -   R2: -0.03025
08/16/2026 14:44:28 - INFO - utils.trainer -   PearsonR: 0.03506
08/16/2026 14:44:28 - INFO - utils.trainer -   === Few-shot fine-tune test result ===
08/16/2026 14:44:28 - INFO - utils.trainer -     Loss: 332.05457
08/16/2026 14:44:28 - INFO - utils.trainer -     MSE: 332.69281
08/16/2026 14:44:28 - INFO - utils.trainer -     MAE: 15.09491
08/16/2026 14:44:28 - INFO - utils.trainer -     RMSE: 18.23987
08/16/2026 14:44:28 - INFO - utils.trainer -     R2: -0.03025
08/16/2026 14:44:28 - INFO - utils.trainer -     PearsonR: 0.03506
08/16/2026 14:44:28 - INFO - __main__ -   
============================================================
  10-shot (ALTER_AgeCAUEEG_train → AgeTUAB)  seed=42
============================================================
08/16/2026 14:44:28 - INFO - __main__ -     Loss           : 332.0546
08/16/2026 14:44:28 - INFO - __main__ -     MSE            : 332.6928
08/16/2026 14:44:28 - INFO - __main__ -     MAE            : 15.0949
08/16/2026 14:44:28 - INFO - __main__ -     RMSE           : 18.2399
08/16/2026 14:44:28 - INFO - __main__ -     R2             : -0.0303
08/16/2026 14:44:28 - INFO - __main__ -     PearsonR       : 0.0351
