07/30/2026 20:21:24 - INFO - __main__ -   ########## few-shot seed=42 ##########
07/30/2026 20:21:24 - INFO - __main__ -   ########## few-shot seed=42 ##########
07/30/2026 20:21:24 - INFO - __main__ -   ########## few-shot seed=42 ##########
07/30/2026 20:21:24 - INFO - __main__ -   ########## few-shot seed=42 ##########
07/30/2026 20:21:33 - INFO - root -   gcc -pthread -B /root/miniconda3/compiler_compat -fno-strict-overflow -DNDEBUG -O2 -Wall -fPIC -O2 -isystem /root/miniconda3/include -fPIC -O2 -isystem /root/miniconda3/include -fPIC -c /tmp/tmp89qjn8s3/test.c -o /tmp/tmp89qjn8s3/test.o
07/30/2026 20:21:33 - INFO - root -   gcc -pthread -B /root/miniconda3/compiler_compat /tmp/tmp89qjn8s3/test.o -laio -o /tmp/tmp89qjn8s3/a.out
07/30/2026 20:21:33 - INFO - root -   gcc -pthread -B /root/miniconda3/compiler_compat -fno-strict-overflow -DNDEBUG -O2 -Wall -fPIC -O2 -isystem /root/miniconda3/include -fPIC -O2 -isystem /root/miniconda3/include -fPIC -c /tmp/tmpx91rlvum/test.c -o /tmp/tmpx91rlvum/test.o
07/30/2026 20:21:33 - INFO - root -   gcc -pthread -B /root/miniconda3/compiler_compat /tmp/tmpx91rlvum/test.o -L/usr/local/cuda -L/usr/local/cuda/lib64 -lcufile -o /tmp/tmpx91rlvum/a.out
07/30/2026 20:21:33 - INFO - root -   gcc -pthread -B /root/miniconda3/compiler_compat -fno-strict-overflow -DNDEBUG -O2 -Wall -fPIC -O2 -isystem /root/miniconda3/include -fPIC -O2 -isystem /root/miniconda3/include -fPIC -c /tmp/tmpnbg0973_/test.c -o /tmp/tmpnbg0973_/test.o
07/30/2026 20:21:33 - INFO - root -   gcc -pthread -B /root/miniconda3/compiler_compat /tmp/tmpnbg0973_/test.o -laio -o /tmp/tmpnbg0973_/a.out
07/30/2026 20:21:33 - INFO - root -   gcc -pthread -B /root/miniconda3/compiler_compat -fno-strict-overflow -DNDEBUG -O2 -Wall -fPIC -O2 -isystem /root/miniconda3/include -fPIC -O2 -isystem /root/miniconda3/include -fPIC -c /tmp/tmpyd30uqhv/test.c -o /tmp/tmpyd30uqhv/test.o
07/30/2026 20:21:33 - INFO - root -   gcc -pthread -B /root/miniconda3/compiler_compat /tmp/tmpyd30uqhv/test.o -L/usr/local/cuda -L/usr/local/cuda/lib64 -lcufile -o /tmp/tmpyd30uqhv/a.out
07/30/2026 20:21:33 - INFO - root -   gcc -pthread -B /root/miniconda3/compiler_compat -fno-strict-overflow -DNDEBUG -O2 -Wall -fPIC -O2 -isystem /root/miniconda3/include -fPIC -O2 -isystem /root/miniconda3/include -fPIC -c /tmp/tmp17tudqy4/test.c -o /tmp/tmp17tudqy4/test.o
07/30/2026 20:21:33 - INFO - root -   gcc -pthread -B /root/miniconda3/compiler_compat /tmp/tmp17tudqy4/test.o -laio -o /tmp/tmp17tudqy4/a.out
07/30/2026 20:21:33 - INFO - root -   gcc -pthread -B /root/miniconda3/compiler_compat -fno-strict-overflow -DNDEBUG -O2 -Wall -fPIC -O2 -isystem /root/miniconda3/include -fPIC -O2 -isystem /root/miniconda3/include -fPIC -c /tmp/tmp4n2ktvk0/test.c -o /tmp/tmp4n2ktvk0/test.o
07/30/2026 20:21:33 - INFO - root -   gcc -pthread -B /root/miniconda3/compiler_compat -fno-strict-overflow -DNDEBUG -O2 -Wall -fPIC -O2 -isystem /root/miniconda3/include -fPIC -O2 -isystem /root/miniconda3/include -fPIC -c /tmp/tmphpuvzeir/test.c -o /tmp/tmphpuvzeir/test.o
07/30/2026 20:21:33 - INFO - root -   gcc -pthread -B /root/miniconda3/compiler_compat /tmp/tmp4n2ktvk0/test.o -laio -o /tmp/tmp4n2ktvk0/a.out
07/30/2026 20:21:33 - INFO - root -   gcc -pthread -B /root/miniconda3/compiler_compat /tmp/tmphpuvzeir/test.o -L/usr/local/cuda -L/usr/local/cuda/lib64 -lcufile -o /tmp/tmphpuvzeir/a.out
07/30/2026 20:21:33 - INFO - root -   gcc -pthread -B /root/miniconda3/compiler_compat -fno-strict-overflow -DNDEBUG -O2 -Wall -fPIC -O2 -isystem /root/miniconda3/include -fPIC -O2 -isystem /root/miniconda3/include -fPIC -c /tmp/tmpoyyotmte/test.c -o /tmp/tmpoyyotmte/test.o
07/30/2026 20:21:33 - INFO - root -   gcc -pthread -B /root/miniconda3/compiler_compat /tmp/tmpoyyotmte/test.o -L/usr/local/cuda -L/usr/local/cuda/lib64 -lcufile -o /tmp/tmpoyyotmte/a.out
07/30/2026 20:21:34 - INFO - utils.trainer -     6 keys not in checkpoint (kept from init)
07/30/2026 20:21:34 - INFO - utils.trainer -   Model loaded from ./output_dir/ALTER_DS_train/ALTER-0.bin (27/27 keys)
07/30/2026 20:21:34 - INFO - utils.trainer -     6 keys not in checkpoint (kept from init)
07/30/2026 20:21:34 - INFO - utils.trainer -   Model loaded from ./output_dir/ALTER_DS_train/ALTER-0.bin (27/27 keys)
07/30/2026 20:21:34 - INFO - utils.trainer -     6 keys not in checkpoint (kept from init)
07/30/2026 20:21:34 - INFO - utils.trainer -   Model loaded from ./output_dir/ALTER_DS_train/ALTER-0.bin (27/27 keys)
07/30/2026 20:21:34 - INFO - utils.trainer -   ***** Running few-shot fine-tune (transfer) *****
07/30/2026 20:21:34 - INFO - utils.trainer -     Num train examples = 3
07/30/2026 20:21:34 - INFO - utils.trainer -     Num val   examples = 144
07/30/2026 20:21:34 - INFO - utils.trainer -     Num test  examples = 143
07/30/2026 20:21:34 - INFO - utils.trainer -     Max fine-tune epochs = 200
07/30/2026 20:21:34 - INFO - utils.trainer -     Fine-tune lr = 1e-05
07/30/2026 20:21:34 - INFO - utils.trainer -     6 keys not in checkpoint (kept from init)
07/30/2026 20:21:34 - INFO - utils.trainer -   Model loaded from ./output_dir/ALTER_DS_train/ALTER-0.bin (27/27 keys)
07/30/2026 20:21:36 - INFO - utils.trainer -   ***** Running evaluation on val dataset *****
07/30/2026 20:21:38 - INFO - utils.trainer -   Loss: 1.38713
07/30/2026 20:21:38 - INFO - utils.trainer -   AUC: 0.54574
07/30/2026 20:21:38 - INFO - utils.trainer -   Accuracy: 0.46441
07/30/2026 20:21:38 - INFO - utils.trainer -   Precision: 0.00000
07/30/2026 20:21:38 - INFO - utils.trainer -   Specificity: 1.00000
07/30/2026 20:21:38 - INFO - utils.trainer -   Sensitivity: 0.00000
07/30/2026 20:21:38 - INFO - utils.trainer -   Model saved to output_dir/ALTER_CAUEEG2_fewshot_best
07/30/2026 20:21:38 - INFO - utils.trainer -   Best model saved (val AUC=0.5457, epoch=1)
07/30/2026 20:21:38 - INFO - utils.trainer -   FT Epoch: 1/200, Train Loss: 4.39838, Val Loss: 1.38713, Val AUC: 0.5457, Best AUC: 0.5457, No improve: 0/25, Time: 1.4s
07/30/2026 20:21:38 - INFO - utils.trainer -   ***** Running evaluation on val dataset *****
07/30/2026 20:21:40 - INFO - utils.trainer -   Loss: 1.38707
07/30/2026 20:21:40 - INFO - utils.trainer -   AUC: 0.52309
07/30/2026 20:21:40 - INFO - utils.trainer -   Accuracy: 0.46441
07/30/2026 20:21:40 - INFO - utils.trainer -   Precision: 0.00000
07/30/2026 20:21:40 - INFO - utils.trainer -   Specificity: 1.00000
07/30/2026 20:21:40 - INFO - utils.trainer -   Sensitivity: 0.00000
07/30/2026 20:21:40 - INFO - utils.trainer -   FT Epoch: 2/200, Train Loss: 1.39013, Val Loss: 1.38707, Val AUC: 0.5231, Best AUC: 0.5457, No improve: 1/25, Time: 0.9s
07/30/2026 20:21:41 - INFO - utils.trainer -   ***** Running evaluation on val dataset *****
07/30/2026 20:21:43 - INFO - utils.trainer -   Loss: 1.38699
07/30/2026 20:21:43 - INFO - utils.trainer -   AUC: 0.53038
07/30/2026 20:21:43 - INFO - utils.trainer -   Accuracy: 0.46441
07/30/2026 20:21:43 - INFO - utils.trainer -   Precision: 0.00000
07/30/2026 20:21:43 - INFO - utils.trainer -   Specificity: 1.00000
07/30/2026 20:21:43 - INFO - utils.trainer -   Sensitivity: 0.00000
07/30/2026 20:21:43 - INFO - utils.trainer -   FT Epoch: 3/200, Train Loss: 1.38986, Val Loss: 1.38699, Val AUC: 0.5304, Best AUC: 0.5457, No improve: 2/25, Time: 0.8s
07/30/2026 20:21:44 - INFO - utils.trainer -   ***** Running evaluation on val dataset *****
07/30/2026 20:21:45 - INFO - utils.trainer -   Loss: 1.38691
07/30/2026 20:21:45 - INFO - utils.trainer -   AUC: 0.53649
07/30/2026 20:21:45 - INFO - utils.trainer -   Accuracy: 0.46441
07/30/2026 20:21:45 - INFO - utils.trainer -   Precision: 0.00000
07/30/2026 20:21:45 - INFO - utils.trainer -   Specificity: 1.00000
07/30/2026 20:21:45 - INFO - utils.trainer -   Sensitivity: 0.00000
07/30/2026 20:21:45 - INFO - utils.trainer -   FT Epoch: 4/200, Train Loss: 1.39242, Val Loss: 1.38691, Val AUC: 0.5365, Best AUC: 0.5457, No improve: 3/25, Time: 0.9s
07/30/2026 20:21:46 - INFO - utils.trainer -   ***** Running evaluation on val dataset *****
07/30/2026 20:21:48 - INFO - utils.trainer -   Loss: 1.38679
07/30/2026 20:21:48 - INFO - utils.trainer -   AUC: 0.52536
07/30/2026 20:21:48 - INFO - utils.trainer -   Accuracy: 0.46441
07/30/2026 20:21:48 - INFO - utils.trainer -   Precision: 0.00000
07/30/2026 20:21:48 - INFO - utils.trainer -   Specificity: 1.00000
07/30/2026 20:21:48 - INFO - utils.trainer -   Sensitivity: 0.00000
07/30/2026 20:21:48 - INFO - utils.trainer -   FT Epoch: 5/200, Train Loss: 1.38915, Val Loss: 1.38679, Val AUC: 0.5254, Best AUC: 0.5457, No improve: 4/25, Time: 0.8s
07/30/2026 20:21:49 - INFO - utils.trainer -   ***** Running evaluation on val dataset *****
07/30/2026 20:21:50 - INFO - utils.trainer -   Loss: 1.38668
07/30/2026 20:21:50 - INFO - utils.trainer -   AUC: 0.49895
07/30/2026 20:21:50 - INFO - utils.trainer -   Accuracy: 0.46441
07/30/2026 20:21:50 - INFO - utils.trainer -   Precision: 0.00000
07/30/2026 20:21:50 - INFO - utils.trainer -   Specificity: 1.00000
07/30/2026 20:21:50 - INFO - utils.trainer -   Sensitivity: 0.00000
07/30/2026 20:21:50 - INFO - utils.trainer -   FT Epoch: 6/200, Train Loss: 1.38631, Val Loss: 1.38668, Val AUC: 0.4990, Best AUC: 0.5457, No improve: 5/25, Time: 0.8s
07/30/2026 20:21:51 - INFO - utils.trainer -   ***** Running evaluation on val dataset *****
07/30/2026 20:21:53 - INFO - utils.trainer -   Loss: 1.38657
07/30/2026 20:21:53 - INFO - utils.trainer -   AUC: 0.51047
07/30/2026 20:21:53 - INFO - utils.trainer -   Accuracy: 0.46441
07/30/2026 20:21:53 - INFO - utils.trainer -   Precision: 0.00000
07/30/2026 20:21:53 - INFO - utils.trainer -   Specificity: 1.00000
07/30/2026 20:21:53 - INFO - utils.trainer -   Sensitivity: 0.00000
07/30/2026 20:21:53 - INFO - utils.trainer -   FT Epoch: 7/200, Train Loss: 1.38662, Val Loss: 1.38657, Val AUC: 0.5105, Best AUC: 0.5457, No improve: 6/25, Time: 0.8s
07/30/2026 20:21:54 - INFO - utils.trainer -   ***** Running evaluation on val dataset *****
07/30/2026 20:21:55 - INFO - utils.trainer -   Loss: 1.38647
07/30/2026 20:21:55 - INFO - utils.trainer -   AUC: 0.51153
07/30/2026 20:21:55 - INFO - utils.trainer -   Accuracy: 0.46441
07/30/2026 20:21:55 - INFO - utils.trainer -   Precision: 0.00000
07/30/2026 20:21:55 - INFO - utils.trainer -   Specificity: 1.00000
07/30/2026 20:21:55 - INFO - utils.trainer -   Sensitivity: 0.00000
07/30/2026 20:21:55 - INFO - utils.trainer -   FT Epoch: 8/200, Train Loss: 1.38747, Val Loss: 1.38647, Val AUC: 0.5115, Best AUC: 0.5457, No improve: 7/25, Time: 0.8s
07/30/2026 20:21:56 - INFO - utils.trainer -   ***** Running evaluation on val dataset *****
07/30/2026 20:21:58 - INFO - utils.trainer -   Loss: 1.38636
07/30/2026 20:21:58 - INFO - utils.trainer -   AUC: 0.51130
07/30/2026 20:21:58 - INFO - utils.trainer -   Accuracy: 0.46441
07/30/2026 20:21:58 - INFO - utils.trainer -   Precision: 0.00000
07/30/2026 20:21:58 - INFO - utils.trainer -   Specificity: 1.00000
07/30/2026 20:21:58 - INFO - utils.trainer -   Sensitivity: 0.00000
07/30/2026 20:21:58 - INFO - utils.trainer -   FT Epoch: 9/200, Train Loss: 1.38743, Val Loss: 1.38636, Val AUC: 0.5113, Best AUC: 0.5457, No improve: 8/25, Time: 1.0s
07/30/2026 20:21:59 - INFO - utils.trainer -   ***** Running evaluation on val dataset *****
07/30/2026 20:22:01 - INFO - utils.trainer -   Loss: 1.38625
07/30/2026 20:22:01 - INFO - utils.trainer -   AUC: 0.52339
07/30/2026 20:22:01 - INFO - utils.trainer -   Accuracy: 0.53559
07/30/2026 20:22:01 - INFO - utils.trainer -   Precision: 0.53559
07/30/2026 20:22:01 - INFO - utils.trainer -   Specificity: 0.00000
07/30/2026 20:22:01 - INFO - utils.trainer -   Sensitivity: 1.00000
07/30/2026 20:22:01 - INFO - utils.trainer -   FT Epoch: 10/200, Train Loss: 1.38627, Val Loss: 1.38625, Val AUC: 0.5234, Best AUC: 0.5457, No improve: 9/25, Time: 0.8s
07/30/2026 20:22:02 - INFO - utils.trainer -   ***** Running evaluation on val dataset *****
07/30/2026 20:22:03 - INFO - utils.trainer -   Loss: 1.38615
07/30/2026 20:22:03 - INFO - utils.trainer -   AUC: 0.52387
07/30/2026 20:22:03 - INFO - utils.trainer -   Accuracy: 0.53559
07/30/2026 20:22:03 - INFO - utils.trainer -   Precision: 0.53559
07/30/2026 20:22:03 - INFO - utils.trainer -   Specificity: 0.00000
07/30/2026 20:22:03 - INFO - utils.trainer -   Sensitivity: 1.00000
07/30/2026 20:22:03 - INFO - utils.trainer -   FT Epoch: 11/200, Train Loss: 1.38614, Val Loss: 1.38615, Val AUC: 0.5239, Best AUC: 0.5457, No improve: 10/25, Time: 0.9s
07/30/2026 20:22:04 - INFO - utils.trainer -   ***** Running evaluation on val dataset *****
07/30/2026 20:22:06 - INFO - utils.trainer -   Loss: 1.38604
07/30/2026 20:22:06 - INFO - utils.trainer -   AUC: 0.51960
07/30/2026 20:22:06 - INFO - utils.trainer -   Accuracy: 0.53559
07/30/2026 20:22:06 - INFO - utils.trainer -   Precision: 0.53559
07/30/2026 20:22:06 - INFO - utils.trainer -   Specificity: 0.00000
07/30/2026 20:22:06 - INFO - utils.trainer -   Sensitivity: 1.00000
07/30/2026 20:22:06 - INFO - utils.trainer -   FT Epoch: 12/200, Train Loss: 1.38560, Val Loss: 1.38604, Val AUC: 0.5196, Best AUC: 0.5457, No improve: 11/25, Time: 0.9s
07/30/2026 20:22:07 - INFO - utils.trainer -   ***** Running evaluation on val dataset *****
07/30/2026 20:22:08 - INFO - utils.trainer -   Loss: 1.38593
07/30/2026 20:22:08 - INFO - utils.trainer -   AUC: 0.52614
07/30/2026 20:22:08 - INFO - utils.trainer -   Accuracy: 0.53559
07/30/2026 20:22:08 - INFO - utils.trainer -   Precision: 0.53559
07/30/2026 20:22:08 - INFO - utils.trainer -   Specificity: 0.00000
07/30/2026 20:22:08 - INFO - utils.trainer -   Sensitivity: 1.00000
07/30/2026 20:22:08 - INFO - utils.trainer -   FT Epoch: 13/200, Train Loss: 1.38898, Val Loss: 1.38593, Val AUC: 0.5261, Best AUC: 0.5457, No improve: 12/25, Time: 0.9s
07/30/2026 20:22:09 - INFO - utils.trainer -   ***** Running evaluation on val dataset *****
07/30/2026 20:22:11 - INFO - utils.trainer -   Loss: 1.38582
07/30/2026 20:22:11 - INFO - utils.trainer -   AUC: 0.53361
07/30/2026 20:22:11 - INFO - utils.trainer -   Accuracy: 0.53559
07/30/2026 20:22:11 - INFO - utils.trainer -   Precision: 0.53559
07/30/2026 20:22:11 - INFO - utils.trainer -   Specificity: 0.00000
07/30/2026 20:22:11 - INFO - utils.trainer -   Sensitivity: 1.00000
07/30/2026 20:22:11 - INFO - utils.trainer -   FT Epoch: 14/200, Train Loss: 1.38252, Val Loss: 1.38582, Val AUC: 0.5336, Best AUC: 0.5457, No improve: 13/25, Time: 0.8s
07/30/2026 20:22:12 - INFO - utils.trainer -   ***** Running evaluation on val dataset *****
07/30/2026 20:22:14 - INFO - utils.trainer -   Loss: 1.38573
07/30/2026 20:22:14 - INFO - utils.trainer -   AUC: 0.50282
07/30/2026 20:22:14 - INFO - utils.trainer -   Accuracy: 0.53559
07/30/2026 20:22:14 - INFO - utils.trainer -   Precision: 0.53559
07/30/2026 20:22:14 - INFO - utils.trainer -   Specificity: 0.00000
07/30/2026 20:22:14 - INFO - utils.trainer -   Sensitivity: 1.00000
07/30/2026 20:22:14 - INFO - utils.trainer -   FT Epoch: 15/200, Train Loss: 1.38401, Val Loss: 1.38573, Val AUC: 0.5028, Best AUC: 0.5457, No improve: 14/25, Time: 1.0s
07/30/2026 20:22:15 - INFO - utils.trainer -   ***** Running evaluation on val dataset *****
07/30/2026 20:22:16 - INFO - utils.trainer -   Loss: 1.38564
07/30/2026 20:22:16 - INFO - utils.trainer -   AUC: 0.50167
07/30/2026 20:22:16 - INFO - utils.trainer -   Accuracy: 0.53559
07/30/2026 20:22:16 - INFO - utils.trainer -   Precision: 0.53559
07/30/2026 20:22:16 - INFO - utils.trainer -   Specificity: 0.00000
07/30/2026 20:22:16 - INFO - utils.trainer -   Sensitivity: 1.00000
07/30/2026 20:22:16 - INFO - utils.trainer -   FT Epoch: 16/200, Train Loss: 1.38312, Val Loss: 1.38564, Val AUC: 0.5017, Best AUC: 0.5457, No improve: 15/25, Time: 1.0s
07/30/2026 20:22:17 - INFO - utils.trainer -   ***** Running evaluation on val dataset *****
07/30/2026 20:22:19 - INFO - utils.trainer -   Loss: 1.38553
07/30/2026 20:22:19 - INFO - utils.trainer -   AUC: 0.50194
07/30/2026 20:22:19 - INFO - utils.trainer -   Accuracy: 0.53559
07/30/2026 20:22:19 - INFO - utils.trainer -   Precision: 0.53559
07/30/2026 20:22:19 - INFO - utils.trainer -   Specificity: 0.00000
07/30/2026 20:22:19 - INFO - utils.trainer -   Sensitivity: 1.00000
07/30/2026 20:22:19 - INFO - utils.trainer -   FT Epoch: 17/200, Train Loss: 1.37944, Val Loss: 1.38553, Val AUC: 0.5019, Best AUC: 0.5457, No improve: 16/25, Time: 0.9s
07/30/2026 20:22:20 - INFO - utils.trainer -   ***** Running evaluation on val dataset *****
07/30/2026 20:22:22 - INFO - utils.trainer -   Loss: 1.38543
07/30/2026 20:22:22 - INFO - utils.trainer -   AUC: 0.51078
07/30/2026 20:22:22 - INFO - utils.trainer -   Accuracy: 0.53559
07/30/2026 20:22:22 - INFO - utils.trainer -   Precision: 0.53559
07/30/2026 20:22:22 - INFO - utils.trainer -   Specificity: 0.00000
07/30/2026 20:22:22 - INFO - utils.trainer -   Sensitivity: 1.00000
07/30/2026 20:22:22 - INFO - utils.trainer -   FT Epoch: 18/200, Train Loss: 1.38985, Val Loss: 1.38543, Val AUC: 0.5108, Best AUC: 0.5457, No improve: 17/25, Time: 0.8s
07/30/2026 20:22:22 - INFO - utils.trainer -   ***** Running evaluation on val dataset *****
07/30/2026 20:22:24 - INFO - utils.trainer -   Loss: 1.38532
07/30/2026 20:22:24 - INFO - utils.trainer -   AUC: 0.51690
07/30/2026 20:22:24 - INFO - utils.trainer -   Accuracy: 0.53559
07/30/2026 20:22:24 - INFO - utils.trainer -   Precision: 0.53559
07/30/2026 20:22:24 - INFO - utils.trainer -   Specificity: 0.00000
07/30/2026 20:22:24 - INFO - utils.trainer -   Sensitivity: 1.00000
07/30/2026 20:22:24 - INFO - utils.trainer -   FT Epoch: 19/200, Train Loss: 1.38632, Val Loss: 1.38532, Val AUC: 0.5169, Best AUC: 0.5457, No improve: 18/25, Time: 0.8s
07/30/2026 20:22:25 - INFO - utils.trainer -   ***** Running evaluation on val dataset *****
07/30/2026 20:22:27 - INFO - utils.trainer -   Loss: 1.38522
07/30/2026 20:22:27 - INFO - utils.trainer -   AUC: 0.54002
07/30/2026 20:22:27 - INFO - utils.trainer -   Accuracy: 0.53559
07/30/2026 20:22:27 - INFO - utils.trainer -   Precision: 0.53559
07/30/2026 20:22:27 - INFO - utils.trainer -   Specificity: 0.00000
07/30/2026 20:22:27 - INFO - utils.trainer -   Sensitivity: 1.00000
07/30/2026 20:22:27 - INFO - utils.trainer -   FT Epoch: 20/200, Train Loss: 1.39125, Val Loss: 1.38522, Val AUC: 0.5400, Best AUC: 0.5457, No improve: 19/25, Time: 0.9s
07/30/2026 20:22:27 - INFO - utils.trainer -   ***** Running evaluation on val dataset *****
07/30/2026 20:22:29 - INFO - utils.trainer -   Loss: 1.38514
07/30/2026 20:22:29 - INFO - utils.trainer -   AUC: 0.54040
07/30/2026 20:22:29 - INFO - utils.trainer -   Accuracy: 0.53559
07/30/2026 20:22:29 - INFO - utils.trainer -   Precision: 0.53559
07/30/2026 20:22:29 - INFO - utils.trainer -   Specificity: 0.00000
07/30/2026 20:22:29 - INFO - utils.trainer -   Sensitivity: 1.00000
07/30/2026 20:22:29 - INFO - utils.trainer -   FT Epoch: 21/200, Train Loss: 1.38110, Val Loss: 1.38514, Val AUC: 0.5404, Best AUC: 0.5457, No improve: 20/25, Time: 0.9s
07/30/2026 20:22:30 - INFO - utils.trainer -   ***** Running evaluation on val dataset *****
07/30/2026 20:22:32 - INFO - utils.trainer -   Loss: 1.38505
07/30/2026 20:22:32 - INFO - utils.trainer -   AUC: 0.51952
07/30/2026 20:22:32 - INFO - utils.trainer -   Accuracy: 0.53559
07/30/2026 20:22:32 - INFO - utils.trainer -   Precision: 0.53559
07/30/2026 20:22:32 - INFO - utils.trainer -   Specificity: 0.00000
07/30/2026 20:22:32 - INFO - utils.trainer -   Sensitivity: 1.00000
07/30/2026 20:22:32 - INFO - utils.trainer -   FT Epoch: 22/200, Train Loss: 1.36871, Val Loss: 1.38505, Val AUC: 0.5195, Best AUC: 0.5457, No improve: 21/25, Time: 0.8s
07/30/2026 20:22:32 - INFO - utils.trainer -   ***** Running evaluation on val dataset *****
07/30/2026 20:22:34 - INFO - utils.trainer -   Loss: 1.38496
07/30/2026 20:22:34 - INFO - utils.trainer -   AUC: 0.51042
07/30/2026 20:22:34 - INFO - utils.trainer -   Accuracy: 0.53559
07/30/2026 20:22:34 - INFO - utils.trainer -   Precision: 0.53559
07/30/2026 20:22:34 - INFO - utils.trainer -   Specificity: 0.00000
07/30/2026 20:22:34 - INFO - utils.trainer -   Sensitivity: 1.00000
07/30/2026 20:22:34 - INFO - utils.trainer -   FT Epoch: 23/200, Train Loss: 1.39261, Val Loss: 1.38496, Val AUC: 0.5104, Best AUC: 0.5457, No improve: 22/25, Time: 0.9s
07/30/2026 20:22:35 - INFO - utils.trainer -   ***** Running evaluation on val dataset *****
07/30/2026 20:22:37 - INFO - utils.trainer -   Loss: 1.38489
07/30/2026 20:22:37 - INFO - utils.trainer -   AUC: 0.51617
07/30/2026 20:22:37 - INFO - utils.trainer -   Accuracy: 0.53559
07/30/2026 20:22:37 - INFO - utils.trainer -   Precision: 0.53559
07/30/2026 20:22:37 - INFO - utils.trainer -   Specificity: 0.00000
07/30/2026 20:22:37 - INFO - utils.trainer -   Sensitivity: 1.00000
07/30/2026 20:22:37 - INFO - utils.trainer -   FT Epoch: 24/200, Train Loss: 1.37940, Val Loss: 1.38489, Val AUC: 0.5162, Best AUC: 0.5457, No improve: 23/25, Time: 0.7s
07/30/2026 20:22:38 - INFO - utils.trainer -   ***** Running evaluation on val dataset *****
07/30/2026 20:22:39 - INFO - utils.trainer -   Loss: 1.38480
07/30/2026 20:22:39 - INFO - utils.trainer -   AUC: 0.51781
07/30/2026 20:22:39 - INFO - utils.trainer -   Accuracy: 0.53559
07/30/2026 20:22:39 - INFO - utils.trainer -   Precision: 0.53559
07/30/2026 20:22:39 - INFO - utils.trainer -   Specificity: 0.00000
07/30/2026 20:22:39 - INFO - utils.trainer -   Sensitivity: 1.00000
07/30/2026 20:22:39 - INFO - utils.trainer -   FT Epoch: 25/200, Train Loss: 1.38618, Val Loss: 1.38480, Val AUC: 0.5178, Best AUC: 0.5457, No improve: 24/25, Time: 1.0s
07/30/2026 20:22:40 - INFO - utils.trainer -   ***** Running evaluation on val dataset *****
07/30/2026 20:22:42 - INFO - utils.trainer -   Loss: 1.38471
07/30/2026 20:22:42 - INFO - utils.trainer -   AUC: 0.52476
07/30/2026 20:22:42 - INFO - utils.trainer -   Accuracy: 0.53559
07/30/2026 20:22:42 - INFO - utils.trainer -   Precision: 0.53559
07/30/2026 20:22:42 - INFO - utils.trainer -   Specificity: 0.00000
07/30/2026 20:22:42 - INFO - utils.trainer -   Sensitivity: 1.00000
07/30/2026 20:22:42 - INFO - utils.trainer -   FT Epoch: 26/200, Train Loss: 1.37874, Val Loss: 1.38471, Val AUC: 0.5248, Best AUC: 0.5457, No improve: 25/25, Time: 1.0s
07/30/2026 20:22:42 - INFO - utils.trainer -   Early stopping triggered at epoch 26
07/30/2026 20:22:42 - INFO - utils.trainer -   Early stopping triggered at epoch 26
07/30/2026 20:22:42 - INFO - utils.trainer -   Early stopping triggered at epoch 26
07/30/2026 20:22:42 - INFO - utils.trainer -   Early stopping triggered at epoch 26
07/30/2026 20:22:42 - INFO - utils.trainer -     6 keys not in checkpoint (kept from init)
07/30/2026 20:22:42 - INFO - utils.trainer -   Model loaded from output_dir/ALTER_CAUEEG2_fewshot_best/ALTER-0.bin (27/27 keys)
07/30/2026 20:22:42 - INFO - utils.trainer -   Loaded best checkpoint from output_dir/ALTER_CAUEEG2_fewshot_best
07/30/2026 20:22:42 - INFO - utils.trainer -     6 keys not in checkpoint (kept from init)
07/30/2026 20:22:42 - INFO - utils.trainer -   Model loaded from output_dir/ALTER_CAUEEG2_fewshot_best/ALTER-0.bin (27/27 keys)
07/30/2026 20:22:42 - INFO - utils.trainer -     6 keys not in checkpoint (kept from init)
07/30/2026 20:22:42 - INFO - utils.trainer -     6 keys not in checkpoint (kept from init)
07/30/2026 20:22:42 - INFO - utils.trainer -   Model loaded from output_dir/ALTER_CAUEEG2_fewshot_best/ALTER-0.bin (27/27 keys)
07/30/2026 20:22:42 - INFO - utils.trainer -   Model loaded from output_dir/ALTER_CAUEEG2_fewshot_best/ALTER-0.bin (27/27 keys)
07/30/2026 20:22:42 - INFO - utils.trainer -   Model saved to output_dir/ALTER_CAUEEG2_fewshot
07/30/2026 20:22:42 - INFO - utils.trainer -   Fine-tuned model saved to output_dir/ALTER_CAUEEG2_fewshot
07/30/2026 20:22:42 - INFO - utils.trainer -   ***** Running evaluation on test dataset *****
07/30/2026 20:22:44 - INFO - utils.trainer -   Loss: 1.38302
07/30/2026 20:22:44 - INFO - utils.trainer -   AUC: 0.59277
07/30/2026 20:22:44 - INFO - utils.trainer -   Accuracy: 0.43158
07/30/2026 20:22:44 - INFO - utils.trainer -   Precision: 0.00000
07/30/2026 20:22:44 - INFO - utils.trainer -   Specificity: 1.00000
07/30/2026 20:22:44 - INFO - utils.trainer -   Sensitivity: 0.00000
07/30/2026 20:22:44 - INFO - utils.trainer -   === Few-shot fine-tune test result ===
07/30/2026 20:22:44 - INFO - utils.trainer -     Loss: 1.38302
07/30/2026 20:22:44 - INFO - utils.trainer -     AUC: 0.59277
07/30/2026 20:22:44 - INFO - utils.trainer -     Accuracy: 0.43158
07/30/2026 20:22:44 - INFO - utils.trainer -     Precision: 0.00000
07/30/2026 20:22:44 - INFO - utils.trainer -     Specificity: 1.00000
07/30/2026 20:22:44 - INFO - utils.trainer -     Sensitivity: 0.00000
07/30/2026 20:22:44 - INFO - __main__ -   
============================================================
  1-shot (ALTER_DS_train → CAUEEG2)  seed=42
============================================================
07/30/2026 20:22:44 - INFO - __main__ -     Loss           : 1.3830
07/30/2026 20:22:44 - INFO - __main__ -     AUC            : 0.5928
07/30/2026 20:22:44 - INFO - __main__ -     Accuracy       : 0.4316
07/30/2026 20:22:44 - INFO - __main__ -     Precision      : 0.0000
07/30/2026 20:22:44 - INFO - __main__ -     Specificity    : 1.0000
07/30/2026 20:22:44 - INFO - __main__ -     Sensitivity    : 0.0000
