08/13/2026 21:58:56 - INFO - __main__ -   ########## few-shot seed=42 ##########
08/13/2026 21:58:56 - INFO - __main__ -   ########## few-shot seed=42 ##########
08/13/2026 21:58:57 - INFO - __main__ -   ########## few-shot seed=42 ##########
08/13/2026 21:58:57 - INFO - __main__ -   ########## few-shot seed=42 ##########
08/13/2026 21:58:57 - INFO - __main__ -   ########## few-shot seed=42 ##########
08/13/2026 21:58:57 - INFO - __main__ -   ########## few-shot seed=42 ##########
08/13/2026 21:59:05 - INFO - root -   gcc -pthread -B /root/miniconda3/compiler_compat -fno-strict-overflow -DNDEBUG -O2 -Wall -fPIC -O2 -isystem /root/miniconda3/include -fPIC -O2 -isystem /root/miniconda3/include -fPIC -c /tmp/tmpdyx710n8/test.c -o /tmp/tmpdyx710n8/test.o
08/13/2026 21:59:06 - INFO - root -   gcc -pthread -B /root/miniconda3/compiler_compat /tmp/tmpdyx710n8/test.o -laio -o /tmp/tmpdyx710n8/a.out
08/13/2026 21:59:06 - INFO - root -   gcc -pthread -B /root/miniconda3/compiler_compat -fno-strict-overflow -DNDEBUG -O2 -Wall -fPIC -O2 -isystem /root/miniconda3/include -fPIC -O2 -isystem /root/miniconda3/include -fPIC -c /tmp/tmpus79ng30/test.c -o /tmp/tmpus79ng30/test.o
08/13/2026 21:59:06 - INFO - root -   gcc -pthread -B /root/miniconda3/compiler_compat /tmp/tmpus79ng30/test.o -L/usr/local/cuda -L/usr/local/cuda/lib64 -lcufile -o /tmp/tmpus79ng30/a.out
08/13/2026 21:59:06 - INFO - root -   gcc -pthread -B /root/miniconda3/compiler_compat -fno-strict-overflow -DNDEBUG -O2 -Wall -fPIC -O2 -isystem /root/miniconda3/include -fPIC -O2 -isystem /root/miniconda3/include -fPIC -c /tmp/tmpjku3c6xl/test.c -o /tmp/tmpjku3c6xl/test.o
08/13/2026 21:59:06 - INFO - root -   gcc -pthread -B /root/miniconda3/compiler_compat -fno-strict-overflow -DNDEBUG -O2 -Wall -fPIC -O2 -isystem /root/miniconda3/include -fPIC -O2 -isystem /root/miniconda3/include -fPIC -c /tmp/tmpqxb9qyyg/test.c -o /tmp/tmpqxb9qyyg/test.o
08/13/2026 21:59:06 - INFO - root -   gcc -pthread -B /root/miniconda3/compiler_compat /tmp/tmpjku3c6xl/test.o -laio -o /tmp/tmpjku3c6xl/a.out
08/13/2026 21:59:06 - INFO - root -   gcc -pthread -B /root/miniconda3/compiler_compat /tmp/tmpqxb9qyyg/test.o -laio -o /tmp/tmpqxb9qyyg/a.out
08/13/2026 21:59:06 - INFO - root -   gcc -pthread -B /root/miniconda3/compiler_compat -fno-strict-overflow -DNDEBUG -O2 -Wall -fPIC -O2 -isystem /root/miniconda3/include -fPIC -O2 -isystem /root/miniconda3/include -fPIC -c /tmp/tmpygd6zc46/test.c -o /tmp/tmpygd6zc46/test.o
08/13/2026 21:59:06 - INFO - root -   gcc -pthread -B /root/miniconda3/compiler_compat -fno-strict-overflow -DNDEBUG -O2 -Wall -fPIC -O2 -isystem /root/miniconda3/include -fPIC -O2 -isystem /root/miniconda3/include -fPIC -c /tmp/tmpojpubm92/test.c -o /tmp/tmpojpubm92/test.o
08/13/2026 21:59:06 - INFO - root -   gcc -pthread -B /root/miniconda3/compiler_compat -fno-strict-overflow -DNDEBUG -O2 -Wall -fPIC -O2 -isystem /root/miniconda3/include -fPIC -O2 -isystem /root/miniconda3/include -fPIC -c /tmp/tmp0vmk4rm_/test.c -o /tmp/tmp0vmk4rm_/test.o
08/13/2026 21:59:06 - INFO - root -   gcc -pthread -B /root/miniconda3/compiler_compat /tmp/tmpygd6zc46/test.o -laio -o /tmp/tmpygd6zc46/a.out
08/13/2026 21:59:06 - INFO - root -   gcc -pthread -B /root/miniconda3/compiler_compat /tmp/tmp0vmk4rm_/test.o -L/usr/local/cuda -L/usr/local/cuda/lib64 -lcufile -o /tmp/tmp0vmk4rm_/a.out
08/13/2026 21:59:06 - INFO - root -   gcc -pthread -B /root/miniconda3/compiler_compat /tmp/tmpojpubm92/test.o -L/usr/local/cuda -L/usr/local/cuda/lib64 -lcufile -o /tmp/tmpojpubm92/a.out
08/13/2026 21:59:06 - INFO - root -   gcc -pthread -B /root/miniconda3/compiler_compat -fno-strict-overflow -DNDEBUG -O2 -Wall -fPIC -O2 -isystem /root/miniconda3/include -fPIC -O2 -isystem /root/miniconda3/include -fPIC -c /tmp/tmp2mtfaqyo/test.c -o /tmp/tmp2mtfaqyo/test.o
08/13/2026 21:59:06 - INFO - root -   gcc -pthread -B /root/miniconda3/compiler_compat -fno-strict-overflow -DNDEBUG -O2 -Wall -fPIC -O2 -isystem /root/miniconda3/include -fPIC -O2 -isystem /root/miniconda3/include -fPIC -c /tmp/tmppbks2yi1/test.c -o /tmp/tmppbks2yi1/test.o
08/13/2026 21:59:06 - INFO - root -   gcc -pthread -B /root/miniconda3/compiler_compat -fno-strict-overflow -DNDEBUG -O2 -Wall -fPIC -O2 -isystem /root/miniconda3/include -fPIC -O2 -isystem /root/miniconda3/include -fPIC -c /tmp/tmpxd66jm4s/test.c -o /tmp/tmpxd66jm4s/test.o
08/13/2026 21:59:06 - INFO - root -   gcc -pthread -B /root/miniconda3/compiler_compat /tmp/tmp2mtfaqyo/test.o -laio -o /tmp/tmp2mtfaqyo/a.out
08/13/2026 21:59:06 - INFO - root -   gcc -pthread -B /root/miniconda3/compiler_compat /tmp/tmppbks2yi1/test.o -L/usr/local/cuda -L/usr/local/cuda/lib64 -lcufile -o /tmp/tmppbks2yi1/a.out
08/13/2026 21:59:06 - INFO - root -   gcc -pthread -B /root/miniconda3/compiler_compat /tmp/tmpxd66jm4s/test.o -laio -o /tmp/tmpxd66jm4s/a.out
08/13/2026 21:59:06 - INFO - root -   gcc -pthread -B /root/miniconda3/compiler_compat -fno-strict-overflow -DNDEBUG -O2 -Wall -fPIC -O2 -isystem /root/miniconda3/include -fPIC -O2 -isystem /root/miniconda3/include -fPIC -c /tmp/tmpo0hv8ynu/test.c -o /tmp/tmpo0hv8ynu/test.o
08/13/2026 21:59:06 - INFO - root -   gcc -pthread -B /root/miniconda3/compiler_compat -fno-strict-overflow -DNDEBUG -O2 -Wall -fPIC -O2 -isystem /root/miniconda3/include -fPIC -O2 -isystem /root/miniconda3/include -fPIC -c /tmp/tmp44lpro7k/test.c -o /tmp/tmp44lpro7k/test.o
08/13/2026 21:59:06 - INFO - root -   gcc -pthread -B /root/miniconda3/compiler_compat /tmp/tmpo0hv8ynu/test.o -L/usr/local/cuda -L/usr/local/cuda/lib64 -lcufile -o /tmp/tmpo0hv8ynu/a.out
08/13/2026 21:59:06 - INFO - root -   gcc -pthread -B /root/miniconda3/compiler_compat /tmp/tmp44lpro7k/test.o -L/usr/local/cuda -L/usr/local/cuda/lib64 -lcufile -o /tmp/tmp44lpro7k/a.out
08/13/2026 21:59:12 - INFO - utils.trainer -     2 prompt-buffer key(s) skipped (kept target-dataset prompt)
08/13/2026 21:59:12 - INFO - utils.trainer -     582 keys not in checkpoint (kept from init)
08/13/2026 21:59:12 - WARNING - utils.trainer -     4 keys in checkpoint but not in model — skipped
08/13/2026 21:59:12 - INFO - utils.trainer -   Model loaded from ./output_dir/TimeLLM_DisCAUEEGTUAB_train_GRL/TimeLLM-0.bin (21/27 keys)
08/13/2026 21:59:12 - INFO - utils.trainer -     2 prompt-buffer key(s) skipped (kept target-dataset prompt)
08/13/2026 21:59:12 - INFO - utils.trainer -     582 keys not in checkpoint (kept from init)
08/13/2026 21:59:12 - INFO - utils.trainer -   ***** Running few-shot fine-tune (transfer) *****
08/13/2026 21:59:12 - WARNING - utils.trainer -     4 keys in checkpoint but not in model — skipped
08/13/2026 21:59:12 - INFO - utils.trainer -     Num train examples = 11
08/13/2026 21:59:12 - INFO - utils.trainer -   Model loaded from ./output_dir/TimeLLM_DisCAUEEGTUAB_train_GRL/TimeLLM-0.bin (21/27 keys)
08/13/2026 21:59:12 - INFO - utils.trainer -     Num val   examples = 32
08/13/2026 21:59:12 - INFO - utils.trainer -     Num test  examples = 36
08/13/2026 21:59:12 - INFO - utils.trainer -     Max fine-tune epochs = 200
08/13/2026 21:59:12 - INFO - utils.trainer -     Fine-tune lr = 1e-05
08/13/2026 21:59:12 - INFO - utils.trainer -     2 prompt-buffer key(s) skipped (kept target-dataset prompt)
08/13/2026 21:59:12 - INFO - utils.trainer -     2 prompt-buffer key(s) skipped (kept target-dataset prompt)
08/13/2026 21:59:12 - INFO - utils.trainer -     582 keys not in checkpoint (kept from init)
08/13/2026 21:59:12 - INFO - utils.trainer -     582 keys not in checkpoint (kept from init)
08/13/2026 21:59:12 - WARNING - utils.trainer -     4 keys in checkpoint but not in model — skipped
08/13/2026 21:59:12 - INFO - utils.trainer -   Model loaded from ./output_dir/TimeLLM_DisCAUEEGTUAB_train_GRL/TimeLLM-0.bin (21/27 keys)
08/13/2026 21:59:12 - WARNING - utils.trainer -     4 keys in checkpoint but not in model — skipped
08/13/2026 21:59:12 - INFO - utils.trainer -   Model loaded from ./output_dir/TimeLLM_DisCAUEEGTUAB_train_GRL/TimeLLM-0.bin (21/27 keys)
08/13/2026 21:59:12 - INFO - utils.trainer -     2 prompt-buffer key(s) skipped (kept target-dataset prompt)
08/13/2026 21:59:12 - INFO - utils.trainer -     582 keys not in checkpoint (kept from init)
08/13/2026 21:59:12 - WARNING - utils.trainer -     4 keys in checkpoint but not in model — skipped
08/13/2026 21:59:12 - INFO - utils.trainer -   Model loaded from ./output_dir/TimeLLM_DisCAUEEGTUAB_train_GRL/TimeLLM-0.bin (21/27 keys)
08/13/2026 21:59:12 - INFO - utils.trainer -     2 prompt-buffer key(s) skipped (kept target-dataset prompt)
08/13/2026 21:59:12 - INFO - utils.trainer -     582 keys not in checkpoint (kept from init)
08/13/2026 21:59:12 - WARNING - utils.trainer -     4 keys in checkpoint but not in model — skipped
08/13/2026 21:59:12 - INFO - utils.trainer -   Model loaded from ./output_dir/TimeLLM_DisCAUEEGTUAB_train_GRL/TimeLLM-0.bin (21/27 keys)
08/13/2026 21:59:17 - INFO - utils.trainer -   ***** Running evaluation on val dataset *****
08/13/2026 21:59:22 - INFO - utils.trainer -   Loss: 0.71370
08/13/2026 21:59:22 - INFO - utils.trainer -   AUC: 0.49135
08/13/2026 21:59:22 - INFO - utils.trainer -   Accuracy: 0.51587
08/13/2026 21:59:22 - INFO - utils.trainer -   Precision: 0.51587
08/13/2026 21:59:22 - INFO - utils.trainer -   Specificity: 0.00000
08/13/2026 21:59:22 - INFO - utils.trainer -   Sensitivity: 1.00000
08/13/2026 21:59:23 - INFO - utils.trainer -   Model saved to output_dir/TimeLLM_DiseaseTUEP_fewshot_best
08/13/2026 21:59:23 - INFO - utils.trainer -   Best model saved (val AUC=0.4913, epoch=1)
08/13/2026 21:59:23 - INFO - utils.trainer -   FT Epoch: 1/200, Train Loss: 0.68908, Val Loss: 0.71370, Val AUC: 0.4913, Best AUC: 0.4913, No improve: 0/10, Time: 5.3s
08/13/2026 21:59:28 - INFO - utils.trainer -   ***** Running evaluation on val dataset *****
08/13/2026 21:59:33 - INFO - utils.trainer -   Loss: 0.69183
08/13/2026 21:59:33 - INFO - utils.trainer -   AUC: 0.56790
08/13/2026 21:59:33 - INFO - utils.trainer -   Accuracy: 0.52249
08/13/2026 21:59:33 - INFO - utils.trainer -   Precision: 0.52111
08/13/2026 21:59:33 - INFO - utils.trainer -   Specificity: 0.10109
08/13/2026 21:59:33 - INFO - utils.trainer -   Sensitivity: 0.91795
08/13/2026 21:59:33 - INFO - utils.trainer -   Model saved to output_dir/TimeLLM_DiseaseTUEP_fewshot_best
08/13/2026 21:59:33 - INFO - utils.trainer -   Best model saved (val AUC=0.5679, epoch=2)
08/13/2026 21:59:33 - INFO - utils.trainer -   FT Epoch: 2/200, Train Loss: 0.66692, Val Loss: 0.69183, Val AUC: 0.5679, Best AUC: 0.5679, No improve: 0/10, Time: 4.7s
08/13/2026 21:59:38 - INFO - utils.trainer -   ***** Running evaluation on val dataset *****
08/13/2026 21:59:43 - INFO - utils.trainer -   Loss: 0.70031
08/13/2026 21:59:43 - INFO - utils.trainer -   AUC: 0.47720
08/13/2026 21:59:43 - INFO - utils.trainer -   Accuracy: 0.51587
08/13/2026 21:59:43 - INFO - utils.trainer -   Precision: 0.51587
08/13/2026 21:59:43 - INFO - utils.trainer -   Specificity: 0.00000
08/13/2026 21:59:43 - INFO - utils.trainer -   Sensitivity: 1.00000
08/13/2026 21:59:43 - INFO - utils.trainer -   FT Epoch: 3/200, Train Loss: 0.72217, Val Loss: 0.70031, Val AUC: 0.4772, Best AUC: 0.5679, No improve: 1/10, Time: 4.8s
08/13/2026 21:59:48 - INFO - utils.trainer -   ***** Running evaluation on val dataset *****
08/13/2026 21:59:53 - INFO - utils.trainer -   Loss: 0.73826
08/13/2026 21:59:53 - INFO - utils.trainer -   AUC: 0.50514
08/13/2026 21:59:53 - INFO - utils.trainer -   Accuracy: 0.48413
08/13/2026 21:59:53 - INFO - utils.trainer -   Precision: 0.00000
08/13/2026 21:59:53 - INFO - utils.trainer -   Specificity: 1.00000
08/13/2026 21:59:53 - INFO - utils.trainer -   Sensitivity: 0.00000
08/13/2026 21:59:53 - INFO - utils.trainer -   FT Epoch: 4/200, Train Loss: 0.73468, Val Loss: 0.73826, Val AUC: 0.5051, Best AUC: 0.5679, No improve: 2/10, Time: 4.6s
08/13/2026 21:59:58 - INFO - utils.trainer -   ***** Running evaluation on val dataset *****
08/13/2026 22:00:03 - INFO - utils.trainer -   Loss: 0.69789
08/13/2026 22:00:03 - INFO - utils.trainer -   AUC: 0.54244
08/13/2026 22:00:03 - INFO - utils.trainer -   Accuracy: 0.48413
08/13/2026 22:00:03 - INFO - utils.trainer -   Precision: 0.00000
08/13/2026 22:00:03 - INFO - utils.trainer -   Specificity: 1.00000
08/13/2026 22:00:03 - INFO - utils.trainer -   Sensitivity: 0.00000
08/13/2026 22:00:03 - INFO - utils.trainer -   FT Epoch: 5/200, Train Loss: 0.76425, Val Loss: 0.69789, Val AUC: 0.5424, Best AUC: 0.5679, No improve: 3/10, Time: 4.9s
08/13/2026 22:00:08 - INFO - utils.trainer -   ***** Running evaluation on val dataset *****
08/13/2026 22:00:13 - INFO - utils.trainer -   Loss: 0.69255
08/13/2026 22:00:13 - INFO - utils.trainer -   AUC: 0.52144
08/13/2026 22:00:13 - INFO - utils.trainer -   Accuracy: 0.51587
08/13/2026 22:00:13 - INFO - utils.trainer -   Precision: 0.51587
08/13/2026 22:00:13 - INFO - utils.trainer -   Specificity: 0.00000
08/13/2026 22:00:13 - INFO - utils.trainer -   Sensitivity: 1.00000
08/13/2026 22:00:13 - INFO - utils.trainer -   FT Epoch: 6/200, Train Loss: 0.71056, Val Loss: 0.69255, Val AUC: 0.5214, Best AUC: 0.5679, No improve: 4/10, Time: 4.6s
08/13/2026 22:00:17 - INFO - utils.trainer -   ***** Running evaluation on val dataset *****
08/13/2026 22:00:22 - INFO - utils.trainer -   Loss: 0.69316
08/13/2026 22:00:22 - INFO - utils.trainer -   AUC: 0.49006
08/13/2026 22:00:22 - INFO - utils.trainer -   Accuracy: 0.50265
08/13/2026 22:00:22 - INFO - utils.trainer -   Precision: 0.51620
08/13/2026 22:00:22 - INFO - utils.trainer -   Specificity: 0.42896
08/13/2026 22:00:22 - INFO - utils.trainer -   Sensitivity: 0.57179
08/13/2026 22:00:22 - INFO - utils.trainer -   FT Epoch: 7/200, Train Loss: 0.68127, Val Loss: 0.69316, Val AUC: 0.4901, Best AUC: 0.5679, No improve: 5/10, Time: 4.7s
08/13/2026 22:00:27 - INFO - utils.trainer -   ***** Running evaluation on val dataset *****
08/13/2026 22:00:32 - INFO - utils.trainer -   Loss: 0.69349
08/13/2026 22:00:32 - INFO - utils.trainer -   AUC: 0.50302
08/13/2026 22:00:32 - INFO - utils.trainer -   Accuracy: 0.48810
08/13/2026 22:00:32 - INFO - utils.trainer -   Precision: 0.52000
08/13/2026 22:00:32 - INFO - utils.trainer -   Specificity: 0.90164
08/13/2026 22:00:32 - INFO - utils.trainer -   Sensitivity: 0.10000
08/13/2026 22:00:32 - INFO - utils.trainer -   FT Epoch: 8/200, Train Loss: 0.71392, Val Loss: 0.69349, Val AUC: 0.5030, Best AUC: 0.5679, No improve: 6/10, Time: 4.7s
08/13/2026 22:00:37 - INFO - utils.trainer -   ***** Running evaluation on val dataset *****
08/13/2026 22:00:42 - INFO - utils.trainer -   Loss: 0.69314
08/13/2026 22:00:42 - INFO - utils.trainer -   AUC: 0.48065
08/13/2026 22:00:42 - INFO - utils.trainer -   Accuracy: 0.50794
08/13/2026 22:00:42 - INFO - utils.trainer -   Precision: 0.51203
08/13/2026 22:00:42 - INFO - utils.trainer -   Specificity: 0.00273
08/13/2026 22:00:42 - INFO - utils.trainer -   Sensitivity: 0.98205
08/13/2026 22:00:42 - INFO - utils.trainer -   FT Epoch: 9/200, Train Loss: 0.69382, Val Loss: 0.69314, Val AUC: 0.4806, Best AUC: 0.5679, No improve: 7/10, Time: 4.7s
08/13/2026 22:00:46 - INFO - utils.trainer -   ***** Running evaluation on val dataset *****
08/13/2026 22:00:51 - INFO - utils.trainer -   Loss: 0.70206
08/13/2026 22:00:51 - INFO - utils.trainer -   AUC: 0.48435
08/13/2026 22:00:51 - INFO - utils.trainer -   Accuracy: 0.48413
08/13/2026 22:00:51 - INFO - utils.trainer -   Precision: 0.00000
08/13/2026 22:00:51 - INFO - utils.trainer -   Specificity: 1.00000
08/13/2026 22:00:51 - INFO - utils.trainer -   Sensitivity: 0.00000
08/13/2026 22:00:51 - INFO - utils.trainer -   FT Epoch: 10/200, Train Loss: 0.70984, Val Loss: 0.70206, Val AUC: 0.4843, Best AUC: 0.5679, No improve: 8/10, Time: 4.7s
08/13/2026 22:00:56 - INFO - utils.trainer -   ***** Running evaluation on val dataset *****
08/13/2026 22:01:01 - INFO - utils.trainer -   Loss: 0.69506
08/13/2026 22:01:01 - INFO - utils.trainer -   AUC: 0.48144
08/13/2026 22:01:01 - INFO - utils.trainer -   Accuracy: 0.51587
08/13/2026 22:01:01 - INFO - utils.trainer -   Precision: 0.51587
08/13/2026 22:01:01 - INFO - utils.trainer -   Specificity: 0.00000
08/13/2026 22:01:01 - INFO - utils.trainer -   Sensitivity: 1.00000
08/13/2026 22:01:01 - INFO - utils.trainer -   FT Epoch: 11/200, Train Loss: 0.69578, Val Loss: 0.69506, Val AUC: 0.4814, Best AUC: 0.5679, No improve: 9/10, Time: 4.7s
08/13/2026 22:01:06 - INFO - utils.trainer -   ***** Running evaluation on val dataset *****
08/13/2026 22:01:11 - INFO - utils.trainer -   Loss: 0.69240
08/13/2026 22:01:11 - INFO - utils.trainer -   AUC: 0.52280
08/13/2026 22:01:11 - INFO - utils.trainer -   Accuracy: 0.53307
08/13/2026 22:01:11 - INFO - utils.trainer -   Precision: 0.52609
08/13/2026 22:01:11 - INFO - utils.trainer -   Specificity: 0.08197
08/13/2026 22:01:11 - INFO - utils.trainer -   Sensitivity: 0.95641
08/13/2026 22:01:11 - INFO - utils.trainer -   FT Epoch: 12/200, Train Loss: 0.73842, Val Loss: 0.69240, Val AUC: 0.5228, Best AUC: 0.5679, No improve: 10/10, Time: 4.8s
08/13/2026 22:01:11 - INFO - utils.trainer -   Early stopping triggered at epoch 12
08/13/2026 22:01:11 - INFO - utils.trainer -   Early stopping triggered at epoch 12
08/13/2026 22:01:11 - INFO - utils.trainer -   Early stopping triggered at epoch 12
08/13/2026 22:01:11 - INFO - utils.trainer -   Early stopping triggered at epoch 12
08/13/2026 22:01:11 - INFO - utils.trainer -   Early stopping triggered at epoch 12
08/13/2026 22:01:11 - INFO - utils.trainer -   Early stopping triggered at epoch 12
08/13/2026 22:01:11 - INFO - utils.trainer -     2 prompt-buffer key(s) skipped (kept target-dataset prompt)
08/13/2026 22:01:11 - INFO - utils.trainer -     582 keys not in checkpoint (kept from init)
08/13/2026 22:01:11 - INFO - utils.trainer -   Model loaded from output_dir/TimeLLM_DiseaseTUEP_fewshot_best/TimeLLM-0.bin (21/23 keys)
08/13/2026 22:01:11 - INFO - utils.trainer -   Loaded best checkpoint from output_dir/TimeLLM_DiseaseTUEP_fewshot_best
08/13/2026 22:01:11 - INFO - utils.trainer -   ***** Running evaluation on test dataset *****
08/13/2026 22:01:11 - INFO - utils.trainer -     2 prompt-buffer key(s) skipped (kept target-dataset prompt)
08/13/2026 22:01:11 - INFO - utils.trainer -     582 keys not in checkpoint (kept from init)
08/13/2026 22:01:11 - INFO - utils.trainer -   Model loaded from output_dir/TimeLLM_DiseaseTUEP_fewshot_best/TimeLLM-0.bin (21/23 keys)
08/13/2026 22:01:11 - INFO - utils.trainer -     2 prompt-buffer key(s) skipped (kept target-dataset prompt)
08/13/2026 22:01:11 - INFO - utils.trainer -     582 keys not in checkpoint (kept from init)
08/13/2026 22:01:11 - INFO - utils.trainer -   Model loaded from output_dir/TimeLLM_DiseaseTUEP_fewshot_best/TimeLLM-0.bin (21/23 keys)
08/13/2026 22:01:11 - INFO - utils.trainer -     2 prompt-buffer key(s) skipped (kept target-dataset prompt)
08/13/2026 22:01:11 - INFO - utils.trainer -     582 keys not in checkpoint (kept from init)
08/13/2026 22:01:11 - INFO - utils.trainer -   Model loaded from output_dir/TimeLLM_DiseaseTUEP_fewshot_best/TimeLLM-0.bin (21/23 keys)
08/13/2026 22:01:11 - INFO - utils.trainer -     2 prompt-buffer key(s) skipped (kept target-dataset prompt)
08/13/2026 22:01:11 - INFO - utils.trainer -     582 keys not in checkpoint (kept from init)
08/13/2026 22:01:11 - INFO - utils.trainer -     2 prompt-buffer key(s) skipped (kept target-dataset prompt)
08/13/2026 22:01:11 - INFO - utils.trainer -   Model loaded from output_dir/TimeLLM_DiseaseTUEP_fewshot_best/TimeLLM-0.bin (21/23 keys)
08/13/2026 22:01:11 - INFO - utils.trainer -     582 keys not in checkpoint (kept from init)
08/13/2026 22:01:11 - INFO - utils.trainer -   Model loaded from output_dir/TimeLLM_DiseaseTUEP_fewshot_best/TimeLLM-0.bin (21/23 keys)
08/13/2026 22:01:17 - INFO - utils.trainer -   Loss: 0.69356
08/13/2026 22:01:17 - INFO - utils.trainer -   AUC: 0.47289
08/13/2026 22:01:17 - INFO - utils.trainer -   Accuracy: 0.51515
08/13/2026 22:01:17 - INFO - utils.trainer -   Precision: 0.51327
08/13/2026 22:01:17 - INFO - utils.trainer -   Specificity: 0.08551
08/13/2026 22:01:17 - INFO - utils.trainer -   Sensitivity: 0.92906
08/13/2026 22:01:17 - INFO - utils.trainer -   === Few-shot fine-tune test result ===
08/13/2026 22:01:17 - INFO - utils.trainer -     Loss: 0.69356
08/13/2026 22:01:17 - INFO - utils.trainer -     AUC: 0.47289
08/13/2026 22:01:17 - INFO - utils.trainer -     Accuracy: 0.51515
08/13/2026 22:01:17 - INFO - utils.trainer -     Precision: 0.51327
08/13/2026 22:01:17 - INFO - utils.trainer -     Specificity: 0.08551
08/13/2026 22:01:17 - INFO - utils.trainer -     Sensitivity: 0.92906
08/13/2026 22:01:17 - INFO - __main__ -   
============================================================
  5-shot (TimeLLM_DisCAUEEGTUAB_train_GRL → DiseaseTUEP)  seed=42
============================================================
08/13/2026 22:01:17 - INFO - __main__ -     Loss           : 0.6936
08/13/2026 22:01:17 - INFO - __main__ -     AUC            : 0.4729
08/13/2026 22:01:17 - INFO - __main__ -     Accuracy       : 0.5152
08/13/2026 22:01:17 - INFO - __main__ -     Precision      : 0.5133
08/13/2026 22:01:17 - INFO - __main__ -     Specificity    : 0.0855
08/13/2026 22:01:17 - INFO - __main__ -     Sensitivity    : 0.9291
