08/07/2026 22:43:18 - INFO - __main__ -   ########## few-shot seed=42 ##########
08/07/2026 22:43:18 - INFO - __main__ -   ########## few-shot seed=42 ##########
08/07/2026 22:43:18 - INFO - __main__ -   ########## few-shot seed=42 ##########
08/07/2026 22:43:18 - INFO - __main__ -   ########## few-shot seed=42 ##########
08/07/2026 22:43:18 - INFO - __main__ -   ########## few-shot seed=42 ##########
08/07/2026 22:43:18 - INFO - __main__ -   ########## few-shot seed=42 ##########
08/07/2026 22:43:21 - INFO - root -   gcc -pthread -B /root/miniconda3/compiler_compat -fno-strict-overflow -DNDEBUG -O2 -Wall -fPIC -O2 -isystem /root/miniconda3/include -fPIC -O2 -isystem /root/miniconda3/include -fPIC -c /tmp/tmpoft9x5a1/test.c -o /tmp/tmpoft9x5a1/test.o
08/07/2026 22:43:21 - INFO - root -   gcc -pthread -B /root/miniconda3/compiler_compat /tmp/tmpoft9x5a1/test.o -laio -o /tmp/tmpoft9x5a1/a.out
08/07/2026 22:43:21 - INFO - root -   gcc -pthread -B /root/miniconda3/compiler_compat -fno-strict-overflow -DNDEBUG -O2 -Wall -fPIC -O2 -isystem /root/miniconda3/include -fPIC -O2 -isystem /root/miniconda3/include -fPIC -c /tmp/tmpb197z44x/test.c -o /tmp/tmpb197z44x/test.o
08/07/2026 22:43:21 - INFO - root -   gcc -pthread -B /root/miniconda3/compiler_compat /tmp/tmpb197z44x/test.o -L/usr/local/cuda -L/usr/local/cuda/lib64 -lcufile -o /tmp/tmpb197z44x/a.out
08/07/2026 22:43:21 - INFO - root -   gcc -pthread -B /root/miniconda3/compiler_compat -fno-strict-overflow -DNDEBUG -O2 -Wall -fPIC -O2 -isystem /root/miniconda3/include -fPIC -O2 -isystem /root/miniconda3/include -fPIC -c /tmp/tmpapej7l9y/test.c -o /tmp/tmpapej7l9y/test.o
08/07/2026 22:43:21 - INFO - root -   gcc -pthread -B /root/miniconda3/compiler_compat /tmp/tmpapej7l9y/test.o -laio -o /tmp/tmpapej7l9y/a.out
08/07/2026 22:43:21 - INFO - root -   gcc -pthread -B /root/miniconda3/compiler_compat -fno-strict-overflow -DNDEBUG -O2 -Wall -fPIC -O2 -isystem /root/miniconda3/include -fPIC -O2 -isystem /root/miniconda3/include -fPIC -c /tmp/tmpr799a5fk/test.c -o /tmp/tmpr799a5fk/test.o
08/07/2026 22:43:21 - INFO - root -   gcc -pthread -B /root/miniconda3/compiler_compat /tmp/tmpr799a5fk/test.o -L/usr/local/cuda -L/usr/local/cuda/lib64 -lcufile -o /tmp/tmpr799a5fk/a.out
08/07/2026 22:43:21 - INFO - root -   gcc -pthread -B /root/miniconda3/compiler_compat -fno-strict-overflow -DNDEBUG -O2 -Wall -fPIC -O2 -isystem /root/miniconda3/include -fPIC -O2 -isystem /root/miniconda3/include -fPIC -c /tmp/tmp0gkbbgs6/test.c -o /tmp/tmp0gkbbgs6/test.o
08/07/2026 22:43:21 - INFO - root -   gcc -pthread -B /root/miniconda3/compiler_compat /tmp/tmp0gkbbgs6/test.o -laio -o /tmp/tmp0gkbbgs6/a.out
08/07/2026 22:43:21 - INFO - root -   gcc -pthread -B /root/miniconda3/compiler_compat -fno-strict-overflow -DNDEBUG -O2 -Wall -fPIC -O2 -isystem /root/miniconda3/include -fPIC -O2 -isystem /root/miniconda3/include -fPIC -c /tmp/tmpm681a5yp/test.c -o /tmp/tmpm681a5yp/test.o
08/07/2026 22:43:21 - INFO - root -   gcc -pthread -B /root/miniconda3/compiler_compat /tmp/tmpm681a5yp/test.o -L/usr/local/cuda -L/usr/local/cuda/lib64 -lcufile -o /tmp/tmpm681a5yp/a.out
08/07/2026 22:43:21 - INFO - root -   gcc -pthread -B /root/miniconda3/compiler_compat -fno-strict-overflow -DNDEBUG -O2 -Wall -fPIC -O2 -isystem /root/miniconda3/include -fPIC -O2 -isystem /root/miniconda3/include -fPIC -c /tmp/tmpqesmnno0/test.c -o /tmp/tmpqesmnno0/test.o
08/07/2026 22:43:21 - INFO - root -   gcc -pthread -B /root/miniconda3/compiler_compat -fno-strict-overflow -DNDEBUG -O2 -Wall -fPIC -O2 -isystem /root/miniconda3/include -fPIC -O2 -isystem /root/miniconda3/include -fPIC -c /tmp/tmps1rd8g9x/test.c -o /tmp/tmps1rd8g9x/test.o
08/07/2026 22:43:21 - INFO - root -   gcc -pthread -B /root/miniconda3/compiler_compat /tmp/tmpqesmnno0/test.o -laio -o /tmp/tmpqesmnno0/a.out
08/07/2026 22:43:21 - INFO - root -   gcc -pthread -B /root/miniconda3/compiler_compat -fno-strict-overflow -DNDEBUG -O2 -Wall -fPIC -O2 -isystem /root/miniconda3/include -fPIC -O2 -isystem /root/miniconda3/include -fPIC -c /tmp/tmp_h9u0z1a/test.c -o /tmp/tmp_h9u0z1a/test.o
08/07/2026 22:43:21 - INFO - root -   gcc -pthread -B /root/miniconda3/compiler_compat /tmp/tmps1rd8g9x/test.o -laio -o /tmp/tmps1rd8g9x/a.out
08/07/2026 22:43:21 - INFO - root -   gcc -pthread -B /root/miniconda3/compiler_compat -fno-strict-overflow -DNDEBUG -O2 -Wall -fPIC -O2 -isystem /root/miniconda3/include -fPIC -O2 -isystem /root/miniconda3/include -fPIC -c /tmp/tmpoppl8gy1/test.c -o /tmp/tmpoppl8gy1/test.o
08/07/2026 22:43:21 - INFO - root -   gcc -pthread -B /root/miniconda3/compiler_compat /tmp/tmp_h9u0z1a/test.o -laio -o /tmp/tmp_h9u0z1a/a.out
08/07/2026 22:43:21 - INFO - root -   gcc -pthread -B /root/miniconda3/compiler_compat -fno-strict-overflow -DNDEBUG -O2 -Wall -fPIC -O2 -isystem /root/miniconda3/include -fPIC -O2 -isystem /root/miniconda3/include -fPIC -c /tmp/tmpd81tde3k/test.c -o /tmp/tmpd81tde3k/test.o
08/07/2026 22:43:21 - INFO - root -   gcc -pthread -B /root/miniconda3/compiler_compat /tmp/tmpoppl8gy1/test.o -L/usr/local/cuda -L/usr/local/cuda/lib64 -lcufile -o /tmp/tmpoppl8gy1/a.out
08/07/2026 22:43:21 - INFO - root -   gcc -pthread -B /root/miniconda3/compiler_compat -fno-strict-overflow -DNDEBUG -O2 -Wall -fPIC -O2 -isystem /root/miniconda3/include -fPIC -O2 -isystem /root/miniconda3/include -fPIC -c /tmp/tmprb325091/test.c -o /tmp/tmprb325091/test.o
08/07/2026 22:43:21 - INFO - root -   gcc -pthread -B /root/miniconda3/compiler_compat /tmp/tmpd81tde3k/test.o -L/usr/local/cuda -L/usr/local/cuda/lib64 -lcufile -o /tmp/tmpd81tde3k/a.out
08/07/2026 22:43:21 - INFO - root -   gcc -pthread -B /root/miniconda3/compiler_compat /tmp/tmprb325091/test.o -L/usr/local/cuda -L/usr/local/cuda/lib64 -lcufile -o /tmp/tmprb325091/a.out
08/07/2026 22:43:26 - INFO - utils.trainer -   Model checkpoint doesn't exist: TimeLLM_DiseaseCAUEEG_fulldata_best/TimeLLM-0.bin — skip loading
08/07/2026 22:43:26 - INFO - utils.trainer -   Model checkpoint doesn't exist: TimeLLM_DiseaseCAUEEG_fulldata_best/TimeLLM-0.bin — skip loading
08/07/2026 22:43:26 - INFO - utils.trainer -   Model checkpoint doesn't exist: TimeLLM_DiseaseCAUEEG_fulldata_best/TimeLLM-0.bin — skip loading
08/07/2026 22:43:26 - INFO - utils.trainer -   Model checkpoint doesn't exist: TimeLLM_DiseaseCAUEEG_fulldata_best/TimeLLM-0.bin — skip loading
08/07/2026 22:43:26 - INFO - utils.trainer -   ***** Running evaluation on test dataset *****
08/07/2026 22:43:26 - INFO - utils.trainer -   Model checkpoint doesn't exist: TimeLLM_DiseaseCAUEEG_fulldata_best/TimeLLM-0.bin — skip loading
08/07/2026 22:43:26 - INFO - utils.trainer -   Model checkpoint doesn't exist: TimeLLM_DiseaseCAUEEG_fulldata_best/TimeLLM-0.bin — skip loading
08/07/2026 22:43:29 - INFO - utils.trainer -   Loss: 0.75383
08/07/2026 22:43:29 - INFO - utils.trainer -   AUC: 0.47816
08/07/2026 22:43:29 - INFO - utils.trainer -   Accuracy: 0.59091
08/07/2026 22:43:29 - INFO - utils.trainer -   Precision: 0.59091
08/07/2026 22:43:29 - INFO - utils.trainer -   Specificity: 0.00000
08/07/2026 22:43:29 - INFO - utils.trainer -   Sensitivity: 1.00000
08/07/2026 22:43:29 - INFO - __main__ -   
============================================================
  Zero-shot (TimeLLM_DiseaseCAUEEG_fulldata_best → DiseaseDS)  seed=42
============================================================
08/07/2026 22:43:29 - INFO - __main__ -     Loss           : 0.7538
08/07/2026 22:43:29 - INFO - __main__ -     AUC            : 0.4782
08/07/2026 22:43:29 - INFO - __main__ -     Accuracy       : 0.5909
08/07/2026 22:43:29 - INFO - __main__ -     Precision      : 0.5909
08/07/2026 22:43:29 - INFO - __main__ -     Specificity    : 0.0000
08/07/2026 22:43:29 - INFO - __main__ -     Sensitivity    : 1.0000
