08/05/2026 21:25:27 - INFO - __main__ -   ########## Repeat:0 ##########
08/05/2026 21:25:27 - INFO - utils.trainer -   ***** Running training *****
08/05/2026 21:25:27 - INFO - utils.trainer -     Num examples = 1042
08/05/2026 21:25:27 - INFO - utils.trainer -     Num Epochs = 200
08/05/2026 21:25:27 - INFO - utils.trainer -     Total train batch size = 2
08/05/2026 21:25:27 - INFO - utils.trainer -     warmup steps = 400
08/05/2026 21:25:27 - INFO - utils.trainer -     Total optimization steps = 208400
08/05/2026 21:25:27 - INFO - utils.trainer -     Save steps = 25
08/05/2026 21:29:38 - INFO - __main__ -   ########## Repeat:0 ##########
08/05/2026 21:29:38 - INFO - utils.trainer -   ***** Running training *****
08/05/2026 21:29:38 - INFO - utils.trainer -     Num examples = 1042
08/05/2026 21:29:38 - INFO - utils.trainer -     Num Epochs = 200
08/05/2026 21:29:38 - INFO - utils.trainer -     Total train batch size = 2
08/05/2026 21:29:38 - INFO - utils.trainer -     warmup steps = 400
08/05/2026 21:29:38 - INFO - utils.trainer -     Total optimization steps = 208400
08/05/2026 21:29:38 - INFO - utils.trainer -     Save steps = 25
08/05/2026 21:35:29 - INFO - utils.trainer -   ***** Running multi-output regression evaluation on val0 dataset *****
08/05/2026 21:36:03 - INFO - utils.trainer -   Loss: 0.01939
08/05/2026 21:36:03 - INFO - utils.trainer -   MSE: 0.01942
08/05/2026 21:36:03 - INFO - utils.trainer -   MAE: 0.10256
08/05/2026 21:36:03 - INFO - utils.trainer -   RMSE: 0.13935
08/05/2026 21:36:03 - INFO - utils.trainer -   PearsonR_mean: 0.91290
08/05/2026 21:36:04 - INFO - utils.trainer -   Model saved to output_dir/TimeLLM_FutureFCCAUEEG_train
08/05/2026 21:36:04 - INFO - utils.trainer -   Best model saved (val_Loss=0.0194)
08/05/2026 21:36:04 - INFO - utils.trainer -   Epoch: 1, Loss: 0.08187, Val loss: 0.01939, Val Loss: 0.0194, Best val Loss: 0.0194, No improve: 0/25, Time: 351.4s
