08/02/2026 01:12:36 - INFO - __main__ -   ########## Repeat:0 ##########
08/02/2026 01:12:36 - INFO - utils.trainer -   ***** Running training *****
08/02/2026 01:12:36 - INFO - utils.trainer -     Num examples = 73
08/02/2026 01:12:36 - INFO - utils.trainer -     Num Epochs = 200
08/02/2026 01:12:36 - INFO - utils.trainer -     Total train batch size = 2
08/02/2026 01:12:36 - INFO - utils.trainer -     warmup steps = 400
08/02/2026 01:12:36 - INFO - utils.trainer -     Total optimization steps = 14600
08/02/2026 01:12:36 - INFO - utils.trainer -     Save steps = 25
08/02/2026 01:13:03 - INFO - utils.trainer -   ***** Running evaluation on val dataset *****
08/02/2026 01:13:06 - INFO - utils.trainer -   Loss: 0.68977
08/02/2026 01:13:06 - INFO - utils.trainer -   AUC: 0.54368
08/02/2026 01:13:06 - INFO - utils.trainer -   Accuracy: 0.52604
08/02/2026 01:13:06 - INFO - utils.trainer -   Precision: 0.52880
08/02/2026 01:13:06 - INFO - utils.trainer -   Specificity: 0.00000
08/02/2026 01:13:06 - INFO - utils.trainer -   Sensitivity: 0.99020
08/02/2026 01:13:07 - INFO - utils.trainer -   Model saved to output_dir/TimeLLM_Beirut_train
08/02/2026 01:13:07 - INFO - utils.trainer -   Best model saved (val_AUC=0.5437)
08/02/2026 01:13:07 - INFO - utils.trainer -   Epoch: 1, Loss: 0.93631, Val loss: 0.68977, Val AUC: 0.5437, Best val AUC: 0.5437, No improve: 0/25, Time: 27.4s
08/02/2026 01:13:34 - INFO - utils.trainer -   ***** Running evaluation on val dataset *****
08/02/2026 01:13:37 - INFO - utils.trainer -   Loss: 0.70740
08/02/2026 01:13:37 - INFO - utils.trainer -   AUC: 0.44673
08/02/2026 01:13:37 - INFO - utils.trainer -   Accuracy: 0.53125
08/02/2026 01:13:37 - INFO - utils.trainer -   Precision: 0.53125
08/02/2026 01:13:37 - INFO - utils.trainer -   Specificity: 0.00000
08/02/2026 01:13:37 - INFO - utils.trainer -   Sensitivity: 1.00000
08/02/2026 01:13:37 - INFO - utils.trainer -   Epoch: 2, Loss: 0.81705, Val loss: 0.70740, Val AUC: 0.4467, Best val AUC: 0.5437, No improve: 1/25, Time: 26.8s
08/02/2026 01:14:04 - INFO - utils.trainer -   ***** Running evaluation on val dataset *****
08/02/2026 01:14:07 - INFO - utils.trainer -   Loss: 0.77104
08/02/2026 01:14:07 - INFO - utils.trainer -   AUC: 0.47789
08/02/2026 01:14:07 - INFO - utils.trainer -   Accuracy: 0.53125
08/02/2026 01:14:07 - INFO - utils.trainer -   Precision: 0.53125
08/02/2026 01:14:07 - INFO - utils.trainer -   Specificity: 0.00000
08/02/2026 01:14:07 - INFO - utils.trainer -   Sensitivity: 1.00000
08/02/2026 01:14:07 - INFO - utils.trainer -   Epoch: 3, Loss: 0.81106, Val loss: 0.77104, Val AUC: 0.4779, Best val AUC: 0.5437, No improve: 2/25, Time: 27.0s
08/02/2026 01:14:34 - INFO - utils.trainer -   ***** Running evaluation on val dataset *****
08/02/2026 01:14:37 - INFO - utils.trainer -   Loss: 0.72688
08/02/2026 01:14:37 - INFO - utils.trainer -   AUC: 0.55501
08/02/2026 01:14:37 - INFO - utils.trainer -   Accuracy: 0.53125
08/02/2026 01:14:37 - INFO - utils.trainer -   Precision: 0.53125
08/02/2026 01:14:37 - INFO - utils.trainer -   Specificity: 0.00000
08/02/2026 01:14:37 - INFO - utils.trainer -   Sensitivity: 1.00000
08/02/2026 01:14:38 - INFO - utils.trainer -   Model saved to output_dir/TimeLLM_Beirut_train
08/02/2026 01:14:38 - INFO - utils.trainer -   Best model saved (val_AUC=0.5550)
08/02/2026 01:14:38 - INFO - utils.trainer -   Epoch: 4, Loss: 0.82503, Val loss: 0.72688, Val AUC: 0.5550, Best val AUC: 0.5550, No improve: 0/25, Time: 27.0s
08/02/2026 01:15:05 - INFO - utils.trainer -   ***** Running evaluation on val dataset *****
08/02/2026 01:15:08 - INFO - utils.trainer -   Loss: 0.73729
08/02/2026 01:15:08 - INFO - utils.trainer -   AUC: 0.49673
08/02/2026 01:15:08 - INFO - utils.trainer -   Accuracy: 0.53125
08/02/2026 01:15:08 - INFO - utils.trainer -   Precision: 0.53125
08/02/2026 01:15:08 - INFO - utils.trainer -   Specificity: 0.00000
08/02/2026 01:15:08 - INFO - utils.trainer -   Sensitivity: 1.00000
08/02/2026 01:15:08 - INFO - utils.trainer -   Epoch: 5, Loss: 0.73446, Val loss: 0.73729, Val AUC: 0.4967, Best val AUC: 0.5550, No improve: 1/25, Time: 27.0s
08/02/2026 01:15:35 - INFO - utils.trainer -   ***** Running evaluation on val dataset *****
08/02/2026 01:15:38 - INFO - utils.trainer -   Loss: 0.86717
08/02/2026 01:15:38 - INFO - utils.trainer -   AUC: 0.45904
08/02/2026 01:15:38 - INFO - utils.trainer -   Accuracy: 0.46875
08/02/2026 01:15:38 - INFO - utils.trainer -   Precision: 0.00000
08/02/2026 01:15:38 - INFO - utils.trainer -   Specificity: 1.00000
08/02/2026 01:15:38 - INFO - utils.trainer -   Sensitivity: 0.00000
08/02/2026 01:15:38 - INFO - utils.trainer -   Epoch: 6, Loss: 0.95404, Val loss: 0.86717, Val AUC: 0.4590, Best val AUC: 0.5550, No improve: 2/25, Time: 27.1s
08/02/2026 01:16:05 - INFO - utils.trainer -   ***** Running evaluation on val dataset *****
08/02/2026 01:16:08 - INFO - utils.trainer -   Loss: 0.74126
08/02/2026 01:16:08 - INFO - utils.trainer -   AUC: 0.45817
08/02/2026 01:16:08 - INFO - utils.trainer -   Accuracy: 0.46875
08/02/2026 01:16:08 - INFO - utils.trainer -   Precision: 0.00000
08/02/2026 01:16:08 - INFO - utils.trainer -   Specificity: 1.00000
08/02/2026 01:16:08 - INFO - utils.trainer -   Sensitivity: 0.00000
08/02/2026 01:16:08 - INFO - utils.trainer -   Epoch: 7, Loss: 0.80991, Val loss: 0.74126, Val AUC: 0.4582, Best val AUC: 0.5550, No improve: 3/25, Time: 27.2s
