07/29/2026 19:13:23 - INFO - __main__ -   ########## Repeat:0 ##########
07/29/2026 19:13:23 - INFO - utils.trainer -   ***** Running training *****
07/29/2026 19:13:23 - INFO - utils.trainer -     Num examples = 19
07/29/2026 19:13:23 - INFO - utils.trainer -     Num Epochs = 200
07/29/2026 19:13:23 - INFO - utils.trainer -     Total train batch size = 3
07/29/2026 19:13:23 - INFO - utils.trainer -     warmup steps = 400
07/29/2026 19:13:23 - INFO - utils.trainer -     Total optimization steps = 3800
07/29/2026 19:13:23 - INFO - utils.trainer -     Save steps = 25
07/29/2026 19:13:34 - INFO - utils.trainer -   ***** Running evaluation on val dataset *****
07/29/2026 19:13:46 - INFO - utils.trainer -   Loss: 0.76251
07/29/2026 19:13:46 - INFO - utils.trainer -   AUC: 0.49303
07/29/2026 19:13:46 - INFO - utils.trainer -   Accuracy: 0.53559
07/29/2026 19:13:46 - INFO - utils.trainer -   Precision: 0.53559
07/29/2026 19:13:46 - INFO - utils.trainer -   Specificity: 0.00000
07/29/2026 19:13:46 - INFO - utils.trainer -   Sensitivity: 1.00000
07/29/2026 19:13:47 - INFO - utils.trainer -   Model saved to output_dir/TimeLLM
07/29/2026 19:13:47 - INFO - utils.trainer -   Best model saved (val_AUC=0.4930)
07/29/2026 19:13:47 - INFO - utils.trainer -   Epoch: 1, Loss: 1.22650, Val loss: 0.76251, Val AUC: 0.4930, Best val AUC: 0.4930, No improve: 0/10, Time: 10.7s
07/29/2026 19:13:57 - INFO - utils.trainer -   ***** Running evaluation on val dataset *****
07/29/2026 19:14:09 - INFO - utils.trainer -   Loss: 0.68793
07/29/2026 19:14:09 - INFO - utils.trainer -   AUC: 0.55126
07/29/2026 19:14:09 - INFO - utils.trainer -   Accuracy: 0.53906
07/29/2026 19:14:09 - INFO - utils.trainer -   Precision: 0.54517
07/29/2026 19:14:09 - INFO - utils.trainer -   Specificity: 0.19065
07/29/2026 19:14:09 - INFO - utils.trainer -   Sensitivity: 0.84117
07/29/2026 19:14:10 - INFO - utils.trainer -   Model saved to output_dir/TimeLLM
07/29/2026 19:14:10 - INFO - utils.trainer -   Best model saved (val_AUC=0.5513)
07/29/2026 19:14:10 - INFO - utils.trainer -   Epoch: 2, Loss: 0.82845, Val loss: 0.68793, Val AUC: 0.5513, Best val AUC: 0.5513, No improve: 0/10, Time: 9.8s
07/29/2026 19:14:20 - INFO - utils.trainer -   ***** Running evaluation on val dataset *****
07/29/2026 19:14:32 - INFO - utils.trainer -   Loss: 0.71819
07/29/2026 19:14:32 - INFO - utils.trainer -   AUC: 0.58087
07/29/2026 19:14:32 - INFO - utils.trainer -   Accuracy: 0.46615
07/29/2026 19:14:32 - INFO - utils.trainer -   Precision: 1.00000
07/29/2026 19:14:32 - INFO - utils.trainer -   Specificity: 1.00000
07/29/2026 19:14:32 - INFO - utils.trainer -   Sensitivity: 0.00324
07/29/2026 19:14:33 - INFO - utils.trainer -   Model saved to output_dir/TimeLLM
07/29/2026 19:14:33 - INFO - utils.trainer -   Best model saved (val_AUC=0.5809)
07/29/2026 19:14:33 - INFO - utils.trainer -   Epoch: 3, Loss: 0.69920, Val loss: 0.71819, Val AUC: 0.5809, Best val AUC: 0.5809, No improve: 0/10, Time: 10.2s
07/29/2026 19:14:43 - INFO - utils.trainer -   ***** Running evaluation on val dataset *****
07/29/2026 19:14:55 - INFO - utils.trainer -   Loss: 1.08499
07/29/2026 19:14:55 - INFO - utils.trainer -   AUC: 0.58655
07/29/2026 19:14:55 - INFO - utils.trainer -   Accuracy: 0.46441
07/29/2026 19:14:55 - INFO - utils.trainer -   Precision: 0.00000
07/29/2026 19:14:55 - INFO - utils.trainer -   Specificity: 1.00000
07/29/2026 19:14:55 - INFO - utils.trainer -   Sensitivity: 0.00000
07/29/2026 19:14:56 - INFO - utils.trainer -   Model saved to output_dir/TimeLLM
07/29/2026 19:14:56 - INFO - utils.trainer -   Best model saved (val_AUC=0.5865)
07/29/2026 19:14:56 - INFO - utils.trainer -   Epoch: 4, Loss: 0.89610, Val loss: 1.08499, Val AUC: 0.5865, Best val AUC: 0.5865, No improve: 0/10, Time: 10.1s
07/29/2026 19:15:06 - INFO - utils.trainer -   ***** Running evaluation on val dataset *****
07/29/2026 19:15:19 - INFO - utils.trainer -   Loss: 0.79373
07/29/2026 19:15:19 - INFO - utils.trainer -   AUC: 0.56577
07/29/2026 19:15:19 - INFO - utils.trainer -   Accuracy: 0.53559
07/29/2026 19:15:19 - INFO - utils.trainer -   Precision: 0.53559
07/29/2026 19:15:19 - INFO - utils.trainer -   Specificity: 0.00000
07/29/2026 19:15:19 - INFO - utils.trainer -   Sensitivity: 1.00000
07/29/2026 19:15:19 - INFO - utils.trainer -   Epoch: 5, Loss: 0.87153, Val loss: 0.79373, Val AUC: 0.5658, Best val AUC: 0.5865, No improve: 1/10, Time: 10.1s
07/29/2026 19:15:29 - INFO - utils.trainer -   ***** Running evaluation on val dataset *****
07/29/2026 19:15:41 - INFO - utils.trainer -   Loss: 0.78169
07/29/2026 19:15:41 - INFO - utils.trainer -   AUC: 0.55474
07/29/2026 19:15:41 - INFO - utils.trainer -   Accuracy: 0.53559
07/29/2026 19:15:41 - INFO - utils.trainer -   Precision: 0.53559
07/29/2026 19:15:41 - INFO - utils.trainer -   Specificity: 0.00000
07/29/2026 19:15:41 - INFO - utils.trainer -   Sensitivity: 1.00000
07/29/2026 19:15:41 - INFO - utils.trainer -   Epoch: 6, Loss: 0.68951, Val loss: 0.78169, Val AUC: 0.5547, Best val AUC: 0.5865, No improve: 2/10, Time: 10.0s
07/29/2026 19:15:51 - INFO - utils.trainer -   ***** Running evaluation on val dataset *****
07/29/2026 19:16:03 - INFO - utils.trainer -   Loss: 0.68680
07/29/2026 19:16:03 - INFO - utils.trainer -   AUC: 0.59196
07/29/2026 19:16:03 - INFO - utils.trainer -   Accuracy: 0.53646
07/29/2026 19:16:03 - INFO - utils.trainer -   Precision: 0.53644
07/29/2026 19:16:03 - INFO - utils.trainer -   Specificity: 0.01308
07/29/2026 19:16:03 - INFO - utils.trainer -   Sensitivity: 0.99028
07/29/2026 19:16:04 - INFO - utils.trainer -   Model saved to output_dir/TimeLLM
07/29/2026 19:16:04 - INFO - utils.trainer -   Best model saved (val_AUC=0.5920)
07/29/2026 19:16:04 - INFO - utils.trainer -   Epoch: 7, Loss: 0.87677, Val loss: 0.68680, Val AUC: 0.5920, Best val AUC: 0.5920, No improve: 0/10, Time: 10.1s
07/29/2026 19:16:14 - INFO - utils.trainer -   ***** Running evaluation on val dataset *****
07/29/2026 19:16:26 - INFO - utils.trainer -   Loss: 0.78813
07/29/2026 19:16:26 - INFO - utils.trainer -   AUC: 0.57999
07/29/2026 19:16:26 - INFO - utils.trainer -   Accuracy: 0.53559
07/29/2026 19:16:26 - INFO - utils.trainer -   Precision: 0.53559
07/29/2026 19:16:26 - INFO - utils.trainer -   Specificity: 0.00000
07/29/2026 19:16:26 - INFO - utils.trainer -   Sensitivity: 1.00000
07/29/2026 19:16:26 - INFO - utils.trainer -   Epoch: 8, Loss: 0.66683, Val loss: 0.78813, Val AUC: 0.5800, Best val AUC: 0.5920, No improve: 1/10, Time: 10.2s
07/29/2026 19:16:37 - INFO - utils.trainer -   ***** Running evaluation on val dataset *****
07/29/2026 19:16:49 - INFO - utils.trainer -   Loss: 0.69298
07/29/2026 19:16:49 - INFO - utils.trainer -   AUC: 0.55588
07/29/2026 19:16:49 - INFO - utils.trainer -   Accuracy: 0.53906
07/29/2026 19:16:49 - INFO - utils.trainer -   Precision: 0.56418
07/29/2026 19:16:49 - INFO - utils.trainer -   Specificity: 0.45421
07/29/2026 19:16:49 - INFO - utils.trainer -   Sensitivity: 0.61264
07/29/2026 19:16:49 - INFO - utils.trainer -   Epoch: 9, Loss: 0.82515, Val loss: 0.69298, Val AUC: 0.5559, Best val AUC: 0.5920, No improve: 2/10, Time: 10.1s
07/29/2026 19:16:59 - INFO - utils.trainer -   ***** Running evaluation on val dataset *****
07/29/2026 19:17:11 - INFO - utils.trainer -   Loss: 0.94878
07/29/2026 19:17:11 - INFO - utils.trainer -   AUC: 0.55187
07/29/2026 19:17:11 - INFO - utils.trainer -   Accuracy: 0.53559
07/29/2026 19:17:11 - INFO - utils.trainer -   Precision: 0.53559
07/29/2026 19:17:11 - INFO - utils.trainer -   Specificity: 0.00000
07/29/2026 19:17:11 - INFO - utils.trainer -   Sensitivity: 1.00000
07/29/2026 19:17:11 - INFO - utils.trainer -   Epoch: 10, Loss: 0.74848, Val loss: 0.94878, Val AUC: 0.5519, Best val AUC: 0.5920, No improve: 3/10, Time: 10.1s
07/29/2026 19:17:21 - INFO - utils.trainer -   ***** Running evaluation on val dataset *****
07/29/2026 19:17:33 - INFO - utils.trainer -   Loss: 0.96008
07/29/2026 19:17:33 - INFO - utils.trainer -   AUC: 0.62236
07/29/2026 19:17:33 - INFO - utils.trainer -   Accuracy: 0.53559
07/29/2026 19:17:33 - INFO - utils.trainer -   Precision: 0.53559
07/29/2026 19:17:33 - INFO - utils.trainer -   Specificity: 0.00000
07/29/2026 19:17:33 - INFO - utils.trainer -   Sensitivity: 1.00000
07/29/2026 19:17:34 - INFO - utils.trainer -   Model saved to output_dir/TimeLLM
07/29/2026 19:17:34 - INFO - utils.trainer -   Best model saved (val_AUC=0.6224)
07/29/2026 19:17:34 - INFO - utils.trainer -   Epoch: 11, Loss: 0.80166, Val loss: 0.96008, Val AUC: 0.6224, Best val AUC: 0.6224, No improve: 0/10, Time: 10.2s
07/29/2026 19:17:44 - INFO - utils.trainer -   ***** Running evaluation on val dataset *****
07/29/2026 19:17:56 - INFO - utils.trainer -   Loss: 0.71018
07/29/2026 19:17:56 - INFO - utils.trainer -   AUC: 0.66260
07/29/2026 19:17:56 - INFO - utils.trainer -   Accuracy: 0.53559
07/29/2026 19:17:56 - INFO - utils.trainer -   Precision: 0.53559
07/29/2026 19:17:56 - INFO - utils.trainer -   Specificity: 0.00000
07/29/2026 19:17:56 - INFO - utils.trainer -   Sensitivity: 1.00000
07/29/2026 19:17:57 - INFO - utils.trainer -   Model saved to output_dir/TimeLLM
07/29/2026 19:17:57 - INFO - utils.trainer -   Best model saved (val_AUC=0.6626)
07/29/2026 19:17:57 - INFO - utils.trainer -   Epoch: 12, Loss: 0.77660, Val loss: 0.71018, Val AUC: 0.6626, Best val AUC: 0.6626, No improve: 0/10, Time: 10.3s
07/29/2026 19:18:08 - INFO - utils.trainer -   ***** Running evaluation on val dataset *****
07/29/2026 19:18:20 - INFO - utils.trainer -   Loss: 0.87610
07/29/2026 19:18:20 - INFO - utils.trainer -   AUC: 0.69980
07/29/2026 19:18:20 - INFO - utils.trainer -   Accuracy: 0.53559
07/29/2026 19:18:20 - INFO - utils.trainer -   Precision: 0.53559
07/29/2026 19:18:20 - INFO - utils.trainer -   Specificity: 0.00000
07/29/2026 19:18:20 - INFO - utils.trainer -   Sensitivity: 1.00000
07/29/2026 19:18:21 - INFO - utils.trainer -   Model saved to output_dir/TimeLLM
07/29/2026 19:18:21 - INFO - utils.trainer -   Best model saved (val_AUC=0.6998)
07/29/2026 19:18:21 - INFO - utils.trainer -   Epoch: 13, Loss: 0.79550, Val loss: 0.87610, Val AUC: 0.6998, Best val AUC: 0.6998, No improve: 0/10, Time: 10.2s
07/29/2026 19:18:31 - INFO - utils.trainer -   ***** Running evaluation on val dataset *****
07/29/2026 19:18:44 - INFO - utils.trainer -   Loss: 0.92739
07/29/2026 19:18:44 - INFO - utils.trainer -   AUC: 0.70442
07/29/2026 19:18:44 - INFO - utils.trainer -   Accuracy: 0.53646
07/29/2026 19:18:44 - INFO - utils.trainer -   Precision: 0.53606
07/29/2026 19:18:44 - INFO - utils.trainer -   Specificity: 0.00187
07/29/2026 19:18:44 - INFO - utils.trainer -   Sensitivity: 1.00000
07/29/2026 19:18:44 - INFO - utils.trainer -   Model saved to output_dir/TimeLLM
07/29/2026 19:18:44 - INFO - utils.trainer -   Best model saved (val_AUC=0.7044)
07/29/2026 19:18:44 - INFO - utils.trainer -   Epoch: 14, Loss: 0.77705, Val loss: 0.92739, Val AUC: 0.7044, Best val AUC: 0.7044, No improve: 0/10, Time: 10.2s
07/29/2026 19:18:55 - INFO - utils.trainer -   ***** Running evaluation on val dataset *****
07/29/2026 19:19:07 - INFO - utils.trainer -   Loss: 0.68421
07/29/2026 19:19:07 - INFO - utils.trainer -   AUC: 0.70534
07/29/2026 19:19:07 - INFO - utils.trainer -   Accuracy: 0.59028
07/29/2026 19:19:07 - INFO - utils.trainer -   Precision: 0.57705
07/29/2026 19:19:07 - INFO - utils.trainer -   Specificity: 0.25607
07/29/2026 19:19:07 - INFO - utils.trainer -   Sensitivity: 0.88006
07/29/2026 19:19:07 - INFO - utils.trainer -   Epoch: 15, Loss: 0.58005, Val loss: 0.68421, Val AUC: 0.7053, Best val AUC: 0.7044, No improve: 1/10, Time: 10.1s
07/29/2026 19:19:17 - INFO - utils.trainer -   ***** Running evaluation on val dataset *****
07/29/2026 19:19:29 - INFO - utils.trainer -   Loss: 0.65242
07/29/2026 19:19:29 - INFO - utils.trainer -   AUC: 0.70981
07/29/2026 19:19:29 - INFO - utils.trainer -   Accuracy: 0.65365
07/29/2026 19:19:29 - INFO - utils.trainer -   Precision: 0.74222
07/29/2026 19:19:29 - INFO - utils.trainer -   Specificity: 0.78318
07/29/2026 19:19:29 - INFO - utils.trainer -   Sensitivity: 0.54133
07/29/2026 19:19:30 - INFO - utils.trainer -   Model saved to output_dir/TimeLLM
07/29/2026 19:19:30 - INFO - utils.trainer -   Best model saved (val_AUC=0.7098)
07/29/2026 19:19:30 - INFO - utils.trainer -   Epoch: 16, Loss: 0.48512, Val loss: 0.65242, Val AUC: 0.7098, Best val AUC: 0.7098, No improve: 0/10, Time: 9.9s
07/29/2026 19:19:40 - INFO - utils.trainer -   ***** Running evaluation on val dataset *****
07/29/2026 19:19:52 - INFO - utils.trainer -   Loss: 1.03417
07/29/2026 19:19:52 - INFO - utils.trainer -   AUC: 0.69700
07/29/2026 19:19:52 - INFO - utils.trainer -   Accuracy: 0.60764
07/29/2026 19:19:52 - INFO - utils.trainer -   Precision: 0.88732
07/29/2026 19:19:52 - INFO - utils.trainer -   Specificity: 0.95514
07/29/2026 19:19:52 - INFO - utils.trainer -   Sensitivity: 0.30632
07/29/2026 19:19:52 - INFO - utils.trainer -   Epoch: 17, Loss: 0.34541, Val loss: 1.03417, Val AUC: 0.6970, Best val AUC: 0.7098, No improve: 1/10, Time: 10.1s
07/29/2026 19:20:02 - INFO - utils.trainer -   ***** Running evaluation on val dataset *****
07/29/2026 19:20:14 - INFO - utils.trainer -   Loss: 0.73071
07/29/2026 19:20:14 - INFO - utils.trainer -   AUC: 0.69679
07/29/2026 19:20:14 - INFO - utils.trainer -   Accuracy: 0.63281
07/29/2026 19:20:14 - INFO - utils.trainer -   Precision: 0.63778
07/29/2026 19:20:14 - INFO - utils.trainer -   Specificity: 0.52336
07/29/2026 19:20:14 - INFO - utils.trainer -   Sensitivity: 0.72771
07/29/2026 19:20:14 - INFO - utils.trainer -   Epoch: 18, Loss: 0.48425, Val loss: 0.73071, Val AUC: 0.6968, Best val AUC: 0.7098, No improve: 2/10, Time: 10.1s
07/29/2026 19:20:25 - INFO - utils.trainer -   ***** Running evaluation on val dataset *****
07/29/2026 19:20:37 - INFO - utils.trainer -   Loss: 0.81497
07/29/2026 19:20:37 - INFO - utils.trainer -   AUC: 0.68915
07/29/2026 19:20:37 - INFO - utils.trainer -   Accuracy: 0.61024
07/29/2026 19:20:37 - INFO - utils.trainer -   Precision: 0.60319
07/29/2026 19:20:37 - INFO - utils.trainer -   Specificity: 0.39626
07/29/2026 19:20:37 - INFO - utils.trainer -   Sensitivity: 0.79579
07/29/2026 19:20:37 - INFO - utils.trainer -   Epoch: 19, Loss: 0.39148, Val loss: 0.81497, Val AUC: 0.6892, Best val AUC: 0.7098, No improve: 3/10, Time: 10.1s
07/29/2026 19:20:47 - INFO - utils.trainer -   ***** Running evaluation on val dataset *****
07/29/2026 19:20:59 - INFO - utils.trainer -   Loss: 0.80948
07/29/2026 19:20:59 - INFO - utils.trainer -   AUC: 0.67403
07/29/2026 19:20:59 - INFO - utils.trainer -   Accuracy: 0.62760
07/29/2026 19:20:59 - INFO - utils.trainer -   Precision: 0.70172
07/29/2026 19:20:59 - INFO - utils.trainer -   Specificity: 0.74019
07/29/2026 19:20:59 - INFO - utils.trainer -   Sensitivity: 0.52998
07/29/2026 19:20:59 - INFO - utils.trainer -   Epoch: 20, Loss: 0.21652, Val loss: 0.80948, Val AUC: 0.6740, Best val AUC: 0.7098, No improve: 4/10, Time: 10.3s
07/29/2026 19:21:09 - INFO - utils.trainer -   ***** Running evaluation on val dataset *****
07/29/2026 19:21:21 - INFO - utils.trainer -   Loss: 0.86446
07/29/2026 19:21:21 - INFO - utils.trainer -   AUC: 0.68417
07/29/2026 19:21:21 - INFO - utils.trainer -   Accuracy: 0.61806
07/29/2026 19:21:21 - INFO - utils.trainer -   Precision: 0.63850
07/29/2026 19:21:21 - INFO - utils.trainer -   Specificity: 0.56822
07/29/2026 19:21:21 - INFO - utils.trainer -   Sensitivity: 0.66126
07/29/2026 19:21:21 - INFO - utils.trainer -   Epoch: 21, Loss: 0.30292, Val loss: 0.86446, Val AUC: 0.6842, Best val AUC: 0.7098, No improve: 5/10, Time: 10.2s
07/29/2026 19:21:31 - INFO - utils.trainer -   ***** Running evaluation on val dataset *****
07/29/2026 19:21:43 - INFO - utils.trainer -   Loss: 1.07180
07/29/2026 19:21:43 - INFO - utils.trainer -   AUC: 0.68299
07/29/2026 19:21:43 - INFO - utils.trainer -   Accuracy: 0.59896
07/29/2026 19:21:43 - INFO - utils.trainer -   Precision: 0.58602
07/29/2026 19:21:43 - INFO - utils.trainer -   Specificity: 0.30280
07/29/2026 19:21:43 - INFO - utils.trainer -   Sensitivity: 0.85575
07/29/2026 19:21:43 - INFO - utils.trainer -   Epoch: 22, Loss: 0.18318, Val loss: 1.07180, Val AUC: 0.6830, Best val AUC: 0.7098, No improve: 6/10, Time: 10.0s
07/29/2026 19:21:54 - INFO - utils.trainer -   ***** Running evaluation on val dataset *****
07/29/2026 19:22:06 - INFO - utils.trainer -   Loss: 0.99886
07/29/2026 19:22:06 - INFO - utils.trainer -   AUC: 0.67333
07/29/2026 19:22:06 - INFO - utils.trainer -   Accuracy: 0.60590
07/29/2026 19:22:06 - INFO - utils.trainer -   Precision: 0.60462
07/29/2026 19:22:06 - INFO - utils.trainer -   Specificity: 0.42430
07/29/2026 19:22:06 - INFO - utils.trainer -   Sensitivity: 0.76337
07/29/2026 19:22:06 - INFO - utils.trainer -   Epoch: 23, Loss: 0.29101, Val loss: 0.99886, Val AUC: 0.6733, Best val AUC: 0.7098, No improve: 7/10, Time: 10.2s
07/29/2026 19:22:16 - INFO - utils.trainer -   ***** Running evaluation on val dataset *****
07/29/2026 19:22:28 - INFO - utils.trainer -   Loss: 0.97901
07/29/2026 19:22:28 - INFO - utils.trainer -   AUC: 0.66664
07/29/2026 19:22:28 - INFO - utils.trainer -   Accuracy: 0.61024
07/29/2026 19:22:28 - INFO - utils.trainer -   Precision: 0.63907
07/29/2026 19:22:28 - INFO - utils.trainer -   Specificity: 0.59252
07/29/2026 19:22:28 - INFO - utils.trainer -   Sensitivity: 0.62561
07/29/2026 19:22:28 - INFO - utils.trainer -   Epoch: 24, Loss: 0.22615, Val loss: 0.97901, Val AUC: 0.6666, Best val AUC: 0.7098, No improve: 8/10, Time: 10.1s
07/29/2026 19:22:38 - INFO - utils.trainer -   ***** Running evaluation on val dataset *****
07/29/2026 19:22:50 - INFO - utils.trainer -   Loss: 1.15245
07/29/2026 19:22:50 - INFO - utils.trainer -   AUC: 0.66013
07/29/2026 19:22:50 - INFO - utils.trainer -   Accuracy: 0.59722
07/29/2026 19:22:50 - INFO - utils.trainer -   Precision: 0.59206
07/29/2026 19:22:50 - INFO - utils.trainer -   Specificity: 0.36636
07/29/2026 19:22:50 - INFO - utils.trainer -   Sensitivity: 0.79741
07/29/2026 19:22:51 - INFO - utils.trainer -   Model saved to output_dir/TimeLLM/checkpoint-epoch-25
07/29/2026 19:22:51 - INFO - utils.trainer -   Checkpoint saved at epoch 25
07/29/2026 19:22:51 - INFO - utils.trainer -   Epoch: 25, Loss: 0.14635, Val loss: 1.15245, Val AUC: 0.6601, Best val AUC: 0.7098, No improve: 9/10, Time: 10.2s
07/29/2026 19:23:02 - INFO - utils.trainer -   ***** Running evaluation on val dataset *****
07/29/2026 19:23:14 - INFO - utils.trainer -   Loss: 1.09689
07/29/2026 19:23:14 - INFO - utils.trainer -   AUC: 0.67012
07/29/2026 19:23:14 - INFO - utils.trainer -   Accuracy: 0.60851
07/29/2026 19:23:14 - INFO - utils.trainer -   Precision: 0.61247
07/29/2026 19:23:14 - INFO - utils.trainer -   Specificity: 0.46542
07/29/2026 19:23:14 - INFO - utils.trainer -   Sensitivity: 0.73258
07/29/2026 19:23:14 - INFO - utils.trainer -   Epoch: 26, Loss: 0.12174, Val loss: 1.09689, Val AUC: 0.6701, Best val AUC: 0.7098, No improve: 10/10, Time: 10.0s
07/29/2026 19:23:14 - INFO - utils.trainer -   Early stopping triggered at epoch 26
07/29/2026 19:23:14 - INFO - utils.trainer -   Early stopping triggered at epoch 26
07/29/2026 19:23:14 - INFO - utils.trainer -   Early stopping triggered at epoch 26
07/29/2026 19:23:14 - INFO - utils.trainer -   Early stopping triggered at epoch 26
07/29/2026 19:23:14 - INFO - utils.trainer -   Early stopping triggered at epoch 26
07/29/2026 19:23:14 - INFO - utils.trainer -   Early stopping triggered at epoch 26
07/29/2026 19:23:14 - INFO - utils.trainer -     582 keys not in checkpoint (kept from init)
07/29/2026 19:23:14 - INFO - utils.trainer -   Model loaded from output_dir/TimeLLM/TimeLLM-0.bin (22/22 keys)
07/29/2026 19:23:14 - INFO - utils.trainer -     582 keys not in checkpoint (kept from init)
07/29/2026 19:23:14 - INFO - utils.trainer -   Model loaded from output_dir/TimeLLM/TimeLLM-0.bin (22/22 keys)
07/29/2026 19:23:14 - INFO - utils.trainer -   ***** Running evaluation on test dataset *****
07/29/2026 19:23:14 - INFO - utils.trainer -     582 keys not in checkpoint (kept from init)
07/29/2026 19:23:14 - INFO - utils.trainer -   Model loaded from output_dir/TimeLLM/TimeLLM-0.bin (22/22 keys)
07/29/2026 19:23:14 - INFO - utils.trainer -     582 keys not in checkpoint (kept from init)
07/29/2026 19:23:14 - INFO - utils.trainer -   Model loaded from output_dir/TimeLLM/TimeLLM-0.bin (22/22 keys)
07/29/2026 19:23:14 - INFO - utils.trainer -     582 keys not in checkpoint (kept from init)
07/29/2026 19:23:14 - INFO - utils.trainer -   Model loaded from output_dir/TimeLLM/TimeLLM-0.bin (22/22 keys)
07/29/2026 19:23:14 - INFO - utils.trainer -     582 keys not in checkpoint (kept from init)
07/29/2026 19:23:14 - INFO - utils.trainer -   Model loaded from output_dir/TimeLLM/TimeLLM-0.bin (22/22 keys)
07/29/2026 19:23:26 - INFO - utils.trainer -   Loss: 0.61235
07/29/2026 19:23:26 - INFO - utils.trainer -   AUC: 0.71747
07/29/2026 19:23:26 - INFO - utils.trainer -   Accuracy: 0.63860
07/29/2026 19:23:26 - INFO - utils.trainer -   Precision: 0.73320
07/29/2026 19:23:26 - INFO - utils.trainer -   Specificity: 0.72561
07/29/2026 19:23:26 - INFO - utils.trainer -   Sensitivity: 0.57253
07/29/2026 19:23:26 - INFO - utils.trainer -   === Best epoch test result ===
07/29/2026 19:23:26 - INFO - utils.trainer -     Loss: 0.61235
07/29/2026 19:23:26 - INFO - utils.trainer -     AUC: 0.71747
07/29/2026 19:23:26 - INFO - utils.trainer -     Accuracy: 0.63860
07/29/2026 19:23:26 - INFO - utils.trainer -     Precision: 0.73320
07/29/2026 19:23:26 - INFO - utils.trainer -     Specificity: 0.72561
07/29/2026 19:23:26 - INFO - utils.trainer -     Sensitivity: 0.57253
07/29/2026 19:23:27 - INFO - utils.trainer -   Model saved to output_dir/TimeLLM/final-epoch-200
07/29/2026 19:23:27 - INFO - utils.trainer -   Final model saved at epoch 200
