07/28/2026 18:14:42 - INFO - __main__ -   ########## Repeat:0 ##########
07/28/2026 18:14:42 - INFO - utils.trainer -   ***** Running training *****
07/28/2026 18:14:42 - INFO - utils.trainer -     Num examples = 288
07/28/2026 18:14:42 - INFO - utils.trainer -     Num Epochs = 200
07/28/2026 18:14:42 - INFO - utils.trainer -     Total train batch size = 3
07/28/2026 18:14:42 - INFO - utils.trainer -     warmup steps = 400
07/28/2026 18:14:42 - INFO - utils.trainer -     Total optimization steps = 57600
07/28/2026 18:14:42 - INFO - utils.trainer -     Save steps = 200
07/28/2026 18:14:49 - INFO - utils.trainer -   ***** Running evaluation on val dataset *****
07/28/2026 18:14:51 - INFO - utils.trainer -   Loss: 1.86275
07/28/2026 18:14:51 - INFO - utils.trainer -   AUC: 0.63512
07/28/2026 18:14:51 - INFO - utils.trainer -   Accuracy: 0.64497
07/28/2026 18:14:51 - INFO - utils.trainer -   Precision: 0.84437
07/28/2026 18:14:51 - INFO - utils.trainer -   Specificity: 0.91215
07/28/2026 18:14:51 - INFO - utils.trainer -   Sensitivity: 0.41329
07/28/2026 18:14:51 - INFO - utils.trainer -   Model saved to output_dir/ALTER
07/28/2026 18:14:51 - INFO - utils.trainer -   Best model saved (val_AUC=0.6351)
07/28/2026 18:14:51 - INFO - utils.trainer -   Epoch: 1, Loss: 1.86726, Val loss: 1.86275, Val AUC: 0.6351, Best val AUC: 0.6351, No improve: 0/10, Time: 7.6s
07/28/2026 18:14:58 - INFO - utils.trainer -   ***** Running evaluation on val dataset *****
07/28/2026 18:15:00 - INFO - utils.trainer -   Loss: 1.86920
07/28/2026 18:15:00 - INFO - utils.trainer -   AUC: 0.66666
07/28/2026 18:15:00 - INFO - utils.trainer -   Accuracy: 0.65365
07/28/2026 18:15:00 - INFO - utils.trainer -   Precision: 0.78989
07/28/2026 18:15:00 - INFO - utils.trainer -   Specificity: 0.85234
07/28/2026 18:15:00 - INFO - utils.trainer -   Sensitivity: 0.48136
07/28/2026 18:15:00 - INFO - utils.trainer -   Model saved to output_dir/ALTER
07/28/2026 18:15:00 - INFO - utils.trainer -   Best model saved (val_AUC=0.6667)
07/28/2026 18:15:00 - INFO - utils.trainer -   Epoch: 2, Loss: 1.66017, Val loss: 1.86920, Val AUC: 0.6667, Best val AUC: 0.6667, No improve: 0/10, Time: 7.4s
07/28/2026 18:15:07 - INFO - utils.trainer -   ***** Running evaluation on val dataset *****
07/28/2026 18:15:09 - INFO - utils.trainer -   Loss: 1.93817
07/28/2026 18:15:09 - INFO - utils.trainer -   AUC: 0.65043
07/28/2026 18:15:09 - INFO - utils.trainer -   Accuracy: 0.65365
07/28/2026 18:15:09 - INFO - utils.trainer -   Precision: 0.80447
07/28/2026 18:15:09 - INFO - utils.trainer -   Specificity: 0.86916
07/28/2026 18:15:09 - INFO - utils.trainer -   Sensitivity: 0.46677
07/28/2026 18:15:09 - INFO - utils.trainer -   Epoch: 3, Loss: 1.54464, Val loss: 1.93817, Val AUC: 0.6504, Best val AUC: 0.6667, No improve: 1/10, Time: 6.8s
07/28/2026 18:15:16 - INFO - utils.trainer -   ***** Running evaluation on val dataset *****
07/28/2026 18:15:18 - INFO - utils.trainer -   Loss: 1.87828
07/28/2026 18:15:18 - INFO - utils.trainer -   AUC: 0.69785
07/28/2026 18:15:18 - INFO - utils.trainer -   Accuracy: 0.66233
07/28/2026 18:15:18 - INFO - utils.trainer -   Precision: 0.80000
07/28/2026 18:15:18 - INFO - utils.trainer -   Specificity: 0.85794
07/28/2026 18:15:18 - INFO - utils.trainer -   Sensitivity: 0.49271
07/28/2026 18:15:18 - INFO - utils.trainer -   Model saved to output_dir/ALTER
07/28/2026 18:15:18 - INFO - utils.trainer -   Best model saved (val_AUC=0.6978)
07/28/2026 18:15:18 - INFO - utils.trainer -   Epoch: 4, Loss: 1.58181, Val loss: 1.87828, Val AUC: 0.6978, Best val AUC: 0.6978, No improve: 0/10, Time: 7.5s
07/28/2026 18:15:25 - INFO - utils.trainer -   ***** Running evaluation on val dataset *****
07/28/2026 18:15:27 - INFO - utils.trainer -   Loss: 1.91800
07/28/2026 18:15:27 - INFO - utils.trainer -   AUC: 0.70406
07/28/2026 18:15:27 - INFO - utils.trainer -   Accuracy: 0.66059
07/28/2026 18:15:27 - INFO - utils.trainer -   Precision: 0.77833
07/28/2026 18:15:27 - INFO - utils.trainer -   Specificity: 0.83178
07/28/2026 18:15:27 - INFO - utils.trainer -   Sensitivity: 0.51216
07/28/2026 18:15:27 - INFO - utils.trainer -   Model saved to output_dir/ALTER
07/28/2026 18:15:27 - INFO - utils.trainer -   Best model saved (val_AUC=0.7041)
07/28/2026 18:15:27 - INFO - utils.trainer -   Epoch: 5, Loss: 1.48147, Val loss: 1.91800, Val AUC: 0.7041, Best val AUC: 0.7041, No improve: 0/10, Time: 7.5s
07/28/2026 18:15:34 - INFO - utils.trainer -   ***** Running evaluation on val dataset *****
07/28/2026 18:15:36 - INFO - utils.trainer -   Loss: 2.17668
07/28/2026 18:15:36 - INFO - utils.trainer -   AUC: 0.73248
07/28/2026 18:15:36 - INFO - utils.trainer -   Accuracy: 0.61892
07/28/2026 18:15:36 - INFO - utils.trainer -   Precision: 0.60045
07/28/2026 18:15:36 - INFO - utils.trainer -   Specificity: 0.33832
07/28/2026 18:15:36 - INFO - utils.trainer -   Sensitivity: 0.86224
07/28/2026 18:15:36 - INFO - utils.trainer -   Model saved to output_dir/ALTER
07/28/2026 18:15:36 - INFO - utils.trainer -   Best model saved (val_AUC=0.7325)
07/28/2026 18:15:36 - INFO - utils.trainer -   Epoch: 6, Loss: 1.43731, Val loss: 2.17668, Val AUC: 0.7325, Best val AUC: 0.7325, No improve: 0/10, Time: 7.0s
07/28/2026 18:15:43 - INFO - utils.trainer -   ***** Running evaluation on val dataset *****
07/28/2026 18:15:45 - INFO - utils.trainer -   Loss: 2.05631
07/28/2026 18:15:45 - INFO - utils.trainer -   AUC: 0.72221
07/28/2026 18:15:45 - INFO - utils.trainer -   Accuracy: 0.66233
07/28/2026 18:15:45 - INFO - utils.trainer -   Precision: 0.75561
07/28/2026 18:15:45 - INFO - utils.trainer -   Specificity: 0.79626
07/28/2026 18:15:45 - INFO - utils.trainer -   Sensitivity: 0.54619
07/28/2026 18:15:45 - INFO - utils.trainer -   Epoch: 7, Loss: 1.34088, Val loss: 2.05631, Val AUC: 0.7222, Best val AUC: 0.7325, No improve: 1/10, Time: 7.1s
07/28/2026 18:15:53 - INFO - utils.trainer -   ***** Running evaluation on val dataset *****
07/28/2026 18:15:55 - INFO - utils.trainer -   Loss: 2.04726
07/28/2026 18:15:55 - INFO - utils.trainer -   AUC: 0.73302
07/28/2026 18:15:55 - INFO - utils.trainer -   Accuracy: 0.61892
07/28/2026 18:15:55 - INFO - utils.trainer -   Precision: 0.61589
07/28/2026 18:15:55 - INFO - utils.trainer -   Specificity: 0.44860
07/28/2026 18:15:55 - INFO - utils.trainer -   Sensitivity: 0.76661
07/28/2026 18:15:55 - INFO - utils.trainer -   Epoch: 8, Loss: 1.26871, Val loss: 2.04726, Val AUC: 0.7330, Best val AUC: 0.7325, No improve: 2/10, Time: 7.9s
07/28/2026 18:16:02 - INFO - utils.trainer -   ***** Running evaluation on val dataset *****
07/28/2026 18:16:04 - INFO - utils.trainer -   Loss: 2.17661
07/28/2026 18:16:04 - INFO - utils.trainer -   AUC: 0.75508
07/28/2026 18:16:04 - INFO - utils.trainer -   Accuracy: 0.65104
07/28/2026 18:16:04 - INFO - utils.trainer -   Precision: 0.63943
07/28/2026 18:16:04 - INFO - utils.trainer -   Specificity: 0.48037
07/28/2026 18:16:04 - INFO - utils.trainer -   Sensitivity: 0.79903
07/28/2026 18:16:04 - INFO - utils.trainer -   Model saved to output_dir/ALTER
07/28/2026 18:16:04 - INFO - utils.trainer -   Best model saved (val_AUC=0.7551)
07/28/2026 18:16:04 - INFO - utils.trainer -   Epoch: 9, Loss: 1.09153, Val loss: 2.17661, Val AUC: 0.7551, Best val AUC: 0.7551, No improve: 0/10, Time: 7.4s
07/28/2026 18:16:10 - INFO - utils.trainer -   ***** Running evaluation on val dataset *****
07/28/2026 18:16:12 - INFO - utils.trainer -   Loss: 2.14438
07/28/2026 18:16:12 - INFO - utils.trainer -   AUC: 0.75948
07/28/2026 18:16:12 - INFO - utils.trainer -   Accuracy: 0.67622
07/28/2026 18:16:12 - INFO - utils.trainer -   Precision: 0.68598
07/28/2026 18:16:12 - INFO - utils.trainer -   Specificity: 0.61495
07/28/2026 18:16:12 - INFO - utils.trainer -   Sensitivity: 0.72934
07/28/2026 18:16:12 - INFO - utils.trainer -   Model saved to output_dir/ALTER
07/28/2026 18:16:12 - INFO - utils.trainer -   Best model saved (val_AUC=0.7595)
07/28/2026 18:16:12 - INFO - utils.trainer -   Epoch: 10, Loss: 1.05114, Val loss: 2.14438, Val AUC: 0.7595, Best val AUC: 0.7595, No improve: 0/10, Time: 6.1s
07/28/2026 18:16:19 - INFO - utils.trainer -   ***** Running evaluation on val dataset *****
07/28/2026 18:16:21 - INFO - utils.trainer -   Loss: 2.27156
07/28/2026 18:16:21 - INFO - utils.trainer -   AUC: 0.75774
07/28/2026 18:16:21 - INFO - utils.trainer -   Accuracy: 0.68490
07/28/2026 18:16:21 - INFO - utils.trainer -   Precision: 0.70032
07/28/2026 18:16:21 - INFO - utils.trainer -   Specificity: 0.64486
07/28/2026 18:16:21 - INFO - utils.trainer -   Sensitivity: 0.71961
07/28/2026 18:16:21 - INFO - utils.trainer -   Epoch: 11, Loss: 0.94212, Val loss: 2.27156, Val AUC: 0.7577, Best val AUC: 0.7595, No improve: 1/10, Time: 6.6s
07/28/2026 18:16:29 - INFO - utils.trainer -   ***** Running evaluation on val dataset *****
07/28/2026 18:16:30 - INFO - utils.trainer -   Loss: 2.28461
07/28/2026 18:16:30 - INFO - utils.trainer -   AUC: 0.75270
07/28/2026 18:16:30 - INFO - utils.trainer -   Accuracy: 0.68490
07/28/2026 18:16:30 - INFO - utils.trainer -   Precision: 0.72842
07/28/2026 18:16:30 - INFO - utils.trainer -   Specificity: 0.71776
07/28/2026 18:16:30 - INFO - utils.trainer -   Sensitivity: 0.65640
07/28/2026 18:16:30 - INFO - utils.trainer -   Epoch: 12, Loss: 1.00893, Val loss: 2.28461, Val AUC: 0.7527, Best val AUC: 0.7595, No improve: 2/10, Time: 7.8s
07/28/2026 18:16:37 - INFO - utils.trainer -   ***** Running evaluation on val dataset *****
07/28/2026 18:16:39 - INFO - utils.trainer -   Loss: 2.49365
07/28/2026 18:16:39 - INFO - utils.trainer -   AUC: 0.74900
07/28/2026 18:16:39 - INFO - utils.trainer -   Accuracy: 0.67274
07/28/2026 18:16:39 - INFO - utils.trainer -   Precision: 0.69672
07/28/2026 18:16:39 - INFO - utils.trainer -   Specificity: 0.65421
07/28/2026 18:16:39 - INFO - utils.trainer -   Sensitivity: 0.68882
07/28/2026 18:16:39 - INFO - utils.trainer -   Epoch: 13, Loss: 0.91184, Val loss: 2.49365, Val AUC: 0.7490, Best val AUC: 0.7595, No improve: 3/10, Time: 7.1s
07/28/2026 18:16:46 - INFO - utils.trainer -   ***** Running evaluation on val dataset *****
07/28/2026 18:16:48 - INFO - utils.trainer -   Loss: 2.70783
07/28/2026 18:16:48 - INFO - utils.trainer -   AUC: 0.73362
07/28/2026 18:16:48 - INFO - utils.trainer -   Accuracy: 0.61719
07/28/2026 18:16:48 - INFO - utils.trainer -   Precision: 0.60162
07/28/2026 18:16:48 - INFO - utils.trainer -   Specificity: 0.35514
07/28/2026 18:16:48 - INFO - utils.trainer -   Sensitivity: 0.84441
07/28/2026 18:16:48 - INFO - utils.trainer -   Epoch: 14, Loss: 0.73449, Val loss: 2.70783, Val AUC: 0.7336, Best val AUC: 0.7595, No improve: 4/10, Time: 7.1s
07/28/2026 18:16:56 - INFO - utils.trainer -   ***** Running evaluation on val dataset *****
07/28/2026 18:16:58 - INFO - utils.trainer -   Loss: 2.68596
07/28/2026 18:16:58 - INFO - utils.trainer -   AUC: 0.75433
07/28/2026 18:16:58 - INFO - utils.trainer -   Accuracy: 0.69531
07/28/2026 18:16:58 - INFO - utils.trainer -   Precision: 0.75577
07/28/2026 18:16:58 - INFO - utils.trainer -   Specificity: 0.76262
07/28/2026 18:16:58 - INFO - utils.trainer -   Sensitivity: 0.63695
07/28/2026 18:16:58 - INFO - utils.trainer -   Epoch: 15, Loss: 0.79947, Val loss: 2.68596, Val AUC: 0.7543, Best val AUC: 0.7595, No improve: 5/10, Time: 7.5s
07/28/2026 18:17:04 - INFO - utils.trainer -   ***** Running evaluation on val dataset *****
07/28/2026 18:17:06 - INFO - utils.trainer -   Loss: 2.81111
07/28/2026 18:17:06 - INFO - utils.trainer -   AUC: 0.75099
07/28/2026 18:17:06 - INFO - utils.trainer -   Accuracy: 0.67448
07/28/2026 18:17:06 - INFO - utils.trainer -   Precision: 0.68114
07/28/2026 18:17:06 - INFO - utils.trainer -   Specificity: 0.60187
07/28/2026 18:17:06 - INFO - utils.trainer -   Sensitivity: 0.73744
07/28/2026 18:17:06 - INFO - utils.trainer -   Epoch: 16, Loss: 0.76204, Val loss: 2.81111, Val AUC: 0.7510, Best val AUC: 0.7595, No improve: 6/10, Time: 6.9s
07/28/2026 18:17:14 - INFO - utils.trainer -   ***** Running evaluation on val dataset *****
07/28/2026 18:17:16 - INFO - utils.trainer -   Loss: 2.84955
07/28/2026 18:17:16 - INFO - utils.trainer -   AUC: 0.75816
07/28/2026 18:17:16 - INFO - utils.trainer -   Accuracy: 0.69792
07/28/2026 18:17:16 - INFO - utils.trainer -   Precision: 0.78436
07/28/2026 18:17:16 - INFO - utils.trainer -   Specificity: 0.80935
07/28/2026 18:17:16 - INFO - utils.trainer -   Sensitivity: 0.60130
07/28/2026 18:17:16 - INFO - utils.trainer -   Epoch: 17, Loss: 0.75273, Val loss: 2.84955, Val AUC: 0.7582, Best val AUC: 0.7595, No improve: 7/10, Time: 7.7s
07/28/2026 18:17:23 - INFO - utils.trainer -   ***** Running evaluation on val dataset *****
07/28/2026 18:17:25 - INFO - utils.trainer -   Loss: 2.82277
07/28/2026 18:17:25 - INFO - utils.trainer -   AUC: 0.75353
07/28/2026 18:17:25 - INFO - utils.trainer -   Accuracy: 0.67622
07/28/2026 18:17:25 - INFO - utils.trainer -   Precision: 0.67479
07/28/2026 18:17:25 - INFO - utils.trainer -   Specificity: 0.57570
07/28/2026 18:17:25 - INFO - utils.trainer -   Sensitivity: 0.76337
07/28/2026 18:17:25 - INFO - utils.trainer -   Epoch: 18, Loss: 0.69263, Val loss: 2.82277, Val AUC: 0.7535, Best val AUC: 0.7595, No improve: 8/10, Time: 7.3s
07/28/2026 18:17:32 - INFO - utils.trainer -   ***** Running evaluation on val dataset *****
07/28/2026 18:17:34 - INFO - utils.trainer -   Loss: 2.70277
07/28/2026 18:17:34 - INFO - utils.trainer -   AUC: 0.74503
07/28/2026 18:17:34 - INFO - utils.trainer -   Accuracy: 0.67188
07/28/2026 18:17:34 - INFO - utils.trainer -   Precision: 0.67916
07/28/2026 18:17:34 - INFO - utils.trainer -   Specificity: 0.60000
07/28/2026 18:17:34 - INFO - utils.trainer -   Sensitivity: 0.73420
07/28/2026 18:17:34 - INFO - utils.trainer -   Epoch: 19, Loss: 0.64361, Val loss: 2.70277, Val AUC: 0.7450, Best val AUC: 0.7595, No improve: 9/10, Time: 7.8s
07/28/2026 18:17:42 - INFO - utils.trainer -   ***** Running evaluation on val dataset *****
07/28/2026 18:17:44 - INFO - utils.trainer -   Loss: 3.05895
07/28/2026 18:17:44 - INFO - utils.trainer -   AUC: 0.75787
07/28/2026 18:17:44 - INFO - utils.trainer -   Accuracy: 0.68316
07/28/2026 18:17:44 - INFO - utils.trainer -   Precision: 0.68750
07/28/2026 18:17:44 - INFO - utils.trainer -   Specificity: 0.60748
07/28/2026 18:17:44 - INFO - utils.trainer -   Sensitivity: 0.74878
07/28/2026 18:17:44 - INFO - utils.trainer -   Epoch: 20, Loss: 0.66414, Val loss: 3.05895, Val AUC: 0.7579, Best val AUC: 0.7595, No improve: 10/10, Time: 7.6s
07/28/2026 18:17:44 - INFO - utils.trainer -   Early stopping triggered at epoch 20
07/28/2026 18:17:44 - INFO - utils.trainer -   Early stopping triggered at epoch 20
07/28/2026 18:17:44 - INFO - utils.trainer -   Early stopping triggered at epoch 20
07/28/2026 18:17:44 - INFO - utils.trainer -   Early stopping triggered at epoch 20
07/28/2026 18:17:44 - INFO - utils.trainer -     7 keys not in checkpoint (kept from init)
07/28/2026 18:17:44 - INFO - utils.trainer -   Model loaded from output_dir/ALTER/ALTER-0.bin (26/26 keys)
07/28/2026 18:17:44 - INFO - utils.trainer -   ***** Running evaluation on test dataset *****
07/28/2026 18:17:44 - INFO - utils.trainer -     7 keys not in checkpoint (kept from init)
07/28/2026 18:17:44 - INFO - utils.trainer -   Model loaded from output_dir/ALTER/ALTER-0.bin (26/26 keys)
07/28/2026 18:17:44 - INFO - utils.trainer -     7 keys not in checkpoint (kept from init)
07/28/2026 18:17:44 - INFO - utils.trainer -   Model loaded from output_dir/ALTER/ALTER-0.bin (26/26 keys)
07/28/2026 18:17:44 - INFO - utils.trainer -     7 keys not in checkpoint (kept from init)
07/28/2026 18:17:44 - INFO - utils.trainer -   Model loaded from output_dir/ALTER/ALTER-0.bin (26/26 keys)
07/28/2026 18:17:46 - INFO - utils.trainer -   Loss: 2.16229
07/28/2026 18:17:46 - INFO - utils.trainer -   AUC: 0.75415
07/28/2026 18:17:46 - INFO - utils.trainer -   Accuracy: 0.68158
07/28/2026 18:17:46 - INFO - utils.trainer -   Precision: 0.69547
07/28/2026 18:17:46 - INFO - utils.trainer -   Specificity: 0.54878
07/28/2026 18:17:46 - INFO - utils.trainer -   Sensitivity: 0.78241
07/28/2026 18:17:46 - INFO - utils.trainer -   === Best epoch test result ===
07/28/2026 18:17:46 - INFO - utils.trainer -     Loss: 2.16229
07/28/2026 18:17:46 - INFO - utils.trainer -     AUC: 0.75415
07/28/2026 18:17:46 - INFO - utils.trainer -     Accuracy: 0.68158
07/28/2026 18:17:46 - INFO - utils.trainer -     Precision: 0.69547
07/28/2026 18:17:46 - INFO - utils.trainer -     Specificity: 0.54878
07/28/2026 18:17:46 - INFO - utils.trainer -     Sensitivity: 0.78241
07/28/2026 18:17:46 - INFO - utils.trainer -   Model saved to output_dir/ALTER/final-epoch-200
07/28/2026 18:17:46 - INFO - utils.trainer -   Final model saved at epoch 200
