08/02/2026 23:53:52 - INFO - __main__ -   ########## Repeat:0 ##########
08/02/2026 23:53:52 - INFO - utils.trainer -   ***** Running training *****
08/02/2026 23:53:52 - INFO - utils.trainer -     Num examples = 1536
08/02/2026 23:53:52 - INFO - utils.trainer -     Num Epochs = 200
08/02/2026 23:53:52 - INFO - utils.trainer -     Total train batch size = 2
08/02/2026 23:53:52 - INFO - utils.trainer -     warmup steps = 400
08/02/2026 23:53:52 - INFO - utils.trainer -     Total optimization steps = 307200
08/02/2026 23:53:52 - INFO - utils.trainer -     Save steps = 200
08/03/2026 00:05:57 - INFO - __main__ -   ########## Repeat:0 ##########
08/03/2026 00:05:57 - INFO - utils.trainer -   ***** Running training *****
08/03/2026 00:05:57 - INFO - utils.trainer -     Num examples = 799
08/03/2026 00:05:57 - INFO - utils.trainer -     Num Epochs = 200
08/03/2026 00:05:57 - INFO - utils.trainer -     Total train batch size = 2
08/03/2026 00:05:57 - INFO - utils.trainer -     warmup steps = 400
08/03/2026 00:05:57 - INFO - utils.trainer -     Total optimization steps = 159800
08/03/2026 00:05:57 - INFO - utils.trainer -     Save steps = 200
08/03/2026 00:06:31 - INFO - utils.trainer -   ***** Running evaluation on val dataset *****
08/03/2026 00:06:37 - INFO - utils.trainer -   Loss: 1.39767
08/03/2026 00:06:37 - INFO - utils.trainer -   AUC: 0.71829
08/03/2026 00:06:37 - INFO - utils.trainer -   Accuracy: 0.62021
08/03/2026 00:06:37 - INFO - utils.trainer -   Precision: 0.60621
08/03/2026 00:06:37 - INFO - utils.trainer -   Specificity: 0.36683
08/03/2026 00:06:37 - INFO - utils.trainer -   Sensitivity: 0.83807
08/03/2026 00:06:37 - INFO - utils.trainer -   Model saved to output_dir/ALTER_TUAB_train
08/03/2026 00:06:37 - INFO - utils.trainer -   Best model saved (val_AUC=0.7183)
08/03/2026 00:06:37 - INFO - utils.trainer -   Epoch: 1, Loss: 1.14970, Val loss: 1.39767, Val AUC: 0.7183, Best val AUC: 0.7183, No improve: 0/25, Time: 34.7s
08/03/2026 00:21:07 - INFO - __main__ -   ########## Repeat:0 ##########
08/03/2026 00:21:07 - INFO - utils.trainer -   ***** Running training *****
08/03/2026 00:21:07 - INFO - utils.trainer -     Num examples = 750
08/03/2026 00:21:07 - INFO - utils.trainer -     Num Epochs = 200
08/03/2026 00:21:07 - INFO - utils.trainer -     Total train batch size = 2
08/03/2026 00:21:07 - INFO - utils.trainer -     warmup steps = 400
08/03/2026 00:21:07 - INFO - utils.trainer -     Total optimization steps = 150000
08/03/2026 00:21:07 - INFO - utils.trainer -     Save steps = 200
08/03/2026 00:21:40 - INFO - utils.trainer -   ***** Running evaluation on val dataset *****
08/03/2026 00:21:45 - INFO - utils.trainer -   Loss: 1.18815
08/03/2026 00:21:45 - INFO - utils.trainer -   AUC: 0.77976
08/03/2026 00:21:45 - INFO - utils.trainer -   Accuracy: 0.71833
08/03/2026 00:21:45 - INFO - utils.trainer -   Precision: 0.69796
08/03/2026 00:21:45 - INFO - utils.trainer -   Specificity: 0.64905
08/03/2026 00:21:45 - INFO - utils.trainer -   Sensitivity: 0.78543
08/03/2026 00:21:45 - INFO - utils.trainer -   Model saved to output_dir/ALTER_TUAB_train
08/03/2026 00:21:45 - INFO - utils.trainer -   Best model saved (val_AUC=0.7798)
08/03/2026 00:21:45 - INFO - utils.trainer -   Epoch: 1, Loss: 1.19266, Val loss: 1.18815, Val AUC: 0.7798, Best val AUC: 0.7798, No improve: 0/25, Time: 33.6s
08/03/2026 00:22:19 - INFO - utils.trainer -   ***** Running evaluation on val dataset *****
08/03/2026 00:22:24 - INFO - utils.trainer -   Loss: 1.16242
08/03/2026 00:22:24 - INFO - utils.trainer -   AUC: 0.78280
08/03/2026 00:22:24 - INFO - utils.trainer -   Accuracy: 0.70867
08/03/2026 00:22:24 - INFO - utils.trainer -   Precision: 0.69649
08/03/2026 00:22:24 - INFO - utils.trainer -   Specificity: 0.65989
08/03/2026 00:22:24 - INFO - utils.trainer -   Sensitivity: 0.75591
08/03/2026 00:22:24 - INFO - utils.trainer -   Model saved to output_dir/ALTER_TUAB_train
08/03/2026 00:22:24 - INFO - utils.trainer -   Best model saved (val_AUC=0.7828)
08/03/2026 00:22:24 - INFO - utils.trainer -   Epoch: 2, Loss: 1.04181, Val loss: 1.16242, Val AUC: 0.7828, Best val AUC: 0.7828, No improve: 0/25, Time: 33.4s
08/03/2026 01:19:24 - INFO - __main__ -   ########## Repeat:0 ##########
08/03/2026 01:19:24 - INFO - utils.trainer -   ***** Running training *****
08/03/2026 01:19:24 - INFO - utils.trainer -     Num examples = 1025
08/03/2026 01:19:24 - INFO - utils.trainer -     Num Epochs = 200
08/03/2026 01:19:24 - INFO - utils.trainer -     Total train batch size = 2
08/03/2026 01:19:24 - INFO - utils.trainer -     warmup steps = 400
08/03/2026 01:19:24 - INFO - utils.trainer -     Total optimization steps = 205000
08/03/2026 01:19:24 - INFO - utils.trainer -     Save steps = 200
08/03/2026 01:20:08 - INFO - utils.trainer -   ***** Running evaluation on val dataset *****
08/03/2026 01:20:16 - INFO - utils.trainer -   Loss: 1.14788
08/03/2026 01:20:16 - INFO - utils.trainer -   AUC: 0.76582
08/03/2026 01:20:16 - INFO - utils.trainer -   Accuracy: 0.69646
08/03/2026 01:20:16 - INFO - utils.trainer -   Precision: 0.71590
08/03/2026 01:20:16 - INFO - utils.trainer -   Specificity: 0.74457
08/03/2026 01:20:16 - INFO - utils.trainer -   Sensitivity: 0.64803
08/03/2026 01:20:16 - INFO - utils.trainer -   Model saved to output_dir/ALTER_TUAB_train
08/03/2026 01:20:16 - INFO - utils.trainer -   Best model saved (val_AUC=0.7658)
08/03/2026 01:20:16 - INFO - utils.trainer -   Epoch: 1, Loss: 1.18874, Val loss: 1.14788, Val AUC: 0.7658, Best val AUC: 0.7658, No improve: 0/25, Time: 44.6s
