08/01/2026 13:02:12 - INFO - __main__ -   ########## Repeat:0 ##########
08/01/2026 13:02:12 - INFO - utils.trainer -   ***** Running training *****
08/01/2026 13:02:12 - INFO - utils.trainer -     Num examples = 48
08/01/2026 13:02:12 - INFO - utils.trainer -     Num Epochs = 200
08/01/2026 13:02:12 - INFO - utils.trainer -     Total train batch size = 3
08/01/2026 13:02:12 - INFO - utils.trainer -     warmup steps = 400
08/01/2026 13:02:12 - INFO - utils.trainer -     Total optimization steps = 9600
08/01/2026 13:02:12 - INFO - utils.trainer -     Save steps = 25
08/01/2026 13:02:34 - INFO - utils.trainer -   ***** Running evaluation on val dataset *****
08/01/2026 13:02:37 - INFO - utils.trainer -   Loss: 0.70305
08/01/2026 13:02:37 - INFO - utils.trainer -   AUC: 0.54129
08/01/2026 13:02:37 - INFO - utils.trainer -   Accuracy: 0.53125
08/01/2026 13:02:37 - INFO - utils.trainer -   Precision: 0.53125
08/01/2026 13:02:37 - INFO - utils.trainer -   Specificity: 0.00000
08/01/2026 13:02:37 - INFO - utils.trainer -   Sensitivity: 1.00000
08/01/2026 13:02:38 - INFO - utils.trainer -   Model saved to output_dir/TimeLLM_Beirut_train
08/01/2026 13:02:38 - INFO - utils.trainer -   Best model saved (val_AUC=0.5413)
08/01/2026 13:02:38 - INFO - utils.trainer -   Epoch: 1, Loss: 1.03288, Val loss: 0.70305, Val AUC: 0.5413, Best val AUC: 0.5413, No improve: 0/10, Time: 21.7s
08/01/2026 13:02:59 - INFO - utils.trainer -   ***** Running evaluation on val dataset *****
08/01/2026 13:03:01 - INFO - utils.trainer -   Loss: 0.74415
08/01/2026 13:03:01 - INFO - utils.trainer -   AUC: 0.53824
08/01/2026 13:03:01 - INFO - utils.trainer -   Accuracy: 0.46875
08/01/2026 13:03:01 - INFO - utils.trainer -   Precision: 0.00000
08/01/2026 13:03:01 - INFO - utils.trainer -   Specificity: 1.00000
08/01/2026 13:03:01 - INFO - utils.trainer -   Sensitivity: 0.00000
08/01/2026 13:03:01 - INFO - utils.trainer -   Epoch: 2, Loss: 0.82226, Val loss: 0.74415, Val AUC: 0.5382, Best val AUC: 0.5413, No improve: 1/10, Time: 21.1s
08/01/2026 13:03:22 - INFO - utils.trainer -   ***** Running evaluation on val dataset *****
08/01/2026 13:03:25 - INFO - utils.trainer -   Loss: 0.72323
08/01/2026 13:03:25 - INFO - utils.trainer -   AUC: 0.41133
08/01/2026 13:03:25 - INFO - utils.trainer -   Accuracy: 0.46875
08/01/2026 13:03:25 - INFO - utils.trainer -   Precision: 0.00000
08/01/2026 13:03:25 - INFO - utils.trainer -   Specificity: 1.00000
08/01/2026 13:03:25 - INFO - utils.trainer -   Sensitivity: 0.00000
08/01/2026 13:03:25 - INFO - utils.trainer -   Epoch: 3, Loss: 0.81231, Val loss: 0.72323, Val AUC: 0.4113, Best val AUC: 0.5413, No improve: 2/10, Time: 21.1s
08/01/2026 13:03:46 - INFO - utils.trainer -   ***** Running evaluation on val dataset *****
08/01/2026 13:03:48 - INFO - utils.trainer -   Loss: 0.70877
08/01/2026 13:03:48 - INFO - utils.trainer -   AUC: 0.45327
08/01/2026 13:03:48 - INFO - utils.trainer -   Accuracy: 0.53125
08/01/2026 13:03:48 - INFO - utils.trainer -   Precision: 0.53125
08/01/2026 13:03:48 - INFO - utils.trainer -   Specificity: 0.00000
08/01/2026 13:03:48 - INFO - utils.trainer -   Sensitivity: 1.00000
08/01/2026 13:03:48 - INFO - utils.trainer -   Epoch: 4, Loss: 0.82270, Val loss: 0.70877, Val AUC: 0.4533, Best val AUC: 0.5413, No improve: 3/10, Time: 21.1s
08/01/2026 13:04:09 - INFO - utils.trainer -   ***** Running evaluation on val dataset *****
08/01/2026 13:04:12 - INFO - utils.trainer -   Loss: 0.71805
08/01/2026 13:04:12 - INFO - utils.trainer -   AUC: 0.48791
08/01/2026 13:04:12 - INFO - utils.trainer -   Accuracy: 0.53125
08/01/2026 13:04:12 - INFO - utils.trainer -   Precision: 0.53125
08/01/2026 13:04:12 - INFO - utils.trainer -   Specificity: 0.00000
08/01/2026 13:04:12 - INFO - utils.trainer -   Sensitivity: 1.00000
08/01/2026 13:04:12 - INFO - utils.trainer -   Epoch: 5, Loss: 0.83984, Val loss: 0.71805, Val AUC: 0.4879, Best val AUC: 0.5413, No improve: 4/10, Time: 21.1s
08/01/2026 13:04:33 - INFO - utils.trainer -   ***** Running evaluation on val dataset *****
08/01/2026 13:04:35 - INFO - utils.trainer -   Loss: 0.84997
08/01/2026 13:04:35 - INFO - utils.trainer -   AUC: 0.46950
08/01/2026 13:04:35 - INFO - utils.trainer -   Accuracy: 0.46875
08/01/2026 13:04:35 - INFO - utils.trainer -   Precision: 0.00000
08/01/2026 13:04:35 - INFO - utils.trainer -   Specificity: 1.00000
08/01/2026 13:04:35 - INFO - utils.trainer -   Sensitivity: 0.00000
08/01/2026 13:04:35 - INFO - utils.trainer -   Epoch: 6, Loss: 0.78234, Val loss: 0.84997, Val AUC: 0.4695, Best val AUC: 0.5413, No improve: 5/10, Time: 21.2s
08/01/2026 13:04:57 - INFO - utils.trainer -   ***** Running evaluation on val dataset *****
08/01/2026 13:04:59 - INFO - utils.trainer -   Loss: 0.74029
08/01/2026 13:04:59 - INFO - utils.trainer -   AUC: 0.58660
08/01/2026 13:04:59 - INFO - utils.trainer -   Accuracy: 0.46875
08/01/2026 13:04:59 - INFO - utils.trainer -   Precision: 0.00000
08/01/2026 13:04:59 - INFO - utils.trainer -   Specificity: 1.00000
08/01/2026 13:04:59 - INFO - utils.trainer -   Sensitivity: 0.00000
08/01/2026 13:05:00 - INFO - utils.trainer -   Model saved to output_dir/TimeLLM_Beirut_train
08/01/2026 13:05:00 - INFO - utils.trainer -   Best model saved (val_AUC=0.5866)
08/01/2026 13:05:00 - INFO - utils.trainer -   Epoch: 7, Loss: 0.79556, Val loss: 0.74029, Val AUC: 0.5866, Best val AUC: 0.5866, No improve: 0/10, Time: 21.2s
08/01/2026 13:05:21 - INFO - utils.trainer -   ***** Running evaluation on val dataset *****
08/01/2026 13:05:24 - INFO - utils.trainer -   Loss: 0.73786
08/01/2026 13:05:24 - INFO - utils.trainer -   AUC: 0.50458
08/01/2026 13:05:24 - INFO - utils.trainer -   Accuracy: 0.46875
08/01/2026 13:05:24 - INFO - utils.trainer -   Precision: 0.00000
08/01/2026 13:05:24 - INFO - utils.trainer -   Specificity: 1.00000
08/01/2026 13:05:24 - INFO - utils.trainer -   Sensitivity: 0.00000
08/01/2026 13:05:24 - INFO - utils.trainer -   Epoch: 8, Loss: 0.76570, Val loss: 0.73786, Val AUC: 0.5046, Best val AUC: 0.5866, No improve: 1/10, Time: 21.1s
08/01/2026 13:05:45 - INFO - utils.trainer -   ***** Running evaluation on val dataset *****
08/01/2026 13:05:47 - INFO - utils.trainer -   Loss: 0.69858
08/01/2026 13:05:47 - INFO - utils.trainer -   AUC: 0.58660
08/01/2026 13:05:47 - INFO - utils.trainer -   Accuracy: 0.46875
08/01/2026 13:05:47 - INFO - utils.trainer -   Precision: 0.00000
08/01/2026 13:05:47 - INFO - utils.trainer -   Specificity: 1.00000
08/01/2026 13:05:47 - INFO - utils.trainer -   Sensitivity: 0.00000
08/01/2026 13:05:47 - INFO - utils.trainer -   Epoch: 9, Loss: 0.73515, Val loss: 0.69858, Val AUC: 0.5866, Best val AUC: 0.5866, No improve: 2/10, Time: 21.2s
08/01/2026 13:06:09 - INFO - utils.trainer -   ***** Running evaluation on val dataset *****
08/01/2026 13:06:11 - INFO - utils.trainer -   Loss: 0.73086
08/01/2026 13:06:11 - INFO - utils.trainer -   AUC: 0.47832
08/01/2026 13:06:11 - INFO - utils.trainer -   Accuracy: 0.46875
08/01/2026 13:06:11 - INFO - utils.trainer -   Precision: 0.00000
08/01/2026 13:06:11 - INFO - utils.trainer -   Specificity: 1.00000
08/01/2026 13:06:11 - INFO - utils.trainer -   Sensitivity: 0.00000
08/01/2026 13:06:11 - INFO - utils.trainer -   Epoch: 10, Loss: 0.73553, Val loss: 0.73086, Val AUC: 0.4783, Best val AUC: 0.5866, No improve: 3/10, Time: 21.2s
08/01/2026 13:06:32 - INFO - utils.trainer -   ***** Running evaluation on val dataset *****
08/01/2026 13:06:35 - INFO - utils.trainer -   Loss: 0.68782
08/01/2026 13:06:35 - INFO - utils.trainer -   AUC: 0.58954
08/01/2026 13:06:35 - INFO - utils.trainer -   Accuracy: 0.56771
08/01/2026 13:06:35 - INFO - utils.trainer -   Precision: 0.55828
08/01/2026 13:06:35 - INFO - utils.trainer -   Specificity: 0.20000
08/01/2026 13:06:35 - INFO - utils.trainer -   Sensitivity: 0.89216
08/01/2026 13:06:36 - INFO - utils.trainer -   Model saved to output_dir/TimeLLM_Beirut_train
08/01/2026 13:06:36 - INFO - utils.trainer -   Best model saved (val_AUC=0.5895)
08/01/2026 13:06:36 - INFO - utils.trainer -   Epoch: 11, Loss: 0.74186, Val loss: 0.68782, Val AUC: 0.5895, Best val AUC: 0.5895, No improve: 0/10, Time: 21.1s
08/01/2026 13:06:57 - INFO - utils.trainer -   ***** Running evaluation on val dataset *****
08/01/2026 13:06:59 - INFO - utils.trainer -   Loss: 0.86418
08/01/2026 13:06:59 - INFO - utils.trainer -   AUC: 0.63366
08/01/2026 13:06:59 - INFO - utils.trainer -   Accuracy: 0.46875
08/01/2026 13:06:59 - INFO - utils.trainer -   Precision: 0.00000
08/01/2026 13:06:59 - INFO - utils.trainer -   Specificity: 1.00000
08/01/2026 13:06:59 - INFO - utils.trainer -   Sensitivity: 0.00000
08/01/2026 13:07:00 - INFO - utils.trainer -   Model saved to output_dir/TimeLLM_Beirut_train
08/01/2026 13:07:00 - INFO - utils.trainer -   Best model saved (val_AUC=0.6337)
08/01/2026 13:07:00 - INFO - utils.trainer -   Epoch: 12, Loss: 0.70481, Val loss: 0.86418, Val AUC: 0.6337, Best val AUC: 0.6337, No improve: 0/10, Time: 21.1s
08/01/2026 13:07:21 - INFO - utils.trainer -   ***** Running evaluation on val dataset *****
08/01/2026 13:07:24 - INFO - utils.trainer -   Loss: 0.69197
08/01/2026 13:07:24 - INFO - utils.trainer -   AUC: 0.62680
08/01/2026 13:07:24 - INFO - utils.trainer -   Accuracy: 0.53125
08/01/2026 13:07:24 - INFO - utils.trainer -   Precision: 0.92857
08/01/2026 13:07:24 - INFO - utils.trainer -   Specificity: 0.98889
08/01/2026 13:07:24 - INFO - utils.trainer -   Sensitivity: 0.12745
08/01/2026 13:07:24 - INFO - utils.trainer -   Epoch: 13, Loss: 0.73262, Val loss: 0.69197, Val AUC: 0.6268, Best val AUC: 0.6337, No improve: 1/10, Time: 21.2s
08/01/2026 13:07:45 - INFO - utils.trainer -   ***** Running evaluation on val dataset *****
08/01/2026 13:07:47 - INFO - utils.trainer -   Loss: 1.33176
08/01/2026 13:07:47 - INFO - utils.trainer -   AUC: 0.61460
08/01/2026 13:07:47 - INFO - utils.trainer -   Accuracy: 0.53125
08/01/2026 13:07:47 - INFO - utils.trainer -   Precision: 0.53125
08/01/2026 13:07:47 - INFO - utils.trainer -   Specificity: 0.00000
08/01/2026 13:07:47 - INFO - utils.trainer -   Sensitivity: 1.00000
08/01/2026 13:07:47 - INFO - utils.trainer -   Epoch: 14, Loss: 0.75447, Val loss: 1.33176, Val AUC: 0.6146, Best val AUC: 0.6337, No improve: 2/10, Time: 21.1s
08/01/2026 13:08:08 - INFO - utils.trainer -   ***** Running evaluation on val dataset *****
08/01/2026 13:08:11 - INFO - utils.trainer -   Loss: 0.70408
08/01/2026 13:08:11 - INFO - utils.trainer -   AUC: 0.58355
08/01/2026 13:08:11 - INFO - utils.trainer -   Accuracy: 0.53125
08/01/2026 13:08:11 - INFO - utils.trainer -   Precision: 0.53125
08/01/2026 13:08:11 - INFO - utils.trainer -   Specificity: 0.00000
08/01/2026 13:08:11 - INFO - utils.trainer -   Sensitivity: 1.00000
08/01/2026 13:08:11 - INFO - utils.trainer -   Epoch: 15, Loss: 0.79529, Val loss: 0.70408, Val AUC: 0.5836, Best val AUC: 0.6337, No improve: 3/10, Time: 21.1s
08/01/2026 13:08:32 - INFO - utils.trainer -   ***** Running evaluation on val dataset *****
08/01/2026 13:08:34 - INFO - utils.trainer -   Loss: 0.71454
08/01/2026 13:08:34 - INFO - utils.trainer -   AUC: 0.51623
08/01/2026 13:08:34 - INFO - utils.trainer -   Accuracy: 0.46875
08/01/2026 13:08:34 - INFO - utils.trainer -   Precision: 0.00000
08/01/2026 13:08:34 - INFO - utils.trainer -   Specificity: 1.00000
08/01/2026 13:08:34 - INFO - utils.trainer -   Sensitivity: 0.00000
08/01/2026 13:08:34 - INFO - utils.trainer -   Epoch: 16, Loss: 0.74231, Val loss: 0.71454, Val AUC: 0.5162, Best val AUC: 0.6337, No improve: 4/10, Time: 21.1s
08/01/2026 13:08:56 - INFO - utils.trainer -   ***** Running evaluation on val dataset *****
08/01/2026 13:08:58 - INFO - utils.trainer -   Loss: 0.70762
08/01/2026 13:08:58 - INFO - utils.trainer -   AUC: 0.54281
08/01/2026 13:08:58 - INFO - utils.trainer -   Accuracy: 0.51042
08/01/2026 13:08:58 - INFO - utils.trainer -   Precision: 0.52941
08/01/2026 13:08:58 - INFO - utils.trainer -   Specificity: 0.28889
08/01/2026 13:08:58 - INFO - utils.trainer -   Sensitivity: 0.70588
08/01/2026 13:08:58 - INFO - utils.trainer -   Epoch: 17, Loss: 0.73935, Val loss: 0.70762, Val AUC: 0.5428, Best val AUC: 0.6337, No improve: 5/10, Time: 21.1s
08/01/2026 13:09:19 - INFO - utils.trainer -   ***** Running evaluation on val dataset *****
08/01/2026 13:09:22 - INFO - utils.trainer -   Loss: 0.68306
08/01/2026 13:09:22 - INFO - utils.trainer -   AUC: 0.67190
08/01/2026 13:09:22 - INFO - utils.trainer -   Accuracy: 0.55208
08/01/2026 13:09:22 - INFO - utils.trainer -   Precision: 0.54444
08/01/2026 13:09:22 - INFO - utils.trainer -   Specificity: 0.08889
08/01/2026 13:09:22 - INFO - utils.trainer -   Sensitivity: 0.96078
08/01/2026 13:09:23 - INFO - utils.trainer -   Model saved to output_dir/TimeLLM_Beirut_train
08/01/2026 13:09:23 - INFO - utils.trainer -   Best model saved (val_AUC=0.6719)
08/01/2026 13:09:23 - INFO - utils.trainer -   Epoch: 18, Loss: 0.69558, Val loss: 0.68306, Val AUC: 0.6719, Best val AUC: 0.6719, No improve: 0/10, Time: 21.1s
08/01/2026 13:09:44 - INFO - utils.trainer -   ***** Running evaluation on val dataset *****
08/01/2026 13:09:46 - INFO - utils.trainer -   Loss: 0.73988
08/01/2026 13:09:46 - INFO - utils.trainer -   AUC: 0.62582
08/01/2026 13:09:46 - INFO - utils.trainer -   Accuracy: 0.53646
08/01/2026 13:09:46 - INFO - utils.trainer -   Precision: 0.80952
08/01/2026 13:09:46 - INFO - utils.trainer -   Specificity: 0.95556
08/01/2026 13:09:46 - INFO - utils.trainer -   Sensitivity: 0.16667
08/01/2026 13:09:46 - INFO - utils.trainer -   Epoch: 19, Loss: 0.69751, Val loss: 0.73988, Val AUC: 0.6258, Best val AUC: 0.6719, No improve: 1/10, Time: 21.2s
08/01/2026 13:10:07 - INFO - utils.trainer -   ***** Running evaluation on val dataset *****
08/01/2026 13:10:10 - INFO - utils.trainer -   Loss: 0.72702
08/01/2026 13:10:10 - INFO - utils.trainer -   AUC: 0.67887
08/01/2026 13:10:10 - INFO - utils.trainer -   Accuracy: 0.53646
08/01/2026 13:10:10 - INFO - utils.trainer -   Precision: 0.80952
08/01/2026 13:10:10 - INFO - utils.trainer -   Specificity: 0.95556
08/01/2026 13:10:10 - INFO - utils.trainer -   Sensitivity: 0.16667
08/01/2026 13:10:11 - INFO - utils.trainer -   Model saved to output_dir/TimeLLM_Beirut_train
08/01/2026 13:10:11 - INFO - utils.trainer -   Best model saved (val_AUC=0.6789)
08/01/2026 13:10:11 - INFO - utils.trainer -   Epoch: 20, Loss: 0.64732, Val loss: 0.72702, Val AUC: 0.6789, Best val AUC: 0.6789, No improve: 0/10, Time: 21.1s
08/01/2026 13:10:32 - INFO - utils.trainer -   ***** Running evaluation on val dataset *****
08/01/2026 13:10:35 - INFO - utils.trainer -   Loss: 0.69901
08/01/2026 13:10:35 - INFO - utils.trainer -   AUC: 0.71078
08/01/2026 13:10:35 - INFO - utils.trainer -   Accuracy: 0.56250
08/01/2026 13:10:35 - INFO - utils.trainer -   Precision: 0.80000
08/01/2026 13:10:35 - INFO - utils.trainer -   Specificity: 0.93333
08/01/2026 13:10:35 - INFO - utils.trainer -   Sensitivity: 0.23529
08/01/2026 13:10:35 - INFO - utils.trainer -   Model saved to output_dir/TimeLLM_Beirut_train
08/01/2026 13:10:35 - INFO - utils.trainer -   Best model saved (val_AUC=0.7108)
08/01/2026 13:10:35 - INFO - utils.trainer -   Epoch: 21, Loss: 0.67509, Val loss: 0.69901, Val AUC: 0.7108, Best val AUC: 0.7108, No improve: 0/10, Time: 21.2s
08/01/2026 13:10:57 - INFO - utils.trainer -   ***** Running evaluation on val dataset *****
08/01/2026 13:10:59 - INFO - utils.trainer -   Loss: 0.73015
08/01/2026 13:10:59 - INFO - utils.trainer -   AUC: 0.68878
08/01/2026 13:10:59 - INFO - utils.trainer -   Accuracy: 0.54167
08/01/2026 13:10:59 - INFO - utils.trainer -   Precision: 0.69444
08/01/2026 13:10:59 - INFO - utils.trainer -   Specificity: 0.87778
08/01/2026 13:10:59 - INFO - utils.trainer -   Sensitivity: 0.24510
08/01/2026 13:10:59 - INFO - utils.trainer -   Epoch: 22, Loss: 0.59672, Val loss: 0.73015, Val AUC: 0.6888, Best val AUC: 0.7108, No improve: 1/10, Time: 21.1s
08/01/2026 13:11:20 - INFO - utils.trainer -   ***** Running evaluation on val dataset *****
08/01/2026 13:11:23 - INFO - utils.trainer -   Loss: 0.69053
08/01/2026 13:11:23 - INFO - utils.trainer -   AUC: 0.66307
08/01/2026 13:11:23 - INFO - utils.trainer -   Accuracy: 0.64583
08/01/2026 13:11:23 - INFO - utils.trainer -   Precision: 0.67000
08/01/2026 13:11:23 - INFO - utils.trainer -   Specificity: 0.63333
08/01/2026 13:11:23 - INFO - utils.trainer -   Sensitivity: 0.65686
08/01/2026 13:11:23 - INFO - utils.trainer -   Epoch: 23, Loss: 0.71134, Val loss: 0.69053, Val AUC: 0.6631, Best val AUC: 0.7108, No improve: 2/10, Time: 21.1s
08/01/2026 13:11:44 - INFO - utils.trainer -   ***** Running evaluation on val dataset *****
08/01/2026 13:11:47 - INFO - utils.trainer -   Loss: 0.64135
08/01/2026 13:11:47 - INFO - utils.trainer -   AUC: 0.72418
08/01/2026 13:11:47 - INFO - utils.trainer -   Accuracy: 0.68229
08/01/2026 13:11:47 - INFO - utils.trainer -   Precision: 0.69159
08/01/2026 13:11:47 - INFO - utils.trainer -   Specificity: 0.63333
08/01/2026 13:11:47 - INFO - utils.trainer -   Sensitivity: 0.72549
08/01/2026 13:11:48 - INFO - utils.trainer -   Model saved to output_dir/TimeLLM_Beirut_train
08/01/2026 13:11:48 - INFO - utils.trainer -   Best model saved (val_AUC=0.7242)
08/01/2026 13:11:48 - INFO - utils.trainer -   Epoch: 24, Loss: 0.61982, Val loss: 0.64135, Val AUC: 0.7242, Best val AUC: 0.7242, No improve: 0/10, Time: 21.1s
08/01/2026 13:12:10 - INFO - utils.trainer -   ***** Running evaluation on val dataset *****
08/01/2026 13:12:13 - INFO - utils.trainer -   Loss: 0.68406
08/01/2026 13:12:13 - INFO - utils.trainer -   AUC: 0.68203
08/01/2026 13:12:13 - INFO - utils.trainer -   Accuracy: 0.61458
08/01/2026 13:12:13 - INFO - utils.trainer -   Precision: 0.61111
08/01/2026 13:12:13 - INFO - utils.trainer -   Specificity: 0.45556
08/01/2026 13:12:13 - INFO - utils.trainer -   Sensitivity: 0.75490
08/01/2026 13:12:13 - INFO - utils.trainer -   Model saved to output_dir/TimeLLM_Beirut_train/checkpoint-epoch-25
08/01/2026 13:12:13 - INFO - utils.trainer -   Checkpoint saved at epoch 25
08/01/2026 13:12:13 - INFO - utils.trainer -   Epoch: 25, Loss: 0.59849, Val loss: 0.68406, Val AUC: 0.6820, Best val AUC: 0.7242, No improve: 1/10, Time: 22.3s
08/01/2026 13:12:35 - INFO - utils.trainer -   ***** Running evaluation on val dataset *****
08/01/2026 13:12:37 - INFO - utils.trainer -   Loss: 0.77256
08/01/2026 13:12:37 - INFO - utils.trainer -   AUC: 0.70697
08/01/2026 13:12:37 - INFO - utils.trainer -   Accuracy: 0.58333
08/01/2026 13:12:37 - INFO - utils.trainer -   Precision: 0.78947
08/01/2026 13:12:37 - INFO - utils.trainer -   Specificity: 0.91111
08/01/2026 13:12:37 - INFO - utils.trainer -   Sensitivity: 0.29412
08/01/2026 13:12:37 - INFO - utils.trainer -   Epoch: 26, Loss: 0.55059, Val loss: 0.77256, Val AUC: 0.7070, Best val AUC: 0.7242, No improve: 2/10, Time: 21.2s
08/01/2026 13:12:58 - INFO - utils.trainer -   ***** Running evaluation on val dataset *****
08/01/2026 13:13:01 - INFO - utils.trainer -   Loss: 0.67819
08/01/2026 13:13:01 - INFO - utils.trainer -   AUC: 0.69368
08/01/2026 13:13:01 - INFO - utils.trainer -   Accuracy: 0.61458
08/01/2026 13:13:01 - INFO - utils.trainer -   Precision: 0.60000
08/01/2026 13:13:01 - INFO - utils.trainer -   Specificity: 0.37778
08/01/2026 13:13:01 - INFO - utils.trainer -   Sensitivity: 0.82353
08/01/2026 13:13:01 - INFO - utils.trainer -   Epoch: 27, Loss: 0.53298, Val loss: 0.67819, Val AUC: 0.6937, Best val AUC: 0.7242, No improve: 3/10, Time: 21.1s
08/01/2026 13:13:22 - INFO - utils.trainer -   ***** Running evaluation on val dataset *****
08/01/2026 13:13:24 - INFO - utils.trainer -   Loss: 0.68205
08/01/2026 13:13:24 - INFO - utils.trainer -   AUC: 0.71580
08/01/2026 13:13:24 - INFO - utils.trainer -   Accuracy: 0.62500
08/01/2026 13:13:24 - INFO - utils.trainer -   Precision: 0.73438
08/01/2026 13:13:24 - INFO - utils.trainer -   Specificity: 0.81111
08/01/2026 13:13:24 - INFO - utils.trainer -   Sensitivity: 0.46078
08/01/2026 13:13:24 - INFO - utils.trainer -   Epoch: 28, Loss: 0.55218, Val loss: 0.68205, Val AUC: 0.7158, Best val AUC: 0.7242, No improve: 4/10, Time: 21.2s
08/01/2026 13:13:45 - INFO - utils.trainer -   ***** Running evaluation on val dataset *****
08/01/2026 13:13:48 - INFO - utils.trainer -   Loss: 0.71309
08/01/2026 13:13:48 - INFO - utils.trainer -   AUC: 0.66514
08/01/2026 13:13:48 - INFO - utils.trainer -   Accuracy: 0.61979
08/01/2026 13:13:48 - INFO - utils.trainer -   Precision: 0.64948
08/01/2026 13:13:48 - INFO - utils.trainer -   Specificity: 0.62222
08/01/2026 13:13:48 - INFO - utils.trainer -   Sensitivity: 0.61765
08/01/2026 13:13:48 - INFO - utils.trainer -   Epoch: 29, Loss: 0.51544, Val loss: 0.71309, Val AUC: 0.6651, Best val AUC: 0.7242, No improve: 5/10, Time: 21.0s
08/01/2026 13:14:09 - INFO - utils.trainer -   ***** Running evaluation on val dataset *****
08/01/2026 13:14:12 - INFO - utils.trainer -   Loss: 0.83549
08/01/2026 13:14:12 - INFO - utils.trainer -   AUC: 0.70185
08/01/2026 13:14:12 - INFO - utils.trainer -   Accuracy: 0.61979
08/01/2026 13:14:12 - INFO - utils.trainer -   Precision: 0.58788
08/01/2026 13:14:12 - INFO - utils.trainer -   Specificity: 0.24444
08/01/2026 13:14:12 - INFO - utils.trainer -   Sensitivity: 0.95098
08/01/2026 13:14:12 - INFO - utils.trainer -   Epoch: 30, Loss: 0.49625, Val loss: 0.83549, Val AUC: 0.7019, Best val AUC: 0.7242, No improve: 6/10, Time: 21.2s
08/01/2026 13:14:33 - INFO - utils.trainer -   ***** Running evaluation on val dataset *****
08/01/2026 13:14:35 - INFO - utils.trainer -   Loss: 0.70573
08/01/2026 13:14:35 - INFO - utils.trainer -   AUC: 0.67723
08/01/2026 13:14:35 - INFO - utils.trainer -   Accuracy: 0.61458
08/01/2026 13:14:35 - INFO - utils.trainer -   Precision: 0.60448
08/01/2026 13:14:35 - INFO - utils.trainer -   Specificity: 0.41111
08/01/2026 13:14:35 - INFO - utils.trainer -   Sensitivity: 0.79412
08/01/2026 13:14:35 - INFO - utils.trainer -   Epoch: 31, Loss: 0.49036, Val loss: 0.70573, Val AUC: 0.6772, Best val AUC: 0.7242, No improve: 7/10, Time: 21.1s
08/01/2026 13:14:56 - INFO - utils.trainer -   ***** Running evaluation on val dataset *****
08/01/2026 13:14:59 - INFO - utils.trainer -   Loss: 0.68217
08/01/2026 13:14:59 - INFO - utils.trainer -   AUC: 0.70142
08/01/2026 13:14:59 - INFO - utils.trainer -   Accuracy: 0.65104
08/01/2026 13:14:59 - INFO - utils.trainer -   Precision: 0.64463
08/01/2026 13:14:59 - INFO - utils.trainer -   Specificity: 0.52222
08/01/2026 13:14:59 - INFO - utils.trainer -   Sensitivity: 0.76471
08/01/2026 13:14:59 - INFO - utils.trainer -   Epoch: 32, Loss: 0.44383, Val loss: 0.68217, Val AUC: 0.7014, Best val AUC: 0.7242, No improve: 8/10, Time: 21.1s
08/01/2026 13:15:20 - INFO - utils.trainer -   ***** Running evaluation on val dataset *****
08/01/2026 13:15:22 - INFO - utils.trainer -   Loss: 0.76332
08/01/2026 13:15:22 - INFO - utils.trainer -   AUC: 0.71688
08/01/2026 13:15:22 - INFO - utils.trainer -   Accuracy: 0.64062
08/01/2026 13:15:22 - INFO - utils.trainer -   Precision: 0.77966
08/01/2026 13:15:22 - INFO - utils.trainer -   Specificity: 0.85556
08/01/2026 13:15:22 - INFO - utils.trainer -   Sensitivity: 0.45098
08/01/2026 13:15:22 - INFO - utils.trainer -   Epoch: 33, Loss: 0.37245, Val loss: 0.76332, Val AUC: 0.7169, Best val AUC: 0.7242, No improve: 9/10, Time: 21.1s
08/01/2026 13:15:44 - INFO - utils.trainer -   ***** Running evaluation on val dataset *****
08/01/2026 13:15:46 - INFO - utils.trainer -   Loss: 0.69149
08/01/2026 13:15:46 - INFO - utils.trainer -   AUC: 0.70752
08/01/2026 13:15:46 - INFO - utils.trainer -   Accuracy: 0.63021
08/01/2026 13:15:46 - INFO - utils.trainer -   Precision: 0.68235
08/01/2026 13:15:46 - INFO - utils.trainer -   Specificity: 0.70000
08/01/2026 13:15:46 - INFO - utils.trainer -   Sensitivity: 0.56863
08/01/2026 13:15:46 - INFO - utils.trainer -   Epoch: 34, Loss: 0.38732, Val loss: 0.69149, Val AUC: 0.7075, Best val AUC: 0.7242, No improve: 10/10, Time: 21.1s
08/01/2026 13:15:46 - INFO - utils.trainer -   Early stopping triggered at epoch 34
08/01/2026 13:15:46 - INFO - utils.trainer -   Early stopping triggered at epoch 34
08/01/2026 13:15:46 - INFO - utils.trainer -   Early stopping triggered at epoch 34
08/01/2026 13:15:46 - INFO - utils.trainer -   Early stopping triggered at epoch 34
08/01/2026 13:15:46 - INFO - utils.trainer -   Early stopping triggered at epoch 34
08/01/2026 13:15:46 - INFO - utils.trainer -   Early stopping triggered at epoch 34
08/01/2026 13:15:46 - INFO - utils.trainer -     582 keys not in checkpoint (kept from init)
08/01/2026 13:15:46 - INFO - utils.trainer -   Model loaded from output_dir/TimeLLM_Beirut_train/TimeLLM-0.bin (22/22 keys)
08/01/2026 13:15:46 - INFO - utils.trainer -   ***** Running evaluation on test dataset *****
08/01/2026 13:15:46 - INFO - utils.trainer -     582 keys not in checkpoint (kept from init)
08/01/2026 13:15:46 - INFO - utils.trainer -   Model loaded from output_dir/TimeLLM_Beirut_train/TimeLLM-0.bin (22/22 keys)
08/01/2026 13:15:46 - INFO - utils.trainer -     582 keys not in checkpoint (kept from init)
08/01/2026 13:15:46 - INFO - utils.trainer -   Model loaded from output_dir/TimeLLM_Beirut_train/TimeLLM-0.bin (22/22 keys)
08/01/2026 13:15:46 - INFO - utils.trainer -     582 keys not in checkpoint (kept from init)
08/01/2026 13:15:46 - INFO - utils.trainer -   Model loaded from output_dir/TimeLLM_Beirut_train/TimeLLM-0.bin (22/22 keys)
08/01/2026 13:15:46 - INFO - utils.trainer -     582 keys not in checkpoint (kept from init)
08/01/2026 13:15:46 - INFO - utils.trainer -   Model loaded from output_dir/TimeLLM_Beirut_train/TimeLLM-0.bin (22/22 keys)
08/01/2026 13:15:46 - INFO - utils.trainer -     582 keys not in checkpoint (kept from init)
08/01/2026 13:15:46 - INFO - utils.trainer -   Model loaded from output_dir/TimeLLM_Beirut_train/TimeLLM-0.bin (22/22 keys)
08/01/2026 13:15:49 - INFO - utils.trainer -   Loss: 0.61698
08/01/2026 13:15:49 - INFO - utils.trainer -   AUC: 0.72647
08/01/2026 13:15:49 - INFO - utils.trainer -   Accuracy: 0.64062
08/01/2026 13:15:49 - INFO - utils.trainer -   Precision: 0.59821
08/01/2026 13:15:49 - INFO - utils.trainer -   Specificity: 0.55446
08/01/2026 13:15:49 - INFO - utils.trainer -   Sensitivity: 0.73626
08/01/2026 13:15:49 - INFO - utils.trainer -   === Best epoch test result ===
08/01/2026 13:15:49 - INFO - utils.trainer -     Loss: 0.61698
08/01/2026 13:15:49 - INFO - utils.trainer -     AUC: 0.72647
08/01/2026 13:15:49 - INFO - utils.trainer -     Accuracy: 0.64062
08/01/2026 13:15:49 - INFO - utils.trainer -     Precision: 0.59821
08/01/2026 13:15:49 - INFO - utils.trainer -     Specificity: 0.55446
08/01/2026 13:15:49 - INFO - utils.trainer -     Sensitivity: 0.73626
08/01/2026 13:15:50 - INFO - utils.trainer -   Model saved to output_dir/TimeLLM_Beirut_train/final-epoch-200
08/01/2026 13:15:50 - INFO - utils.trainer -   Final model saved at epoch 200
