08/20/2026 23:02:51 - INFO - __main__ -   ########## Repeat:0 ##########
08/20/2026 23:02:51 - INFO - utils.trainer -   ***** Running training *****
08/20/2026 23:02:51 - INFO - utils.trainer -     Num examples = 161
08/20/2026 23:02:51 - INFO - utils.trainer -     Num Epochs = 200
08/20/2026 23:02:51 - INFO - utils.trainer -     Total train batch size = 4
08/20/2026 23:02:51 - INFO - utils.trainer -     warmup steps = 400
08/20/2026 23:02:51 - INFO - utils.trainer -     Total optimization steps = 32200
08/20/2026 23:02:51 - INFO - utils.trainer -     Save steps = 25
08/20/2026 23:03:42 - INFO - utils.trainer -   ***** Running regression evaluation on val0 dataset *****
08/20/2026 23:03:47 - INFO - utils.trainer -   Loss: 0.01205
08/20/2026 23:03:47 - INFO - utils.trainer -   MSE: 127.89915
08/20/2026 23:03:47 - INFO - utils.trainer -   MAE: 9.34597
08/20/2026 23:03:47 - INFO - utils.trainer -   RMSE: 11.30925
08/20/2026 23:03:47 - INFO - utils.trainer -   R2: -0.15321
08/20/2026 23:03:47 - INFO - utils.trainer -   PearsonR: -0.02122
08/20/2026 23:03:48 - INFO - utils.trainer -   Model saved to output_dir/TimeLLM_AgeCAUEEG_train
08/20/2026 23:03:48 - INFO - utils.trainer -   Best model saved (val_Loss=0.0121)
08/20/2026 23:03:48 - INFO - utils.trainer -   Epoch: 1, Loss: 0.08039, Val loss: 0.01205, Val Loss: 0.0121, Best val Loss: 0.0121, No improve: 0/10, Time: 51.6s
08/20/2026 23:04:40 - INFO - utils.trainer -   ***** Running regression evaluation on val0 dataset *****
08/20/2026 23:04:45 - INFO - utils.trainer -   Loss: 0.01582
08/20/2026 23:04:45 - INFO - utils.trainer -   MSE: 168.56712
08/20/2026 23:04:45 - INFO - utils.trainer -   MAE: 10.03714
08/20/2026 23:04:45 - INFO - utils.trainer -   RMSE: 12.98334
08/20/2026 23:04:45 - INFO - utils.trainer -   R2: -0.51989
08/20/2026 23:04:45 - INFO - utils.trainer -   PearsonR: 0.06435
08/20/2026 23:04:45 - INFO - utils.trainer -   Epoch: 2, Loss: 0.03209, Val loss: 0.01582, Val Loss: 0.0158, Best val Loss: 0.0121, No improve: 1/10, Time: 51.7s
08/20/2026 23:05:37 - INFO - utils.trainer -   ***** Running regression evaluation on val0 dataset *****
08/20/2026 23:05:42 - INFO - utils.trainer -   Loss: 0.01323
08/20/2026 23:05:42 - INFO - utils.trainer -   MSE: 140.37654
08/20/2026 23:05:42 - INFO - utils.trainer -   MAE: 9.85322
08/20/2026 23:05:42 - INFO - utils.trainer -   RMSE: 11.84806
08/20/2026 23:05:42 - INFO - utils.trainer -   R2: -0.26571
08/20/2026 23:05:42 - INFO - utils.trainer -   PearsonR: 0.13651
08/20/2026 23:05:42 - INFO - utils.trainer -   Epoch: 3, Loss: 0.02951, Val loss: 0.01323, Val Loss: 0.0132, Best val Loss: 0.0121, No improve: 2/10, Time: 51.4s
08/20/2026 23:06:33 - INFO - utils.trainer -   ***** Running regression evaluation on val0 dataset *****
08/20/2026 23:06:38 - INFO - utils.trainer -   Loss: 0.01096
08/20/2026 23:06:38 - INFO - utils.trainer -   MSE: 116.68257
08/20/2026 23:06:38 - INFO - utils.trainer -   MAE: 8.41197
08/20/2026 23:06:38 - INFO - utils.trainer -   RMSE: 10.80197
08/20/2026 23:06:38 - INFO - utils.trainer -   R2: -0.05207
08/20/2026 23:06:38 - INFO - utils.trainer -   PearsonR: 0.17982
08/20/2026 23:06:39 - INFO - utils.trainer -   Model saved to output_dir/TimeLLM_AgeCAUEEG_train
08/20/2026 23:06:39 - INFO - utils.trainer -   Best model saved (val_Loss=0.0110)
08/20/2026 23:06:39 - INFO - utils.trainer -   Epoch: 4, Loss: 0.04096, Val loss: 0.01096, Val Loss: 0.0110, Best val Loss: 0.0110, No improve: 0/10, Time: 51.4s
08/20/2026 23:07:30 - INFO - utils.trainer -   ***** Running regression evaluation on val0 dataset *****
08/20/2026 23:07:36 - INFO - utils.trainer -   Loss: 0.01120
08/20/2026 23:07:36 - INFO - utils.trainer -   MSE: 119.16170
08/20/2026 23:07:36 - INFO - utils.trainer -   MAE: 8.51621
08/20/2026 23:07:36 - INFO - utils.trainer -   RMSE: 10.91612
08/20/2026 23:07:36 - INFO - utils.trainer -   R2: -0.07443
08/20/2026 23:07:36 - INFO - utils.trainer -   PearsonR: 0.29697
08/20/2026 23:07:36 - INFO - utils.trainer -   Epoch: 5, Loss: 0.03230, Val loss: 0.01120, Val Loss: 0.0112, Best val Loss: 0.0110, No improve: 1/10, Time: 51.1s
08/20/2026 23:08:27 - INFO - utils.trainer -   ***** Running regression evaluation on val0 dataset *****
08/20/2026 23:08:32 - INFO - utils.trainer -   Loss: 0.01146
08/20/2026 23:08:32 - INFO - utils.trainer -   MSE: 121.71803
08/20/2026 23:08:32 - INFO - utils.trainer -   MAE: 9.13274
08/20/2026 23:08:32 - INFO - utils.trainer -   RMSE: 11.03259
08/20/2026 23:08:32 - INFO - utils.trainer -   R2: -0.09748
08/20/2026 23:08:32 - INFO - utils.trainer -   PearsonR: 0.36301
08/20/2026 23:08:32 - INFO - utils.trainer -   Epoch: 6, Loss: 0.03538, Val loss: 0.01146, Val Loss: 0.0115, Best val Loss: 0.0110, No improve: 2/10, Time: 51.0s
08/20/2026 23:09:23 - INFO - utils.trainer -   ***** Running regression evaluation on val0 dataset *****
08/20/2026 23:09:28 - INFO - utils.trainer -   Loss: 0.01390
08/20/2026 23:09:28 - INFO - utils.trainer -   MSE: 147.56505
08/20/2026 23:09:28 - INFO - utils.trainer -   MAE: 10.09216
08/20/2026 23:09:28 - INFO - utils.trainer -   RMSE: 12.14764
08/20/2026 23:09:28 - INFO - utils.trainer -   R2: -0.33053
08/20/2026 23:09:28 - INFO - utils.trainer -   PearsonR: 0.36555
08/20/2026 23:09:28 - INFO - utils.trainer -   Epoch: 7, Loss: 0.03446, Val loss: 0.01390, Val Loss: 0.0139, Best val Loss: 0.0110, No improve: 3/10, Time: 51.0s
08/20/2026 23:10:19 - INFO - utils.trainer -   ***** Running regression evaluation on val0 dataset *****
08/20/2026 23:10:24 - INFO - utils.trainer -   Loss: 0.01489
08/20/2026 23:10:24 - INFO - utils.trainer -   MSE: 157.76689
08/20/2026 23:10:24 - INFO - utils.trainer -   MAE: 10.49682
08/20/2026 23:10:24 - INFO - utils.trainer -   RMSE: 12.56053
08/20/2026 23:10:24 - INFO - utils.trainer -   R2: -0.42251
08/20/2026 23:10:24 - INFO - utils.trainer -   PearsonR: 0.35430
08/20/2026 23:10:24 - INFO - utils.trainer -   Epoch: 8, Loss: 0.02889, Val loss: 0.01489, Val Loss: 0.0149, Best val Loss: 0.0110, No improve: 4/10, Time: 51.0s
08/20/2026 23:11:15 - INFO - utils.trainer -   ***** Running regression evaluation on val0 dataset *****
08/20/2026 23:11:21 - INFO - utils.trainer -   Loss: 0.01064
08/20/2026 23:11:21 - INFO - utils.trainer -   MSE: 112.77951
08/20/2026 23:11:21 - INFO - utils.trainer -   MAE: 8.82249
08/20/2026 23:11:21 - INFO - utils.trainer -   RMSE: 10.61977
08/20/2026 23:11:21 - INFO - utils.trainer -   R2: -0.01688
08/20/2026 23:11:21 - INFO - utils.trainer -   PearsonR: 0.37879
08/20/2026 23:11:22 - INFO - utils.trainer -   Model saved to output_dir/TimeLLM_AgeCAUEEG_train
08/20/2026 23:11:22 - INFO - utils.trainer -   Best model saved (val_Loss=0.0106)
08/20/2026 23:11:22 - INFO - utils.trainer -   Epoch: 9, Loss: 0.03287, Val loss: 0.01064, Val Loss: 0.0106, Best val Loss: 0.0106, No improve: 0/10, Time: 51.0s
08/20/2026 23:12:13 - INFO - utils.trainer -   ***** Running regression evaluation on val0 dataset *****
08/20/2026 23:12:18 - INFO - utils.trainer -   Loss: 0.00916
08/20/2026 23:12:18 - INFO - utils.trainer -   MSE: 97.07197
08/20/2026 23:12:18 - INFO - utils.trainer -   MAE: 8.06450
08/20/2026 23:12:18 - INFO - utils.trainer -   RMSE: 9.85251
08/20/2026 23:12:18 - INFO - utils.trainer -   R2: 0.12475
08/20/2026 23:12:18 - INFO - utils.trainer -   PearsonR: 0.36516
08/20/2026 23:12:19 - INFO - utils.trainer -   Model saved to output_dir/TimeLLM_AgeCAUEEG_train
08/20/2026 23:12:19 - INFO - utils.trainer -   Best model saved (val_Loss=0.0092)
08/20/2026 23:12:19 - INFO - utils.trainer -   Epoch: 10, Loss: 0.03285, Val loss: 0.00916, Val Loss: 0.0092, Best val Loss: 0.0092, No improve: 0/10, Time: 51.2s
08/20/2026 23:13:10 - INFO - utils.trainer -   ***** Running regression evaluation on val0 dataset *****
08/20/2026 23:13:15 - INFO - utils.trainer -   Loss: 0.00931
08/20/2026 23:13:15 - INFO - utils.trainer -   MSE: 98.68385
08/20/2026 23:13:15 - INFO - utils.trainer -   MAE: 8.11683
08/20/2026 23:13:15 - INFO - utils.trainer -   RMSE: 9.93397
08/20/2026 23:13:15 - INFO - utils.trainer -   R2: 0.11021
08/20/2026 23:13:15 - INFO - utils.trainer -   PearsonR: 0.40725
08/20/2026 23:13:15 - INFO - utils.trainer -   Epoch: 11, Loss: 0.03169, Val loss: 0.00931, Val Loss: 0.0093, Best val Loss: 0.0092, No improve: 1/10, Time: 51.0s
08/20/2026 23:14:07 - INFO - utils.trainer -   ***** Running regression evaluation on val0 dataset *****
08/20/2026 23:14:12 - INFO - utils.trainer -   Loss: 0.00931
08/20/2026 23:14:12 - INFO - utils.trainer -   MSE: 98.96168
08/20/2026 23:14:12 - INFO - utils.trainer -   MAE: 7.98145
08/20/2026 23:14:12 - INFO - utils.trainer -   RMSE: 9.94795
08/20/2026 23:14:12 - INFO - utils.trainer -   R2: 0.10771
08/20/2026 23:14:12 - INFO - utils.trainer -   PearsonR: 0.35344
08/20/2026 23:14:12 - INFO - utils.trainer -   Epoch: 12, Loss: 0.03547, Val loss: 0.00931, Val Loss: 0.0093, Best val Loss: 0.0092, No improve: 2/10, Time: 51.3s
08/20/2026 23:15:04 - INFO - utils.trainer -   ***** Running regression evaluation on val0 dataset *****
08/20/2026 23:15:09 - INFO - utils.trainer -   Loss: 0.01005
08/20/2026 23:15:09 - INFO - utils.trainer -   MSE: 107.03833
08/20/2026 23:15:09 - INFO - utils.trainer -   MAE: 8.11512
08/20/2026 23:15:09 - INFO - utils.trainer -   RMSE: 10.34593
08/20/2026 23:15:09 - INFO - utils.trainer -   R2: 0.03488
08/20/2026 23:15:09 - INFO - utils.trainer -   PearsonR: 0.38734
08/20/2026 23:15:09 - INFO - utils.trainer -   Epoch: 13, Loss: 0.02925, Val loss: 0.01005, Val Loss: 0.0101, Best val Loss: 0.0092, No improve: 3/10, Time: 51.3s
08/20/2026 23:16:00 - INFO - utils.trainer -   ***** Running regression evaluation on val0 dataset *****
08/20/2026 23:16:06 - INFO - utils.trainer -   Loss: 0.01223
08/20/2026 23:16:06 - INFO - utils.trainer -   MSE: 129.70729
08/20/2026 23:16:06 - INFO - utils.trainer -   MAE: 9.37306
08/20/2026 23:16:06 - INFO - utils.trainer -   RMSE: 11.38891
08/20/2026 23:16:06 - INFO - utils.trainer -   R2: -0.16951
08/20/2026 23:16:06 - INFO - utils.trainer -   PearsonR: 0.39268
08/20/2026 23:16:06 - INFO - utils.trainer -   Epoch: 14, Loss: 0.02910, Val loss: 0.01223, Val Loss: 0.0122, Best val Loss: 0.0092, No improve: 4/10, Time: 51.4s
08/20/2026 23:16:58 - INFO - utils.trainer -   ***** Running regression evaluation on val0 dataset *****
08/20/2026 23:17:04 - INFO - utils.trainer -   Loss: 0.01020
08/20/2026 23:17:04 - INFO - utils.trainer -   MSE: 108.10603
08/20/2026 23:17:04 - INFO - utils.trainer -   MAE: 8.56066
08/20/2026 23:17:04 - INFO - utils.trainer -   RMSE: 10.39741
08/20/2026 23:17:04 - INFO - utils.trainer -   R2: 0.02526
08/20/2026 23:17:04 - INFO - utils.trainer -   PearsonR: 0.38122
08/20/2026 23:17:04 - INFO - utils.trainer -   Epoch: 15, Loss: 0.02545, Val loss: 0.01020, Val Loss: 0.0102, Best val Loss: 0.0092, No improve: 5/10, Time: 51.7s
08/20/2026 23:17:55 - INFO - utils.trainer -   ***** Running regression evaluation on val0 dataset *****
08/20/2026 23:18:01 - INFO - utils.trainer -   Loss: 0.01485
08/20/2026 23:18:01 - INFO - utils.trainer -   MSE: 157.13800
08/20/2026 23:18:01 - INFO - utils.trainer -   MAE: 10.29004
08/20/2026 23:18:01 - INFO - utils.trainer -   RMSE: 12.53547
08/20/2026 23:18:01 - INFO - utils.trainer -   R2: -0.41684
08/20/2026 23:18:01 - INFO - utils.trainer -   PearsonR: 0.39677
08/20/2026 23:18:01 - INFO - utils.trainer -   Epoch: 16, Loss: 0.03325, Val loss: 0.01485, Val Loss: 0.0148, Best val Loss: 0.0092, No improve: 6/10, Time: 51.9s
08/20/2026 23:18:52 - INFO - utils.trainer -   ***** Running regression evaluation on val0 dataset *****
08/20/2026 23:18:58 - INFO - utils.trainer -   Loss: 0.00935
08/20/2026 23:18:58 - INFO - utils.trainer -   MSE: 99.02114
08/20/2026 23:18:58 - INFO - utils.trainer -   MAE: 8.13055
08/20/2026 23:18:58 - INFO - utils.trainer -   RMSE: 9.95094
08/20/2026 23:18:58 - INFO - utils.trainer -   R2: 0.10717
08/20/2026 23:18:58 - INFO - utils.trainer -   PearsonR: 0.38379
08/20/2026 23:18:58 - INFO - utils.trainer -   Epoch: 17, Loss: 0.03178, Val loss: 0.00935, Val Loss: 0.0094, Best val Loss: 0.0092, No improve: 7/10, Time: 51.5s
08/20/2026 23:19:49 - INFO - utils.trainer -   ***** Running regression evaluation on val0 dataset *****
08/20/2026 23:19:55 - INFO - utils.trainer -   Loss: 0.01060
08/20/2026 23:19:55 - INFO - utils.trainer -   MSE: 112.42348
08/20/2026 23:19:55 - INFO - utils.trainer -   MAE: 8.76850
08/20/2026 23:19:55 - INFO - utils.trainer -   RMSE: 10.60299
08/20/2026 23:19:55 - INFO - utils.trainer -   R2: -0.01367
08/20/2026 23:19:55 - INFO - utils.trainer -   PearsonR: 0.34446
08/20/2026 23:19:55 - INFO - utils.trainer -   Epoch: 18, Loss: 0.02827, Val loss: 0.01060, Val Loss: 0.0106, Best val Loss: 0.0092, No improve: 8/10, Time: 51.3s
08/20/2026 23:20:46 - INFO - utils.trainer -   ***** Running regression evaluation on val0 dataset *****
08/20/2026 23:20:52 - INFO - utils.trainer -   Loss: 0.00978
08/20/2026 23:20:52 - INFO - utils.trainer -   MSE: 103.78172
08/20/2026 23:20:52 - INFO - utils.trainer -   MAE: 8.05202
08/20/2026 23:20:52 - INFO - utils.trainer -   RMSE: 10.18733
08/20/2026 23:20:52 - INFO - utils.trainer -   R2: 0.06425
08/20/2026 23:20:52 - INFO - utils.trainer -   PearsonR: 0.37630
08/20/2026 23:20:52 - INFO - utils.trainer -   Epoch: 19, Loss: 0.02695, Val loss: 0.00978, Val Loss: 0.0098, Best val Loss: 0.0092, No improve: 9/10, Time: 51.4s
08/20/2026 23:21:43 - INFO - utils.trainer -   ***** Running regression evaluation on val0 dataset *****
08/20/2026 23:21:49 - INFO - utils.trainer -   Loss: 0.01439
08/20/2026 23:21:49 - INFO - utils.trainer -   MSE: 152.36705
08/20/2026 23:21:49 - INFO - utils.trainer -   MAE: 10.22488
08/20/2026 23:21:49 - INFO - utils.trainer -   RMSE: 12.34371
08/20/2026 23:21:49 - INFO - utils.trainer -   R2: -0.37383
08/20/2026 23:21:49 - INFO - utils.trainer -   PearsonR: 0.41571
08/20/2026 23:21:49 - INFO - utils.trainer -   Epoch: 20, Loss: 0.02990, Val loss: 0.01439, Val Loss: 0.0144, Best val Loss: 0.0092, No improve: 10/10, Time: 51.6s
08/20/2026 23:21:49 - INFO - utils.trainer -   Early stopping triggered at epoch 20
08/20/2026 23:21:49 - INFO - utils.trainer -   Early stopping triggered at epoch 20
08/20/2026 23:21:49 - INFO - utils.trainer -   Early stopping triggered at epoch 20
08/20/2026 23:21:49 - INFO - utils.trainer -   Early stopping triggered at epoch 20
08/20/2026 23:21:49 - INFO - utils.trainer -   Early stopping triggered at epoch 20
08/20/2026 23:21:49 - INFO - utils.trainer -   Early stopping triggered at epoch 20
08/20/2026 23:21:49 - INFO - utils.trainer -     2 prompt-buffer key(s) skipped (kept target-dataset prompt)
08/20/2026 23:21:49 - INFO - utils.trainer -     582 keys not in checkpoint (kept from init)
08/20/2026 23:21:49 - INFO - utils.trainer -   Model loaded from output_dir/TimeLLM_AgeCAUEEG_train/TimeLLM-0.bin (19/21 keys)
08/20/2026 23:21:49 - INFO - utils.trainer -   ***** Running regression evaluation on test0 dataset *****
08/20/2026 23:21:49 - INFO - utils.trainer -     2 prompt-buffer key(s) skipped (kept target-dataset prompt)
08/20/2026 23:21:49 - INFO - utils.trainer -     582 keys not in checkpoint (kept from init)
08/20/2026 23:21:49 - INFO - utils.trainer -   Model loaded from output_dir/TimeLLM_AgeCAUEEG_train/TimeLLM-0.bin (19/21 keys)
08/20/2026 23:21:49 - INFO - utils.trainer -     2 prompt-buffer key(s) skipped (kept target-dataset prompt)
08/20/2026 23:21:49 - INFO - utils.trainer -     582 keys not in checkpoint (kept from init)
08/20/2026 23:21:49 - INFO - utils.trainer -   Model loaded from output_dir/TimeLLM_AgeCAUEEG_train/TimeLLM-0.bin (19/21 keys)
08/20/2026 23:21:49 - INFO - utils.trainer -     2 prompt-buffer key(s) skipped (kept target-dataset prompt)
08/20/2026 23:21:49 - INFO - utils.trainer -     582 keys not in checkpoint (kept from init)
08/20/2026 23:21:49 - INFO - utils.trainer -   Model loaded from output_dir/TimeLLM_AgeCAUEEG_train/TimeLLM-0.bin (19/21 keys)
08/20/2026 23:21:49 - INFO - utils.trainer -     2 prompt-buffer key(s) skipped (kept target-dataset prompt)
08/20/2026 23:21:49 - INFO - utils.trainer -     582 keys not in checkpoint (kept from init)
08/20/2026 23:21:49 - INFO - utils.trainer -   Model loaded from output_dir/TimeLLM_AgeCAUEEG_train/TimeLLM-0.bin (19/21 keys)
08/20/2026 23:21:49 - INFO - utils.trainer -     2 prompt-buffer key(s) skipped (kept target-dataset prompt)
08/20/2026 23:21:49 - INFO - utils.trainer -     582 keys not in checkpoint (kept from init)
08/20/2026 23:21:49 - INFO - utils.trainer -   Model loaded from output_dir/TimeLLM_AgeCAUEEG_train/TimeLLM-0.bin (19/21 keys)
08/20/2026 23:21:55 - INFO - utils.trainer -   Loss: 0.00875
08/20/2026 23:21:55 - INFO - utils.trainer -   MSE: 93.10499
08/20/2026 23:21:55 - INFO - utils.trainer -   MAE: 7.85417
08/20/2026 23:21:55 - INFO - utils.trainer -   RMSE: 9.64909
08/20/2026 23:21:55 - INFO - utils.trainer -   R2: 0.07154
08/20/2026 23:21:55 - INFO - utils.trainer -   PearsonR: 0.29113
08/20/2026 23:21:55 - INFO - utils.trainer -   === Best epoch test result ===
08/20/2026 23:21:55 - INFO - utils.trainer -     Loss: 0.00875
08/20/2026 23:21:55 - INFO - utils.trainer -     MSE: 93.10499
08/20/2026 23:21:55 - INFO - utils.trainer -     MAE: 7.85417
08/20/2026 23:21:55 - INFO - utils.trainer -     RMSE: 9.64909
08/20/2026 23:21:55 - INFO - utils.trainer -     R2: 0.07154
08/20/2026 23:21:55 - INFO - utils.trainer -     PearsonR: 0.29113
08/20/2026 23:21:56 - INFO - utils.trainer -   Model saved to output_dir/TimeLLM_AgeCAUEEG_train/final-epoch-200
08/20/2026 23:21:56 - INFO - utils.trainer -   Final model saved at epoch 200
