07/27/2026 21:56:58 - INFO - __main__ -   ########## Repeat:0 ##########
07/27/2026 21:56:58 - INFO - utils.trainer -   ***** Running training *****
07/27/2026 21:56:58 - INFO - utils.trainer -     Num examples = 32
07/27/2026 21:56:58 - INFO - utils.trainer -     Num Epochs = 200
07/27/2026 21:56:58 - INFO - utils.trainer -     Total train batch size = 4
07/27/2026 21:56:58 - INFO - utils.trainer -     warmup steps = 400
07/27/2026 21:56:58 - INFO - utils.trainer -     Total optimization steps = 6400
07/27/2026 21:56:58 - INFO - utils.trainer -     Save steps = 200
07/27/2026 22:08:32 - INFO - __main__ -   ########## Repeat:0 ##########
07/27/2026 22:08:32 - INFO - utils.trainer -   ***** Running training *****
07/27/2026 22:08:32 - INFO - utils.trainer -     Num examples = 32
07/27/2026 22:08:32 - INFO - utils.trainer -     Num Epochs = 200
07/27/2026 22:08:32 - INFO - utils.trainer -     Total train batch size = 4
07/27/2026 22:08:32 - INFO - utils.trainer -     warmup steps = 400
07/27/2026 22:08:32 - INFO - utils.trainer -     Total optimization steps = 6400
07/27/2026 22:08:32 - INFO - utils.trainer -     Save steps = 200
07/27/2026 22:11:59 - INFO - __main__ -   ########## Repeat:0 ##########
07/27/2026 22:11:59 - INFO - utils.trainer -   ***** Running training *****
07/27/2026 22:11:59 - INFO - utils.trainer -     Num examples = 32
07/27/2026 22:11:59 - INFO - utils.trainer -     Num Epochs = 200
07/27/2026 22:11:59 - INFO - utils.trainer -     Total train batch size = 4
07/27/2026 22:11:59 - INFO - utils.trainer -     warmup steps = 400
07/27/2026 22:11:59 - INFO - utils.trainer -     Total optimization steps = 6400
07/27/2026 22:11:59 - INFO - utils.trainer -     Save steps = 200
07/27/2026 22:15:27 - INFO - __main__ -   ########## Repeat:0 ##########
07/27/2026 22:15:27 - INFO - utils.trainer -   ***** Running training *****
07/27/2026 22:15:27 - INFO - utils.trainer -     Num examples = 32
07/27/2026 22:15:27 - INFO - utils.trainer -     Num Epochs = 200
07/27/2026 22:15:27 - INFO - utils.trainer -     Total train batch size = 4
07/27/2026 22:15:27 - INFO - utils.trainer -     warmup steps = 400
07/27/2026 22:15:27 - INFO - utils.trainer -     Total optimization steps = 6400
07/27/2026 22:15:27 - INFO - utils.trainer -     Save steps = 200
07/27/2026 22:28:52 - INFO - __main__ -   ########## Repeat:0 ##########
07/27/2026 22:28:52 - INFO - utils.trainer -   ***** Running training *****
07/27/2026 22:28:52 - INFO - utils.trainer -     Num examples = 32
07/27/2026 22:28:52 - INFO - utils.trainer -     Num Epochs = 200
07/27/2026 22:28:52 - INFO - utils.trainer -     Total train batch size = 4
07/27/2026 22:28:52 - INFO - utils.trainer -     warmup steps = 400
07/27/2026 22:28:52 - INFO - utils.trainer -     Total optimization steps = 6400
07/27/2026 22:28:52 - INFO - utils.trainer -     Save steps = 200
07/27/2026 22:36:22 - INFO - __main__ -   ########## Repeat:0 ##########
07/27/2026 22:36:22 - INFO - utils.trainer -   ***** Running training *****
07/27/2026 22:36:22 - INFO - utils.trainer -     Num examples = 32
07/27/2026 22:36:22 - INFO - utils.trainer -     Num Epochs = 200
07/27/2026 22:36:22 - INFO - utils.trainer -     Total train batch size = 4
07/27/2026 22:36:22 - INFO - utils.trainer -     warmup steps = 400
07/27/2026 22:36:22 - INFO - utils.trainer -     Total optimization steps = 6400
07/27/2026 22:36:22 - INFO - utils.trainer -     Save steps = 200
