08/22/2026 00:46:38 - INFO - __main__ -   ########## Repeat:0 ##########
08/22/2026 00:46:38 - INFO - utils.trainer -   ***** Running training *****
08/22/2026 00:46:38 - INFO - utils.trainer -     Num examples = 203
08/22/2026 00:46:38 - INFO - utils.trainer -     Num Epochs = 200
08/22/2026 00:46:38 - INFO - utils.trainer -     Total train batch size = 4
08/22/2026 00:46:38 - INFO - utils.trainer -     warmup steps = 400
08/22/2026 00:46:38 - INFO - utils.trainer -     Total optimization steps = 40600
08/22/2026 00:46:38 - INFO - utils.trainer -     Save steps = 25
08/22/2026 00:47:41 - INFO - utils.trainer -   ***** Running regression evaluation on val0 dataset *****
08/22/2026 00:47:47 - INFO - utils.trainer -   Loss: 0.02653
08/22/2026 00:47:47 - INFO - utils.trainer -   MSE: 410.92453
08/22/2026 00:47:47 - INFO - utils.trainer -   MAE: 16.40263
08/22/2026 00:47:47 - INFO - utils.trainer -   RMSE: 20.27127
08/22/2026 00:47:47 - INFO - utils.trainer -   R2: -0.33706
08/22/2026 00:47:47 - INFO - utils.trainer -   PearsonR: -0.06450
08/22/2026 00:47:48 - INFO - utils.trainer -   Model saved to output_dir/TimeLLM_AgeTUAB_train
08/22/2026 00:47:48 - INFO - utils.trainer -   Best model saved (val_Loss=0.0265)
08/22/2026 00:47:48 - INFO - utils.trainer -   Epoch: 1, Loss: 0.10311, Val loss: 0.02653, Val Loss: 0.0265, Best val Loss: 0.0265, No improve: 0/10, Time: 62.3s
08/22/2026 00:48:51 - INFO - utils.trainer -   ***** Running regression evaluation on val0 dataset *****
08/22/2026 00:48:57 - INFO - utils.trainer -   Loss: 0.05820
08/22/2026 00:48:57 - INFO - utils.trainer -   MSE: 906.59186
08/22/2026 00:48:57 - INFO - utils.trainer -   MAE: 25.28481
08/22/2026 00:48:57 - INFO - utils.trainer -   RMSE: 30.10966
08/22/2026 00:48:57 - INFO - utils.trainer -   R2: -1.94985
08/22/2026 00:48:57 - INFO - utils.trainer -   PearsonR: 0.13771
08/22/2026 00:48:57 - INFO - utils.trainer -   Epoch: 2, Loss: 0.04426, Val loss: 0.05820, Val Loss: 0.0582, Best val Loss: 0.0265, No improve: 1/10, Time: 63.0s
08/22/2026 00:49:59 - INFO - utils.trainer -   ***** Running regression evaluation on val0 dataset *****
08/22/2026 00:50:06 - INFO - utils.trainer -   Loss: 0.01917
08/22/2026 00:50:06 - INFO - utils.trainer -   MSE: 300.27075
08/22/2026 00:50:06 - INFO - utils.trainer -   MAE: 14.15766
08/22/2026 00:50:06 - INFO - utils.trainer -   RMSE: 17.32832
08/22/2026 00:50:06 - INFO - utils.trainer -   R2: 0.02299
08/22/2026 00:50:06 - INFO - utils.trainer -   PearsonR: 0.15360
08/22/2026 00:50:07 - INFO - utils.trainer -   Model saved to output_dir/TimeLLM_AgeTUAB_train
08/22/2026 00:50:07 - INFO - utils.trainer -   Best model saved (val_Loss=0.0192)
08/22/2026 00:50:07 - INFO - utils.trainer -   Epoch: 3, Loss: 0.03958, Val loss: 0.01917, Val Loss: 0.0192, Best val Loss: 0.0192, No improve: 0/10, Time: 62.0s
08/22/2026 00:51:09 - INFO - utils.trainer -   ***** Running regression evaluation on val0 dataset *****
08/22/2026 00:51:16 - INFO - utils.trainer -   Loss: 0.02188
08/22/2026 00:51:16 - INFO - utils.trainer -   MSE: 340.24075
08/22/2026 00:51:16 - INFO - utils.trainer -   MAE: 14.92744
08/22/2026 00:51:16 - INFO - utils.trainer -   RMSE: 18.44562
08/22/2026 00:51:16 - INFO - utils.trainer -   R2: -0.10707
08/22/2026 00:51:16 - INFO - utils.trainer -   PearsonR: 0.16935
08/22/2026 00:51:16 - INFO - utils.trainer -   Epoch: 4, Loss: 0.03831, Val loss: 0.02188, Val Loss: 0.0219, Best val Loss: 0.0192, No improve: 1/10, Time: 61.9s
08/22/2026 00:52:18 - INFO - utils.trainer -   ***** Running regression evaluation on val0 dataset *****
08/22/2026 00:52:24 - INFO - utils.trainer -   Loss: 0.03367
08/22/2026 00:52:24 - INFO - utils.trainer -   MSE: 523.76978
08/22/2026 00:52:24 - INFO - utils.trainer -   MAE: 18.53861
08/22/2026 00:52:24 - INFO - utils.trainer -   RMSE: 22.88602
08/22/2026 00:52:24 - INFO - utils.trainer -   R2: -0.70423
08/22/2026 00:52:24 - INFO - utils.trainer -   PearsonR: 0.21023
08/22/2026 00:52:24 - INFO - utils.trainer -   Epoch: 5, Loss: 0.04112, Val loss: 0.03367, Val Loss: 0.0337, Best val Loss: 0.0192, No improve: 2/10, Time: 62.1s
08/22/2026 00:53:27 - INFO - utils.trainer -   ***** Running regression evaluation on val0 dataset *****
08/22/2026 00:53:33 - INFO - utils.trainer -   Loss: 0.02104
08/22/2026 00:53:33 - INFO - utils.trainer -   MSE: 326.54077
08/22/2026 00:53:33 - INFO - utils.trainer -   MAE: 14.55916
08/22/2026 00:53:33 - INFO - utils.trainer -   RMSE: 18.07044
08/22/2026 00:53:33 - INFO - utils.trainer -   R2: -0.06249
08/22/2026 00:53:33 - INFO - utils.trainer -   PearsonR: 0.24088
08/22/2026 00:53:33 - INFO - utils.trainer -   Epoch: 6, Loss: 0.03900, Val loss: 0.02104, Val Loss: 0.0210, Best val Loss: 0.0192, No improve: 3/10, Time: 62.1s
08/22/2026 00:54:35 - INFO - utils.trainer -   ***** Running regression evaluation on val0 dataset *****
08/22/2026 00:54:42 - INFO - utils.trainer -   Loss: 0.01862
08/22/2026 00:54:42 - INFO - utils.trainer -   MSE: 293.22446
08/22/2026 00:54:42 - INFO - utils.trainer -   MAE: 13.72951
08/22/2026 00:54:42 - INFO - utils.trainer -   RMSE: 17.12380
08/22/2026 00:54:42 - INFO - utils.trainer -   R2: 0.04591
08/22/2026 00:54:42 - INFO - utils.trainer -   PearsonR: 0.29422
08/22/2026 00:54:43 - INFO - utils.trainer -   Model saved to output_dir/TimeLLM_AgeTUAB_train
08/22/2026 00:54:43 - INFO - utils.trainer -   Best model saved (val_Loss=0.0186)
08/22/2026 00:54:43 - INFO - utils.trainer -   Epoch: 7, Loss: 0.03806, Val loss: 0.01862, Val Loss: 0.0186, Best val Loss: 0.0186, No improve: 0/10, Time: 62.1s
08/22/2026 00:55:45 - INFO - utils.trainer -   ***** Running regression evaluation on val0 dataset *****
08/22/2026 00:55:52 - INFO - utils.trainer -   Loss: 0.01848
08/22/2026 00:55:52 - INFO - utils.trainer -   MSE: 287.57068
08/22/2026 00:55:52 - INFO - utils.trainer -   MAE: 13.65952
08/22/2026 00:55:52 - INFO - utils.trainer -   RMSE: 16.95791
08/22/2026 00:55:52 - INFO - utils.trainer -   R2: 0.06431
08/22/2026 00:55:52 - INFO - utils.trainer -   PearsonR: 0.32135
08/22/2026 00:55:53 - INFO - utils.trainer -   Model saved to output_dir/TimeLLM_AgeTUAB_train
08/22/2026 00:55:53 - INFO - utils.trainer -   Best model saved (val_Loss=0.0185)
08/22/2026 00:55:53 - INFO - utils.trainer -   Epoch: 8, Loss: 0.03911, Val loss: 0.01848, Val Loss: 0.0185, Best val Loss: 0.0185, No improve: 0/10, Time: 61.9s
08/22/2026 00:56:55 - INFO - utils.trainer -   ***** Running regression evaluation on val0 dataset *****
08/22/2026 00:57:02 - INFO - utils.trainer -   Loss: 0.01769
08/22/2026 00:57:02 - INFO - utils.trainer -   MSE: 276.94431
08/22/2026 00:57:02 - INFO - utils.trainer -   MAE: 13.44349
08/22/2026 00:57:02 - INFO - utils.trainer -   RMSE: 16.64164
08/22/2026 00:57:02 - INFO - utils.trainer -   R2: 0.09888
08/22/2026 00:57:02 - INFO - utils.trainer -   PearsonR: 0.31977
08/22/2026 00:57:03 - INFO - utils.trainer -   Model saved to output_dir/TimeLLM_AgeTUAB_train
08/22/2026 00:57:03 - INFO - utils.trainer -   Best model saved (val_Loss=0.0177)
08/22/2026 00:57:03 - INFO - utils.trainer -   Epoch: 9, Loss: 0.03924, Val loss: 0.01769, Val Loss: 0.0177, Best val Loss: 0.0177, No improve: 0/10, Time: 61.9s
08/22/2026 00:58:05 - INFO - utils.trainer -   ***** Running regression evaluation on val0 dataset *****
08/22/2026 00:58:12 - INFO - utils.trainer -   Loss: 0.01788
08/22/2026 00:58:12 - INFO - utils.trainer -   MSE: 279.02524
08/22/2026 00:58:12 - INFO - utils.trainer -   MAE: 13.41103
08/22/2026 00:58:12 - INFO - utils.trainer -   RMSE: 16.70405
08/22/2026 00:58:12 - INFO - utils.trainer -   R2: 0.09211
08/22/2026 00:58:12 - INFO - utils.trainer -   PearsonR: 0.32459
08/22/2026 00:58:12 - INFO - utils.trainer -   Epoch: 10, Loss: 0.03793, Val loss: 0.01788, Val Loss: 0.0179, Best val Loss: 0.0177, No improve: 1/10, Time: 61.9s
08/22/2026 00:59:14 - INFO - utils.trainer -   ***** Running regression evaluation on val0 dataset *****
08/22/2026 00:59:22 - INFO - utils.trainer -   Loss: 0.02814
08/22/2026 00:59:22 - INFO - utils.trainer -   MSE: 436.66989
08/22/2026 00:59:22 - INFO - utils.trainer -   MAE: 16.84651
08/22/2026 00:59:22 - INFO - utils.trainer -   RMSE: 20.89665
08/22/2026 00:59:22 - INFO - utils.trainer -   R2: -0.42083
08/22/2026 00:59:22 - INFO - utils.trainer -   PearsonR: 0.32501
08/22/2026 00:59:22 - INFO - utils.trainer -   Epoch: 11, Loss: 0.03441, Val loss: 0.02814, Val Loss: 0.0281, Best val Loss: 0.0177, No improve: 2/10, Time: 62.2s
08/22/2026 01:00:24 - INFO - utils.trainer -   ***** Running regression evaluation on val0 dataset *****
08/22/2026 01:00:31 - INFO - utils.trainer -   Loss: 0.01773
08/22/2026 01:00:31 - INFO - utils.trainer -   MSE: 277.62949
08/22/2026 01:00:31 - INFO - utils.trainer -   MAE: 13.43412
08/22/2026 01:00:31 - INFO - utils.trainer -   RMSE: 16.66222
08/22/2026 01:00:31 - INFO - utils.trainer -   R2: 0.09665
08/22/2026 01:00:31 - INFO - utils.trainer -   PearsonR: 0.31252
08/22/2026 01:00:31 - INFO - utils.trainer -   Epoch: 12, Loss: 0.03901, Val loss: 0.01773, Val Loss: 0.0177, Best val Loss: 0.0177, No improve: 3/10, Time: 62.0s
08/22/2026 01:01:33 - INFO - utils.trainer -   ***** Running regression evaluation on val0 dataset *****
08/22/2026 01:01:40 - INFO - utils.trainer -   Loss: 0.01809
08/22/2026 01:01:40 - INFO - utils.trainer -   MSE: 281.87836
08/22/2026 01:01:40 - INFO - utils.trainer -   MAE: 13.45284
08/22/2026 01:01:40 - INFO - utils.trainer -   RMSE: 16.78923
08/22/2026 01:01:40 - INFO - utils.trainer -   R2: 0.08283
08/22/2026 01:01:40 - INFO - utils.trainer -   PearsonR: 0.32545
08/22/2026 01:01:40 - INFO - utils.trainer -   Epoch: 13, Loss: 0.03667, Val loss: 0.01809, Val Loss: 0.0181, Best val Loss: 0.0177, No improve: 4/10, Time: 61.9s
08/22/2026 01:02:42 - INFO - utils.trainer -   ***** Running regression evaluation on val0 dataset *****
08/22/2026 01:02:48 - INFO - utils.trainer -   Loss: 0.01787
08/22/2026 01:02:48 - INFO - utils.trainer -   MSE: 279.21118
08/22/2026 01:02:48 - INFO - utils.trainer -   MAE: 13.44170
08/22/2026 01:02:48 - INFO - utils.trainer -   RMSE: 16.70961
08/22/2026 01:02:48 - INFO - utils.trainer -   R2: 0.09151
08/22/2026 01:02:48 - INFO - utils.trainer -   PearsonR: 0.33347
08/22/2026 01:02:48 - INFO - utils.trainer -   Epoch: 14, Loss: 0.03506, Val loss: 0.01787, Val Loss: 0.0179, Best val Loss: 0.0177, No improve: 5/10, Time: 61.9s
08/22/2026 01:03:50 - INFO - utils.trainer -   ***** Running regression evaluation on val0 dataset *****
08/22/2026 01:03:57 - INFO - utils.trainer -   Loss: 0.02518
08/22/2026 01:03:57 - INFO - utils.trainer -   MSE: 390.83691
08/22/2026 01:03:57 - INFO - utils.trainer -   MAE: 15.89209
08/22/2026 01:03:57 - INFO - utils.trainer -   RMSE: 19.76960
08/22/2026 01:03:57 - INFO - utils.trainer -   R2: -0.27170
08/22/2026 01:03:57 - INFO - utils.trainer -   PearsonR: 0.31637
08/22/2026 01:03:57 - INFO - utils.trainer -   Epoch: 15, Loss: 0.03086, Val loss: 0.02518, Val Loss: 0.0252, Best val Loss: 0.0177, No improve: 6/10, Time: 62.0s
08/22/2026 01:05:00 - INFO - utils.trainer -   ***** Running regression evaluation on val0 dataset *****
08/22/2026 01:05:06 - INFO - utils.trainer -   Loss: 0.02034
08/22/2026 01:05:06 - INFO - utils.trainer -   MSE: 315.73129
08/22/2026 01:05:06 - INFO - utils.trainer -   MAE: 14.10707
08/22/2026 01:05:06 - INFO - utils.trainer -   RMSE: 17.76883
08/22/2026 01:05:06 - INFO - utils.trainer -   R2: -0.02732
08/22/2026 01:05:06 - INFO - utils.trainer -   PearsonR: 0.32379
08/22/2026 01:05:06 - INFO - utils.trainer -   Epoch: 16, Loss: 0.03747, Val loss: 0.02034, Val Loss: 0.0203, Best val Loss: 0.0177, No improve: 7/10, Time: 62.9s
08/22/2026 01:06:08 - INFO - utils.trainer -   ***** Running regression evaluation on val0 dataset *****
08/22/2026 01:06:15 - INFO - utils.trainer -   Loss: 0.01803
08/22/2026 01:06:15 - INFO - utils.trainer -   MSE: 281.99738
08/22/2026 01:06:15 - INFO - utils.trainer -   MAE: 13.61553
08/22/2026 01:06:15 - INFO - utils.trainer -   RMSE: 16.79278
08/22/2026 01:06:15 - INFO - utils.trainer -   R2: 0.08244
08/22/2026 01:06:15 - INFO - utils.trainer -   PearsonR: 0.29100
08/22/2026 01:06:15 - INFO - utils.trainer -   Epoch: 17, Loss: 0.03184, Val loss: 0.01803, Val Loss: 0.0180, Best val Loss: 0.0177, No improve: 8/10, Time: 62.0s
08/22/2026 01:07:17 - INFO - utils.trainer -   ***** Running regression evaluation on val0 dataset *****
08/22/2026 01:07:24 - INFO - utils.trainer -   Loss: 0.01799
08/22/2026 01:07:24 - INFO - utils.trainer -   MSE: 281.02338
08/22/2026 01:07:24 - INFO - utils.trainer -   MAE: 13.54072
08/22/2026 01:07:24 - INFO - utils.trainer -   RMSE: 16.76375
08/22/2026 01:07:24 - INFO - utils.trainer -   R2: 0.08561
08/22/2026 01:07:24 - INFO - utils.trainer -   PearsonR: 0.30660
08/22/2026 01:07:24 - INFO - utils.trainer -   Epoch: 18, Loss: 0.03417, Val loss: 0.01799, Val Loss: 0.0180, Best val Loss: 0.0177, No improve: 9/10, Time: 62.1s
08/22/2026 01:08:26 - INFO - utils.trainer -   ***** Running regression evaluation on val0 dataset *****
08/22/2026 01:08:32 - INFO - utils.trainer -   Loss: 0.02485
08/22/2026 01:08:32 - INFO - utils.trainer -   MSE: 385.78345
08/22/2026 01:08:32 - INFO - utils.trainer -   MAE: 15.69677
08/22/2026 01:08:32 - INFO - utils.trainer -   RMSE: 19.64137
08/22/2026 01:08:32 - INFO - utils.trainer -   R2: -0.25525
08/22/2026 01:08:32 - INFO - utils.trainer -   PearsonR: 0.32702
08/22/2026 01:08:32 - INFO - utils.trainer -   Epoch: 19, Loss: 0.03135, Val loss: 0.02485, Val Loss: 0.0249, Best val Loss: 0.0177, No improve: 10/10, Time: 62.1s
08/22/2026 01:08:32 - INFO - utils.trainer -   Early stopping triggered at epoch 19
08/22/2026 01:08:32 - INFO - utils.trainer -   Early stopping triggered at epoch 19
08/22/2026 01:08:32 - INFO - utils.trainer -   Early stopping triggered at epoch 19
08/22/2026 01:08:32 - INFO - utils.trainer -   Early stopping triggered at epoch 19
08/22/2026 01:08:32 - INFO - utils.trainer -   Early stopping triggered at epoch 19
08/22/2026 01:08:32 - INFO - utils.trainer -   Early stopping triggered at epoch 19
08/22/2026 01:08:33 - INFO - utils.trainer -     2 prompt-buffer key(s) skipped (kept target-dataset prompt)
08/22/2026 01:08:33 - INFO - utils.trainer -     582 keys not in checkpoint (kept from init)
08/22/2026 01:08:33 - INFO - utils.trainer -   Model loaded from output_dir/TimeLLM_AgeTUAB_train/TimeLLM-0.bin (17/19 keys)
08/22/2026 01:08:33 - INFO - utils.trainer -     2 prompt-buffer key(s) skipped (kept target-dataset prompt)
08/22/2026 01:08:33 - INFO - utils.trainer -     582 keys not in checkpoint (kept from init)
08/22/2026 01:08:33 - INFO - utils.trainer -   Model loaded from output_dir/TimeLLM_AgeTUAB_train/TimeLLM-0.bin (17/19 keys)
08/22/2026 01:08:33 - INFO - utils.trainer -     2 prompt-buffer key(s) skipped (kept target-dataset prompt)
08/22/2026 01:08:33 - INFO - utils.trainer -     582 keys not in checkpoint (kept from init)
08/22/2026 01:08:33 - INFO - utils.trainer -   Model loaded from output_dir/TimeLLM_AgeTUAB_train/TimeLLM-0.bin (17/19 keys)
08/22/2026 01:08:33 - INFO - utils.trainer -     2 prompt-buffer key(s) skipped (kept target-dataset prompt)
08/22/2026 01:08:33 - INFO - utils.trainer -     582 keys not in checkpoint (kept from init)
08/22/2026 01:08:33 - INFO - utils.trainer -   Model loaded from output_dir/TimeLLM_AgeTUAB_train/TimeLLM-0.bin (17/19 keys)
08/22/2026 01:08:33 - INFO - utils.trainer -     2 prompt-buffer key(s) skipped (kept target-dataset prompt)
08/22/2026 01:08:33 - INFO - utils.trainer -     582 keys not in checkpoint (kept from init)
08/22/2026 01:08:33 - INFO - utils.trainer -   Model loaded from output_dir/TimeLLM_AgeTUAB_train/TimeLLM-0.bin (17/19 keys)
08/22/2026 01:08:33 - INFO - utils.trainer -     2 prompt-buffer key(s) skipped (kept target-dataset prompt)
08/22/2026 01:08:33 - INFO - utils.trainer -     582 keys not in checkpoint (kept from init)
08/22/2026 01:08:33 - INFO - utils.trainer -   Model loaded from output_dir/TimeLLM_AgeTUAB_train/TimeLLM-0.bin (17/19 keys)
08/22/2026 01:08:33 - INFO - utils.trainer -   ***** Running regression evaluation on test0 dataset *****
08/22/2026 01:08:39 - INFO - utils.trainer -   Loss: 0.01867
08/22/2026 01:08:39 - INFO - utils.trainer -   MSE: 295.88632
08/22/2026 01:08:39 - INFO - utils.trainer -   MAE: 14.22335
08/22/2026 01:08:39 - INFO - utils.trainer -   RMSE: 17.20135
08/22/2026 01:08:39 - INFO - utils.trainer -   R2: 0.08182
08/22/2026 01:08:39 - INFO - utils.trainer -   PearsonR: 0.28842
08/22/2026 01:08:39 - INFO - utils.trainer -   === Best epoch test result ===
08/22/2026 01:08:39 - INFO - utils.trainer -     Loss: 0.01867
08/22/2026 01:08:39 - INFO - utils.trainer -     MSE: 295.88632
08/22/2026 01:08:39 - INFO - utils.trainer -     MAE: 14.22335
08/22/2026 01:08:39 - INFO - utils.trainer -     RMSE: 17.20135
08/22/2026 01:08:39 - INFO - utils.trainer -     R2: 0.08182
08/22/2026 01:08:39 - INFO - utils.trainer -     PearsonR: 0.28842
08/22/2026 01:08:40 - INFO - utils.trainer -   Model saved to output_dir/TimeLLM_AgeTUAB_train/final-epoch-200
08/22/2026 01:08:40 - INFO - utils.trainer -   Final model saved at epoch 200