08/20/2026 05:11:16 - INFO - __main__ -   ########## Repeat:0 ##########
08/20/2026 05:11:16 - INFO - utils.trainer -   ***** Running training *****
08/20/2026 05:11:16 - INFO - utils.trainer -     Num examples = 161
08/20/2026 05:11:16 - INFO - utils.trainer -     Num Epochs = 200
08/20/2026 05:11:16 - INFO - utils.trainer -     Total train batch size = 4
08/20/2026 05:11:16 - INFO - utils.trainer -     warmup steps = 400
08/20/2026 05:11:16 - INFO - utils.trainer -     Total optimization steps = 32200
08/20/2026 05:11:16 - INFO - utils.trainer -     Save steps = 200
08/20/2026 05:11:24 - INFO - utils.trainer -   ***** Running regression evaluation on val0 dataset *****
08/20/2026 05:11:26 - INFO - utils.trainer -   Loss: 0.01021
08/20/2026 05:11:26 - INFO - utils.trainer -   MSE: 108.45485
08/20/2026 05:11:26 - INFO - utils.trainer -   MAE: 8.22807
08/20/2026 05:11:26 - INFO - utils.trainer -   RMSE: 10.41417
08/20/2026 05:11:26 - INFO - utils.trainer -   R2: 0.02211
08/20/2026 05:11:26 - INFO - utils.trainer -   PearsonR: 0.28361
08/20/2026 05:11:26 - INFO - utils.trainer -   Model saved to output_dir/ALTER_AgeCAUEEG_train
08/20/2026 05:11:26 - INFO - utils.trainer -   Best model saved (val_Loss=0.0102)
08/20/2026 05:11:26 - INFO - utils.trainer -   Epoch: 1, Loss: 0.05207, Val loss: 0.01021, Val Loss: 0.0102, Best val Loss: 0.0102, No improve: 0/10, Time: 8.8s
08/20/2026 05:11:35 - INFO - utils.trainer -   ***** Running regression evaluation on val0 dataset *****
08/20/2026 05:11:37 - INFO - utils.trainer -   Loss: 0.00933
08/20/2026 05:11:37 - INFO - utils.trainer -   MSE: 98.98910
08/20/2026 05:11:37 - INFO - utils.trainer -   MAE: 8.07568
08/20/2026 05:11:37 - INFO - utils.trainer -   RMSE: 9.94933
08/20/2026 05:11:37 - INFO - utils.trainer -   R2: 0.10746
08/20/2026 05:11:37 - INFO - utils.trainer -   PearsonR: 0.34481
08/20/2026 05:11:37 - INFO - utils.trainer -   Model saved to output_dir/ALTER_AgeCAUEEG_train
08/20/2026 05:11:37 - INFO - utils.trainer -   Best model saved (val_Loss=0.0093)
08/20/2026 05:11:37 - INFO - utils.trainer -   Epoch: 2, Loss: 0.00858, Val loss: 0.00933, Val Loss: 0.0093, Best val Loss: 0.0093, No improve: 0/10, Time: 8.4s
08/20/2026 05:11:45 - INFO - utils.trainer -   ***** Running regression evaluation on val0 dataset *****
08/20/2026 05:11:47 - INFO - utils.trainer -   Loss: 0.00893
08/20/2026 05:11:47 - INFO - utils.trainer -   MSE: 94.93307
08/20/2026 05:11:47 - INFO - utils.trainer -   MAE: 7.97506
08/20/2026 05:11:47 - INFO - utils.trainer -   RMSE: 9.74336
08/20/2026 05:11:47 - INFO - utils.trainer -   R2: 0.14403
08/20/2026 05:11:47 - INFO - utils.trainer -   PearsonR: 0.38026
08/20/2026 05:11:47 - INFO - utils.trainer -   Model saved to output_dir/ALTER_AgeCAUEEG_train
08/20/2026 05:11:47 - INFO - utils.trainer -   Best model saved (val_Loss=0.0089)
08/20/2026 05:11:47 - INFO - utils.trainer -   Epoch: 3, Loss: 0.00823, Val loss: 0.00893, Val Loss: 0.0089, Best val Loss: 0.0089, No improve: 0/10, Time: 8.2s
08/20/2026 05:11:54 - INFO - utils.trainer -   ***** Running regression evaluation on val0 dataset *****
08/20/2026 05:11:56 - INFO - utils.trainer -   Loss: 0.00884
08/20/2026 05:11:56 - INFO - utils.trainer -   MSE: 94.19151
08/20/2026 05:11:56 - INFO - utils.trainer -   MAE: 7.90524
08/20/2026 05:11:56 - INFO - utils.trainer -   RMSE: 9.70523
08/20/2026 05:11:56 - INFO - utils.trainer -   R2: 0.15072
08/20/2026 05:11:56 - INFO - utils.trainer -   PearsonR: 0.39144
08/20/2026 05:11:56 - INFO - utils.trainer -   Model saved to output_dir/ALTER_AgeCAUEEG_train
08/20/2026 05:11:56 - INFO - utils.trainer -   Best model saved (val_Loss=0.0088)
08/20/2026 05:11:56 - INFO - utils.trainer -   Epoch: 4, Loss: 0.00808, Val loss: 0.00884, Val Loss: 0.0088, Best val Loss: 0.0088, No improve: 0/10, Time: 7.2s
08/20/2026 05:12:03 - INFO - utils.trainer -   ***** Running regression evaluation on val0 dataset *****
08/20/2026 05:12:05 - INFO - utils.trainer -   Loss: 0.00903
08/20/2026 05:12:05 - INFO - utils.trainer -   MSE: 96.33629
08/20/2026 05:12:05 - INFO - utils.trainer -   MAE: 8.04652
08/20/2026 05:12:05 - INFO - utils.trainer -   RMSE: 9.81510
08/20/2026 05:12:05 - INFO - utils.trainer -   R2: 0.13138
08/20/2026 05:12:05 - INFO - utils.trainer -   PearsonR: 0.40029
08/20/2026 05:12:05 - INFO - utils.trainer -   Epoch: 5, Loss: 0.00747, Val loss: 0.00903, Val Loss: 0.0090, Best val Loss: 0.0088, No improve: 1/10, Time: 7.6s
08/20/2026 05:12:14 - INFO - utils.trainer -   ***** Running regression evaluation on val0 dataset *****
08/20/2026 05:12:16 - INFO - utils.trainer -   Loss: 0.00847
08/20/2026 05:12:16 - INFO - utils.trainer -   MSE: 90.43263
08/20/2026 05:12:16 - INFO - utils.trainer -   MAE: 7.71670
08/20/2026 05:12:16 - INFO - utils.trainer -   RMSE: 9.50961
08/20/2026 05:12:16 - INFO - utils.trainer -   R2: 0.18461
08/20/2026 05:12:16 - INFO - utils.trainer -   PearsonR: 0.43287
08/20/2026 05:12:16 - INFO - utils.trainer -   Model saved to output_dir/ALTER_AgeCAUEEG_train
08/20/2026 05:12:16 - INFO - utils.trainer -   Best model saved (val_Loss=0.0085)
08/20/2026 05:12:16 - INFO - utils.trainer -   Epoch: 6, Loss: 0.00672, Val loss: 0.00847, Val Loss: 0.0085, Best val Loss: 0.0085, No improve: 0/10, Time: 8.4s
08/20/2026 05:12:24 - INFO - utils.trainer -   ***** Running regression evaluation on val0 dataset *****
08/20/2026 05:12:26 - INFO - utils.trainer -   Loss: 0.00843
08/20/2026 05:12:26 - INFO - utils.trainer -   MSE: 90.06441
08/20/2026 05:12:26 - INFO - utils.trainer -   MAE: 7.67831
08/20/2026 05:12:26 - INFO - utils.trainer -   RMSE: 9.49023
08/20/2026 05:12:26 - INFO - utils.trainer -   R2: 0.18793
08/20/2026 05:12:26 - INFO - utils.trainer -   PearsonR: 0.43741
08/20/2026 05:12:26 - INFO - utils.trainer -   Model saved to output_dir/ALTER_AgeCAUEEG_train
08/20/2026 05:12:26 - INFO - utils.trainer -   Best model saved (val_Loss=0.0084)
08/20/2026 05:12:26 - INFO - utils.trainer -   Epoch: 7, Loss: 0.00780, Val loss: 0.00843, Val Loss: 0.0084, Best val Loss: 0.0084, No improve: 0/10, Time: 8.1s
08/20/2026 05:12:35 - INFO - utils.trainer -   ***** Running regression evaluation on val0 dataset *****
08/20/2026 05:12:37 - INFO - utils.trainer -   Loss: 0.00847
08/20/2026 05:12:37 - INFO - utils.trainer -   MSE: 90.50475
08/20/2026 05:12:37 - INFO - utils.trainer -   MAE: 7.68908
08/20/2026 05:12:37 - INFO - utils.trainer -   RMSE: 9.51340
08/20/2026 05:12:37 - INFO - utils.trainer -   R2: 0.18396
08/20/2026 05:12:37 - INFO - utils.trainer -   PearsonR: 0.42956
08/20/2026 05:12:37 - INFO - utils.trainer -   Epoch: 8, Loss: 0.00800, Val loss: 0.00847, Val Loss: 0.0085, Best val Loss: 0.0084, No improve: 1/10, Time: 8.5s
08/20/2026 05:12:45 - INFO - utils.trainer -   ***** Running regression evaluation on val0 dataset *****
08/20/2026 05:12:47 - INFO - utils.trainer -   Loss: 0.00946
08/20/2026 05:12:47 - INFO - utils.trainer -   MSE: 101.28135
08/20/2026 05:12:47 - INFO - utils.trainer -   MAE: 7.98363
08/20/2026 05:12:47 - INFO - utils.trainer -   RMSE: 10.06386
08/20/2026 05:12:47 - INFO - utils.trainer -   R2: 0.08679
08/20/2026 05:12:47 - INFO - utils.trainer -   PearsonR: 0.43755
08/20/2026 05:12:47 - INFO - utils.trainer -   Epoch: 9, Loss: 0.00749, Val loss: 0.00946, Val Loss: 0.0095, Best val Loss: 0.0084, No improve: 2/10, Time: 8.4s
08/20/2026 05:12:56 - INFO - utils.trainer -   ***** Running regression evaluation on val0 dataset *****
08/20/2026 05:12:58 - INFO - utils.trainer -   Loss: 0.00849
08/20/2026 05:12:58 - INFO - utils.trainer -   MSE: 90.69573
08/20/2026 05:12:58 - INFO - utils.trainer -   MAE: 7.66069
08/20/2026 05:12:58 - INFO - utils.trainer -   RMSE: 9.52343
08/20/2026 05:12:58 - INFO - utils.trainer -   R2: 0.18224
08/20/2026 05:12:58 - INFO - utils.trainer -   PearsonR: 0.43593
08/20/2026 05:12:58 - INFO - utils.trainer -   Epoch: 10, Loss: 0.00676, Val loss: 0.00849, Val Loss: 0.0085, Best val Loss: 0.0084, No improve: 3/10, Time: 8.6s
08/20/2026 05:13:06 - INFO - utils.trainer -   ***** Running regression evaluation on val0 dataset *****
08/20/2026 05:13:09 - INFO - utils.trainer -   Loss: 0.00864
08/20/2026 05:13:09 - INFO - utils.trainer -   MSE: 92.36060
08/20/2026 05:13:09 - INFO - utils.trainer -   MAE: 7.63240
08/20/2026 05:13:09 - INFO - utils.trainer -   RMSE: 9.61044
08/20/2026 05:13:09 - INFO - utils.trainer -   R2: 0.16723
08/20/2026 05:13:09 - INFO - utils.trainer -   PearsonR: 0.45102
08/20/2026 05:13:09 - INFO - utils.trainer -   Epoch: 11, Loss: 0.00745, Val loss: 0.00864, Val Loss: 0.0086, Best val Loss: 0.0084, No improve: 4/10, Time: 8.4s
08/20/2026 05:13:17 - INFO - utils.trainer -   ***** Running regression evaluation on val0 dataset *****
08/20/2026 05:13:19 - INFO - utils.trainer -   Loss: 0.00838
08/20/2026 05:13:19 - INFO - utils.trainer -   MSE: 89.63547
08/20/2026 05:13:19 - INFO - utils.trainer -   MAE: 7.57933
08/20/2026 05:13:19 - INFO - utils.trainer -   RMSE: 9.46760
08/20/2026 05:13:19 - INFO - utils.trainer -   R2: 0.19180
08/20/2026 05:13:19 - INFO - utils.trainer -   PearsonR: 0.44185
08/20/2026 05:13:19 - INFO - utils.trainer -   Model saved to output_dir/ALTER_AgeCAUEEG_train
08/20/2026 05:13:19 - INFO - utils.trainer -   Best model saved (val_Loss=0.0084)
08/20/2026 05:13:19 - INFO - utils.trainer -   Epoch: 12, Loss: 0.00665, Val loss: 0.00838, Val Loss: 0.0084, Best val Loss: 0.0084, No improve: 0/10, Time: 8.6s
08/20/2026 05:13:28 - INFO - utils.trainer -   ***** Running regression evaluation on val0 dataset *****
08/20/2026 05:13:30 - INFO - utils.trainer -   Loss: 0.00885
08/20/2026 05:13:30 - INFO - utils.trainer -   MSE: 94.88925
08/20/2026 05:13:30 - INFO - utils.trainer -   MAE: 7.70516
08/20/2026 05:13:30 - INFO - utils.trainer -   RMSE: 9.74111
08/20/2026 05:13:30 - INFO - utils.trainer -   R2: 0.14443
08/20/2026 05:13:30 - INFO - utils.trainer -   PearsonR: 0.41889
08/20/2026 05:13:30 - INFO - utils.trainer -   Epoch: 13, Loss: 0.00652, Val loss: 0.00885, Val Loss: 0.0088, Best val Loss: 0.0084, No improve: 1/10, Time: 8.7s
08/20/2026 05:13:39 - INFO - utils.trainer -   ***** Running regression evaluation on val0 dataset *****
08/20/2026 05:13:41 - INFO - utils.trainer -   Loss: 0.00848
08/20/2026 05:13:41 - INFO - utils.trainer -   MSE: 90.72099
08/20/2026 05:13:41 - INFO - utils.trainer -   MAE: 7.63300
08/20/2026 05:13:41 - INFO - utils.trainer -   RMSE: 9.52476
08/20/2026 05:13:41 - INFO - utils.trainer -   R2: 0.18201
08/20/2026 05:13:41 - INFO - utils.trainer -   PearsonR: 0.43295
08/20/2026 05:13:41 - INFO - utils.trainer -   Epoch: 14, Loss: 0.00577, Val loss: 0.00848, Val Loss: 0.0085, Best val Loss: 0.0084, No improve: 2/10, Time: 8.8s
08/20/2026 05:13:50 - INFO - utils.trainer -   ***** Running regression evaluation on val0 dataset *****
08/20/2026 05:13:53 - INFO - utils.trainer -   Loss: 0.00854
08/20/2026 05:13:53 - INFO - utils.trainer -   MSE: 91.39344
08/20/2026 05:13:53 - INFO - utils.trainer -   MAE: 7.63811
08/20/2026 05:13:53 - INFO - utils.trainer -   RMSE: 9.55999
08/20/2026 05:13:53 - INFO - utils.trainer -   R2: 0.17595
08/20/2026 05:13:53 - INFO - utils.trainer -   PearsonR: 0.42251
08/20/2026 05:13:53 - INFO - utils.trainer -   Epoch: 15, Loss: 0.00606, Val loss: 0.00854, Val Loss: 0.0085, Best val Loss: 0.0084, No improve: 3/10, Time: 8.8s
08/20/2026 05:14:01 - INFO - utils.trainer -   ***** Running regression evaluation on val0 dataset *****
08/20/2026 05:14:04 - INFO - utils.trainer -   Loss: 0.00864
08/20/2026 05:14:04 - INFO - utils.trainer -   MSE: 92.46043
08/20/2026 05:14:04 - INFO - utils.trainer -   MAE: 7.65064
08/20/2026 05:14:04 - INFO - utils.trainer -   RMSE: 9.61563
08/20/2026 05:14:04 - INFO - utils.trainer -   R2: 0.16633
08/20/2026 05:14:04 - INFO - utils.trainer -   PearsonR: 0.43714
08/20/2026 05:14:04 - INFO - utils.trainer -   Epoch: 16, Loss: 0.00615, Val loss: 0.00864, Val Loss: 0.0086, Best val Loss: 0.0084, No improve: 4/10, Time: 8.7s
08/20/2026 05:14:12 - INFO - utils.trainer -   ***** Running regression evaluation on val0 dataset *****
08/20/2026 05:14:15 - INFO - utils.trainer -   Loss: 0.00872
08/20/2026 05:14:15 - INFO - utils.trainer -   MSE: 93.38306
08/20/2026 05:14:15 - INFO - utils.trainer -   MAE: 7.67934
08/20/2026 05:14:15 - INFO - utils.trainer -   RMSE: 9.66349
08/20/2026 05:14:15 - INFO - utils.trainer -   R2: 0.15801
08/20/2026 05:14:15 - INFO - utils.trainer -   PearsonR: 0.44066
08/20/2026 05:14:15 - INFO - utils.trainer -   Epoch: 17, Loss: 0.00657, Val loss: 0.00872, Val Loss: 0.0087, Best val Loss: 0.0084, No improve: 5/10, Time: 8.6s
08/20/2026 05:14:23 - INFO - utils.trainer -   ***** Running regression evaluation on val0 dataset *****
08/20/2026 05:14:26 - INFO - utils.trainer -   Loss: 0.00871
08/20/2026 05:14:26 - INFO - utils.trainer -   MSE: 93.12558
08/20/2026 05:14:26 - INFO - utils.trainer -   MAE: 7.69434
08/20/2026 05:14:26 - INFO - utils.trainer -   RMSE: 9.65016
08/20/2026 05:14:26 - INFO - utils.trainer -   R2: 0.16033
08/20/2026 05:14:26 - INFO - utils.trainer -   PearsonR: 0.41358
08/20/2026 05:14:26 - INFO - utils.trainer -   Epoch: 18, Loss: 0.00569, Val loss: 0.00871, Val Loss: 0.0087, Best val Loss: 0.0084, No improve: 6/10, Time: 8.8s
08/20/2026 05:14:34 - INFO - utils.trainer -   ***** Running regression evaluation on val0 dataset *****
08/20/2026 05:14:37 - INFO - utils.trainer -   Loss: 0.00854
08/20/2026 05:14:37 - INFO - utils.trainer -   MSE: 91.63612
08/20/2026 05:14:37 - INFO - utils.trainer -   MAE: 7.57691
08/20/2026 05:14:37 - INFO - utils.trainer -   RMSE: 9.57268
08/20/2026 05:14:37 - INFO - utils.trainer -   R2: 0.17376
08/20/2026 05:14:37 - INFO - utils.trainer -   PearsonR: 0.44254
08/20/2026 05:14:37 - INFO - utils.trainer -   Epoch: 19, Loss: 0.00626, Val loss: 0.00854, Val Loss: 0.0085, Best val Loss: 0.0084, No improve: 7/10, Time: 8.2s
08/20/2026 05:14:45 - INFO - utils.trainer -   ***** Running regression evaluation on val0 dataset *****
08/20/2026 05:14:47 - INFO - utils.trainer -   Loss: 0.00902
08/20/2026 05:14:47 - INFO - utils.trainer -   MSE: 96.79912
08/20/2026 05:14:47 - INFO - utils.trainer -   MAE: 7.74214
08/20/2026 05:14:47 - INFO - utils.trainer -   RMSE: 9.83865
08/20/2026 05:14:47 - INFO - utils.trainer -   R2: 0.12721
08/20/2026 05:14:47 - INFO - utils.trainer -   PearsonR: 0.43372
08/20/2026 05:14:47 - INFO - utils.trainer -   Epoch: 20, Loss: 0.00543, Val loss: 0.00902, Val Loss: 0.0090, Best val Loss: 0.0084, No improve: 8/10, Time: 8.5s
08/20/2026 05:14:56 - INFO - utils.trainer -   ***** Running regression evaluation on val0 dataset *****
08/20/2026 05:14:58 - INFO - utils.trainer -   Loss: 0.00846
08/20/2026 05:14:58 - INFO - utils.trainer -   MSE: 90.66399
08/20/2026 05:14:58 - INFO - utils.trainer -   MAE: 7.56923
08/20/2026 05:14:58 - INFO - utils.trainer -   RMSE: 9.52176
08/20/2026 05:14:58 - INFO - utils.trainer -   R2: 0.18252
08/20/2026 05:14:58 - INFO - utils.trainer -   PearsonR: 0.43365
08/20/2026 05:14:58 - INFO - utils.trainer -   Epoch: 21, Loss: 0.00528, Val loss: 0.00846, Val Loss: 0.0085, Best val Loss: 0.0084, No improve: 9/10, Time: 8.8s
08/20/2026 05:15:07 - INFO - utils.trainer -   ***** Running regression evaluation on val0 dataset *****
08/20/2026 05:15:09 - INFO - utils.trainer -   Loss: 0.00886
08/20/2026 05:15:09 - INFO - utils.trainer -   MSE: 94.95434
08/20/2026 05:15:09 - INFO - utils.trainer -   MAE: 7.70361
08/20/2026 05:15:09 - INFO - utils.trainer -   RMSE: 9.74445
08/20/2026 05:15:09 - INFO - utils.trainer -   R2: 0.14384
08/20/2026 05:15:09 - INFO - utils.trainer -   PearsonR: 0.43241
08/20/2026 05:15:09 - INFO - utils.trainer -   Epoch: 22, Loss: 0.00606, Val loss: 0.00886, Val Loss: 0.0089, Best val Loss: 0.0084, No improve: 10/10, Time: 8.6s
08/20/2026 05:15:09 - INFO - utils.trainer -   Early stopping triggered at epoch 22
08/20/2026 05:15:09 - INFO - utils.trainer -   Early stopping triggered at epoch 22
08/20/2026 05:15:09 - INFO - utils.trainer -   Early stopping triggered at epoch 22
08/20/2026 05:15:09 - INFO - utils.trainer -   Early stopping triggered at epoch 22
08/20/2026 05:15:09 - INFO - utils.trainer -   Early stopping triggered at epoch 22
08/20/2026 05:15:09 - INFO - utils.trainer -   Early stopping triggered at epoch 22
08/20/2026 05:15:09 - INFO - utils.trainer -     6 keys not in checkpoint (kept from init)
08/20/2026 05:15:09 - INFO - utils.trainer -   Model loaded from output_dir/ALTER_AgeCAUEEG_train/ALTER-0.bin (27/27 keys)
08/20/2026 05:15:09 - INFO - utils.trainer -   ***** Running regression evaluation on test0 dataset *****
08/20/2026 05:15:09 - INFO - utils.trainer -     6 keys not in checkpoint (kept from init)
08/20/2026 05:15:09 - INFO - utils.trainer -   Model loaded from output_dir/ALTER_AgeCAUEEG_train/ALTER-0.bin (27/27 keys)
08/20/2026 05:15:09 - INFO - utils.trainer -     6 keys not in checkpoint (kept from init)
08/20/2026 05:15:09 - INFO - utils.trainer -   Model loaded from output_dir/ALTER_AgeCAUEEG_train/ALTER-0.bin (27/27 keys)
08/20/2026 05:15:09 - INFO - utils.trainer -     6 keys not in checkpoint (kept from init)
08/20/2026 05:15:09 - INFO - utils.trainer -   Model loaded from output_dir/ALTER_AgeCAUEEG_train/ALTER-0.bin (27/27 keys)
08/20/2026 05:15:09 - INFO - utils.trainer -     6 keys not in checkpoint (kept from init)
08/20/2026 05:15:09 - INFO - utils.trainer -     6 keys not in checkpoint (kept from init)
08/20/2026 05:15:09 - INFO - utils.trainer -   Model loaded from output_dir/ALTER_AgeCAUEEG_train/ALTER-0.bin (27/27 keys)
08/20/2026 05:15:09 - INFO - utils.trainer -   Model loaded from output_dir/ALTER_AgeCAUEEG_train/ALTER-0.bin (27/27 keys)
08/20/2026 05:15:11 - INFO - utils.trainer -   Loss: 0.00810
08/20/2026 05:15:11 - INFO - utils.trainer -   MSE: 86.28166
08/20/2026 05:15:11 - INFO - utils.trainer -   MAE: 7.41741
08/20/2026 05:15:11 - INFO - utils.trainer -   RMSE: 9.28879
08/20/2026 05:15:11 - INFO - utils.trainer -   R2: 0.13958
08/20/2026 05:15:11 - INFO - utils.trainer -   PearsonR: 0.37655
08/20/2026 05:15:11 - INFO - utils.trainer -   === Best epoch test result ===
08/20/2026 05:15:11 - INFO - utils.trainer -     Loss: 0.00810
08/20/2026 05:15:11 - INFO - utils.trainer -     MSE: 86.28166
08/20/2026 05:15:11 - INFO - utils.trainer -     MAE: 7.41741
08/20/2026 05:15:11 - INFO - utils.trainer -     RMSE: 9.28879
08/20/2026 05:15:11 - INFO - utils.trainer -     R2: 0.13958
08/20/2026 05:15:11 - INFO - utils.trainer -     PearsonR: 0.37655
08/20/2026 05:15:11 - INFO - utils.trainer -   Model saved to output_dir/ALTER_AgeCAUEEG_train/final-epoch-200
08/20/2026 05:15:11 - INFO - utils.trainer -   Final model saved at epoch 200
