08/13/2026 13:16:59 - INFO - __main__ -   ########## Repeat:0 ##########
08/13/2026 13:16:59 - INFO - utils.trainer -   ***** Running training *****
08/13/2026 13:16:59 - INFO - utils.trainer -     Num examples = 311
08/13/2026 13:16:59 - INFO - utils.trainer -     Num Epochs = 200
08/13/2026 13:16:59 - INFO - utils.trainer -     Total train batch size = 4
08/13/2026 13:16:59 - INFO - utils.trainer -     warmup steps = 400
08/13/2026 13:16:59 - INFO - utils.trainer -     Total optimization steps = 62200
08/13/2026 13:16:59 - INFO - utils.trainer -     Save steps = 25
08/13/2026 13:18:42 - INFO - utils.trainer -   ***** Running evaluation on val dataset *****
08/13/2026 13:18:52 - INFO - utils.trainer -   Loss: 0.69597
08/13/2026 13:18:52 - INFO - utils.trainer -   AUC: 0.50363
08/13/2026 13:18:52 - INFO - utils.trainer -   Accuracy: 0.48479
08/13/2026 13:18:52 - INFO - utils.trainer -   Precision: 0.00000
08/13/2026 13:18:52 - INFO - utils.trainer -   Specificity: 1.00000
08/13/2026 13:18:52 - INFO - utils.trainer -   Sensitivity: 0.00000
08/13/2026 13:18:53 - INFO - utils.trainer -   Model saved to output_dir/TimeLLM_DisCAUEEGTUAB_train
08/13/2026 13:18:53 - INFO - utils.trainer -   Best model saved (val_AUC=0.5036)
08/13/2026 13:18:53 - INFO - utils.trainer -   Epoch: 1, Loss: 0.75774, Val loss: 0.69597, Val AUC: 0.5036, Best val AUC: 0.5036, No improve: 0/10, Time: 102.6s
08/13/2026 13:20:35 - INFO - utils.trainer -   ***** Running evaluation on val dataset *****
08/13/2026 13:20:46 - INFO - utils.trainer -   Loss: 0.67543
08/13/2026 13:20:46 - INFO - utils.trainer -   AUC: 0.63126
08/13/2026 13:20:46 - INFO - utils.trainer -   Accuracy: 0.58935
08/13/2026 13:20:46 - INFO - utils.trainer -   Precision: 0.64200
08/13/2026 13:20:46 - INFO - utils.trainer -   Specificity: 0.72810
08/13/2026 13:20:46 - INFO - utils.trainer -   Sensitivity: 0.45879
08/13/2026 13:20:47 - INFO - utils.trainer -   Model saved to output_dir/TimeLLM_DisCAUEEGTUAB_train
08/13/2026 13:20:47 - INFO - utils.trainer -   Best model saved (val_AUC=0.6313)
08/13/2026 13:20:47 - INFO - utils.trainer -   Epoch: 2, Loss: 0.72920, Val loss: 0.67543, Val AUC: 0.6313, Best val AUC: 0.6313, No improve: 0/10, Time: 101.8s
08/13/2026 13:22:29 - INFO - utils.trainer -   ***** Running evaluation on val dataset *****
08/13/2026 13:22:40 - INFO - utils.trainer -   Loss: 0.66893
08/13/2026 13:22:40 - INFO - utils.trainer -   AUC: 0.69956
08/13/2026 13:22:40 - INFO - utils.trainer -   Accuracy: 0.62991
08/13/2026 13:22:40 - INFO - utils.trainer -   Precision: 0.77458
08/13/2026 13:22:40 - INFO - utils.trainer -   Specificity: 0.87712
08/13/2026 13:22:40 - INFO - utils.trainer -   Sensitivity: 0.39729
08/13/2026 13:22:41 - INFO - utils.trainer -   Model saved to output_dir/TimeLLM_DisCAUEEGTUAB_train
08/13/2026 13:22:41 - INFO - utils.trainer -   Best model saved (val_AUC=0.6996)
08/13/2026 13:22:41 - INFO - utils.trainer -   Epoch: 3, Loss: 0.64462, Val loss: 0.66893, Val AUC: 0.6996, Best val AUC: 0.6996, No improve: 0/10, Time: 102.1s
08/13/2026 13:24:22 - INFO - utils.trainer -   ***** Running evaluation on val dataset *****
08/13/2026 13:24:33 - INFO - utils.trainer -   Loss: 0.64990
08/13/2026 13:24:33 - INFO - utils.trainer -   AUC: 0.73535
08/13/2026 13:24:33 - INFO - utils.trainer -   Accuracy: 0.64068
08/13/2026 13:24:33 - INFO - utils.trainer -   Precision: 0.76974
08/13/2026 13:24:33 - INFO - utils.trainer -   Specificity: 0.86275
08/13/2026 13:24:33 - INFO - utils.trainer -   Sensitivity: 0.43173
08/13/2026 13:24:34 - INFO - utils.trainer -   Model saved to output_dir/TimeLLM_DisCAUEEGTUAB_train
08/13/2026 13:24:34 - INFO - utils.trainer -   Best model saved (val_AUC=0.7354)
08/13/2026 13:24:34 - INFO - utils.trainer -   Epoch: 4, Loss: 0.59817, Val loss: 0.64990, Val AUC: 0.7354, Best val AUC: 0.7354, No improve: 0/10, Time: 101.8s
08/13/2026 13:26:15 - INFO - utils.trainer -   ***** Running evaluation on val dataset *****
08/13/2026 13:26:26 - INFO - utils.trainer -   Loss: 0.62775
08/13/2026 13:26:26 - INFO - utils.trainer -   AUC: 0.71788
08/13/2026 13:26:26 - INFO - utils.trainer -   Accuracy: 0.64195
08/13/2026 13:26:26 - INFO - utils.trainer -   Precision: 0.65979
08/13/2026 13:26:26 - INFO - utils.trainer -   Specificity: 0.65490
08/13/2026 13:26:26 - INFO - utils.trainer -   Sensitivity: 0.62977
08/13/2026 13:26:26 - INFO - utils.trainer -   Epoch: 5, Loss: 0.58284, Val loss: 0.62775, Val AUC: 0.7179, Best val AUC: 0.7354, No improve: 1/10, Time: 101.8s
08/13/2026 13:28:08 - INFO - utils.trainer -   ***** Running evaluation on val dataset *****
08/13/2026 13:28:18 - INFO - utils.trainer -   Loss: 0.64496
08/13/2026 13:28:18 - INFO - utils.trainer -   AUC: 0.73716
08/13/2026 13:28:18 - INFO - utils.trainer -   Accuracy: 0.65843
08/13/2026 13:28:18 - INFO - utils.trainer -   Precision: 0.75849
08/13/2026 13:28:18 - INFO - utils.trainer -   Specificity: 0.83268
08/13/2026 13:28:18 - INFO - utils.trainer -   Sensitivity: 0.49446
08/13/2026 13:28:19 - INFO - utils.trainer -   Model saved to output_dir/TimeLLM_DisCAUEEGTUAB_train
08/13/2026 13:28:19 - INFO - utils.trainer -   Best model saved (val_AUC=0.7372)
08/13/2026 13:28:19 - INFO - utils.trainer -   Epoch: 6, Loss: 0.61301, Val loss: 0.64496, Val AUC: 0.7372, Best val AUC: 0.7372, No improve: 0/10, Time: 101.7s
08/13/2026 13:30:01 - INFO - utils.trainer -   ***** Running evaluation on val dataset *****
08/13/2026 13:30:12 - INFO - utils.trainer -   Loss: 0.59201
08/13/2026 13:30:12 - INFO - utils.trainer -   AUC: 0.75032
08/13/2026 13:30:12 - INFO - utils.trainer -   Accuracy: 0.68504
08/13/2026 13:30:12 - INFO - utils.trainer -   Precision: 0.71585
08/13/2026 13:30:12 - INFO - utils.trainer -   Specificity: 0.72810
08/13/2026 13:30:12 - INFO - utils.trainer -   Sensitivity: 0.64453
08/13/2026 13:30:12 - INFO - utils.trainer -   Model saved to output_dir/TimeLLM_DisCAUEEGTUAB_train
08/13/2026 13:30:12 - INFO - utils.trainer -   Best model saved (val_AUC=0.7503)
08/13/2026 13:30:12 - INFO - utils.trainer -   Epoch: 7, Loss: 0.53823, Val loss: 0.59201, Val AUC: 0.7503, Best val AUC: 0.7503, No improve: 0/10, Time: 101.7s
08/13/2026 13:31:54 - INFO - utils.trainer -   ***** Running evaluation on val dataset *****
08/13/2026 13:32:05 - INFO - utils.trainer -   Loss: 0.61643
08/13/2026 13:32:05 - INFO - utils.trainer -   AUC: 0.74588
08/13/2026 13:32:05 - INFO - utils.trainer -   Accuracy: 0.66413
08/13/2026 13:32:05 - INFO - utils.trainer -   Precision: 0.77055
08/13/2026 13:32:05 - INFO - utils.trainer -   Specificity: 0.84314
08/13/2026 13:32:05 - INFO - utils.trainer -   Sensitivity: 0.49569
08/13/2026 13:32:05 - INFO - utils.trainer -   Epoch: 8, Loss: 0.53132, Val loss: 0.61643, Val AUC: 0.7459, Best val AUC: 0.7503, No improve: 1/10, Time: 101.9s
08/13/2026 13:33:47 - INFO - utils.trainer -   ***** Running evaluation on val dataset *****
08/13/2026 13:33:58 - INFO - utils.trainer -   Loss: 0.69272
08/13/2026 13:33:58 - INFO - utils.trainer -   AUC: 0.75111
08/13/2026 13:33:58 - INFO - utils.trainer -   Accuracy: 0.65716
08/13/2026 13:33:58 - INFO - utils.trainer -   Precision: 0.78936
08/13/2026 13:33:58 - INFO - utils.trainer -   Specificity: 0.87059
08/13/2026 13:33:58 - INFO - utils.trainer -   Sensitivity: 0.45633
08/13/2026 13:33:58 - INFO - utils.trainer -   Epoch: 9, Loss: 0.51124, Val loss: 0.69272, Val AUC: 0.7511, Best val AUC: 0.7503, No improve: 2/10, Time: 101.9s
08/13/2026 13:35:39 - INFO - utils.trainer -   ***** Running evaluation on val dataset *****
08/13/2026 13:35:50 - INFO - utils.trainer -   Loss: 0.64669
08/13/2026 13:35:50 - INFO - utils.trainer -   AUC: 0.73894
08/13/2026 13:35:50 - INFO - utils.trainer -   Accuracy: 0.66730
08/13/2026 13:35:50 - INFO - utils.trainer -   Precision: 0.65385
08/13/2026 13:35:50 - INFO - utils.trainer -   Specificity: 0.57647
08/13/2026 13:35:50 - INFO - utils.trainer -   Sensitivity: 0.75277
08/13/2026 13:35:50 - INFO - utils.trainer -   Epoch: 10, Loss: 0.51334, Val loss: 0.64669, Val AUC: 0.7389, Best val AUC: 0.7503, No improve: 3/10, Time: 101.6s
08/13/2026 13:37:31 - INFO - utils.trainer -   ***** Running evaluation on val dataset *****
08/13/2026 13:37:42 - INFO - utils.trainer -   Loss: 0.62715
08/13/2026 13:37:42 - INFO - utils.trainer -   AUC: 0.74709
08/13/2026 13:37:42 - INFO - utils.trainer -   Accuracy: 0.68251
08/13/2026 13:37:42 - INFO - utils.trainer -   Precision: 0.76897
08/13/2026 13:37:42 - INFO - utils.trainer -   Specificity: 0.82484
08/13/2026 13:37:42 - INFO - utils.trainer -   Sensitivity: 0.54859
08/13/2026 13:37:42 - INFO - utils.trainer -   Epoch: 11, Loss: 0.49844, Val loss: 0.62715, Val AUC: 0.7471, Best val AUC: 0.7503, No improve: 4/10, Time: 101.6s
08/13/2026 13:39:24 - INFO - utils.trainer -   ***** Running evaluation on val dataset *****
08/13/2026 13:39:34 - INFO - utils.trainer -   Loss: 0.61430
08/13/2026 13:39:34 - INFO - utils.trainer -   AUC: 0.75334
08/13/2026 13:39:34 - INFO - utils.trainer -   Accuracy: 0.68441
08/13/2026 13:39:34 - INFO - utils.trainer -   Precision: 0.70861
08/13/2026 13:39:34 - INFO - utils.trainer -   Specificity: 0.71242
08/13/2026 13:39:34 - INFO - utils.trainer -   Sensitivity: 0.65806
08/13/2026 13:39:35 - INFO - utils.trainer -   Model saved to output_dir/TimeLLM_DisCAUEEGTUAB_train
08/13/2026 13:39:35 - INFO - utils.trainer -   Best model saved (val_AUC=0.7533)
08/13/2026 13:39:35 - INFO - utils.trainer -   Epoch: 12, Loss: 0.51926, Val loss: 0.61430, Val AUC: 0.7533, Best val AUC: 0.7533, No improve: 0/10, Time: 101.7s
08/13/2026 13:41:17 - INFO - utils.trainer -   ***** Running evaluation on val dataset *****
08/13/2026 13:41:27 - INFO - utils.trainer -   Loss: 0.62835
08/13/2026 13:41:27 - INFO - utils.trainer -   AUC: 0.74637
08/13/2026 13:41:27 - INFO - utils.trainer -   Accuracy: 0.66857
08/13/2026 13:41:27 - INFO - utils.trainer -   Precision: 0.67901
08/13/2026 13:41:27 - INFO - utils.trainer -   Specificity: 0.66013
08/13/2026 13:41:27 - INFO - utils.trainer -   Sensitivity: 0.67651
08/13/2026 13:41:27 - INFO - utils.trainer -   Epoch: 13, Loss: 0.47438, Val loss: 0.62835, Val AUC: 0.7464, Best val AUC: 0.7533, No improve: 1/10, Time: 101.7s
08/13/2026 13:43:09 - INFO - utils.trainer -   ***** Running evaluation on val dataset *****
08/13/2026 13:43:20 - INFO - utils.trainer -   Loss: 0.61924
08/13/2026 13:43:20 - INFO - utils.trainer -   AUC: 0.75529
08/13/2026 13:43:20 - INFO - utils.trainer -   Accuracy: 0.68695
08/13/2026 13:43:20 - INFO - utils.trainer -   Precision: 0.69333
08/13/2026 13:43:20 - INFO - utils.trainer -   Specificity: 0.66928
08/13/2026 13:43:20 - INFO - utils.trainer -   Sensitivity: 0.70357
08/13/2026 13:43:20 - INFO - utils.trainer -   Model saved to output_dir/TimeLLM_DisCAUEEGTUAB_train
08/13/2026 13:43:20 - INFO - utils.trainer -   Best model saved (val_AUC=0.7553)
08/13/2026 13:43:20 - INFO - utils.trainer -   Epoch: 14, Loss: 0.49171, Val loss: 0.61924, Val AUC: 0.7553, Best val AUC: 0.7553, No improve: 0/10, Time: 101.8s
08/13/2026 13:45:02 - INFO - utils.trainer -   ***** Running evaluation on val dataset *****
08/13/2026 13:45:13 - INFO - utils.trainer -   Loss: 0.61887
08/13/2026 13:45:13 - INFO - utils.trainer -   AUC: 0.76013
08/13/2026 13:45:13 - INFO - utils.trainer -   Accuracy: 0.68821
08/13/2026 13:45:13 - INFO - utils.trainer -   Precision: 0.70871
08/13/2026 13:45:13 - INFO - utils.trainer -   Specificity: 0.70719
08/13/2026 13:45:13 - INFO - utils.trainer -   Sensitivity: 0.67036
08/13/2026 13:45:14 - INFO - utils.trainer -   Model saved to output_dir/TimeLLM_DisCAUEEGTUAB_train
08/13/2026 13:45:14 - INFO - utils.trainer -   Best model saved (val_AUC=0.7601)
08/13/2026 13:45:14 - INFO - utils.trainer -   Epoch: 15, Loss: 0.46347, Val loss: 0.61887, Val AUC: 0.7601, Best val AUC: 0.7601, No improve: 0/10, Time: 101.6s
08/13/2026 13:46:56 - INFO - utils.trainer -   ***** Running evaluation on val dataset *****
08/13/2026 13:47:06 - INFO - utils.trainer -   Loss: 0.64794
08/13/2026 13:47:06 - INFO - utils.trainer -   AUC: 0.74957
08/13/2026 13:47:06 - INFO - utils.trainer -   Accuracy: 0.69392
08/13/2026 13:47:06 - INFO - utils.trainer -   Precision: 0.73438
08/13/2026 13:47:06 - INFO - utils.trainer -   Specificity: 0.75556
08/13/2026 13:47:06 - INFO - utils.trainer -   Sensitivity: 0.63592
08/13/2026 13:47:06 - INFO - utils.trainer -   Epoch: 16, Loss: 0.43070, Val loss: 0.64794, Val AUC: 0.7496, Best val AUC: 0.7601, No improve: 1/10, Time: 101.9s
08/13/2026 13:48:48 - INFO - utils.trainer -   ***** Running evaluation on val dataset *****
08/13/2026 13:48:59 - INFO - utils.trainer -   Loss: 0.66345
08/13/2026 13:48:59 - INFO - utils.trainer -   AUC: 0.73688
08/13/2026 13:48:59 - INFO - utils.trainer -   Accuracy: 0.66984
08/13/2026 13:48:59 - INFO - utils.trainer -   Precision: 0.71922
08/13/2026 13:48:59 - INFO - utils.trainer -   Specificity: 0.75556
08/13/2026 13:48:59 - INFO - utils.trainer -   Sensitivity: 0.58918
08/13/2026 13:48:59 - INFO - utils.trainer -   Epoch: 17, Loss: 0.41856, Val loss: 0.66345, Val AUC: 0.7369, Best val AUC: 0.7601, No improve: 2/10, Time: 101.7s
08/13/2026 13:50:40 - INFO - utils.trainer -   ***** Running evaluation on val dataset *****
08/13/2026 13:50:51 - INFO - utils.trainer -   Loss: 0.69484
08/13/2026 13:50:51 - INFO - utils.trainer -   AUC: 0.74336
08/13/2026 13:50:51 - INFO - utils.trainer -   Accuracy: 0.67744
08/13/2026 13:50:51 - INFO - utils.trainer -   Precision: 0.71777
08/13/2026 13:50:51 - INFO - utils.trainer -   Specificity: 0.74248
08/13/2026 13:50:51 - INFO - utils.trainer -   Sensitivity: 0.61624
08/13/2026 13:50:51 - INFO - utils.trainer -   Epoch: 18, Loss: 0.41227, Val loss: 0.69484, Val AUC: 0.7434, Best val AUC: 0.7601, No improve: 3/10, Time: 101.7s
08/13/2026 13:52:33 - INFO - utils.trainer -   ***** Running evaluation on val dataset *****
08/13/2026 13:52:43 - INFO - utils.trainer -   Loss: 0.69431
08/13/2026 13:52:43 - INFO - utils.trainer -   AUC: 0.73522
08/13/2026 13:52:43 - INFO - utils.trainer -   Accuracy: 0.67047
08/13/2026 13:52:43 - INFO - utils.trainer -   Precision: 0.69150
08/13/2026 13:52:43 - INFO - utils.trainer -   Specificity: 0.69150
08/13/2026 13:52:43 - INFO - utils.trainer -   Sensitivity: 0.65068
08/13/2026 13:52:43 - INFO - utils.trainer -   Epoch: 19, Loss: 0.39206, Val loss: 0.69431, Val AUC: 0.7352, Best val AUC: 0.7601, No improve: 4/10, Time: 101.8s
08/13/2026 13:54:25 - INFO - utils.trainer -   ***** Running evaluation on val dataset *****
08/13/2026 13:54:36 - INFO - utils.trainer -   Loss: 0.71186
08/13/2026 13:54:36 - INFO - utils.trainer -   AUC: 0.73989
08/13/2026 13:54:36 - INFO - utils.trainer -   Accuracy: 0.67427
08/13/2026 13:54:36 - INFO - utils.trainer -   Precision: 0.70396
08/13/2026 13:54:36 - INFO - utils.trainer -   Specificity: 0.71634
08/13/2026 13:54:36 - INFO - utils.trainer -   Sensitivity: 0.63469
08/13/2026 13:54:36 - INFO - utils.trainer -   Epoch: 20, Loss: 0.37097, Val loss: 0.71186, Val AUC: 0.7399, Best val AUC: 0.7601, No improve: 5/10, Time: 101.7s
08/13/2026 13:56:17 - INFO - utils.trainer -   ***** Running evaluation on val dataset *****
08/13/2026 13:56:28 - INFO - utils.trainer -   Loss: 0.76711
08/13/2026 13:56:28 - INFO - utils.trainer -   AUC: 0.74105
08/13/2026 13:56:28 - INFO - utils.trainer -   Accuracy: 0.67934
08/13/2026 13:56:28 - INFO - utils.trainer -   Precision: 0.75372
08/13/2026 13:56:28 - INFO - utils.trainer -   Specificity: 0.80523
08/13/2026 13:56:28 - INFO - utils.trainer -   Sensitivity: 0.56089
08/13/2026 13:56:28 - INFO - utils.trainer -   Epoch: 21, Loss: 0.38746, Val loss: 0.76711, Val AUC: 0.7411, Best val AUC: 0.7601, No improve: 6/10, Time: 101.6s
08/13/2026 13:58:09 - INFO - utils.trainer -   ***** Running evaluation on val dataset *****
08/13/2026 13:58:20 - INFO - utils.trainer -   Loss: 0.77446
08/13/2026 13:58:20 - INFO - utils.trainer -   AUC: 0.73203
08/13/2026 13:58:20 - INFO - utils.trainer -   Accuracy: 0.65526
08/13/2026 13:58:20 - INFO - utils.trainer -   Precision: 0.63967
08/13/2026 13:58:20 - INFO - utils.trainer -   Specificity: 0.54641
08/13/2026 13:58:20 - INFO - utils.trainer -   Sensitivity: 0.75769
08/13/2026 13:58:20 - INFO - utils.trainer -   Epoch: 22, Loss: 0.34567, Val loss: 0.77446, Val AUC: 0.7320, Best val AUC: 0.7601, No improve: 7/10, Time: 101.6s
08/13/2026 14:00:02 - INFO - utils.trainer -   ***** Running evaluation on val dataset *****
08/13/2026 14:00:13 - INFO - utils.trainer -   Loss: 0.81526
08/13/2026 14:00:13 - INFO - utils.trainer -   AUC: 0.73314
08/13/2026 14:00:13 - INFO - utils.trainer -   Accuracy: 0.67110
08/13/2026 14:00:13 - INFO - utils.trainer -   Precision: 0.69758
08/13/2026 14:00:13 - INFO - utils.trainer -   Specificity: 0.70588
08/13/2026 14:00:13 - INFO - utils.trainer -   Sensitivity: 0.63838
08/13/2026 14:00:13 - INFO - utils.trainer -   Epoch: 23, Loss: 0.32190, Val loss: 0.81526, Val AUC: 0.7331, Best val AUC: 0.7601, No improve: 8/10, Time: 102.6s
08/13/2026 14:01:55 - INFO - utils.trainer -   ***** Running evaluation on val dataset *****
08/13/2026 14:02:05 - INFO - utils.trainer -   Loss: 0.85030
08/13/2026 14:02:05 - INFO - utils.trainer -   AUC: 0.72079
08/13/2026 14:02:05 - INFO - utils.trainer -   Accuracy: 0.66413
08/13/2026 14:02:05 - INFO - utils.trainer -   Precision: 0.68594
08/13/2026 14:02:05 - INFO - utils.trainer -   Specificity: 0.68758
08/13/2026 14:02:05 - INFO - utils.trainer -   Sensitivity: 0.64207
08/13/2026 14:02:05 - INFO - utils.trainer -   Epoch: 24, Loss: 0.33215, Val loss: 0.85030, Val AUC: 0.7208, Best val AUC: 0.7601, No improve: 9/10, Time: 101.9s
08/13/2026 14:03:47 - INFO - utils.trainer -   ***** Running evaluation on val dataset *****
08/13/2026 14:03:58 - INFO - utils.trainer -   Loss: 0.88322
08/13/2026 14:03:58 - INFO - utils.trainer -   AUC: 0.71574
08/13/2026 14:03:58 - INFO - utils.trainer -   Accuracy: 0.65653
08/13/2026 14:03:58 - INFO - utils.trainer -   Precision: 0.67261
08/13/2026 14:03:58 - INFO - utils.trainer -   Specificity: 0.66405
08/13/2026 14:03:58 - INFO - utils.trainer -   Sensitivity: 0.64945
08/13/2026 14:03:59 - INFO - utils.trainer -   Model saved to output_dir/TimeLLM_DisCAUEEGTUAB_train/checkpoint-epoch-25
08/13/2026 14:03:59 - INFO - utils.trainer -   Checkpoint saved at epoch 25
08/13/2026 14:03:59 - INFO - utils.trainer -   Epoch: 25, Loss: 0.29959, Val loss: 0.88322, Val AUC: 0.7157, Best val AUC: 0.7601, No improve: 10/10, Time: 101.6s
08/13/2026 14:03:59 - INFO - utils.trainer -   Early stopping triggered at epoch 25
08/13/2026 14:03:59 - INFO - utils.trainer -   Early stopping triggered at epoch 25
08/13/2026 14:03:59 - INFO - utils.trainer -   Early stopping triggered at epoch 25
08/13/2026 14:03:59 - INFO - utils.trainer -   Early stopping triggered at epoch 25
08/13/2026 14:03:59 - INFO - utils.trainer -   Early stopping triggered at epoch 25
08/13/2026 14:03:59 - INFO - utils.trainer -   Early stopping triggered at epoch 25
08/13/2026 14:03:59 - INFO - utils.trainer -     2 prompt-buffer key(s) skipped (kept target-dataset prompt)
08/13/2026 14:03:59 - INFO - utils.trainer -     582 keys not in checkpoint (kept from init)
08/13/2026 14:03:59 - INFO - utils.trainer -   Model loaded from output_dir/TimeLLM_DisCAUEEGTUAB_train/TimeLLM-0.bin (21/23 keys)
08/13/2026 14:03:59 - INFO - utils.trainer -     2 prompt-buffer key(s) skipped (kept target-dataset prompt)
08/13/2026 14:03:59 - INFO - utils.trainer -     582 keys not in checkpoint (kept from init)
08/13/2026 14:03:59 - INFO - utils.trainer -   Model loaded from output_dir/TimeLLM_DisCAUEEGTUAB_train/TimeLLM-0.bin (21/23 keys)
08/13/2026 14:03:59 - INFO - utils.trainer -     2 prompt-buffer key(s) skipped (kept target-dataset prompt)
08/13/2026 14:03:59 - INFO - utils.trainer -     582 keys not in checkpoint (kept from init)
08/13/2026 14:03:59 - INFO - utils.trainer -   Model loaded from output_dir/TimeLLM_DisCAUEEGTUAB_train/TimeLLM-0.bin (21/23 keys)
08/13/2026 14:03:59 - INFO - utils.trainer -     2 prompt-buffer key(s) skipped (kept target-dataset prompt)
08/13/2026 14:03:59 - INFO - utils.trainer -     582 keys not in checkpoint (kept from init)
08/13/2026 14:03:59 - INFO - utils.trainer -   Model loaded from output_dir/TimeLLM_DisCAUEEGTUAB_train/TimeLLM-0.bin (21/23 keys)
08/13/2026 14:03:59 - INFO - utils.trainer -     2 prompt-buffer key(s) skipped (kept target-dataset prompt)
08/13/2026 14:03:59 - INFO - utils.trainer -     582 keys not in checkpoint (kept from init)
08/13/2026 14:03:59 - INFO - utils.trainer -   Model loaded from output_dir/TimeLLM_DisCAUEEGTUAB_train/TimeLLM-0.bin (21/23 keys)
08/13/2026 14:03:59 - INFO - utils.trainer -     2 prompt-buffer key(s) skipped (kept target-dataset prompt)
08/13/2026 14:03:59 - INFO - utils.trainer -     582 keys not in checkpoint (kept from init)
08/13/2026 14:03:59 - INFO - utils.trainer -   Model loaded from output_dir/TimeLLM_DisCAUEEGTUAB_train/TimeLLM-0.bin (21/23 keys)
08/13/2026 14:03:59 - INFO - utils.trainer -   ***** Running evaluation on test dataset *****
08/13/2026 14:04:10 - INFO - utils.trainer -   Loss: 0.59239
08/13/2026 14:04:10 - INFO - utils.trainer -   AUC: 0.77341
08/13/2026 14:04:10 - INFO - utils.trainer -   Accuracy: 0.70159
08/13/2026 14:04:10 - INFO - utils.trainer -   Precision: 0.69357
08/13/2026 14:04:10 - INFO - utils.trainer -   Specificity: 0.71002
08/13/2026 14:04:10 - INFO - utils.trainer -   Sensitivity: 0.69270
08/13/2026 14:04:10 - INFO - utils.trainer -   === Best epoch test result ===
08/13/2026 14:04:10 - INFO - utils.trainer -     Loss: 0.59239
08/13/2026 14:04:10 - INFO - utils.trainer -     AUC: 0.77341
08/13/2026 14:04:10 - INFO - utils.trainer -     Accuracy: 0.70159
08/13/2026 14:04:10 - INFO - utils.trainer -     Precision: 0.69357
08/13/2026 14:04:10 - INFO - utils.trainer -     Specificity: 0.71002
08/13/2026 14:04:10 - INFO - utils.trainer -     Sensitivity: 0.69270
08/13/2026 14:04:11 - INFO - utils.trainer -   Model saved to output_dir/TimeLLM_DisCAUEEGTUAB_train/final-epoch-200
08/13/2026 14:04:11 - INFO - utils.trainer -   Final model saved at epoch 200
