07/27/2026 13:18:29 - INFO - __main__ -   ########## Repeat:0 ##########
07/27/2026 13:18:29 - INFO - utils.trainer -   ***** Running training *****
07/27/2026 13:18:29 - INFO - utils.trainer -     Num examples = 216
07/27/2026 13:18:29 - INFO - utils.trainer -     Num Epochs = 200
07/27/2026 13:18:29 - INFO - utils.trainer -     Total train batch size = 4
07/27/2026 13:18:29 - INFO - utils.trainer -     warmup steps = 400
07/27/2026 13:18:29 - INFO - utils.trainer -     Total optimization steps = 43200
07/27/2026 13:18:29 - INFO - utils.trainer -     Save steps = 200
07/27/2026 13:19:28 - INFO - __main__ -   ########## Repeat:0 ##########
07/27/2026 13:19:28 - INFO - utils.trainer -   ***** Running training *****
07/27/2026 13:19:28 - INFO - utils.trainer -     Num examples = 216
07/27/2026 13:19:28 - INFO - utils.trainer -     Num Epochs = 200
07/27/2026 13:19:28 - INFO - utils.trainer -     Total train batch size = 4
07/27/2026 13:19:28 - INFO - utils.trainer -     warmup steps = 400
07/27/2026 13:19:28 - INFO - utils.trainer -     Total optimization steps = 43200
07/27/2026 13:19:28 - INFO - utils.trainer -     Save steps = 200
07/27/2026 13:21:17 - INFO - __main__ -   ########## Repeat:0 ##########
07/27/2026 13:21:17 - INFO - utils.trainer -   ***** Running training *****
07/27/2026 13:21:17 - INFO - utils.trainer -     Num examples = 216
07/27/2026 13:21:17 - INFO - utils.trainer -     Num Epochs = 200
07/27/2026 13:21:17 - INFO - utils.trainer -     Total train batch size = 4
07/27/2026 13:21:17 - INFO - utils.trainer -     warmup steps = 400
07/27/2026 13:21:17 - INFO - utils.trainer -     Total optimization steps = 43200
07/27/2026 13:21:17 - INFO - utils.trainer -     Save steps = 200
07/27/2026 13:21:30 - INFO - utils.trainer -   ***** Running evaluation on val dataset *****
07/27/2026 13:21:34 - INFO - utils.trainer -   Loss: 297184054.95703
07/27/2026 13:21:34 - INFO - utils.trainer -   AUC: 0.52674
07/27/2026 13:21:34 - INFO - utils.trainer -   Accuracy: 0.53472
07/27/2026 13:21:34 - INFO - utils.trainer -   Precision: 0.53594
07/27/2026 13:21:34 - INFO - utils.trainer -   Recall: 0.97893
07/27/2026 13:21:34 - INFO - utils.trainer -   F_score: 0.69266
07/27/2026 13:21:34 - INFO - utils.trainer -   Specificity: 0.00000
07/27/2026 13:21:34 - INFO - utils.trainer -   Sensitivity: 0.00000
07/27/2026 13:21:34 - INFO - utils.trainer -   ***** Running evaluation on test dataset *****
07/27/2026 13:21:38 - INFO - utils.trainer -   Loss: 36716702316.34375
07/27/2026 13:21:38 - INFO - utils.trainer -   AUC: 0.47514
07/27/2026 13:21:38 - INFO - utils.trainer -   Accuracy: 0.55877
07/27/2026 13:21:38 - INFO - utils.trainer -   Precision: 0.56514
07/27/2026 13:21:38 - INFO - utils.trainer -   Recall: 0.97068
07/27/2026 13:21:38 - INFO - utils.trainer -   F_score: 0.71437
07/27/2026 13:21:38 - INFO - utils.trainer -   Specificity: 0.00000
07/27/2026 13:21:38 - INFO - utils.trainer -   Sensitivity: 0.00000
07/27/2026 13:21:38 - INFO - utils.trainer -   Model saved to output_dir/TCACNet
07/27/2026 13:21:38 - INFO - utils.trainer -   Best model saved (val_loss=297184054.9570, test_acc=0.5588)
07/27/2026 13:21:38 - INFO - utils.trainer -   Epoch: 1, Loss: 787.96065, Val loss: 297184054.95703, Test loss: 36716702316.34375, Val Acc: 0.5347, Best val loss: 297184054.9570, No improve: 0/20, Time: 13.0s
07/27/2026 13:21:51 - INFO - utils.trainer -   ***** Running evaluation on val dataset *****
07/27/2026 13:21:55 - INFO - utils.trainer -   Loss: 271990131.43750
07/27/2026 13:21:55 - INFO - utils.trainer -   AUC: 0.67046
07/27/2026 13:21:55 - INFO - utils.trainer -   Accuracy: 0.60938
07/27/2026 13:21:55 - INFO - utils.trainer -   Precision: 0.72386
07/27/2026 13:21:55 - INFO - utils.trainer -   Recall: 0.43760
07/27/2026 13:21:55 - INFO - utils.trainer -   F_score: 0.54545
07/27/2026 13:21:55 - INFO - utils.trainer -   Specificity: 0.00000
07/27/2026 13:21:55 - INFO - utils.trainer -   Sensitivity: 0.00000
07/27/2026 13:21:55 - INFO - utils.trainer -   ***** Running evaluation on test dataset *****
07/27/2026 13:21:59 - INFO - utils.trainer -   Loss: 33597251297.50000
07/27/2026 13:21:59 - INFO - utils.trainer -   AUC: 0.66640
07/27/2026 13:21:59 - INFO - utils.trainer -   Accuracy: 0.58333
07/27/2026 13:21:59 - INFO - utils.trainer -   Precision: 0.73190
07/27/2026 13:21:59 - INFO - utils.trainer -   Recall: 0.42130
07/27/2026 13:21:59 - INFO - utils.trainer -   F_score: 0.53477
07/27/2026 13:21:59 - INFO - utils.trainer -   Specificity: 0.00000
07/27/2026 13:21:59 - INFO - utils.trainer -   Sensitivity: 0.00000
07/27/2026 13:21:59 - INFO - utils.trainer -   Model saved to output_dir/TCACNet
07/27/2026 13:21:59 - INFO - utils.trainer -   Best model saved (val_loss=271990131.4375, test_acc=0.5833)
07/27/2026 13:21:59 - INFO - utils.trainer -   Epoch: 2, Loss: 12779.40513, Val loss: 271990131.43750, Test loss: 33597251297.50000, Val Acc: 0.6094, Best val loss: 271990131.4375, No improve: 0/20, Time: 12.6s
