08/01/2026 23:18:45 - INFO - __main__ -   ########## Repeat:0 ##########
08/01/2026 23:18:45 - INFO - utils.trainer -   ***** Running training *****
08/01/2026 23:18:45 - INFO - utils.trainer -     Num examples = 48
08/01/2026 23:18:45 - INFO - utils.trainer -     Num Epochs = 200
08/01/2026 23:18:45 - INFO - utils.trainer -     Total train batch size = 3
08/01/2026 23:18:45 - INFO - utils.trainer -     warmup steps = 400
08/01/2026 23:18:45 - INFO - utils.trainer -     Total optimization steps = 9600
08/01/2026 23:18:45 - INFO - utils.trainer -     Save steps = 25
08/01/2026 23:19:07 - INFO - utils.trainer -   ***** Running evaluation on val dataset *****
08/01/2026 23:19:10 - INFO - utils.trainer -   Loss: 0.69783
08/01/2026 23:19:10 - INFO - utils.trainer -   AUC: 0.45664
08/01/2026 23:19:10 - INFO - utils.trainer -   Accuracy: 0.53125
08/01/2026 23:19:10 - INFO - utils.trainer -   Precision: 0.53125
08/01/2026 23:19:10 - INFO - utils.trainer -   Specificity: 0.00000
08/01/2026 23:19:10 - INFO - utils.trainer -   Sensitivity: 1.00000
08/01/2026 23:19:11 - INFO - utils.trainer -   Model saved to output_dir/TimeLLM_Beirut_train
08/01/2026 23:19:11 - INFO - utils.trainer -   Best model saved (val_AUC=0.4566)
08/01/2026 23:19:11 - INFO - utils.trainer -   Epoch: 1, Loss: 1.01825, Val loss: 0.69783, Val AUC: 0.4566, Best val AUC: 0.4566, No improve: 0/10, Time: 22.5s
08/01/2026 23:19:32 - INFO - utils.trainer -   ***** Running evaluation on val dataset *****
08/01/2026 23:19:35 - INFO - utils.trainer -   Loss: 0.68839
08/01/2026 23:19:35 - INFO - utils.trainer -   AUC: 0.57135
08/01/2026 23:19:35 - INFO - utils.trainer -   Accuracy: 0.55729
08/01/2026 23:19:35 - INFO - utils.trainer -   Precision: 0.54913
08/01/2026 23:19:35 - INFO - utils.trainer -   Specificity: 0.13333
08/01/2026 23:19:35 - INFO - utils.trainer -   Sensitivity: 0.93137
08/01/2026 23:19:36 - INFO - utils.trainer -   Model saved to output_dir/TimeLLM_Beirut_train
08/01/2026 23:19:36 - INFO - utils.trainer -   Best model saved (val_AUC=0.5714)
08/01/2026 23:19:36 - INFO - utils.trainer -   Epoch: 2, Loss: 0.80897, Val loss: 0.68839, Val AUC: 0.5714, Best val AUC: 0.5714, No improve: 0/10, Time: 21.8s
08/01/2026 23:19:58 - INFO - utils.trainer -   ***** Running evaluation on val dataset *****
08/01/2026 23:20:00 - INFO - utils.trainer -   Loss: 0.69815
08/01/2026 23:20:00 - INFO - utils.trainer -   AUC: 0.47440
08/01/2026 23:20:00 - INFO - utils.trainer -   Accuracy: 0.48958
08/01/2026 23:20:00 - INFO - utils.trainer -   Precision: 0.57143
08/01/2026 23:20:00 - INFO - utils.trainer -   Specificity: 0.86667
08/01/2026 23:20:00 - INFO - utils.trainer -   Sensitivity: 0.15686
08/01/2026 23:20:00 - INFO - utils.trainer -   Epoch: 3, Loss: 0.78978, Val loss: 0.69815, Val AUC: 0.4744, Best val AUC: 0.5714, No improve: 1/10, Time: 21.9s
08/01/2026 23:20:22 - INFO - utils.trainer -   ***** Running evaluation on val dataset *****
08/01/2026 23:20:25 - INFO - utils.trainer -   Loss: 0.70278
08/01/2026 23:20:25 - INFO - utils.trainer -   AUC: 0.47015
08/01/2026 23:20:25 - INFO - utils.trainer -   Accuracy: 0.53125
08/01/2026 23:20:25 - INFO - utils.trainer -   Precision: 0.53125
08/01/2026 23:20:25 - INFO - utils.trainer -   Specificity: 0.00000
08/01/2026 23:20:25 - INFO - utils.trainer -   Sensitivity: 1.00000
08/01/2026 23:20:25 - INFO - utils.trainer -   Epoch: 4, Loss: 0.81322, Val loss: 0.70278, Val AUC: 0.4702, Best val AUC: 0.5714, No improve: 2/10, Time: 21.9s
08/01/2026 23:20:47 - INFO - utils.trainer -   ***** Running evaluation on val dataset *****
08/01/2026 23:20:49 - INFO - utils.trainer -   Loss: 0.68960
08/01/2026 23:20:49 - INFO - utils.trainer -   AUC: 0.60817
08/01/2026 23:20:49 - INFO - utils.trainer -   Accuracy: 0.53125
08/01/2026 23:20:49 - INFO - utils.trainer -   Precision: 0.53125
08/01/2026 23:20:49 - INFO - utils.trainer -   Specificity: 0.00000
08/01/2026 23:20:49 - INFO - utils.trainer -   Sensitivity: 1.00000
08/01/2026 23:20:50 - INFO - utils.trainer -   Model saved to output_dir/TimeLLM_Beirut_train
08/01/2026 23:20:50 - INFO - utils.trainer -   Best model saved (val_AUC=0.6082)
08/01/2026 23:20:50 - INFO - utils.trainer -   Epoch: 5, Loss: 0.85033, Val loss: 0.68960, Val AUC: 0.6082, Best val AUC: 0.6082, No improve: 0/10, Time: 21.9s
08/01/2026 23:21:12 - INFO - utils.trainer -   ***** Running evaluation on val dataset *****
08/01/2026 23:21:15 - INFO - utils.trainer -   Loss: 0.78847
08/01/2026 23:21:15 - INFO - utils.trainer -   AUC: 0.48301
08/01/2026 23:21:15 - INFO - utils.trainer -   Accuracy: 0.46875
08/01/2026 23:21:15 - INFO - utils.trainer -   Precision: 0.00000
08/01/2026 23:21:15 - INFO - utils.trainer -   Specificity: 1.00000
08/01/2026 23:21:15 - INFO - utils.trainer -   Sensitivity: 0.00000
08/01/2026 23:21:15 - INFO - utils.trainer -   Epoch: 6, Loss: 0.75411, Val loss: 0.78847, Val AUC: 0.4830, Best val AUC: 0.6082, No improve: 1/10, Time: 21.9s
08/01/2026 23:21:37 - INFO - utils.trainer -   ***** Running evaluation on val dataset *****
08/01/2026 23:21:39 - INFO - utils.trainer -   Loss: 0.71965
08/01/2026 23:21:39 - INFO - utils.trainer -   AUC: 0.47734
08/01/2026 23:21:39 - INFO - utils.trainer -   Accuracy: 0.46875
08/01/2026 23:21:39 - INFO - utils.trainer -   Precision: 0.00000
08/01/2026 23:21:39 - INFO - utils.trainer -   Specificity: 1.00000
08/01/2026 23:21:39 - INFO - utils.trainer -   Sensitivity: 0.00000
08/01/2026 23:21:39 - INFO - utils.trainer -   Epoch: 7, Loss: 0.79265, Val loss: 0.71965, Val AUC: 0.4773, Best val AUC: 0.6082, No improve: 2/10, Time: 21.9s
08/01/2026 23:22:01 - INFO - utils.trainer -   ***** Running evaluation on val dataset *****
08/01/2026 23:22:04 - INFO - utils.trainer -   Loss: 0.91941
08/01/2026 23:22:04 - INFO - utils.trainer -   AUC: 0.58834
08/01/2026 23:22:04 - INFO - utils.trainer -   Accuracy: 0.46875
08/01/2026 23:22:04 - INFO - utils.trainer -   Precision: 0.00000
08/01/2026 23:22:04 - INFO - utils.trainer -   Specificity: 1.00000
08/01/2026 23:22:04 - INFO - utils.trainer -   Sensitivity: 0.00000
08/01/2026 23:22:04 - INFO - utils.trainer -   Epoch: 8, Loss: 0.82591, Val loss: 0.91941, Val AUC: 0.5883, Best val AUC: 0.6082, No improve: 3/10, Time: 21.9s
08/01/2026 23:22:26 - INFO - utils.trainer -   ***** Running evaluation on val dataset *****
08/01/2026 23:22:28 - INFO - utils.trainer -   Loss: 0.69959
08/01/2026 23:22:28 - INFO - utils.trainer -   AUC: 0.55196
08/01/2026 23:22:28 - INFO - utils.trainer -   Accuracy: 0.46875
08/01/2026 23:22:28 - INFO - utils.trainer -   Precision: 0.00000
08/01/2026 23:22:28 - INFO - utils.trainer -   Specificity: 1.00000
08/01/2026 23:22:28 - INFO - utils.trainer -   Sensitivity: 0.00000
08/01/2026 23:22:28 - INFO - utils.trainer -   Epoch: 9, Loss: 0.72666, Val loss: 0.69959, Val AUC: 0.5520, Best val AUC: 0.6082, No improve: 4/10, Time: 21.9s
08/01/2026 23:22:50 - INFO - utils.trainer -   ***** Running evaluation on val dataset *****
08/01/2026 23:22:53 - INFO - utils.trainer -   Loss: 0.74422
08/01/2026 23:22:53 - INFO - utils.trainer -   AUC: 0.49935
08/01/2026 23:22:53 - INFO - utils.trainer -   Accuracy: 0.50521
08/01/2026 23:22:53 - INFO - utils.trainer -   Precision: 0.56140
08/01/2026 23:22:53 - INFO - utils.trainer -   Specificity: 0.72222
08/01/2026 23:22:53 - INFO - utils.trainer -   Sensitivity: 0.31373
08/01/2026 23:22:53 - INFO - utils.trainer -   Epoch: 10, Loss: 0.76035, Val loss: 0.74422, Val AUC: 0.4993, Best val AUC: 0.6082, No improve: 5/10, Time: 22.0s
08/01/2026 23:23:15 - INFO - utils.trainer -   ***** Running evaluation on val dataset *****
08/01/2026 23:23:18 - INFO - utils.trainer -   Loss: 0.69199
08/01/2026 23:23:18 - INFO - utils.trainer -   AUC: 0.56481
08/01/2026 23:23:18 - INFO - utils.trainer -   Accuracy: 0.53125
08/01/2026 23:23:18 - INFO - utils.trainer -   Precision: 0.55660
08/01/2026 23:23:18 - INFO - utils.trainer -   Specificity: 0.47778
08/01/2026 23:23:18 - INFO - utils.trainer -   Sensitivity: 0.57843
08/01/2026 23:23:18 - INFO - utils.trainer -   Epoch: 11, Loss: 0.72671, Val loss: 0.69199, Val AUC: 0.5648, Best val AUC: 0.6082, No improve: 6/10, Time: 21.9s
08/01/2026 23:23:39 - INFO - utils.trainer -   ***** Running evaluation on val dataset *****
08/01/2026 23:23:42 - INFO - utils.trainer -   Loss: 0.83172
08/01/2026 23:23:42 - INFO - utils.trainer -   AUC: 0.67331
08/01/2026 23:23:42 - INFO - utils.trainer -   Accuracy: 0.46875
08/01/2026 23:23:42 - INFO - utils.trainer -   Precision: 0.00000
08/01/2026 23:23:42 - INFO - utils.trainer -   Specificity: 1.00000
08/01/2026 23:23:42 - INFO - utils.trainer -   Sensitivity: 0.00000
08/01/2026 23:23:43 - INFO - utils.trainer -   Model saved to output_dir/TimeLLM_Beirut_train
08/01/2026 23:23:43 - INFO - utils.trainer -   Best model saved (val_AUC=0.6733)
08/01/2026 23:23:43 - INFO - utils.trainer -   Epoch: 12, Loss: 0.73780, Val loss: 0.83172, Val AUC: 0.6733, Best val AUC: 0.6733, No improve: 0/10, Time: 21.9s
08/01/2026 23:24:05 - INFO - utils.trainer -   ***** Running evaluation on val dataset *****
08/01/2026 23:24:08 - INFO - utils.trainer -   Loss: 0.64781
08/01/2026 23:24:08 - INFO - utils.trainer -   AUC: 0.67854
08/01/2026 23:24:08 - INFO - utils.trainer -   Accuracy: 0.61979
08/01/2026 23:24:08 - INFO - utils.trainer -   Precision: 0.70423
08/01/2026 23:24:08 - INFO - utils.trainer -   Specificity: 0.76667
08/01/2026 23:24:08 - INFO - utils.trainer -   Sensitivity: 0.49020
08/01/2026 23:24:09 - INFO - utils.trainer -   Model saved to output_dir/TimeLLM_Beirut_train
08/01/2026 23:24:09 - INFO - utils.trainer -   Best model saved (val_AUC=0.6785)
08/01/2026 23:24:09 - INFO - utils.trainer -   Epoch: 13, Loss: 0.70259, Val loss: 0.64781, Val AUC: 0.6785, Best val AUC: 0.6785, No improve: 0/10, Time: 22.0s
08/01/2026 23:24:31 - INFO - utils.trainer -   ***** Running evaluation on val dataset *****
08/01/2026 23:24:33 - INFO - utils.trainer -   Loss: 0.74409
08/01/2026 23:24:33 - INFO - utils.trainer -   AUC: 0.62015
08/01/2026 23:24:33 - INFO - utils.trainer -   Accuracy: 0.57292
08/01/2026 23:24:33 - INFO - utils.trainer -   Precision: 0.56250
08/01/2026 23:24:33 - INFO - utils.trainer -   Specificity: 0.22222
08/01/2026 23:24:33 - INFO - utils.trainer -   Sensitivity: 0.88235
08/01/2026 23:24:33 - INFO - utils.trainer -   Epoch: 14, Loss: 0.71321, Val loss: 0.74409, Val AUC: 0.6202, Best val AUC: 0.6785, No improve: 1/10, Time: 22.0s
08/01/2026 23:24:55 - INFO - utils.trainer -   ***** Running evaluation on val dataset *****
08/01/2026 23:24:58 - INFO - utils.trainer -   Loss: 0.63422
08/01/2026 23:24:58 - INFO - utils.trainer -   AUC: 0.72233
08/01/2026 23:24:58 - INFO - utils.trainer -   Accuracy: 0.65104
08/01/2026 23:24:58 - INFO - utils.trainer -   Precision: 0.63780
08/01/2026 23:24:58 - INFO - utils.trainer -   Specificity: 0.48889
08/01/2026 23:24:58 - INFO - utils.trainer -   Sensitivity: 0.79412
08/01/2026 23:24:59 - INFO - utils.trainer -   Model saved to output_dir/TimeLLM_Beirut_train
08/01/2026 23:24:59 - INFO - utils.trainer -   Best model saved (val_AUC=0.7223)
08/01/2026 23:24:59 - INFO - utils.trainer -   Epoch: 15, Loss: 0.72104, Val loss: 0.63422, Val AUC: 0.7223, Best val AUC: 0.7223, No improve: 0/10, Time: 21.9s
08/01/2026 23:25:21 - INFO - utils.trainer -   ***** Running evaluation on val dataset *****
08/01/2026 23:25:23 - INFO - utils.trainer -   Loss: 0.69339
08/01/2026 23:25:23 - INFO - utils.trainer -   AUC: 0.72375
08/01/2026 23:25:23 - INFO - utils.trainer -   Accuracy: 0.58333
08/01/2026 23:25:23 - INFO - utils.trainer -   Precision: 0.73913
08/01/2026 23:25:23 - INFO - utils.trainer -   Specificity: 0.86667
08/01/2026 23:25:23 - INFO - utils.trainer -   Sensitivity: 0.33333
08/01/2026 23:25:24 - INFO - utils.trainer -   Model saved to output_dir/TimeLLM_Beirut_train
08/01/2026 23:25:24 - INFO - utils.trainer -   Best model saved (val_AUC=0.7237)
08/01/2026 23:25:24 - INFO - utils.trainer -   Epoch: 16, Loss: 0.62027, Val loss: 0.69339, Val AUC: 0.7237, Best val AUC: 0.7237, No improve: 0/10, Time: 21.9s
08/01/2026 23:25:46 - INFO - utils.trainer -   ***** Running evaluation on val dataset *****
08/01/2026 23:25:49 - INFO - utils.trainer -   Loss: 0.63586
08/01/2026 23:25:49 - INFO - utils.trainer -   AUC: 0.69259
08/01/2026 23:25:49 - INFO - utils.trainer -   Accuracy: 0.62500
08/01/2026 23:25:49 - INFO - utils.trainer -   Precision: 0.65957
08/01/2026 23:25:49 - INFO - utils.trainer -   Specificity: 0.64444
08/01/2026 23:25:49 - INFO - utils.trainer -   Sensitivity: 0.60784
08/01/2026 23:25:49 - INFO - utils.trainer -   Epoch: 17, Loss: 0.69510, Val loss: 0.63586, Val AUC: 0.6926, Best val AUC: 0.7237, No improve: 1/10, Time: 21.9s
08/01/2026 23:26:11 - INFO - utils.trainer -   ***** Running evaluation on val dataset *****
08/01/2026 23:26:13 - INFO - utils.trainer -   Loss: 0.68831
08/01/2026 23:26:13 - INFO - utils.trainer -   AUC: 0.72636
08/01/2026 23:26:13 - INFO - utils.trainer -   Accuracy: 0.67708
08/01/2026 23:26:13 - INFO - utils.trainer -   Precision: 0.63889
08/01/2026 23:26:13 - INFO - utils.trainer -   Specificity: 0.42222
08/01/2026 23:26:13 - INFO - utils.trainer -   Sensitivity: 0.90196
08/01/2026 23:26:14 - INFO - utils.trainer -   Model saved to output_dir/TimeLLM_Beirut_train
08/01/2026 23:26:14 - INFO - utils.trainer -   Best model saved (val_AUC=0.7264)
08/01/2026 23:26:14 - INFO - utils.trainer -   Epoch: 18, Loss: 0.58831, Val loss: 0.68831, Val AUC: 0.7264, Best val AUC: 0.7264, No improve: 0/10, Time: 21.8s
08/01/2026 23:26:36 - INFO - utils.trainer -   ***** Running evaluation on val dataset *****
08/01/2026 23:26:39 - INFO - utils.trainer -   Loss: 0.81207
08/01/2026 23:26:39 - INFO - utils.trainer -   AUC: 0.65392
08/01/2026 23:26:39 - INFO - utils.trainer -   Accuracy: 0.51562
08/01/2026 23:26:39 - INFO - utils.trainer -   Precision: 0.64516
08/01/2026 23:26:39 - INFO - utils.trainer -   Specificity: 0.87778
08/01/2026 23:26:39 - INFO - utils.trainer -   Sensitivity: 0.19608
08/01/2026 23:26:39 - INFO - utils.trainer -   Epoch: 19, Loss: 0.51906, Val loss: 0.81207, Val AUC: 0.6539, Best val AUC: 0.7264, No improve: 1/10, Time: 22.0s
08/01/2026 23:27:01 - INFO - utils.trainer -   ***** Running evaluation on val dataset *****
08/01/2026 23:27:03 - INFO - utils.trainer -   Loss: 0.77974
08/01/2026 23:27:03 - INFO - utils.trainer -   AUC: 0.69314
08/01/2026 23:27:03 - INFO - utils.trainer -   Accuracy: 0.56771
08/01/2026 23:27:03 - INFO - utils.trainer -   Precision: 0.74359
08/01/2026 23:27:03 - INFO - utils.trainer -   Specificity: 0.88889
08/01/2026 23:27:03 - INFO - utils.trainer -   Sensitivity: 0.28431
08/01/2026 23:27:03 - INFO - utils.trainer -   Epoch: 20, Loss: 0.56562, Val loss: 0.77974, Val AUC: 0.6931, Best val AUC: 0.7264, No improve: 2/10, Time: 22.0s
08/01/2026 23:27:25 - INFO - utils.trainer -   ***** Running evaluation on val dataset *****
08/01/2026 23:27:28 - INFO - utils.trainer -   Loss: 0.74827
08/01/2026 23:27:28 - INFO - utils.trainer -   AUC: 0.70218
08/01/2026 23:27:28 - INFO - utils.trainer -   Accuracy: 0.57812
08/01/2026 23:27:28 - INFO - utils.trainer -   Precision: 0.71429
08/01/2026 23:27:28 - INFO - utils.trainer -   Specificity: 0.84444
08/01/2026 23:27:28 - INFO - utils.trainer -   Sensitivity: 0.34314
08/01/2026 23:27:28 - INFO - utils.trainer -   Epoch: 21, Loss: 0.59667, Val loss: 0.74827, Val AUC: 0.7022, Best val AUC: 0.7264, No improve: 3/10, Time: 21.9s
08/01/2026 23:27:50 - INFO - utils.trainer -   ***** Running evaluation on val dataset *****
08/01/2026 23:27:52 - INFO - utils.trainer -   Loss: 0.64195
08/01/2026 23:27:52 - INFO - utils.trainer -   AUC: 0.75054
08/01/2026 23:27:52 - INFO - utils.trainer -   Accuracy: 0.71875
08/01/2026 23:27:52 - INFO - utils.trainer -   Precision: 0.75000
08/01/2026 23:27:52 - INFO - utils.trainer -   Specificity: 0.73333
08/01/2026 23:27:52 - INFO - utils.trainer -   Sensitivity: 0.70588
08/01/2026 23:27:53 - INFO - utils.trainer -   Model saved to output_dir/TimeLLM_Beirut_train
08/01/2026 23:27:53 - INFO - utils.trainer -   Best model saved (val_AUC=0.7505)
08/01/2026 23:27:53 - INFO - utils.trainer -   Epoch: 22, Loss: 0.50302, Val loss: 0.64195, Val AUC: 0.7505, Best val AUC: 0.7505, No improve: 0/10, Time: 21.9s
08/01/2026 23:28:15 - INFO - utils.trainer -   ***** Running evaluation on val dataset *****
08/01/2026 23:28:18 - INFO - utils.trainer -   Loss: 0.68256
08/01/2026 23:28:18 - INFO - utils.trainer -   AUC: 0.70065
08/01/2026 23:28:18 - INFO - utils.trainer -   Accuracy: 0.65625
08/01/2026 23:28:18 - INFO - utils.trainer -   Precision: 0.64286
08/01/2026 23:28:18 - INFO - utils.trainer -   Specificity: 0.50000
08/01/2026 23:28:18 - INFO - utils.trainer -   Sensitivity: 0.79412
08/01/2026 23:28:18 - INFO - utils.trainer -   Epoch: 23, Loss: 0.58604, Val loss: 0.68256, Val AUC: 0.7007, Best val AUC: 0.7505, No improve: 1/10, Time: 22.0s
08/01/2026 23:28:40 - INFO - utils.trainer -   ***** Running evaluation on val dataset *****
08/01/2026 23:28:43 - INFO - utils.trainer -   Loss: 0.70614
08/01/2026 23:28:43 - INFO - utils.trainer -   AUC: 0.71427
08/01/2026 23:28:43 - INFO - utils.trainer -   Accuracy: 0.67708
08/01/2026 23:28:43 - INFO - utils.trainer -   Precision: 0.65625
08/01/2026 23:28:43 - INFO - utils.trainer -   Specificity: 0.51111
08/01/2026 23:28:43 - INFO - utils.trainer -   Sensitivity: 0.82353
08/01/2026 23:28:43 - INFO - utils.trainer -   Epoch: 24, Loss: 0.48279, Val loss: 0.70614, Val AUC: 0.7143, Best val AUC: 0.7505, No improve: 2/10, Time: 22.0s
08/01/2026 23:29:05 - INFO - utils.trainer -   ***** Running evaluation on val dataset *****
08/01/2026 23:29:07 - INFO - utils.trainer -   Loss: 0.69762
08/01/2026 23:29:07 - INFO - utils.trainer -   AUC: 0.70719
08/01/2026 23:29:07 - INFO - utils.trainer -   Accuracy: 0.65625
08/01/2026 23:29:07 - INFO - utils.trainer -   Precision: 0.71429
08/01/2026 23:29:07 - INFO - utils.trainer -   Specificity: 0.73333
08/01/2026 23:29:07 - INFO - utils.trainer -   Sensitivity: 0.58824
08/01/2026 23:29:09 - INFO - utils.trainer -   Model saved to output_dir/TimeLLM_Beirut_train/checkpoint-epoch-25
08/01/2026 23:29:09 - INFO - utils.trainer -   Checkpoint saved at epoch 25
08/01/2026 23:29:09 - INFO - utils.trainer -   Epoch: 25, Loss: 0.56063, Val loss: 0.69762, Val AUC: 0.7072, Best val AUC: 0.7505, No improve: 3/10, Time: 21.9s
08/01/2026 23:29:31 - INFO - utils.trainer -   ***** Running evaluation on val dataset *****
08/01/2026 23:29:34 - INFO - utils.trainer -   Loss: 0.75568
08/01/2026 23:29:34 - INFO - utils.trainer -   AUC: 0.73322
08/01/2026 23:29:34 - INFO - utils.trainer -   Accuracy: 0.60938
08/01/2026 23:29:34 - INFO - utils.trainer -   Precision: 0.73684
08/01/2026 23:29:34 - INFO - utils.trainer -   Specificity: 0.83333
08/01/2026 23:29:34 - INFO - utils.trainer -   Sensitivity: 0.41176
08/01/2026 23:29:34 - INFO - utils.trainer -   Epoch: 26, Loss: 0.46554, Val loss: 0.75568, Val AUC: 0.7332, Best val AUC: 0.7505, No improve: 4/10, Time: 22.2s
08/01/2026 23:29:56 - INFO - utils.trainer -   ***** Running evaluation on val dataset *****
08/01/2026 23:29:59 - INFO - utils.trainer -   Loss: 0.74592
08/01/2026 23:29:59 - INFO - utils.trainer -   AUC: 0.71525
08/01/2026 23:29:59 - INFO - utils.trainer -   Accuracy: 0.67188
08/01/2026 23:29:59 - INFO - utils.trainer -   Precision: 0.64885
08/01/2026 23:29:59 - INFO - utils.trainer -   Specificity: 0.48889
08/01/2026 23:29:59 - INFO - utils.trainer -   Sensitivity: 0.83333
08/01/2026 23:29:59 - INFO - utils.trainer -   Epoch: 27, Loss: 0.39661, Val loss: 0.74592, Val AUC: 0.7153, Best val AUC: 0.7505, No improve: 5/10, Time: 21.9s
08/01/2026 23:30:20 - INFO - utils.trainer -   ***** Running evaluation on val dataset *****
08/01/2026 23:30:23 - INFO - utils.trainer -   Loss: 0.67599
08/01/2026 23:30:23 - INFO - utils.trainer -   AUC: 0.73693
08/01/2026 23:30:23 - INFO - utils.trainer -   Accuracy: 0.65104
08/01/2026 23:30:23 - INFO - utils.trainer -   Precision: 0.72152
08/01/2026 23:30:23 - INFO - utils.trainer -   Specificity: 0.75556
08/01/2026 23:30:23 - INFO - utils.trainer -   Sensitivity: 0.55882
08/01/2026 23:30:23 - INFO - utils.trainer -   Epoch: 28, Loss: 0.47092, Val loss: 0.67599, Val AUC: 0.7369, Best val AUC: 0.7505, No improve: 6/10, Time: 21.9s
08/01/2026 23:30:45 - INFO - utils.trainer -   ***** Running evaluation on val dataset *****
08/01/2026 23:30:48 - INFO - utils.trainer -   Loss: 0.75476
08/01/2026 23:30:48 - INFO - utils.trainer -   AUC: 0.71776
08/01/2026 23:30:48 - INFO - utils.trainer -   Accuracy: 0.68229
08/01/2026 23:30:48 - INFO - utils.trainer -   Precision: 0.69903
08/01/2026 23:30:48 - INFO - utils.trainer -   Specificity: 0.65556
08/01/2026 23:30:48 - INFO - utils.trainer -   Sensitivity: 0.70588
08/01/2026 23:30:48 - INFO - utils.trainer -   Epoch: 29, Loss: 0.42360, Val loss: 0.75476, Val AUC: 0.7178, Best val AUC: 0.7505, No improve: 7/10, Time: 21.9s
08/01/2026 23:31:10 - INFO - utils.trainer -   ***** Running evaluation on val dataset *****
08/01/2026 23:31:12 - INFO - utils.trainer -   Loss: 0.89583
08/01/2026 23:31:12 - INFO - utils.trainer -   AUC: 0.67810
08/01/2026 23:31:12 - INFO - utils.trainer -   Accuracy: 0.64062
08/01/2026 23:31:12 - INFO - utils.trainer -   Precision: 0.61538
08/01/2026 23:31:12 - INFO - utils.trainer -   Specificity: 0.38889
08/01/2026 23:31:12 - INFO - utils.trainer -   Sensitivity: 0.86275
08/01/2026 23:31:12 - INFO - utils.trainer -   Epoch: 30, Loss: 0.46855, Val loss: 0.89583, Val AUC: 0.6781, Best val AUC: 0.7505, No improve: 8/10, Time: 22.2s
08/01/2026 23:31:34 - INFO - utils.trainer -   ***** Running evaluation on val dataset *****
08/01/2026 23:31:37 - INFO - utils.trainer -   Loss: 0.77884
08/01/2026 23:31:37 - INFO - utils.trainer -   AUC: 0.68606
08/01/2026 23:31:37 - INFO - utils.trainer -   Accuracy: 0.62500
08/01/2026 23:31:37 - INFO - utils.trainer -   Precision: 0.61538
08/01/2026 23:31:37 - INFO - utils.trainer -   Specificity: 0.44444
08/01/2026 23:31:37 - INFO - utils.trainer -   Sensitivity: 0.78431
08/01/2026 23:31:37 - INFO - utils.trainer -   Epoch: 31, Loss: 0.38167, Val loss: 0.77884, Val AUC: 0.6861, Best val AUC: 0.7505, No improve: 9/10, Time: 21.8s
08/01/2026 23:31:59 - INFO - utils.trainer -   ***** Running evaluation on val dataset *****
08/01/2026 23:32:01 - INFO - utils.trainer -   Loss: 0.68998
08/01/2026 23:32:01 - INFO - utils.trainer -   AUC: 0.73061
08/01/2026 23:32:01 - INFO - utils.trainer -   Accuracy: 0.64062
08/01/2026 23:32:01 - INFO - utils.trainer -   Precision: 0.67010
08/01/2026 23:32:01 - INFO - utils.trainer -   Specificity: 0.64444
08/01/2026 23:32:01 - INFO - utils.trainer -   Sensitivity: 0.63725
08/01/2026 23:32:01 - INFO - utils.trainer -   Epoch: 32, Loss: 0.39368, Val loss: 0.68998, Val AUC: 0.7306, Best val AUC: 0.7505, No improve: 10/10, Time: 21.8s
08/01/2026 23:32:01 - INFO - utils.trainer -   Early stopping triggered at epoch 32
08/01/2026 23:32:01 - INFO - utils.trainer -   Early stopping triggered at epoch 32
08/01/2026 23:32:01 - INFO - utils.trainer -   Early stopping triggered at epoch 32
08/01/2026 23:32:01 - INFO - utils.trainer -   Early stopping triggered at epoch 32
08/01/2026 23:32:01 - INFO - utils.trainer -   Early stopping triggered at epoch 32
08/01/2026 23:32:01 - INFO - utils.trainer -   Early stopping triggered at epoch 32
08/01/2026 23:32:02 - INFO - utils.trainer -     582 keys not in checkpoint (kept from init)
08/01/2026 23:32:02 - INFO - utils.trainer -   Model loaded from output_dir/TimeLLM_Beirut_train/TimeLLM-0.bin (22/22 keys)
08/01/2026 23:32:02 - INFO - utils.trainer -   ***** Running evaluation on test dataset *****
08/01/2026 23:32:02 - INFO - utils.trainer -     582 keys not in checkpoint (kept from init)
08/01/2026 23:32:02 - INFO - utils.trainer -   Model loaded from output_dir/TimeLLM_Beirut_train/TimeLLM-0.bin (22/22 keys)
08/01/2026 23:32:02 - INFO - utils.trainer -     582 keys not in checkpoint (kept from init)
08/01/2026 23:32:02 - INFO - utils.trainer -   Model loaded from output_dir/TimeLLM_Beirut_train/TimeLLM-0.bin (22/22 keys)
08/01/2026 23:32:02 - INFO - utils.trainer -     582 keys not in checkpoint (kept from init)
08/01/2026 23:32:02 - INFO - utils.trainer -   Model loaded from output_dir/TimeLLM_Beirut_train/TimeLLM-0.bin (22/22 keys)
08/01/2026 23:32:02 - INFO - utils.trainer -     582 keys not in checkpoint (kept from init)
08/01/2026 23:32:02 - INFO - utils.trainer -   Model loaded from output_dir/TimeLLM_Beirut_train/TimeLLM-0.bin (22/22 keys)
08/01/2026 23:32:02 - INFO - utils.trainer -     582 keys not in checkpoint (kept from init)
08/01/2026 23:32:02 - INFO - utils.trainer -   Model loaded from output_dir/TimeLLM_Beirut_train/TimeLLM-0.bin (22/22 keys)
08/01/2026 23:32:04 - INFO - utils.trainer -   Loss: 0.67021
08/01/2026 23:32:04 - INFO - utils.trainer -   AUC: 0.67066
08/01/2026 23:32:04 - INFO - utils.trainer -   Accuracy: 0.58333
08/01/2026 23:32:04 - INFO - utils.trainer -   Precision: 0.56044
08/01/2026 23:32:04 - INFO - utils.trainer -   Specificity: 0.60396
08/01/2026 23:32:04 - INFO - utils.trainer -   Sensitivity: 0.56044
08/01/2026 23:32:04 - INFO - utils.trainer -   === Best epoch test result ===
08/01/2026 23:32:04 - INFO - utils.trainer -     Loss: 0.67021
08/01/2026 23:32:04 - INFO - utils.trainer -     AUC: 0.67066
08/01/2026 23:32:04 - INFO - utils.trainer -     Accuracy: 0.58333
08/01/2026 23:32:04 - INFO - utils.trainer -     Precision: 0.56044
08/01/2026 23:32:04 - INFO - utils.trainer -     Specificity: 0.60396
08/01/2026 23:32:04 - INFO - utils.trainer -     Sensitivity: 0.56044
08/01/2026 23:32:05 - INFO - utils.trainer -   Model saved to output_dir/TimeLLM_Beirut_train/final-epoch-200
08/01/2026 23:32:05 - INFO - utils.trainer -   Final model saved at epoch 200
