08/20/2026 04:37:29 - INFO - __main__ -   ########## Repeat:0 ##########
08/20/2026 04:37:29 - INFO - utils.trainer -   ***** Running training *****
08/20/2026 04:37:29 - INFO - utils.trainer -     Num examples = 161
08/20/2026 04:37:29 - INFO - utils.trainer -     Num Epochs = 200
08/20/2026 04:37:29 - INFO - utils.trainer -     Total train batch size = 4
08/20/2026 04:37:29 - INFO - utils.trainer -     warmup steps = 400
08/20/2026 04:37:29 - INFO - utils.trainer -     Total optimization steps = 32200
08/20/2026 04:37:29 - INFO - utils.trainer -     Save steps = 25
08/20/2026 04:38:19 - INFO - utils.trainer -   ***** Running regression evaluation on val0 dataset *****
08/20/2026 04:38:25 - INFO - utils.trainer -   Loss: 0.05665
08/20/2026 04:38:25 - INFO - utils.trainer -   MSE: 601.97015
08/20/2026 04:38:25 - INFO - utils.trainer -   MAE: 22.53843
08/20/2026 04:38:25 - INFO - utils.trainer -   RMSE: 24.53508
08/20/2026 04:38:25 - INFO - utils.trainer -   R2: -4.42770
08/20/2026 04:38:25 - INFO - utils.trainer -   PearsonR: -0.02652
08/20/2026 04:38:26 - INFO - utils.trainer -   Model saved to output_dir/TimeLLM_AgeCAUEEG_train
08/20/2026 04:38:26 - INFO - utils.trainer -   Best model saved (val_Loss=0.0567)
08/20/2026 04:38:26 - INFO - utils.trainer -   Epoch: 1, Loss: 0.09949, Val loss: 0.05665, Val Loss: 0.0567, Best val Loss: 0.0567, No improve: 0/10, Time: 50.1s
08/20/2026 04:39:16 - INFO - utils.trainer -   ***** Running regression evaluation on val0 dataset *****
08/20/2026 04:39:22 - INFO - utils.trainer -   Loss: 0.01343
08/20/2026 04:39:22 - INFO - utils.trainer -   MSE: 143.08948
08/20/2026 04:39:22 - INFO - utils.trainer -   MAE: 9.22975
08/20/2026 04:39:22 - INFO - utils.trainer -   RMSE: 11.96200
08/20/2026 04:39:22 - INFO - utils.trainer -   R2: -0.29017
08/20/2026 04:39:22 - INFO - utils.trainer -   PearsonR: -0.01453
08/20/2026 04:39:23 - INFO - utils.trainer -   Model saved to output_dir/TimeLLM_AgeCAUEEG_train
08/20/2026 04:39:23 - INFO - utils.trainer -   Best model saved (val_Loss=0.0134)
08/20/2026 04:39:23 - INFO - utils.trainer -   Epoch: 2, Loss: 0.03371, Val loss: 0.01343, Val Loss: 0.0134, Best val Loss: 0.0134, No improve: 0/10, Time: 50.5s
08/20/2026 04:40:13 - INFO - utils.trainer -   ***** Running regression evaluation on val0 dataset *****
08/20/2026 04:40:18 - INFO - utils.trainer -   Loss: 0.01260
08/20/2026 04:40:18 - INFO - utils.trainer -   MSE: 134.08290
08/20/2026 04:40:18 - INFO - utils.trainer -   MAE: 8.93883
08/20/2026 04:40:18 - INFO - utils.trainer -   RMSE: 11.57942
08/20/2026 04:40:18 - INFO - utils.trainer -   R2: -0.20897
08/20/2026 04:40:18 - INFO - utils.trainer -   PearsonR: 0.02887
08/20/2026 04:40:19 - INFO - utils.trainer -   Model saved to output_dir/TimeLLM_AgeCAUEEG_train
08/20/2026 04:40:19 - INFO - utils.trainer -   Best model saved (val_Loss=0.0126)
08/20/2026 04:40:19 - INFO - utils.trainer -   Epoch: 3, Loss: 0.03402, Val loss: 0.01260, Val Loss: 0.0126, Best val Loss: 0.0126, No improve: 0/10, Time: 49.7s
08/20/2026 04:41:09 - INFO - utils.trainer -   ***** Running regression evaluation on val0 dataset *****
08/20/2026 04:41:15 - INFO - utils.trainer -   Loss: 0.01024
08/20/2026 04:41:15 - INFO - utils.trainer -   MSE: 108.77887
08/20/2026 04:41:15 - INFO - utils.trainer -   MAE: 8.20274
08/20/2026 04:41:15 - INFO - utils.trainer -   RMSE: 10.42971
08/20/2026 04:41:15 - INFO - utils.trainer -   R2: 0.01919
08/20/2026 04:41:15 - INFO - utils.trainer -   PearsonR: 0.21387
08/20/2026 04:41:16 - INFO - utils.trainer -   Model saved to output_dir/TimeLLM_AgeCAUEEG_train
08/20/2026 04:41:16 - INFO - utils.trainer -   Best model saved (val_Loss=0.0102)
08/20/2026 04:41:16 - INFO - utils.trainer -   Epoch: 4, Loss: 0.04110, Val loss: 0.01024, Val Loss: 0.0102, Best val Loss: 0.0102, No improve: 0/10, Time: 49.7s
08/20/2026 04:42:05 - INFO - utils.trainer -   ***** Running regression evaluation on val0 dataset *****
08/20/2026 04:42:11 - INFO - utils.trainer -   Loss: 0.01077
08/20/2026 04:42:11 - INFO - utils.trainer -   MSE: 114.54578
08/20/2026 04:42:11 - INFO - utils.trainer -   MAE: 8.42773
08/20/2026 04:42:11 - INFO - utils.trainer -   RMSE: 10.70261
08/20/2026 04:42:11 - INFO - utils.trainer -   R2: -0.03281
08/20/2026 04:42:11 - INFO - utils.trainer -   PearsonR: 0.26768
08/20/2026 04:42:11 - INFO - utils.trainer -   Epoch: 5, Loss: 0.03341, Val loss: 0.01077, Val Loss: 0.0108, Best val Loss: 0.0102, No improve: 1/10, Time: 49.7s
08/20/2026 04:43:01 - INFO - utils.trainer -   ***** Running regression evaluation on val0 dataset *****
08/20/2026 04:43:07 - INFO - utils.trainer -   Loss: 0.00958
08/20/2026 04:43:07 - INFO - utils.trainer -   MSE: 101.72619
08/20/2026 04:43:07 - INFO - utils.trainer -   MAE: 8.27016
08/20/2026 04:43:07 - INFO - utils.trainer -   RMSE: 10.08594
08/20/2026 04:43:07 - INFO - utils.trainer -   R2: 0.08278
08/20/2026 04:43:07 - INFO - utils.trainer -   PearsonR: 0.35181
08/20/2026 04:43:08 - INFO - utils.trainer -   Model saved to output_dir/TimeLLM_AgeCAUEEG_train
08/20/2026 04:43:08 - INFO - utils.trainer -   Best model saved (val_Loss=0.0096)
08/20/2026 04:43:08 - INFO - utils.trainer -   Epoch: 6, Loss: 0.03549, Val loss: 0.00958, Val Loss: 0.0096, Best val Loss: 0.0096, No improve: 0/10, Time: 49.6s
08/20/2026 04:43:57 - INFO - utils.trainer -   ***** Running regression evaluation on val0 dataset *****
08/20/2026 04:44:03 - INFO - utils.trainer -   Loss: 0.01041
08/20/2026 04:44:03 - INFO - utils.trainer -   MSE: 110.18328
08/20/2026 04:44:03 - INFO - utils.trainer -   MAE: 8.64649
08/20/2026 04:44:03 - INFO - utils.trainer -   RMSE: 10.49682
08/20/2026 04:44:03 - INFO - utils.trainer -   R2: 0.00653
08/20/2026 04:44:03 - INFO - utils.trainer -   PearsonR: 0.35561
08/20/2026 04:44:03 - INFO - utils.trainer -   Epoch: 7, Loss: 0.03480, Val loss: 0.01041, Val Loss: 0.0104, Best val Loss: 0.0096, No improve: 1/10, Time: 49.6s
08/20/2026 04:44:53 - INFO - utils.trainer -   ***** Running regression evaluation on val0 dataset *****
08/20/2026 04:44:58 - INFO - utils.trainer -   Loss: 0.01475
08/20/2026 04:44:58 - INFO - utils.trainer -   MSE: 156.03610
08/20/2026 04:44:58 - INFO - utils.trainer -   MAE: 10.38867
08/20/2026 04:44:58 - INFO - utils.trainer -   RMSE: 12.49144
08/20/2026 04:44:58 - INFO - utils.trainer -   R2: -0.40691
08/20/2026 04:44:58 - INFO - utils.trainer -   PearsonR: 0.31570
08/20/2026 04:44:58 - INFO - utils.trainer -   Epoch: 8, Loss: 0.03010, Val loss: 0.01475, Val Loss: 0.0147, Best val Loss: 0.0096, No improve: 2/10, Time: 49.6s
08/20/2026 04:45:48 - INFO - utils.trainer -   ***** Running regression evaluation on val0 dataset *****
08/20/2026 04:45:54 - INFO - utils.trainer -   Loss: 0.01041
08/20/2026 04:45:54 - INFO - utils.trainer -   MSE: 110.11032
08/20/2026 04:45:54 - INFO - utils.trainer -   MAE: 8.73531
08/20/2026 04:45:54 - INFO - utils.trainer -   RMSE: 10.49335
08/20/2026 04:45:54 - INFO - utils.trainer -   R2: 0.00718
08/20/2026 04:45:54 - INFO - utils.trainer -   PearsonR: 0.35762
08/20/2026 04:45:54 - INFO - utils.trainer -   Epoch: 9, Loss: 0.03346, Val loss: 0.01041, Val Loss: 0.0104, Best val Loss: 0.0096, No improve: 3/10, Time: 49.6s
08/20/2026 04:46:43 - INFO - utils.trainer -   ***** Running regression evaluation on val0 dataset *****
08/20/2026 04:46:49 - INFO - utils.trainer -   Loss: 0.01472
08/20/2026 04:46:49 - INFO - utils.trainer -   MSE: 156.02916
08/20/2026 04:46:49 - INFO - utils.trainer -   MAE: 10.38309
08/20/2026 04:46:49 - INFO - utils.trainer -   RMSE: 12.49116
08/20/2026 04:46:49 - INFO - utils.trainer -   R2: -0.40685
08/20/2026 04:46:49 - INFO - utils.trainer -   PearsonR: 0.35673
08/20/2026 04:46:49 - INFO - utils.trainer -   Epoch: 10, Loss: 0.03375, Val loss: 0.01472, Val Loss: 0.0147, Best val Loss: 0.0096, No improve: 4/10, Time: 49.5s
08/20/2026 04:47:39 - INFO - utils.trainer -   ***** Running regression evaluation on val0 dataset *****
08/20/2026 04:47:44 - INFO - utils.trainer -   Loss: 0.00933
08/20/2026 04:47:44 - INFO - utils.trainer -   MSE: 98.90510
08/20/2026 04:47:44 - INFO - utils.trainer -   MAE: 8.12779
08/20/2026 04:47:44 - INFO - utils.trainer -   RMSE: 9.94510
08/20/2026 04:47:44 - INFO - utils.trainer -   R2: 0.10822
08/20/2026 04:47:44 - INFO - utils.trainer -   PearsonR: 0.36506
08/20/2026 04:47:45 - INFO - utils.trainer -   Model saved to output_dir/TimeLLM_AgeCAUEEG_train
08/20/2026 04:47:45 - INFO - utils.trainer -   Best model saved (val_Loss=0.0093)
08/20/2026 04:47:45 - INFO - utils.trainer -   Epoch: 11, Loss: 0.03301, Val loss: 0.00933, Val Loss: 0.0093, Best val Loss: 0.0093, No improve: 0/10, Time: 49.5s
08/20/2026 04:48:35 - INFO - utils.trainer -   ***** Running regression evaluation on val0 dataset *****
08/20/2026 04:48:41 - INFO - utils.trainer -   Loss: 0.00925
08/20/2026 04:48:41 - INFO - utils.trainer -   MSE: 97.84201
08/20/2026 04:48:41 - INFO - utils.trainer -   MAE: 8.10848
08/20/2026 04:48:41 - INFO - utils.trainer -   RMSE: 9.89151
08/20/2026 04:48:41 - INFO - utils.trainer -   R2: 0.11780
08/20/2026 04:48:41 - INFO - utils.trainer -   PearsonR: 0.36590
08/20/2026 04:48:41 - INFO - utils.trainer -   Model saved to output_dir/TimeLLM_AgeCAUEEG_train
08/20/2026 04:48:41 - INFO - utils.trainer -   Best model saved (val_Loss=0.0093)
08/20/2026 04:48:41 - INFO - utils.trainer -   Epoch: 12, Loss: 0.03516, Val loss: 0.00925, Val Loss: 0.0093, Best val Loss: 0.0093, No improve: 0/10, Time: 49.6s
08/20/2026 04:49:31 - INFO - utils.trainer -   ***** Running regression evaluation on val0 dataset *****
08/20/2026 04:49:37 - INFO - utils.trainer -   Loss: 0.00962
08/20/2026 04:49:37 - INFO - utils.trainer -   MSE: 102.05567
08/20/2026 04:49:37 - INFO - utils.trainer -   MAE: 8.33073
08/20/2026 04:49:37 - INFO - utils.trainer -   RMSE: 10.10226
08/20/2026 04:49:37 - INFO - utils.trainer -   R2: 0.07981
08/20/2026 04:49:37 - INFO - utils.trainer -   PearsonR: 0.35752
08/20/2026 04:49:37 - INFO - utils.trainer -   Epoch: 13, Loss: 0.02894, Val loss: 0.00962, Val Loss: 0.0096, Best val Loss: 0.0093, No improve: 1/10, Time: 49.5s
08/20/2026 04:50:26 - INFO - utils.trainer -   ***** Running regression evaluation on val0 dataset *****
08/20/2026 04:50:32 - INFO - utils.trainer -   Loss: 0.01110
08/20/2026 04:50:32 - INFO - utils.trainer -   MSE: 117.34622
08/20/2026 04:50:32 - INFO - utils.trainer -   MAE: 8.96083
08/20/2026 04:50:32 - INFO - utils.trainer -   RMSE: 10.83265
08/20/2026 04:50:32 - INFO - utils.trainer -   R2: -0.05806
08/20/2026 04:50:32 - INFO - utils.trainer -   PearsonR: 0.39401
08/20/2026 04:50:32 - INFO - utils.trainer -   Epoch: 14, Loss: 0.03127, Val loss: 0.01110, Val Loss: 0.0111, Best val Loss: 0.0093, No improve: 2/10, Time: 49.5s
08/20/2026 04:51:22 - INFO - utils.trainer -   ***** Running regression evaluation on val0 dataset *****
08/20/2026 04:51:28 - INFO - utils.trainer -   Loss: 0.01086
08/20/2026 04:51:28 - INFO - utils.trainer -   MSE: 114.89819
08/20/2026 04:51:28 - INFO - utils.trainer -   MAE: 8.89264
08/20/2026 04:51:28 - INFO - utils.trainer -   RMSE: 10.71906
08/20/2026 04:51:28 - INFO - utils.trainer -   R2: -0.03599
08/20/2026 04:51:28 - INFO - utils.trainer -   PearsonR: 0.35479
08/20/2026 04:51:28 - INFO - utils.trainer -   Epoch: 15, Loss: 0.02592, Val loss: 0.01086, Val Loss: 0.0109, Best val Loss: 0.0093, No improve: 3/10, Time: 50.0s
08/20/2026 04:52:18 - INFO - utils.trainer -   ***** Running regression evaluation on val0 dataset *****
08/20/2026 04:52:23 - INFO - utils.trainer -   Loss: 0.01472
08/20/2026 04:52:23 - INFO - utils.trainer -   MSE: 155.49635
08/20/2026 04:52:23 - INFO - utils.trainer -   MAE: 10.31022
08/20/2026 04:52:23 - INFO - utils.trainer -   RMSE: 12.46982
08/20/2026 04:52:23 - INFO - utils.trainer -   R2: -0.40204
08/20/2026 04:52:23 - INFO - utils.trainer -   PearsonR: 0.38662
08/20/2026 04:52:23 - INFO - utils.trainer -   Epoch: 16, Loss: 0.03461, Val loss: 0.01472, Val Loss: 0.0147, Best val Loss: 0.0093, No improve: 4/10, Time: 49.6s
08/20/2026 04:53:13 - INFO - utils.trainer -   ***** Running regression evaluation on val0 dataset *****
08/20/2026 04:53:19 - INFO - utils.trainer -   Loss: 0.00915
08/20/2026 04:53:19 - INFO - utils.trainer -   MSE: 96.83453
08/20/2026 04:53:19 - INFO - utils.trainer -   MAE: 8.02703
08/20/2026 04:53:19 - INFO - utils.trainer -   RMSE: 9.84045
08/20/2026 04:53:19 - INFO - utils.trainer -   R2: 0.12689
08/20/2026 04:53:19 - INFO - utils.trainer -   PearsonR: 0.36310
08/20/2026 04:53:20 - INFO - utils.trainer -   Model saved to output_dir/TimeLLM_AgeCAUEEG_train
08/20/2026 04:53:20 - INFO - utils.trainer -   Best model saved (val_Loss=0.0091)
08/20/2026 04:53:20 - INFO - utils.trainer -   Epoch: 17, Loss: 0.03178, Val loss: 0.00915, Val Loss: 0.0091, Best val Loss: 0.0091, No improve: 0/10, Time: 49.5s
08/20/2026 04:54:09 - INFO - utils.trainer -   ***** Running regression evaluation on val0 dataset *****
08/20/2026 04:54:15 - INFO - utils.trainer -   Loss: 0.01086
08/20/2026 04:54:15 - INFO - utils.trainer -   MSE: 114.72929
08/20/2026 04:54:15 - INFO - utils.trainer -   MAE: 8.87297
08/20/2026 04:54:15 - INFO - utils.trainer -   RMSE: 10.71117
08/20/2026 04:54:15 - INFO - utils.trainer -   R2: -0.03446
08/20/2026 04:54:15 - INFO - utils.trainer -   PearsonR: 0.30569
08/20/2026 04:54:15 - INFO - utils.trainer -   Epoch: 18, Loss: 0.02833, Val loss: 0.01086, Val Loss: 0.0109, Best val Loss: 0.0091, No improve: 1/10, Time: 49.4s
08/20/2026 04:55:04 - INFO - utils.trainer -   ***** Running regression evaluation on val0 dataset *****
08/20/2026 04:55:10 - INFO - utils.trainer -   Loss: 0.00937
08/20/2026 04:55:10 - INFO - utils.trainer -   MSE: 99.60162
08/20/2026 04:55:10 - INFO - utils.trainer -   MAE: 7.92449
08/20/2026 04:55:10 - INFO - utils.trainer -   RMSE: 9.98006
08/20/2026 04:55:10 - INFO - utils.trainer -   R2: 0.10194
08/20/2026 04:55:10 - INFO - utils.trainer -   PearsonR: 0.38083
08/20/2026 04:55:10 - INFO - utils.trainer -   Epoch: 19, Loss: 0.02677, Val loss: 0.00937, Val Loss: 0.0094, Best val Loss: 0.0091, No improve: 2/10, Time: 49.5s
08/20/2026 04:55:59 - INFO - utils.trainer -   ***** Running regression evaluation on val0 dataset *****
08/20/2026 04:56:05 - INFO - utils.trainer -   Loss: 0.01204
08/20/2026 04:56:05 - INFO - utils.trainer -   MSE: 127.18876
08/20/2026 04:56:05 - INFO - utils.trainer -   MAE: 9.23574
08/20/2026 04:56:05 - INFO - utils.trainer -   RMSE: 11.27780
08/20/2026 04:56:05 - INFO - utils.trainer -   R2: -0.14680
08/20/2026 04:56:05 - INFO - utils.trainer -   PearsonR: 0.39226
08/20/2026 04:56:05 - INFO - utils.trainer -   Epoch: 20, Loss: 0.02960, Val loss: 0.01204, Val Loss: 0.0120, Best val Loss: 0.0091, No improve: 3/10, Time: 49.4s
08/20/2026 04:56:55 - INFO - utils.trainer -   ***** Running regression evaluation on val0 dataset *****
08/20/2026 04:57:01 - INFO - utils.trainer -   Loss: 0.01800
08/20/2026 04:57:01 - INFO - utils.trainer -   MSE: 190.76505
08/20/2026 04:57:01 - INFO - utils.trainer -   MAE: 11.53094
08/20/2026 04:57:01 - INFO - utils.trainer -   RMSE: 13.81177
08/20/2026 04:57:01 - INFO - utils.trainer -   R2: -0.72004
08/20/2026 04:57:01 - INFO - utils.trainer -   PearsonR: 0.36812
08/20/2026 04:57:01 - INFO - utils.trainer -   Epoch: 21, Loss: 0.02435, Val loss: 0.01800, Val Loss: 0.0180, Best val Loss: 0.0091, No improve: 4/10, Time: 49.5s
08/20/2026 04:57:50 - INFO - utils.trainer -   ***** Running regression evaluation on val0 dataset *****
08/20/2026 04:57:56 - INFO - utils.trainer -   Loss: 0.01077
08/20/2026 04:57:56 - INFO - utils.trainer -   MSE: 113.92076
08/20/2026 04:57:56 - INFO - utils.trainer -   MAE: 8.81672
08/20/2026 04:57:56 - INFO - utils.trainer -   RMSE: 10.67337
08/20/2026 04:57:56 - INFO - utils.trainer -   R2: -0.02717
08/20/2026 04:57:56 - INFO - utils.trainer -   PearsonR: 0.37430
08/20/2026 04:57:56 - INFO - utils.trainer -   Epoch: 22, Loss: 0.02986, Val loss: 0.01077, Val Loss: 0.0108, Best val Loss: 0.0091, No improve: 5/10, Time: 49.5s
08/20/2026 04:58:45 - INFO - utils.trainer -   ***** Running regression evaluation on val0 dataset *****
08/20/2026 04:58:51 - INFO - utils.trainer -   Loss: 0.00911
08/20/2026 04:58:51 - INFO - utils.trainer -   MSE: 96.74042
08/20/2026 04:58:51 - INFO - utils.trainer -   MAE: 7.87945
08/20/2026 04:58:51 - INFO - utils.trainer -   RMSE: 9.83567
08/20/2026 04:58:51 - INFO - utils.trainer -   R2: 0.12773
08/20/2026 04:58:51 - INFO - utils.trainer -   PearsonR: 0.40231
08/20/2026 04:58:52 - INFO - utils.trainer -   Model saved to output_dir/TimeLLM_AgeCAUEEG_train
08/20/2026 04:58:52 - INFO - utils.trainer -   Best model saved (val_Loss=0.0091)
08/20/2026 04:58:52 - INFO - utils.trainer -   Epoch: 23, Loss: 0.02381, Val loss: 0.00911, Val Loss: 0.0091, Best val Loss: 0.0091, No improve: 0/10, Time: 49.6s
08/20/2026 04:59:42 - INFO - utils.trainer -   ***** Running regression evaluation on val0 dataset *****
08/20/2026 04:59:47 - INFO - utils.trainer -   Loss: 0.01093
08/20/2026 04:59:47 - INFO - utils.trainer -   MSE: 115.58316
08/20/2026 04:59:47 - INFO - utils.trainer -   MAE: 8.84884
08/20/2026 04:59:47 - INFO - utils.trainer -   RMSE: 10.75096
08/20/2026 04:59:47 - INFO - utils.trainer -   R2: -0.04216
08/20/2026 04:59:47 - INFO - utils.trainer -   PearsonR: 0.36425
08/20/2026 04:59:47 - INFO - utils.trainer -   Epoch: 24, Loss: 0.02988, Val loss: 0.01093, Val Loss: 0.0109, Best val Loss: 0.0091, No improve: 1/10, Time: 49.5s
08/20/2026 05:00:37 - INFO - utils.trainer -   ***** Running regression evaluation on val0 dataset *****
08/20/2026 05:00:43 - INFO - utils.trainer -   Loss: 0.00968
08/20/2026 05:00:43 - INFO - utils.trainer -   MSE: 102.56505
08/20/2026 05:00:43 - INFO - utils.trainer -   MAE: 8.36949
08/20/2026 05:00:43 - INFO - utils.trainer -   RMSE: 10.12744
08/20/2026 05:00:43 - INFO - utils.trainer -   R2: 0.07522
08/20/2026 05:00:43 - INFO - utils.trainer -   PearsonR: 0.39189
08/20/2026 05:00:44 - INFO - utils.trainer -   Model saved to output_dir/TimeLLM_AgeCAUEEG_train/checkpoint-epoch-25
08/20/2026 05:00:44 - INFO - utils.trainer -   Checkpoint saved at epoch 25
08/20/2026 05:00:44 - INFO - utils.trainer -   Epoch: 25, Loss: 0.02777, Val loss: 0.00968, Val Loss: 0.0097, Best val Loss: 0.0091, No improve: 2/10, Time: 49.3s
08/20/2026 05:01:33 - INFO - utils.trainer -   ***** Running regression evaluation on val0 dataset *****
08/20/2026 05:01:39 - INFO - utils.trainer -   Loss: 0.01641
08/20/2026 05:01:39 - INFO - utils.trainer -   MSE: 173.60576
08/20/2026 05:01:39 - INFO - utils.trainer -   MAE: 10.79887
08/20/2026 05:01:39 - INFO - utils.trainer -   RMSE: 13.17595
08/20/2026 05:01:39 - INFO - utils.trainer -   R2: -0.56533
08/20/2026 05:01:39 - INFO - utils.trainer -   PearsonR: 0.34818
08/20/2026 05:01:39 - INFO - utils.trainer -   Epoch: 26, Loss: 0.02958, Val loss: 0.01641, Val Loss: 0.0164, Best val Loss: 0.0091, No improve: 3/10, Time: 49.4s
08/20/2026 05:02:29 - INFO - utils.trainer -   ***** Running regression evaluation on val0 dataset *****
08/20/2026 05:02:34 - INFO - utils.trainer -   Loss: 0.00987
08/20/2026 05:02:34 - INFO - utils.trainer -   MSE: 104.62943
08/20/2026 05:02:34 - INFO - utils.trainer -   MAE: 8.42674
08/20/2026 05:02:34 - INFO - utils.trainer -   RMSE: 10.22885
08/20/2026 05:02:34 - INFO - utils.trainer -   R2: 0.05660
08/20/2026 05:02:34 - INFO - utils.trainer -   PearsonR: 0.39313
08/20/2026 05:02:34 - INFO - utils.trainer -   Epoch: 27, Loss: 0.03055, Val loss: 0.00987, Val Loss: 0.0099, Best val Loss: 0.0091, No improve: 4/10, Time: 49.5s
08/20/2026 05:03:24 - INFO - utils.trainer -   ***** Running regression evaluation on val0 dataset *****
08/20/2026 05:03:30 - INFO - utils.trainer -   Loss: 0.00912
08/20/2026 05:03:30 - INFO - utils.trainer -   MSE: 96.66765
08/20/2026 05:03:30 - INFO - utils.trainer -   MAE: 8.03790
08/20/2026 05:03:30 - INFO - utils.trainer -   RMSE: 9.83197
08/20/2026 05:03:30 - INFO - utils.trainer -   R2: 0.12839
08/20/2026 05:03:30 - INFO - utils.trainer -   PearsonR: 0.38543
08/20/2026 05:03:30 - INFO - utils.trainer -   Epoch: 28, Loss: 0.02654, Val loss: 0.00912, Val Loss: 0.0091, Best val Loss: 0.0091, No improve: 5/10, Time: 49.5s
08/20/2026 05:04:20 - INFO - utils.trainer -   ***** Running regression evaluation on val0 dataset *****
08/20/2026 05:04:26 - INFO - utils.trainer -   Loss: 0.01521
08/20/2026 05:04:26 - INFO - utils.trainer -   MSE: 160.43491
08/20/2026 05:04:26 - INFO - utils.trainer -   MAE: 10.38103
08/20/2026 05:04:26 - INFO - utils.trainer -   RMSE: 12.66629
08/20/2026 05:04:26 - INFO - utils.trainer -   R2: -0.44657
08/20/2026 05:04:26 - INFO - utils.trainer -   PearsonR: 0.37494
08/20/2026 05:04:26 - INFO - utils.trainer -   Epoch: 29, Loss: 0.02712, Val loss: 0.01521, Val Loss: 0.0152, Best val Loss: 0.0091, No improve: 6/10, Time: 50.4s
08/20/2026 05:05:15 - INFO - utils.trainer -   ***** Running regression evaluation on val0 dataset *****
08/20/2026 05:05:21 - INFO - utils.trainer -   Loss: 0.00938
08/20/2026 05:05:21 - INFO - utils.trainer -   MSE: 99.64597
08/20/2026 05:05:21 - INFO - utils.trainer -   MAE: 8.17018
08/20/2026 05:05:21 - INFO - utils.trainer -   RMSE: 9.98228
08/20/2026 05:05:21 - INFO - utils.trainer -   R2: 0.10154
08/20/2026 05:05:21 - INFO - utils.trainer -   PearsonR: 0.35875
08/20/2026 05:05:21 - INFO - utils.trainer -   Epoch: 30, Loss: 0.03147, Val loss: 0.00938, Val Loss: 0.0094, Best val Loss: 0.0091, No improve: 7/10, Time: 49.4s
08/20/2026 05:06:10 - INFO - utils.trainer -   ***** Running regression evaluation on val0 dataset *****
08/20/2026 05:06:16 - INFO - utils.trainer -   Loss: 0.00913
08/20/2026 05:06:16 - INFO - utils.trainer -   MSE: 97.00813
08/20/2026 05:06:16 - INFO - utils.trainer -   MAE: 8.02233
08/20/2026 05:06:16 - INFO - utils.trainer -   RMSE: 9.84927
08/20/2026 05:06:16 - INFO - utils.trainer -   R2: 0.12532
08/20/2026 05:06:16 - INFO - utils.trainer -   PearsonR: 0.39839
08/20/2026 05:06:16 - INFO - utils.trainer -   Epoch: 31, Loss: 0.03409, Val loss: 0.00913, Val Loss: 0.0091, Best val Loss: 0.0091, No improve: 8/10, Time: 49.4s
08/20/2026 05:07:06 - INFO - utils.trainer -   ***** Running regression evaluation on val0 dataset *****
08/20/2026 05:07:11 - INFO - utils.trainer -   Loss: 0.00927
08/20/2026 05:07:11 - INFO - utils.trainer -   MSE: 98.50914
08/20/2026 05:07:11 - INFO - utils.trainer -   MAE: 8.11336
08/20/2026 05:07:11 - INFO - utils.trainer -   RMSE: 9.92518
08/20/2026 05:07:11 - INFO - utils.trainer -   R2: 0.11179
08/20/2026 05:07:11 - INFO - utils.trainer -   PearsonR: 0.36383
08/20/2026 05:07:11 - INFO - utils.trainer -   Epoch: 32, Loss: 0.03102, Val loss: 0.00927, Val Loss: 0.0093, Best val Loss: 0.0091, No improve: 9/10, Time: 49.5s
08/20/2026 05:08:01 - INFO - utils.trainer -   ***** Running regression evaluation on val0 dataset *****
08/20/2026 05:08:07 - INFO - utils.trainer -   Loss: 0.00928
08/20/2026 05:08:07 - INFO - utils.trainer -   MSE: 98.34538
08/20/2026 05:08:07 - INFO - utils.trainer -   MAE: 8.09631
08/20/2026 05:08:07 - INFO - utils.trainer -   RMSE: 9.91692
08/20/2026 05:08:07 - INFO - utils.trainer -   R2: 0.11326
08/20/2026 05:08:07 - INFO - utils.trainer -   PearsonR: 0.34547
08/20/2026 05:08:07 - INFO - utils.trainer -   Epoch: 33, Loss: 0.03067, Val loss: 0.00928, Val Loss: 0.0093, Best val Loss: 0.0091, No improve: 10/10, Time: 49.4s
08/20/2026 05:08:07 - INFO - utils.trainer -   Early stopping triggered at epoch 33
08/20/2026 05:08:07 - INFO - utils.trainer -   Early stopping triggered at epoch 33
08/20/2026 05:08:07 - INFO - utils.trainer -   Early stopping triggered at epoch 33
08/20/2026 05:08:07 - INFO - utils.trainer -   Early stopping triggered at epoch 33
08/20/2026 05:08:07 - INFO - utils.trainer -   Early stopping triggered at epoch 33
08/20/2026 05:08:07 - INFO - utils.trainer -   Early stopping triggered at epoch 33
08/20/2026 05:08:07 - INFO - utils.trainer -     2 prompt-buffer key(s) skipped (kept target-dataset prompt)
08/20/2026 05:08:07 - INFO - utils.trainer -     582 keys not in checkpoint (kept from init)
08/20/2026 05:08:07 - INFO - utils.trainer -   Model loaded from output_dir/TimeLLM_AgeCAUEEG_train/TimeLLM-0.bin (17/19 keys)
08/20/2026 05:08:07 - INFO - utils.trainer -   ***** Running regression evaluation on test0 dataset *****
08/20/2026 05:08:07 - INFO - utils.trainer -     2 prompt-buffer key(s) skipped (kept target-dataset prompt)
08/20/2026 05:08:07 - INFO - utils.trainer -     2 prompt-buffer key(s) skipped (kept target-dataset prompt)
08/20/2026 05:08:07 - INFO - utils.trainer -     582 keys not in checkpoint (kept from init)
08/20/2026 05:08:07 - INFO - utils.trainer -     582 keys not in checkpoint (kept from init)
08/20/2026 05:08:07 - INFO - utils.trainer -   Model loaded from output_dir/TimeLLM_AgeCAUEEG_train/TimeLLM-0.bin (17/19 keys)
08/20/2026 05:08:07 - INFO - utils.trainer -   Model loaded from output_dir/TimeLLM_AgeCAUEEG_train/TimeLLM-0.bin (17/19 keys)
08/20/2026 05:08:07 - INFO - utils.trainer -     2 prompt-buffer key(s) skipped (kept target-dataset prompt)
08/20/2026 05:08:07 - INFO - utils.trainer -     582 keys not in checkpoint (kept from init)
08/20/2026 05:08:07 - INFO - utils.trainer -     2 prompt-buffer key(s) skipped (kept target-dataset prompt)
08/20/2026 05:08:07 - INFO - utils.trainer -   Model loaded from output_dir/TimeLLM_AgeCAUEEG_train/TimeLLM-0.bin (17/19 keys)
08/20/2026 05:08:07 - INFO - utils.trainer -     582 keys not in checkpoint (kept from init)
08/20/2026 05:08:07 - INFO - utils.trainer -   Model loaded from output_dir/TimeLLM_AgeCAUEEG_train/TimeLLM-0.bin (17/19 keys)
08/20/2026 05:08:07 - INFO - utils.trainer -     2 prompt-buffer key(s) skipped (kept target-dataset prompt)
08/20/2026 05:08:07 - INFO - utils.trainer -     582 keys not in checkpoint (kept from init)
08/20/2026 05:08:07 - INFO - utils.trainer -   Model loaded from output_dir/TimeLLM_AgeCAUEEG_train/TimeLLM-0.bin (17/19 keys)
08/20/2026 05:08:13 - INFO - utils.trainer -   Loss: 0.00848
08/20/2026 05:08:13 - INFO - utils.trainer -   MSE: 90.32550
08/20/2026 05:08:13 - INFO - utils.trainer -   MAE: 7.55094
08/20/2026 05:08:13 - INFO - utils.trainer -   RMSE: 9.50397
08/20/2026 05:08:13 - INFO - utils.trainer -   R2: 0.09925
08/20/2026 05:08:13 - INFO - utils.trainer -   PearsonR: 0.34158
08/20/2026 05:08:13 - INFO - utils.trainer -   === Best epoch test result ===
08/20/2026 05:08:13 - INFO - utils.trainer -     Loss: 0.00848
08/20/2026 05:08:13 - INFO - utils.trainer -     MSE: 90.32550
08/20/2026 05:08:13 - INFO - utils.trainer -     MAE: 7.55094
08/20/2026 05:08:13 - INFO - utils.trainer -     RMSE: 9.50397
08/20/2026 05:08:13 - INFO - utils.trainer -     R2: 0.09925
08/20/2026 05:08:13 - INFO - utils.trainer -     PearsonR: 0.34158
08/20/2026 05:08:14 - INFO - utils.trainer -   Model saved to output_dir/TimeLLM_AgeCAUEEG_train/final-epoch-200
08/20/2026 05:08:14 - INFO - utils.trainer -   Final model saved at epoch 200
