07/29/2026 12:22:33 - INFO - __main__ -   ########## Repeat:0 ##########
07/29/2026 12:22:33 - INFO - utils.trainer -   ***** Running training *****
07/29/2026 12:22:33 - INFO - utils.trainer -     Num examples = 192
07/29/2026 12:22:33 - INFO - utils.trainer -     Num Epochs = 200
07/29/2026 12:22:33 - INFO - utils.trainer -     Total train batch size = 3
07/29/2026 12:22:33 - INFO - utils.trainer -     warmup steps = 400
07/29/2026 12:22:33 - INFO - utils.trainer -     Total optimization steps = 38400
07/29/2026 12:22:33 - INFO - utils.trainer -     Save steps = 25
07/29/2026 12:23:49 - INFO - utils.trainer -   ***** Running evaluation on val dataset *****
07/29/2026 12:24:00 - INFO - utils.trainer -   Loss: 0.68665
07/29/2026 12:24:00 - INFO - utils.trainer -   AUC: 0.57915
07/29/2026 12:24:00 - INFO - utils.trainer -   Accuracy: 0.53559
07/29/2026 12:24:00 - INFO - utils.trainer -   Precision: 0.53559
07/29/2026 12:24:00 - INFO - utils.trainer -   Specificity: 0.00000
07/29/2026 12:24:00 - INFO - utils.trainer -   Sensitivity: 1.00000
07/29/2026 12:24:01 - INFO - utils.trainer -   Model saved to output_dir/TimeLLM
07/29/2026 12:24:01 - INFO - utils.trainer -   Best model saved (val_AUC=0.5792)
07/29/2026 12:24:01 - INFO - utils.trainer -   Epoch: 1, Loss: 0.83505, Val loss: 0.68665, Val AUC: 0.5792, Best val AUC: 0.5792, No improve: 0/10, Time: 76.5s
07/29/2026 12:25:17 - INFO - utils.trainer -   ***** Running evaluation on val dataset *****
07/29/2026 12:25:28 - INFO - utils.trainer -   Loss: 0.67755
07/29/2026 12:25:28 - INFO - utils.trainer -   AUC: 0.64914
07/29/2026 12:25:28 - INFO - utils.trainer -   Accuracy: 0.59288
07/29/2026 12:25:28 - INFO - utils.trainer -   Precision: 0.75000
07/29/2026 12:25:28 - INFO - utils.trainer -   Specificity: 0.86168
07/29/2026 12:25:28 - INFO - utils.trainer -   Sensitivity: 0.35981
07/29/2026 12:25:28 - INFO - utils.trainer -   Model saved to output_dir/TimeLLM
07/29/2026 12:25:28 - INFO - utils.trainer -   Best model saved (val_AUC=0.6491)
07/29/2026 12:25:28 - INFO - utils.trainer -   Epoch: 2, Loss: 0.70829, Val loss: 0.67755, Val AUC: 0.6491, Best val AUC: 0.6491, No improve: 0/10, Time: 76.1s
07/29/2026 12:26:45 - INFO - utils.trainer -   ***** Running evaluation on val dataset *****
07/29/2026 12:26:56 - INFO - utils.trainer -   Loss: 0.69315
07/29/2026 12:26:56 - INFO - utils.trainer -   AUC: 0.66820
07/29/2026 12:26:56 - INFO - utils.trainer -   Accuracy: 0.54340
07/29/2026 12:26:56 - INFO - utils.trainer -   Precision: 0.54148
07/29/2026 12:26:56 - INFO - utils.trainer -   Specificity: 0.05981
07/29/2026 12:26:56 - INFO - utils.trainer -   Sensitivity: 0.96272
07/29/2026 12:26:56 - INFO - utils.trainer -   Model saved to output_dir/TimeLLM
07/29/2026 12:26:56 - INFO - utils.trainer -   Best model saved (val_AUC=0.6682)
07/29/2026 12:26:56 - INFO - utils.trainer -   Epoch: 3, Loss: 0.64823, Val loss: 0.69315, Val AUC: 0.6682, Best val AUC: 0.6682, No improve: 0/10, Time: 76.2s
07/29/2026 12:28:13 - INFO - utils.trainer -   ***** Running evaluation on val dataset *****
07/29/2026 12:28:24 - INFO - utils.trainer -   Loss: 0.69728
07/29/2026 12:28:24 - INFO - utils.trainer -   AUC: 0.68023
07/29/2026 12:28:24 - INFO - utils.trainer -   Accuracy: 0.59549
07/29/2026 12:28:24 - INFO - utils.trainer -   Precision: 0.78277
07/29/2026 12:28:24 - INFO - utils.trainer -   Specificity: 0.89159
07/29/2026 12:28:24 - INFO - utils.trainer -   Sensitivity: 0.33874
07/29/2026 12:28:24 - INFO - utils.trainer -   Model saved to output_dir/TimeLLM
07/29/2026 12:28:24 - INFO - utils.trainer -   Best model saved (val_AUC=0.6802)
07/29/2026 12:28:24 - INFO - utils.trainer -   Epoch: 4, Loss: 0.65774, Val loss: 0.69728, Val AUC: 0.6802, Best val AUC: 0.6802, No improve: 0/10, Time: 76.1s
07/29/2026 12:29:40 - INFO - utils.trainer -   ***** Running evaluation on val dataset *****
07/29/2026 12:29:51 - INFO - utils.trainer -   Loss: 0.66751
07/29/2026 12:29:51 - INFO - utils.trainer -   AUC: 0.66318
07/29/2026 12:29:51 - INFO - utils.trainer -   Accuracy: 0.61458
07/29/2026 12:29:51 - INFO - utils.trainer -   Precision: 0.74366
07/29/2026 12:29:51 - INFO - utils.trainer -   Specificity: 0.82991
07/29/2026 12:29:51 - INFO - utils.trainer -   Sensitivity: 0.42788
07/29/2026 12:29:51 - INFO - utils.trainer -   Epoch: 5, Loss: 0.61556, Val loss: 0.66751, Val AUC: 0.6632, Best val AUC: 0.6802, No improve: 1/10, Time: 75.9s
07/29/2026 12:31:07 - INFO - utils.trainer -   ***** Running evaluation on val dataset *****
07/29/2026 12:31:18 - INFO - utils.trainer -   Loss: 0.75074
07/29/2026 12:31:18 - INFO - utils.trainer -   AUC: 0.67056
07/29/2026 12:31:18 - INFO - utils.trainer -   Accuracy: 0.53646
07/29/2026 12:31:18 - INFO - utils.trainer -   Precision: 0.53618
07/29/2026 12:31:18 - INFO - utils.trainer -   Specificity: 0.00561
07/29/2026 12:31:18 - INFO - utils.trainer -   Sensitivity: 0.99676
07/29/2026 12:31:18 - INFO - utils.trainer -   Epoch: 6, Loss: 0.60260, Val loss: 0.75074, Val AUC: 0.6706, Best val AUC: 0.6802, No improve: 2/10, Time: 76.1s
07/29/2026 12:32:35 - INFO - utils.trainer -   ***** Running evaluation on val dataset *****
07/29/2026 12:32:46 - INFO - utils.trainer -   Loss: 0.66839
07/29/2026 12:32:46 - INFO - utils.trainer -   AUC: 0.66630
07/29/2026 12:32:46 - INFO - utils.trainer -   Accuracy: 0.57726
07/29/2026 12:32:46 - INFO - utils.trainer -   Precision: 0.57437
07/29/2026 12:32:46 - INFO - utils.trainer -   Specificity: 0.30467
07/29/2026 12:32:46 - INFO - utils.trainer -   Sensitivity: 0.81361
07/29/2026 12:32:46 - INFO - utils.trainer -   Epoch: 7, Loss: 0.63110, Val loss: 0.66839, Val AUC: 0.6663, Best val AUC: 0.6802, No improve: 3/10, Time: 76.4s
07/29/2026 12:34:03 - INFO - utils.trainer -   ***** Running evaluation on val dataset *****
07/29/2026 12:34:15 - INFO - utils.trainer -   Loss: 0.64748
07/29/2026 12:34:15 - INFO - utils.trainer -   AUC: 0.67100
07/29/2026 12:34:15 - INFO - utils.trainer -   Accuracy: 0.62326
07/29/2026 12:34:15 - INFO - utils.trainer -   Precision: 0.68944
07/29/2026 12:34:15 - INFO - utils.trainer -   Specificity: 0.71963
07/29/2026 12:34:15 - INFO - utils.trainer -   Sensitivity: 0.53971
07/29/2026 12:34:15 - INFO - utils.trainer -   Epoch: 8, Loss: 0.64235, Val loss: 0.64748, Val AUC: 0.6710, Best val AUC: 0.6802, No improve: 4/10, Time: 77.7s
07/29/2026 12:35:31 - INFO - utils.trainer -   ***** Running evaluation on val dataset *****
07/29/2026 12:35:42 - INFO - utils.trainer -   Loss: 0.72121
07/29/2026 12:35:42 - INFO - utils.trainer -   AUC: 0.67927
07/29/2026 12:35:42 - INFO - utils.trainer -   Accuracy: 0.55469
07/29/2026 12:35:42 - INFO - utils.trainer -   Precision: 0.54727
07/29/2026 12:35:42 - INFO - utils.trainer -   Specificity: 0.06916
07/29/2026 12:35:42 - INFO - utils.trainer -   Sensitivity: 0.97569
07/29/2026 12:35:42 - INFO - utils.trainer -   Epoch: 9, Loss: 0.62784, Val loss: 0.72121, Val AUC: 0.6793, Best val AUC: 0.6802, No improve: 5/10, Time: 76.1s
07/29/2026 12:36:58 - INFO - utils.trainer -   ***** Running evaluation on val dataset *****
07/29/2026 12:37:10 - INFO - utils.trainer -   Loss: 0.66972
07/29/2026 12:37:10 - INFO - utils.trainer -   AUC: 0.65770
07/29/2026 12:37:10 - INFO - utils.trainer -   Accuracy: 0.61111
07/29/2026 12:37:10 - INFO - utils.trainer -   Precision: 0.68736
07/29/2026 12:37:10 - INFO - utils.trainer -   Specificity: 0.73645
07/29/2026 12:37:10 - INFO - utils.trainer -   Sensitivity: 0.50243
07/29/2026 12:37:10 - INFO - utils.trainer -   Epoch: 10, Loss: 0.63901, Val loss: 0.66972, Val AUC: 0.6577, Best val AUC: 0.6802, No improve: 6/10, Time: 76.4s
07/29/2026 12:38:26 - INFO - utils.trainer -   ***** Running evaluation on val dataset *****
07/29/2026 12:38:37 - INFO - utils.trainer -   Loss: 0.70436
07/29/2026 12:38:37 - INFO - utils.trainer -   AUC: 0.66274
07/29/2026 12:38:37 - INFO - utils.trainer -   Accuracy: 0.60590
07/29/2026 12:38:37 - INFO - utils.trainer -   Precision: 0.72576
07/29/2026 12:38:37 - INFO - utils.trainer -   Specificity: 0.81495
07/29/2026 12:38:37 - INFO - utils.trainer -   Sensitivity: 0.42464
07/29/2026 12:38:37 - INFO - utils.trainer -   Epoch: 11, Loss: 0.60367, Val loss: 0.70436, Val AUC: 0.6627, Best val AUC: 0.6802, No improve: 7/10, Time: 76.2s
07/29/2026 12:39:53 - INFO - utils.trainer -   ***** Running evaluation on val dataset *****
07/29/2026 12:40:05 - INFO - utils.trainer -   Loss: 0.70492
07/29/2026 12:40:05 - INFO - utils.trainer -   AUC: 0.68076
07/29/2026 12:40:05 - INFO - utils.trainer -   Accuracy: 0.62847
07/29/2026 12:40:05 - INFO - utils.trainer -   Precision: 0.73924
07/29/2026 12:40:05 - INFO - utils.trainer -   Specificity: 0.80748
07/29/2026 12:40:05 - INFO - utils.trainer -   Sensitivity: 0.47326
07/29/2026 12:40:05 - INFO - utils.trainer -   Epoch: 12, Loss: 0.54960, Val loss: 0.70492, Val AUC: 0.6808, Best val AUC: 0.6802, No improve: 8/10, Time: 76.2s
07/29/2026 12:41:20 - INFO - utils.trainer -   ***** Running evaluation on val dataset *****
07/29/2026 12:41:32 - INFO - utils.trainer -   Loss: 0.70002
07/29/2026 12:41:32 - INFO - utils.trainer -   AUC: 0.66165
07/29/2026 12:41:32 - INFO - utils.trainer -   Accuracy: 0.60156
07/29/2026 12:41:32 - INFO - utils.trainer -   Precision: 0.59826
07/29/2026 12:41:32 - INFO - utils.trainer -   Specificity: 0.39626
07/29/2026 12:41:32 - INFO - utils.trainer -   Sensitivity: 0.77958
07/29/2026 12:41:32 - INFO - utils.trainer -   Epoch: 13, Loss: 0.55602, Val loss: 0.70002, Val AUC: 0.6616, Best val AUC: 0.6802, No improve: 9/10, Time: 75.8s
07/29/2026 12:42:48 - INFO - utils.trainer -   ***** Running evaluation on val dataset *****
07/29/2026 12:42:59 - INFO - utils.trainer -   Loss: 0.75934
07/29/2026 12:42:59 - INFO - utils.trainer -   AUC: 0.67188
07/29/2026 12:42:59 - INFO - utils.trainer -   Accuracy: 0.58681
07/29/2026 12:42:59 - INFO - utils.trainer -   Precision: 0.57688
07/29/2026 12:42:59 - INFO - utils.trainer -   Specificity: 0.27477
07/29/2026 12:42:59 - INFO - utils.trainer -   Sensitivity: 0.85737
07/29/2026 12:42:59 - INFO - utils.trainer -   Epoch: 14, Loss: 0.52467, Val loss: 0.75934, Val AUC: 0.6719, Best val AUC: 0.6802, No improve: 10/10, Time: 76.4s
07/29/2026 12:42:59 - INFO - utils.trainer -   Early stopping triggered at epoch 14
07/29/2026 12:42:59 - INFO - utils.trainer -   Early stopping triggered at epoch 14
07/29/2026 12:42:59 - INFO - utils.trainer -   Early stopping triggered at epoch 14
07/29/2026 12:42:59 - INFO - utils.trainer -   Early stopping triggered at epoch 14
07/29/2026 12:42:59 - INFO - utils.trainer -   Early stopping triggered at epoch 14
07/29/2026 12:42:59 - INFO - utils.trainer -   Early stopping triggered at epoch 14
07/29/2026 12:42:59 - INFO - utils.trainer -     582 keys not in checkpoint (kept from init)
07/29/2026 12:42:59 - INFO - utils.trainer -   Model loaded from output_dir/TimeLLM/TimeLLM-0.bin (22/22 keys)
07/29/2026 12:42:59 - INFO - utils.trainer -     582 keys not in checkpoint (kept from init)
07/29/2026 12:42:59 - INFO - utils.trainer -     582 keys not in checkpoint (kept from init)
07/29/2026 12:42:59 - INFO - utils.trainer -   Model loaded from output_dir/TimeLLM/TimeLLM-0.bin (22/22 keys)
07/29/2026 12:42:59 - INFO - utils.trainer -   Model loaded from output_dir/TimeLLM/TimeLLM-0.bin (22/22 keys)
07/29/2026 12:42:59 - INFO - utils.trainer -   ***** Running evaluation on test dataset *****
07/29/2026 12:42:59 - INFO - utils.trainer -     582 keys not in checkpoint (kept from init)
07/29/2026 12:42:59 - INFO - utils.trainer -   Model loaded from output_dir/TimeLLM/TimeLLM-0.bin (22/22 keys)
07/29/2026 12:42:59 - INFO - utils.trainer -     582 keys not in checkpoint (kept from init)
07/29/2026 12:42:59 - INFO - utils.trainer -   Model loaded from output_dir/TimeLLM/TimeLLM-0.bin (22/22 keys)
07/29/2026 12:42:59 - INFO - utils.trainer -     582 keys not in checkpoint (kept from init)
07/29/2026 12:42:59 - INFO - utils.trainer -   Model loaded from output_dir/TimeLLM/TimeLLM-0.bin (22/22 keys)
07/29/2026 12:43:10 - INFO - utils.trainer -   Loss: 0.69471
07/29/2026 12:43:10 - INFO - utils.trainer -   AUC: 0.66964
07/29/2026 12:43:10 - INFO - utils.trainer -   Accuracy: 0.61228
07/29/2026 12:43:10 - INFO - utils.trainer -   Precision: 0.81595
07/29/2026 12:43:10 - INFO - utils.trainer -   Specificity: 0.87805
07/29/2026 12:43:10 - INFO - utils.trainer -   Sensitivity: 0.41049
07/29/2026 12:43:10 - INFO - utils.trainer -   === Best epoch test result ===
07/29/2026 12:43:10 - INFO - utils.trainer -     Loss: 0.69471
07/29/2026 12:43:10 - INFO - utils.trainer -     AUC: 0.66964
07/29/2026 12:43:10 - INFO - utils.trainer -     Accuracy: 0.61228
07/29/2026 12:43:10 - INFO - utils.trainer -     Precision: 0.81595
07/29/2026 12:43:10 - INFO - utils.trainer -     Specificity: 0.87805
07/29/2026 12:43:10 - INFO - utils.trainer -     Sensitivity: 0.41049
07/29/2026 12:43:11 - INFO - utils.trainer -   Model saved to output_dir/TimeLLM/final-epoch-200
07/29/2026 12:43:11 - INFO - utils.trainer -   Final model saved at epoch 200
