08/20/2026 20:04:04 - INFO - __main__ -   ########## Repeat:0 ##########
08/20/2026 20:04:04 - INFO - utils.trainer -   ***** Running training *****
08/20/2026 20:04:04 - INFO - utils.trainer -     Num examples = 161
08/20/2026 20:04:04 - INFO - utils.trainer -     Num Epochs = 200
08/20/2026 20:04:04 - INFO - utils.trainer -     Total train batch size = 4
08/20/2026 20:04:04 - INFO - utils.trainer -     warmup steps = 400
08/20/2026 20:04:04 - INFO - utils.trainer -     Total optimization steps = 32200
08/20/2026 20:04:04 - INFO - utils.trainer -     Save steps = 25
08/20/2026 20:04:56 - INFO - utils.trainer -   ***** Running regression evaluation on val0 dataset *****
08/20/2026 20:05:01 - INFO - utils.trainer -   Loss: 0.02220
08/20/2026 20:05:01 - INFO - utils.trainer -   MSE: 235.31619
08/20/2026 20:05:01 - INFO - utils.trainer -   MAE: 13.01257
08/20/2026 20:05:01 - INFO - utils.trainer -   RMSE: 15.34002
08/20/2026 20:05:01 - INFO - utils.trainer -   R2: -1.12174
08/20/2026 20:05:01 - INFO - utils.trainer -   PearsonR: 0.00043
08/20/2026 20:05:02 - INFO - utils.trainer -   Model saved to output_dir/TimeLLM_AgeCAUEEG_train
08/20/2026 20:05:02 - INFO - utils.trainer -   Best model saved (val_Loss=0.0222)
08/20/2026 20:05:02 - INFO - utils.trainer -   Epoch: 1, Loss: 0.08902, Val loss: 0.02220, Val Loss: 0.0222, Best val Loss: 0.0222, No improve: 0/10, Time: 51.9s
08/20/2026 20:05:54 - INFO - utils.trainer -   ***** Running regression evaluation on val0 dataset *****
08/20/2026 20:06:00 - INFO - utils.trainer -   Loss: 0.01037
08/20/2026 20:06:00 - INFO - utils.trainer -   MSE: 110.16447
08/20/2026 20:06:00 - INFO - utils.trainer -   MAE: 8.42524
08/20/2026 20:06:00 - INFO - utils.trainer -   RMSE: 10.49593
08/20/2026 20:06:00 - INFO - utils.trainer -   R2: 0.00670
08/20/2026 20:06:00 - INFO - utils.trainer -   PearsonR: 0.09184
08/20/2026 20:06:01 - INFO - utils.trainer -   Model saved to output_dir/TimeLLM_AgeCAUEEG_train
08/20/2026 20:06:01 - INFO - utils.trainer -   Best model saved (val_Loss=0.0104)
08/20/2026 20:06:01 - INFO - utils.trainer -   Epoch: 2, Loss: 0.03381, Val loss: 0.01037, Val Loss: 0.0104, Best val Loss: 0.0104, No improve: 0/10, Time: 52.2s
08/20/2026 20:06:52 - INFO - utils.trainer -   ***** Running regression evaluation on val0 dataset *****
08/20/2026 20:06:58 - INFO - utils.trainer -   Loss: 0.01002
08/20/2026 20:06:58 - INFO - utils.trainer -   MSE: 106.64627
08/20/2026 20:06:58 - INFO - utils.trainer -   MAE: 8.25125
08/20/2026 20:06:58 - INFO - utils.trainer -   RMSE: 10.32697
08/20/2026 20:06:58 - INFO - utils.trainer -   R2: 0.03842
08/20/2026 20:06:58 - INFO - utils.trainer -   PearsonR: 0.20469
08/20/2026 20:06:59 - INFO - utils.trainer -   Model saved to output_dir/TimeLLM_AgeCAUEEG_train
08/20/2026 20:06:59 - INFO - utils.trainer -   Best model saved (val_Loss=0.0100)
08/20/2026 20:06:59 - INFO - utils.trainer -   Epoch: 3, Loss: 0.03379, Val loss: 0.01002, Val Loss: 0.0100, Best val Loss: 0.0100, No improve: 0/10, Time: 51.5s
08/20/2026 20:07:50 - INFO - utils.trainer -   ***** Running regression evaluation on val0 dataset *****
08/20/2026 20:07:56 - INFO - utils.trainer -   Loss: 0.01214
08/20/2026 20:07:56 - INFO - utils.trainer -   MSE: 129.15021
08/20/2026 20:07:56 - INFO - utils.trainer -   MAE: 8.83384
08/20/2026 20:07:56 - INFO - utils.trainer -   RMSE: 11.36443
08/20/2026 20:07:56 - INFO - utils.trainer -   R2: -0.16449
08/20/2026 20:07:56 - INFO - utils.trainer -   PearsonR: 0.23781
08/20/2026 20:07:56 - INFO - utils.trainer -   Epoch: 4, Loss: 0.04151, Val loss: 0.01214, Val Loss: 0.0121, Best val Loss: 0.0100, No improve: 1/10, Time: 51.6s
08/20/2026 20:08:47 - INFO - utils.trainer -   ***** Running regression evaluation on val0 dataset *****
08/20/2026 20:08:53 - INFO - utils.trainer -   Loss: 0.01015
08/20/2026 20:08:53 - INFO - utils.trainer -   MSE: 108.07317
08/20/2026 20:08:53 - INFO - utils.trainer -   MAE: 8.22597
08/20/2026 20:08:53 - INFO - utils.trainer -   RMSE: 10.39583
08/20/2026 20:08:53 - INFO - utils.trainer -   R2: 0.02555
08/20/2026 20:08:53 - INFO - utils.trainer -   PearsonR: 0.29836
08/20/2026 20:08:53 - INFO - utils.trainer -   Epoch: 5, Loss: 0.03461, Val loss: 0.01015, Val Loss: 0.0101, Best val Loss: 0.0100, No improve: 2/10, Time: 51.4s
08/20/2026 20:09:44 - INFO - utils.trainer -   ***** Running regression evaluation on val0 dataset *****
08/20/2026 20:09:50 - INFO - utils.trainer -   Loss: 0.00946
08/20/2026 20:09:50 - INFO - utils.trainer -   MSE: 100.58592
08/20/2026 20:09:50 - INFO - utils.trainer -   MAE: 8.15943
08/20/2026 20:09:50 - INFO - utils.trainer -   RMSE: 10.02925
08/20/2026 20:09:50 - INFO - utils.trainer -   R2: 0.09306
08/20/2026 20:09:50 - INFO - utils.trainer -   PearsonR: 0.34225
08/20/2026 20:09:50 - INFO - utils.trainer -   Model saved to output_dir/TimeLLM_AgeCAUEEG_train
08/20/2026 20:09:50 - INFO - utils.trainer -   Best model saved (val_Loss=0.0095)
08/20/2026 20:09:50 - INFO - utils.trainer -   Epoch: 6, Loss: 0.03597, Val loss: 0.00946, Val Loss: 0.0095, Best val Loss: 0.0095, No improve: 0/10, Time: 51.4s
08/20/2026 20:10:42 - INFO - utils.trainer -   ***** Running regression evaluation on val0 dataset *****
08/20/2026 20:10:47 - INFO - utils.trainer -   Loss: 0.00929
08/20/2026 20:10:47 - INFO - utils.trainer -   MSE: 98.80249
08/20/2026 20:10:47 - INFO - utils.trainer -   MAE: 8.03670
08/20/2026 20:10:47 - INFO - utils.trainer -   RMSE: 9.93994
08/20/2026 20:10:47 - INFO - utils.trainer -   R2: 0.10914
08/20/2026 20:10:47 - INFO - utils.trainer -   PearsonR: 0.33468
08/20/2026 20:10:48 - INFO - utils.trainer -   Model saved to output_dir/TimeLLM_AgeCAUEEG_train
08/20/2026 20:10:48 - INFO - utils.trainer -   Best model saved (val_Loss=0.0093)
08/20/2026 20:10:48 - INFO - utils.trainer -   Epoch: 7, Loss: 0.03650, Val loss: 0.00929, Val Loss: 0.0093, Best val Loss: 0.0093, No improve: 0/10, Time: 51.6s
08/20/2026 20:11:40 - INFO - utils.trainer -   ***** Running regression evaluation on val0 dataset *****
08/20/2026 20:11:45 - INFO - utils.trainer -   Loss: 0.00974
08/20/2026 20:11:45 - INFO - utils.trainer -   MSE: 103.47340
08/20/2026 20:11:45 - INFO - utils.trainer -   MAE: 8.31988
08/20/2026 20:11:45 - INFO - utils.trainer -   RMSE: 10.17219
08/20/2026 20:11:45 - INFO - utils.trainer -   R2: 0.06703
08/20/2026 20:11:45 - INFO - utils.trainer -   PearsonR: 0.34550
08/20/2026 20:11:45 - INFO - utils.trainer -   Epoch: 8, Loss: 0.02972, Val loss: 0.00974, Val Loss: 0.0097, Best val Loss: 0.0093, No improve: 1/10, Time: 51.6s
08/20/2026 20:12:37 - INFO - utils.trainer -   ***** Running regression evaluation on val0 dataset *****
08/20/2026 20:12:43 - INFO - utils.trainer -   Loss: 0.00934
08/20/2026 20:12:43 - INFO - utils.trainer -   MSE: 99.21185
08/20/2026 20:12:43 - INFO - utils.trainer -   MAE: 8.10629
08/20/2026 20:12:43 - INFO - utils.trainer -   RMSE: 9.96051
08/20/2026 20:12:43 - INFO - utils.trainer -   R2: 0.10545
08/20/2026 20:12:43 - INFO - utils.trainer -   PearsonR: 0.33323
08/20/2026 20:12:43 - INFO - utils.trainer -   Epoch: 9, Loss: 0.03403, Val loss: 0.00934, Val Loss: 0.0093, Best val Loss: 0.0093, No improve: 2/10, Time: 52.0s
08/20/2026 20:13:34 - INFO - utils.trainer -   ***** Running regression evaluation on val0 dataset *****
08/20/2026 20:13:40 - INFO - utils.trainer -   Loss: 0.01848
08/20/2026 20:13:40 - INFO - utils.trainer -   MSE: 196.34082
08/20/2026 20:13:40 - INFO - utils.trainer -   MAE: 11.76148
08/20/2026 20:13:40 - INFO - utils.trainer -   RMSE: 14.01217
08/20/2026 20:13:40 - INFO - utils.trainer -   R2: -0.77032
08/20/2026 20:13:40 - INFO - utils.trainer -   PearsonR: 0.35645
08/20/2026 20:13:40 - INFO - utils.trainer -   Epoch: 10, Loss: 0.03353, Val loss: 0.01848, Val Loss: 0.0185, Best val Loss: 0.0093, No improve: 3/10, Time: 51.6s
08/20/2026 20:14:32 - INFO - utils.trainer -   ***** Running regression evaluation on val0 dataset *****
08/20/2026 20:14:37 - INFO - utils.trainer -   Loss: 0.00986
08/20/2026 20:14:37 - INFO - utils.trainer -   MSE: 104.82692
08/20/2026 20:14:37 - INFO - utils.trainer -   MAE: 8.10817
08/20/2026 20:14:37 - INFO - utils.trainer -   RMSE: 10.23850
08/20/2026 20:14:37 - INFO - utils.trainer -   R2: 0.05482
08/20/2026 20:14:37 - INFO - utils.trainer -   PearsonR: 0.35045
08/20/2026 20:14:37 - INFO - utils.trainer -   Epoch: 11, Loss: 0.03338, Val loss: 0.00986, Val Loss: 0.0099, Best val Loss: 0.0093, No improve: 4/10, Time: 51.6s
08/20/2026 20:15:29 - INFO - utils.trainer -   ***** Running regression evaluation on val0 dataset *****
08/20/2026 20:15:34 - INFO - utils.trainer -   Loss: 0.01280
08/20/2026 20:15:34 - INFO - utils.trainer -   MSE: 135.84380
08/20/2026 20:15:34 - INFO - utils.trainer -   MAE: 9.59008
08/20/2026 20:15:34 - INFO - utils.trainer -   RMSE: 11.65520
08/20/2026 20:15:34 - INFO - utils.trainer -   R2: -0.22484
08/20/2026 20:15:34 - INFO - utils.trainer -   PearsonR: 0.38552
08/20/2026 20:15:34 - INFO - utils.trainer -   Epoch: 12, Loss: 0.03582, Val loss: 0.01280, Val Loss: 0.0128, Best val Loss: 0.0093, No improve: 5/10, Time: 51.6s
08/20/2026 20:16:26 - INFO - utils.trainer -   ***** Running regression evaluation on val0 dataset *****
08/20/2026 20:16:31 - INFO - utils.trainer -   Loss: 0.01171
08/20/2026 20:16:31 - INFO - utils.trainer -   MSE: 124.53921
08/20/2026 20:16:31 - INFO - utils.trainer -   MAE: 8.67814
08/20/2026 20:16:31 - INFO - utils.trainer -   RMSE: 11.15971
08/20/2026 20:16:31 - INFO - utils.trainer -   R2: -0.12291
08/20/2026 20:16:31 - INFO - utils.trainer -   PearsonR: 0.32798
08/20/2026 20:16:31 - INFO - utils.trainer -   Epoch: 13, Loss: 0.02991, Val loss: 0.01171, Val Loss: 0.0117, Best val Loss: 0.0093, No improve: 6/10, Time: 51.7s
08/20/2026 20:17:23 - INFO - utils.trainer -   ***** Running regression evaluation on val0 dataset *****
08/20/2026 20:17:29 - INFO - utils.trainer -   Loss: 0.01181
08/20/2026 20:17:29 - INFO - utils.trainer -   MSE: 125.23694
08/20/2026 20:17:29 - INFO - utils.trainer -   MAE: 9.23525
08/20/2026 20:17:29 - INFO - utils.trainer -   RMSE: 11.19093
08/20/2026 20:17:29 - INFO - utils.trainer -   R2: -0.12921
08/20/2026 20:17:29 - INFO - utils.trainer -   PearsonR: 0.37788
08/20/2026 20:17:29 - INFO - utils.trainer -   Epoch: 14, Loss: 0.02990, Val loss: 0.01181, Val Loss: 0.0118, Best val Loss: 0.0093, No improve: 7/10, Time: 52.1s
08/20/2026 20:18:20 - INFO - utils.trainer -   ***** Running regression evaluation on val0 dataset *****
08/20/2026 20:18:26 - INFO - utils.trainer -   Loss: 0.01290
08/20/2026 20:18:26 - INFO - utils.trainer -   MSE: 136.87526
08/20/2026 20:18:26 - INFO - utils.trainer -   MAE: 9.73663
08/20/2026 20:18:26 - INFO - utils.trainer -   RMSE: 11.69937
08/20/2026 20:18:26 - INFO - utils.trainer -   R2: -0.23414
08/20/2026 20:18:26 - INFO - utils.trainer -   PearsonR: 0.32880
08/20/2026 20:18:26 - INFO - utils.trainer -   Epoch: 15, Loss: 0.02646, Val loss: 0.01290, Val Loss: 0.0129, Best val Loss: 0.0093, No improve: 8/10, Time: 51.5s
08/20/2026 20:19:18 - INFO - utils.trainer -   ***** Running regression evaluation on val0 dataset *****
08/20/2026 20:19:23 - INFO - utils.trainer -   Loss: 0.00977
08/20/2026 20:19:23 - INFO - utils.trainer -   MSE: 103.31773
08/20/2026 20:19:23 - INFO - utils.trainer -   MAE: 8.37629
08/20/2026 20:19:23 - INFO - utils.trainer -   RMSE: 10.16453
08/20/2026 20:19:23 - INFO - utils.trainer -   R2: 0.06843
08/20/2026 20:19:23 - INFO - utils.trainer -   PearsonR: 0.37589
08/20/2026 20:19:23 - INFO - utils.trainer -   Epoch: 16, Loss: 0.03397, Val loss: 0.00977, Val Loss: 0.0098, Best val Loss: 0.0093, No improve: 9/10, Time: 51.6s
08/20/2026 20:20:15 - INFO - utils.trainer -   ***** Running regression evaluation on val0 dataset *****
08/20/2026 20:20:20 - INFO - utils.trainer -   Loss: 0.00884
08/20/2026 20:20:20 - INFO - utils.trainer -   MSE: 93.99347
08/20/2026 20:20:20 - INFO - utils.trainer -   MAE: 7.96602
08/20/2026 20:20:20 - INFO - utils.trainer -   RMSE: 9.69502
08/20/2026 20:20:20 - INFO - utils.trainer -   R2: 0.15250
08/20/2026 20:20:20 - INFO - utils.trainer -   PearsonR: 0.40687
08/20/2026 20:20:21 - INFO - utils.trainer -   Model saved to output_dir/TimeLLM_AgeCAUEEG_train
08/20/2026 20:20:21 - INFO - utils.trainer -   Best model saved (val_Loss=0.0088)
08/20/2026 20:20:21 - INFO - utils.trainer -   Epoch: 17, Loss: 0.03227, Val loss: 0.00884, Val Loss: 0.0088, Best val Loss: 0.0088, No improve: 0/10, Time: 51.6s
08/20/2026 20:21:13 - INFO - utils.trainer -   ***** Running regression evaluation on val0 dataset *****
08/20/2026 20:21:19 - INFO - utils.trainer -   Loss: 0.01128
08/20/2026 20:21:19 - INFO - utils.trainer -   MSE: 119.48535
08/20/2026 20:21:19 - INFO - utils.trainer -   MAE: 9.06534
08/20/2026 20:21:19 - INFO - utils.trainer -   RMSE: 10.93094
08/20/2026 20:21:19 - INFO - utils.trainer -   R2: -0.07735
08/20/2026 20:21:19 - INFO - utils.trainer -   PearsonR: 0.34258
08/20/2026 20:21:19 - INFO - utils.trainer -   Epoch: 18, Loss: 0.02868, Val loss: 0.01128, Val Loss: 0.0113, Best val Loss: 0.0088, No improve: 1/10, Time: 52.0s
08/20/2026 20:22:10 - INFO - utils.trainer -   ***** Running regression evaluation on val0 dataset *****
08/20/2026 20:22:16 - INFO - utils.trainer -   Loss: 0.00929
08/20/2026 20:22:16 - INFO - utils.trainer -   MSE: 98.73038
08/20/2026 20:22:16 - INFO - utils.trainer -   MAE: 8.13050
08/20/2026 20:22:16 - INFO - utils.trainer -   RMSE: 9.93632
08/20/2026 20:22:16 - INFO - utils.trainer -   R2: 0.10979
08/20/2026 20:22:16 - INFO - utils.trainer -   PearsonR: 0.36351
08/20/2026 20:22:16 - INFO - utils.trainer -   Epoch: 19, Loss: 0.02680, Val loss: 0.00929, Val Loss: 0.0093, Best val Loss: 0.0088, No improve: 2/10, Time: 51.7s
08/20/2026 20:23:07 - INFO - utils.trainer -   ***** Running regression evaluation on val0 dataset *****
08/20/2026 20:23:13 - INFO - utils.trainer -   Loss: 0.01291
08/20/2026 20:23:13 - INFO - utils.trainer -   MSE: 137.07158
08/20/2026 20:23:13 - INFO - utils.trainer -   MAE: 9.72301
08/20/2026 20:23:13 - INFO - utils.trainer -   RMSE: 11.70776
08/20/2026 20:23:13 - INFO - utils.trainer -   R2: -0.23591
08/20/2026 20:23:13 - INFO - utils.trainer -   PearsonR: 0.40337
08/20/2026 20:23:13 - INFO - utils.trainer -   Epoch: 20, Loss: 0.03056, Val loss: 0.01291, Val Loss: 0.0129, Best val Loss: 0.0088, No improve: 3/10, Time: 51.4s
08/20/2026 20:24:04 - INFO - utils.trainer -   ***** Running regression evaluation on val0 dataset *****
08/20/2026 20:24:10 - INFO - utils.trainer -   Loss: 0.01053
08/20/2026 20:24:10 - INFO - utils.trainer -   MSE: 111.74868
08/20/2026 20:24:10 - INFO - utils.trainer -   MAE: 8.73052
08/20/2026 20:24:10 - INFO - utils.trainer -   RMSE: 10.57113
08/20/2026 20:24:10 - INFO - utils.trainer -   R2: -0.00759
08/20/2026 20:24:10 - INFO - utils.trainer -   PearsonR: 0.41192
08/20/2026 20:24:10 - INFO - utils.trainer -   Epoch: 21, Loss: 0.02441, Val loss: 0.01053, Val Loss: 0.0105, Best val Loss: 0.0088, No improve: 4/10, Time: 51.5s
08/20/2026 20:25:01 - INFO - utils.trainer -   ***** Running regression evaluation on val0 dataset *****
08/20/2026 20:25:07 - INFO - utils.trainer -   Loss: 0.01068
08/20/2026 20:25:07 - INFO - utils.trainer -   MSE: 113.55529
08/20/2026 20:25:07 - INFO - utils.trainer -   MAE: 8.78220
08/20/2026 20:25:07 - INFO - utils.trainer -   RMSE: 10.65623
08/20/2026 20:25:07 - INFO - utils.trainer -   R2: -0.02388
08/20/2026 20:25:07 - INFO - utils.trainer -   PearsonR: 0.37604
08/20/2026 20:25:07 - INFO - utils.trainer -   Epoch: 22, Loss: 0.02991, Val loss: 0.01068, Val Loss: 0.0107, Best val Loss: 0.0088, No improve: 5/10, Time: 51.6s
08/20/2026 20:25:58 - INFO - utils.trainer -   ***** Running regression evaluation on val0 dataset *****
08/20/2026 20:26:03 - INFO - utils.trainer -   Loss: 0.00875
08/20/2026 20:26:03 - INFO - utils.trainer -   MSE: 92.84776
08/20/2026 20:26:03 - INFO - utils.trainer -   MAE: 7.85647
08/20/2026 20:26:03 - INFO - utils.trainer -   RMSE: 9.63575
08/20/2026 20:26:03 - INFO - utils.trainer -   R2: 0.16283
08/20/2026 20:26:03 - INFO - utils.trainer -   PearsonR: 0.40455
08/20/2026 20:26:04 - INFO - utils.trainer -   Model saved to output_dir/TimeLLM_AgeCAUEEG_train
08/20/2026 20:26:04 - INFO - utils.trainer -   Best model saved (val_Loss=0.0087)
08/20/2026 20:26:04 - INFO - utils.trainer -   Epoch: 23, Loss: 0.02411, Val loss: 0.00875, Val Loss: 0.0087, Best val Loss: 0.0087, No improve: 0/10, Time: 51.5s
08/20/2026 20:26:56 - INFO - utils.trainer -   ***** Running regression evaluation on val0 dataset *****
08/20/2026 20:27:02 - INFO - utils.trainer -   Loss: 0.01009
08/20/2026 20:27:02 - INFO - utils.trainer -   MSE: 107.06265
08/20/2026 20:27:02 - INFO - utils.trainer -   MAE: 8.49746
08/20/2026 20:27:02 - INFO - utils.trainer -   RMSE: 10.34711
08/20/2026 20:27:02 - INFO - utils.trainer -   R2: 0.03466
08/20/2026 20:27:02 - INFO - utils.trainer -   PearsonR: 0.36108
08/20/2026 20:27:02 - INFO - utils.trainer -   Epoch: 24, Loss: 0.03003, Val loss: 0.01009, Val Loss: 0.0101, Best val Loss: 0.0087, No improve: 1/10, Time: 51.6s
08/20/2026 20:27:53 - INFO - utils.trainer -   ***** Running regression evaluation on val0 dataset *****
08/20/2026 20:27:58 - INFO - utils.trainer -   Loss: 0.00950
08/20/2026 20:27:58 - INFO - utils.trainer -   MSE: 101.10886
08/20/2026 20:27:58 - INFO - utils.trainer -   MAE: 8.26690
08/20/2026 20:27:58 - INFO - utils.trainer -   RMSE: 10.05529
08/20/2026 20:27:58 - INFO - utils.trainer -   R2: 0.08835
08/20/2026 20:27:58 - INFO - utils.trainer -   PearsonR: 0.39578
08/20/2026 20:28:00 - INFO - utils.trainer -   Model saved to output_dir/TimeLLM_AgeCAUEEG_train/checkpoint-epoch-25
08/20/2026 20:28:00 - INFO - utils.trainer -   Checkpoint saved at epoch 25
08/20/2026 20:28:00 - INFO - utils.trainer -   Epoch: 25, Loss: 0.02805, Val loss: 0.00950, Val Loss: 0.0095, Best val Loss: 0.0087, No improve: 2/10, Time: 51.5s
08/20/2026 20:28:51 - INFO - utils.trainer -   ***** Running regression evaluation on val0 dataset *****
08/20/2026 20:28:57 - INFO - utils.trainer -   Loss: 0.00992
08/20/2026 20:28:57 - INFO - utils.trainer -   MSE: 105.58199
08/20/2026 20:28:57 - INFO - utils.trainer -   MAE: 8.42676
08/20/2026 20:28:57 - INFO - utils.trainer -   RMSE: 10.27531
08/20/2026 20:28:57 - INFO - utils.trainer -   R2: 0.04801
08/20/2026 20:28:57 - INFO - utils.trainer -   PearsonR: 0.38399
08/20/2026 20:28:57 - INFO - utils.trainer -   Epoch: 26, Loss: 0.03038, Val loss: 0.00992, Val Loss: 0.0099, Best val Loss: 0.0087, No improve: 3/10, Time: 51.5s
08/20/2026 20:29:49 - INFO - utils.trainer -   ***** Running regression evaluation on val0 dataset *****
08/20/2026 20:29:54 - INFO - utils.trainer -   Loss: 0.01056
08/20/2026 20:29:54 - INFO - utils.trainer -   MSE: 112.17033
08/20/2026 20:29:54 - INFO - utils.trainer -   MAE: 8.72434
08/20/2026 20:29:54 - INFO - utils.trainer -   RMSE: 10.59105
08/20/2026 20:29:54 - INFO - utils.trainer -   R2: -0.01139
08/20/2026 20:29:54 - INFO - utils.trainer -   PearsonR: 0.41118
08/20/2026 20:29:54 - INFO - utils.trainer -   Epoch: 27, Loss: 0.03090, Val loss: 0.01056, Val Loss: 0.0106, Best val Loss: 0.0087, No improve: 4/10, Time: 51.5s
08/20/2026 20:30:46 - INFO - utils.trainer -   ***** Running regression evaluation on val0 dataset *****
08/20/2026 20:30:51 - INFO - utils.trainer -   Loss: 0.01092
08/20/2026 20:30:51 - INFO - utils.trainer -   MSE: 116.28054
08/20/2026 20:30:51 - INFO - utils.trainer -   MAE: 8.89915
08/20/2026 20:30:51 - INFO - utils.trainer -   RMSE: 10.78335
08/20/2026 20:30:51 - INFO - utils.trainer -   R2: -0.04845
08/20/2026 20:30:51 - INFO - utils.trainer -   PearsonR: 0.35502
08/20/2026 20:30:51 - INFO - utils.trainer -   Epoch: 28, Loss: 0.02637, Val loss: 0.01092, Val Loss: 0.0109, Best val Loss: 0.0087, No improve: 5/10, Time: 51.6s
08/20/2026 20:31:44 - INFO - utils.trainer -   ***** Running regression evaluation on val0 dataset *****
08/20/2026 20:31:50 - INFO - utils.trainer -   Loss: 0.01301
08/20/2026 20:31:50 - INFO - utils.trainer -   MSE: 138.00230
08/20/2026 20:31:50 - INFO - utils.trainer -   MAE: 9.73462
08/20/2026 20:31:50 - INFO - utils.trainer -   RMSE: 11.74744
08/20/2026 20:31:50 - INFO - utils.trainer -   R2: -0.24431
08/20/2026 20:31:50 - INFO - utils.trainer -   PearsonR: 0.38738
08/20/2026 20:31:50 - INFO - utils.trainer -   Epoch: 29, Loss: 0.02757, Val loss: 0.01301, Val Loss: 0.0130, Best val Loss: 0.0087, No improve: 6/10, Time: 53.2s
08/20/2026 20:32:41 - INFO - utils.trainer -   ***** Running regression evaluation on val0 dataset *****
08/20/2026 20:32:47 - INFO - utils.trainer -   Loss: 0.01047
08/20/2026 20:32:47 - INFO - utils.trainer -   MSE: 111.15181
08/20/2026 20:32:47 - INFO - utils.trainer -   MAE: 8.71512
08/20/2026 20:32:47 - INFO - utils.trainer -   RMSE: 10.54286
08/20/2026 20:32:47 - INFO - utils.trainer -   R2: -0.00221
08/20/2026 20:32:47 - INFO - utils.trainer -   PearsonR: 0.33246
08/20/2026 20:32:47 - INFO - utils.trainer -   Epoch: 30, Loss: 0.03159, Val loss: 0.01047, Val Loss: 0.0105, Best val Loss: 0.0087, No improve: 7/10, Time: 51.5s
08/20/2026 20:33:38 - INFO - utils.trainer -   ***** Running regression evaluation on val0 dataset *****
08/20/2026 20:33:44 - INFO - utils.trainer -   Loss: 0.01006
08/20/2026 20:33:44 - INFO - utils.trainer -   MSE: 106.97136
08/20/2026 20:33:44 - INFO - utils.trainer -   MAE: 8.48088
08/20/2026 20:33:44 - INFO - utils.trainer -   RMSE: 10.34270
08/20/2026 20:33:44 - INFO - utils.trainer -   R2: 0.03549
08/20/2026 20:33:44 - INFO - utils.trainer -   PearsonR: 0.39794
08/20/2026 20:33:44 - INFO - utils.trainer -   Epoch: 31, Loss: 0.03412, Val loss: 0.01006, Val Loss: 0.0101, Best val Loss: 0.0087, No improve: 8/10, Time: 51.6s
08/20/2026 20:34:35 - INFO - utils.trainer -   ***** Running regression evaluation on val0 dataset *****
08/20/2026 20:34:41 - INFO - utils.trainer -   Loss: 0.01398
08/20/2026 20:34:41 - INFO - utils.trainer -   MSE: 148.31378
08/20/2026 20:34:41 - INFO - utils.trainer -   MAE: 10.07403
08/20/2026 20:34:41 - INFO - utils.trainer -   RMSE: 12.17841
08/20/2026 20:34:41 - INFO - utils.trainer -   R2: -0.33728
08/20/2026 20:34:41 - INFO - utils.trainer -   PearsonR: 0.35828
08/20/2026 20:34:41 - INFO - utils.trainer -   Epoch: 32, Loss: 0.03116, Val loss: 0.01398, Val Loss: 0.0140, Best val Loss: 0.0087, No improve: 9/10, Time: 51.5s
08/20/2026 20:35:32 - INFO - utils.trainer -   ***** Running regression evaluation on val0 dataset *****
08/20/2026 20:35:38 - INFO - utils.trainer -   Loss: 0.00913
08/20/2026 20:35:38 - INFO - utils.trainer -   MSE: 96.99216
08/20/2026 20:35:38 - INFO - utils.trainer -   MAE: 8.04584
08/20/2026 20:35:38 - INFO - utils.trainer -   RMSE: 9.84846
08/20/2026 20:35:38 - INFO - utils.trainer -   R2: 0.12547
08/20/2026 20:35:38 - INFO - utils.trainer -   PearsonR: 0.37972
08/20/2026 20:35:38 - INFO - utils.trainer -   Epoch: 33, Loss: 0.03127, Val loss: 0.00913, Val Loss: 0.0091, Best val Loss: 0.0087, No improve: 10/10, Time: 51.6s
08/20/2026 20:35:38 - INFO - utils.trainer -   Early stopping triggered at epoch 33
08/20/2026 20:35:38 - INFO - utils.trainer -   Early stopping triggered at epoch 33
08/20/2026 20:35:38 - INFO - utils.trainer -   Early stopping triggered at epoch 33
08/20/2026 20:35:38 - INFO - utils.trainer -   Early stopping triggered at epoch 33
08/20/2026 20:35:38 - INFO - utils.trainer -   Early stopping triggered at epoch 33
08/20/2026 20:35:38 - INFO - utils.trainer -   Early stopping triggered at epoch 33
08/20/2026 20:35:38 - INFO - utils.trainer -     2 prompt-buffer key(s) skipped (kept target-dataset prompt)
08/20/2026 20:35:38 - INFO - utils.trainer -     582 keys not in checkpoint (kept from init)
08/20/2026 20:35:38 - INFO - utils.trainer -   Model loaded from output_dir/TimeLLM_AgeCAUEEG_train/TimeLLM-0.bin (19/21 keys)
08/20/2026 20:35:38 - INFO - utils.trainer -   ***** Running regression evaluation on test0 dataset *****
08/20/2026 20:35:38 - INFO - utils.trainer -     2 prompt-buffer key(s) skipped (kept target-dataset prompt)
08/20/2026 20:35:38 - INFO - utils.trainer -     582 keys not in checkpoint (kept from init)
08/20/2026 20:35:38 - INFO - utils.trainer -   Model loaded from output_dir/TimeLLM_AgeCAUEEG_train/TimeLLM-0.bin (19/21 keys)
08/20/2026 20:35:38 - INFO - utils.trainer -     2 prompt-buffer key(s) skipped (kept target-dataset prompt)
08/20/2026 20:35:38 - INFO - utils.trainer -     582 keys not in checkpoint (kept from init)
08/20/2026 20:35:38 - INFO - utils.trainer -   Model loaded from output_dir/TimeLLM_AgeCAUEEG_train/TimeLLM-0.bin (19/21 keys)
08/20/2026 20:35:38 - INFO - utils.trainer -     2 prompt-buffer key(s) skipped (kept target-dataset prompt)
08/20/2026 20:35:38 - INFO - utils.trainer -     582 keys not in checkpoint (kept from init)
08/20/2026 20:35:38 - INFO - utils.trainer -   Model loaded from output_dir/TimeLLM_AgeCAUEEG_train/TimeLLM-0.bin (19/21 keys)
08/20/2026 20:35:38 - INFO - utils.trainer -     2 prompt-buffer key(s) skipped (kept target-dataset prompt)
08/20/2026 20:35:38 - INFO - utils.trainer -     582 keys not in checkpoint (kept from init)
08/20/2026 20:35:38 - INFO - utils.trainer -   Model loaded from output_dir/TimeLLM_AgeCAUEEG_train/TimeLLM-0.bin (19/21 keys)
08/20/2026 20:35:38 - INFO - utils.trainer -     2 prompt-buffer key(s) skipped (kept target-dataset prompt)
08/20/2026 20:35:38 - INFO - utils.trainer -     582 keys not in checkpoint (kept from init)
08/20/2026 20:35:38 - INFO - utils.trainer -   Model loaded from output_dir/TimeLLM_AgeCAUEEG_train/TimeLLM-0.bin (19/21 keys)
08/20/2026 20:35:43 - INFO - utils.trainer -   Loss: 0.00837
08/20/2026 20:35:43 - INFO - utils.trainer -   MSE: 89.18602
08/20/2026 20:35:43 - INFO - utils.trainer -   MAE: 7.68317
08/20/2026 20:35:43 - INFO - utils.trainer -   RMSE: 9.44384
08/20/2026 20:35:43 - INFO - utils.trainer -   R2: 0.11062
08/20/2026 20:35:43 - INFO - utils.trainer -   PearsonR: 0.34534
08/20/2026 20:35:43 - INFO - utils.trainer -   === Best epoch test result ===
08/20/2026 20:35:43 - INFO - utils.trainer -     Loss: 0.00837
08/20/2026 20:35:43 - INFO - utils.trainer -     MSE: 89.18602
08/20/2026 20:35:43 - INFO - utils.trainer -     MAE: 7.68317
08/20/2026 20:35:43 - INFO - utils.trainer -     RMSE: 9.44384
08/20/2026 20:35:43 - INFO - utils.trainer -     R2: 0.11062
08/20/2026 20:35:43 - INFO - utils.trainer -     PearsonR: 0.34534
08/20/2026 20:35:44 - INFO - utils.trainer -   Model saved to output_dir/TimeLLM_AgeCAUEEG_train/final-epoch-200
08/20/2026 20:35:44 - INFO - utils.trainer -   Final model saved at epoch 200
