08/19/2026 00:37:41 - INFO - __main__ -   ########## Repeat:0 ##########
08/19/2026 00:37:41 - INFO - utils.trainer -   ***** Running training *****
08/19/2026 00:37:41 - INFO - utils.trainer -     Num examples = 161
08/19/2026 00:37:41 - INFO - utils.trainer -     Num Epochs = 200
08/19/2026 00:37:41 - INFO - utils.trainer -     Total train batch size = 4
08/19/2026 00:37:41 - INFO - utils.trainer -     warmup steps = 400
08/19/2026 00:37:41 - INFO - utils.trainer -     Total optimization steps = 32200
08/19/2026 00:37:41 - INFO - utils.trainer -     Save steps = 25
08/19/2026 00:38:34 - INFO - utils.trainer -   ***** Running regression evaluation on val0 dataset *****
08/19/2026 00:38:40 - INFO - utils.trainer -   Loss: 0.03542
08/19/2026 00:38:40 - INFO - utils.trainer -   MSE: 375.14548
08/19/2026 00:38:40 - INFO - utils.trainer -   MAE: 15.34607
08/19/2026 00:38:40 - INFO - utils.trainer -   RMSE: 19.36867
08/19/2026 00:38:40 - INFO - utils.trainer -   R2: -2.38252
08/19/2026 00:38:40 - INFO - utils.trainer -   PearsonR: 0.06477
08/19/2026 00:38:41 - INFO - utils.trainer -   Model saved to output_dir/TimeLLM_AgeCAUEEG_train
08/19/2026 00:38:41 - INFO - utils.trainer -   Best model saved (val_Loss=0.0354)
08/19/2026 00:38:41 - INFO - utils.trainer -   Epoch: 1, Loss: 0.15917, Val loss: 0.03542, Val Loss: 0.0354, Best val Loss: 0.0354, No improve: 0/10, Time: 53.7s
08/19/2026 00:39:35 - INFO - utils.trainer -   ***** Running regression evaluation on val0 dataset *****
08/19/2026 00:39:40 - INFO - utils.trainer -   Loss: 0.03621
08/19/2026 00:39:40 - INFO - utils.trainer -   MSE: 389.16885
08/19/2026 00:39:40 - INFO - utils.trainer -   MAE: 15.75467
08/19/2026 00:39:40 - INFO - utils.trainer -   RMSE: 19.72736
08/19/2026 00:39:40 - INFO - utils.trainer -   R2: -2.50896
08/19/2026 00:39:40 - INFO - utils.trainer -   PearsonR: 0.04238
08/19/2026 00:39:40 - INFO - utils.trainer -   Epoch: 2, Loss: 0.09032, Val loss: 0.03621, Val Loss: 0.0362, Best val Loss: 0.0354, No improve: 1/10, Time: 53.9s
08/19/2026 00:40:33 - INFO - utils.trainer -   ***** Running regression evaluation on val0 dataset *****
08/19/2026 00:40:39 - INFO - utils.trainer -   Loss: 0.02665
08/19/2026 00:40:39 - INFO - utils.trainer -   MSE: 285.14709
08/19/2026 00:40:39 - INFO - utils.trainer -   MAE: 13.28290
08/19/2026 00:40:39 - INFO - utils.trainer -   RMSE: 16.88630
08/19/2026 00:40:39 - INFO - utils.trainer -   R2: -1.57104
08/19/2026 00:40:39 - INFO - utils.trainer -   PearsonR: 0.05359
08/19/2026 00:40:40 - INFO - utils.trainer -   Model saved to output_dir/TimeLLM_AgeCAUEEG_train
08/19/2026 00:40:40 - INFO - utils.trainer -   Best model saved (val_Loss=0.0266)
08/19/2026 00:40:40 - INFO - utils.trainer -   Epoch: 3, Loss: 0.05008, Val loss: 0.02665, Val Loss: 0.0266, Best val Loss: 0.0266, No improve: 0/10, Time: 53.1s
08/19/2026 00:41:33 - INFO - utils.trainer -   ***** Running regression evaluation on val0 dataset *****
08/19/2026 00:41:39 - INFO - utils.trainer -   Loss: 0.02428
08/19/2026 00:41:39 - INFO - utils.trainer -   MSE: 259.08057
08/19/2026 00:41:39 - INFO - utils.trainer -   MAE: 12.58076
08/19/2026 00:41:39 - INFO - utils.trainer -   RMSE: 16.09598
08/19/2026 00:41:39 - INFO - utils.trainer -   R2: -1.33601
08/19/2026 00:41:39 - INFO - utils.trainer -   PearsonR: 0.09451
08/19/2026 00:41:40 - INFO - utils.trainer -   Model saved to output_dir/TimeLLM_AgeCAUEEG_train
08/19/2026 00:41:40 - INFO - utils.trainer -   Best model saved (val_Loss=0.0243)
08/19/2026 00:41:40 - INFO - utils.trainer -   Epoch: 4, Loss: 0.04120, Val loss: 0.02428, Val Loss: 0.0243, Best val Loss: 0.0243, No improve: 0/10, Time: 53.2s
08/19/2026 00:42:33 - INFO - utils.trainer -   ***** Running regression evaluation on val0 dataset *****
08/19/2026 00:42:39 - INFO - utils.trainer -   Loss: 0.02145
08/19/2026 00:42:39 - INFO - utils.trainer -   MSE: 229.17912
08/19/2026 00:42:39 - INFO - utils.trainer -   MAE: 11.87464
08/19/2026 00:42:39 - INFO - utils.trainer -   RMSE: 15.13866
08/19/2026 00:42:39 - INFO - utils.trainer -   R2: -1.06641
08/19/2026 00:42:39 - INFO - utils.trainer -   PearsonR: 0.08060
08/19/2026 00:42:40 - INFO - utils.trainer -   Model saved to output_dir/TimeLLM_AgeCAUEEG_train
08/19/2026 00:42:40 - INFO - utils.trainer -   Best model saved (val_Loss=0.0215)
08/19/2026 00:42:40 - INFO - utils.trainer -   Epoch: 5, Loss: 0.03591, Val loss: 0.02145, Val Loss: 0.0215, Best val Loss: 0.0215, No improve: 0/10, Time: 53.1s
08/19/2026 00:43:33 - INFO - utils.trainer -   ***** Running regression evaluation on val0 dataset *****
08/19/2026 00:43:38 - INFO - utils.trainer -   Loss: 0.01479
08/19/2026 00:43:38 - INFO - utils.trainer -   MSE: 156.83745
08/19/2026 00:43:38 - INFO - utils.trainer -   MAE: 10.14675
08/19/2026 00:43:38 - INFO - utils.trainer -   RMSE: 12.52348
08/19/2026 00:43:38 - INFO - utils.trainer -   R2: -0.41413
08/19/2026 00:43:38 - INFO - utils.trainer -   PearsonR: 0.17182
08/19/2026 00:43:39 - INFO - utils.trainer -   Model saved to output_dir/TimeLLM_AgeCAUEEG_train
08/19/2026 00:43:39 - INFO - utils.trainer -   Best model saved (val_Loss=0.0148)
08/19/2026 00:43:39 - INFO - utils.trainer -   Epoch: 6, Loss: 0.03933, Val loss: 0.01479, Val Loss: 0.0148, Best val Loss: 0.0148, No improve: 0/10, Time: 53.1s
08/19/2026 00:44:33 - INFO - utils.trainer -   ***** Running regression evaluation on val0 dataset *****
08/19/2026 00:44:38 - INFO - utils.trainer -   Loss: 0.01377
08/19/2026 00:44:38 - INFO - utils.trainer -   MSE: 146.79756
08/19/2026 00:44:38 - INFO - utils.trainer -   MAE: 9.73011
08/19/2026 00:44:38 - INFO - utils.trainer -   RMSE: 12.11600
08/19/2026 00:44:38 - INFO - utils.trainer -   R2: -0.32361
08/19/2026 00:44:38 - INFO - utils.trainer -   PearsonR: 0.18312
08/19/2026 00:44:39 - INFO - utils.trainer -   Model saved to output_dir/TimeLLM_AgeCAUEEG_train
08/19/2026 00:44:39 - INFO - utils.trainer -   Best model saved (val_Loss=0.0138)
08/19/2026 00:44:39 - INFO - utils.trainer -   Epoch: 7, Loss: 0.03111, Val loss: 0.01377, Val Loss: 0.0138, Best val Loss: 0.0138, No improve: 0/10, Time: 53.2s
08/19/2026 00:45:33 - INFO - utils.trainer -   ***** Running regression evaluation on val0 dataset *****
08/19/2026 00:45:38 - INFO - utils.trainer -   Loss: 0.01341
08/19/2026 00:45:38 - INFO - utils.trainer -   MSE: 142.29381
08/19/2026 00:45:38 - INFO - utils.trainer -   MAE: 9.65467
08/19/2026 00:45:38 - INFO - utils.trainer -   RMSE: 11.92870
08/19/2026 00:45:38 - INFO - utils.trainer -   R2: -0.28300
08/19/2026 00:45:38 - INFO - utils.trainer -   PearsonR: 0.13499
08/19/2026 00:45:39 - INFO - utils.trainer -   Model saved to output_dir/TimeLLM_AgeCAUEEG_train
08/19/2026 00:45:39 - INFO - utils.trainer -   Best model saved (val_Loss=0.0134)
08/19/2026 00:45:39 - INFO - utils.trainer -   Epoch: 8, Loss: 0.03489, Val loss: 0.01341, Val Loss: 0.0134, Best val Loss: 0.0134, No improve: 0/10, Time: 53.2s
08/19/2026 00:46:32 - INFO - utils.trainer -   ***** Running regression evaluation on val0 dataset *****
08/19/2026 00:46:38 - INFO - utils.trainer -   Loss: 0.01342
08/19/2026 00:46:38 - INFO - utils.trainer -   MSE: 140.67384
08/19/2026 00:46:38 - INFO - utils.trainer -   MAE: 9.43173
08/19/2026 00:46:38 - INFO - utils.trainer -   RMSE: 11.86060
08/19/2026 00:46:38 - INFO - utils.trainer -   R2: -0.26839
08/19/2026 00:46:38 - INFO - utils.trainer -   PearsonR: 0.13539
08/19/2026 00:46:38 - INFO - utils.trainer -   Epoch: 9, Loss: 0.03589, Val loss: 0.01342, Val Loss: 0.0134, Best val Loss: 0.0134, No improve: 1/10, Time: 53.1s
08/19/2026 00:47:31 - INFO - utils.trainer -   ***** Running regression evaluation on val0 dataset *****
08/19/2026 00:47:38 - INFO - utils.trainer -   Loss: 0.01657
08/19/2026 00:47:38 - INFO - utils.trainer -   MSE: 174.28503
08/19/2026 00:47:38 - INFO - utils.trainer -   MAE: 10.67127
08/19/2026 00:47:38 - INFO - utils.trainer -   RMSE: 13.20171
08/19/2026 00:47:38 - INFO - utils.trainer -   R2: -0.57145
08/19/2026 00:47:38 - INFO - utils.trainer -   PearsonR: 0.15071
08/19/2026 00:47:38 - INFO - utils.trainer -   Epoch: 10, Loss: 0.03140, Val loss: 0.01657, Val Loss: 0.0166, Best val Loss: 0.0134, No improve: 2/10, Time: 53.4s
08/19/2026 00:48:31 - INFO - utils.trainer -   ***** Running regression evaluation on val0 dataset *****
08/19/2026 00:48:36 - INFO - utils.trainer -   Loss: 0.01384
08/19/2026 00:48:36 - INFO - utils.trainer -   MSE: 146.71776
08/19/2026 00:48:36 - INFO - utils.trainer -   MAE: 9.80212
08/19/2026 00:48:36 - INFO - utils.trainer -   RMSE: 12.11271
08/19/2026 00:48:36 - INFO - utils.trainer -   R2: -0.32289
08/19/2026 00:48:36 - INFO - utils.trainer -   PearsonR: 0.22921
08/19/2026 00:48:36 - INFO - utils.trainer -   Epoch: 11, Loss: 0.03267, Val loss: 0.01384, Val Loss: 0.0138, Best val Loss: 0.0134, No improve: 3/10, Time: 53.2s
08/19/2026 00:49:29 - INFO - utils.trainer -   ***** Running regression evaluation on val0 dataset *****
08/19/2026 00:49:35 - INFO - utils.trainer -   Loss: 0.01479
08/19/2026 00:49:35 - INFO - utils.trainer -   MSE: 156.48572
08/19/2026 00:49:35 - INFO - utils.trainer -   MAE: 10.11948
08/19/2026 00:49:35 - INFO - utils.trainer -   RMSE: 12.50943
08/19/2026 00:49:35 - INFO - utils.trainer -   R2: -0.41096
08/19/2026 00:49:35 - INFO - utils.trainer -   PearsonR: 0.18255
08/19/2026 00:49:35 - INFO - utils.trainer -   Epoch: 12, Loss: 0.02606, Val loss: 0.01479, Val Loss: 0.0148, Best val Loss: 0.0134, No improve: 4/10, Time: 53.2s
08/19/2026 00:50:28 - INFO - utils.trainer -   ***** Running regression evaluation on val0 dataset *****
08/19/2026 00:50:34 - INFO - utils.trainer -   Loss: 0.01276
08/19/2026 00:50:34 - INFO - utils.trainer -   MSE: 135.37546
08/19/2026 00:50:34 - INFO - utils.trainer -   MAE: 9.41326
08/19/2026 00:50:34 - INFO - utils.trainer -   RMSE: 11.63510
08/19/2026 00:50:34 - INFO - utils.trainer -   R2: -0.22062
08/19/2026 00:50:34 - INFO - utils.trainer -   PearsonR: 0.18986
08/19/2026 00:50:35 - INFO - utils.trainer -   Model saved to output_dir/TimeLLM_AgeCAUEEG_train
08/19/2026 00:50:35 - INFO - utils.trainer -   Best model saved (val_Loss=0.0128)
08/19/2026 00:50:35 - INFO - utils.trainer -   Epoch: 13, Loss: 0.02795, Val loss: 0.01276, Val Loss: 0.0128, Best val Loss: 0.0128, No improve: 0/10, Time: 53.2s
08/19/2026 00:51:29 - INFO - utils.trainer -   ***** Running regression evaluation on val0 dataset *****
08/19/2026 00:51:34 - INFO - utils.trainer -   Loss: 0.01298
08/19/2026 00:51:34 - INFO - utils.trainer -   MSE: 136.79497
08/19/2026 00:51:34 - INFO - utils.trainer -   MAE: 9.50345
08/19/2026 00:51:34 - INFO - utils.trainer -   RMSE: 11.69594
08/19/2026 00:51:34 - INFO - utils.trainer -   R2: -0.23342
08/19/2026 00:51:34 - INFO - utils.trainer -   PearsonR: 0.21594
08/19/2026 00:51:34 - INFO - utils.trainer -   Epoch: 14, Loss: 0.02972, Val loss: 0.01298, Val Loss: 0.0130, Best val Loss: 0.0128, No improve: 1/10, Time: 53.2s
08/19/2026 00:52:27 - INFO - utils.trainer -   ***** Running regression evaluation on val0 dataset *****
08/19/2026 00:52:33 - INFO - utils.trainer -   Loss: 0.01944
08/19/2026 00:52:33 - INFO - utils.trainer -   MSE: 205.09464
08/19/2026 00:52:33 - INFO - utils.trainer -   MAE: 11.71865
08/19/2026 00:52:33 - INFO - utils.trainer -   RMSE: 14.32113
08/19/2026 00:52:33 - INFO - utils.trainer -   R2: -0.84925
08/19/2026 00:52:33 - INFO - utils.trainer -   PearsonR: 0.20004
08/19/2026 00:52:33 - INFO - utils.trainer -   Epoch: 15, Loss: 0.02972, Val loss: 0.01944, Val Loss: 0.0194, Best val Loss: 0.0128, No improve: 2/10, Time: 53.3s
08/19/2026 00:53:27 - INFO - utils.trainer -   ***** Running regression evaluation on val0 dataset *****
08/19/2026 00:53:33 - INFO - utils.trainer -   Loss: 0.01783
08/19/2026 00:53:33 - INFO - utils.trainer -   MSE: 188.06442
08/19/2026 00:53:33 - INFO - utils.trainer -   MAE: 11.18990
08/19/2026 00:53:33 - INFO - utils.trainer -   RMSE: 13.71366
08/19/2026 00:53:33 - INFO - utils.trainer -   R2: -0.69569
08/19/2026 00:53:33 - INFO - utils.trainer -   PearsonR: 0.13040
08/19/2026 00:53:33 - INFO - utils.trainer -   Epoch: 16, Loss: 0.02879, Val loss: 0.01783, Val Loss: 0.0178, Best val Loss: 0.0128, No improve: 3/10, Time: 54.0s
08/19/2026 00:54:26 - INFO - utils.trainer -   ***** Running regression evaluation on val0 dataset *****
08/19/2026 00:54:32 - INFO - utils.trainer -   Loss: 0.01186
08/19/2026 00:54:32 - INFO - utils.trainer -   MSE: 126.01768
08/19/2026 00:54:32 - INFO - utils.trainer -   MAE: 8.94047
08/19/2026 00:54:32 - INFO - utils.trainer -   RMSE: 11.22576
08/19/2026 00:54:32 - INFO - utils.trainer -   R2: -0.13625
08/19/2026 00:54:32 - INFO - utils.trainer -   PearsonR: 0.24475
08/19/2026 00:54:33 - INFO - utils.trainer -   Model saved to output_dir/TimeLLM_AgeCAUEEG_train
08/19/2026 00:54:33 - INFO - utils.trainer -   Best model saved (val_Loss=0.0119)
08/19/2026 00:54:33 - INFO - utils.trainer -   Epoch: 17, Loss: 0.02638, Val loss: 0.01186, Val Loss: 0.0119, Best val Loss: 0.0119, No improve: 0/10, Time: 53.2s
08/19/2026 00:55:26 - INFO - utils.trainer -   ***** Running regression evaluation on val0 dataset *****
08/19/2026 00:55:32 - INFO - utils.trainer -   Loss: 0.01348
08/19/2026 00:55:32 - INFO - utils.trainer -   MSE: 142.61592
08/19/2026 00:55:32 - INFO - utils.trainer -   MAE: 9.49332
08/19/2026 00:55:32 - INFO - utils.trainer -   RMSE: 11.94219
08/19/2026 00:55:32 - INFO - utils.trainer -   R2: -0.28590
08/19/2026 00:55:32 - INFO - utils.trainer -   PearsonR: 0.21060
08/19/2026 00:55:32 - INFO - utils.trainer -   Epoch: 18, Loss: 0.02316, Val loss: 0.01348, Val Loss: 0.0135, Best val Loss: 0.0119, No improve: 1/10, Time: 53.3s
08/19/2026 00:56:25 - INFO - utils.trainer -   ***** Running regression evaluation on val0 dataset *****
08/19/2026 00:56:31 - INFO - utils.trainer -   Loss: 0.01338
08/19/2026 00:56:31 - INFO - utils.trainer -   MSE: 141.05023
08/19/2026 00:56:31 - INFO - utils.trainer -   MAE: 9.50859
08/19/2026 00:56:31 - INFO - utils.trainer -   RMSE: 11.87646
08/19/2026 00:56:31 - INFO - utils.trainer -   R2: -0.27179
08/19/2026 00:56:31 - INFO - utils.trainer -   PearsonR: 0.16420
08/19/2026 00:56:31 - INFO - utils.trainer -   Epoch: 19, Loss: 0.02732, Val loss: 0.01338, Val Loss: 0.0134, Best val Loss: 0.0119, No improve: 2/10, Time: 53.3s
08/19/2026 00:57:24 - INFO - utils.trainer -   ***** Running regression evaluation on val0 dataset *****
08/19/2026 00:57:30 - INFO - utils.trainer -   Loss: 0.01477
08/19/2026 00:57:30 - INFO - utils.trainer -   MSE: 155.04443
08/19/2026 00:57:30 - INFO - utils.trainer -   MAE: 10.10623
08/19/2026 00:57:30 - INFO - utils.trainer -   RMSE: 12.45168
08/19/2026 00:57:30 - INFO - utils.trainer -   R2: -0.39797
08/19/2026 00:57:30 - INFO - utils.trainer -   PearsonR: 0.18554
08/19/2026 00:57:30 - INFO - utils.trainer -   Epoch: 20, Loss: 0.02475, Val loss: 0.01477, Val Loss: 0.0148, Best val Loss: 0.0119, No improve: 3/10, Time: 53.3s
08/19/2026 00:58:23 - INFO - utils.trainer -   ***** Running regression evaluation on val0 dataset *****
08/19/2026 00:58:28 - INFO - utils.trainer -   Loss: 0.01417
08/19/2026 00:58:28 - INFO - utils.trainer -   MSE: 149.49352
08/19/2026 00:58:28 - INFO - utils.trainer -   MAE: 9.83297
08/19/2026 00:58:28 - INFO - utils.trainer -   RMSE: 12.22675
08/19/2026 00:58:28 - INFO - utils.trainer -   R2: -0.34792
08/19/2026 00:58:28 - INFO - utils.trainer -   PearsonR: 0.15918
08/19/2026 00:58:28 - INFO - utils.trainer -   Epoch: 21, Loss: 0.02603, Val loss: 0.01417, Val Loss: 0.0142, Best val Loss: 0.0119, No improve: 4/10, Time: 53.3s
08/19/2026 00:59:22 - INFO - utils.trainer -   ***** Running regression evaluation on val0 dataset *****
08/19/2026 00:59:27 - INFO - utils.trainer -   Loss: 0.01273
08/19/2026 00:59:27 - INFO - utils.trainer -   MSE: 132.95383
08/19/2026 00:59:27 - INFO - utils.trainer -   MAE: 9.25368
08/19/2026 00:59:27 - INFO - utils.trainer -   RMSE: 11.53056
08/19/2026 00:59:27 - INFO - utils.trainer -   R2: -0.19879
08/19/2026 00:59:27 - INFO - utils.trainer -   PearsonR: 0.22052
08/19/2026 00:59:27 - INFO - utils.trainer -   Epoch: 22, Loss: 0.02793, Val loss: 0.01273, Val Loss: 0.0127, Best val Loss: 0.0119, No improve: 5/10, Time: 53.3s
08/19/2026 01:00:20 - INFO - utils.trainer -   ***** Running regression evaluation on val0 dataset *****
08/19/2026 01:00:26 - INFO - utils.trainer -   Loss: 0.01443
08/19/2026 01:00:26 - INFO - utils.trainer -   MSE: 150.04730
08/19/2026 01:00:26 - INFO - utils.trainer -   MAE: 9.74213
08/19/2026 01:00:26 - INFO - utils.trainer -   RMSE: 12.24938
08/19/2026 01:00:26 - INFO - utils.trainer -   R2: -0.35291
08/19/2026 01:00:26 - INFO - utils.trainer -   PearsonR: 0.13828
08/19/2026 01:00:26 - INFO - utils.trainer -   Epoch: 23, Loss: 0.02812, Val loss: 0.01443, Val Loss: 0.0144, Best val Loss: 0.0119, No improve: 6/10, Time: 53.2s
08/19/2026 01:01:19 - INFO - utils.trainer -   ***** Running regression evaluation on val0 dataset *****
08/19/2026 01:01:25 - INFO - utils.trainer -   Loss: 0.01727
08/19/2026 01:01:25 - INFO - utils.trainer -   MSE: 182.78317
08/19/2026 01:01:25 - INFO - utils.trainer -   MAE: 10.96009
08/19/2026 01:01:25 - INFO - utils.trainer -   RMSE: 13.51973
08/19/2026 01:01:25 - INFO - utils.trainer -   R2: -0.64807
08/19/2026 01:01:25 - INFO - utils.trainer -   PearsonR: 0.19390
08/19/2026 01:01:25 - INFO - utils.trainer -   Epoch: 24, Loss: 0.02767, Val loss: 0.01727, Val Loss: 0.0173, Best val Loss: 0.0119, No improve: 7/10, Time: 53.2s
08/19/2026 01:02:18 - INFO - utils.trainer -   ***** Running regression evaluation on val0 dataset *****
08/19/2026 01:02:23 - INFO - utils.trainer -   Loss: 0.01428
08/19/2026 01:02:23 - INFO - utils.trainer -   MSE: 150.06546
08/19/2026 01:02:23 - INFO - utils.trainer -   MAE: 9.84836
08/19/2026 01:02:23 - INFO - utils.trainer -   RMSE: 12.25012
08/19/2026 01:02:23 - INFO - utils.trainer -   R2: -0.35307
08/19/2026 01:02:23 - INFO - utils.trainer -   PearsonR: 0.16705
08/19/2026 01:02:25 - INFO - utils.trainer -   Model saved to output_dir/TimeLLM_AgeCAUEEG_train/checkpoint-epoch-25
08/19/2026 01:02:25 - INFO - utils.trainer -   Checkpoint saved at epoch 25
08/19/2026 01:02:25 - INFO - utils.trainer -   Epoch: 25, Loss: 0.02437, Val loss: 0.01428, Val Loss: 0.0143, Best val Loss: 0.0119, No improve: 8/10, Time: 53.2s
08/19/2026 01:03:18 - INFO - utils.trainer -   ***** Running regression evaluation on val0 dataset *****
08/19/2026 01:03:24 - INFO - utils.trainer -   Loss: 0.01668
08/19/2026 01:03:24 - INFO - utils.trainer -   MSE: 176.79979
08/19/2026 01:03:24 - INFO - utils.trainer -   MAE: 10.73558
08/19/2026 01:03:24 - INFO - utils.trainer -   RMSE: 13.29661
08/19/2026 01:03:24 - INFO - utils.trainer -   R2: -0.59412
08/19/2026 01:03:24 - INFO - utils.trainer -   PearsonR: 0.17705
08/19/2026 01:03:24 - INFO - utils.trainer -   Epoch: 26, Loss: 0.02900, Val loss: 0.01668, Val Loss: 0.0167, Best val Loss: 0.0119, No improve: 9/10, Time: 53.3s
08/19/2026 01:04:17 - INFO - utils.trainer -   ***** Running regression evaluation on val0 dataset *****
08/19/2026 01:04:23 - INFO - utils.trainer -   Loss: 0.01982
08/19/2026 01:04:23 - INFO - utils.trainer -   MSE: 209.30974
08/19/2026 01:04:23 - INFO - utils.trainer -   MAE: 11.74916
08/19/2026 01:04:23 - INFO - utils.trainer -   RMSE: 14.46754
08/19/2026 01:04:23 - INFO - utils.trainer -   R2: -0.88725
08/19/2026 01:04:23 - INFO - utils.trainer -   PearsonR: 0.15735
08/19/2026 01:04:23 - INFO - utils.trainer -   Epoch: 27, Loss: 0.02281, Val loss: 0.01982, Val Loss: 0.0198, Best val Loss: 0.0119, No improve: 10/10, Time: 53.6s
08/19/2026 01:04:23 - INFO - utils.trainer -   Early stopping triggered at epoch 27
08/19/2026 01:04:23 - INFO - utils.trainer -   Early stopping triggered at epoch 27
08/19/2026 01:04:23 - INFO - utils.trainer -   Early stopping triggered at epoch 27
08/19/2026 01:04:23 - INFO - utils.trainer -   Early stopping triggered at epoch 27
08/19/2026 01:04:23 - INFO - utils.trainer -   Early stopping triggered at epoch 27
08/19/2026 01:04:23 - INFO - utils.trainer -   Early stopping triggered at epoch 27
08/19/2026 01:04:23 - INFO - utils.trainer -     2 prompt-buffer key(s) skipped (kept target-dataset prompt)
08/19/2026 01:04:23 - INFO - utils.trainer -     582 keys not in checkpoint (kept from init)
08/19/2026 01:04:23 - INFO - utils.trainer -   Model loaded from output_dir/TimeLLM_AgeCAUEEG_train/TimeLLM-0.bin (19/21 keys)
08/19/2026 01:04:23 - INFO - utils.trainer -     2 prompt-buffer key(s) skipped (kept target-dataset prompt)
08/19/2026 01:04:23 - INFO - utils.trainer -     582 keys not in checkpoint (kept from init)
08/19/2026 01:04:23 - INFO - utils.trainer -   Model loaded from output_dir/TimeLLM_AgeCAUEEG_train/TimeLLM-0.bin (19/21 keys)
08/19/2026 01:04:23 - INFO - utils.trainer -     2 prompt-buffer key(s) skipped (kept target-dataset prompt)
08/19/2026 01:04:23 - INFO - utils.trainer -     582 keys not in checkpoint (kept from init)
08/19/2026 01:04:23 - INFO - utils.trainer -   Model loaded from output_dir/TimeLLM_AgeCAUEEG_train/TimeLLM-0.bin (19/21 keys)
08/19/2026 01:04:23 - INFO - utils.trainer -   ***** Running regression evaluation on test0 dataset *****
08/19/2026 01:04:23 - INFO - utils.trainer -     2 prompt-buffer key(s) skipped (kept target-dataset prompt)
08/19/2026 01:04:23 - INFO - utils.trainer -     582 keys not in checkpoint (kept from init)
08/19/2026 01:04:23 - INFO - utils.trainer -   Model loaded from output_dir/TimeLLM_AgeCAUEEG_train/TimeLLM-0.bin (19/21 keys)
08/19/2026 01:04:23 - INFO - utils.trainer -     2 prompt-buffer key(s) skipped (kept target-dataset prompt)
08/19/2026 01:04:23 - INFO - utils.trainer -     582 keys not in checkpoint (kept from init)
08/19/2026 01:04:23 - INFO - utils.trainer -   Model loaded from output_dir/TimeLLM_AgeCAUEEG_train/TimeLLM-0.bin (19/21 keys)
08/19/2026 01:04:23 - INFO - utils.trainer -     2 prompt-buffer key(s) skipped (kept target-dataset prompt)
08/19/2026 01:04:23 - INFO - utils.trainer -     582 keys not in checkpoint (kept from init)
08/19/2026 01:04:23 - INFO - utils.trainer -   Model loaded from output_dir/TimeLLM_AgeCAUEEG_train/TimeLLM-0.bin (19/21 keys)
08/19/2026 01:04:29 - INFO - utils.trainer -   Loss: 0.01154
08/19/2026 01:04:29 - INFO - utils.trainer -   MSE: 122.88470
08/19/2026 01:04:29 - INFO - utils.trainer -   MAE: 8.92484
08/19/2026 01:04:29 - INFO - utils.trainer -   RMSE: 11.08534
08/19/2026 01:04:29 - INFO - utils.trainer -   R2: -0.22543
08/19/2026 01:04:29 - INFO - utils.trainer -   PearsonR: 0.21652
08/19/2026 01:04:29 - INFO - utils.trainer -   === Best epoch test result ===
08/19/2026 01:04:29 - INFO - utils.trainer -     Loss: 0.01154
08/19/2026 01:04:29 - INFO - utils.trainer -     MSE: 122.88470
08/19/2026 01:04:29 - INFO - utils.trainer -     MAE: 8.92484
08/19/2026 01:04:29 - INFO - utils.trainer -     RMSE: 11.08534
08/19/2026 01:04:29 - INFO - utils.trainer -     R2: -0.22543
08/19/2026 01:04:29 - INFO - utils.trainer -     PearsonR: 0.21652
08/19/2026 01:04:29 - INFO - utils.trainer -   Model saved to output_dir/TimeLLM_AgeCAUEEG_train/final-epoch-200
08/19/2026 01:04:29 - INFO - utils.trainer -   Final model saved at epoch 200
