07/27/2026 21:21:49 - INFO - __main__ -   ########## Repeat:0 ##########
07/27/2026 21:21:49 - INFO - utils.trainer -   ***** Running training *****
07/27/2026 21:21:49 - INFO - utils.trainer -     Num examples = 65
07/27/2026 21:21:49 - INFO - utils.trainer -     Num Epochs = 200
07/27/2026 21:21:49 - INFO - utils.trainer -     Total train batch size = 4
07/27/2026 21:21:49 - INFO - utils.trainer -     warmup steps = 400
07/27/2026 21:21:49 - INFO - utils.trainer -     Total optimization steps = 13000
07/27/2026 21:21:49 - INFO - utils.trainer -     Save steps = 200
07/27/2026 21:21:51 - INFO - utils.trainer -   ***** Running evaluation on val dataset *****
07/27/2026 21:21:51 - INFO - utils.trainer -   Loss: 0.71691
07/27/2026 21:21:51 - INFO - utils.trainer -   AUC: 0.38593
07/27/2026 21:21:51 - INFO - utils.trainer -   Accuracy: 0.44048
07/27/2026 21:21:51 - INFO - utils.trainer -   Precision: 0.44048
07/27/2026 21:21:51 - INFO - utils.trainer -   Recall: 1.00000
07/27/2026 21:21:51 - INFO - utils.trainer -   F_score: 0.61157
07/27/2026 21:21:51 - INFO - utils.trainer -   Specificity: 0.00000
07/27/2026 21:21:51 - INFO - utils.trainer -   Sensitivity: 0.00000
07/27/2026 21:21:51 - INFO - utils.trainer -   ***** Running evaluation on test dataset *****
07/27/2026 21:21:52 - INFO - utils.trainer -   Loss: 0.67676
07/27/2026 21:21:52 - INFO - utils.trainer -   AUC: 0.51329
07/27/2026 21:21:52 - INFO - utils.trainer -   Accuracy: 0.60714
07/27/2026 21:21:52 - INFO - utils.trainer -   Precision: 0.60714
07/27/2026 21:21:52 - INFO - utils.trainer -   Recall: 1.00000
07/27/2026 21:21:52 - INFO - utils.trainer -   F_score: 0.75556
07/27/2026 21:21:52 - INFO - utils.trainer -   Specificity: 0.00000
07/27/2026 21:21:52 - INFO - utils.trainer -   Sensitivity: 0.00000
07/27/2026 21:21:52 - INFO - utils.trainer -   Model saved to output_dir/BrainNetCNN
07/27/2026 21:21:52 - INFO - utils.trainer -   Best model saved (val_loss=0.7169, test_acc=0.6071)
07/27/2026 21:21:52 - INFO - utils.trainer -   Epoch: 1, Loss: 0.68903, Val loss: 0.71691, Test loss: 0.67676, Val Acc: 0.4405, Best val loss: 0.7169, No improve: 0/20, Time: 1.7s
07/27/2026 21:21:53 - INFO - utils.trainer -   ***** Running evaluation on val dataset *****
07/27/2026 21:21:54 - INFO - utils.trainer -   Loss: 0.71326
07/27/2026 21:21:54 - INFO - utils.trainer -   AUC: 0.43107
07/27/2026 21:21:54 - INFO - utils.trainer -   Accuracy: 0.44048
07/27/2026 21:21:54 - INFO - utils.trainer -   Precision: 0.44048
07/27/2026 21:21:54 - INFO - utils.trainer -   Recall: 1.00000
07/27/2026 21:21:54 - INFO - utils.trainer -   F_score: 0.61157
07/27/2026 21:21:54 - INFO - utils.trainer -   Specificity: 0.00000
07/27/2026 21:21:54 - INFO - utils.trainer -   Sensitivity: 0.00000
07/27/2026 21:21:54 - INFO - utils.trainer -   ***** Running evaluation on test dataset *****
07/27/2026 21:21:54 - INFO - utils.trainer -   Loss: 0.67462
07/27/2026 21:21:54 - INFO - utils.trainer -   AUC: 0.54620
07/27/2026 21:21:54 - INFO - utils.trainer -   Accuracy: 0.60714
07/27/2026 21:21:54 - INFO - utils.trainer -   Precision: 0.60714
07/27/2026 21:21:54 - INFO - utils.trainer -   Recall: 1.00000
07/27/2026 21:21:54 - INFO - utils.trainer -   F_score: 0.75556
07/27/2026 21:21:54 - INFO - utils.trainer -   Specificity: 0.00000
07/27/2026 21:21:54 - INFO - utils.trainer -   Sensitivity: 0.00000
07/27/2026 21:21:54 - INFO - utils.trainer -   Model saved to output_dir/BrainNetCNN
07/27/2026 21:21:54 - INFO - utils.trainer -   Best model saved (val_loss=0.7133, test_acc=0.6071)
07/27/2026 21:21:54 - INFO - utils.trainer -   Epoch: 2, Loss: 0.68939, Val loss: 0.71326, Test loss: 0.67462, Val Acc: 0.4405, Best val loss: 0.7133, No improve: 0/20, Time: 1.4s
07/27/2026 21:21:55 - INFO - utils.trainer -   ***** Running evaluation on val dataset *****
07/27/2026 21:21:56 - INFO - utils.trainer -   Loss: 0.71636
07/27/2026 21:21:56 - INFO - utils.trainer -   AUC: 0.48548
07/27/2026 21:21:56 - INFO - utils.trainer -   Accuracy: 0.44048
07/27/2026 21:21:56 - INFO - utils.trainer -   Precision: 0.44048
07/27/2026 21:21:56 - INFO - utils.trainer -   Recall: 1.00000
07/27/2026 21:21:56 - INFO - utils.trainer -   F_score: 0.61157
07/27/2026 21:21:56 - INFO - utils.trainer -   Specificity: 0.00000
07/27/2026 21:21:56 - INFO - utils.trainer -   Sensitivity: 0.00000
07/27/2026 21:21:56 - INFO - utils.trainer -   ***** Running evaluation on test dataset *****
07/27/2026 21:21:57 - INFO - utils.trainer -   Loss: 0.67039
07/27/2026 21:21:57 - INFO - utils.trainer -   AUC: 0.55674
07/27/2026 21:21:57 - INFO - utils.trainer -   Accuracy: 0.60714
07/27/2026 21:21:57 - INFO - utils.trainer -   Precision: 0.60714
07/27/2026 21:21:57 - INFO - utils.trainer -   Recall: 1.00000
07/27/2026 21:21:57 - INFO - utils.trainer -   F_score: 0.75556
07/27/2026 21:21:57 - INFO - utils.trainer -   Specificity: 0.00000
07/27/2026 21:21:57 - INFO - utils.trainer -   Sensitivity: 0.00000
07/27/2026 21:21:57 - INFO - utils.trainer -   Epoch: 3, Loss: 0.68989, Val loss: 0.71636, Test loss: 0.67039, Val Acc: 0.4405, Best val loss: 0.7133, No improve: 1/20, Time: 1.1s
07/27/2026 21:21:58 - INFO - utils.trainer -   ***** Running evaluation on val dataset *****
07/27/2026 21:21:59 - INFO - utils.trainer -   Loss: 0.72638
07/27/2026 21:21:59 - INFO - utils.trainer -   AUC: 0.51287
07/27/2026 21:21:59 - INFO - utils.trainer -   Accuracy: 0.44048
07/27/2026 21:21:59 - INFO - utils.trainer -   Precision: 0.44048
07/27/2026 21:21:59 - INFO - utils.trainer -   Recall: 1.00000
07/27/2026 21:21:59 - INFO - utils.trainer -   F_score: 0.61157
07/27/2026 21:21:59 - INFO - utils.trainer -   Specificity: 0.00000
07/27/2026 21:21:59 - INFO - utils.trainer -   Sensitivity: 0.00000
07/27/2026 21:21:59 - INFO - utils.trainer -   ***** Running evaluation on test dataset *****
07/27/2026 21:21:59 - INFO - utils.trainer -   Loss: 0.65533
07/27/2026 21:21:59 - INFO - utils.trainer -   AUC: 0.63815
07/27/2026 21:21:59 - INFO - utils.trainer -   Accuracy: 0.60714
07/27/2026 21:21:59 - INFO - utils.trainer -   Precision: 0.60714
07/27/2026 21:21:59 - INFO - utils.trainer -   Recall: 1.00000
07/27/2026 21:21:59 - INFO - utils.trainer -   F_score: 0.75556
07/27/2026 21:21:59 - INFO - utils.trainer -   Specificity: 0.00000
07/27/2026 21:21:59 - INFO - utils.trainer -   Sensitivity: 0.00000
07/27/2026 21:21:59 - INFO - utils.trainer -   Epoch: 4, Loss: 0.67123, Val loss: 0.72638, Test loss: 0.65533, Val Acc: 0.4405, Best val loss: 0.7133, No improve: 2/20, Time: 1.3s
07/27/2026 21:22:00 - INFO - utils.trainer -   ***** Running evaluation on val dataset *****
07/27/2026 21:22:01 - INFO - utils.trainer -   Loss: 0.70933
07/27/2026 21:22:01 - INFO - utils.trainer -   AUC: 0.51862
07/27/2026 21:22:01 - INFO - utils.trainer -   Accuracy: 0.44048
07/27/2026 21:22:01 - INFO - utils.trainer -   Precision: 0.44048
07/27/2026 21:22:01 - INFO - utils.trainer -   Recall: 1.00000
07/27/2026 21:22:01 - INFO - utils.trainer -   F_score: 0.61157
07/27/2026 21:22:01 - INFO - utils.trainer -   Specificity: 0.00000
07/27/2026 21:22:01 - INFO - utils.trainer -   Sensitivity: 0.00000
07/27/2026 21:22:01 - INFO - utils.trainer -   ***** Running evaluation on test dataset *****
07/27/2026 21:22:02 - INFO - utils.trainer -   Loss: 0.62179
07/27/2026 21:22:02 - INFO - utils.trainer -   AUC: 0.82026
07/27/2026 21:22:02 - INFO - utils.trainer -   Accuracy: 0.60714
07/27/2026 21:22:02 - INFO - utils.trainer -   Precision: 0.60714
07/27/2026 21:22:02 - INFO - utils.trainer -   Recall: 1.00000
07/27/2026 21:22:02 - INFO - utils.trainer -   F_score: 0.75556
07/27/2026 21:22:02 - INFO - utils.trainer -   Specificity: 0.00000
07/27/2026 21:22:02 - INFO - utils.trainer -   Sensitivity: 0.00000
07/27/2026 21:22:02 - INFO - utils.trainer -   Model saved to output_dir/BrainNetCNN
07/27/2026 21:22:02 - INFO - utils.trainer -   Best model saved (val_loss=0.7093, test_acc=0.6071)
07/27/2026 21:22:02 - INFO - utils.trainer -   Epoch: 5, Loss: 0.63789, Val loss: 0.70933, Test loss: 0.62179, Val Acc: 0.4405, Best val loss: 0.7093, No improve: 0/20, Time: 1.3s
07/27/2026 21:22:03 - INFO - utils.trainer -   ***** Running evaluation on val dataset *****
07/27/2026 21:22:03 - INFO - utils.trainer -   Loss: 0.73727
07/27/2026 21:22:03 - INFO - utils.trainer -   AUC: 0.53076
07/27/2026 21:22:03 - INFO - utils.trainer -   Accuracy: 0.40476
07/27/2026 21:22:03 - INFO - utils.trainer -   Precision: 0.41558
07/27/2026 21:22:03 - INFO - utils.trainer -   Recall: 0.86486
07/27/2026 21:22:03 - INFO - utils.trainer -   F_score: 0.56140
07/27/2026 21:22:03 - INFO - utils.trainer -   Specificity: 0.00000
07/27/2026 21:22:03 - INFO - utils.trainer -   Sensitivity: 0.00000
07/27/2026 21:22:03 - INFO - utils.trainer -   ***** Running evaluation on test dataset *****
07/27/2026 21:22:04 - INFO - utils.trainer -   Loss: 0.53913
07/27/2026 21:22:04 - INFO - utils.trainer -   AUC: 0.87166
07/27/2026 21:22:04 - INFO - utils.trainer -   Accuracy: 0.69643
07/27/2026 21:22:04 - INFO - utils.trainer -   Precision: 0.67832
07/27/2026 21:22:04 - INFO - utils.trainer -   Recall: 0.95098
07/27/2026 21:22:04 - INFO - utils.trainer -   F_score: 0.79184
07/27/2026 21:22:04 - INFO - utils.trainer -   Specificity: 0.00000
07/27/2026 21:22:04 - INFO - utils.trainer -   Sensitivity: 0.00000
07/27/2026 21:22:04 - INFO - utils.trainer -   Epoch: 6, Loss: 0.55949, Val loss: 0.73727, Test loss: 0.53913, Val Acc: 0.4048, Best val loss: 0.7093, No improve: 1/20, Time: 1.2s
07/27/2026 21:22:05 - INFO - utils.trainer -   ***** Running evaluation on val dataset *****
07/27/2026 21:22:06 - INFO - utils.trainer -   Loss: 0.89215
07/27/2026 21:22:06 - INFO - utils.trainer -   AUC: 0.54284
07/27/2026 21:22:06 - INFO - utils.trainer -   Accuracy: 0.41667
07/27/2026 21:22:06 - INFO - utils.trainer -   Precision: 0.41176
07/27/2026 21:22:06 - INFO - utils.trainer -   Recall: 0.75676
07/27/2026 21:22:06 - INFO - utils.trainer -   F_score: 0.53333
07/27/2026 21:22:06 - INFO - utils.trainer -   Specificity: 0.00000
07/27/2026 21:22:06 - INFO - utils.trainer -   Sensitivity: 0.00000
07/27/2026 21:22:06 - INFO - utils.trainer -   ***** Running evaluation on test dataset *****
07/27/2026 21:22:06 - INFO - utils.trainer -   Loss: 0.46947
07/27/2026 21:22:06 - INFO - utils.trainer -   AUC: 0.88681
07/27/2026 21:22:06 - INFO - utils.trainer -   Accuracy: 0.75000
07/27/2026 21:22:06 - INFO - utils.trainer -   Precision: 0.73438
07/27/2026 21:22:06 - INFO - utils.trainer -   Recall: 0.92157
07/27/2026 21:22:06 - INFO - utils.trainer -   F_score: 0.81739
07/27/2026 21:22:06 - INFO - utils.trainer -   Specificity: 0.00000
07/27/2026 21:22:06 - INFO - utils.trainer -   Sensitivity: 0.00000
07/27/2026 21:22:06 - INFO - utils.trainer -   Epoch: 7, Loss: 0.43465, Val loss: 0.89215, Test loss: 0.46947, Val Acc: 0.4167, Best val loss: 0.7093, No improve: 2/20, Time: 1.3s
07/27/2026 21:22:08 - INFO - utils.trainer -   ***** Running evaluation on val dataset *****
07/27/2026 21:22:08 - INFO - utils.trainer -   Loss: 1.25735
07/27/2026 21:22:08 - INFO - utils.trainer -   AUC: 0.54586
07/27/2026 21:22:08 - INFO - utils.trainer -   Accuracy: 0.48810
07/27/2026 21:22:08 - INFO - utils.trainer -   Precision: 0.45082
07/27/2026 21:22:08 - INFO - utils.trainer -   Recall: 0.74324
07/27/2026 21:22:08 - INFO - utils.trainer -   F_score: 0.56122
07/27/2026 21:22:08 - INFO - utils.trainer -   Specificity: 0.00000
07/27/2026 21:22:08 - INFO - utils.trainer -   Sensitivity: 0.00000
07/27/2026 21:22:08 - INFO - utils.trainer -   ***** Running evaluation on test dataset *****
07/27/2026 21:22:09 - INFO - utils.trainer -   Loss: 0.43648
07/27/2026 21:22:09 - INFO - utils.trainer -   AUC: 0.89193
07/27/2026 21:22:09 - INFO - utils.trainer -   Accuracy: 0.81548
07/27/2026 21:22:09 - INFO - utils.trainer -   Precision: 0.80870
07/27/2026 21:22:09 - INFO - utils.trainer -   Recall: 0.91176
07/27/2026 21:22:09 - INFO - utils.trainer -   F_score: 0.85714
07/27/2026 21:22:09 - INFO - utils.trainer -   Specificity: 0.00000
07/27/2026 21:22:09 - INFO - utils.trainer -   Sensitivity: 0.00000
07/27/2026 21:22:09 - INFO - utils.trainer -   Epoch: 8, Loss: 0.29855, Val loss: 1.25735, Test loss: 0.43648, Val Acc: 0.4881, Best val loss: 0.7093, No improve: 3/20, Time: 1.1s
07/27/2026 21:22:10 - INFO - utils.trainer -   ***** Running evaluation on val dataset *****
07/27/2026 21:22:10 - INFO - utils.trainer -   Loss: 1.17297
07/27/2026 21:22:10 - INFO - utils.trainer -   AUC: 0.54471
07/27/2026 21:22:10 - INFO - utils.trainer -   Accuracy: 0.58333
07/27/2026 21:22:10 - INFO - utils.trainer -   Precision: 0.53030
07/27/2026 21:22:10 - INFO - utils.trainer -   Recall: 0.47297
07/27/2026 21:22:10 - INFO - utils.trainer -   F_score: 0.50000
07/27/2026 21:22:10 - INFO - utils.trainer -   Specificity: 0.00000
07/27/2026 21:22:10 - INFO - utils.trainer -   Sensitivity: 0.00000
07/27/2026 21:22:10 - INFO - utils.trainer -   ***** Running evaluation on test dataset *****
07/27/2026 21:22:11 - INFO - utils.trainer -   Loss: 0.38663
07/27/2026 21:22:11 - INFO - utils.trainer -   AUC: 0.89780
07/27/2026 21:22:11 - INFO - utils.trainer -   Accuracy: 0.82143
07/27/2026 21:22:11 - INFO - utils.trainer -   Precision: 0.92857
07/27/2026 21:22:11 - INFO - utils.trainer -   Recall: 0.76471
07/27/2026 21:22:11 - INFO - utils.trainer -   F_score: 0.83871
07/27/2026 21:22:11 - INFO - utils.trainer -   Specificity: 0.00000
07/27/2026 21:22:11 - INFO - utils.trainer -   Sensitivity: 0.00000
07/27/2026 21:22:11 - INFO - utils.trainer -   Epoch: 9, Loss: 0.17777, Val loss: 1.17297, Test loss: 0.38663, Val Acc: 0.5833, Best val loss: 0.7093, No improve: 4/20, Time: 1.0s
07/27/2026 21:22:12 - INFO - utils.trainer -   ***** Running evaluation on val dataset *****
07/27/2026 21:22:13 - INFO - utils.trainer -   Loss: 1.76456
07/27/2026 21:22:13 - INFO - utils.trainer -   AUC: 0.58633
07/27/2026 21:22:13 - INFO - utils.trainer -   Accuracy: 0.53571
07/27/2026 21:22:13 - INFO - utils.trainer -   Precision: 0.47619
07/27/2026 21:22:13 - INFO - utils.trainer -   Recall: 0.54054
07/27/2026 21:22:13 - INFO - utils.trainer -   F_score: 0.50633
07/27/2026 21:22:13 - INFO - utils.trainer -   Specificity: 0.00000
07/27/2026 21:22:13 - INFO - utils.trainer -   Sensitivity: 0.00000
07/27/2026 21:22:13 - INFO - utils.trainer -   ***** Running evaluation on test dataset *****
07/27/2026 21:22:13 - INFO - utils.trainer -   Loss: 0.43174
07/27/2026 21:22:13 - INFO - utils.trainer -   AUC: 0.90018
07/27/2026 21:22:13 - INFO - utils.trainer -   Accuracy: 0.82738
07/27/2026 21:22:13 - INFO - utils.trainer -   Precision: 0.89247
07/27/2026 21:22:13 - INFO - utils.trainer -   Recall: 0.81373
07/27/2026 21:22:13 - INFO - utils.trainer -   F_score: 0.85128
07/27/2026 21:22:13 - INFO - utils.trainer -   Specificity: 0.00000
07/27/2026 21:22:13 - INFO - utils.trainer -   Sensitivity: 0.00000
07/27/2026 21:22:13 - INFO - utils.trainer -   Epoch: 10, Loss: 0.10665, Val loss: 1.76456, Test loss: 0.43174, Val Acc: 0.5357, Best val loss: 0.7093, No improve: 5/20, Time: 1.3s
07/27/2026 21:22:14 - INFO - utils.trainer -   ***** Running evaluation on val dataset *****
07/27/2026 21:22:15 - INFO - utils.trainer -   Loss: 2.47625
07/27/2026 21:22:15 - INFO - utils.trainer -   AUC: 0.55161
07/27/2026 21:22:15 - INFO - utils.trainer -   Accuracy: 0.50000
07/27/2026 21:22:15 - INFO - utils.trainer -   Precision: 0.44898
07/27/2026 21:22:15 - INFO - utils.trainer -   Recall: 0.59459
07/27/2026 21:22:15 - INFO - utils.trainer -   F_score: 0.51163
07/27/2026 21:22:15 - INFO - utils.trainer -   Specificity: 0.00000
07/27/2026 21:22:15 - INFO - utils.trainer -   Sensitivity: 0.00000
07/27/2026 21:22:15 - INFO - utils.trainer -   ***** Running evaluation on test dataset *****
07/27/2026 21:22:15 - INFO - utils.trainer -   Loss: 0.49705
07/27/2026 21:22:15 - INFO - utils.trainer -   AUC: 0.89810
07/27/2026 21:22:15 - INFO - utils.trainer -   Accuracy: 0.83929
07/27/2026 21:22:15 - INFO - utils.trainer -   Precision: 0.86408
07/27/2026 21:22:15 - INFO - utils.trainer -   Recall: 0.87255
07/27/2026 21:22:15 - INFO - utils.trainer -   F_score: 0.86829
07/27/2026 21:22:15 - INFO - utils.trainer -   Specificity: 0.00000
07/27/2026 21:22:15 - INFO - utils.trainer -   Sensitivity: 0.00000
07/27/2026 21:22:15 - INFO - utils.trainer -   Epoch: 11, Loss: 0.05199, Val loss: 2.47625, Test loss: 0.49705, Val Acc: 0.5000, Best val loss: 0.7093, No improve: 6/20, Time: 1.1s
07/27/2026 21:22:17 - INFO - utils.trainer -   ***** Running evaluation on val dataset *****
07/27/2026 21:22:17 - INFO - utils.trainer -   Loss: 2.48742
07/27/2026 21:22:17 - INFO - utils.trainer -   AUC: 0.57468
07/27/2026 21:22:17 - INFO - utils.trainer -   Accuracy: 0.54167
07/27/2026 21:22:17 - INFO - utils.trainer -   Precision: 0.48276
07/27/2026 21:22:17 - INFO - utils.trainer -   Recall: 0.56757
07/27/2026 21:22:17 - INFO - utils.trainer -   F_score: 0.52174
07/27/2026 21:22:17 - INFO - utils.trainer -   Specificity: 0.00000
07/27/2026 21:22:17 - INFO - utils.trainer -   Sensitivity: 0.00000
07/27/2026 21:22:17 - INFO - utils.trainer -   ***** Running evaluation on test dataset *****
07/27/2026 21:22:18 - INFO - utils.trainer -   Loss: 0.43134
07/27/2026 21:22:18 - INFO - utils.trainer -   AUC: 0.92395
07/27/2026 21:22:18 - INFO - utils.trainer -   Accuracy: 0.85119
07/27/2026 21:22:18 - INFO - utils.trainer -   Precision: 0.91398
07/27/2026 21:22:18 - INFO - utils.trainer -   Recall: 0.83333
07/27/2026 21:22:18 - INFO - utils.trainer -   F_score: 0.87179
07/27/2026 21:22:18 - INFO - utils.trainer -   Specificity: 0.00000
07/27/2026 21:22:18 - INFO - utils.trainer -   Sensitivity: 0.00000
07/27/2026 21:22:18 - INFO - utils.trainer -   Epoch: 12, Loss: 0.04313, Val loss: 2.48742, Test loss: 0.43134, Val Acc: 0.5417, Best val loss: 0.7093, No improve: 7/20, Time: 1.3s
07/27/2026 21:22:19 - INFO - utils.trainer -   ***** Running evaluation on val dataset *****
07/27/2026 21:22:19 - INFO - utils.trainer -   Loss: 2.58528
07/27/2026 21:22:19 - INFO - utils.trainer -   AUC: 0.56189
07/27/2026 21:22:19 - INFO - utils.trainer -   Accuracy: 0.55357
07/27/2026 21:22:19 - INFO - utils.trainer -   Precision: 0.49254
07/27/2026 21:22:19 - INFO - utils.trainer -   Recall: 0.44595
07/27/2026 21:22:19 - INFO - utils.trainer -   F_score: 0.46809
07/27/2026 21:22:19 - INFO - utils.trainer -   Specificity: 0.00000
07/27/2026 21:22:19 - INFO - utils.trainer -   Sensitivity: 0.00000
07/27/2026 21:22:19 - INFO - utils.trainer -   ***** Running evaluation on test dataset *****
07/27/2026 21:22:20 - INFO - utils.trainer -   Loss: 0.60198
07/27/2026 21:22:20 - INFO - utils.trainer -   AUC: 0.90894
07/27/2026 21:22:20 - INFO - utils.trainer -   Accuracy: 0.82738
07/27/2026 21:22:20 - INFO - utils.trainer -   Precision: 0.96203
07/27/2026 21:22:20 - INFO - utils.trainer -   Recall: 0.74510
07/27/2026 21:22:20 - INFO - utils.trainer -   F_score: 0.83978
07/27/2026 21:22:20 - INFO - utils.trainer -   Specificity: 0.00000
07/27/2026 21:22:20 - INFO - utils.trainer -   Sensitivity: 0.00000
07/27/2026 21:22:20 - INFO - utils.trainer -   Epoch: 13, Loss: 0.05466, Val loss: 2.58528, Test loss: 0.60198, Val Acc: 0.5536, Best val loss: 0.7093, No improve: 8/20, Time: 1.3s
07/27/2026 21:22:21 - INFO - utils.trainer -   ***** Running evaluation on val dataset *****
07/27/2026 21:22:22 - INFO - utils.trainer -   Loss: 3.00329
07/27/2026 21:22:22 - INFO - utils.trainer -   AUC: 0.54643
07/27/2026 21:22:22 - INFO - utils.trainer -   Accuracy: 0.54762
07/27/2026 21:22:22 - INFO - utils.trainer -   Precision: 0.48529
07/27/2026 21:22:22 - INFO - utils.trainer -   Recall: 0.44595
07/27/2026 21:22:22 - INFO - utils.trainer -   F_score: 0.46479
07/27/2026 21:22:22 - INFO - utils.trainer -   Specificity: 0.00000
07/27/2026 21:22:22 - INFO - utils.trainer -   Sensitivity: 0.00000
07/27/2026 21:22:22 - INFO - utils.trainer -   ***** Running evaluation on test dataset *****
07/27/2026 21:22:22 - INFO - utils.trainer -   Loss: 0.76382
07/27/2026 21:22:22 - INFO - utils.trainer -   AUC: 0.89186
07/27/2026 21:22:22 - INFO - utils.trainer -   Accuracy: 0.82738
07/27/2026 21:22:22 - INFO - utils.trainer -   Precision: 0.95062
07/27/2026 21:22:22 - INFO - utils.trainer -   Recall: 0.75490
07/27/2026 21:22:22 - INFO - utils.trainer -   F_score: 0.84153
07/27/2026 21:22:22 - INFO - utils.trainer -   Specificity: 0.00000
07/27/2026 21:22:22 - INFO - utils.trainer -   Sensitivity: 0.00000
07/27/2026 21:22:22 - INFO - utils.trainer -   Epoch: 14, Loss: 0.01103, Val loss: 3.00329, Test loss: 0.76382, Val Acc: 0.5476, Best val loss: 0.7093, No improve: 9/20, Time: 1.1s
07/27/2026 21:22:24 - INFO - utils.trainer -   ***** Running evaluation on val dataset *****
07/27/2026 21:22:24 - INFO - utils.trainer -   Loss: 4.01914
07/27/2026 21:22:24 - INFO - utils.trainer -   AUC: 0.55477
07/27/2026 21:22:24 - INFO - utils.trainer -   Accuracy: 0.49405
07/27/2026 21:22:24 - INFO - utils.trainer -   Precision: 0.44211
07/27/2026 21:22:24 - INFO - utils.trainer -   Recall: 0.56757
07/27/2026 21:22:24 - INFO - utils.trainer -   F_score: 0.49704
07/27/2026 21:22:24 - INFO - utils.trainer -   Specificity: 0.00000
07/27/2026 21:22:24 - INFO - utils.trainer -   Sensitivity: 0.00000
07/27/2026 21:22:24 - INFO - utils.trainer -   ***** Running evaluation on test dataset *****
07/27/2026 21:22:25 - INFO - utils.trainer -   Loss: 0.71991
07/27/2026 21:22:25 - INFO - utils.trainer -   AUC: 0.90850
07/27/2026 21:22:25 - INFO - utils.trainer -   Accuracy: 0.83929
07/27/2026 21:22:25 - INFO - utils.trainer -   Precision: 0.87129
07/27/2026 21:22:25 - INFO - utils.trainer -   Recall: 0.86275
07/27/2026 21:22:25 - INFO - utils.trainer -   F_score: 0.86700
07/27/2026 21:22:25 - INFO - utils.trainer -   Specificity: 0.00000
07/27/2026 21:22:25 - INFO - utils.trainer -   Sensitivity: 0.00000
07/27/2026 21:22:25 - INFO - utils.trainer -   Epoch: 15, Loss: 0.01194, Val loss: 4.01914, Test loss: 0.71991, Val Acc: 0.4940, Best val loss: 0.7093, No improve: 10/20, Time: 1.2s
07/27/2026 21:22:26 - INFO - utils.trainer -   ***** Running evaluation on val dataset *****
07/27/2026 21:22:27 - INFO - utils.trainer -   Loss: 4.01897
07/27/2026 21:22:27 - INFO - utils.trainer -   AUC: 0.54198
07/27/2026 21:22:27 - INFO - utils.trainer -   Accuracy: 0.48214
07/27/2026 21:22:27 - INFO - utils.trainer -   Precision: 0.42857
07/27/2026 21:22:27 - INFO - utils.trainer -   Recall: 0.52703
07/27/2026 21:22:27 - INFO - utils.trainer -   F_score: 0.47273
07/27/2026 21:22:27 - INFO - utils.trainer -   Specificity: 0.00000
07/27/2026 21:22:27 - INFO - utils.trainer -   Sensitivity: 0.00000
07/27/2026 21:22:27 - INFO - utils.trainer -   ***** Running evaluation on test dataset *****
07/27/2026 21:22:27 - INFO - utils.trainer -   Loss: 0.82968
07/27/2026 21:22:27 - INFO - utils.trainer -   AUC: 0.89958
07/27/2026 21:22:27 - INFO - utils.trainer -   Accuracy: 0.83333
07/27/2026 21:22:27 - INFO - utils.trainer -   Precision: 0.88542
07/27/2026 21:22:27 - INFO - utils.trainer -   Recall: 0.83333
07/27/2026 21:22:27 - INFO - utils.trainer -   F_score: 0.85859
07/27/2026 21:22:27 - INFO - utils.trainer -   Specificity: 0.00000
07/27/2026 21:22:27 - INFO - utils.trainer -   Sensitivity: 0.00000
07/27/2026 21:22:27 - INFO - utils.trainer -   Epoch: 16, Loss: 0.01177, Val loss: 4.01897, Test loss: 0.82968, Val Acc: 0.4821, Best val loss: 0.7093, No improve: 11/20, Time: 1.5s
07/27/2026 21:22:28 - INFO - utils.trainer -   ***** Running evaluation on val dataset *****
07/27/2026 21:22:29 - INFO - utils.trainer -   Loss: 4.37968
07/27/2026 21:22:29 - INFO - utils.trainer -   AUC: 0.53091
07/27/2026 21:22:29 - INFO - utils.trainer -   Accuracy: 0.51786
07/27/2026 21:22:29 - INFO - utils.trainer -   Precision: 0.45882
07/27/2026 21:22:29 - INFO - utils.trainer -   Recall: 0.52703
07/27/2026 21:22:29 - INFO - utils.trainer -   F_score: 0.49057
07/27/2026 21:22:29 - INFO - utils.trainer -   Specificity: 0.00000
07/27/2026 21:22:29 - INFO - utils.trainer -   Sensitivity: 0.00000
07/27/2026 21:22:29 - INFO - utils.trainer -   ***** Running evaluation on test dataset *****
07/27/2026 21:22:30 - INFO - utils.trainer -   Loss: 0.80128
07/27/2026 21:22:30 - INFO - utils.trainer -   AUC: 0.90820
07/27/2026 21:22:30 - INFO - utils.trainer -   Accuracy: 0.85119
07/27/2026 21:22:30 - INFO - utils.trainer -   Precision: 0.91398
07/27/2026 21:22:30 - INFO - utils.trainer -   Recall: 0.83333
07/27/2026 21:22:30 - INFO - utils.trainer -   F_score: 0.87179
07/27/2026 21:22:30 - INFO - utils.trainer -   Specificity: 0.00000
07/27/2026 21:22:30 - INFO - utils.trainer -   Sensitivity: 0.00000
07/27/2026 21:22:30 - INFO - utils.trainer -   Epoch: 17, Loss: 0.00707, Val loss: 4.37968, Test loss: 0.80128, Val Acc: 0.5179, Best val loss: 0.7093, No improve: 12/20, Time: 1.2s
07/27/2026 21:22:31 - INFO - utils.trainer -   ***** Running evaluation on val dataset *****
07/27/2026 21:22:32 - INFO - utils.trainer -   Loss: 4.80088
07/27/2026 21:22:32 - INFO - utils.trainer -   AUC: 0.54816
07/27/2026 21:22:32 - INFO - utils.trainer -   Accuracy: 0.48810
07/27/2026 21:22:32 - INFO - utils.trainer -   Precision: 0.43617
07/27/2026 21:22:32 - INFO - utils.trainer -   Recall: 0.55405
07/27/2026 21:22:32 - INFO - utils.trainer -   F_score: 0.48810
07/27/2026 21:22:32 - INFO - utils.trainer -   Specificity: 0.00000
07/27/2026 21:22:32 - INFO - utils.trainer -   Sensitivity: 0.00000
07/27/2026 21:22:32 - INFO - utils.trainer -   ***** Running evaluation on test dataset *****
07/27/2026 21:22:32 - INFO - utils.trainer -   Loss: 0.99460
07/27/2026 21:22:32 - INFO - utils.trainer -   AUC: 0.89981
07/27/2026 21:22:32 - INFO - utils.trainer -   Accuracy: 0.82143
07/27/2026 21:22:32 - INFO - utils.trainer -   Precision: 0.86000
07/27/2026 21:22:32 - INFO - utils.trainer -   Recall: 0.84314
07/27/2026 21:22:32 - INFO - utils.trainer -   F_score: 0.85149
07/27/2026 21:22:32 - INFO - utils.trainer -   Specificity: 0.00000
07/27/2026 21:22:32 - INFO - utils.trainer -   Sensitivity: 0.00000
07/27/2026 21:22:32 - INFO - utils.trainer -   Epoch: 18, Loss: 0.00472, Val loss: 4.80088, Test loss: 0.99460, Val Acc: 0.4881, Best val loss: 0.7093, No improve: 13/20, Time: 1.4s
07/27/2026 21:22:34 - INFO - utils.trainer -   ***** Running evaluation on val dataset *****
07/27/2026 21:22:34 - INFO - utils.trainer -   Loss: 4.57108
07/27/2026 21:22:34 - INFO - utils.trainer -   AUC: 0.55937
07/27/2026 21:22:34 - INFO - utils.trainer -   Accuracy: 0.55357
07/27/2026 21:22:34 - INFO - utils.trainer -   Precision: 0.49296
07/27/2026 21:22:34 - INFO - utils.trainer -   Recall: 0.47297
07/27/2026 21:22:34 - INFO - utils.trainer -   F_score: 0.48276
07/27/2026 21:22:34 - INFO - utils.trainer -   Specificity: 0.00000
07/27/2026 21:22:34 - INFO - utils.trainer -   Sensitivity: 0.00000
07/27/2026 21:22:34 - INFO - utils.trainer -   ***** Running evaluation on test dataset *****
07/27/2026 21:22:35 - INFO - utils.trainer -   Loss: 0.99846
07/27/2026 21:22:35 - INFO - utils.trainer -   AUC: 0.90813
07/27/2026 21:22:35 - INFO - utils.trainer -   Accuracy: 0.84524
07/27/2026 21:22:35 - INFO - utils.trainer -   Precision: 0.95238
07/27/2026 21:22:35 - INFO - utils.trainer -   Recall: 0.78431
07/27/2026 21:22:35 - INFO - utils.trainer -   F_score: 0.86022
07/27/2026 21:22:35 - INFO - utils.trainer -   Specificity: 0.00000
07/27/2026 21:22:35 - INFO - utils.trainer -   Sensitivity: 0.00000
07/27/2026 21:22:35 - INFO - utils.trainer -   Epoch: 19, Loss: 0.00639, Val loss: 4.57108, Test loss: 0.99846, Val Acc: 0.5536, Best val loss: 0.7093, No improve: 14/20, Time: 1.4s
07/27/2026 21:22:36 - INFO - utils.trainer -   ***** Running evaluation on val dataset *****
07/27/2026 21:22:36 - INFO - utils.trainer -   Loss: 7.08845
07/27/2026 21:22:36 - INFO - utils.trainer -   AUC: 0.53752
07/27/2026 21:22:36 - INFO - utils.trainer -   Accuracy: 0.51786
07/27/2026 21:22:36 - INFO - utils.trainer -   Precision: 0.46535
07/27/2026 21:22:36 - INFO - utils.trainer -   Recall: 0.63514
07/27/2026 21:22:36 - INFO - utils.trainer -   F_score: 0.53714
07/27/2026 21:22:36 - INFO - utils.trainer -   Specificity: 0.00000
07/27/2026 21:22:36 - INFO - utils.trainer -   Sensitivity: 0.00000
07/27/2026 21:22:36 - INFO - utils.trainer -   ***** Running evaluation on test dataset *****
07/27/2026 21:22:37 - INFO - utils.trainer -   Loss: 1.23961
07/27/2026 21:22:37 - INFO - utils.trainer -   AUC: 0.88948
07/27/2026 21:22:37 - INFO - utils.trainer -   Accuracy: 0.83333
07/27/2026 21:22:37 - INFO - utils.trainer -   Precision: 0.85577
07/27/2026 21:22:37 - INFO - utils.trainer -   Recall: 0.87255
07/27/2026 21:22:37 - INFO - utils.trainer -   F_score: 0.86408
07/27/2026 21:22:37 - INFO - utils.trainer -   Specificity: 0.00000
07/27/2026 21:22:37 - INFO - utils.trainer -   Sensitivity: 0.00000
07/27/2026 21:22:37 - INFO - utils.trainer -   Epoch: 20, Loss: 0.05925, Val loss: 7.08845, Test loss: 1.23961, Val Acc: 0.5179, Best val loss: 0.7093, No improve: 15/20, Time: 1.3s
07/27/2026 21:22:38 - INFO - utils.trainer -   ***** Running evaluation on val dataset *****
07/27/2026 21:22:39 - INFO - utils.trainer -   Loss: 5.63342
07/27/2026 21:22:39 - INFO - utils.trainer -   AUC: 0.49296
07/27/2026 21:22:39 - INFO - utils.trainer -   Accuracy: 0.52976
07/27/2026 21:22:39 - INFO - utils.trainer -   Precision: 0.46269
07/27/2026 21:22:39 - INFO - utils.trainer -   Recall: 0.41892
07/27/2026 21:22:39 - INFO - utils.trainer -   F_score: 0.43972
07/27/2026 21:22:39 - INFO - utils.trainer -   Specificity: 0.00000
07/27/2026 21:22:39 - INFO - utils.trainer -   Sensitivity: 0.00000
07/27/2026 21:22:39 - INFO - utils.trainer -   ***** Running evaluation on test dataset *****
07/27/2026 21:22:39 - INFO - utils.trainer -   Loss: 1.24527
07/27/2026 21:22:39 - INFO - utils.trainer -   AUC: 0.88911
07/27/2026 21:22:39 - INFO - utils.trainer -   Accuracy: 0.80357
07/27/2026 21:22:39 - INFO - utils.trainer -   Precision: 0.92593
07/27/2026 21:22:39 - INFO - utils.trainer -   Recall: 0.73529
07/27/2026 21:22:39 - INFO - utils.trainer -   F_score: 0.81967
07/27/2026 21:22:39 - INFO - utils.trainer -   Specificity: 0.00000
07/27/2026 21:22:39 - INFO - utils.trainer -   Sensitivity: 0.00000
07/27/2026 21:22:39 - INFO - utils.trainer -   Epoch: 21, Loss: 0.00296, Val loss: 5.63342, Test loss: 1.24527, Val Acc: 0.5298, Best val loss: 0.7093, No improve: 16/20, Time: 1.3s
07/27/2026 21:22:41 - INFO - utils.trainer -   ***** Running evaluation on val dataset *****
07/27/2026 21:22:41 - INFO - utils.trainer -   Loss: 6.28060
07/27/2026 21:22:41 - INFO - utils.trainer -   AUC: 0.50208
07/27/2026 21:22:41 - INFO - utils.trainer -   Accuracy: 0.51190
07/27/2026 21:22:41 - INFO - utils.trainer -   Precision: 0.44737
07/27/2026 21:22:41 - INFO - utils.trainer -   Recall: 0.45946
07/27/2026 21:22:41 - INFO - utils.trainer -   F_score: 0.45333
07/27/2026 21:22:41 - INFO - utils.trainer -   Specificity: 0.00000
07/27/2026 21:22:41 - INFO - utils.trainer -   Sensitivity: 0.00000
07/27/2026 21:22:41 - INFO - utils.trainer -   ***** Running evaluation on test dataset *****
07/27/2026 21:22:42 - INFO - utils.trainer -   Loss: 1.31166
07/27/2026 21:22:42 - INFO - utils.trainer -   AUC: 0.87894
07/27/2026 21:22:42 - INFO - utils.trainer -   Accuracy: 0.79167
07/27/2026 21:22:42 - INFO - utils.trainer -   Precision: 0.88506
07/27/2026 21:22:42 - INFO - utils.trainer -   Recall: 0.75490
07/27/2026 21:22:42 - INFO - utils.trainer -   F_score: 0.81481
07/27/2026 21:22:42 - INFO - utils.trainer -   Specificity: 0.00000
07/27/2026 21:22:42 - INFO - utils.trainer -   Sensitivity: 0.00000
07/27/2026 21:22:42 - INFO - utils.trainer -   Epoch: 22, Loss: 0.00135, Val loss: 6.28060, Test loss: 1.31166, Val Acc: 0.5119, Best val loss: 0.7093, No improve: 17/20, Time: 1.2s
07/27/2026 21:22:43 - INFO - utils.trainer -   ***** Running evaluation on val dataset *****
07/27/2026 21:22:44 - INFO - utils.trainer -   Loss: 7.51857
07/27/2026 21:22:44 - INFO - utils.trainer -   AUC: 0.52041
07/27/2026 21:22:44 - INFO - utils.trainer -   Accuracy: 0.48810
07/27/2026 21:22:44 - INFO - utils.trainer -   Precision: 0.43478
07/27/2026 21:22:44 - INFO - utils.trainer -   Recall: 0.54054
07/27/2026 21:22:44 - INFO - utils.trainer -   F_score: 0.48193
07/27/2026 21:22:44 - INFO - utils.trainer -   Specificity: 0.00000
07/27/2026 21:22:44 - INFO - utils.trainer -   Sensitivity: 0.00000
07/27/2026 21:22:44 - INFO - utils.trainer -   ***** Running evaluation on test dataset *****
07/27/2026 21:22:44 - INFO - utils.trainer -   Loss: 1.49285
07/27/2026 21:22:44 - INFO - utils.trainer -   AUC: 0.88198
07/27/2026 21:22:44 - INFO - utils.trainer -   Accuracy: 0.79762
07/27/2026 21:22:44 - INFO - utils.trainer -   Precision: 0.83333
07/27/2026 21:22:44 - INFO - utils.trainer -   Recall: 0.83333
07/27/2026 21:22:44 - INFO - utils.trainer -   F_score: 0.83333
07/27/2026 21:22:44 - INFO - utils.trainer -   Specificity: 0.00000
07/27/2026 21:22:44 - INFO - utils.trainer -   Sensitivity: 0.00000
07/27/2026 21:22:44 - INFO - utils.trainer -   Epoch: 23, Loss: 0.00180, Val loss: 7.51857, Test loss: 1.49285, Val Acc: 0.4881, Best val loss: 0.7093, No improve: 18/20, Time: 1.3s
07/27/2026 21:22:46 - INFO - utils.trainer -   ***** Running evaluation on val dataset *****
07/27/2026 21:22:46 - INFO - utils.trainer -   Loss: 6.62428
07/27/2026 21:22:46 - INFO - utils.trainer -   AUC: 0.53256
07/27/2026 21:22:46 - INFO - utils.trainer -   Accuracy: 0.52976
07/27/2026 21:22:46 - INFO - utils.trainer -   Precision: 0.46914
07/27/2026 21:22:46 - INFO - utils.trainer -   Recall: 0.51351
07/27/2026 21:22:46 - INFO - utils.trainer -   F_score: 0.49032
07/27/2026 21:22:46 - INFO - utils.trainer -   Specificity: 0.00000
07/27/2026 21:22:46 - INFO - utils.trainer -   Sensitivity: 0.00000
07/27/2026 21:22:46 - INFO - utils.trainer -   ***** Running evaluation on test dataset *****
07/27/2026 21:22:47 - INFO - utils.trainer -   Loss: 1.38719
07/27/2026 21:22:47 - INFO - utils.trainer -   AUC: 0.89327
07/27/2026 21:22:47 - INFO - utils.trainer -   Accuracy: 0.80952
07/27/2026 21:22:47 - INFO - utils.trainer -   Precision: 0.88043
07/27/2026 21:22:47 - INFO - utils.trainer -   Recall: 0.79412
07/27/2026 21:22:47 - INFO - utils.trainer -   F_score: 0.83505
07/27/2026 21:22:47 - INFO - utils.trainer -   Specificity: 0.00000
07/27/2026 21:22:47 - INFO - utils.trainer -   Sensitivity: 0.00000
07/27/2026 21:22:47 - INFO - utils.trainer -   Epoch: 24, Loss: 0.00091, Val loss: 6.62428, Test loss: 1.38719, Val Acc: 0.5298, Best val loss: 0.7093, No improve: 19/20, Time: 1.3s
07/27/2026 21:22:48 - INFO - utils.trainer -   ***** Running evaluation on val dataset *****
07/27/2026 21:22:48 - INFO - utils.trainer -   Loss: 7.71188
07/27/2026 21:22:48 - INFO - utils.trainer -   AUC: 0.52954
07/27/2026 21:22:48 - INFO - utils.trainer -   Accuracy: 0.47619
07/27/2026 21:22:48 - INFO - utils.trainer -   Precision: 0.42222
07/27/2026 21:22:48 - INFO - utils.trainer -   Recall: 0.51351
07/27/2026 21:22:48 - INFO - utils.trainer -   F_score: 0.46341
07/27/2026 21:22:48 - INFO - utils.trainer -   Specificity: 0.00000
07/27/2026 21:22:48 - INFO - utils.trainer -   Sensitivity: 0.00000
07/27/2026 21:22:48 - INFO - utils.trainer -   ***** Running evaluation on test dataset *****
07/27/2026 21:22:49 - INFO - utils.trainer -   Loss: 1.46009
07/27/2026 21:22:49 - INFO - utils.trainer -   AUC: 0.89349
07/27/2026 21:22:49 - INFO - utils.trainer -   Accuracy: 0.81548
07/27/2026 21:22:49 - INFO - utils.trainer -   Precision: 0.85859
07/27/2026 21:22:49 - INFO - utils.trainer -   Recall: 0.83333
07/27/2026 21:22:49 - INFO - utils.trainer -   F_score: 0.84577
07/27/2026 21:22:49 - INFO - utils.trainer -   Specificity: 0.00000
07/27/2026 21:22:49 - INFO - utils.trainer -   Sensitivity: 0.00000
07/27/2026 21:22:49 - INFO - utils.trainer -   Epoch: 25, Loss: 0.00041, Val loss: 7.71188, Test loss: 1.46009, Val Acc: 0.4762, Best val loss: 0.7093, No improve: 20/20, Time: 1.1s
07/27/2026 21:22:49 - INFO - utils.trainer -   Early stopping triggered at epoch 25
07/27/2026 21:22:49 - INFO - utils.trainer -   Early stopping triggered at epoch 25
07/27/2026 21:22:49 - INFO - utils.trainer -   Model loaded from output_dir/BrainNetCNN/BrainNetCNN-0.bin (18/18 keys)
07/27/2026 21:22:49 - INFO - utils.trainer -   === Best epoch test result ===
07/27/2026 21:22:49 - INFO - utils.trainer -     Loss: 0.62179
07/27/2026 21:22:49 - INFO - utils.trainer -     AUC: 0.82026
07/27/2026 21:22:49 - INFO - utils.trainer -     Accuracy: 0.60714
07/27/2026 21:22:49 - INFO - utils.trainer -     Precision: 0.60714
07/27/2026 21:22:49 - INFO - utils.trainer -     Recall: 1.00000
07/27/2026 21:22:49 - INFO - utils.trainer -     F_score: 0.75556
07/27/2026 21:22:49 - INFO - utils.trainer -     Specificity: 0.00000
07/27/2026 21:22:49 - INFO - utils.trainer -     Sensitivity: 0.00000
07/27/2026 21:22:49 - INFO - utils.trainer -   Model saved to output_dir/BrainNetCNN/final-epoch-200
07/27/2026 21:22:49 - INFO - utils.trainer -   Final model saved at epoch 200
07/27/2026 21:54:11 - INFO - __main__ -   ########## Repeat:0 ##########
07/27/2026 21:54:11 - INFO - utils.trainer -   ***** Running training *****
07/27/2026 21:54:11 - INFO - utils.trainer -     Num examples = 32
07/27/2026 21:54:11 - INFO - utils.trainer -     Num Epochs = 200
07/27/2026 21:54:11 - INFO - utils.trainer -     Total train batch size = 4
07/27/2026 21:54:11 - INFO - utils.trainer -     warmup steps = 400
07/27/2026 21:54:11 - INFO - utils.trainer -     Total optimization steps = 6400
07/27/2026 21:54:11 - INFO - utils.trainer -     Save steps = 200
07/27/2026 21:55:59 - INFO - __main__ -   ########## Repeat:0 ##########
07/27/2026 21:55:59 - INFO - utils.trainer -   ***** Running training *****
07/27/2026 21:55:59 - INFO - utils.trainer -     Num examples = 32
07/27/2026 21:55:59 - INFO - utils.trainer -     Num Epochs = 200
07/27/2026 21:55:59 - INFO - utils.trainer -     Total train batch size = 4
07/27/2026 21:55:59 - INFO - utils.trainer -     warmup steps = 400
07/27/2026 21:55:59 - INFO - utils.trainer -     Total optimization steps = 6400
07/27/2026 21:55:59 - INFO - utils.trainer -     Save steps = 200
07/27/2026 21:56:00 - INFO - utils.trainer -   ***** Running evaluation on val dataset *****
07/27/2026 21:56:00 - INFO - utils.trainer -   Loss: 0.71067
07/27/2026 21:56:00 - INFO - utils.trainer -   AUC: 0.49583
07/27/2026 21:56:00 - INFO - utils.trainer -   Accuracy: 0.44048
07/27/2026 21:56:00 - INFO - utils.trainer -   Precision: 0.44048
07/27/2026 21:56:00 - INFO - utils.trainer -   Recall: 1.00000
07/27/2026 21:56:00 - INFO - utils.trainer -   F_score: 0.61157
07/27/2026 21:56:00 - INFO - utils.trainer -   Specificity: 0.00000
07/27/2026 21:56:00 - INFO - utils.trainer -   Sensitivity: 0.00000
07/27/2026 21:56:00 - INFO - utils.trainer -   ***** Running evaluation on test dataset *****
07/27/2026 21:56:01 - INFO - utils.trainer -   Loss: 0.67782
07/27/2026 21:56:01 - INFO - utils.trainer -   AUC: 0.65597
07/27/2026 21:56:01 - INFO - utils.trainer -   Accuracy: 0.60714
07/27/2026 21:56:01 - INFO - utils.trainer -   Precision: 0.60714
07/27/2026 21:56:01 - INFO - utils.trainer -   Recall: 1.00000
07/27/2026 21:56:01 - INFO - utils.trainer -   F_score: 0.75556
07/27/2026 21:56:01 - INFO - utils.trainer -   Specificity: 0.00000
07/27/2026 21:56:01 - INFO - utils.trainer -   Sensitivity: 0.00000
07/27/2026 21:56:01 - INFO - utils.trainer -   Model saved to output_dir/BrainNetCNN
07/27/2026 21:56:01 - INFO - utils.trainer -   Best model saved (val_loss=0.7107, test_acc=0.6071)
07/27/2026 21:56:01 - INFO - utils.trainer -   Epoch: 1, Loss: 0.68237, Val loss: 0.71067, Test loss: 0.67782, Val Acc: 0.4405, Best val loss: 0.7107, No improve: 0/20, Time: 1.2s
07/27/2026 21:56:01 - INFO - utils.trainer -   ***** Running evaluation on val dataset *****
07/27/2026 21:56:02 - INFO - utils.trainer -   Loss: 0.71005
07/27/2026 21:56:02 - INFO - utils.trainer -   AUC: 0.58568
07/27/2026 21:56:02 - INFO - utils.trainer -   Accuracy: 0.44048
07/27/2026 21:56:02 - INFO - utils.trainer -   Precision: 0.44048
07/27/2026 21:56:02 - INFO - utils.trainer -   Recall: 1.00000
07/27/2026 21:56:02 - INFO - utils.trainer -   F_score: 0.61157
07/27/2026 21:56:02 - INFO - utils.trainer -   Specificity: 0.00000
07/27/2026 21:56:02 - INFO - utils.trainer -   Sensitivity: 0.00000
07/27/2026 21:56:02 - INFO - utils.trainer -   ***** Running evaluation on test dataset *****
07/27/2026 21:56:02 - INFO - utils.trainer -   Loss: 0.68004
07/27/2026 21:56:02 - INFO - utils.trainer -   AUC: 0.58861
07/27/2026 21:56:02 - INFO - utils.trainer -   Accuracy: 0.60714
07/27/2026 21:56:02 - INFO - utils.trainer -   Precision: 0.60714
07/27/2026 21:56:02 - INFO - utils.trainer -   Recall: 1.00000
07/27/2026 21:56:02 - INFO - utils.trainer -   F_score: 0.75556
07/27/2026 21:56:02 - INFO - utils.trainer -   Specificity: 0.00000
07/27/2026 21:56:02 - INFO - utils.trainer -   Sensitivity: 0.00000
07/27/2026 21:56:02 - INFO - utils.trainer -   Epoch: 2, Loss: 0.69580, Val loss: 0.71005, Test loss: 0.68004, Val Acc: 0.4405, Best val loss: 0.7107, No improve: 1/20, Time: 0.7s
07/27/2026 21:56:03 - INFO - utils.trainer -   ***** Running evaluation on val dataset *****
07/27/2026 21:56:04 - INFO - utils.trainer -   Loss: 0.71023
07/27/2026 21:56:04 - INFO - utils.trainer -   AUC: 0.60099
07/27/2026 21:56:04 - INFO - utils.trainer -   Accuracy: 0.44048
07/27/2026 21:56:04 - INFO - utils.trainer -   Precision: 0.44048
07/27/2026 21:56:04 - INFO - utils.trainer -   Recall: 1.00000
07/27/2026 21:56:04 - INFO - utils.trainer -   F_score: 0.61157
07/27/2026 21:56:04 - INFO - utils.trainer -   Specificity: 0.00000
07/27/2026 21:56:04 - INFO - utils.trainer -   Sensitivity: 0.00000
07/27/2026 21:56:04 - INFO - utils.trainer -   ***** Running evaluation on test dataset *****
07/27/2026 23:23:15 - INFO - __main__ -   ########## Repeat:0 ##########
07/27/2026 23:23:15 - INFO - utils.trainer -   ***** Running training *****
07/27/2026 23:23:15 - INFO - utils.trainer -     Num examples = 32
07/27/2026 23:23:15 - INFO - utils.trainer -     Num Epochs = 200
07/27/2026 23:23:15 - INFO - utils.trainer -     Total train batch size = 4
07/27/2026 23:23:15 - INFO - utils.trainer -     warmup steps = 400
07/27/2026 23:23:15 - INFO - utils.trainer -     Total optimization steps = 6400
07/27/2026 23:23:15 - INFO - utils.trainer -     Save steps = 200
07/27/2026 23:23:16 - INFO - utils.trainer -   ***** Running evaluation on val dataset *****
07/27/2026 23:23:17 - INFO - utils.trainer -   Loss: 0.70935
07/27/2026 23:23:17 - INFO - utils.trainer -   AUC: 0.58094
07/27/2026 23:23:17 - INFO - utils.trainer -   Accuracy: 0.44048
07/27/2026 23:23:17 - INFO - utils.trainer -   Precision: 0.44048
07/27/2026 23:23:17 - INFO - utils.trainer -   Recall: 1.00000
07/27/2026 23:23:17 - INFO - utils.trainer -   F_score: 0.61157
07/27/2026 23:23:17 - INFO - utils.trainer -   Specificity: 0.00000
07/27/2026 23:23:17 - INFO - utils.trainer -   Sensitivity: 0.00000
07/27/2026 23:23:17 - INFO - utils.trainer -   ***** Running evaluation on test dataset *****
07/27/2026 23:23:17 - INFO - utils.trainer -   Loss: 0.68508
07/27/2026 23:23:17 - INFO - utils.trainer -   AUC: 0.40567
07/27/2026 23:23:17 - INFO - utils.trainer -   Accuracy: 0.60714
07/27/2026 23:23:17 - INFO - utils.trainer -   Precision: 0.60714
07/27/2026 23:23:17 - INFO - utils.trainer -   Recall: 1.00000
07/27/2026 23:23:17 - INFO - utils.trainer -   F_score: 0.75556
07/27/2026 23:23:17 - INFO - utils.trainer -   Specificity: 0.00000
07/27/2026 23:23:17 - INFO - utils.trainer -   Sensitivity: 0.00000
07/27/2026 23:23:17 - INFO - utils.trainer -   Model saved to output_dir/BrainNetCNN
07/27/2026 23:23:17 - INFO - utils.trainer -   Best model saved (val_loss=0.7093, test_acc=0.6071)
07/27/2026 23:23:17 - INFO - utils.trainer -   Epoch: 1, Loss: 0.67892, Val loss: 0.70935, Test loss: 0.68508, Val Acc: 0.4405, Best val loss: 0.7093, No improve: 0/20, Time: 1.2s
07/27/2026 23:23:18 - INFO - utils.trainer -   ***** Running evaluation on val dataset *****
07/27/2026 23:23:18 - INFO - utils.trainer -   Loss: 0.70886
07/27/2026 23:23:18 - INFO - utils.trainer -   AUC: 0.67611
07/27/2026 23:23:18 - INFO - utils.trainer -   Accuracy: 0.44048
07/27/2026 23:23:18 - INFO - utils.trainer -   Precision: 0.44048
07/27/2026 23:23:18 - INFO - utils.trainer -   Recall: 1.00000
07/27/2026 23:23:18 - INFO - utils.trainer -   F_score: 0.61157
07/27/2026 23:23:18 - INFO - utils.trainer -   Specificity: 0.00000
07/27/2026 23:23:18 - INFO - utils.trainer -   Sensitivity: 0.00000
07/27/2026 23:23:18 - INFO - utils.trainer -   ***** Running evaluation on test dataset *****
07/27/2026 23:23:19 - INFO - utils.trainer -   Loss: 0.68645
07/27/2026 23:23:19 - INFO - utils.trainer -   AUC: 0.41384
07/27/2026 23:23:19 - INFO - utils.trainer -   Accuracy: 0.60714
07/27/2026 23:23:19 - INFO - utils.trainer -   Precision: 0.60714
07/27/2026 23:23:19 - INFO - utils.trainer -   Recall: 1.00000
07/27/2026 23:23:19 - INFO - utils.trainer -   F_score: 0.75556
07/27/2026 23:23:19 - INFO - utils.trainer -   Specificity: 0.00000
07/27/2026 23:23:19 - INFO - utils.trainer -   Sensitivity: 0.00000
07/27/2026 23:23:19 - INFO - utils.trainer -   Epoch: 2, Loss: 0.69417, Val loss: 0.70886, Test loss: 0.68645, Val Acc: 0.4405, Best val loss: 0.7093, No improve: 1/20, Time: 0.8s
07/27/2026 23:23:20 - INFO - utils.trainer -   ***** Running evaluation on val dataset *****
07/27/2026 23:23:20 - INFO - utils.trainer -   Loss: 0.70823
07/27/2026 23:23:20 - INFO - utils.trainer -   AUC: 0.68358
07/27/2026 23:23:20 - INFO - utils.trainer -   Accuracy: 0.44048
07/27/2026 23:23:20 - INFO - utils.trainer -   Precision: 0.44048
07/27/2026 23:23:20 - INFO - utils.trainer -   Recall: 1.00000
07/27/2026 23:23:20 - INFO - utils.trainer -   F_score: 0.61157
07/27/2026 23:23:20 - INFO - utils.trainer -   Specificity: 0.00000
07/27/2026 23:23:20 - INFO - utils.trainer -   Sensitivity: 0.00000
07/27/2026 23:23:20 - INFO - utils.trainer -   ***** Running evaluation on test dataset *****
07/27/2026 23:23:21 - INFO - utils.trainer -   Loss: 0.68575
07/27/2026 23:23:21 - INFO - utils.trainer -   AUC: 0.47683
07/27/2026 23:23:21 - INFO - utils.trainer -   Accuracy: 0.60714
07/27/2026 23:23:21 - INFO - utils.trainer -   Precision: 0.60714
07/27/2026 23:23:21 - INFO - utils.trainer -   Recall: 1.00000
07/27/2026 23:23:21 - INFO - utils.trainer -   F_score: 0.75556
07/27/2026 23:23:21 - INFO - utils.trainer -   Specificity: 0.00000
07/27/2026 23:23:21 - INFO - utils.trainer -   Sensitivity: 0.00000
07/27/2026 23:23:21 - INFO - utils.trainer -   Model saved to output_dir/BrainNetCNN
07/27/2026 23:23:21 - INFO - utils.trainer -   Best model saved (val_loss=0.7082, test_acc=0.6071)
07/27/2026 23:23:21 - INFO - utils.trainer -   Epoch: 3, Loss: 0.69923, Val loss: 0.70823, Test loss: 0.68575, Val Acc: 0.4405, Best val loss: 0.7082, No improve: 0/20, Time: 0.8s
07/27/2026 23:23:21 - INFO - utils.trainer -   ***** Running evaluation on val dataset *****
