08/01/2026 22:57:17 - INFO - __main__ -   ########## Repeat:0 ##########
08/01/2026 22:57:17 - INFO - utils.trainer -   ***** Running training *****
08/01/2026 22:57:17 - INFO - utils.trainer -     Num examples = 48
08/01/2026 22:57:17 - INFO - utils.trainer -     Num Epochs = 200
08/01/2026 22:57:17 - INFO - utils.trainer -     Total train batch size = 3
08/01/2026 22:57:17 - INFO - utils.trainer -     warmup steps = 400
08/01/2026 22:57:17 - INFO - utils.trainer -     Total optimization steps = 9600
08/01/2026 22:57:17 - INFO - utils.trainer -     Save steps = 25
08/01/2026 22:57:40 - INFO - utils.trainer -   ***** Running evaluation on val dataset *****
08/01/2026 22:57:42 - INFO - utils.trainer -   Loss: 0.71025
08/01/2026 22:57:42 - INFO - utils.trainer -   AUC: 0.48725
08/01/2026 22:57:42 - INFO - utils.trainer -   Accuracy: 0.53125
08/01/2026 22:57:42 - INFO - utils.trainer -   Precision: 0.53125
08/01/2026 22:57:42 - INFO - utils.trainer -   Specificity: 0.00000
08/01/2026 22:57:42 - INFO - utils.trainer -   Sensitivity: 1.00000
08/01/2026 22:57:43 - INFO - utils.trainer -   Model saved to output_dir/TimeLLM_Beirut_train
08/01/2026 22:57:43 - INFO - utils.trainer -   Best model saved (val_AUC=0.4873)
08/01/2026 22:57:43 - INFO - utils.trainer -   Epoch: 1, Loss: 1.01968, Val loss: 0.71025, Val AUC: 0.4873, Best val AUC: 0.4873, No improve: 0/10, Time: 22.4s
08/01/2026 22:58:05 - INFO - utils.trainer -   ***** Running evaluation on val dataset *****
08/01/2026 22:58:08 - INFO - utils.trainer -   Loss: 0.69515
08/01/2026 22:58:08 - INFO - utils.trainer -   AUC: 0.57636
08/01/2026 22:58:08 - INFO - utils.trainer -   Accuracy: 0.51562
08/01/2026 22:58:08 - INFO - utils.trainer -   Precision: 1.00000
08/01/2026 22:58:08 - INFO - utils.trainer -   Specificity: 1.00000
08/01/2026 22:58:08 - INFO - utils.trainer -   Sensitivity: 0.08824
08/01/2026 22:58:09 - INFO - utils.trainer -   Model saved to output_dir/TimeLLM_Beirut_train
08/01/2026 22:58:09 - INFO - utils.trainer -   Best model saved (val_AUC=0.5764)
08/01/2026 22:58:09 - INFO - utils.trainer -   Epoch: 2, Loss: 0.80872, Val loss: 0.69515, Val AUC: 0.5764, Best val AUC: 0.5764, No improve: 0/10, Time: 21.9s
08/01/2026 22:58:30 - INFO - utils.trainer -   ***** Running evaluation on val dataset *****
08/01/2026 22:58:33 - INFO - utils.trainer -   Loss: 0.77914
08/01/2026 22:58:33 - INFO - utils.trainer -   AUC: 0.52691
08/01/2026 22:58:33 - INFO - utils.trainer -   Accuracy: 0.46875
08/01/2026 22:58:33 - INFO - utils.trainer -   Precision: 0.00000
08/01/2026 22:58:33 - INFO - utils.trainer -   Specificity: 1.00000
08/01/2026 22:58:33 - INFO - utils.trainer -   Sensitivity: 0.00000
08/01/2026 22:58:33 - INFO - utils.trainer -   Epoch: 3, Loss: 0.78777, Val loss: 0.77914, Val AUC: 0.5269, Best val AUC: 0.5764, No improve: 1/10, Time: 21.7s
08/01/2026 22:58:55 - INFO - utils.trainer -   ***** Running evaluation on val dataset *****
08/01/2026 22:58:57 - INFO - utils.trainer -   Loss: 0.71131
08/01/2026 22:58:57 - INFO - utils.trainer -   AUC: 0.51089
08/01/2026 22:58:57 - INFO - utils.trainer -   Accuracy: 0.53125
08/01/2026 22:58:57 - INFO - utils.trainer -   Precision: 0.53125
08/01/2026 22:58:57 - INFO - utils.trainer -   Specificity: 0.00000
08/01/2026 22:58:57 - INFO - utils.trainer -   Sensitivity: 1.00000
08/01/2026 22:58:57 - INFO - utils.trainer -   Epoch: 4, Loss: 0.84387, Val loss: 0.71131, Val AUC: 0.5109, Best val AUC: 0.5764, No improve: 2/10, Time: 21.8s
08/01/2026 22:59:19 - INFO - utils.trainer -   ***** Running evaluation on val dataset *****
08/01/2026 22:59:22 - INFO - utils.trainer -   Loss: 0.69483
08/01/2026 22:59:22 - INFO - utils.trainer -   AUC: 0.56503
08/01/2026 22:59:22 - INFO - utils.trainer -   Accuracy: 0.53125
08/01/2026 22:59:22 - INFO - utils.trainer -   Precision: 0.53125
08/01/2026 22:59:22 - INFO - utils.trainer -   Specificity: 0.00000
08/01/2026 22:59:22 - INFO - utils.trainer -   Sensitivity: 1.00000
08/01/2026 22:59:22 - INFO - utils.trainer -   Epoch: 5, Loss: 0.81559, Val loss: 0.69483, Val AUC: 0.5650, Best val AUC: 0.5764, No improve: 3/10, Time: 21.8s
08/01/2026 22:59:43 - INFO - utils.trainer -   ***** Running evaluation on val dataset *****
08/01/2026 22:59:46 - INFO - utils.trainer -   Loss: 0.78160
08/01/2026 22:59:46 - INFO - utils.trainer -   AUC: 0.48442
08/01/2026 22:59:46 - INFO - utils.trainer -   Accuracy: 0.46875
08/01/2026 22:59:46 - INFO - utils.trainer -   Precision: 0.00000
08/01/2026 22:59:46 - INFO - utils.trainer -   Specificity: 1.00000
08/01/2026 22:59:46 - INFO - utils.trainer -   Sensitivity: 0.00000
08/01/2026 22:59:46 - INFO - utils.trainer -   Epoch: 6, Loss: 0.77096, Val loss: 0.78160, Val AUC: 0.4844, Best val AUC: 0.5764, No improve: 4/10, Time: 21.8s
08/01/2026 23:00:08 - INFO - utils.trainer -   ***** Running evaluation on val dataset *****
08/01/2026 23:00:10 - INFO - utils.trainer -   Loss: 0.83681
08/01/2026 23:00:10 - INFO - utils.trainer -   AUC: 0.49542
08/01/2026 23:00:10 - INFO - utils.trainer -   Accuracy: 0.46875
08/01/2026 23:00:10 - INFO - utils.trainer -   Precision: 0.00000
08/01/2026 23:00:10 - INFO - utils.trainer -   Specificity: 1.00000
08/01/2026 23:00:10 - INFO - utils.trainer -   Sensitivity: 0.00000
08/01/2026 23:00:10 - INFO - utils.trainer -   Epoch: 7, Loss: 0.79473, Val loss: 0.83681, Val AUC: 0.4954, Best val AUC: 0.5764, No improve: 5/10, Time: 21.8s
08/01/2026 23:00:32 - INFO - utils.trainer -   ***** Running evaluation on val dataset *****
08/01/2026 23:00:35 - INFO - utils.trainer -   Loss: 0.73483
08/01/2026 23:00:35 - INFO - utils.trainer -   AUC: 0.52549
08/01/2026 23:00:35 - INFO - utils.trainer -   Accuracy: 0.46875
08/01/2026 23:00:35 - INFO - utils.trainer -   Precision: 0.00000
08/01/2026 23:00:35 - INFO - utils.trainer -   Specificity: 1.00000
08/01/2026 23:00:35 - INFO - utils.trainer -   Sensitivity: 0.00000
08/01/2026 23:00:35 - INFO - utils.trainer -   Epoch: 8, Loss: 0.77010, Val loss: 0.73483, Val AUC: 0.5255, Best val AUC: 0.5764, No improve: 6/10, Time: 21.8s
08/01/2026 23:00:56 - INFO - utils.trainer -   ***** Running evaluation on val dataset *****
08/01/2026 23:00:59 - INFO - utils.trainer -   Loss: 0.69325
08/01/2026 23:00:59 - INFO - utils.trainer -   AUC: 0.55142
08/01/2026 23:00:59 - INFO - utils.trainer -   Accuracy: 0.49479
08/01/2026 23:00:59 - INFO - utils.trainer -   Precision: 0.69231
08/01/2026 23:00:59 - INFO - utils.trainer -   Specificity: 0.95556
08/01/2026 23:00:59 - INFO - utils.trainer -   Sensitivity: 0.08824
08/01/2026 23:00:59 - INFO - utils.trainer -   Epoch: 9, Loss: 0.75646, Val loss: 0.69325, Val AUC: 0.5514, Best val AUC: 0.5764, No improve: 7/10, Time: 21.7s
08/01/2026 23:01:21 - INFO - utils.trainer -   ***** Running evaluation on val dataset *****
08/01/2026 23:01:24 - INFO - utils.trainer -   Loss: 0.87536
08/01/2026 23:01:24 - INFO - utils.trainer -   AUC: 0.48061
08/01/2026 23:01:24 - INFO - utils.trainer -   Accuracy: 0.46875
08/01/2026 23:01:24 - INFO - utils.trainer -   Precision: 0.00000
08/01/2026 23:01:24 - INFO - utils.trainer -   Specificity: 1.00000
08/01/2026 23:01:24 - INFO - utils.trainer -   Sensitivity: 0.00000
08/01/2026 23:01:24 - INFO - utils.trainer -   Epoch: 10, Loss: 0.70149, Val loss: 0.87536, Val AUC: 0.4806, Best val AUC: 0.5764, No improve: 8/10, Time: 22.0s
08/01/2026 23:01:46 - INFO - utils.trainer -   ***** Running evaluation on val dataset *****
08/01/2026 23:01:48 - INFO - utils.trainer -   Loss: 0.68822
08/01/2026 23:01:48 - INFO - utils.trainer -   AUC: 0.57309
08/01/2026 23:01:48 - INFO - utils.trainer -   Accuracy: 0.50521
08/01/2026 23:01:48 - INFO - utils.trainer -   Precision: 0.52482
08/01/2026 23:01:48 - INFO - utils.trainer -   Specificity: 0.25556
08/01/2026 23:01:48 - INFO - utils.trainer -   Sensitivity: 0.72549
08/01/2026 23:01:48 - INFO - utils.trainer -   Epoch: 11, Loss: 0.74102, Val loss: 0.68822, Val AUC: 0.5731, Best val AUC: 0.5764, No improve: 9/10, Time: 21.9s
08/01/2026 23:02:10 - INFO - utils.trainer -   ***** Running evaluation on val dataset *****
08/01/2026 23:02:13 - INFO - utils.trainer -   Loss: 0.71187
08/01/2026 23:02:13 - INFO - utils.trainer -   AUC: 0.60763
08/01/2026 23:02:13 - INFO - utils.trainer -   Accuracy: 0.46875
08/01/2026 23:02:13 - INFO - utils.trainer -   Precision: 0.00000
08/01/2026 23:02:13 - INFO - utils.trainer -   Specificity: 1.00000
08/01/2026 23:02:13 - INFO - utils.trainer -   Sensitivity: 0.00000
08/01/2026 23:02:13 - INFO - utils.trainer -   Model saved to output_dir/TimeLLM_Beirut_train
08/01/2026 23:02:13 - INFO - utils.trainer -   Best model saved (val_AUC=0.6076)
08/01/2026 23:02:13 - INFO - utils.trainer -   Epoch: 12, Loss: 0.70040, Val loss: 0.71187, Val AUC: 0.6076, Best val AUC: 0.6076, No improve: 0/10, Time: 21.8s
08/01/2026 23:02:35 - INFO - utils.trainer -   ***** Running evaluation on val dataset *****
08/01/2026 23:02:38 - INFO - utils.trainer -   Loss: 0.67686
08/01/2026 23:02:38 - INFO - utils.trainer -   AUC: 0.64728
08/01/2026 23:02:38 - INFO - utils.trainer -   Accuracy: 0.59375
08/01/2026 23:02:38 - INFO - utils.trainer -   Precision: 0.78571
08/01/2026 23:02:38 - INFO - utils.trainer -   Specificity: 0.90000
08/01/2026 23:02:38 - INFO - utils.trainer -   Sensitivity: 0.32353
08/01/2026 23:02:39 - INFO - utils.trainer -   Model saved to output_dir/TimeLLM_Beirut_train
08/01/2026 23:02:39 - INFO - utils.trainer -   Best model saved (val_AUC=0.6473)
08/01/2026 23:02:39 - INFO - utils.trainer -   Epoch: 13, Loss: 0.74405, Val loss: 0.67686, Val AUC: 0.6473, Best val AUC: 0.6473, No improve: 0/10, Time: 21.8s
08/01/2026 23:03:01 - INFO - utils.trainer -   ***** Running evaluation on val dataset *****
08/01/2026 23:03:03 - INFO - utils.trainer -   Loss: 0.80921
08/01/2026 23:03:03 - INFO - utils.trainer -   AUC: 0.65261
08/01/2026 23:03:03 - INFO - utils.trainer -   Accuracy: 0.53125
08/01/2026 23:03:03 - INFO - utils.trainer -   Precision: 0.53125
08/01/2026 23:03:03 - INFO - utils.trainer -   Specificity: 0.00000
08/01/2026 23:03:03 - INFO - utils.trainer -   Sensitivity: 1.00000
08/01/2026 23:03:04 - INFO - utils.trainer -   Model saved to output_dir/TimeLLM_Beirut_train
08/01/2026 23:03:04 - INFO - utils.trainer -   Best model saved (val_AUC=0.6526)
08/01/2026 23:03:04 - INFO - utils.trainer -   Epoch: 14, Loss: 0.75419, Val loss: 0.80921, Val AUC: 0.6526, Best val AUC: 0.6526, No improve: 0/10, Time: 21.8s
08/01/2026 23:03:26 - INFO - utils.trainer -   ***** Running evaluation on val dataset *****
08/01/2026 23:03:28 - INFO - utils.trainer -   Loss: 0.63571
08/01/2026 23:03:28 - INFO - utils.trainer -   AUC: 0.68900
08/01/2026 23:03:28 - INFO - utils.trainer -   Accuracy: 0.61979
08/01/2026 23:03:28 - INFO - utils.trainer -   Precision: 0.65591
08/01/2026 23:03:28 - INFO - utils.trainer -   Specificity: 0.64444
08/01/2026 23:03:28 - INFO - utils.trainer -   Sensitivity: 0.59804
08/01/2026 23:03:29 - INFO - utils.trainer -   Model saved to output_dir/TimeLLM_Beirut_train
08/01/2026 23:03:29 - INFO - utils.trainer -   Best model saved (val_AUC=0.6890)
08/01/2026 23:03:29 - INFO - utils.trainer -   Epoch: 15, Loss: 0.77875, Val loss: 0.63571, Val AUC: 0.6890, Best val AUC: 0.6890, No improve: 0/10, Time: 21.9s
08/01/2026 23:03:51 - INFO - utils.trainer -   ***** Running evaluation on val dataset *****
08/01/2026 23:03:54 - INFO - utils.trainer -   Loss: 0.70004
08/01/2026 23:03:54 - INFO - utils.trainer -   AUC: 0.63497
08/01/2026 23:03:54 - INFO - utils.trainer -   Accuracy: 0.52083
08/01/2026 23:03:54 - INFO - utils.trainer -   Precision: 0.81250
08/01/2026 23:03:54 - INFO - utils.trainer -   Specificity: 0.96667
08/01/2026 23:03:54 - INFO - utils.trainer -   Sensitivity: 0.12745
08/01/2026 23:03:54 - INFO - utils.trainer -   Epoch: 16, Loss: 0.68428, Val loss: 0.70004, Val AUC: 0.6350, Best val AUC: 0.6890, No improve: 1/10, Time: 21.9s
08/01/2026 23:04:16 - INFO - utils.trainer -   ***** Running evaluation on val dataset *****
08/01/2026 23:04:18 - INFO - utils.trainer -   Loss: 0.64300
08/01/2026 23:04:18 - INFO - utils.trainer -   AUC: 0.67037
08/01/2026 23:04:18 - INFO - utils.trainer -   Accuracy: 0.62500
08/01/2026 23:04:18 - INFO - utils.trainer -   Precision: 0.64706
08/01/2026 23:04:18 - INFO - utils.trainer -   Specificity: 0.60000
08/01/2026 23:04:18 - INFO - utils.trainer -   Sensitivity: 0.64706
08/01/2026 23:04:18 - INFO - utils.trainer -   Epoch: 17, Loss: 0.68097, Val loss: 0.64300, Val AUC: 0.6704, Best val AUC: 0.6890, No improve: 2/10, Time: 21.9s
08/01/2026 23:04:40 - INFO - utils.trainer -   ***** Running evaluation on val dataset *****
08/01/2026 23:04:43 - INFO - utils.trainer -   Loss: 0.73537
08/01/2026 23:04:43 - INFO - utils.trainer -   AUC: 0.71939
08/01/2026 23:04:43 - INFO - utils.trainer -   Accuracy: 0.58854
08/01/2026 23:04:43 - INFO - utils.trainer -   Precision: 0.56497
08/01/2026 23:04:43 - INFO - utils.trainer -   Specificity: 0.14444
08/01/2026 23:04:43 - INFO - utils.trainer -   Sensitivity: 0.98039
08/01/2026 23:04:44 - INFO - utils.trainer -   Model saved to output_dir/TimeLLM_Beirut_train
08/01/2026 23:04:44 - INFO - utils.trainer -   Best model saved (val_AUC=0.7194)
08/01/2026 23:04:44 - INFO - utils.trainer -   Epoch: 18, Loss: 0.63550, Val loss: 0.73537, Val AUC: 0.7194, Best val AUC: 0.7194, No improve: 0/10, Time: 21.8s
08/01/2026 23:05:05 - INFO - utils.trainer -   ***** Running evaluation on val dataset *****
08/01/2026 23:05:08 - INFO - utils.trainer -   Loss: 0.80196
08/01/2026 23:05:08 - INFO - utils.trainer -   AUC: 0.63976
08/01/2026 23:05:08 - INFO - utils.trainer -   Accuracy: 0.48438
08/01/2026 23:05:08 - INFO - utils.trainer -   Precision: 1.00000
08/01/2026 23:05:08 - INFO - utils.trainer -   Specificity: 1.00000
08/01/2026 23:05:08 - INFO - utils.trainer -   Sensitivity: 0.02941
08/01/2026 23:05:08 - INFO - utils.trainer -   Epoch: 19, Loss: 0.62428, Val loss: 0.80196, Val AUC: 0.6398, Best val AUC: 0.7194, No improve: 1/10, Time: 21.9s
08/01/2026 23:05:30 - INFO - utils.trainer -   ***** Running evaluation on val dataset *****
08/01/2026 23:05:32 - INFO - utils.trainer -   Loss: 0.73205
08/01/2026 23:05:32 - INFO - utils.trainer -   AUC: 0.71525
08/01/2026 23:05:32 - INFO - utils.trainer -   Accuracy: 0.53646
08/01/2026 23:05:32 - INFO - utils.trainer -   Precision: 0.80952
08/01/2026 23:05:32 - INFO - utils.trainer -   Specificity: 0.95556
08/01/2026 23:05:32 - INFO - utils.trainer -   Sensitivity: 0.16667
08/01/2026 23:05:32 - INFO - utils.trainer -   Epoch: 20, Loss: 0.62344, Val loss: 0.73205, Val AUC: 0.7153, Best val AUC: 0.7194, No improve: 2/10, Time: 21.8s
08/01/2026 23:05:54 - INFO - utils.trainer -   ***** Running evaluation on val dataset *****
08/01/2026 23:05:57 - INFO - utils.trainer -   Loss: 0.71384
08/01/2026 23:05:57 - INFO - utils.trainer -   AUC: 0.71438
08/01/2026 23:05:57 - INFO - utils.trainer -   Accuracy: 0.58333
08/01/2026 23:05:57 - INFO - utils.trainer -   Precision: 0.77500
08/01/2026 23:05:57 - INFO - utils.trainer -   Specificity: 0.90000
08/01/2026 23:05:57 - INFO - utils.trainer -   Sensitivity: 0.30392
08/01/2026 23:05:57 - INFO - utils.trainer -   Epoch: 21, Loss: 0.67999, Val loss: 0.71384, Val AUC: 0.7144, Best val AUC: 0.7194, No improve: 3/10, Time: 21.9s
08/01/2026 23:06:19 - INFO - utils.trainer -   ***** Running evaluation on val dataset *****
08/01/2026 23:06:21 - INFO - utils.trainer -   Loss: 0.63391
08/01/2026 23:06:21 - INFO - utils.trainer -   AUC: 0.72135
08/01/2026 23:06:21 - INFO - utils.trainer -   Accuracy: 0.59375
08/01/2026 23:06:21 - INFO - utils.trainer -   Precision: 0.74000
08/01/2026 23:06:21 - INFO - utils.trainer -   Specificity: 0.85556
08/01/2026 23:06:21 - INFO - utils.trainer -   Sensitivity: 0.36275
08/01/2026 23:06:22 - INFO - utils.trainer -   Model saved to output_dir/TimeLLM_Beirut_train
08/01/2026 23:06:22 - INFO - utils.trainer -   Best model saved (val_AUC=0.7214)
08/01/2026 23:06:22 - INFO - utils.trainer -   Epoch: 22, Loss: 0.62629, Val loss: 0.63391, Val AUC: 0.7214, Best val AUC: 0.7214, No improve: 0/10, Time: 21.8s
08/01/2026 23:06:44 - INFO - utils.trainer -   ***** Running evaluation on val dataset *****
08/01/2026 23:06:47 - INFO - utils.trainer -   Loss: 0.63907
08/01/2026 23:06:47 - INFO - utils.trainer -   AUC: 0.69771
08/01/2026 23:06:47 - INFO - utils.trainer -   Accuracy: 0.66667
08/01/2026 23:06:47 - INFO - utils.trainer -   Precision: 0.70213
08/01/2026 23:06:47 - INFO - utils.trainer -   Specificity: 0.68889
08/01/2026 23:06:47 - INFO - utils.trainer -   Sensitivity: 0.64706
08/01/2026 23:06:47 - INFO - utils.trainer -   Epoch: 23, Loss: 0.60873, Val loss: 0.63907, Val AUC: 0.6977, Best val AUC: 0.7214, No improve: 1/10, Time: 21.9s
08/01/2026 23:07:08 - INFO - utils.trainer -   ***** Running evaluation on val dataset *****
08/01/2026 23:07:12 - INFO - utils.trainer -   Loss: 0.61461
08/01/2026 23:07:12 - INFO - utils.trainer -   AUC: 0.73420
08/01/2026 23:07:12 - INFO - utils.trainer -   Accuracy: 0.68229
08/01/2026 23:07:12 - INFO - utils.trainer -   Precision: 0.69159
08/01/2026 23:07:12 - INFO - utils.trainer -   Specificity: 0.63333
08/01/2026 23:07:12 - INFO - utils.trainer -   Sensitivity: 0.72549
08/01/2026 23:07:12 - INFO - utils.trainer -   Model saved to output_dir/TimeLLM_Beirut_train
08/01/2026 23:07:12 - INFO - utils.trainer -   Best model saved (val_AUC=0.7342)
08/01/2026 23:07:12 - INFO - utils.trainer -   Epoch: 24, Loss: 0.63510, Val loss: 0.61461, Val AUC: 0.7342, Best val AUC: 0.7342, No improve: 0/10, Time: 21.8s
08/01/2026 23:07:35 - INFO - utils.trainer -   ***** Running evaluation on val dataset *****
08/01/2026 23:07:37 - INFO - utils.trainer -   Loss: 0.62624
08/01/2026 23:07:37 - INFO - utils.trainer -   AUC: 0.73965
08/01/2026 23:07:37 - INFO - utils.trainer -   Accuracy: 0.69271
08/01/2026 23:07:37 - INFO - utils.trainer -   Precision: 0.68696
08/01/2026 23:07:37 - INFO - utils.trainer -   Specificity: 0.60000
08/01/2026 23:07:37 - INFO - utils.trainer -   Sensitivity: 0.77451
08/01/2026 23:07:38 - INFO - utils.trainer -   Model saved to output_dir/TimeLLM_Beirut_train
08/01/2026 23:07:38 - INFO - utils.trainer -   Best model saved (val_AUC=0.7397)
08/01/2026 23:07:39 - INFO - utils.trainer -   Model saved to output_dir/TimeLLM_Beirut_train/checkpoint-epoch-25
08/01/2026 23:07:39 - INFO - utils.trainer -   Checkpoint saved at epoch 25
08/01/2026 23:07:39 - INFO - utils.trainer -   Epoch: 25, Loss: 0.58166, Val loss: 0.62624, Val AUC: 0.7397, Best val AUC: 0.7397, No improve: 0/10, Time: 22.2s
08/01/2026 23:08:01 - INFO - utils.trainer -   ***** Running evaluation on val dataset *****
08/01/2026 23:08:04 - INFO - utils.trainer -   Loss: 0.73466
08/01/2026 23:08:04 - INFO - utils.trainer -   AUC: 0.70632
08/01/2026 23:08:04 - INFO - utils.trainer -   Accuracy: 0.57292
08/01/2026 23:08:04 - INFO - utils.trainer -   Precision: 0.72727
08/01/2026 23:08:04 - INFO - utils.trainer -   Specificity: 0.86667
08/01/2026 23:08:04 - INFO - utils.trainer -   Sensitivity: 0.31373
08/01/2026 23:08:04 - INFO - utils.trainer -   Epoch: 26, Loss: 0.53837, Val loss: 0.73466, Val AUC: 0.7063, Best val AUC: 0.7397, No improve: 1/10, Time: 21.9s
08/01/2026 23:08:26 - INFO - utils.trainer -   ***** Running evaluation on val dataset *****
08/01/2026 23:08:28 - INFO - utils.trainer -   Loss: 0.63387
08/01/2026 23:08:28 - INFO - utils.trainer -   AUC: 0.72081
08/01/2026 23:08:28 - INFO - utils.trainer -   Accuracy: 0.63542
08/01/2026 23:08:28 - INFO - utils.trainer -   Precision: 0.61429
08/01/2026 23:08:28 - INFO - utils.trainer -   Specificity: 0.40000
08/01/2026 23:08:28 - INFO - utils.trainer -   Sensitivity: 0.84314
08/01/2026 23:08:28 - INFO - utils.trainer -   Epoch: 27, Loss: 0.56939, Val loss: 0.63387, Val AUC: 0.7208, Best val AUC: 0.7397, No improve: 2/10, Time: 21.8s
08/01/2026 23:08:50 - INFO - utils.trainer -   ***** Running evaluation on val dataset *****
08/01/2026 23:08:53 - INFO - utils.trainer -   Loss: 0.61388
08/01/2026 23:08:53 - INFO - utils.trainer -   AUC: 0.76318
08/01/2026 23:08:53 - INFO - utils.trainer -   Accuracy: 0.67708
08/01/2026 23:08:53 - INFO - utils.trainer -   Precision: 0.73256
08/01/2026 23:08:53 - INFO - utils.trainer -   Specificity: 0.74444
08/01/2026 23:08:53 - INFO - utils.trainer -   Sensitivity: 0.61765
08/01/2026 23:08:53 - INFO - utils.trainer -   Model saved to output_dir/TimeLLM_Beirut_train
08/01/2026 23:08:53 - INFO - utils.trainer -   Best model saved (val_AUC=0.7632)
08/01/2026 23:08:53 - INFO - utils.trainer -   Epoch: 28, Loss: 0.53521, Val loss: 0.61388, Val AUC: 0.7632, Best val AUC: 0.7632, No improve: 0/10, Time: 21.8s
08/01/2026 23:09:15 - INFO - utils.trainer -   ***** Running evaluation on val dataset *****
08/01/2026 23:09:18 - INFO - utils.trainer -   Loss: 0.68684
08/01/2026 23:09:18 - INFO - utils.trainer -   AUC: 0.69314
08/01/2026 23:09:18 - INFO - utils.trainer -   Accuracy: 0.63021
08/01/2026 23:09:18 - INFO - utils.trainer -   Precision: 0.65979
08/01/2026 23:09:18 - INFO - utils.trainer -   Specificity: 0.63333
08/01/2026 23:09:18 - INFO - utils.trainer -   Sensitivity: 0.62745
08/01/2026 23:09:18 - INFO - utils.trainer -   Epoch: 29, Loss: 0.53946, Val loss: 0.68684, Val AUC: 0.6931, Best val AUC: 0.7632, No improve: 1/10, Time: 21.8s
08/01/2026 23:09:40 - INFO - utils.trainer -   ***** Running evaluation on val dataset *****
08/01/2026 23:09:42 - INFO - utils.trainer -   Loss: 0.71340
08/01/2026 23:09:42 - INFO - utils.trainer -   AUC: 0.76089
08/01/2026 23:09:42 - INFO - utils.trainer -   Accuracy: 0.64062
08/01/2026 23:09:42 - INFO - utils.trainer -   Precision: 0.60377
08/01/2026 23:09:42 - INFO - utils.trainer -   Specificity: 0.30000
08/01/2026 23:09:42 - INFO - utils.trainer -   Sensitivity: 0.94118
08/01/2026 23:09:42 - INFO - utils.trainer -   Epoch: 30, Loss: 0.49321, Val loss: 0.71340, Val AUC: 0.7609, Best val AUC: 0.7632, No improve: 2/10, Time: 22.1s
08/01/2026 23:10:04 - INFO - utils.trainer -   ***** Running evaluation on val dataset *****
08/01/2026 23:10:07 - INFO - utils.trainer -   Loss: 0.74655
08/01/2026 23:10:07 - INFO - utils.trainer -   AUC: 0.66492
08/01/2026 23:10:07 - INFO - utils.trainer -   Accuracy: 0.58854
08/01/2026 23:10:07 - INFO - utils.trainer -   Precision: 0.59350
08/01/2026 23:10:07 - INFO - utils.trainer -   Specificity: 0.44444
08/01/2026 23:10:07 - INFO - utils.trainer -   Sensitivity: 0.71569
08/01/2026 23:10:07 - INFO - utils.trainer -   Epoch: 31, Loss: 0.49405, Val loss: 0.74655, Val AUC: 0.6649, Best val AUC: 0.7632, No improve: 3/10, Time: 21.7s
08/01/2026 23:10:29 - INFO - utils.trainer -   ***** Running evaluation on val dataset *****
08/01/2026 23:10:31 - INFO - utils.trainer -   Loss: 0.62306
08/01/2026 23:10:31 - INFO - utils.trainer -   AUC: 0.72821
08/01/2026 23:10:31 - INFO - utils.trainer -   Accuracy: 0.65104
08/01/2026 23:10:31 - INFO - utils.trainer -   Precision: 0.64463
08/01/2026 23:10:31 - INFO - utils.trainer -   Specificity: 0.52222
08/01/2026 23:10:31 - INFO - utils.trainer -   Sensitivity: 0.76471
08/01/2026 23:10:31 - INFO - utils.trainer -   Epoch: 32, Loss: 0.46482, Val loss: 0.62306, Val AUC: 0.7282, Best val AUC: 0.7632, No improve: 4/10, Time: 21.8s
08/01/2026 23:10:53 - INFO - utils.trainer -   ***** Running evaluation on val dataset *****
08/01/2026 23:10:56 - INFO - utils.trainer -   Loss: 0.75190
08/01/2026 23:10:56 - INFO - utils.trainer -   AUC: 0.75425
08/01/2026 23:10:56 - INFO - utils.trainer -   Accuracy: 0.60938
08/01/2026 23:10:56 - INFO - utils.trainer -   Precision: 0.73684
08/01/2026 23:10:56 - INFO - utils.trainer -   Specificity: 0.83333
08/01/2026 23:10:56 - INFO - utils.trainer -   Sensitivity: 0.41176
08/01/2026 23:10:56 - INFO - utils.trainer -   Epoch: 33, Loss: 0.51216, Val loss: 0.75190, Val AUC: 0.7542, Best val AUC: 0.7632, No improve: 5/10, Time: 21.9s
08/01/2026 23:11:18 - INFO - utils.trainer -   ***** Running evaluation on val dataset *****
08/01/2026 23:11:20 - INFO - utils.trainer -   Loss: 0.79843
08/01/2026 23:11:20 - INFO - utils.trainer -   AUC: 0.72756
08/01/2026 23:11:20 - INFO - utils.trainer -   Accuracy: 0.60938
08/01/2026 23:11:20 - INFO - utils.trainer -   Precision: 0.74545
08/01/2026 23:11:20 - INFO - utils.trainer -   Specificity: 0.84444
08/01/2026 23:11:20 - INFO - utils.trainer -   Sensitivity: 0.40196
08/01/2026 23:11:20 - INFO - utils.trainer -   Epoch: 34, Loss: 0.41193, Val loss: 0.79843, Val AUC: 0.7276, Best val AUC: 0.7632, No improve: 6/10, Time: 21.8s
08/01/2026 23:11:42 - INFO - utils.trainer -   ***** Running evaluation on val dataset *****
08/01/2026 23:11:45 - INFO - utils.trainer -   Loss: 0.73179
08/01/2026 23:11:45 - INFO - utils.trainer -   AUC: 0.71797
08/01/2026 23:11:45 - INFO - utils.trainer -   Accuracy: 0.65104
08/01/2026 23:11:45 - INFO - utils.trainer -   Precision: 0.66355
08/01/2026 23:11:45 - INFO - utils.trainer -   Specificity: 0.60000
08/01/2026 23:11:45 - INFO - utils.trainer -   Sensitivity: 0.69608
08/01/2026 23:11:45 - INFO - utils.trainer -   Epoch: 35, Loss: 0.34871, Val loss: 0.73179, Val AUC: 0.7180, Best val AUC: 0.7632, No improve: 7/10, Time: 22.1s
08/01/2026 23:12:07 - INFO - utils.trainer -   ***** Running evaluation on val dataset *****
08/01/2026 23:12:09 - INFO - utils.trainer -   Loss: 0.78699
08/01/2026 23:12:09 - INFO - utils.trainer -   AUC: 0.75752
08/01/2026 23:12:09 - INFO - utils.trainer -   Accuracy: 0.64583
08/01/2026 23:12:09 - INFO - utils.trainer -   Precision: 0.79310
08/01/2026 23:12:09 - INFO - utils.trainer -   Specificity: 0.86667
08/01/2026 23:12:09 - INFO - utils.trainer -   Sensitivity: 0.45098
08/01/2026 23:12:09 - INFO - utils.trainer -   Epoch: 36, Loss: 0.40195, Val loss: 0.78699, Val AUC: 0.7575, Best val AUC: 0.7632, No improve: 8/10, Time: 21.8s
08/01/2026 23:12:31 - INFO - utils.trainer -   ***** Running evaluation on val dataset *****
08/01/2026 23:12:34 - INFO - utils.trainer -   Loss: 0.66336
08/01/2026 23:12:34 - INFO - utils.trainer -   AUC: 0.76928
08/01/2026 23:12:34 - INFO - utils.trainer -   Accuracy: 0.70833
08/01/2026 23:12:34 - INFO - utils.trainer -   Precision: 0.72115
08/01/2026 23:12:34 - INFO - utils.trainer -   Specificity: 0.67778
08/01/2026 23:12:34 - INFO - utils.trainer -   Sensitivity: 0.73529
08/01/2026 23:12:35 - INFO - utils.trainer -   Model saved to output_dir/TimeLLM_Beirut_train
08/01/2026 23:12:35 - INFO - utils.trainer -   Best model saved (val_AUC=0.7693)
08/01/2026 23:12:35 - INFO - utils.trainer -   Epoch: 37, Loss: 0.36843, Val loss: 0.66336, Val AUC: 0.7693, Best val AUC: 0.7693, No improve: 0/10, Time: 21.9s
08/01/2026 23:12:56 - INFO - utils.trainer -   ***** Running evaluation on val dataset *****
08/01/2026 23:12:59 - INFO - utils.trainer -   Loss: 0.69217
08/01/2026 23:12:59 - INFO - utils.trainer -   AUC: 0.75991
08/01/2026 23:12:59 - INFO - utils.trainer -   Accuracy: 0.68229
08/01/2026 23:12:59 - INFO - utils.trainer -   Precision: 0.71579
08/01/2026 23:12:59 - INFO - utils.trainer -   Specificity: 0.70000
08/01/2026 23:12:59 - INFO - utils.trainer -   Sensitivity: 0.66667
08/01/2026 23:12:59 - INFO - utils.trainer -   Epoch: 38, Loss: 0.37601, Val loss: 0.69217, Val AUC: 0.7599, Best val AUC: 0.7693, No improve: 1/10, Time: 21.9s
08/01/2026 23:13:21 - INFO - utils.trainer -   ***** Running evaluation on val dataset *****
08/01/2026 23:13:24 - INFO - utils.trainer -   Loss: 0.66201
08/01/2026 23:13:24 - INFO - utils.trainer -   AUC: 0.79880
08/01/2026 23:13:24 - INFO - utils.trainer -   Accuracy: 0.73438
08/01/2026 23:13:24 - INFO - utils.trainer -   Precision: 0.77419
08/01/2026 23:13:24 - INFO - utils.trainer -   Specificity: 0.76667
08/01/2026 23:13:24 - INFO - utils.trainer -   Sensitivity: 0.70588
08/01/2026 23:13:25 - INFO - utils.trainer -   Model saved to output_dir/TimeLLM_Beirut_train
08/01/2026 23:13:25 - INFO - utils.trainer -   Best model saved (val_AUC=0.7988)
08/01/2026 23:13:25 - INFO - utils.trainer -   Epoch: 39, Loss: 0.38789, Val loss: 0.66201, Val AUC: 0.7988, Best val AUC: 0.7988, No improve: 0/10, Time: 21.9s
08/01/2026 23:13:47 - INFO - utils.trainer -   ***** Running evaluation on val dataset *****
08/01/2026 23:13:49 - INFO - utils.trainer -   Loss: 0.75955
08/01/2026 23:13:49 - INFO - utils.trainer -   AUC: 0.74542
08/01/2026 23:13:49 - INFO - utils.trainer -   Accuracy: 0.68229
08/01/2026 23:13:49 - INFO - utils.trainer -   Precision: 0.71579
08/01/2026 23:13:49 - INFO - utils.trainer -   Specificity: 0.70000
08/01/2026 23:13:49 - INFO - utils.trainer -   Sensitivity: 0.66667
08/01/2026 23:13:49 - INFO - utils.trainer -   Epoch: 40, Loss: 0.40319, Val loss: 0.75955, Val AUC: 0.7454, Best val AUC: 0.7988, No improve: 1/10, Time: 22.2s
08/01/2026 23:14:11 - INFO - utils.trainer -   ***** Running evaluation on val dataset *****
08/01/2026 23:14:14 - INFO - utils.trainer -   Loss: 0.73534
08/01/2026 23:14:14 - INFO - utils.trainer -   AUC: 0.77495
08/01/2026 23:14:14 - INFO - utils.trainer -   Accuracy: 0.71354
08/01/2026 23:14:14 - INFO - utils.trainer -   Precision: 0.76404
08/01/2026 23:14:14 - INFO - utils.trainer -   Specificity: 0.76667
08/01/2026 23:14:14 - INFO - utils.trainer -   Sensitivity: 0.66667
08/01/2026 23:14:14 - INFO - utils.trainer -   Epoch: 41, Loss: 0.28840, Val loss: 0.73534, Val AUC: 0.7749, Best val AUC: 0.7988, No improve: 2/10, Time: 22.0s
08/01/2026 23:14:36 - INFO - utils.trainer -   ***** Running evaluation on val dataset *****
08/01/2026 23:14:38 - INFO - utils.trainer -   Loss: 0.70391
08/01/2026 23:14:38 - INFO - utils.trainer -   AUC: 0.77930
08/01/2026 23:14:38 - INFO - utils.trainer -   Accuracy: 0.71875
08/01/2026 23:14:38 - INFO - utils.trainer -   Precision: 0.70690
08/01/2026 23:14:38 - INFO - utils.trainer -   Specificity: 0.62222
08/01/2026 23:14:38 - INFO - utils.trainer -   Sensitivity: 0.80392
08/01/2026 23:14:38 - INFO - utils.trainer -   Epoch: 42, Loss: 0.32702, Val loss: 0.70391, Val AUC: 0.7793, Best val AUC: 0.7988, No improve: 3/10, Time: 22.0s
08/01/2026 23:15:00 - INFO - utils.trainer -   ***** Running evaluation on val dataset *****
08/01/2026 23:15:03 - INFO - utils.trainer -   Loss: 0.85359
08/01/2026 23:15:03 - INFO - utils.trainer -   AUC: 0.76492
08/01/2026 23:15:03 - INFO - utils.trainer -   Accuracy: 0.71354
08/01/2026 23:15:03 - INFO - utils.trainer -   Precision: 0.67407
08/01/2026 23:15:03 - INFO - utils.trainer -   Specificity: 0.51111
08/01/2026 23:15:03 - INFO - utils.trainer -   Sensitivity: 0.89216
08/01/2026 23:15:03 - INFO - utils.trainer -   Epoch: 43, Loss: 0.24551, Val loss: 0.85359, Val AUC: 0.7649, Best val AUC: 0.7988, No improve: 4/10, Time: 21.9s
08/01/2026 23:15:25 - INFO - utils.trainer -   ***** Running evaluation on val dataset *****
08/01/2026 23:15:27 - INFO - utils.trainer -   Loss: 0.76054
08/01/2026 23:15:27 - INFO - utils.trainer -   AUC: 0.77037
08/01/2026 23:15:27 - INFO - utils.trainer -   Accuracy: 0.72917
08/01/2026 23:15:27 - INFO - utils.trainer -   Precision: 0.79070
08/01/2026 23:15:27 - INFO - utils.trainer -   Specificity: 0.80000
08/01/2026 23:15:27 - INFO - utils.trainer -   Sensitivity: 0.66667
08/01/2026 23:15:27 - INFO - utils.trainer -   Epoch: 44, Loss: 0.22352, Val loss: 0.76054, Val AUC: 0.7704, Best val AUC: 0.7988, No improve: 5/10, Time: 21.8s
08/01/2026 23:15:49 - INFO - utils.trainer -   ***** Running evaluation on val dataset *****
08/01/2026 23:15:52 - INFO - utils.trainer -   Loss: 0.82433
08/01/2026 23:15:52 - INFO - utils.trainer -   AUC: 0.74913
08/01/2026 23:15:52 - INFO - utils.trainer -   Accuracy: 0.70833
08/01/2026 23:15:52 - INFO - utils.trainer -   Precision: 0.75556
08/01/2026 23:15:52 - INFO - utils.trainer -   Specificity: 0.75556
08/01/2026 23:15:52 - INFO - utils.trainer -   Sensitivity: 0.66667
08/01/2026 23:15:52 - INFO - utils.trainer -   Epoch: 45, Loss: 0.24324, Val loss: 0.82433, Val AUC: 0.7491, Best val AUC: 0.7988, No improve: 6/10, Time: 21.7s
08/01/2026 23:16:14 - INFO - utils.trainer -   ***** Running evaluation on val dataset *****
08/01/2026 23:16:16 - INFO - utils.trainer -   Loss: 0.80808
08/01/2026 23:16:16 - INFO - utils.trainer -   AUC: 0.74455
08/01/2026 23:16:16 - INFO - utils.trainer -   Accuracy: 0.64583
08/01/2026 23:16:16 - INFO - utils.trainer -   Precision: 0.75000
08/01/2026 23:16:16 - INFO - utils.trainer -   Specificity: 0.81111
08/01/2026 23:16:16 - INFO - utils.trainer -   Sensitivity: 0.50000
08/01/2026 23:16:16 - INFO - utils.trainer -   Epoch: 46, Loss: 0.20888, Val loss: 0.80808, Val AUC: 0.7446, Best val AUC: 0.7988, No improve: 7/10, Time: 21.9s
08/01/2026 23:16:38 - INFO - utils.trainer -   ***** Running evaluation on val dataset *****
08/01/2026 23:16:41 - INFO - utils.trainer -   Loss: 0.75679
08/01/2026 23:16:41 - INFO - utils.trainer -   AUC: 0.76176
08/01/2026 23:16:41 - INFO - utils.trainer -   Accuracy: 0.69271
08/01/2026 23:16:41 - INFO - utils.trainer -   Precision: 0.71287
08/01/2026 23:16:41 - INFO - utils.trainer -   Specificity: 0.67778
08/01/2026 23:16:41 - INFO - utils.trainer -   Sensitivity: 0.70588
08/01/2026 23:16:41 - INFO - utils.trainer -   Epoch: 47, Loss: 0.21935, Val loss: 0.75679, Val AUC: 0.7618, Best val AUC: 0.7988, No improve: 8/10, Time: 21.8s
08/01/2026 23:17:02 - INFO - utils.trainer -   ***** Running evaluation on val dataset *****
08/01/2026 23:17:05 - INFO - utils.trainer -   Loss: 0.82587
08/01/2026 23:17:05 - INFO - utils.trainer -   AUC: 0.77059
08/01/2026 23:17:05 - INFO - utils.trainer -   Accuracy: 0.69271
08/01/2026 23:17:05 - INFO - utils.trainer -   Precision: 0.74713
08/01/2026 23:17:05 - INFO - utils.trainer -   Specificity: 0.75556
08/01/2026 23:17:05 - INFO - utils.trainer -   Sensitivity: 0.63725
08/01/2026 23:17:05 - INFO - utils.trainer -   Epoch: 48, Loss: 0.15551, Val loss: 0.82587, Val AUC: 0.7706, Best val AUC: 0.7988, No improve: 9/10, Time: 21.8s
08/01/2026 23:17:27 - INFO - utils.trainer -   ***** Running evaluation on val dataset *****
08/01/2026 23:17:29 - INFO - utils.trainer -   Loss: 0.80795
08/01/2026 23:17:29 - INFO - utils.trainer -   AUC: 0.77407
08/01/2026 23:17:29 - INFO - utils.trainer -   Accuracy: 0.74479
08/01/2026 23:17:29 - INFO - utils.trainer -   Precision: 0.76238
08/01/2026 23:17:29 - INFO - utils.trainer -   Specificity: 0.73333
08/01/2026 23:17:29 - INFO - utils.trainer -   Sensitivity: 0.75490
08/01/2026 23:17:29 - INFO - utils.trainer -   Epoch: 49, Loss: 0.19546, Val loss: 0.80795, Val AUC: 0.7741, Best val AUC: 0.7988, No improve: 10/10, Time: 21.8s
08/01/2026 23:17:29 - INFO - utils.trainer -   Early stopping triggered at epoch 49
08/01/2026 23:17:29 - INFO - utils.trainer -   Early stopping triggered at epoch 49
08/01/2026 23:17:29 - INFO - utils.trainer -   Early stopping triggered at epoch 49
08/01/2026 23:17:29 - INFO - utils.trainer -   Early stopping triggered at epoch 49
08/01/2026 23:17:29 - INFO - utils.trainer -   Early stopping triggered at epoch 49
08/01/2026 23:17:29 - INFO - utils.trainer -   Early stopping triggered at epoch 49
08/01/2026 23:17:30 - INFO - utils.trainer -     582 keys not in checkpoint (kept from init)
08/01/2026 23:17:30 - INFO - utils.trainer -   Model loaded from output_dir/TimeLLM_Beirut_train/TimeLLM-0.bin (22/22 keys)
08/01/2026 23:17:30 - INFO - utils.trainer -   ***** Running evaluation on test dataset *****
08/01/2026 23:17:30 - INFO - utils.trainer -     582 keys not in checkpoint (kept from init)
08/01/2026 23:17:30 - INFO - utils.trainer -   Model loaded from output_dir/TimeLLM_Beirut_train/TimeLLM-0.bin (22/22 keys)
08/01/2026 23:17:30 - INFO - utils.trainer -     582 keys not in checkpoint (kept from init)
08/01/2026 23:17:30 - INFO - utils.trainer -   Model loaded from output_dir/TimeLLM_Beirut_train/TimeLLM-0.bin (22/22 keys)
08/01/2026 23:17:30 - INFO - utils.trainer -     582 keys not in checkpoint (kept from init)
08/01/2026 23:17:30 - INFO - utils.trainer -   Model loaded from output_dir/TimeLLM_Beirut_train/TimeLLM-0.bin (22/22 keys)
08/01/2026 23:17:30 - INFO - utils.trainer -     582 keys not in checkpoint (kept from init)
08/01/2026 23:17:30 - INFO - utils.trainer -   Model loaded from output_dir/TimeLLM_Beirut_train/TimeLLM-0.bin (22/22 keys)
08/01/2026 23:17:30 - INFO - utils.trainer -     582 keys not in checkpoint (kept from init)
08/01/2026 23:17:30 - INFO - utils.trainer -   Model loaded from output_dir/TimeLLM_Beirut_train/TimeLLM-0.bin (22/22 keys)
08/01/2026 23:17:32 - INFO - utils.trainer -   Loss: 0.73163
08/01/2026 23:17:32 - INFO - utils.trainer -   AUC: 0.73833
08/01/2026 23:17:32 - INFO - utils.trainer -   Accuracy: 0.70833
08/01/2026 23:17:32 - INFO - utils.trainer -   Precision: 0.69663
08/01/2026 23:17:32 - INFO - utils.trainer -   Specificity: 0.73267
08/01/2026 23:17:32 - INFO - utils.trainer -   Sensitivity: 0.68132
08/01/2026 23:17:32 - INFO - utils.trainer -   === Best epoch test result ===
08/01/2026 23:17:32 - INFO - utils.trainer -     Loss: 0.73163
08/01/2026 23:17:32 - INFO - utils.trainer -     AUC: 0.73833
08/01/2026 23:17:32 - INFO - utils.trainer -     Accuracy: 0.70833
08/01/2026 23:17:32 - INFO - utils.trainer -     Precision: 0.69663
08/01/2026 23:17:32 - INFO - utils.trainer -     Specificity: 0.73267
08/01/2026 23:17:32 - INFO - utils.trainer -     Sensitivity: 0.68132
08/01/2026 23:17:33 - INFO - utils.trainer -   Model saved to output_dir/TimeLLM_Beirut_train/final-epoch-200
08/01/2026 23:17:33 - INFO - utils.trainer -   Final model saved at epoch 200
