08/19/2026 01:42:28 - INFO - __main__ -   ########## Repeat:0 ##########
08/19/2026 01:42:28 - INFO - utils.trainer -   ***** Running training *****
08/19/2026 01:42:28 - INFO - utils.trainer -     Num examples = 161
08/19/2026 01:42:28 - INFO - utils.trainer -     Num Epochs = 200
08/19/2026 01:42:28 - INFO - utils.trainer -     Total train batch size = 4
08/19/2026 01:42:28 - INFO - utils.trainer -     warmup steps = 400
08/19/2026 01:42:28 - INFO - utils.trainer -     Total optimization steps = 32200
08/19/2026 01:42:28 - INFO - utils.trainer -     Save steps = 25
08/19/2026 01:43:27 - INFO - utils.trainer -   ***** Running regression evaluation on val0 dataset *****
08/19/2026 01:43:32 - INFO - utils.trainer -   Loss: 0.01834
08/19/2026 01:43:32 - INFO - utils.trainer -   MSE: 193.29561
08/19/2026 01:43:32 - INFO - utils.trainer -   MAE: 11.36619
08/19/2026 01:43:32 - INFO - utils.trainer -   RMSE: 13.90308
08/19/2026 01:43:32 - INFO - utils.trainer -   R2: -0.74286
08/19/2026 01:43:32 - INFO - utils.trainer -   PearsonR: 0.13439
08/19/2026 01:43:33 - INFO - utils.trainer -   Model saved to output_dir/TimeLLM_AgeCAUEEG_train
08/19/2026 01:43:33 - INFO - utils.trainer -   Best model saved (val_Loss=0.0183)
08/19/2026 01:43:33 - INFO - utils.trainer -   Epoch: 1, Loss: 0.10339, Val loss: 0.01834, Val Loss: 0.0183, Best val Loss: 0.0183, No improve: 0/10, Time: 58.3s
08/19/2026 01:44:32 - INFO - utils.trainer -   ***** Running regression evaluation on val0 dataset *****
08/19/2026 01:44:37 - INFO - utils.trainer -   Loss: 0.01298
08/19/2026 01:44:37 - INFO - utils.trainer -   MSE: 137.23888
08/19/2026 01:44:37 - INFO - utils.trainer -   MAE: 9.30416
08/19/2026 01:44:37 - INFO - utils.trainer -   RMSE: 11.71490
08/19/2026 01:44:37 - INFO - utils.trainer -   R2: -0.23742
08/19/2026 01:44:37 - INFO - utils.trainer -   PearsonR: 0.11011
08/19/2026 01:44:38 - INFO - utils.trainer -   Model saved to output_dir/TimeLLM_AgeCAUEEG_train
08/19/2026 01:44:38 - INFO - utils.trainer -   Best model saved (val_Loss=0.0130)
08/19/2026 01:44:38 - INFO - utils.trainer -   Epoch: 2, Loss: 0.03865, Val loss: 0.01298, Val Loss: 0.0130, Best val Loss: 0.0130, No improve: 0/10, Time: 58.3s
08/19/2026 01:45:36 - INFO - utils.trainer -   ***** Running regression evaluation on val0 dataset *****
08/19/2026 01:45:42 - INFO - utils.trainer -   Loss: 0.01869
08/19/2026 01:45:42 - INFO - utils.trainer -   MSE: 200.68918
08/19/2026 01:45:42 - INFO - utils.trainer -   MAE: 11.53455
08/19/2026 01:45:42 - INFO - utils.trainer -   RMSE: 14.16648
08/19/2026 01:45:42 - INFO - utils.trainer -   R2: -0.80952
08/19/2026 01:45:42 - INFO - utils.trainer -   PearsonR: 0.20935
08/19/2026 01:45:42 - INFO - utils.trainer -   Epoch: 3, Loss: 0.03785, Val loss: 0.01869, Val Loss: 0.0187, Best val Loss: 0.0130, No improve: 1/10, Time: 58.0s
08/19/2026 01:46:40 - INFO - utils.trainer -   ***** Running regression evaluation on val0 dataset *****
08/19/2026 01:46:46 - INFO - utils.trainer -   Loss: 0.01262
08/19/2026 01:46:46 - INFO - utils.trainer -   MSE: 134.07521
08/19/2026 01:46:46 - INFO - utils.trainer -   MAE: 9.57703
08/19/2026 01:46:46 - INFO - utils.trainer -   RMSE: 11.57908
08/19/2026 01:46:46 - INFO - utils.trainer -   R2: -0.20890
08/19/2026 01:46:46 - INFO - utils.trainer -   PearsonR: 0.12261
08/19/2026 01:46:47 - INFO - utils.trainer -   Model saved to output_dir/TimeLLM_AgeCAUEEG_train
08/19/2026 01:46:47 - INFO - utils.trainer -   Best model saved (val_Loss=0.0126)
08/19/2026 01:46:47 - INFO - utils.trainer -   Epoch: 4, Loss: 0.03471, Val loss: 0.01262, Val Loss: 0.0126, Best val Loss: 0.0126, No improve: 0/10, Time: 57.6s
08/19/2026 01:47:45 - INFO - utils.trainer -   ***** Running regression evaluation on val0 dataset *****
08/19/2026 01:47:50 - INFO - utils.trainer -   Loss: 0.01165
08/19/2026 01:47:50 - INFO - utils.trainer -   MSE: 124.01616
08/19/2026 01:47:50 - INFO - utils.trainer -   MAE: 9.17645
08/19/2026 01:47:50 - INFO - utils.trainer -   RMSE: 11.13625
08/19/2026 01:47:50 - INFO - utils.trainer -   R2: -0.11820
08/19/2026 01:47:50 - INFO - utils.trainer -   PearsonR: 0.17426
08/19/2026 01:47:51 - INFO - utils.trainer -   Model saved to output_dir/TimeLLM_AgeCAUEEG_train
08/19/2026 01:47:51 - INFO - utils.trainer -   Best model saved (val_Loss=0.0117)
08/19/2026 01:47:51 - INFO - utils.trainer -   Epoch: 5, Loss: 0.03148, Val loss: 0.01165, Val Loss: 0.0117, Best val Loss: 0.0117, No improve: 0/10, Time: 57.6s
08/19/2026 01:48:49 - INFO - utils.trainer -   ***** Running regression evaluation on val0 dataset *****
08/19/2026 01:48:55 - INFO - utils.trainer -   Loss: 0.01063
08/19/2026 01:48:55 - INFO - utils.trainer -   MSE: 112.55141
08/19/2026 01:48:55 - INFO - utils.trainer -   MAE: 8.74725
08/19/2026 01:48:55 - INFO - utils.trainer -   RMSE: 10.60902
08/19/2026 01:48:55 - INFO - utils.trainer -   R2: -0.01483
08/19/2026 01:48:55 - INFO - utils.trainer -   PearsonR: 0.29589
08/19/2026 01:48:56 - INFO - utils.trainer -   Model saved to output_dir/TimeLLM_AgeCAUEEG_train
08/19/2026 01:48:56 - INFO - utils.trainer -   Best model saved (val_Loss=0.0106)
08/19/2026 01:48:56 - INFO - utils.trainer -   Epoch: 6, Loss: 0.03555, Val loss: 0.01063, Val Loss: 0.0106, Best val Loss: 0.0106, No improve: 0/10, Time: 57.6s
08/19/2026 01:49:54 - INFO - utils.trainer -   ***** Running regression evaluation on val0 dataset *****
08/19/2026 01:50:00 - INFO - utils.trainer -   Loss: 0.01209
08/19/2026 01:50:00 - INFO - utils.trainer -   MSE: 127.63404
08/19/2026 01:50:00 - INFO - utils.trainer -   MAE: 9.28094
08/19/2026 01:50:00 - INFO - utils.trainer -   RMSE: 11.29752
08/19/2026 01:50:00 - INFO - utils.trainer -   R2: -0.15082
08/19/2026 01:50:00 - INFO - utils.trainer -   PearsonR: 0.28323
08/19/2026 01:50:00 - INFO - utils.trainer -   Epoch: 7, Loss: 0.03117, Val loss: 0.01209, Val Loss: 0.0121, Best val Loss: 0.0106, No improve: 1/10, Time: 57.7s
08/19/2026 01:50:58 - INFO - utils.trainer -   ***** Running regression evaluation on val0 dataset *****
08/19/2026 01:51:03 - INFO - utils.trainer -   Loss: 0.01474
08/19/2026 01:51:03 - INFO - utils.trainer -   MSE: 156.60767
08/19/2026 01:51:03 - INFO - utils.trainer -   MAE: 10.33853
08/19/2026 01:51:03 - INFO - utils.trainer -   RMSE: 12.51430
08/19/2026 01:51:03 - INFO - utils.trainer -   R2: -0.41206
08/19/2026 01:51:03 - INFO - utils.trainer -   PearsonR: 0.26297
08/19/2026 01:51:03 - INFO - utils.trainer -   Epoch: 8, Loss: 0.02818, Val loss: 0.01474, Val Loss: 0.0147, Best val Loss: 0.0106, No improve: 2/10, Time: 57.6s
08/19/2026 01:52:01 - INFO - utils.trainer -   ***** Running regression evaluation on val0 dataset *****
08/19/2026 01:52:08 - INFO - utils.trainer -   Loss: 0.01001
08/19/2026 01:52:08 - INFO - utils.trainer -   MSE: 105.85809
08/19/2026 01:52:08 - INFO - utils.trainer -   MAE: 8.41512
08/19/2026 01:52:08 - INFO - utils.trainer -   RMSE: 10.28874
08/19/2026 01:52:08 - INFO - utils.trainer -   R2: 0.04552
08/19/2026 01:52:08 - INFO - utils.trainer -   PearsonR: 0.25270
08/19/2026 01:52:09 - INFO - utils.trainer -   Model saved to output_dir/TimeLLM_AgeCAUEEG_train
08/19/2026 01:52:09 - INFO - utils.trainer -   Best model saved (val_Loss=0.0100)
08/19/2026 01:52:09 - INFO - utils.trainer -   Epoch: 9, Loss: 0.02830, Val loss: 0.01001, Val Loss: 0.0100, Best val Loss: 0.0100, No improve: 0/10, Time: 57.7s
08/19/2026 01:53:07 - INFO - utils.trainer -   ***** Running regression evaluation on val0 dataset *****
08/19/2026 01:53:12 - INFO - utils.trainer -   Loss: 0.01515
08/19/2026 01:53:12 - INFO - utils.trainer -   MSE: 160.47748
08/19/2026 01:53:12 - INFO - utils.trainer -   MAE: 10.47286
08/19/2026 01:53:12 - INFO - utils.trainer -   RMSE: 12.66797
08/19/2026 01:53:12 - INFO - utils.trainer -   R2: -0.44695
08/19/2026 01:53:12 - INFO - utils.trainer -   PearsonR: 0.32907
08/19/2026 01:53:12 - INFO - utils.trainer -   Epoch: 10, Loss: 0.03517, Val loss: 0.01515, Val Loss: 0.0152, Best val Loss: 0.0100, No improve: 1/10, Time: 57.8s
08/19/2026 01:54:10 - INFO - utils.trainer -   ***** Running regression evaluation on val0 dataset *****
08/19/2026 01:54:16 - INFO - utils.trainer -   Loss: 0.00983
08/19/2026 01:54:16 - INFO - utils.trainer -   MSE: 103.64584
08/19/2026 01:54:16 - INFO - utils.trainer -   MAE: 8.32728
08/19/2026 01:54:16 - INFO - utils.trainer -   RMSE: 10.18066
08/19/2026 01:54:16 - INFO - utils.trainer -   R2: 0.06547
08/19/2026 01:54:16 - INFO - utils.trainer -   PearsonR: 0.32722
08/19/2026 01:54:17 - INFO - utils.trainer -   Model saved to output_dir/TimeLLM_AgeCAUEEG_train
08/19/2026 01:54:17 - INFO - utils.trainer -   Best model saved (val_Loss=0.0098)
08/19/2026 01:54:17 - INFO - utils.trainer -   Epoch: 11, Loss: 0.03185, Val loss: 0.00983, Val Loss: 0.0098, Best val Loss: 0.0098, No improve: 0/10, Time: 57.8s
08/19/2026 01:55:14 - INFO - utils.trainer -   ***** Running regression evaluation on val0 dataset *****
08/19/2026 01:55:20 - INFO - utils.trainer -   Loss: 0.00980
08/19/2026 01:55:20 - INFO - utils.trainer -   MSE: 103.64895
08/19/2026 01:55:20 - INFO - utils.trainer -   MAE: 8.34917
08/19/2026 01:55:20 - INFO - utils.trainer -   RMSE: 10.18081
08/19/2026 01:55:20 - INFO - utils.trainer -   R2: 0.06544
08/19/2026 01:55:20 - INFO - utils.trainer -   PearsonR: 0.34457
08/19/2026 01:55:20 - INFO - utils.trainer -   Epoch: 12, Loss: 0.02552, Val loss: 0.00980, Val Loss: 0.0098, Best val Loss: 0.0098, No improve: 1/10, Time: 57.7s
08/19/2026 01:56:18 - INFO - utils.trainer -   ***** Running regression evaluation on val0 dataset *****
08/19/2026 01:56:24 - INFO - utils.trainer -   Loss: 0.01076
08/19/2026 01:56:24 - INFO - utils.trainer -   MSE: 113.89921
08/19/2026 01:56:24 - INFO - utils.trainer -   MAE: 8.76317
08/19/2026 01:56:24 - INFO - utils.trainer -   RMSE: 10.67236
08/19/2026 01:56:24 - INFO - utils.trainer -   R2: -0.02698
08/19/2026 01:56:24 - INFO - utils.trainer -   PearsonR: 0.31685
08/19/2026 01:56:24 - INFO - utils.trainer -   Epoch: 13, Loss: 0.02900, Val loss: 0.01076, Val Loss: 0.0108, Best val Loss: 0.0098, No improve: 2/10, Time: 57.7s
08/19/2026 01:57:21 - INFO - utils.trainer -   ***** Running regression evaluation on val0 dataset *****
08/19/2026 01:57:27 - INFO - utils.trainer -   Loss: 0.01325
08/19/2026 01:57:27 - INFO - utils.trainer -   MSE: 140.68094
08/19/2026 01:57:27 - INFO - utils.trainer -   MAE: 9.70843
08/19/2026 01:57:27 - INFO - utils.trainer -   RMSE: 11.86090
08/19/2026 01:57:27 - INFO - utils.trainer -   R2: -0.26846
08/19/2026 01:57:27 - INFO - utils.trainer -   PearsonR: 0.30745
08/19/2026 01:57:27 - INFO - utils.trainer -   Epoch: 14, Loss: 0.02806, Val loss: 0.01325, Val Loss: 0.0132, Best val Loss: 0.0098, No improve: 3/10, Time: 57.7s
08/19/2026 01:58:26 - INFO - utils.trainer -   ***** Running regression evaluation on val0 dataset *****
08/19/2026 01:58:32 - INFO - utils.trainer -   Loss: 0.01169
08/19/2026 01:58:32 - INFO - utils.trainer -   MSE: 123.59658
08/19/2026 01:58:32 - INFO - utils.trainer -   MAE: 9.14353
08/19/2026 01:58:32 - INFO - utils.trainer -   RMSE: 11.11740
08/19/2026 01:58:32 - INFO - utils.trainer -   R2: -0.11442
08/19/2026 01:58:32 - INFO - utils.trainer -   PearsonR: 0.25551
08/19/2026 01:58:32 - INFO - utils.trainer -   Epoch: 15, Loss: 0.03338, Val loss: 0.01169, Val Loss: 0.0117, Best val Loss: 0.0098, No improve: 4/10, Time: 58.4s
08/19/2026 01:59:30 - INFO - utils.trainer -   ***** Running regression evaluation on val0 dataset *****
08/19/2026 01:59:35 - INFO - utils.trainer -   Loss: 0.01230
08/19/2026 01:59:35 - INFO - utils.trainer -   MSE: 130.46049
08/19/2026 01:59:35 - INFO - utils.trainer -   MAE: 9.38111
08/19/2026 01:59:35 - INFO - utils.trainer -   RMSE: 11.42193
08/19/2026 01:59:35 - INFO - utils.trainer -   R2: -0.17630
08/19/2026 01:59:35 - INFO - utils.trainer -   PearsonR: 0.29600
08/19/2026 01:59:35 - INFO - utils.trainer -   Epoch: 16, Loss: 0.02763, Val loss: 0.01230, Val Loss: 0.0123, Best val Loss: 0.0098, No improve: 5/10, Time: 57.9s
08/19/2026 02:00:33 - INFO - utils.trainer -   ***** Running regression evaluation on val0 dataset *****
08/19/2026 02:00:39 - INFO - utils.trainer -   Loss: 0.01160
08/19/2026 02:00:39 - INFO - utils.trainer -   MSE: 122.13555
08/19/2026 02:00:39 - INFO - utils.trainer -   MAE: 8.95931
08/19/2026 02:00:39 - INFO - utils.trainer -   RMSE: 11.05150
08/19/2026 02:00:39 - INFO - utils.trainer -   R2: -0.10124
08/19/2026 02:00:39 - INFO - utils.trainer -   PearsonR: 0.28080
08/19/2026 02:00:39 - INFO - utils.trainer -   Epoch: 17, Loss: 0.03035, Val loss: 0.01160, Val Loss: 0.0116, Best val Loss: 0.0098, No improve: 6/10, Time: 57.6s
08/19/2026 02:01:36 - INFO - utils.trainer -   ***** Running regression evaluation on val0 dataset *****
08/19/2026 02:01:42 - INFO - utils.trainer -   Loss: 0.01159
08/19/2026 02:01:42 - INFO - utils.trainer -   MSE: 122.05326
08/19/2026 02:01:42 - INFO - utils.trainer -   MAE: 9.00428
08/19/2026 02:01:42 - INFO - utils.trainer -   RMSE: 11.04777
08/19/2026 02:01:42 - INFO - utils.trainer -   R2: -0.10050
08/19/2026 02:01:42 - INFO - utils.trainer -   PearsonR: 0.26882
08/19/2026 02:01:42 - INFO - utils.trainer -   Epoch: 18, Loss: 0.03124, Val loss: 0.01159, Val Loss: 0.0116, Best val Loss: 0.0098, No improve: 7/10, Time: 57.7s
08/19/2026 02:02:40 - INFO - utils.trainer -   ***** Running regression evaluation on val0 dataset *****
08/19/2026 02:02:45 - INFO - utils.trainer -   Loss: 0.01084
08/19/2026 02:02:45 - INFO - utils.trainer -   MSE: 114.24029
08/19/2026 02:02:45 - INFO - utils.trainer -   MAE: 8.68642
08/19/2026 02:02:45 - INFO - utils.trainer -   RMSE: 10.68832
08/19/2026 02:02:45 - INFO - utils.trainer -   R2: -0.03005
08/19/2026 02:02:45 - INFO - utils.trainer -   PearsonR: 0.26514
08/19/2026 02:02:45 - INFO - utils.trainer -   Epoch: 19, Loss: 0.02907, Val loss: 0.01084, Val Loss: 0.0108, Best val Loss: 0.0098, No improve: 8/10, Time: 57.6s
08/19/2026 02:03:43 - INFO - utils.trainer -   ***** Running regression evaluation on val0 dataset *****
08/19/2026 02:03:49 - INFO - utils.trainer -   Loss: 0.01389
08/19/2026 02:03:49 - INFO - utils.trainer -   MSE: 146.39040
08/19/2026 02:03:49 - INFO - utils.trainer -   MAE: 9.95263
08/19/2026 02:03:49 - INFO - utils.trainer -   RMSE: 12.09919
08/19/2026 02:03:49 - INFO - utils.trainer -   R2: -0.31994
08/19/2026 02:03:49 - INFO - utils.trainer -   PearsonR: 0.29443
08/19/2026 02:03:49 - INFO - utils.trainer -   Epoch: 20, Loss: 0.02865, Val loss: 0.01389, Val Loss: 0.0139, Best val Loss: 0.0098, No improve: 9/10, Time: 57.7s
08/19/2026 02:04:47 - INFO - utils.trainer -   ***** Running regression evaluation on val0 dataset *****
08/19/2026 02:04:53 - INFO - utils.trainer -   Loss: 0.01247
08/19/2026 02:04:53 - INFO - utils.trainer -   MSE: 131.65630
08/19/2026 02:04:53 - INFO - utils.trainer -   MAE: 9.30923
08/19/2026 02:04:53 - INFO - utils.trainer -   RMSE: 11.47416
08/19/2026 02:04:53 - INFO - utils.trainer -   R2: -0.18709
08/19/2026 02:04:53 - INFO - utils.trainer -   PearsonR: 0.22943
08/19/2026 02:04:53 - INFO - utils.trainer -   Epoch: 21, Loss: 0.02547, Val loss: 0.01247, Val Loss: 0.0125, Best val Loss: 0.0098, No improve: 10/10, Time: 57.6s
08/19/2026 02:04:53 - INFO - utils.trainer -   Early stopping triggered at epoch 21
08/19/2026 02:04:53 - INFO - utils.trainer -   Early stopping triggered at epoch 21
08/19/2026 02:04:53 - INFO - utils.trainer -   Early stopping triggered at epoch 21
08/19/2026 02:04:53 - INFO - utils.trainer -   Early stopping triggered at epoch 21
08/19/2026 02:04:53 - INFO - utils.trainer -   Early stopping triggered at epoch 21
08/19/2026 02:04:53 - INFO - utils.trainer -   Early stopping triggered at epoch 21
08/19/2026 02:04:53 - INFO - utils.trainer -     2 prompt-buffer key(s) skipped (kept target-dataset prompt)
08/19/2026 02:04:53 - INFO - utils.trainer -     646 keys not in checkpoint (kept from init)
08/19/2026 02:04:53 - INFO - utils.trainer -   Model loaded from output_dir/TimeLLM_AgeCAUEEG_train/TimeLLM-0.bin (83/85 keys)
08/19/2026 02:04:53 - INFO - utils.trainer -     2 prompt-buffer key(s) skipped (kept target-dataset prompt)
08/19/2026 02:04:53 - INFO - utils.trainer -     646 keys not in checkpoint (kept from init)
08/19/2026 02:04:53 - INFO - utils.trainer -   Model loaded from output_dir/TimeLLM_AgeCAUEEG_train/TimeLLM-0.bin (83/85 keys)
08/19/2026 02:04:53 - INFO - utils.trainer -     2 prompt-buffer key(s) skipped (kept target-dataset prompt)
08/19/2026 02:04:53 - INFO - utils.trainer -     646 keys not in checkpoint (kept from init)
08/19/2026 02:04:53 - INFO - utils.trainer -   Model loaded from output_dir/TimeLLM_AgeCAUEEG_train/TimeLLM-0.bin (83/85 keys)
08/19/2026 02:04:53 - INFO - utils.trainer -     2 prompt-buffer key(s) skipped (kept target-dataset prompt)
08/19/2026 02:04:53 - INFO - utils.trainer -     646 keys not in checkpoint (kept from init)
08/19/2026 02:04:53 - INFO - utils.trainer -   Model loaded from output_dir/TimeLLM_AgeCAUEEG_train/TimeLLM-0.bin (83/85 keys)
08/19/2026 02:04:53 - INFO - utils.trainer -     2 prompt-buffer key(s) skipped (kept target-dataset prompt)
08/19/2026 02:04:53 - INFO - utils.trainer -     646 keys not in checkpoint (kept from init)
08/19/2026 02:04:53 - INFO - utils.trainer -   Model loaded from output_dir/TimeLLM_AgeCAUEEG_train/TimeLLM-0.bin (83/85 keys)
08/19/2026 02:04:53 - INFO - utils.trainer -     2 prompt-buffer key(s) skipped (kept target-dataset prompt)
08/19/2026 02:04:53 - INFO - utils.trainer -   ***** Running regression evaluation on test0 dataset *****
08/19/2026 02:04:53 - INFO - utils.trainer -     646 keys not in checkpoint (kept from init)
08/19/2026 02:04:53 - INFO - utils.trainer -   Model loaded from output_dir/TimeLLM_AgeCAUEEG_train/TimeLLM-0.bin (83/85 keys)
08/19/2026 02:04:59 - INFO - utils.trainer -   Loss: 0.01006
08/19/2026 02:04:59 - INFO - utils.trainer -   MSE: 106.97694
08/19/2026 02:04:59 - INFO - utils.trainer -   MAE: 8.39339
08/19/2026 02:04:59 - INFO - utils.trainer -   RMSE: 10.34297
08/19/2026 02:04:59 - INFO - utils.trainer -   R2: -0.06680
08/19/2026 02:04:59 - INFO - utils.trainer -   PearsonR: 0.21238
08/19/2026 02:04:59 - INFO - utils.trainer -   === Best epoch test result ===
08/19/2026 02:04:59 - INFO - utils.trainer -     Loss: 0.01006
08/19/2026 02:04:59 - INFO - utils.trainer -     MSE: 106.97694
08/19/2026 02:04:59 - INFO - utils.trainer -     MAE: 8.39339
08/19/2026 02:04:59 - INFO - utils.trainer -     RMSE: 10.34297
08/19/2026 02:04:59 - INFO - utils.trainer -     R2: -0.06680
08/19/2026 02:04:59 - INFO - utils.trainer -     PearsonR: 0.21238
08/19/2026 02:05:00 - INFO - utils.trainer -   Model saved to output_dir/TimeLLM_AgeCAUEEG_train/final-epoch-200
08/19/2026 02:05:00 - INFO - utils.trainer -   Final model saved at epoch 200
