08/20/2026 23:23:31 - INFO - __main__ -   ########## Repeat:0 ##########
08/20/2026 23:23:31 - INFO - utils.trainer -   ***** Running training *****
08/20/2026 23:23:31 - INFO - utils.trainer -     Num examples = 161
08/20/2026 23:23:31 - INFO - utils.trainer -     Num Epochs = 200
08/20/2026 23:23:31 - INFO - utils.trainer -     Total train batch size = 4
08/20/2026 23:23:31 - INFO - utils.trainer -     warmup steps = 400
08/20/2026 23:23:31 - INFO - utils.trainer -     Total optimization steps = 32200
08/20/2026 23:23:31 - INFO - utils.trainer -     Save steps = 25
08/20/2026 23:24:23 - INFO - utils.trainer -   ***** Running regression evaluation on val0 dataset *****
08/20/2026 23:24:28 - INFO - utils.trainer -   Loss: 0.05361
08/20/2026 23:24:28 - INFO - utils.trainer -   MSE: 569.56689
08/20/2026 23:24:28 - INFO - utils.trainer -   MAE: 21.84855
08/20/2026 23:24:28 - INFO - utils.trainer -   RMSE: 23.86560
08/20/2026 23:24:28 - INFO - utils.trainer -   R2: -4.13553
08/20/2026 23:24:28 - INFO - utils.trainer -   PearsonR: -0.00956
08/20/2026 23:24:29 - INFO - utils.trainer -   Model saved to output_dir/TimeLLM_AgeCAUEEG_train
08/20/2026 23:24:29 - INFO - utils.trainer -   Best model saved (val_Loss=0.0536)
08/20/2026 23:24:29 - INFO - utils.trainer -   Epoch: 1, Loss: 0.06942, Val loss: 0.05361, Val Loss: 0.0536, Best val Loss: 0.0536, No improve: 0/10, Time: 52.4s
08/20/2026 23:25:21 - INFO - utils.trainer -   ***** Running regression evaluation on val0 dataset *****
08/20/2026 23:25:26 - INFO - utils.trainer -   Loss: 0.01051
08/20/2026 23:25:26 - INFO - utils.trainer -   MSE: 111.71543
08/20/2026 23:25:26 - INFO - utils.trainer -   MAE: 8.35197
08/20/2026 23:25:26 - INFO - utils.trainer -   RMSE: 10.56955
08/20/2026 23:25:26 - INFO - utils.trainer -   R2: -0.00729
08/20/2026 23:25:26 - INFO - utils.trainer -   PearsonR: 0.01562
08/20/2026 23:25:27 - INFO - utils.trainer -   Model saved to output_dir/TimeLLM_AgeCAUEEG_train
08/20/2026 23:25:27 - INFO - utils.trainer -   Best model saved (val_Loss=0.0105)
08/20/2026 23:25:27 - INFO - utils.trainer -   Epoch: 2, Loss: 0.03349, Val loss: 0.01051, Val Loss: 0.0105, Best val Loss: 0.0105, No improve: 0/10, Time: 52.1s
08/20/2026 23:26:19 - INFO - utils.trainer -   ***** Running regression evaluation on val0 dataset *****
08/20/2026 23:26:24 - INFO - utils.trainer -   Loss: 0.01700
08/20/2026 23:26:24 - INFO - utils.trainer -   MSE: 180.67615
08/20/2026 23:26:24 - INFO - utils.trainer -   MAE: 11.21116
08/20/2026 23:26:24 - INFO - utils.trainer -   RMSE: 13.44158
08/20/2026 23:26:24 - INFO - utils.trainer -   R2: -0.62908
08/20/2026 23:26:24 - INFO - utils.trainer -   PearsonR: 0.14393
08/20/2026 23:26:24 - INFO - utils.trainer -   Epoch: 3, Loss: 0.03251, Val loss: 0.01700, Val Loss: 0.0170, Best val Loss: 0.0105, No improve: 1/10, Time: 51.4s
08/20/2026 23:27:16 - INFO - utils.trainer -   ***** Running regression evaluation on val0 dataset *****
08/20/2026 23:27:21 - INFO - utils.trainer -   Loss: 0.01224
08/20/2026 23:27:21 - INFO - utils.trainer -   MSE: 130.25034
08/20/2026 23:27:21 - INFO - utils.trainer -   MAE: 9.42937
08/20/2026 23:27:21 - INFO - utils.trainer -   RMSE: 11.41273
08/20/2026 23:27:21 - INFO - utils.trainer -   R2: -0.17441
08/20/2026 23:27:21 - INFO - utils.trainer -   PearsonR: 0.23717
08/20/2026 23:27:21 - INFO - utils.trainer -   Epoch: 4, Loss: 0.03934, Val loss: 0.01224, Val Loss: 0.0122, Best val Loss: 0.0105, No improve: 2/10, Time: 51.4s
08/20/2026 23:28:12 - INFO - utils.trainer -   ***** Running regression evaluation on val0 dataset *****
08/20/2026 23:28:17 - INFO - utils.trainer -   Loss: 0.01078
08/20/2026 23:28:17 - INFO - utils.trainer -   MSE: 114.52561
08/20/2026 23:28:17 - INFO - utils.trainer -   MAE: 8.77480
08/20/2026 23:28:17 - INFO - utils.trainer -   RMSE: 10.70166
08/20/2026 23:28:17 - INFO - utils.trainer -   R2: -0.03263
08/20/2026 23:28:17 - INFO - utils.trainer -   PearsonR: 0.26470
08/20/2026 23:28:17 - INFO - utils.trainer -   Epoch: 5, Loss: 0.03239, Val loss: 0.01078, Val Loss: 0.0108, Best val Loss: 0.0105, No improve: 3/10, Time: 51.7s
08/20/2026 23:29:09 - INFO - utils.trainer -   ***** Running regression evaluation on val0 dataset *****
08/20/2026 23:29:14 - INFO - utils.trainer -   Loss: 0.00962
08/20/2026 23:29:14 - INFO - utils.trainer -   MSE: 102.21832
08/20/2026 23:29:14 - INFO - utils.trainer -   MAE: 8.24959
08/20/2026 23:29:14 - INFO - utils.trainer -   RMSE: 10.11031
08/20/2026 23:29:14 - INFO - utils.trainer -   R2: 0.07834
08/20/2026 23:29:14 - INFO - utils.trainer -   PearsonR: 0.34167
08/20/2026 23:29:15 - INFO - utils.trainer -   Model saved to output_dir/TimeLLM_AgeCAUEEG_train
08/20/2026 23:29:15 - INFO - utils.trainer -   Best model saved (val_Loss=0.0096)
08/20/2026 23:29:15 - INFO - utils.trainer -   Epoch: 6, Loss: 0.03447, Val loss: 0.00962, Val Loss: 0.0096, Best val Loss: 0.0096, No improve: 0/10, Time: 51.1s
08/20/2026 23:30:06 - INFO - utils.trainer -   ***** Running regression evaluation on val0 dataset *****
08/20/2026 23:30:12 - INFO - utils.trainer -   Loss: 0.01060
08/20/2026 23:30:12 - INFO - utils.trainer -   MSE: 112.77897
08/20/2026 23:30:12 - INFO - utils.trainer -   MAE: 8.43885
08/20/2026 23:30:12 - INFO - utils.trainer -   RMSE: 10.61974
08/20/2026 23:30:12 - INFO - utils.trainer -   R2: -0.01688
08/20/2026 23:30:12 - INFO - utils.trainer -   PearsonR: 0.31046
08/20/2026 23:30:12 - INFO - utils.trainer -   Epoch: 7, Loss: 0.03621, Val loss: 0.01060, Val Loss: 0.0106, Best val Loss: 0.0096, No improve: 1/10, Time: 51.2s
08/20/2026 23:31:03 - INFO - utils.trainer -   ***** Running regression evaluation on val0 dataset *****
08/20/2026 23:31:08 - INFO - utils.trainer -   Loss: 0.01242
08/20/2026 23:31:08 - INFO - utils.trainer -   MSE: 131.73312
08/20/2026 23:31:08 - INFO - utils.trainer -   MAE: 9.52208
08/20/2026 23:31:08 - INFO - utils.trainer -   RMSE: 11.47751
08/20/2026 23:31:08 - INFO - utils.trainer -   R2: -0.18778
08/20/2026 23:31:08 - INFO - utils.trainer -   PearsonR: 0.35229
08/20/2026 23:31:08 - INFO - utils.trainer -   Epoch: 8, Loss: 0.02848, Val loss: 0.01242, Val Loss: 0.0124, Best val Loss: 0.0096, No improve: 2/10, Time: 51.3s
08/20/2026 23:32:00 - INFO - utils.trainer -   ***** Running regression evaluation on val0 dataset *****
08/20/2026 23:32:05 - INFO - utils.trainer -   Loss: 0.01071
08/20/2026 23:32:05 - INFO - utils.trainer -   MSE: 113.43034
08/20/2026 23:32:05 - INFO - utils.trainer -   MAE: 8.78550
08/20/2026 23:32:05 - INFO - utils.trainer -   RMSE: 10.65037
08/20/2026 23:32:05 - INFO - utils.trainer -   R2: -0.02275
08/20/2026 23:32:05 - INFO - utils.trainer -   PearsonR: 0.33171
08/20/2026 23:32:05 - INFO - utils.trainer -   Epoch: 9, Loss: 0.03309, Val loss: 0.01071, Val Loss: 0.0107, Best val Loss: 0.0096, No improve: 3/10, Time: 51.2s
08/20/2026 23:32:57 - INFO - utils.trainer -   ***** Running regression evaluation on val0 dataset *****
08/20/2026 23:33:03 - INFO - utils.trainer -   Loss: 0.00919
08/20/2026 23:33:03 - INFO - utils.trainer -   MSE: 97.59117
08/20/2026 23:33:03 - INFO - utils.trainer -   MAE: 8.04733
08/20/2026 23:33:03 - INFO - utils.trainer -   RMSE: 9.87882
08/20/2026 23:33:03 - INFO - utils.trainer -   R2: 0.12006
08/20/2026 23:33:03 - INFO - utils.trainer -   PearsonR: 0.38102
08/20/2026 23:33:04 - INFO - utils.trainer -   Model saved to output_dir/TimeLLM_AgeCAUEEG_train
08/20/2026 23:33:04 - INFO - utils.trainer -   Best model saved (val_Loss=0.0092)
08/20/2026 23:33:04 - INFO - utils.trainer -   Epoch: 10, Loss: 0.03340, Val loss: 0.00919, Val Loss: 0.0092, Best val Loss: 0.0092, No improve: 0/10, Time: 51.4s
08/20/2026 23:33:55 - INFO - utils.trainer -   ***** Running regression evaluation on val0 dataset *****
08/20/2026 23:34:00 - INFO - utils.trainer -   Loss: 0.00965
08/20/2026 23:34:00 - INFO - utils.trainer -   MSE: 102.56067
08/20/2026 23:34:00 - INFO - utils.trainer -   MAE: 8.29093
08/20/2026 23:34:00 - INFO - utils.trainer -   RMSE: 10.12722
08/20/2026 23:34:00 - INFO - utils.trainer -   R2: 0.07526
08/20/2026 23:34:00 - INFO - utils.trainer -   PearsonR: 0.37659
08/20/2026 23:34:00 - INFO - utils.trainer -   Epoch: 11, Loss: 0.03212, Val loss: 0.00965, Val Loss: 0.0097, Best val Loss: 0.0092, No improve: 1/10, Time: 51.3s
08/20/2026 23:34:52 - INFO - utils.trainer -   ***** Running regression evaluation on val0 dataset *****
08/20/2026 23:34:57 - INFO - utils.trainer -   Loss: 0.01387
08/20/2026 23:34:57 - INFO - utils.trainer -   MSE: 147.02483
08/20/2026 23:34:57 - INFO - utils.trainer -   MAE: 10.03208
08/20/2026 23:34:57 - INFO - utils.trainer -   RMSE: 12.12538
08/20/2026 23:34:57 - INFO - utils.trainer -   R2: -0.32566
08/20/2026 23:34:57 - INFO - utils.trainer -   PearsonR: 0.38132
08/20/2026 23:34:57 - INFO - utils.trainer -   Epoch: 12, Loss: 0.03586, Val loss: 0.01387, Val Loss: 0.0139, Best val Loss: 0.0092, No improve: 2/10, Time: 51.4s
08/20/2026 23:35:48 - INFO - utils.trainer -   ***** Running regression evaluation on val0 dataset *****
08/20/2026 23:35:54 - INFO - utils.trainer -   Loss: 0.01216
08/20/2026 23:35:54 - INFO - utils.trainer -   MSE: 129.64110
08/20/2026 23:35:54 - INFO - utils.trainer -   MAE: 8.76336
08/20/2026 23:35:54 - INFO - utils.trainer -   RMSE: 11.38600
08/20/2026 23:35:54 - INFO - utils.trainer -   R2: -0.16892
08/20/2026 23:35:54 - INFO - utils.trainer -   PearsonR: 0.38139
08/20/2026 23:35:54 - INFO - utils.trainer -   Epoch: 13, Loss: 0.02931, Val loss: 0.01216, Val Loss: 0.0122, Best val Loss: 0.0092, No improve: 3/10, Time: 51.3s
08/20/2026 23:36:45 - INFO - utils.trainer -   ***** Running regression evaluation on val0 dataset *****
08/20/2026 23:36:50 - INFO - utils.trainer -   Loss: 0.01108
08/20/2026 23:36:50 - INFO - utils.trainer -   MSE: 117.46307
08/20/2026 23:36:50 - INFO - utils.trainer -   MAE: 8.93985
08/20/2026 23:36:50 - INFO - utils.trainer -   RMSE: 10.83804
08/20/2026 23:36:50 - INFO - utils.trainer -   R2: -0.05911
08/20/2026 23:36:50 - INFO - utils.trainer -   PearsonR: 0.38265
08/20/2026 23:36:50 - INFO - utils.trainer -   Epoch: 14, Loss: 0.02926, Val loss: 0.01108, Val Loss: 0.0111, Best val Loss: 0.0092, No improve: 4/10, Time: 51.2s
08/20/2026 23:37:42 - INFO - utils.trainer -   ***** Running regression evaluation on val0 dataset *****
08/20/2026 23:37:48 - INFO - utils.trainer -   Loss: 0.01106
08/20/2026 23:37:48 - INFO - utils.trainer -   MSE: 117.20229
08/20/2026 23:37:48 - INFO - utils.trainer -   MAE: 8.99601
08/20/2026 23:37:48 - INFO - utils.trainer -   RMSE: 10.82600
08/20/2026 23:37:48 - INFO - utils.trainer -   R2: -0.05676
08/20/2026 23:37:48 - INFO - utils.trainer -   PearsonR: 0.35935
08/20/2026 23:37:48 - INFO - utils.trainer -   Epoch: 15, Loss: 0.02591, Val loss: 0.01106, Val Loss: 0.0111, Best val Loss: 0.0092, No improve: 5/10, Time: 52.4s
08/20/2026 23:38:39 - INFO - utils.trainer -   ***** Running regression evaluation on val0 dataset *****
08/20/2026 23:38:45 - INFO - utils.trainer -   Loss: 0.01568
08/20/2026 23:38:45 - INFO - utils.trainer -   MSE: 165.85858
08/20/2026 23:38:45 - INFO - utils.trainer -   MAE: 10.71961
08/20/2026 23:38:45 - INFO - utils.trainer -   RMSE: 12.87861
08/20/2026 23:38:45 - INFO - utils.trainer -   R2: -0.49547
08/20/2026 23:38:45 - INFO - utils.trainer -   PearsonR: 0.37741
08/20/2026 23:38:45 - INFO - utils.trainer -   Epoch: 16, Loss: 0.03303, Val loss: 0.01568, Val Loss: 0.0157, Best val Loss: 0.0092, No improve: 6/10, Time: 51.5s
08/20/2026 23:39:36 - INFO - utils.trainer -   ***** Running regression evaluation on val0 dataset *****
08/20/2026 23:39:41 - INFO - utils.trainer -   Loss: 0.00915
08/20/2026 23:39:41 - INFO - utils.trainer -   MSE: 97.01778
08/20/2026 23:39:41 - INFO - utils.trainer -   MAE: 8.13371
08/20/2026 23:39:41 - INFO - utils.trainer -   RMSE: 9.84976
08/20/2026 23:39:41 - INFO - utils.trainer -   R2: 0.12523
08/20/2026 23:39:41 - INFO - utils.trainer -   PearsonR: 0.39618
08/20/2026 23:39:42 - INFO - utils.trainer -   Model saved to output_dir/TimeLLM_AgeCAUEEG_train
08/20/2026 23:39:42 - INFO - utils.trainer -   Best model saved (val_Loss=0.0092)
08/20/2026 23:39:42 - INFO - utils.trainer -   Epoch: 17, Loss: 0.03213, Val loss: 0.00915, Val Loss: 0.0092, Best val Loss: 0.0092, No improve: 0/10, Time: 51.2s
08/20/2026 23:40:34 - INFO - utils.trainer -   ***** Running regression evaluation on val0 dataset *****
08/20/2026 23:40:39 - INFO - utils.trainer -   Loss: 0.01040
08/20/2026 23:40:39 - INFO - utils.trainer -   MSE: 110.08192
08/20/2026 23:40:39 - INFO - utils.trainer -   MAE: 8.68512
08/20/2026 23:40:39 - INFO - utils.trainer -   RMSE: 10.49199
08/20/2026 23:40:39 - INFO - utils.trainer -   R2: 0.00744
08/20/2026 23:40:39 - INFO - utils.trainer -   PearsonR: 0.32746
08/20/2026 23:40:39 - INFO - utils.trainer -   Epoch: 18, Loss: 0.02817, Val loss: 0.01040, Val Loss: 0.0104, Best val Loss: 0.0092, No improve: 1/10, Time: 51.3s
08/20/2026 23:41:30 - INFO - utils.trainer -   ***** Running regression evaluation on val0 dataset *****
08/20/2026 23:41:35 - INFO - utils.trainer -   Loss: 0.00999
08/20/2026 23:41:35 - INFO - utils.trainer -   MSE: 105.96019
08/20/2026 23:41:35 - INFO - utils.trainer -   MAE: 8.54367
08/20/2026 23:41:35 - INFO - utils.trainer -   RMSE: 10.29370
08/20/2026 23:41:35 - INFO - utils.trainer -   R2: 0.04460
08/20/2026 23:41:35 - INFO - utils.trainer -   PearsonR: 0.36506
08/20/2026 23:41:35 - INFO - utils.trainer -   Epoch: 19, Loss: 0.02614, Val loss: 0.00999, Val Loss: 0.0100, Best val Loss: 0.0092, No improve: 2/10, Time: 51.2s
08/20/2026 23:42:27 - INFO - utils.trainer -   ***** Running regression evaluation on val0 dataset *****
08/20/2026 23:42:32 - INFO - utils.trainer -   Loss: 0.01180
08/20/2026 23:42:32 - INFO - utils.trainer -   MSE: 125.07957
08/20/2026 23:42:32 - INFO - utils.trainer -   MAE: 9.28555
08/20/2026 23:42:32 - INFO - utils.trainer -   RMSE: 11.18390
08/20/2026 23:42:32 - INFO - utils.trainer -   R2: -0.12779
08/20/2026 23:42:32 - INFO - utils.trainer -   PearsonR: 0.38736
08/20/2026 23:42:32 - INFO - utils.trainer -   Epoch: 20, Loss: 0.02982, Val loss: 0.01180, Val Loss: 0.0118, Best val Loss: 0.0092, No improve: 3/10, Time: 51.4s
08/20/2026 23:43:23 - INFO - utils.trainer -   ***** Running regression evaluation on val0 dataset *****
08/20/2026 23:43:29 - INFO - utils.trainer -   Loss: 0.01550
08/20/2026 23:43:29 - INFO - utils.trainer -   MSE: 164.34045
08/20/2026 23:43:29 - INFO - utils.trainer -   MAE: 10.67876
08/20/2026 23:43:29 - INFO - utils.trainer -   RMSE: 12.81953
08/20/2026 23:43:29 - INFO - utils.trainer -   R2: -0.48178
08/20/2026 23:43:29 - INFO - utils.trainer -   PearsonR: 0.40582
08/20/2026 23:43:29 - INFO - utils.trainer -   Epoch: 21, Loss: 0.02336, Val loss: 0.01550, Val Loss: 0.0155, Best val Loss: 0.0092, No improve: 4/10, Time: 51.2s
08/20/2026 23:44:20 - INFO - utils.trainer -   ***** Running regression evaluation on val0 dataset *****
08/20/2026 23:44:25 - INFO - utils.trainer -   Loss: 0.01118
08/20/2026 23:44:25 - INFO - utils.trainer -   MSE: 118.50372
08/20/2026 23:44:25 - INFO - utils.trainer -   MAE: 9.02074
08/20/2026 23:44:25 - INFO - utils.trainer -   RMSE: 10.88594
08/20/2026 23:44:25 - INFO - utils.trainer -   R2: -0.06850
08/20/2026 23:44:25 - INFO - utils.trainer -   PearsonR: 0.35669
08/20/2026 23:44:25 - INFO - utils.trainer -   Epoch: 22, Loss: 0.02962, Val loss: 0.01118, Val Loss: 0.0112, Best val Loss: 0.0092, No improve: 5/10, Time: 51.7s
08/20/2026 23:45:17 - INFO - utils.trainer -   ***** Running regression evaluation on val0 dataset *****
08/20/2026 23:45:22 - INFO - utils.trainer -   Loss: 0.00908
08/20/2026 23:45:22 - INFO - utils.trainer -   MSE: 96.28698
08/20/2026 23:45:22 - INFO - utils.trainer -   MAE: 7.95510
08/20/2026 23:45:22 - INFO - utils.trainer -   RMSE: 9.81259
08/20/2026 23:45:22 - INFO - utils.trainer -   R2: 0.13182
08/20/2026 23:45:22 - INFO - utils.trainer -   PearsonR: 0.36743
08/20/2026 23:45:23 - INFO - utils.trainer -   Model saved to output_dir/TimeLLM_AgeCAUEEG_train
08/20/2026 23:45:23 - INFO - utils.trainer -   Best model saved (val_Loss=0.0091)
08/20/2026 23:45:23 - INFO - utils.trainer -   Epoch: 23, Loss: 0.02381, Val loss: 0.00908, Val Loss: 0.0091, Best val Loss: 0.0091, No improve: 0/10, Time: 51.3s
08/20/2026 23:46:14 - INFO - utils.trainer -   ***** Running regression evaluation on val0 dataset *****
08/20/2026 23:46:20 - INFO - utils.trainer -   Loss: 0.01216
08/20/2026 23:46:20 - INFO - utils.trainer -   MSE: 128.90144
08/20/2026 23:46:20 - INFO - utils.trainer -   MAE: 9.45210
08/20/2026 23:46:20 - INFO - utils.trainer -   RMSE: 11.35348
08/20/2026 23:46:20 - INFO - utils.trainer -   R2: -0.16225
08/20/2026 23:46:20 - INFO - utils.trainer -   PearsonR: 0.32854
08/20/2026 23:46:20 - INFO - utils.trainer -   Epoch: 24, Loss: 0.02940, Val loss: 0.01216, Val Loss: 0.0122, Best val Loss: 0.0091, No improve: 1/10, Time: 51.4s
08/20/2026 23:47:11 - INFO - utils.trainer -   ***** Running regression evaluation on val0 dataset *****
08/20/2026 23:47:17 - INFO - utils.trainer -   Loss: 0.01111
08/20/2026 23:47:17 - INFO - utils.trainer -   MSE: 118.11182
08/20/2026 23:47:17 - INFO - utils.trainer -   MAE: 9.00646
08/20/2026 23:47:17 - INFO - utils.trainer -   RMSE: 10.86793
08/20/2026 23:47:17 - INFO - utils.trainer -   R2: -0.06496
08/20/2026 23:47:17 - INFO - utils.trainer -   PearsonR: 0.37858
08/20/2026 23:47:18 - INFO - utils.trainer -   Model saved to output_dir/TimeLLM_AgeCAUEEG_train/checkpoint-epoch-25
08/20/2026 23:47:18 - INFO - utils.trainer -   Checkpoint saved at epoch 25
08/20/2026 23:47:18 - INFO - utils.trainer -   Epoch: 25, Loss: 0.02784, Val loss: 0.01111, Val Loss: 0.0111, Best val Loss: 0.0091, No improve: 2/10, Time: 51.7s
08/20/2026 23:48:09 - INFO - utils.trainer -   ***** Running regression evaluation on val0 dataset *****
08/20/2026 23:48:15 - INFO - utils.trainer -   Loss: 0.01504
08/20/2026 23:48:15 - INFO - utils.trainer -   MSE: 159.35628
08/20/2026 23:48:15 - INFO - utils.trainer -   MAE: 10.44638
08/20/2026 23:48:15 - INFO - utils.trainer -   RMSE: 12.62364
08/20/2026 23:48:15 - INFO - utils.trainer -   R2: -0.43684
08/20/2026 23:48:15 - INFO - utils.trainer -   PearsonR: 0.32146
08/20/2026 23:48:15 - INFO - utils.trainer -   Epoch: 26, Loss: 0.03009, Val loss: 0.01504, Val Loss: 0.0150, Best val Loss: 0.0091, No improve: 3/10, Time: 51.3s
08/20/2026 23:49:06 - INFO - utils.trainer -   ***** Running regression evaluation on val0 dataset *****
08/20/2026 23:49:11 - INFO - utils.trainer -   Loss: 0.00899
08/20/2026 23:49:11 - INFO - utils.trainer -   MSE: 95.61314
08/20/2026 23:49:11 - INFO - utils.trainer -   MAE: 7.85553
08/20/2026 23:49:11 - INFO - utils.trainer -   RMSE: 9.77820
08/20/2026 23:49:11 - INFO - utils.trainer -   R2: 0.13790
08/20/2026 23:49:11 - INFO - utils.trainer -   PearsonR: 0.38770
08/20/2026 23:49:12 - INFO - utils.trainer -   Model saved to output_dir/TimeLLM_AgeCAUEEG_train
08/20/2026 23:49:12 - INFO - utils.trainer -   Best model saved (val_Loss=0.0090)
08/20/2026 23:49:12 - INFO - utils.trainer -   Epoch: 27, Loss: 0.03039, Val loss: 0.00899, Val Loss: 0.0090, Best val Loss: 0.0090, No improve: 0/10, Time: 51.3s
08/20/2026 23:50:04 - INFO - utils.trainer -   ***** Running regression evaluation on val0 dataset *****
08/20/2026 23:50:09 - INFO - utils.trainer -   Loss: 0.00968
08/20/2026 23:50:09 - INFO - utils.trainer -   MSE: 102.48592
08/20/2026 23:50:09 - INFO - utils.trainer -   MAE: 8.40190
08/20/2026 23:50:09 - INFO - utils.trainer -   RMSE: 10.12353
08/20/2026 23:50:09 - INFO - utils.trainer -   R2: 0.07593
08/20/2026 23:50:09 - INFO - utils.trainer -   PearsonR: 0.38730
08/20/2026 23:50:09 - INFO - utils.trainer -   Epoch: 28, Loss: 0.02619, Val loss: 0.00968, Val Loss: 0.0097, Best val Loss: 0.0090, No improve: 1/10, Time: 51.3s
08/20/2026 23:51:02 - INFO - utils.trainer -   ***** Running regression evaluation on val0 dataset *****
08/20/2026 23:51:07 - INFO - utils.trainer -   Loss: 0.01266
08/20/2026 23:51:07 - INFO - utils.trainer -   MSE: 133.46518
08/20/2026 23:51:07 - INFO - utils.trainer -   MAE: 9.46995
08/20/2026 23:51:07 - INFO - utils.trainer -   RMSE: 11.55271
08/20/2026 23:51:07 - INFO - utils.trainer -   R2: -0.20340
08/20/2026 23:51:07 - INFO - utils.trainer -   PearsonR: 0.35227
08/20/2026 23:51:07 - INFO - utils.trainer -   Epoch: 29, Loss: 0.02718, Val loss: 0.01266, Val Loss: 0.0127, Best val Loss: 0.0090, No improve: 2/10, Time: 53.0s
08/20/2026 23:51:58 - INFO - utils.trainer -   ***** Running regression evaluation on val0 dataset *****
08/20/2026 23:52:04 - INFO - utils.trainer -   Loss: 0.01055
08/20/2026 23:52:04 - INFO - utils.trainer -   MSE: 111.94371
08/20/2026 23:52:04 - INFO - utils.trainer -   MAE: 8.72645
08/20/2026 23:52:04 - INFO - utils.trainer -   RMSE: 10.58035
08/20/2026 23:52:04 - INFO - utils.trainer -   R2: -0.00935
08/20/2026 23:52:04 - INFO - utils.trainer -   PearsonR: 0.31585
08/20/2026 23:52:04 - INFO - utils.trainer -   Epoch: 30, Loss: 0.03095, Val loss: 0.01055, Val Loss: 0.0105, Best val Loss: 0.0090, No improve: 3/10, Time: 51.4s
08/20/2026 23:52:55 - INFO - utils.trainer -   ***** Running regression evaluation on val0 dataset *****
08/20/2026 23:53:01 - INFO - utils.trainer -   Loss: 0.01009
08/20/2026 23:53:01 - INFO - utils.trainer -   MSE: 107.21437
08/20/2026 23:53:01 - INFO - utils.trainer -   MAE: 8.55169
08/20/2026 23:53:01 - INFO - utils.trainer -   RMSE: 10.35444
08/20/2026 23:53:01 - INFO - utils.trainer -   R2: 0.03330
08/20/2026 23:53:01 - INFO - utils.trainer -   PearsonR: 0.38803
08/20/2026 23:53:01 - INFO - utils.trainer -   Epoch: 31, Loss: 0.03364, Val loss: 0.01009, Val Loss: 0.0101, Best val Loss: 0.0090, No improve: 4/10, Time: 51.2s
08/20/2026 23:53:52 - INFO - utils.trainer -   ***** Running regression evaluation on val0 dataset *****
08/20/2026 23:53:57 - INFO - utils.trainer -   Loss: 0.01207
08/20/2026 23:53:57 - INFO - utils.trainer -   MSE: 128.21150
08/20/2026 23:53:57 - INFO - utils.trainer -   MAE: 9.35024
08/20/2026 23:53:57 - INFO - utils.trainer -   RMSE: 11.32305
08/20/2026 23:53:57 - INFO - utils.trainer -   R2: -0.15603
08/20/2026 23:53:57 - INFO - utils.trainer -   PearsonR: 0.33848
08/20/2026 23:53:57 - INFO - utils.trainer -   Epoch: 32, Loss: 0.03084, Val loss: 0.01207, Val Loss: 0.0121, Best val Loss: 0.0090, No improve: 5/10, Time: 51.2s
08/20/2026 23:54:49 - INFO - utils.trainer -   ***** Running regression evaluation on val0 dataset *****
08/20/2026 23:54:54 - INFO - utils.trainer -   Loss: 0.01079
08/20/2026 23:54:54 - INFO - utils.trainer -   MSE: 114.35083
08/20/2026 23:54:54 - INFO - utils.trainer -   MAE: 8.81293
08/20/2026 23:54:54 - INFO - utils.trainer -   RMSE: 10.69350
08/20/2026 23:54:54 - INFO - utils.trainer -   R2: -0.03105
08/20/2026 23:54:54 - INFO - utils.trainer -   PearsonR: 0.36616
08/20/2026 23:54:54 - INFO - utils.trainer -   Epoch: 33, Loss: 0.03089, Val loss: 0.01079, Val Loss: 0.0108, Best val Loss: 0.0090, No improve: 6/10, Time: 51.4s
08/20/2026 23:55:45 - INFO - utils.trainer -   ***** Running regression evaluation on val0 dataset *****
08/20/2026 23:55:51 - INFO - utils.trainer -   Loss: 0.01678
08/20/2026 23:55:51 - INFO - utils.trainer -   MSE: 178.41209
08/20/2026 23:55:51 - INFO - utils.trainer -   MAE: 11.12998
08/20/2026 23:55:51 - INFO - utils.trainer -   RMSE: 13.35710
08/20/2026 23:55:51 - INFO - utils.trainer -   R2: -0.60866
08/20/2026 23:55:51 - INFO - utils.trainer -   PearsonR: 0.34490
08/20/2026 23:55:51 - INFO - utils.trainer -   Epoch: 34, Loss: 0.03212, Val loss: 0.01678, Val Loss: 0.0168, Best val Loss: 0.0090, No improve: 7/10, Time: 51.3s
08/20/2026 23:56:42 - INFO - utils.trainer -   ***** Running regression evaluation on val0 dataset *****
08/20/2026 23:56:47 - INFO - utils.trainer -   Loss: 0.01022
08/20/2026 23:56:47 - INFO - utils.trainer -   MSE: 108.45651
08/20/2026 23:56:47 - INFO - utils.trainer -   MAE: 8.55480
08/20/2026 23:56:47 - INFO - utils.trainer -   RMSE: 10.41425
08/20/2026 23:56:47 - INFO - utils.trainer -   R2: 0.02210
08/20/2026 23:56:47 - INFO - utils.trainer -   PearsonR: 0.37062
08/20/2026 23:56:47 - INFO - utils.trainer -   Epoch: 35, Loss: 0.02703, Val loss: 0.01022, Val Loss: 0.0102, Best val Loss: 0.0090, No improve: 8/10, Time: 51.3s
08/20/2026 23:57:38 - INFO - utils.trainer -   ***** Running regression evaluation on val0 dataset *****
08/20/2026 23:57:44 - INFO - utils.trainer -   Loss: 0.00949
08/20/2026 23:57:44 - INFO - utils.trainer -   MSE: 101.30522
08/20/2026 23:57:44 - INFO - utils.trainer -   MAE: 7.96099
08/20/2026 23:57:44 - INFO - utils.trainer -   RMSE: 10.06505
08/20/2026 23:57:44 - INFO - utils.trainer -   R2: 0.08658
08/20/2026 23:57:44 - INFO - utils.trainer -   PearsonR: 0.38920
08/20/2026 23:57:44 - INFO - utils.trainer -   Epoch: 36, Loss: 0.02661, Val loss: 0.00949, Val Loss: 0.0095, Best val Loss: 0.0090, No improve: 9/10, Time: 51.2s
08/20/2026 23:58:35 - INFO - utils.trainer -   ***** Running regression evaluation on val0 dataset *****
08/20/2026 23:58:40 - INFO - utils.trainer -   Loss: 0.01396
08/20/2026 23:58:40 - INFO - utils.trainer -   MSE: 148.19373
08/20/2026 23:58:40 - INFO - utils.trainer -   MAE: 10.05052
08/20/2026 23:58:40 - INFO - utils.trainer -   RMSE: 12.17348
08/20/2026 23:58:40 - INFO - utils.trainer -   R2: -0.33620
08/20/2026 23:58:40 - INFO - utils.trainer -   PearsonR: 0.35966
08/20/2026 23:58:40 - INFO - utils.trainer -   Epoch: 37, Loss: 0.03364, Val loss: 0.01396, Val Loss: 0.0140, Best val Loss: 0.0090, No improve: 10/10, Time: 51.3s
08/20/2026 23:58:40 - INFO - utils.trainer -   Early stopping triggered at epoch 37
08/20/2026 23:58:40 - INFO - utils.trainer -   Early stopping triggered at epoch 37
08/20/2026 23:58:40 - INFO - utils.trainer -   Early stopping triggered at epoch 37
08/20/2026 23:58:40 - INFO - utils.trainer -   Early stopping triggered at epoch 37
08/20/2026 23:58:40 - INFO - utils.trainer -   Early stopping triggered at epoch 37
08/20/2026 23:58:40 - INFO - utils.trainer -   Early stopping triggered at epoch 37
08/20/2026 23:58:41 - INFO - utils.trainer -     2 prompt-buffer key(s) skipped (kept target-dataset prompt)
08/20/2026 23:58:41 - INFO - utils.trainer -     582 keys not in checkpoint (kept from init)
08/20/2026 23:58:41 - INFO - utils.trainer -   Model loaded from output_dir/TimeLLM_AgeCAUEEG_train/TimeLLM-0.bin (25/27 keys)
08/20/2026 23:58:41 - INFO - utils.trainer -   ***** Running regression evaluation on test0 dataset *****
08/20/2026 23:58:41 - INFO - utils.trainer -     2 prompt-buffer key(s) skipped (kept target-dataset prompt)
08/20/2026 23:58:41 - INFO - utils.trainer -     582 keys not in checkpoint (kept from init)
08/20/2026 23:58:41 - INFO - utils.trainer -   Model loaded from output_dir/TimeLLM_AgeCAUEEG_train/TimeLLM-0.bin (25/27 keys)
08/20/2026 23:58:41 - INFO - utils.trainer -     2 prompt-buffer key(s) skipped (kept target-dataset prompt)
08/20/2026 23:58:41 - INFO - utils.trainer -     582 keys not in checkpoint (kept from init)
08/20/2026 23:58:41 - INFO - utils.trainer -   Model loaded from output_dir/TimeLLM_AgeCAUEEG_train/TimeLLM-0.bin (25/27 keys)
08/20/2026 23:58:41 - INFO - utils.trainer -     2 prompt-buffer key(s) skipped (kept target-dataset prompt)
08/20/2026 23:58:41 - INFO - utils.trainer -     582 keys not in checkpoint (kept from init)
08/20/2026 23:58:41 - INFO - utils.trainer -   Model loaded from output_dir/TimeLLM_AgeCAUEEG_train/TimeLLM-0.bin (25/27 keys)
08/20/2026 23:58:41 - INFO - utils.trainer -     2 prompt-buffer key(s) skipped (kept target-dataset prompt)
08/20/2026 23:58:41 - INFO - utils.trainer -     582 keys not in checkpoint (kept from init)
08/20/2026 23:58:41 - INFO - utils.trainer -   Model loaded from output_dir/TimeLLM_AgeCAUEEG_train/TimeLLM-0.bin (25/27 keys)
08/20/2026 23:58:41 - INFO - utils.trainer -     2 prompt-buffer key(s) skipped (kept target-dataset prompt)
08/20/2026 23:58:41 - INFO - utils.trainer -     582 keys not in checkpoint (kept from init)
08/20/2026 23:58:41 - INFO - utils.trainer -   Model loaded from output_dir/TimeLLM_AgeCAUEEG_train/TimeLLM-0.bin (25/27 keys)
08/20/2026 23:58:46 - INFO - utils.trainer -   Loss: 0.00835
08/20/2026 23:58:46 - INFO - utils.trainer -   MSE: 88.91279
08/20/2026 23:58:46 - INFO - utils.trainer -   MAE: 7.62221
08/20/2026 23:58:46 - INFO - utils.trainer -   RMSE: 9.42936
08/20/2026 23:58:46 - INFO - utils.trainer -   R2: 0.11334
08/20/2026 23:58:46 - INFO - utils.trainer -   PearsonR: 0.33935
08/20/2026 23:58:46 - INFO - utils.trainer -   === Best epoch test result ===
08/20/2026 23:58:46 - INFO - utils.trainer -     Loss: 0.00835
08/20/2026 23:58:46 - INFO - utils.trainer -     MSE: 88.91279
08/20/2026 23:58:46 - INFO - utils.trainer -     MAE: 7.62221
08/20/2026 23:58:46 - INFO - utils.trainer -     RMSE: 9.42936
08/20/2026 23:58:46 - INFO - utils.trainer -     R2: 0.11334
08/20/2026 23:58:46 - INFO - utils.trainer -     PearsonR: 0.33935
08/20/2026 23:58:47 - INFO - utils.trainer -   Model saved to output_dir/TimeLLM_AgeCAUEEG_train/final-epoch-200
08/20/2026 23:58:47 - INFO - utils.trainer -   Final model saved at epoch 200
