07/30/2026 11:13:35 - INFO - __main__ -   ########## Repeat:0 ##########
07/30/2026 11:13:35 - INFO - utils.trainer -   ***** Running training *****
07/30/2026 11:13:35 - INFO - utils.trainer -     Num examples = 33
07/30/2026 11:13:35 - INFO - utils.trainer -     Num Epochs = 200
07/30/2026 11:13:35 - INFO - utils.trainer -     Total train batch size = 3
07/30/2026 11:13:35 - INFO - utils.trainer -     warmup steps = 400
07/30/2026 11:13:35 - INFO - utils.trainer -     Total optimization steps = 6600
07/30/2026 11:13:35 - INFO - utils.trainer -     Save steps = 25
07/30/2026 11:13:51 - INFO - utils.trainer -   ***** Running evaluation on val dataset *****
07/30/2026 11:13:53 - INFO - utils.trainer -   Loss: 0.68949
07/30/2026 11:13:53 - INFO - utils.trainer -   AUC: 0.47357
07/30/2026 11:13:53 - INFO - utils.trainer -   Accuracy: 0.54167
07/30/2026 11:13:53 - INFO - utils.trainer -   Precision: 0.00000
07/30/2026 11:13:53 - INFO - utils.trainer -   Specificity: 1.00000
07/30/2026 11:13:53 - INFO - utils.trainer -   Sensitivity: 0.00000
07/30/2026 11:13:54 - INFO - utils.trainer -   Model saved to output_dir/TimeLLM
07/30/2026 11:13:54 - INFO - utils.trainer -   Best model saved (val_AUC=0.4736)
07/30/2026 11:13:54 - INFO - utils.trainer -   Epoch: 1, Loss: 0.87849, Val loss: 0.68949, Val AUC: 0.4736, Best val AUC: 0.4736, No improve: 0/10, Time: 16.2s
07/30/2026 11:14:09 - INFO - utils.trainer -   ***** Running evaluation on val dataset *****
07/30/2026 11:14:11 - INFO - utils.trainer -   Loss: 0.71252
07/30/2026 11:14:11 - INFO - utils.trainer -   AUC: 0.46601
07/30/2026 11:14:11 - INFO - utils.trainer -   Accuracy: 0.44167
07/30/2026 11:14:11 - INFO - utils.trainer -   Precision: 0.43617
07/30/2026 11:14:11 - INFO - utils.trainer -   Specificity: 0.18462
07/30/2026 11:14:11 - INFO - utils.trainer -   Sensitivity: 0.74545
07/30/2026 11:14:11 - INFO - utils.trainer -   Epoch: 2, Loss: 0.75197, Val loss: 0.71252, Val AUC: 0.4660, Best val AUC: 0.4736, No improve: 1/10, Time: 15.6s
07/30/2026 11:14:27 - INFO - utils.trainer -   ***** Running evaluation on val dataset *****
07/30/2026 11:14:28 - INFO - utils.trainer -   Loss: 0.69511
07/30/2026 11:14:28 - INFO - utils.trainer -   AUC: 0.44951
07/30/2026 11:14:28 - INFO - utils.trainer -   Accuracy: 0.54167
07/30/2026 11:14:28 - INFO - utils.trainer -   Precision: 0.00000
07/30/2026 11:14:28 - INFO - utils.trainer -   Specificity: 1.00000
07/30/2026 11:14:28 - INFO - utils.trainer -   Sensitivity: 0.00000
07/30/2026 11:14:28 - INFO - utils.trainer -   Epoch: 3, Loss: 0.70208, Val loss: 0.69511, Val AUC: 0.4495, Best val AUC: 0.4736, No improve: 2/10, Time: 15.6s
07/30/2026 11:14:44 - INFO - utils.trainer -   ***** Running evaluation on val dataset *****
07/30/2026 11:14:46 - INFO - utils.trainer -   Loss: 0.79462
07/30/2026 11:14:46 - INFO - utils.trainer -   AUC: 0.44783
07/30/2026 11:14:46 - INFO - utils.trainer -   Accuracy: 0.45833
07/30/2026 11:14:46 - INFO - utils.trainer -   Precision: 0.45833
07/30/2026 11:14:46 - INFO - utils.trainer -   Specificity: 0.00000
07/30/2026 11:14:46 - INFO - utils.trainer -   Sensitivity: 1.00000
07/30/2026 11:14:46 - INFO - utils.trainer -   Epoch: 4, Loss: 0.73418, Val loss: 0.79462, Val AUC: 0.4478, Best val AUC: 0.4736, No improve: 3/10, Time: 15.7s
07/30/2026 11:15:02 - INFO - utils.trainer -   ***** Running evaluation on val dataset *****
07/30/2026 11:15:03 - INFO - utils.trainer -   Loss: 0.69082
07/30/2026 11:15:03 - INFO - utils.trainer -   AUC: 0.44615
07/30/2026 11:15:03 - INFO - utils.trainer -   Accuracy: 0.54167
07/30/2026 11:15:03 - INFO - utils.trainer -   Precision: 0.00000
07/30/2026 11:15:03 - INFO - utils.trainer -   Specificity: 1.00000
07/30/2026 11:15:03 - INFO - utils.trainer -   Sensitivity: 0.00000
07/30/2026 11:15:03 - INFO - utils.trainer -   Epoch: 5, Loss: 0.79200, Val loss: 0.69082, Val AUC: 0.4462, Best val AUC: 0.4736, No improve: 4/10, Time: 15.7s
07/30/2026 11:15:19 - INFO - utils.trainer -   ***** Running evaluation on val dataset *****
07/30/2026 11:15:21 - INFO - utils.trainer -   Loss: 0.71551
07/30/2026 11:15:21 - INFO - utils.trainer -   AUC: 0.42881
07/30/2026 11:15:21 - INFO - utils.trainer -   Accuracy: 0.45833
07/30/2026 11:15:21 - INFO - utils.trainer -   Precision: 0.45833
07/30/2026 11:15:21 - INFO - utils.trainer -   Specificity: 0.00000
07/30/2026 11:15:21 - INFO - utils.trainer -   Sensitivity: 1.00000
07/30/2026 11:15:21 - INFO - utils.trainer -   Epoch: 6, Loss: 0.80089, Val loss: 0.71551, Val AUC: 0.4288, Best val AUC: 0.4736, No improve: 5/10, Time: 15.7s
07/30/2026 11:15:37 - INFO - utils.trainer -   ***** Running evaluation on val dataset *****
07/30/2026 11:15:38 - INFO - utils.trainer -   Loss: 0.82043
07/30/2026 11:15:38 - INFO - utils.trainer -   AUC: 0.48252
07/30/2026 11:15:38 - INFO - utils.trainer -   Accuracy: 0.45833
07/30/2026 11:15:38 - INFO - utils.trainer -   Precision: 0.45833
07/30/2026 11:15:38 - INFO - utils.trainer -   Specificity: 0.00000
07/30/2026 11:15:38 - INFO - utils.trainer -   Sensitivity: 1.00000
07/30/2026 11:15:39 - INFO - utils.trainer -   Model saved to output_dir/TimeLLM
07/30/2026 11:15:39 - INFO - utils.trainer -   Best model saved (val_AUC=0.4825)
07/30/2026 11:15:39 - INFO - utils.trainer -   Epoch: 7, Loss: 0.91137, Val loss: 0.82043, Val AUC: 0.4825, Best val AUC: 0.4825, No improve: 0/10, Time: 15.8s
07/30/2026 11:15:55 - INFO - utils.trainer -   ***** Running evaluation on val dataset *****
07/30/2026 11:15:57 - INFO - utils.trainer -   Loss: 0.71605
07/30/2026 11:15:57 - INFO - utils.trainer -   AUC: 0.52336
07/30/2026 11:15:57 - INFO - utils.trainer -   Accuracy: 0.45833
07/30/2026 11:15:57 - INFO - utils.trainer -   Precision: 0.45833
07/30/2026 11:15:57 - INFO - utils.trainer -   Specificity: 0.00000
07/30/2026 11:15:57 - INFO - utils.trainer -   Sensitivity: 1.00000
07/30/2026 11:15:58 - INFO - utils.trainer -   Model saved to output_dir/TimeLLM
07/30/2026 11:15:58 - INFO - utils.trainer -   Best model saved (val_AUC=0.5234)
07/30/2026 11:15:58 - INFO - utils.trainer -   Epoch: 8, Loss: 0.78001, Val loss: 0.71605, Val AUC: 0.5234, Best val AUC: 0.5234, No improve: 0/10, Time: 15.7s
07/30/2026 11:16:13 - INFO - utils.trainer -   ***** Running evaluation on val dataset *****
07/30/2026 11:16:15 - INFO - utils.trainer -   Loss: 0.72177
07/30/2026 11:16:15 - INFO - utils.trainer -   AUC: 0.43217
07/30/2026 11:16:15 - INFO - utils.trainer -   Accuracy: 0.54167
07/30/2026 11:16:15 - INFO - utils.trainer -   Precision: 0.00000
07/30/2026 11:16:15 - INFO - utils.trainer -   Specificity: 1.00000
07/30/2026 11:16:15 - INFO - utils.trainer -   Sensitivity: 0.00000
07/30/2026 11:16:15 - INFO - utils.trainer -   Epoch: 9, Loss: 0.76000, Val loss: 0.72177, Val AUC: 0.4322, Best val AUC: 0.5234, No improve: 1/10, Time: 15.7s
07/30/2026 11:16:31 - INFO - utils.trainer -   ***** Running evaluation on val dataset *****
07/30/2026 11:16:33 - INFO - utils.trainer -   Loss: 0.76070
07/30/2026 11:16:33 - INFO - utils.trainer -   AUC: 0.44224
07/30/2026 11:16:33 - INFO - utils.trainer -   Accuracy: 0.45833
07/30/2026 11:16:33 - INFO - utils.trainer -   Precision: 0.45833
07/30/2026 11:16:33 - INFO - utils.trainer -   Specificity: 0.00000
07/30/2026 11:16:33 - INFO - utils.trainer -   Sensitivity: 1.00000
07/30/2026 11:16:33 - INFO - utils.trainer -   Epoch: 10, Loss: 0.71273, Val loss: 0.76070, Val AUC: 0.4422, Best val AUC: 0.5234, No improve: 2/10, Time: 15.7s
07/30/2026 11:16:48 - INFO - utils.trainer -   ***** Running evaluation on val dataset *****
07/30/2026 11:16:50 - INFO - utils.trainer -   Loss: 0.70157
07/30/2026 11:16:50 - INFO - utils.trainer -   AUC: 0.51776
07/30/2026 11:16:50 - INFO - utils.trainer -   Accuracy: 0.45833
07/30/2026 11:16:50 - INFO - utils.trainer -   Precision: 0.45833
07/30/2026 11:16:50 - INFO - utils.trainer -   Specificity: 0.00000
07/30/2026 11:16:50 - INFO - utils.trainer -   Sensitivity: 1.00000
07/30/2026 11:16:50 - INFO - utils.trainer -   Epoch: 11, Loss: 0.68149, Val loss: 0.70157, Val AUC: 0.5178, Best val AUC: 0.5234, No improve: 3/10, Time: 15.7s
07/30/2026 11:17:06 - INFO - utils.trainer -   ***** Running evaluation on val dataset *****
07/30/2026 11:17:08 - INFO - utils.trainer -   Loss: 0.69348
07/30/2026 11:17:08 - INFO - utils.trainer -   AUC: 0.43357
07/30/2026 11:17:08 - INFO - utils.trainer -   Accuracy: 0.54167
07/30/2026 11:17:08 - INFO - utils.trainer -   Precision: 0.00000
07/30/2026 11:17:08 - INFO - utils.trainer -   Specificity: 1.00000
07/30/2026 11:17:08 - INFO - utils.trainer -   Sensitivity: 0.00000
07/30/2026 11:17:08 - INFO - utils.trainer -   Epoch: 12, Loss: 0.69803, Val loss: 0.69348, Val AUC: 0.4336, Best val AUC: 0.5234, No improve: 4/10, Time: 15.8s
07/30/2026 11:17:23 - INFO - utils.trainer -   ***** Running evaluation on val dataset *****
07/30/2026 11:17:25 - INFO - utils.trainer -   Loss: 0.69667
07/30/2026 11:17:25 - INFO - utils.trainer -   AUC: 0.47385
07/30/2026 11:17:25 - INFO - utils.trainer -   Accuracy: 0.40833
07/30/2026 11:17:25 - INFO - utils.trainer -   Precision: 0.41837
07/30/2026 11:17:25 - INFO - utils.trainer -   Specificity: 0.12308
07/30/2026 11:17:25 - INFO - utils.trainer -   Sensitivity: 0.74545
07/30/2026 11:17:25 - INFO - utils.trainer -   Epoch: 13, Loss: 0.72191, Val loss: 0.69667, Val AUC: 0.4738, Best val AUC: 0.5234, No improve: 5/10, Time: 15.7s
07/30/2026 11:17:41 - INFO - utils.trainer -   ***** Running evaluation on val dataset *****
07/30/2026 11:17:43 - INFO - utils.trainer -   Loss: 0.77738
07/30/2026 11:17:43 - INFO - utils.trainer -   AUC: 0.44643
07/30/2026 11:17:43 - INFO - utils.trainer -   Accuracy: 0.45833
07/30/2026 11:17:43 - INFO - utils.trainer -   Precision: 0.45833
07/30/2026 11:17:43 - INFO - utils.trainer -   Specificity: 0.00000
07/30/2026 11:17:43 - INFO - utils.trainer -   Sensitivity: 1.00000
07/30/2026 11:17:43 - INFO - utils.trainer -   Epoch: 14, Loss: 0.70937, Val loss: 0.77738, Val AUC: 0.4464, Best val AUC: 0.5234, No improve: 6/10, Time: 15.8s
07/30/2026 11:17:58 - INFO - utils.trainer -   ***** Running evaluation on val dataset *****
07/30/2026 11:18:00 - INFO - utils.trainer -   Loss: 0.72306
07/30/2026 11:18:00 - INFO - utils.trainer -   AUC: 0.60056
07/30/2026 11:18:00 - INFO - utils.trainer -   Accuracy: 0.45833
07/30/2026 11:18:00 - INFO - utils.trainer -   Precision: 0.45833
07/30/2026 11:18:00 - INFO - utils.trainer -   Specificity: 0.00000
07/30/2026 11:18:00 - INFO - utils.trainer -   Sensitivity: 1.00000
07/30/2026 11:18:01 - INFO - utils.trainer -   Model saved to output_dir/TimeLLM
07/30/2026 11:18:01 - INFO - utils.trainer -   Best model saved (val_AUC=0.6006)
07/30/2026 11:18:01 - INFO - utils.trainer -   Epoch: 15, Loss: 0.69825, Val loss: 0.72306, Val AUC: 0.6006, Best val AUC: 0.6006, No improve: 0/10, Time: 15.7s
07/30/2026 11:18:16 - INFO - utils.trainer -   ***** Running evaluation on val dataset *****
07/30/2026 11:18:18 - INFO - utils.trainer -   Loss: 0.64720
07/30/2026 11:18:18 - INFO - utils.trainer -   AUC: 0.71021
07/30/2026 11:18:18 - INFO - utils.trainer -   Accuracy: 0.68333
07/30/2026 11:18:18 - INFO - utils.trainer -   Precision: 0.94737
07/30/2026 11:18:18 - INFO - utils.trainer -   Specificity: 0.98462
07/30/2026 11:18:18 - INFO - utils.trainer -   Sensitivity: 0.32727
07/30/2026 11:18:19 - INFO - utils.trainer -   Model saved to output_dir/TimeLLM
07/30/2026 11:18:19 - INFO - utils.trainer -   Best model saved (val_AUC=0.7102)
07/30/2026 11:18:19 - INFO - utils.trainer -   Epoch: 16, Loss: 0.69670, Val loss: 0.64720, Val AUC: 0.7102, Best val AUC: 0.7102, No improve: 0/10, Time: 15.7s
07/30/2026 11:18:35 - INFO - utils.trainer -   ***** Running evaluation on val dataset *****
07/30/2026 11:18:37 - INFO - utils.trainer -   Loss: 0.47027
07/30/2026 11:18:37 - INFO - utils.trainer -   AUC: 0.85986
07/30/2026 11:18:37 - INFO - utils.trainer -   Accuracy: 0.79167
07/30/2026 11:18:37 - INFO - utils.trainer -   Precision: 0.85714
07/30/2026 11:18:37 - INFO - utils.trainer -   Specificity: 0.90769
07/30/2026 11:18:37 - INFO - utils.trainer -   Sensitivity: 0.65455
07/30/2026 11:18:37 - INFO - utils.trainer -   Model saved to output_dir/TimeLLM
07/30/2026 11:18:37 - INFO - utils.trainer -   Best model saved (val_AUC=0.8599)
07/30/2026 11:18:37 - INFO - utils.trainer -   Epoch: 17, Loss: 0.67559, Val loss: 0.47027, Val AUC: 0.8599, Best val AUC: 0.8599, No improve: 0/10, Time: 15.7s
07/30/2026 11:18:53 - INFO - utils.trainer -   ***** Running evaluation on val dataset *****
07/30/2026 11:18:55 - INFO - utils.trainer -   Loss: 0.44501
07/30/2026 11:18:55 - INFO - utils.trainer -   AUC: 0.87189
07/30/2026 11:18:55 - INFO - utils.trainer -   Accuracy: 0.78333
07/30/2026 11:18:55 - INFO - utils.trainer -   Precision: 0.74576
07/30/2026 11:18:55 - INFO - utils.trainer -   Specificity: 0.76923
07/30/2026 11:18:55 - INFO - utils.trainer -   Sensitivity: 0.80000
07/30/2026 11:18:56 - INFO - utils.trainer -   Model saved to output_dir/TimeLLM
07/30/2026 11:18:56 - INFO - utils.trainer -   Best model saved (val_AUC=0.8719)
07/30/2026 11:18:56 - INFO - utils.trainer -   Epoch: 18, Loss: 0.31259, Val loss: 0.44501, Val AUC: 0.8719, Best val AUC: 0.8719, No improve: 0/10, Time: 15.7s
07/30/2026 11:19:12 - INFO - utils.trainer -   ***** Running evaluation on val dataset *****
07/30/2026 11:19:13 - INFO - utils.trainer -   Loss: 0.38631
07/30/2026 11:19:13 - INFO - utils.trainer -   AUC: 0.91161
07/30/2026 11:19:13 - INFO - utils.trainer -   Accuracy: 0.82500
07/30/2026 11:19:13 - INFO - utils.trainer -   Precision: 0.77419
07/30/2026 11:19:13 - INFO - utils.trainer -   Specificity: 0.78462
07/30/2026 11:19:13 - INFO - utils.trainer -   Sensitivity: 0.87273
07/30/2026 11:19:14 - INFO - utils.trainer -   Model saved to output_dir/TimeLLM
07/30/2026 11:19:14 - INFO - utils.trainer -   Best model saved (val_AUC=0.9116)
07/30/2026 11:19:14 - INFO - utils.trainer -   Epoch: 19, Loss: 0.37919, Val loss: 0.38631, Val AUC: 0.9116, Best val AUC: 0.9116, No improve: 0/10, Time: 15.7s
07/30/2026 11:19:30 - INFO - utils.trainer -   ***** Running evaluation on val dataset *****
07/30/2026 11:19:32 - INFO - utils.trainer -   Loss: 0.33014
07/30/2026 11:19:32 - INFO - utils.trainer -   AUC: 0.92923
07/30/2026 11:19:32 - INFO - utils.trainer -   Accuracy: 0.86667
07/30/2026 11:19:32 - INFO - utils.trainer -   Precision: 0.91489
07/30/2026 11:19:32 - INFO - utils.trainer -   Specificity: 0.93846
07/30/2026 11:19:32 - INFO - utils.trainer -   Sensitivity: 0.78182
07/30/2026 11:19:33 - INFO - utils.trainer -   Model saved to output_dir/TimeLLM
07/30/2026 11:19:33 - INFO - utils.trainer -   Best model saved (val_AUC=0.9292)
07/30/2026 11:19:33 - INFO - utils.trainer -   Epoch: 20, Loss: 0.28140, Val loss: 0.33014, Val AUC: 0.9292, Best val AUC: 0.9292, No improve: 0/10, Time: 15.7s
07/30/2026 11:19:48 - INFO - utils.trainer -   ***** Running evaluation on val dataset *****
07/30/2026 11:19:50 - INFO - utils.trainer -   Loss: 0.49257
07/30/2026 11:19:50 - INFO - utils.trainer -   AUC: 0.85203
07/30/2026 11:19:50 - INFO - utils.trainer -   Accuracy: 0.78333
07/30/2026 11:19:50 - INFO - utils.trainer -   Precision: 0.74576
07/30/2026 11:19:50 - INFO - utils.trainer -   Specificity: 0.76923
07/30/2026 11:19:50 - INFO - utils.trainer -   Sensitivity: 0.80000
07/30/2026 11:19:50 - INFO - utils.trainer -   Epoch: 21, Loss: 0.23186, Val loss: 0.49257, Val AUC: 0.8520, Best val AUC: 0.9292, No improve: 1/10, Time: 15.7s
07/30/2026 11:20:06 - INFO - utils.trainer -   ***** Running evaluation on val dataset *****
07/30/2026 11:20:08 - INFO - utils.trainer -   Loss: 0.47546
07/30/2026 11:20:08 - INFO - utils.trainer -   AUC: 0.89818
07/30/2026 11:20:08 - INFO - utils.trainer -   Accuracy: 0.80000
07/30/2026 11:20:08 - INFO - utils.trainer -   Precision: 0.73846
07/30/2026 11:20:08 - INFO - utils.trainer -   Specificity: 0.73846
07/30/2026 11:20:08 - INFO - utils.trainer -   Sensitivity: 0.87273
07/30/2026 11:20:08 - INFO - utils.trainer -   Epoch: 22, Loss: 0.12384, Val loss: 0.47546, Val AUC: 0.8982, Best val AUC: 0.9292, No improve: 2/10, Time: 15.8s
07/30/2026 11:20:23 - INFO - utils.trainer -   ***** Running evaluation on val dataset *****
07/30/2026 11:20:25 - INFO - utils.trainer -   Loss: 0.38784
07/30/2026 11:20:25 - INFO - utils.trainer -   AUC: 0.92224
07/30/2026 11:20:25 - INFO - utils.trainer -   Accuracy: 0.85833
07/30/2026 11:20:25 - INFO - utils.trainer -   Precision: 0.89583
07/30/2026 11:20:25 - INFO - utils.trainer -   Specificity: 0.92308
07/30/2026 11:20:25 - INFO - utils.trainer -   Sensitivity: 0.78182
07/30/2026 11:20:25 - INFO - utils.trainer -   Epoch: 23, Loss: 0.09666, Val loss: 0.38784, Val AUC: 0.9222, Best val AUC: 0.9292, No improve: 3/10, Time: 15.8s
07/30/2026 11:20:41 - INFO - utils.trainer -   ***** Running evaluation on val dataset *****
07/30/2026 11:20:43 - INFO - utils.trainer -   Loss: 0.68801
07/30/2026 11:20:43 - INFO - utils.trainer -   AUC: 0.87776
07/30/2026 11:20:43 - INFO - utils.trainer -   Accuracy: 0.70000
07/30/2026 11:20:43 - INFO - utils.trainer -   Precision: 0.63014
07/30/2026 11:20:43 - INFO - utils.trainer -   Specificity: 0.58462
07/30/2026 11:20:43 - INFO - utils.trainer -   Sensitivity: 0.83636
07/30/2026 11:20:43 - INFO - utils.trainer -   Epoch: 24, Loss: 0.08891, Val loss: 0.68801, Val AUC: 0.8778, Best val AUC: 0.9292, No improve: 4/10, Time: 15.7s
07/30/2026 11:20:58 - INFO - utils.trainer -   ***** Running evaluation on val dataset *****
07/30/2026 11:21:00 - INFO - utils.trainer -   Loss: 0.40042
07/30/2026 11:21:00 - INFO - utils.trainer -   AUC: 0.92643
07/30/2026 11:21:00 - INFO - utils.trainer -   Accuracy: 0.82500
07/30/2026 11:21:00 - INFO - utils.trainer -   Precision: 0.79310
07/30/2026 11:21:00 - INFO - utils.trainer -   Specificity: 0.81538
07/30/2026 11:21:00 - INFO - utils.trainer -   Sensitivity: 0.83636
07/30/2026 11:21:01 - INFO - utils.trainer -   Model saved to output_dir/TimeLLM/checkpoint-epoch-25
07/30/2026 11:21:01 - INFO - utils.trainer -   Checkpoint saved at epoch 25
07/30/2026 11:21:01 - INFO - utils.trainer -   Epoch: 25, Loss: 0.07538, Val loss: 0.40042, Val AUC: 0.9264, Best val AUC: 0.9292, No improve: 5/10, Time: 15.7s
07/30/2026 11:21:17 - INFO - utils.trainer -   ***** Running evaluation on val dataset *****
07/30/2026 11:21:19 - INFO - utils.trainer -   Loss: 0.42106
07/30/2026 11:21:19 - INFO - utils.trainer -   AUC: 0.91189
07/30/2026 11:21:19 - INFO - utils.trainer -   Accuracy: 0.85000
07/30/2026 11:21:19 - INFO - utils.trainer -   Precision: 0.87755
07/30/2026 11:21:19 - INFO - utils.trainer -   Specificity: 0.90769
07/30/2026 11:21:19 - INFO - utils.trainer -   Sensitivity: 0.78182
07/30/2026 11:21:19 - INFO - utils.trainer -   Epoch: 26, Loss: 0.03634, Val loss: 0.42106, Val AUC: 0.9119, Best val AUC: 0.9292, No improve: 6/10, Time: 15.7s
07/30/2026 11:21:35 - INFO - utils.trainer -   ***** Running evaluation on val dataset *****
07/30/2026 11:21:36 - INFO - utils.trainer -   Loss: 0.54866
07/30/2026 11:21:36 - INFO - utils.trainer -   AUC: 0.89427
07/30/2026 11:21:36 - INFO - utils.trainer -   Accuracy: 0.80000
07/30/2026 11:21:36 - INFO - utils.trainer -   Precision: 0.75410
07/30/2026 11:21:36 - INFO - utils.trainer -   Specificity: 0.76923
07/30/2026 11:21:36 - INFO - utils.trainer -   Sensitivity: 0.83636
07/30/2026 11:21:36 - INFO - utils.trainer -   Epoch: 27, Loss: 0.02822, Val loss: 0.54866, Val AUC: 0.8943, Best val AUC: 0.9292, No improve: 7/10, Time: 15.7s
07/30/2026 11:21:52 - INFO - utils.trainer -   ***** Running evaluation on val dataset *****
07/30/2026 11:21:54 - INFO - utils.trainer -   Loss: 0.66725
07/30/2026 11:21:54 - INFO - utils.trainer -   AUC: 0.89287
07/30/2026 11:21:54 - INFO - utils.trainer -   Accuracy: 0.80833
07/30/2026 11:21:54 - INFO - utils.trainer -   Precision: 0.92105
07/30/2026 11:21:54 - INFO - utils.trainer -   Specificity: 0.95385
07/30/2026 11:21:54 - INFO - utils.trainer -   Sensitivity: 0.63636
07/30/2026 11:21:54 - INFO - utils.trainer -   Epoch: 28, Loss: 0.02521, Val loss: 0.66725, Val AUC: 0.8929, Best val AUC: 0.9292, No improve: 8/10, Time: 15.6s
07/30/2026 11:22:10 - INFO - utils.trainer -   ***** Running evaluation on val dataset *****
07/30/2026 11:22:11 - INFO - utils.trainer -   Loss: 0.57248
07/30/2026 11:22:11 - INFO - utils.trainer -   AUC: 0.89818
07/30/2026 11:22:11 - INFO - utils.trainer -   Accuracy: 0.78333
07/30/2026 11:22:11 - INFO - utils.trainer -   Precision: 0.73016
07/30/2026 11:22:11 - INFO - utils.trainer -   Specificity: 0.73846
07/30/2026 11:22:11 - INFO - utils.trainer -   Sensitivity: 0.83636
07/30/2026 11:22:11 - INFO - utils.trainer -   Epoch: 29, Loss: 0.14759, Val loss: 0.57248, Val AUC: 0.8982, Best val AUC: 0.9292, No improve: 9/10, Time: 15.8s
07/30/2026 11:22:27 - INFO - utils.trainer -   ***** Running evaluation on val dataset *****
07/30/2026 11:22:29 - INFO - utils.trainer -   Loss: 0.44422
07/30/2026 11:22:29 - INFO - utils.trainer -   AUC: 0.92196
07/30/2026 11:22:29 - INFO - utils.trainer -   Accuracy: 0.85000
07/30/2026 11:22:29 - INFO - utils.trainer -   Precision: 0.82456
07/30/2026 11:22:29 - INFO - utils.trainer -   Specificity: 0.84615
07/30/2026 11:22:29 - INFO - utils.trainer -   Sensitivity: 0.85455
07/30/2026 11:22:29 - INFO - utils.trainer -   Epoch: 30, Loss: 0.04197, Val loss: 0.44422, Val AUC: 0.9220, Best val AUC: 0.9292, No improve: 10/10, Time: 15.7s
07/30/2026 11:22:29 - INFO - utils.trainer -   Early stopping triggered at epoch 30
07/30/2026 11:22:29 - INFO - utils.trainer -   Early stopping triggered at epoch 30
07/30/2026 11:22:29 - INFO - utils.trainer -   Early stopping triggered at epoch 30
07/30/2026 11:22:29 - INFO - utils.trainer -   Early stopping triggered at epoch 30
07/30/2026 11:22:29 - INFO - utils.trainer -   Early stopping triggered at epoch 30
07/30/2026 11:22:29 - INFO - utils.trainer -   Early stopping triggered at epoch 30
07/30/2026 11:22:29 - INFO - utils.trainer -     582 keys not in checkpoint (kept from init)
07/30/2026 11:22:29 - INFO - utils.trainer -   Model loaded from output_dir/TimeLLM/TimeLLM-0.bin (22/22 keys)
07/30/2026 11:22:29 - INFO - utils.trainer -   ***** Running evaluation on test dataset *****
07/30/2026 11:22:29 - INFO - utils.trainer -     582 keys not in checkpoint (kept from init)
07/30/2026 11:22:29 - INFO - utils.trainer -   Model loaded from output_dir/TimeLLM/TimeLLM-0.bin (22/22 keys)
07/30/2026 11:22:29 - INFO - utils.trainer -     582 keys not in checkpoint (kept from init)
07/30/2026 11:22:29 - INFO - utils.trainer -   Model loaded from output_dir/TimeLLM/TimeLLM-0.bin (22/22 keys)
07/30/2026 11:22:29 - INFO - utils.trainer -     582 keys not in checkpoint (kept from init)
07/30/2026 11:22:29 - INFO - utils.trainer -   Model loaded from output_dir/TimeLLM/TimeLLM-0.bin (22/22 keys)
07/30/2026 11:22:29 - INFO - utils.trainer -     582 keys not in checkpoint (kept from init)
07/30/2026 11:22:29 - INFO - utils.trainer -   Model loaded from output_dir/TimeLLM/TimeLLM-0.bin (22/22 keys)
07/30/2026 11:22:29 - INFO - utils.trainer -     582 keys not in checkpoint (kept from init)
07/30/2026 11:22:29 - INFO - utils.trainer -   Model loaded from output_dir/TimeLLM/TimeLLM-0.bin (22/22 keys)
07/30/2026 11:22:31 - INFO - utils.trainer -   Loss: 0.70856
07/30/2026 11:22:31 - INFO - utils.trainer -   AUC: 0.75116
07/30/2026 11:22:31 - INFO - utils.trainer -   Accuracy: 0.67333
07/30/2026 11:22:31 - INFO - utils.trainer -   Precision: 0.76404
07/30/2026 11:22:31 - INFO - utils.trainer -   Specificity: 0.61111
07/30/2026 11:22:31 - INFO - utils.trainer -   Sensitivity: 0.70833
07/30/2026 11:22:31 - INFO - utils.trainer -   === Best epoch test result ===
07/30/2026 11:22:31 - INFO - utils.trainer -     Loss: 0.70856
07/30/2026 11:22:31 - INFO - utils.trainer -     AUC: 0.75116
07/30/2026 11:22:31 - INFO - utils.trainer -     Accuracy: 0.67333
07/30/2026 11:22:31 - INFO - utils.trainer -     Precision: 0.76404
07/30/2026 11:22:31 - INFO - utils.trainer -     Specificity: 0.61111
07/30/2026 11:22:31 - INFO - utils.trainer -     Sensitivity: 0.70833
07/30/2026 11:22:32 - INFO - utils.trainer -   Model saved to output_dir/TimeLLM/final-epoch-200
07/30/2026 11:22:32 - INFO - utils.trainer -   Final model saved at epoch 200
