07/08/2026 20:25:26 - INFO - __main__ -   ########## Repeat:0 ##########
07/08/2026 20:25:26 - INFO - utils.trainer -   ***** Running training *****
07/08/2026 20:25:26 - INFO - utils.trainer -     Num examples = 635
07/08/2026 20:25:26 - INFO - utils.trainer -     Num Epochs = 200
07/08/2026 20:25:26 - INFO - utils.trainer -     Total train batch size = 16
07/08/2026 20:25:26 - INFO - utils.trainer -     warmup steps = 400
07/08/2026 20:25:26 - INFO - utils.trainer -     Total optimization steps = 127000
07/08/2026 20:25:26 - INFO - utils.trainer -     Save steps = 200
07/08/2026 20:25:26 - INFO - root -   Parameters [normal] length [27]
07/08/2026 20:25:42 - INFO - utils.trainer -   ***** Running evaluation on val0 dataset *****
07/08/2026 20:25:47 - INFO - utils.trainer -   AUC: 0.63738
07/08/2026 20:25:47 - INFO - utils.trainer -   Accuracy: 0.39659
07/08/2026 20:25:47 - INFO - utils.trainer -   Precision: 0.21624
07/08/2026 20:25:47 - INFO - utils.trainer -   Recall: 0.26880
07/08/2026 20:25:47 - INFO - utils.trainer -   F_score: 0.20263
07/08/2026 20:25:47 - INFO - utils.trainer -   Loss: 20.35819
07/08/2026 20:25:47 - INFO - utils.trainer -   Saving model checkpoint to output_dir/BNT
07/08/2026 20:25:47 - INFO - utils.trainer -   Best model saved (val_Accuracy=0.3966)
07/08/2026 20:25:47 - INFO - utils.trainer -    Train loss: 20.95108, Val loss: 20.35819, Val Accuracy: 0.3966, Best: 0.3966, Time: 15.5s
07/08/2026 20:26:01 - INFO - utils.trainer -   ***** Running evaluation on val0 dataset *****
07/08/2026 20:26:07 - INFO - utils.trainer -   AUC: 0.62958
07/08/2026 20:26:07 - INFO - utils.trainer -   Accuracy: 0.38420
07/08/2026 20:26:07 - INFO - utils.trainer -   Precision: 0.18120
07/08/2026 20:26:07 - INFO - utils.trainer -   Recall: 0.26178
07/08/2026 20:26:07 - INFO - utils.trainer -   F_score: 0.18049
07/08/2026 20:26:07 - INFO - utils.trainer -   Loss: 20.53466
07/08/2026 20:26:07 - INFO - utils.trainer -    Train loss: 20.29146, Val loss: 20.53466, Val Accuracy: 0.3842, Best: 0.3966, Time: 14.7s
07/08/2026 20:26:22 - INFO - utils.trainer -   ***** Running evaluation on val0 dataset *****
07/08/2026 20:26:27 - INFO - utils.trainer -   AUC: 0.63815
07/08/2026 20:26:27 - INFO - utils.trainer -   Accuracy: 0.38652
07/08/2026 20:26:27 - INFO - utils.trainer -   Precision: 0.29551
07/08/2026 20:26:27 - INFO - utils.trainer -   Recall: 0.33664
07/08/2026 20:26:27 - INFO - utils.trainer -   F_score: 0.30725
07/08/2026 20:26:27 - INFO - utils.trainer -   Loss: 20.28402
07/08/2026 20:26:27 - INFO - utils.trainer -    Train loss: 19.88880, Val loss: 20.28402, Val Accuracy: 0.3865, Best: 0.3966, Time: 15.4s
07/08/2026 20:26:42 - INFO - utils.trainer -   ***** Running evaluation on val0 dataset *****
07/08/2026 20:26:47 - INFO - utils.trainer -   AUC: 0.64744
07/08/2026 20:26:47 - INFO - utils.trainer -   Accuracy: 0.39814
07/08/2026 20:26:47 - INFO - utils.trainer -   Precision: 0.30563
07/08/2026 20:26:47 - INFO - utils.trainer -   Recall: 0.33522
07/08/2026 20:26:47 - INFO - utils.trainer -   F_score: 0.30974
07/08/2026 20:26:47 - INFO - utils.trainer -   Loss: 20.17537
07/08/2026 20:26:47 - INFO - utils.trainer -   Saving model checkpoint to output_dir/BNT
07/08/2026 20:26:47 - INFO - utils.trainer -   Best model saved (val_Accuracy=0.3981)
07/08/2026 20:26:47 - INFO - utils.trainer -    Train loss: 19.49400, Val loss: 20.17537, Val Accuracy: 0.3981, Best: 0.3981, Time: 15.0s
07/08/2026 20:27:03 - INFO - utils.trainer -   ***** Running evaluation on val0 dataset *****
07/08/2026 20:27:08 - INFO - utils.trainer -   AUC: 0.63487
07/08/2026 20:27:08 - INFO - utils.trainer -   Accuracy: 0.38885
07/08/2026 20:27:08 - INFO - utils.trainer -   Precision: 0.30866
07/08/2026 20:27:08 - INFO - utils.trainer -   Recall: 0.30852
07/08/2026 20:27:08 - INFO - utils.trainer -   F_score: 0.28159
07/08/2026 20:27:08 - INFO - utils.trainer -   Loss: 19.98646
07/08/2026 20:27:08 - INFO - utils.trainer -    Train loss: 19.21274, Val loss: 19.98646, Val Accuracy: 0.3888, Best: 0.3981, Time: 15.4s
07/08/2026 20:27:22 - INFO - utils.trainer -   ***** Running evaluation on val0 dataset *****
07/08/2026 20:27:27 - INFO - utils.trainer -   AUC: 0.63768
07/08/2026 20:27:27 - INFO - utils.trainer -   Accuracy: 0.39737
07/08/2026 20:27:27 - INFO - utils.trainer -   Precision: 0.32054
07/08/2026 20:27:27 - INFO - utils.trainer -   Recall: 0.32604
07/08/2026 20:27:27 - INFO - utils.trainer -   F_score: 0.30150
07/08/2026 20:27:27 - INFO - utils.trainer -   Loss: 20.37540
07/08/2026 20:27:27 - INFO - utils.trainer -    Train loss: 18.93125, Val loss: 20.37540, Val Accuracy: 0.3974, Best: 0.3981, Time: 14.9s
07/08/2026 20:27:42 - INFO - utils.trainer -   ***** Running evaluation on val0 dataset *****
07/08/2026 20:27:47 - INFO - utils.trainer -   AUC: 0.64227
07/08/2026 20:27:47 - INFO - utils.trainer -   Accuracy: 0.42758
07/08/2026 20:27:47 - INFO - utils.trainer -   Precision: 0.33312
07/08/2026 20:27:47 - INFO - utils.trainer -   Recall: 0.35859
07/08/2026 20:27:47 - INFO - utils.trainer -   F_score: 0.33204
07/08/2026 20:27:47 - INFO - utils.trainer -   Loss: 20.81489
07/08/2026 20:27:48 - INFO - utils.trainer -   Saving model checkpoint to output_dir/BNT
07/08/2026 20:27:48 - INFO - utils.trainer -   Best model saved (val_Accuracy=0.4276)
07/08/2026 20:27:48 - INFO - utils.trainer -    Train loss: 18.59738, Val loss: 20.81489, Val Accuracy: 0.4276, Best: 0.4276, Time: 14.9s
07/08/2026 20:28:03 - INFO - utils.trainer -   ***** Running evaluation on val0 dataset *****
07/08/2026 20:28:08 - INFO - utils.trainer -   AUC: 0.63433
07/08/2026 20:28:08 - INFO - utils.trainer -   Accuracy: 0.40821
07/08/2026 20:28:08 - INFO - utils.trainer -   Precision: 0.32689
07/08/2026 20:28:08 - INFO - utils.trainer -   Recall: 0.37144
07/08/2026 20:28:08 - INFO - utils.trainer -   F_score: 0.33429
07/08/2026 20:28:08 - INFO - utils.trainer -   Loss: 21.25659
07/08/2026 20:28:08 - INFO - utils.trainer -    Train loss: 18.04888, Val loss: 21.25659, Val Accuracy: 0.4082, Best: 0.4276, Time: 15.1s
07/08/2026 20:28:23 - INFO - utils.trainer -   ***** Running evaluation on val0 dataset *****
07/08/2026 20:28:28 - INFO - utils.trainer -   AUC: 0.64651
07/08/2026 20:28:28 - INFO - utils.trainer -   Accuracy: 0.37413
07/08/2026 20:28:28 - INFO - utils.trainer -   Precision: 0.36329
07/08/2026 20:28:28 - INFO - utils.trainer -   Recall: 0.33817
07/08/2026 20:28:28 - INFO - utils.trainer -   F_score: 0.32331
07/08/2026 20:28:28 - INFO - utils.trainer -   Loss: 21.07379
07/08/2026 20:28:28 - INFO - utils.trainer -    Train loss: 17.74793, Val loss: 21.07379, Val Accuracy: 0.3741, Best: 0.4276, Time: 15.2s
07/08/2026 20:28:42 - INFO - utils.trainer -   ***** Running evaluation on val0 dataset *****
07/08/2026 20:28:47 - INFO - utils.trainer -   AUC: 0.64333
07/08/2026 20:28:47 - INFO - utils.trainer -   Accuracy: 0.38265
07/08/2026 20:28:47 - INFO - utils.trainer -   Precision: 0.35220
07/08/2026 20:28:47 - INFO - utils.trainer -   Recall: 0.35821
07/08/2026 20:28:47 - INFO - utils.trainer -   F_score: 0.34790
07/08/2026 20:28:47 - INFO - utils.trainer -   Loss: 21.30569
07/08/2026 20:28:47 - INFO - utils.trainer -    Train loss: 17.22772, Val loss: 21.30569, Val Accuracy: 0.3826, Best: 0.4276, Time: 14.8s
07/08/2026 20:29:03 - INFO - utils.trainer -   ***** Running evaluation on val0 dataset *****
07/08/2026 20:29:07 - INFO - utils.trainer -   AUC: 0.64472
07/08/2026 20:29:07 - INFO - utils.trainer -   Accuracy: 0.38497
07/08/2026 20:29:07 - INFO - utils.trainer -   Precision: 0.32814
07/08/2026 20:29:07 - INFO - utils.trainer -   Recall: 0.34282
07/08/2026 20:29:07 - INFO - utils.trainer -   F_score: 0.31494
07/08/2026 20:29:07 - INFO - utils.trainer -   Loss: 21.77227
07/08/2026 20:29:07 - INFO - utils.trainer -    Train loss: 16.98379, Val loss: 21.77227, Val Accuracy: 0.3850, Best: 0.4276, Time: 15.3s
07/08/2026 20:29:23 - INFO - utils.trainer -   ***** Running evaluation on val0 dataset *****
07/08/2026 20:29:29 - INFO - utils.trainer -   AUC: 0.64739
07/08/2026 20:29:29 - INFO - utils.trainer -   Accuracy: 0.40201
07/08/2026 20:29:29 - INFO - utils.trainer -   Precision: 0.38195
07/08/2026 20:29:29 - INFO - utils.trainer -   Recall: 0.34651
07/08/2026 20:29:29 - INFO - utils.trainer -   F_score: 0.33952
07/08/2026 20:29:29 - INFO - utils.trainer -   Loss: 20.93680
07/08/2026 20:29:29 - INFO - utils.trainer -    Train loss: 16.55729, Val loss: 20.93680, Val Accuracy: 0.4020, Best: 0.4276, Time: 15.4s
07/08/2026 20:29:45 - INFO - utils.trainer -   ***** Running evaluation on val0 dataset *****
07/08/2026 20:29:50 - INFO - utils.trainer -   AUC: 0.63598
07/08/2026 20:29:50 - INFO - utils.trainer -   Accuracy: 0.39427
07/08/2026 20:29:50 - INFO - utils.trainer -   Precision: 0.37529
07/08/2026 20:29:50 - INFO - utils.trainer -   Recall: 0.36268
07/08/2026 20:29:50 - INFO - utils.trainer -   F_score: 0.34652
07/08/2026 20:29:50 - INFO - utils.trainer -   Loss: 22.27206
07/08/2026 20:29:50 - INFO - utils.trainer -    Train loss: 16.20339, Val loss: 22.27206, Val Accuracy: 0.3943, Best: 0.4276, Time: 15.6s
07/08/2026 20:30:05 - INFO - utils.trainer -   ***** Running evaluation on val0 dataset *****
07/08/2026 20:30:10 - INFO - utils.trainer -   AUC: 0.63809
07/08/2026 20:30:10 - INFO - utils.trainer -   Accuracy: 0.39194
07/08/2026 20:30:10 - INFO - utils.trainer -   Precision: 0.35754
07/08/2026 20:30:10 - INFO - utils.trainer -   Recall: 0.34774
07/08/2026 20:30:10 - INFO - utils.trainer -   F_score: 0.34387
07/08/2026 20:30:10 - INFO - utils.trainer -   Loss: 21.21910
07/08/2026 20:30:10 - INFO - utils.trainer -    Train loss: 15.88240, Val loss: 21.21910, Val Accuracy: 0.3919, Best: 0.4276, Time: 15.2s
07/08/2026 20:30:26 - INFO - utils.trainer -   ***** Running evaluation on val0 dataset *****
07/08/2026 20:30:32 - INFO - utils.trainer -   AUC: 0.64178
07/08/2026 20:30:32 - INFO - utils.trainer -   Accuracy: 0.37800
07/08/2026 20:30:32 - INFO - utils.trainer -   Precision: 0.37955
07/08/2026 20:30:32 - INFO - utils.trainer -   Recall: 0.33454
07/08/2026 20:30:32 - INFO - utils.trainer -   F_score: 0.33423
07/08/2026 20:30:32 - INFO - utils.trainer -   Loss: 22.16096
07/08/2026 20:30:32 - INFO - utils.trainer -    Train loss: 15.35163, Val loss: 22.16096, Val Accuracy: 0.3780, Best: 0.4276, Time: 15.6s
07/08/2026 20:30:47 - INFO - utils.trainer -   ***** Running evaluation on val0 dataset *****
07/08/2026 20:30:53 - INFO - utils.trainer -   AUC: 0.61994
07/08/2026 20:30:53 - INFO - utils.trainer -   Accuracy: 0.37413
07/08/2026 20:30:53 - INFO - utils.trainer -   Precision: 0.35735
07/08/2026 20:30:53 - INFO - utils.trainer -   Recall: 0.35357
07/08/2026 20:30:53 - INFO - utils.trainer -   F_score: 0.34621
07/08/2026 20:30:53 - INFO - utils.trainer -   Loss: 22.96311
07/08/2026 20:30:53 - INFO - utils.trainer -    Train loss: 15.17429, Val loss: 22.96311, Val Accuracy: 0.3741, Best: 0.4276, Time: 15.1s
07/08/2026 20:31:08 - INFO - utils.trainer -   ***** Running evaluation on val0 dataset *****
07/08/2026 20:31:15 - INFO - utils.trainer -   AUC: 0.64375
07/08/2026 20:31:15 - INFO - utils.trainer -   Accuracy: 0.39814
07/08/2026 20:31:15 - INFO - utils.trainer -   Precision: 0.38288
07/08/2026 20:31:15 - INFO - utils.trainer -   Recall: 0.36152
07/08/2026 20:31:15 - INFO - utils.trainer -   F_score: 0.36282
07/08/2026 20:31:15 - INFO - utils.trainer -   Loss: 23.81032
07/08/2026 20:31:15 - INFO - utils.trainer -    Train loss: 14.82187, Val loss: 23.81032, Val Accuracy: 0.3981, Best: 0.4276, Time: 15.3s
07/08/2026 20:31:30 - INFO - utils.trainer -   ***** Running evaluation on val0 dataset *****
07/08/2026 20:31:35 - INFO - utils.trainer -   AUC: 0.64259
07/08/2026 20:31:35 - INFO - utils.trainer -   Accuracy: 0.38187
07/08/2026 20:31:35 - INFO - utils.trainer -   Precision: 0.36943
07/08/2026 20:31:35 - INFO - utils.trainer -   Recall: 0.35413
07/08/2026 20:31:35 - INFO - utils.trainer -   F_score: 0.34522
07/08/2026 20:31:35 - INFO - utils.trainer -   Loss: 23.07753
07/08/2026 20:31:35 - INFO - utils.trainer -    Train loss: 14.48247, Val loss: 23.07753, Val Accuracy: 0.3819, Best: 0.4276, Time: 14.9s
07/08/2026 20:31:50 - INFO - utils.trainer -   ***** Running evaluation on val0 dataset *****
07/08/2026 20:31:56 - INFO - utils.trainer -   AUC: 0.63158
07/08/2026 20:31:56 - INFO - utils.trainer -   Accuracy: 0.38187
07/08/2026 20:31:56 - INFO - utils.trainer -   Precision: 0.34931
07/08/2026 20:31:56 - INFO - utils.trainer -   Recall: 0.34885
07/08/2026 20:31:56 - INFO - utils.trainer -   F_score: 0.34306
07/08/2026 20:31:56 - INFO - utils.trainer -   Loss: 23.79166
07/08/2026 20:31:56 - INFO - utils.trainer -    Train loss: 14.08836, Val loss: 23.79166, Val Accuracy: 0.3819, Best: 0.4276, Time: 15.2s
07/08/2026 20:32:12 - INFO - utils.trainer -   ***** Running evaluation on val0 dataset *****
07/08/2026 20:32:17 - INFO - utils.trainer -   AUC: 0.64392
07/08/2026 20:32:17 - INFO - utils.trainer -   Accuracy: 0.39659
07/08/2026 20:32:17 - INFO - utils.trainer -   Precision: 0.37753
07/08/2026 20:32:17 - INFO - utils.trainer -   Recall: 0.35986
07/08/2026 20:32:17 - INFO - utils.trainer -   F_score: 0.36024
07/08/2026 20:32:17 - INFO - utils.trainer -   Loss: 24.18127
07/08/2026 20:32:17 - INFO - utils.trainer -    Train loss: 14.03626, Val loss: 24.18127, Val Accuracy: 0.3966, Best: 0.4276, Time: 15.8s
07/08/2026 20:32:32 - INFO - utils.trainer -   ***** Running evaluation on val0 dataset *****
07/08/2026 20:32:37 - INFO - utils.trainer -   AUC: 0.64392
07/08/2026 20:32:37 - INFO - utils.trainer -   Accuracy: 0.39504
07/08/2026 20:32:37 - INFO - utils.trainer -   Precision: 0.36817
07/08/2026 20:32:37 - INFO - utils.trainer -   Recall: 0.37285
07/08/2026 20:32:37 - INFO - utils.trainer -   F_score: 0.35343
07/08/2026 20:32:37 - INFO - utils.trainer -   Loss: 25.32033
07/08/2026 20:32:37 - INFO - utils.trainer -    Train loss: 13.63656, Val loss: 25.32033, Val Accuracy: 0.3950, Best: 0.4276, Time: 15.3s
07/08/2026 20:32:54 - INFO - utils.trainer -   ***** Running evaluation on val0 dataset *****
07/08/2026 20:32:59 - INFO - utils.trainer -   AUC: 0.63674
07/08/2026 20:32:59 - INFO - utils.trainer -   Accuracy: 0.38342
07/08/2026 20:32:59 - INFO - utils.trainer -   Precision: 0.35374
07/08/2026 20:32:59 - INFO - utils.trainer -   Recall: 0.35151
07/08/2026 20:32:59 - INFO - utils.trainer -   F_score: 0.34777
07/08/2026 20:32:59 - INFO - utils.trainer -   Loss: 23.67146
07/08/2026 20:32:59 - INFO - utils.trainer -    Train loss: 13.45835, Val loss: 23.67146, Val Accuracy: 0.3834, Best: 0.4276, Time: 16.2s
07/08/2026 20:33:14 - INFO - utils.trainer -   ***** Running evaluation on val0 dataset *****
07/08/2026 20:33:20 - INFO - utils.trainer -   AUC: 0.63210
07/08/2026 20:33:20 - INFO - utils.trainer -   Accuracy: 0.39659
07/08/2026 20:33:20 - INFO - utils.trainer -   Precision: 0.35886
07/08/2026 20:33:20 - INFO - utils.trainer -   Recall: 0.36673
07/08/2026 20:33:20 - INFO - utils.trainer -   F_score: 0.35782
07/08/2026 20:33:20 - INFO - utils.trainer -   Loss: 24.46422
07/08/2026 20:33:20 - INFO - utils.trainer -    Train loss: 13.29296, Val loss: 24.46422, Val Accuracy: 0.3966, Best: 0.4276, Time: 15.2s
07/08/2026 20:33:34 - INFO - utils.trainer -   ***** Running evaluation on val0 dataset *****
07/08/2026 20:33:39 - INFO - utils.trainer -   AUC: 0.63053
07/08/2026 20:33:39 - INFO - utils.trainer -   Accuracy: 0.38420
07/08/2026 20:33:39 - INFO - utils.trainer -   Precision: 0.35543
07/08/2026 20:33:39 - INFO - utils.trainer -   Recall: 0.34969
07/08/2026 20:33:39 - INFO - utils.trainer -   F_score: 0.35041
07/08/2026 20:33:39 - INFO - utils.trainer -   Loss: 25.52238
07/08/2026 20:33:39 - INFO - utils.trainer -    Train loss: 13.00524, Val loss: 25.52238, Val Accuracy: 0.3842, Best: 0.4276, Time: 14.7s
07/08/2026 20:33:54 - INFO - utils.trainer -   ***** Running evaluation on val0 dataset *****
07/08/2026 20:33:59 - INFO - utils.trainer -   AUC: 0.64709
07/08/2026 20:33:59 - INFO - utils.trainer -   Accuracy: 0.37335
07/08/2026 20:33:59 - INFO - utils.trainer -   Precision: 0.36726
07/08/2026 20:33:59 - INFO - utils.trainer -   Recall: 0.34911
07/08/2026 20:33:59 - INFO - utils.trainer -   F_score: 0.34779
07/08/2026 20:33:59 - INFO - utils.trainer -   Loss: 26.15321
07/08/2026 20:33:59 - INFO - utils.trainer -    Train loss: 12.86480, Val loss: 26.15321, Val Accuracy: 0.3734, Best: 0.4276, Time: 14.6s
07/08/2026 20:34:14 - INFO - utils.trainer -   ***** Running evaluation on val0 dataset *****
07/08/2026 20:34:19 - INFO - utils.trainer -   AUC: 0.61568
07/08/2026 20:34:19 - INFO - utils.trainer -   Accuracy: 0.37335
07/08/2026 20:34:19 - INFO - utils.trainer -   Precision: 0.33343
07/08/2026 20:34:19 - INFO - utils.trainer -   Recall: 0.34096
07/08/2026 20:34:19 - INFO - utils.trainer -   F_score: 0.33152
07/08/2026 20:34:19 - INFO - utils.trainer -   Loss: 26.09310
07/08/2026 20:34:19 - INFO - utils.trainer -    Train loss: 12.51393, Val loss: 26.09310, Val Accuracy: 0.3734, Best: 0.4276, Time: 14.8s
07/08/2026 20:34:34 - INFO - utils.trainer -   ***** Running evaluation on val0 dataset *****
07/08/2026 20:34:39 - INFO - utils.trainer -   AUC: 0.61227
07/08/2026 20:34:39 - INFO - utils.trainer -   Accuracy: 0.35476
07/08/2026 20:34:39 - INFO - utils.trainer -   Precision: 0.32825
07/08/2026 20:34:39 - INFO - utils.trainer -   Recall: 0.32958
07/08/2026 20:34:39 - INFO - utils.trainer -   F_score: 0.32640
07/08/2026 20:34:39 - INFO - utils.trainer -   Loss: 27.72674
07/08/2026 20:34:39 - INFO - utils.trainer -    Train loss: 12.47239, Val loss: 27.72674, Val Accuracy: 0.3548, Best: 0.4276, Time: 14.6s
07/08/2026 20:34:39 - INFO - utils.trainer -   Early stopping triggered at epoch 27
07/08/2026 20:34:39 - INFO - utils.trainer -   Model loaded from output_dir/BNT/BNT-0.bin (full model)
07/08/2026 20:34:39 - INFO - utils.trainer -   ***** Running evaluation on test0 dataset *****
07/08/2026 20:34:45 - INFO - utils.trainer -   AUC: 0.60463
07/08/2026 20:34:45 - INFO - utils.trainer -   Accuracy: 0.35494
07/08/2026 20:34:45 - INFO - utils.trainer -   Precision: 0.26733
07/08/2026 20:34:45 - INFO - utils.trainer -   Recall: 0.32023
07/08/2026 20:34:45 - INFO - utils.trainer -   F_score: 0.27217
07/08/2026 20:34:45 - INFO - utils.trainer -   Loss: 22.27500
07/08/2026 20:34:45 - INFO - utils.trainer -   === Final test result ===
07/08/2026 20:34:45 - INFO - utils.trainer -     AUC: 0.60463
07/08/2026 20:34:45 - INFO - utils.trainer -     Accuracy: 0.35494
07/08/2026 20:34:45 - INFO - utils.trainer -     Precision: 0.26733
07/08/2026 20:34:45 - INFO - utils.trainer -     Recall: 0.32023
07/08/2026 20:34:45 - INFO - utils.trainer -     F_score: 0.27217
07/08/2026 20:34:45 - INFO - utils.trainer -     Loss: 22.27500
