08/21/2026 17:21:21 - INFO - __main__ -   ########## Repeat:0 ##########
08/21/2026 17:21:21 - INFO - utils.trainer -   ***** Running training *****
08/21/2026 17:21:21 - INFO - utils.trainer -     Num examples = 161
08/21/2026 17:21:21 - INFO - utils.trainer -     Num Epochs = 200
08/21/2026 17:21:21 - INFO - utils.trainer -     Total train batch size = 4
08/21/2026 17:21:21 - INFO - utils.trainer -     warmup steps = 400
08/21/2026 17:21:21 - INFO - utils.trainer -     Total optimization steps = 32200
08/21/2026 17:21:21 - INFO - utils.trainer -     Save steps = 25
08/21/2026 17:22:13 - INFO - utils.trainer -   ***** Running regression evaluation on val0 dataset *****
08/21/2026 17:22:18 - INFO - utils.trainer -   Loss: 0.04133
08/21/2026 17:22:18 - INFO - utils.trainer -   MSE: 438.54749
08/21/2026 17:22:18 - INFO - utils.trainer -   MAE: 18.68319
08/21/2026 17:22:18 - INFO - utils.trainer -   RMSE: 20.94152
08/21/2026 17:22:18 - INFO - utils.trainer -   R2: -2.95419
08/21/2026 17:22:18 - INFO - utils.trainer -   PearsonR: -0.02664
08/21/2026 17:22:19 - INFO - utils.trainer -   Model saved to output_dir/TimeLLM_AgeCAUEEG_train
08/21/2026 17:22:19 - INFO - utils.trainer -   Best model saved (val_Loss=0.0413)
08/21/2026 17:22:19 - INFO - utils.trainer -   Epoch: 1, Loss: 0.07542, Val loss: 0.04133, Val Loss: 0.0413, Best val Loss: 0.0413, No improve: 0/10, Time: 51.6s
08/21/2026 17:23:11 - INFO - utils.trainer -   ***** Running regression evaluation on val0 dataset *****
08/21/2026 17:23:16 - INFO - utils.trainer -   Loss: 0.01049
08/21/2026 17:23:16 - INFO - utils.trainer -   MSE: 111.50044
08/21/2026 17:23:16 - INFO - utils.trainer -   MAE: 8.30772
08/21/2026 17:23:16 - INFO - utils.trainer -   RMSE: 10.55938
08/21/2026 17:23:16 - INFO - utils.trainer -   R2: -0.00535
08/21/2026 17:23:16 - INFO - utils.trainer -   PearsonR: 0.03960
08/21/2026 17:23:17 - INFO - utils.trainer -   Model saved to output_dir/TimeLLM_AgeCAUEEG_train
08/21/2026 17:23:17 - INFO - utils.trainer -   Best model saved (val_Loss=0.0105)
08/21/2026 17:23:17 - INFO - utils.trainer -   Epoch: 2, Loss: 0.03447, Val loss: 0.01049, Val Loss: 0.0105, Best val Loss: 0.0105, No improve: 0/10, Time: 52.1s
08/21/2026 17:24:08 - INFO - utils.trainer -   ***** Running regression evaluation on val0 dataset *****
08/21/2026 17:24:14 - INFO - utils.trainer -   Loss: 0.01389
08/21/2026 17:24:14 - INFO - utils.trainer -   MSE: 147.87917
08/21/2026 17:24:14 - INFO - utils.trainer -   MAE: 9.94599
08/21/2026 17:24:14 - INFO - utils.trainer -   RMSE: 12.16056
08/21/2026 17:24:14 - INFO - utils.trainer -   R2: -0.33336
08/21/2026 17:24:14 - INFO - utils.trainer -   PearsonR: 0.17365
08/21/2026 17:24:14 - INFO - utils.trainer -   Epoch: 3, Loss: 0.03091, Val loss: 0.01389, Val Loss: 0.0139, Best val Loss: 0.0105, No improve: 1/10, Time: 51.1s
08/21/2026 17:25:05 - INFO - utils.trainer -   ***** Running regression evaluation on val0 dataset *****
08/21/2026 17:25:10 - INFO - utils.trainer -   Loss: 0.01543
08/21/2026 17:25:10 - INFO - utils.trainer -   MSE: 164.54900
08/21/2026 17:25:10 - INFO - utils.trainer -   MAE: 9.91968
08/21/2026 17:25:10 - INFO - utils.trainer -   RMSE: 12.82767
08/21/2026 17:25:10 - INFO - utils.trainer -   R2: -0.48366
08/21/2026 17:25:10 - INFO - utils.trainer -   PearsonR: 0.16945
08/21/2026 17:25:10 - INFO - utils.trainer -   Epoch: 4, Loss: 0.04050, Val loss: 0.01543, Val Loss: 0.0154, Best val Loss: 0.0105, No improve: 2/10, Time: 51.3s
08/21/2026 17:26:01 - INFO - utils.trainer -   ***** Running regression evaluation on val0 dataset *****
08/21/2026 17:26:07 - INFO - utils.trainer -   Loss: 0.01065
08/21/2026 17:26:07 - INFO - utils.trainer -   MSE: 113.09610
08/21/2026 17:26:07 - INFO - utils.trainer -   MAE: 8.68821
08/21/2026 17:26:07 - INFO - utils.trainer -   RMSE: 10.63466
08/21/2026 17:26:07 - INFO - utils.trainer -   R2: -0.01974
08/21/2026 17:26:07 - INFO - utils.trainer -   PearsonR: 0.24483
08/21/2026 17:26:07 - INFO - utils.trainer -   Epoch: 5, Loss: 0.03372, Val loss: 0.01065, Val Loss: 0.0106, Best val Loss: 0.0105, No improve: 3/10, Time: 51.2s
08/21/2026 17:26:58 - INFO - utils.trainer -   ***** Running regression evaluation on val0 dataset *****
08/21/2026 17:27:03 - INFO - utils.trainer -   Loss: 0.01000
08/21/2026 17:27:03 - INFO - utils.trainer -   MSE: 106.55340
08/21/2026 17:27:03 - INFO - utils.trainer -   MAE: 8.16043
08/21/2026 17:27:03 - INFO - utils.trainer -   RMSE: 10.32247
08/21/2026 17:27:03 - INFO - utils.trainer -   R2: 0.03926
08/21/2026 17:27:03 - INFO - utils.trainer -   PearsonR: 0.28359
08/21/2026 17:27:04 - INFO - utils.trainer -   Model saved to output_dir/TimeLLM_AgeCAUEEG_train
08/21/2026 17:27:04 - INFO - utils.trainer -   Best model saved (val_Loss=0.0100)
08/21/2026 17:27:04 - INFO - utils.trainer -   Epoch: 6, Loss: 0.03537, Val loss: 0.01000, Val Loss: 0.0100, Best val Loss: 0.0100, No improve: 0/10, Time: 51.3s
08/21/2026 17:27:55 - INFO - utils.trainer -   ***** Running regression evaluation on val0 dataset *****
08/21/2026 17:28:01 - INFO - utils.trainer -   Loss: 0.01090
08/21/2026 17:28:01 - INFO - utils.trainer -   MSE: 115.79060
08/21/2026 17:28:01 - INFO - utils.trainer -   MAE: 8.81612
08/21/2026 17:28:01 - INFO - utils.trainer -   RMSE: 10.76060
08/21/2026 17:28:01 - INFO - utils.trainer -   R2: -0.04403
08/21/2026 17:28:01 - INFO - utils.trainer -   PearsonR: 0.31086
08/21/2026 17:28:01 - INFO - utils.trainer -   Epoch: 7, Loss: 0.03443, Val loss: 0.01090, Val Loss: 0.0109, Best val Loss: 0.0100, No improve: 1/10, Time: 51.2s
08/21/2026 17:28:52 - INFO - utils.trainer -   ***** Running regression evaluation on val0 dataset *****
08/21/2026 17:28:57 - INFO - utils.trainer -   Loss: 0.01431
08/21/2026 17:28:57 - INFO - utils.trainer -   MSE: 151.97707
08/21/2026 17:28:57 - INFO - utils.trainer -   MAE: 10.24357
08/21/2026 17:28:57 - INFO - utils.trainer -   RMSE: 12.32790
08/21/2026 17:28:57 - INFO - utils.trainer -   R2: -0.37031
08/21/2026 17:28:57 - INFO - utils.trainer -   PearsonR: 0.33878
08/21/2026 17:28:57 - INFO - utils.trainer -   Epoch: 8, Loss: 0.02996, Val loss: 0.01431, Val Loss: 0.0143, Best val Loss: 0.0100, No improve: 2/10, Time: 51.3s
08/21/2026 17:29:48 - INFO - utils.trainer -   ***** Running regression evaluation on val0 dataset *****
08/21/2026 17:29:54 - INFO - utils.trainer -   Loss: 0.00987
08/21/2026 17:29:54 - INFO - utils.trainer -   MSE: 104.56003
08/21/2026 17:29:54 - INFO - utils.trainer -   MAE: 8.39572
08/21/2026 17:29:54 - INFO - utils.trainer -   RMSE: 10.22546
08/21/2026 17:29:54 - INFO - utils.trainer -   R2: 0.05723
08/21/2026 17:29:54 - INFO - utils.trainer -   PearsonR: 0.35028
08/21/2026 17:29:55 - INFO - utils.trainer -   Model saved to output_dir/TimeLLM_AgeCAUEEG_train
08/21/2026 17:29:55 - INFO - utils.trainer -   Best model saved (val_Loss=0.0099)
08/21/2026 17:29:55 - INFO - utils.trainer -   Epoch: 9, Loss: 0.03359, Val loss: 0.00987, Val Loss: 0.0099, Best val Loss: 0.0099, No improve: 0/10, Time: 51.2s
08/21/2026 17:30:46 - INFO - utils.trainer -   ***** Running regression evaluation on val0 dataset *****
08/21/2026 17:30:51 - INFO - utils.trainer -   Loss: 0.01156
08/21/2026 17:30:51 - INFO - utils.trainer -   MSE: 122.95907
08/21/2026 17:30:51 - INFO - utils.trainer -   MAE: 9.16144
08/21/2026 17:30:51 - INFO - utils.trainer -   RMSE: 11.08869
08/21/2026 17:30:51 - INFO - utils.trainer -   R2: -0.10867
08/21/2026 17:30:51 - INFO - utils.trainer -   PearsonR: 0.38673
08/21/2026 17:30:51 - INFO - utils.trainer -   Epoch: 10, Loss: 0.03260, Val loss: 0.01156, Val Loss: 0.0116, Best val Loss: 0.0099, No improve: 1/10, Time: 51.4s
08/21/2026 17:31:42 - INFO - utils.trainer -   ***** Running regression evaluation on val0 dataset *****
08/21/2026 17:31:48 - INFO - utils.trainer -   Loss: 0.00978
08/21/2026 17:31:48 - INFO - utils.trainer -   MSE: 103.73075
08/21/2026 17:31:48 - INFO - utils.trainer -   MAE: 8.33430
08/21/2026 17:31:48 - INFO - utils.trainer -   RMSE: 10.18483
08/21/2026 17:31:48 - INFO - utils.trainer -   R2: 0.06471
08/21/2026 17:31:48 - INFO - utils.trainer -   PearsonR: 0.37242
08/21/2026 17:31:49 - INFO - utils.trainer -   Model saved to output_dir/TimeLLM_AgeCAUEEG_train
08/21/2026 17:31:49 - INFO - utils.trainer -   Best model saved (val_Loss=0.0098)
08/21/2026 17:31:49 - INFO - utils.trainer -   Epoch: 11, Loss: 0.03249, Val loss: 0.00978, Val Loss: 0.0098, Best val Loss: 0.0098, No improve: 0/10, Time: 51.2s
08/21/2026 17:32:40 - INFO - utils.trainer -   ***** Running regression evaluation on val0 dataset *****
08/21/2026 17:32:45 - INFO - utils.trainer -   Loss: 0.00908
08/21/2026 17:32:45 - INFO - utils.trainer -   MSE: 96.59969
08/21/2026 17:32:45 - INFO - utils.trainer -   MAE: 7.97707
08/21/2026 17:32:45 - INFO - utils.trainer -   RMSE: 9.82851
08/21/2026 17:32:45 - INFO - utils.trainer -   R2: 0.12900
08/21/2026 17:32:45 - INFO - utils.trainer -   PearsonR: 0.36668
08/21/2026 17:32:46 - INFO - utils.trainer -   Model saved to output_dir/TimeLLM_AgeCAUEEG_train
08/21/2026 17:32:46 - INFO - utils.trainer -   Best model saved (val_Loss=0.0091)
08/21/2026 17:32:46 - INFO - utils.trainer -   Epoch: 12, Loss: 0.03576, Val loss: 0.00908, Val Loss: 0.0091, Best val Loss: 0.0091, No improve: 0/10, Time: 51.3s
08/21/2026 17:33:38 - INFO - utils.trainer -   ***** Running regression evaluation on val0 dataset *****
08/21/2026 17:33:43 - INFO - utils.trainer -   Loss: 0.00999
08/21/2026 17:33:43 - INFO - utils.trainer -   MSE: 106.46959
08/21/2026 17:33:43 - INFO - utils.trainer -   MAE: 8.10978
08/21/2026 17:33:43 - INFO - utils.trainer -   RMSE: 10.31841
08/21/2026 17:33:43 - INFO - utils.trainer -   R2: 0.04001
08/21/2026 17:33:43 - INFO - utils.trainer -   PearsonR: 0.38646
08/21/2026 17:33:43 - INFO - utils.trainer -   Epoch: 13, Loss: 0.02945, Val loss: 0.00999, Val Loss: 0.0100, Best val Loss: 0.0091, No improve: 1/10, Time: 51.3s
08/21/2026 17:34:34 - INFO - utils.trainer -   ***** Running regression evaluation on val0 dataset *****
08/21/2026 17:34:40 - INFO - utils.trainer -   Loss: 0.01057
08/21/2026 17:34:40 - INFO - utils.trainer -   MSE: 112.17117
08/21/2026 17:34:40 - INFO - utils.trainer -   MAE: 8.69606
08/21/2026 17:34:40 - INFO - utils.trainer -   RMSE: 10.59109
08/21/2026 17:34:40 - INFO - utils.trainer -   R2: -0.01140
08/21/2026 17:34:40 - INFO - utils.trainer -   PearsonR: 0.38709
08/21/2026 17:34:40 - INFO - utils.trainer -   Epoch: 14, Loss: 0.02966, Val loss: 0.01057, Val Loss: 0.0106, Best val Loss: 0.0091, No improve: 2/10, Time: 51.3s
08/21/2026 17:35:31 - INFO - utils.trainer -   ***** Running regression evaluation on val0 dataset *****
08/21/2026 17:35:37 - INFO - utils.trainer -   Loss: 0.01079
08/21/2026 17:35:37 - INFO - utils.trainer -   MSE: 114.52561
08/21/2026 17:35:37 - INFO - utils.trainer -   MAE: 8.84676
08/21/2026 17:35:37 - INFO - utils.trainer -   RMSE: 10.70166
08/21/2026 17:35:37 - INFO - utils.trainer -   R2: -0.03263
08/21/2026 17:35:37 - INFO - utils.trainer -   PearsonR: 0.35134
08/21/2026 17:35:37 - INFO - utils.trainer -   Epoch: 15, Loss: 0.02619, Val loss: 0.01079, Val Loss: 0.0108, Best val Loss: 0.0091, No improve: 3/10, Time: 51.5s
08/21/2026 17:36:28 - INFO - utils.trainer -   ***** Running regression evaluation on val0 dataset *****
08/21/2026 17:36:33 - INFO - utils.trainer -   Loss: 0.01636
08/21/2026 17:36:33 - INFO - utils.trainer -   MSE: 173.49179
08/21/2026 17:36:33 - INFO - utils.trainer -   MAE: 10.97066
08/21/2026 17:36:33 - INFO - utils.trainer -   RMSE: 13.17163
08/21/2026 17:36:33 - INFO - utils.trainer -   R2: -0.56430
08/21/2026 17:36:33 - INFO - utils.trainer -   PearsonR: 0.37594
08/21/2026 17:36:33 - INFO - utils.trainer -   Epoch: 16, Loss: 0.03321, Val loss: 0.01636, Val Loss: 0.0164, Best val Loss: 0.0091, No improve: 4/10, Time: 51.2s
08/21/2026 17:37:24 - INFO - utils.trainer -   ***** Running regression evaluation on val0 dataset *****
08/21/2026 17:37:30 - INFO - utils.trainer -   Loss: 0.00891
08/21/2026 17:37:30 - INFO - utils.trainer -   MSE: 94.70683
08/21/2026 17:37:30 - INFO - utils.trainer -   MAE: 7.90800
08/21/2026 17:37:30 - INFO - utils.trainer -   RMSE: 9.73174
08/21/2026 17:37:30 - INFO - utils.trainer -   R2: 0.14607
08/21/2026 17:37:30 - INFO - utils.trainer -   PearsonR: 0.38531
08/21/2026 17:37:31 - INFO - utils.trainer -   Model saved to output_dir/TimeLLM_AgeCAUEEG_train
08/21/2026 17:37:31 - INFO - utils.trainer -   Best model saved (val_Loss=0.0089)
08/21/2026 17:37:31 - INFO - utils.trainer -   Epoch: 17, Loss: 0.03138, Val loss: 0.00891, Val Loss: 0.0089, Best val Loss: 0.0089, No improve: 0/10, Time: 51.1s
08/21/2026 17:38:22 - INFO - utils.trainer -   ***** Running regression evaluation on val0 dataset *****
08/21/2026 17:38:27 - INFO - utils.trainer -   Loss: 0.01266
08/21/2026 17:38:27 - INFO - utils.trainer -   MSE: 134.21751
08/21/2026 17:38:27 - INFO - utils.trainer -   MAE: 9.57678
08/21/2026 17:38:27 - INFO - utils.trainer -   RMSE: 11.58523
08/21/2026 17:38:27 - INFO - utils.trainer -   R2: -0.21018
08/21/2026 17:38:27 - INFO - utils.trainer -   PearsonR: 0.36406
08/21/2026 17:38:27 - INFO - utils.trainer -   Epoch: 18, Loss: 0.02861, Val loss: 0.01266, Val Loss: 0.0127, Best val Loss: 0.0089, No improve: 1/10, Time: 51.4s
08/21/2026 17:39:18 - INFO - utils.trainer -   ***** Running regression evaluation on val0 dataset *****
08/21/2026 17:39:24 - INFO - utils.trainer -   Loss: 0.00974
08/21/2026 17:39:24 - INFO - utils.trainer -   MSE: 103.41652
08/21/2026 17:39:24 - INFO - utils.trainer -   MAE: 8.36440
08/21/2026 17:39:24 - INFO - utils.trainer -   RMSE: 10.16939
08/21/2026 17:39:24 - INFO - utils.trainer -   R2: 0.06754
08/21/2026 17:39:24 - INFO - utils.trainer -   PearsonR: 0.38216
08/21/2026 17:39:24 - INFO - utils.trainer -   Epoch: 19, Loss: 0.02592, Val loss: 0.00974, Val Loss: 0.0097, Best val Loss: 0.0089, No improve: 2/10, Time: 51.3s
08/21/2026 17:40:15 - INFO - utils.trainer -   ***** Running regression evaluation on val0 dataset *****
08/21/2026 17:40:20 - INFO - utils.trainer -   Loss: 0.01120
08/21/2026 17:40:20 - INFO - utils.trainer -   MSE: 119.17937
08/21/2026 17:40:20 - INFO - utils.trainer -   MAE: 9.04318
08/21/2026 17:40:20 - INFO - utils.trainer -   RMSE: 10.91693
08/21/2026 17:40:20 - INFO - utils.trainer -   R2: -0.07459
08/21/2026 17:40:20 - INFO - utils.trainer -   PearsonR: 0.38524
08/21/2026 17:40:20 - INFO - utils.trainer -   Epoch: 20, Loss: 0.02978, Val loss: 0.01120, Val Loss: 0.0112, Best val Loss: 0.0089, No improve: 3/10, Time: 51.3s
08/21/2026 17:41:12 - INFO - utils.trainer -   ***** Running regression evaluation on val0 dataset *****
08/21/2026 17:41:17 - INFO - utils.trainer -   Loss: 0.01397
08/21/2026 17:41:17 - INFO - utils.trainer -   MSE: 148.61240
08/21/2026 17:41:17 - INFO - utils.trainer -   MAE: 10.08570
08/21/2026 17:41:17 - INFO - utils.trainer -   RMSE: 12.19067
08/21/2026 17:41:17 - INFO - utils.trainer -   R2: -0.33997
08/21/2026 17:41:17 - INFO - utils.trainer -   PearsonR: 0.38884
08/21/2026 17:41:17 - INFO - utils.trainer -   Epoch: 21, Loss: 0.02331, Val loss: 0.01397, Val Loss: 0.0140, Best val Loss: 0.0089, No improve: 4/10, Time: 51.2s
08/21/2026 17:42:08 - INFO - utils.trainer -   ***** Running regression evaluation on val0 dataset *****
08/21/2026 17:42:13 - INFO - utils.trainer -   Loss: 0.01027
08/21/2026 17:42:13 - INFO - utils.trainer -   MSE: 109.10001
08/21/2026 17:42:13 - INFO - utils.trainer -   MAE: 8.59136
08/21/2026 17:42:13 - INFO - utils.trainer -   RMSE: 10.44510
08/21/2026 17:42:13 - INFO - utils.trainer -   R2: 0.01629
08/21/2026 17:42:13 - INFO - utils.trainer -   PearsonR: 0.38464
08/21/2026 17:42:13 - INFO - utils.trainer -   Epoch: 22, Loss: 0.02976, Val loss: 0.01027, Val Loss: 0.0103, Best val Loss: 0.0089, No improve: 5/10, Time: 51.1s
08/21/2026 17:43:05 - INFO - utils.trainer -   ***** Running regression evaluation on val0 dataset *****
08/21/2026 17:43:10 - INFO - utils.trainer -   Loss: 0.00936
08/21/2026 17:43:10 - INFO - utils.trainer -   MSE: 99.44820
08/21/2026 17:43:10 - INFO - utils.trainer -   MAE: 8.16938
08/21/2026 17:43:10 - INFO - utils.trainer -   RMSE: 9.97237
08/21/2026 17:43:10 - INFO - utils.trainer -   R2: 0.10332
08/21/2026 17:43:10 - INFO - utils.trainer -   PearsonR: 0.40122
08/21/2026 17:43:10 - INFO - utils.trainer -   Epoch: 23, Loss: 0.02371, Val loss: 0.00936, Val Loss: 0.0094, Best val Loss: 0.0089, No improve: 6/10, Time: 51.2s
08/21/2026 17:44:01 - INFO - utils.trainer -   ***** Running regression evaluation on val0 dataset *****
08/21/2026 17:44:06 - INFO - utils.trainer -   Loss: 0.01102
08/21/2026 17:44:06 - INFO - utils.trainer -   MSE: 116.78268
08/21/2026 17:44:06 - INFO - utils.trainer -   MAE: 8.82454
08/21/2026 17:44:06 - INFO - utils.trainer -   RMSE: 10.80660
08/21/2026 17:44:06 - INFO - utils.trainer -   R2: -0.05298
08/21/2026 17:44:06 - INFO - utils.trainer -   PearsonR: 0.34113
08/21/2026 17:44:06 - INFO - utils.trainer -   Epoch: 24, Loss: 0.02993, Val loss: 0.01102, Val Loss: 0.0110, Best val Loss: 0.0089, No improve: 7/10, Time: 51.2s
08/21/2026 17:44:58 - INFO - utils.trainer -   ***** Running regression evaluation on val0 dataset *****
08/21/2026 17:45:03 - INFO - utils.trainer -   Loss: 0.01242
08/21/2026 17:45:03 - INFO - utils.trainer -   MSE: 132.67146
08/21/2026 17:45:03 - INFO - utils.trainer -   MAE: 9.48138
08/21/2026 17:45:03 - INFO - utils.trainer -   RMSE: 11.51831
08/21/2026 17:45:03 - INFO - utils.trainer -   R2: -0.19624
08/21/2026 17:45:03 - INFO - utils.trainer -   PearsonR: 0.33781
08/21/2026 17:45:04 - INFO - utils.trainer -   Model saved to output_dir/TimeLLM_AgeCAUEEG_train/checkpoint-epoch-25
08/21/2026 17:45:04 - INFO - utils.trainer -   Checkpoint saved at epoch 25
08/21/2026 17:45:04 - INFO - utils.trainer -   Epoch: 25, Loss: 0.02702, Val loss: 0.01242, Val Loss: 0.0124, Best val Loss: 0.0089, No improve: 8/10, Time: 51.2s
08/21/2026 17:45:56 - INFO - utils.trainer -   ***** Running regression evaluation on val0 dataset *****
08/21/2026 17:46:01 - INFO - utils.trainer -   Loss: 0.01121
08/21/2026 17:46:01 - INFO - utils.trainer -   MSE: 119.42670
08/21/2026 17:46:01 - INFO - utils.trainer -   MAE: 9.01444
08/21/2026 17:46:01 - INFO - utils.trainer -   RMSE: 10.92825
08/21/2026 17:46:01 - INFO - utils.trainer -   R2: -0.07682
08/21/2026 17:46:01 - INFO - utils.trainer -   PearsonR: 0.37105
08/21/2026 17:46:01 - INFO - utils.trainer -   Epoch: 26, Loss: 0.02991, Val loss: 0.01121, Val Loss: 0.0112, Best val Loss: 0.0089, No improve: 9/10, Time: 51.2s
08/21/2026 17:46:52 - INFO - utils.trainer -   ***** Running regression evaluation on val0 dataset *****
08/21/2026 17:46:57 - INFO - utils.trainer -   Loss: 0.00935
08/21/2026 17:46:57 - INFO - utils.trainer -   MSE: 99.35543
08/21/2026 17:46:57 - INFO - utils.trainer -   MAE: 8.08351
08/21/2026 17:46:57 - INFO - utils.trainer -   RMSE: 9.96772
08/21/2026 17:46:57 - INFO - utils.trainer -   R2: 0.10416
08/21/2026 17:46:57 - INFO - utils.trainer -   PearsonR: 0.38794
08/21/2026 17:46:57 - INFO - utils.trainer -   Epoch: 27, Loss: 0.03040, Val loss: 0.00935, Val Loss: 0.0094, Best val Loss: 0.0089, No improve: 10/10, Time: 51.1s
08/21/2026 17:46:57 - INFO - utils.trainer -   Early stopping triggered at epoch 27
08/21/2026 17:46:57 - INFO - utils.trainer -   Early stopping triggered at epoch 27
08/21/2026 17:46:57 - INFO - utils.trainer -   Early stopping triggered at epoch 27
08/21/2026 17:46:57 - INFO - utils.trainer -   Early stopping triggered at epoch 27
08/21/2026 17:46:57 - INFO - utils.trainer -   Early stopping triggered at epoch 27
08/21/2026 17:46:57 - INFO - utils.trainer -   Early stopping triggered at epoch 27
08/21/2026 17:46:58 - INFO - utils.trainer -     2 prompt-buffer key(s) skipped (kept target-dataset prompt)
08/21/2026 17:46:58 - INFO - utils.trainer -     582 keys not in checkpoint (kept from init)
08/21/2026 17:46:58 - INFO - utils.trainer -   Model loaded from output_dir/TimeLLM_AgeCAUEEG_train/TimeLLM-0.bin (25/27 keys)
08/21/2026 17:46:58 - INFO - utils.trainer -   ***** Running regression evaluation on test0 dataset *****
08/21/2026 17:46:58 - INFO - utils.trainer -     2 prompt-buffer key(s) skipped (kept target-dataset prompt)
08/21/2026 17:46:58 - INFO - utils.trainer -     582 keys not in checkpoint (kept from init)
08/21/2026 17:46:58 - INFO - utils.trainer -   Model loaded from output_dir/TimeLLM_AgeCAUEEG_train/TimeLLM-0.bin (25/27 keys)
08/21/2026 17:46:58 - INFO - utils.trainer -     2 prompt-buffer key(s) skipped (kept target-dataset prompt)
08/21/2026 17:46:58 - INFO - utils.trainer -     582 keys not in checkpoint (kept from init)
08/21/2026 17:46:58 - INFO - utils.trainer -   Model loaded from output_dir/TimeLLM_AgeCAUEEG_train/TimeLLM-0.bin (25/27 keys)
08/21/2026 17:46:58 - INFO - utils.trainer -     2 prompt-buffer key(s) skipped (kept target-dataset prompt)
08/21/2026 17:46:58 - INFO - utils.trainer -     582 keys not in checkpoint (kept from init)
08/21/2026 17:46:58 - INFO - utils.trainer -   Model loaded from output_dir/TimeLLM_AgeCAUEEG_train/TimeLLM-0.bin (25/27 keys)
08/21/2026 17:46:58 - INFO - utils.trainer -     2 prompt-buffer key(s) skipped (kept target-dataset prompt)
08/21/2026 17:46:58 - INFO - utils.trainer -     582 keys not in checkpoint (kept from init)
08/21/2026 17:46:58 - INFO - utils.trainer -   Model loaded from output_dir/TimeLLM_AgeCAUEEG_train/TimeLLM-0.bin (25/27 keys)
08/21/2026 17:46:58 - INFO - utils.trainer -     2 prompt-buffer key(s) skipped (kept target-dataset prompt)
08/21/2026 17:46:58 - INFO - utils.trainer -     582 keys not in checkpoint (kept from init)
08/21/2026 17:46:58 - INFO - utils.trainer -   Model loaded from output_dir/TimeLLM_AgeCAUEEG_train/TimeLLM-0.bin (25/27 keys)
08/21/2026 17:47:03 - INFO - utils.trainer -   Loss: 0.00836
08/21/2026 17:47:03 - INFO - utils.trainer -   MSE: 88.98624
08/21/2026 17:47:03 - INFO - utils.trainer -   MAE: 7.60302
08/21/2026 17:47:03 - INFO - utils.trainer -   RMSE: 9.43325
08/21/2026 17:47:03 - INFO - utils.trainer -   R2: 0.11261
08/21/2026 17:47:03 - INFO - utils.trainer -   PearsonR: 0.33751
08/21/2026 17:47:03 - INFO - utils.trainer -   === Best epoch test result ===
08/21/2026 17:47:03 - INFO - utils.trainer -     Loss: 0.00836
08/21/2026 17:47:03 - INFO - utils.trainer -     MSE: 88.98624
08/21/2026 17:47:03 - INFO - utils.trainer -     MAE: 7.60302
08/21/2026 17:47:03 - INFO - utils.trainer -     RMSE: 9.43325
08/21/2026 17:47:03 - INFO - utils.trainer -     R2: 0.11261
08/21/2026 17:47:03 - INFO - utils.trainer -     PearsonR: 0.33751
08/21/2026 17:47:04 - INFO - utils.trainer -   Model saved to output_dir/TimeLLM_AgeCAUEEG_train/final-epoch-200
08/21/2026 17:47:04 - INFO - utils.trainer -   Final model saved at epoch 200
