08/18/2026 06:44:36 - INFO - __main__ -   ########## Repeat:0 ##########
08/18/2026 06:44:36 - INFO - utils.trainer -   ***** Running training *****
08/18/2026 06:44:36 - INFO - utils.trainer -     Num examples = 161
08/18/2026 06:44:36 - INFO - utils.trainer -     Num Epochs = 200
08/18/2026 06:44:36 - INFO - utils.trainer -     Total train batch size = 4
08/18/2026 06:44:36 - INFO - utils.trainer -     warmup steps = 400
08/18/2026 06:44:36 - INFO - utils.trainer -     Total optimization steps = 32200
08/18/2026 06:44:36 - INFO - utils.trainer -     Save steps = 25
08/18/2026 06:45:34 - INFO - utils.trainer -   ***** Running regression evaluation on val0 dataset *****
08/18/2026 06:45:40 - INFO - utils.trainer -   Loss: 0.04037
08/18/2026 06:45:40 - INFO - utils.trainer -   MSE: 429.03149
08/18/2026 06:45:40 - INFO - utils.trainer -   MAE: 18.47023
08/18/2026 06:45:40 - INFO - utils.trainer -   RMSE: 20.71308
08/18/2026 06:45:40 - INFO - utils.trainer -   R2: -2.86838
08/18/2026 06:45:40 - INFO - utils.trainer -   PearsonR: 0.04097
08/18/2026 06:45:41 - INFO - utils.trainer -   Model saved to output_dir/TimeLLM_AgeCAUEEG_train
08/18/2026 06:45:41 - INFO - utils.trainer -   Best model saved (val_Loss=0.0404)
08/18/2026 06:45:41 - INFO - utils.trainer -   Epoch: 1, Loss: 0.09818, Val loss: 0.04037, Val Loss: 0.0404, Best val Loss: 0.0404, No improve: 0/10, Time: 58.1s
08/18/2026 06:46:39 - INFO - utils.trainer -   ***** Running regression evaluation on val0 dataset *****
08/18/2026 06:46:45 - INFO - utils.trainer -   Loss: 0.01262
08/18/2026 06:46:45 - INFO - utils.trainer -   MSE: 134.58554
08/18/2026 06:46:45 - INFO - utils.trainer -   MAE: 9.01985
08/18/2026 06:46:45 - INFO - utils.trainer -   RMSE: 11.60110
08/18/2026 06:46:45 - INFO - utils.trainer -   R2: -0.21350
08/18/2026 06:46:45 - INFO - utils.trainer -   PearsonR: 0.25743
08/18/2026 06:46:46 - INFO - utils.trainer -   Model saved to output_dir/TimeLLM_AgeCAUEEG_train
08/18/2026 06:46:46 - INFO - utils.trainer -   Best model saved (val_Loss=0.0126)
08/18/2026 06:46:46 - INFO - utils.trainer -   Epoch: 2, Loss: 0.03911, Val loss: 0.01262, Val Loss: 0.0126, Best val Loss: 0.0126, No improve: 0/10, Time: 58.5s
08/18/2026 06:47:44 - INFO - utils.trainer -   ***** Running regression evaluation on val0 dataset *****
08/18/2026 06:47:50 - INFO - utils.trainer -   Loss: 0.00981
08/18/2026 06:47:50 - INFO - utils.trainer -   MSE: 104.16665
08/18/2026 06:47:50 - INFO - utils.trainer -   MAE: 8.39896
08/18/2026 06:47:50 - INFO - utils.trainer -   RMSE: 10.20621
08/18/2026 06:47:50 - INFO - utils.trainer -   R2: 0.06078
08/18/2026 06:47:50 - INFO - utils.trainer -   PearsonR: 0.32241
08/18/2026 06:47:51 - INFO - utils.trainer -   Model saved to output_dir/TimeLLM_AgeCAUEEG_train
08/18/2026 06:47:51 - INFO - utils.trainer -   Best model saved (val_Loss=0.0098)
08/18/2026 06:47:51 - INFO - utils.trainer -   Epoch: 3, Loss: 0.03834, Val loss: 0.00981, Val Loss: 0.0098, Best val Loss: 0.0098, No improve: 0/10, Time: 57.8s
08/18/2026 06:48:49 - INFO - utils.trainer -   ***** Running regression evaluation on val0 dataset *****
08/18/2026 06:48:55 - INFO - utils.trainer -   Loss: 0.01177
08/18/2026 06:48:55 - INFO - utils.trainer -   MSE: 125.20435
08/18/2026 06:48:55 - INFO - utils.trainer -   MAE: 9.27101
08/18/2026 06:48:55 - INFO - utils.trainer -   RMSE: 11.18948
08/18/2026 06:48:55 - INFO - utils.trainer -   R2: -0.12891
08/18/2026 06:48:55 - INFO - utils.trainer -   PearsonR: 0.31711
08/18/2026 06:48:55 - INFO - utils.trainer -   Epoch: 4, Loss: 0.03753, Val loss: 0.01177, Val Loss: 0.0118, Best val Loss: 0.0098, No improve: 1/10, Time: 58.0s
08/18/2026 06:49:53 - INFO - utils.trainer -   ***** Running regression evaluation on val0 dataset *****
08/18/2026 06:49:59 - INFO - utils.trainer -   Loss: 0.01035
08/18/2026 06:49:59 - INFO - utils.trainer -   MSE: 110.12506
08/18/2026 06:49:59 - INFO - utils.trainer -   MAE: 8.19424
08/18/2026 06:49:59 - INFO - utils.trainer -   RMSE: 10.49405
08/18/2026 06:49:59 - INFO - utils.trainer -   R2: 0.00705
08/18/2026 06:49:59 - INFO - utils.trainer -   PearsonR: 0.34105
08/18/2026 06:49:59 - INFO - utils.trainer -   Epoch: 5, Loss: 0.03887, Val loss: 0.01035, Val Loss: 0.0104, Best val Loss: 0.0098, No improve: 2/10, Time: 57.9s
08/18/2026 06:50:56 - INFO - utils.trainer -   ***** Running regression evaluation on val0 dataset *****
08/18/2026 06:51:02 - INFO - utils.trainer -   Loss: 0.01163
08/18/2026 06:51:02 - INFO - utils.trainer -   MSE: 123.43411
08/18/2026 06:51:02 - INFO - utils.trainer -   MAE: 9.24448
08/18/2026 06:51:02 - INFO - utils.trainer -   RMSE: 11.11009
08/18/2026 06:51:02 - INFO - utils.trainer -   R2: -0.11295
08/18/2026 06:51:02 - INFO - utils.trainer -   PearsonR: 0.36798
08/18/2026 06:51:02 - INFO - utils.trainer -   Epoch: 6, Loss: 0.03227, Val loss: 0.01163, Val Loss: 0.0116, Best val Loss: 0.0098, No improve: 3/10, Time: 57.8s
08/18/2026 06:52:00 - INFO - utils.trainer -   ***** Running regression evaluation on val0 dataset *****
08/18/2026 06:52:06 - INFO - utils.trainer -   Loss: 0.01121
08/18/2026 06:52:06 - INFO - utils.trainer -   MSE: 119.06816
08/18/2026 06:52:06 - INFO - utils.trainer -   MAE: 8.96634
08/18/2026 06:52:06 - INFO - utils.trainer -   RMSE: 10.91184
08/18/2026 06:52:06 - INFO - utils.trainer -   R2: -0.07358
08/18/2026 06:52:06 - INFO - utils.trainer -   PearsonR: 0.36612
08/18/2026 06:52:06 - INFO - utils.trainer -   Epoch: 7, Loss: 0.03577, Val loss: 0.01121, Val Loss: 0.0112, Best val Loss: 0.0098, No improve: 4/10, Time: 58.0s
08/18/2026 06:53:04 - INFO - utils.trainer -   ***** Running regression evaluation on val0 dataset *****
08/18/2026 06:53:09 - INFO - utils.trainer -   Loss: 0.01169
08/18/2026 06:53:09 - INFO - utils.trainer -   MSE: 123.99615
08/18/2026 06:53:09 - INFO - utils.trainer -   MAE: 9.18945
08/18/2026 06:53:09 - INFO - utils.trainer -   RMSE: 11.13536
08/18/2026 06:53:09 - INFO - utils.trainer -   R2: -0.11802
08/18/2026 06:53:09 - INFO - utils.trainer -   PearsonR: 0.37135
08/18/2026 06:53:09 - INFO - utils.trainer -   Epoch: 8, Loss: 0.03310, Val loss: 0.01169, Val Loss: 0.0117, Best val Loss: 0.0098, No improve: 5/10, Time: 57.8s
08/18/2026 06:54:07 - INFO - utils.trainer -   ***** Running regression evaluation on val0 dataset *****
08/18/2026 06:54:13 - INFO - utils.trainer -   Loss: 0.01519
08/18/2026 06:54:13 - INFO - utils.trainer -   MSE: 161.10997
08/18/2026 06:54:13 - INFO - utils.trainer -   MAE: 10.62819
08/18/2026 06:54:13 - INFO - utils.trainer -   RMSE: 12.69291
08/18/2026 06:54:13 - INFO - utils.trainer -   R2: -0.45266
08/18/2026 06:54:13 - INFO - utils.trainer -   PearsonR: 0.38644
08/18/2026 06:54:13 - INFO - utils.trainer -   Epoch: 9, Loss: 0.03357, Val loss: 0.01519, Val Loss: 0.0152, Best val Loss: 0.0098, No improve: 6/10, Time: 57.9s
08/18/2026 06:55:11 - INFO - utils.trainer -   ***** Running regression evaluation on val0 dataset *****
08/18/2026 06:55:17 - INFO - utils.trainer -   Loss: 0.01011
08/18/2026 06:55:17 - INFO - utils.trainer -   MSE: 106.88219
08/18/2026 06:55:17 - INFO - utils.trainer -   MAE: 8.53435
08/18/2026 06:55:17 - INFO - utils.trainer -   RMSE: 10.33838
08/18/2026 06:55:17 - INFO - utils.trainer -   R2: 0.03629
08/18/2026 06:55:17 - INFO - utils.trainer -   PearsonR: 0.39552
08/18/2026 06:55:17 - INFO - utils.trainer -   Epoch: 10, Loss: 0.03404, Val loss: 0.01011, Val Loss: 0.0101, Best val Loss: 0.0098, No improve: 7/10, Time: 58.0s
08/18/2026 06:56:15 - INFO - utils.trainer -   ***** Running regression evaluation on val0 dataset *****
08/18/2026 06:56:21 - INFO - utils.trainer -   Loss: 0.01137
08/18/2026 06:56:21 - INFO - utils.trainer -   MSE: 119.91765
08/18/2026 06:56:21 - INFO - utils.trainer -   MAE: 9.03374
08/18/2026 06:56:21 - INFO - utils.trainer -   RMSE: 10.95069
08/18/2026 06:56:21 - INFO - utils.trainer -   R2: -0.08124
08/18/2026 06:56:21 - INFO - utils.trainer -   PearsonR: 0.40916
08/18/2026 06:56:21 - INFO - utils.trainer -   Epoch: 11, Loss: 0.03603, Val loss: 0.01137, Val Loss: 0.0114, Best val Loss: 0.0098, No improve: 8/10, Time: 57.9s
08/18/2026 06:57:19 - INFO - utils.trainer -   ***** Running regression evaluation on val0 dataset *****
08/18/2026 06:57:24 - INFO - utils.trainer -   Loss: 0.01880
08/18/2026 06:57:24 - INFO - utils.trainer -   MSE: 199.24432
08/18/2026 06:57:24 - INFO - utils.trainer -   MAE: 11.93287
08/18/2026 06:57:24 - INFO - utils.trainer -   RMSE: 14.11539
08/18/2026 06:57:24 - INFO - utils.trainer -   R2: -0.79650
08/18/2026 06:57:24 - INFO - utils.trainer -   PearsonR: 0.41590
08/18/2026 06:57:24 - INFO - utils.trainer -   Epoch: 12, Loss: 0.02604, Val loss: 0.01880, Val Loss: 0.0188, Best val Loss: 0.0098, No improve: 9/10, Time: 57.9s
08/18/2026 06:58:22 - INFO - utils.trainer -   ***** Running regression evaluation on val0 dataset *****
08/18/2026 06:58:28 - INFO - utils.trainer -   Loss: 0.01389
08/18/2026 06:58:28 - INFO - utils.trainer -   MSE: 147.75476
08/18/2026 06:58:28 - INFO - utils.trainer -   MAE: 9.40516
08/18/2026 06:58:28 - INFO - utils.trainer -   RMSE: 12.15544
08/18/2026 06:58:28 - INFO - utils.trainer -   R2: -0.33224
08/18/2026 06:58:28 - INFO - utils.trainer -   PearsonR: 0.39288
08/18/2026 06:58:28 - INFO - utils.trainer -   Epoch: 13, Loss: 0.02986, Val loss: 0.01389, Val Loss: 0.0139, Best val Loss: 0.0098, No improve: 10/10, Time: 57.9s
08/18/2026 06:58:28 - INFO - utils.trainer -   Early stopping triggered at epoch 13
08/18/2026 06:58:28 - INFO - utils.trainer -   Early stopping triggered at epoch 13
08/18/2026 06:58:28 - INFO - utils.trainer -   Early stopping triggered at epoch 13
08/18/2026 06:58:28 - INFO - utils.trainer -   Early stopping triggered at epoch 13
08/18/2026 06:58:28 - INFO - utils.trainer -   Early stopping triggered at epoch 13
08/18/2026 06:58:28 - INFO - utils.trainer -   Early stopping triggered at epoch 13
08/18/2026 06:58:29 - INFO - utils.trainer -     2 prompt-buffer key(s) skipped (kept target-dataset prompt)
08/18/2026 06:58:29 - INFO - utils.trainer -     582 keys not in checkpoint (kept from init)
08/18/2026 06:58:29 - INFO - utils.trainer -   Model loaded from output_dir/TimeLLM_AgeCAUEEG_train/TimeLLM-0.bin (27/29 keys)
08/18/2026 06:58:29 - INFO - utils.trainer -   ***** Running regression evaluation on test0 dataset *****
08/18/2026 06:58:29 - INFO - utils.trainer -     2 prompt-buffer key(s) skipped (kept target-dataset prompt)
08/18/2026 06:58:29 - INFO - utils.trainer -     582 keys not in checkpoint (kept from init)
08/18/2026 06:58:29 - INFO - utils.trainer -   Model loaded from output_dir/TimeLLM_AgeCAUEEG_train/TimeLLM-0.bin (27/29 keys)
08/18/2026 06:58:29 - INFO - utils.trainer -     2 prompt-buffer key(s) skipped (kept target-dataset prompt)
08/18/2026 06:58:29 - INFO - utils.trainer -     582 keys not in checkpoint (kept from init)
08/18/2026 06:58:29 - INFO - utils.trainer -   Model loaded from output_dir/TimeLLM_AgeCAUEEG_train/TimeLLM-0.bin (27/29 keys)
08/18/2026 06:58:29 - INFO - utils.trainer -     2 prompt-buffer key(s) skipped (kept target-dataset prompt)
08/18/2026 06:58:29 - INFO - utils.trainer -     582 keys not in checkpoint (kept from init)
08/18/2026 06:58:29 - INFO - utils.trainer -     2 prompt-buffer key(s) skipped (kept target-dataset prompt)
08/18/2026 06:58:29 - INFO - utils.trainer -   Model loaded from output_dir/TimeLLM_AgeCAUEEG_train/TimeLLM-0.bin (27/29 keys)
08/18/2026 06:58:29 - INFO - utils.trainer -     582 keys not in checkpoint (kept from init)
08/18/2026 06:58:29 - INFO - utils.trainer -   Model loaded from output_dir/TimeLLM_AgeCAUEEG_train/TimeLLM-0.bin (27/29 keys)
08/18/2026 06:58:29 - INFO - utils.trainer -     2 prompt-buffer key(s) skipped (kept target-dataset prompt)
08/18/2026 06:58:29 - INFO - utils.trainer -     582 keys not in checkpoint (kept from init)
08/18/2026 06:58:29 - INFO - utils.trainer -   Model loaded from output_dir/TimeLLM_AgeCAUEEG_train/TimeLLM-0.bin (27/29 keys)
08/18/2026 06:58:34 - INFO - utils.trainer -   Loss: 0.00948
08/18/2026 06:58:34 - INFO - utils.trainer -   MSE: 100.98072
08/18/2026 06:58:34 - INFO - utils.trainer -   MAE: 8.30013
08/18/2026 06:58:34 - INFO - utils.trainer -   RMSE: 10.04892
08/18/2026 06:58:34 - INFO - utils.trainer -   R2: -0.00700
08/18/2026 06:58:34 - INFO - utils.trainer -   PearsonR: 0.23703
08/18/2026 06:58:34 - INFO - utils.trainer -   === Best epoch test result ===
08/18/2026 06:58:34 - INFO - utils.trainer -     Loss: 0.00948
08/18/2026 06:58:34 - INFO - utils.trainer -     MSE: 100.98072
08/18/2026 06:58:34 - INFO - utils.trainer -     MAE: 8.30013
08/18/2026 06:58:34 - INFO - utils.trainer -     RMSE: 10.04892
08/18/2026 06:58:34 - INFO - utils.trainer -     R2: -0.00700
08/18/2026 06:58:34 - INFO - utils.trainer -     PearsonR: 0.23703
08/18/2026 06:58:35 - INFO - utils.trainer -   Model saved to output_dir/TimeLLM_AgeCAUEEG_train/final-epoch-200
08/18/2026 06:58:35 - INFO - utils.trainer -   Final model saved at epoch 200
