07/27/2026 12:58:22 - INFO - __main__ -   ########## Repeat:0 ##########
07/27/2026 12:58:22 - INFO - utils.trainer -   ***** Running training *****
07/27/2026 12:58:22 - INFO - utils.trainer -     Num examples = 216
07/27/2026 12:58:22 - INFO - utils.trainer -     Num Epochs = 200
07/27/2026 12:58:22 - INFO - utils.trainer -     Total train batch size = 4
07/27/2026 12:58:22 - INFO - utils.trainer -     warmup steps = 400
07/27/2026 12:58:22 - INFO - utils.trainer -     Total optimization steps = 43200
07/27/2026 12:58:22 - INFO - utils.trainer -     Save steps = 200
07/27/2026 12:58:29 - INFO - utils.trainer -   ***** Running evaluation on val dataset *****
07/27/2026 12:58:31 - INFO - utils.trainer -   Loss: 0.69657
07/27/2026 12:58:31 - INFO - utils.trainer -   AUC: 0.60022
07/27/2026 12:58:31 - INFO - utils.trainer -   Accuracy: 0.61372
07/27/2026 12:58:31 - INFO - utils.trainer -   Precision: 0.59247
07/27/2026 12:58:31 - INFO - utils.trainer -   Recall: 0.89303
07/27/2026 12:58:31 - INFO - utils.trainer -   F_score: 0.71235
07/27/2026 12:58:31 - INFO - utils.trainer -   Specificity: 0.00000
07/27/2026 12:58:31 - INFO - utils.trainer -   Sensitivity: 0.00000
07/27/2026 12:58:31 - INFO - utils.trainer -   ***** Running evaluation on test dataset *****
07/27/2026 12:58:33 - INFO - utils.trainer -   Loss: 0.90832
07/27/2026 12:58:33 - INFO - utils.trainer -   AUC: 0.58320
07/27/2026 12:58:33 - INFO - utils.trainer -   Accuracy: 0.59474
07/27/2026 12:58:33 - INFO - utils.trainer -   Precision: 0.61862
07/27/2026 12:58:33 - INFO - utils.trainer -   Recall: 0.74846
07/27/2026 12:58:33 - INFO - utils.trainer -   F_score: 0.67737
07/27/2026 12:58:33 - INFO - utils.trainer -   Specificity: 0.00000
07/27/2026 12:58:33 - INFO - utils.trainer -   Sensitivity: 0.00000
07/27/2026 12:58:33 - INFO - utils.trainer -   Model saved to output_dir/FBNetGen
07/27/2026 12:58:33 - INFO - utils.trainer -   Best model saved (val_loss=0.6966, test_acc=0.5947)
07/27/2026 12:58:33 - INFO - utils.trainer -   Epoch: 1, Loss: 0.67170, Val loss: 0.69657, Test loss: 0.90832, Val Acc: 0.6137, Best val loss: 0.6966, No improve: 0/20, Time: 6.6s
