08/07/2026 13:41:22 - INFO - __main__ -   ########## Repeat:0 ##########
08/07/2026 13:41:22 - INFO - utils.trainer -   ***** Running training *****
08/07/2026 13:41:22 - INFO - utils.trainer -     Num examples = 44
08/07/2026 13:41:22 - INFO - utils.trainer -     Num Epochs = 200
08/07/2026 13:41:22 - INFO - utils.trainer -     Total train batch size = 2
08/07/2026 13:41:22 - INFO - utils.trainer -     warmup steps = 400
08/07/2026 13:41:22 - INFO - utils.trainer -     Total optimization steps = 8800
08/07/2026 13:41:22 - INFO - utils.trainer -     Save steps = 25
08/07/2026 13:41:38 - INFO - utils.trainer -   ***** Running evaluation on val dataset *****
08/07/2026 13:41:40 - INFO - utils.trainer -   Loss: 0.71442
08/07/2026 13:41:40 - INFO - utils.trainer -   AUC: 0.60314
08/07/2026 13:41:40 - INFO - utils.trainer -   Accuracy: 0.57018
08/07/2026 13:41:40 - INFO - utils.trainer -   Precision: 0.00000
08/07/2026 13:41:40 - INFO - utils.trainer -   Specificity: 1.00000
08/07/2026 13:41:40 - INFO - utils.trainer -   Sensitivity: 0.00000
08/07/2026 13:41:40 - INFO - utils.trainer -   Model saved to output_dir/TimeLLM_DiseaseDS_train
08/07/2026 13:41:40 - INFO - utils.trainer -   Best model saved (val_Loss=0.7144)
08/07/2026 13:41:40 - INFO - utils.trainer -   Epoch: 1, Loss: 0.85139, Val loss: 0.71442, Val Loss: 0.7144, Best val Loss: 0.7144, No improve: 0/25, Time: 15.4s
08/07/2026 13:41:55 - INFO - utils.trainer -   ***** Running evaluation on val dataset *****
08/07/2026 13:41:57 - INFO - utils.trainer -   Loss: 0.69700
08/07/2026 13:41:57 - INFO - utils.trainer -   AUC: 0.56421
08/07/2026 13:41:57 - INFO - utils.trainer -   Accuracy: 0.51754
08/07/2026 13:41:57 - INFO - utils.trainer -   Precision: 0.46739
08/07/2026 13:41:57 - INFO - utils.trainer -   Specificity: 0.24615
08/07/2026 13:41:57 - INFO - utils.trainer -   Sensitivity: 0.87755
08/07/2026 13:41:57 - INFO - utils.trainer -   Model saved to output_dir/TimeLLM_DiseaseDS_train
08/07/2026 13:41:57 - INFO - utils.trainer -   Best model saved (val_Loss=0.6970)
08/07/2026 13:41:57 - INFO - utils.trainer -   Epoch: 2, Loss: 0.79163, Val loss: 0.69700, Val Loss: 0.6970, Best val Loss: 0.6970, No improve: 0/25, Time: 15.0s
08/07/2026 13:42:12 - INFO - utils.trainer -   ***** Running evaluation on val dataset *****
08/07/2026 13:42:14 - INFO - utils.trainer -   Loss: 0.71357
08/07/2026 13:42:14 - INFO - utils.trainer -   AUC: 0.61790
08/07/2026 13:42:14 - INFO - utils.trainer -   Accuracy: 0.42982
08/07/2026 13:42:14 - INFO - utils.trainer -   Precision: 0.42982
08/07/2026 13:42:14 - INFO - utils.trainer -   Specificity: 0.00000
08/07/2026 13:42:14 - INFO - utils.trainer -   Sensitivity: 1.00000
08/07/2026 13:42:14 - INFO - utils.trainer -   Epoch: 3, Loss: 0.88855, Val loss: 0.71357, Val Loss: 0.7136, Best val Loss: 0.6970, No improve: 1/25, Time: 15.0s
08/07/2026 13:42:29 - INFO - utils.trainer -   ***** Running evaluation on val dataset *****
08/07/2026 13:42:31 - INFO - utils.trainer -   Loss: 0.69152
08/07/2026 13:42:31 - INFO - utils.trainer -   AUC: 0.65149
08/07/2026 13:42:31 - INFO - utils.trainer -   Accuracy: 0.57018
08/07/2026 13:42:31 - INFO - utils.trainer -   Precision: 0.00000
08/07/2026 13:42:31 - INFO - utils.trainer -   Specificity: 1.00000
08/07/2026 13:42:31 - INFO - utils.trainer -   Sensitivity: 0.00000
08/07/2026 13:42:32 - INFO - utils.trainer -   Model saved to output_dir/TimeLLM_DiseaseDS_train
08/07/2026 13:42:32 - INFO - utils.trainer -   Best model saved (val_Loss=0.6915)
08/07/2026 13:42:32 - INFO - utils.trainer -   Epoch: 4, Loss: 0.76659, Val loss: 0.69152, Val Loss: 0.6915, Best val Loss: 0.6915, No improve: 0/25, Time: 15.2s
08/07/2026 13:42:47 - INFO - utils.trainer -   ***** Running evaluation on val dataset *****
08/07/2026 13:42:49 - INFO - utils.trainer -   Loss: 0.68419
08/07/2026 13:42:49 - INFO - utils.trainer -   AUC: 0.63014
08/07/2026 13:42:49 - INFO - utils.trainer -   Accuracy: 0.52632
08/07/2026 13:42:49 - INFO - utils.trainer -   Precision: 0.36842
08/07/2026 13:42:49 - INFO - utils.trainer -   Specificity: 0.81538
08/07/2026 13:42:49 - INFO - utils.trainer -   Sensitivity: 0.14286
08/07/2026 13:42:50 - INFO - utils.trainer -   Model saved to output_dir/TimeLLM_DiseaseDS_train
08/07/2026 13:42:50 - INFO - utils.trainer -   Best model saved (val_Loss=0.6842)
08/07/2026 13:42:50 - INFO - utils.trainer -   Epoch: 5, Loss: 0.69080, Val loss: 0.68419, Val Loss: 0.6842, Best val Loss: 0.6842, No improve: 0/25, Time: 15.5s
08/07/2026 13:43:05 - INFO - utils.trainer -   ***** Running evaluation on val dataset *****
08/07/2026 13:43:06 - INFO - utils.trainer -   Loss: 0.70375
08/07/2026 13:43:06 - INFO - utils.trainer -   AUC: 0.65997
08/07/2026 13:43:06 - INFO - utils.trainer -   Accuracy: 0.57018
08/07/2026 13:43:06 - INFO - utils.trainer -   Precision: 0.50000
08/07/2026 13:43:06 - INFO - utils.trainer -   Specificity: 0.98462
08/07/2026 13:43:06 - INFO - utils.trainer -   Sensitivity: 0.02041
08/07/2026 13:43:06 - INFO - utils.trainer -   Epoch: 6, Loss: 0.79819, Val loss: 0.70375, Val Loss: 0.7037, Best val Loss: 0.6842, No improve: 1/25, Time: 15.0s
08/07/2026 13:43:21 - INFO - utils.trainer -   ***** Running evaluation on val dataset *****
08/07/2026 13:43:23 - INFO - utils.trainer -   Loss: 0.77979
08/07/2026 13:43:23 - INFO - utils.trainer -   AUC: 0.64521
08/07/2026 13:43:23 - INFO - utils.trainer -   Accuracy: 0.42982
08/07/2026 13:43:23 - INFO - utils.trainer -   Precision: 0.42982
08/07/2026 13:43:23 - INFO - utils.trainer -   Specificity: 0.00000
08/07/2026 13:43:23 - INFO - utils.trainer -   Sensitivity: 1.00000
08/07/2026 13:43:23 - INFO - utils.trainer -   Epoch: 7, Loss: 0.82465, Val loss: 0.77979, Val Loss: 0.7798, Best val Loss: 0.6842, No improve: 2/25, Time: 15.0s
08/07/2026 13:43:38 - INFO - utils.trainer -   ***** Running evaluation on val dataset *****
08/07/2026 13:43:40 - INFO - utils.trainer -   Loss: 0.70787
08/07/2026 13:43:40 - INFO - utils.trainer -   AUC: 0.64647
08/07/2026 13:43:40 - INFO - utils.trainer -   Accuracy: 0.42982
08/07/2026 13:43:40 - INFO - utils.trainer -   Precision: 0.42982
08/07/2026 13:43:40 - INFO - utils.trainer -   Specificity: 0.00000
08/07/2026 13:43:40 - INFO - utils.trainer -   Sensitivity: 1.00000
08/07/2026 13:43:40 - INFO - utils.trainer -   Epoch: 8, Loss: 0.75051, Val loss: 0.70787, Val Loss: 0.7079, Best val Loss: 0.6842, No improve: 3/25, Time: 15.0s
08/07/2026 13:43:55 - INFO - utils.trainer -   ***** Running evaluation on val dataset *****
08/07/2026 13:43:56 - INFO - utils.trainer -   Loss: 0.69041
08/07/2026 13:43:56 - INFO - utils.trainer -   AUC: 0.67535
08/07/2026 13:43:56 - INFO - utils.trainer -   Accuracy: 0.55263
08/07/2026 13:43:56 - INFO - utils.trainer -   Precision: 0.48958
08/07/2026 13:43:56 - INFO - utils.trainer -   Specificity: 0.24615
08/07/2026 13:43:56 - INFO - utils.trainer -   Sensitivity: 0.95918
08/07/2026 13:43:56 - INFO - utils.trainer -   Epoch: 9, Loss: 0.72211, Val loss: 0.69041, Val Loss: 0.6904, Best val Loss: 0.6842, No improve: 4/25, Time: 15.1s
08/07/2026 13:44:11 - INFO - utils.trainer -   ***** Running evaluation on val dataset *****
08/07/2026 13:44:13 - INFO - utils.trainer -   Loss: 0.77143
08/07/2026 13:44:13 - INFO - utils.trainer -   AUC: 0.71334
08/07/2026 13:44:13 - INFO - utils.trainer -   Accuracy: 0.57018
08/07/2026 13:44:13 - INFO - utils.trainer -   Precision: 0.00000
08/07/2026 13:44:13 - INFO - utils.trainer -   Specificity: 1.00000
08/07/2026 13:44:13 - INFO - utils.trainer -   Sensitivity: 0.00000
08/07/2026 13:44:13 - INFO - utils.trainer -   Epoch: 10, Loss: 0.74624, Val loss: 0.77143, Val Loss: 0.7714, Best val Loss: 0.6842, No improve: 5/25, Time: 15.1s
08/07/2026 13:44:28 - INFO - utils.trainer -   ***** Running evaluation on val dataset *****
08/07/2026 13:44:30 - INFO - utils.trainer -   Loss: 0.71143
08/07/2026 13:44:30 - INFO - utils.trainer -   AUC: 0.67724
08/07/2026 13:44:30 - INFO - utils.trainer -   Accuracy: 0.42982
08/07/2026 13:44:30 - INFO - utils.trainer -   Precision: 0.42982
08/07/2026 13:44:30 - INFO - utils.trainer -   Specificity: 0.00000
08/07/2026 13:44:30 - INFO - utils.trainer -   Sensitivity: 1.00000
08/07/2026 13:44:30 - INFO - utils.trainer -   Epoch: 11, Loss: 0.94566, Val loss: 0.71143, Val Loss: 0.7114, Best val Loss: 0.6842, No improve: 6/25, Time: 15.0s
08/07/2026 13:44:45 - INFO - utils.trainer -   ***** Running evaluation on val dataset *****
08/07/2026 13:44:46 - INFO - utils.trainer -   Loss: 0.70297
08/07/2026 13:44:46 - INFO - utils.trainer -   AUC: 0.64082
08/07/2026 13:44:46 - INFO - utils.trainer -   Accuracy: 0.57018
08/07/2026 13:44:46 - INFO - utils.trainer -   Precision: 0.00000
08/07/2026 13:44:46 - INFO - utils.trainer -   Specificity: 1.00000
08/07/2026 13:44:46 - INFO - utils.trainer -   Sensitivity: 0.00000
08/07/2026 13:44:46 - INFO - utils.trainer -   Epoch: 12, Loss: 0.73158, Val loss: 0.70297, Val Loss: 0.7030, Best val Loss: 0.6842, No improve: 7/25, Time: 15.0s
08/07/2026 13:45:01 - INFO - utils.trainer -   ***** Running evaluation on val dataset *****
08/07/2026 13:45:03 - INFO - utils.trainer -   Loss: 0.74355
08/07/2026 13:45:03 - INFO - utils.trainer -   AUC: 0.67535
08/07/2026 13:45:03 - INFO - utils.trainer -   Accuracy: 0.42982
08/07/2026 13:45:03 - INFO - utils.trainer -   Precision: 0.42982
08/07/2026 13:45:03 - INFO - utils.trainer -   Specificity: 0.00000
08/07/2026 13:45:03 - INFO - utils.trainer -   Sensitivity: 1.00000
08/07/2026 13:45:03 - INFO - utils.trainer -   Epoch: 13, Loss: 0.74357, Val loss: 0.74355, Val Loss: 0.7435, Best val Loss: 0.6842, No improve: 8/25, Time: 15.0s
08/07/2026 13:45:18 - INFO - utils.trainer -   ***** Running evaluation on val dataset *****
08/07/2026 13:45:20 - INFO - utils.trainer -   Loss: 0.83818
08/07/2026 13:45:20 - INFO - utils.trainer -   AUC: 0.70173
08/07/2026 13:45:20 - INFO - utils.trainer -   Accuracy: 0.42982
08/07/2026 13:45:20 - INFO - utils.trainer -   Precision: 0.42982
08/07/2026 13:45:20 - INFO - utils.trainer -   Specificity: 0.00000
08/07/2026 13:45:20 - INFO - utils.trainer -   Sensitivity: 1.00000
08/07/2026 13:45:20 - INFO - utils.trainer -   Epoch: 14, Loss: 0.86634, Val loss: 0.83818, Val Loss: 0.8382, Best val Loss: 0.6842, No improve: 9/25, Time: 15.0s
08/07/2026 13:45:35 - INFO - utils.trainer -   ***** Running evaluation on val dataset *****
08/07/2026 13:45:36 - INFO - utils.trainer -   Loss: 0.90018
08/07/2026 13:45:36 - INFO - utils.trainer -   AUC: 0.63642
08/07/2026 13:45:36 - INFO - utils.trainer -   Accuracy: 0.42982
08/07/2026 13:45:36 - INFO - utils.trainer -   Precision: 0.42982
08/07/2026 13:45:36 - INFO - utils.trainer -   Specificity: 0.00000
08/07/2026 13:45:36 - INFO - utils.trainer -   Sensitivity: 1.00000
08/07/2026 13:45:36 - INFO - utils.trainer -   Epoch: 15, Loss: 0.76313, Val loss: 0.90018, Val Loss: 0.9002, Best val Loss: 0.6842, No improve: 10/25, Time: 15.0s
08/07/2026 13:45:51 - INFO - utils.trainer -   ***** Running evaluation on val dataset *****
08/07/2026 13:45:53 - INFO - utils.trainer -   Loss: 0.80019
08/07/2026 13:45:53 - INFO - utils.trainer -   AUC: 0.64458
08/07/2026 13:45:53 - INFO - utils.trainer -   Accuracy: 0.42982
08/07/2026 13:45:53 - INFO - utils.trainer -   Precision: 0.42982
08/07/2026 13:45:53 - INFO - utils.trainer -   Specificity: 0.00000
08/07/2026 13:45:53 - INFO - utils.trainer -   Sensitivity: 1.00000
08/07/2026 13:45:53 - INFO - utils.trainer -   Epoch: 16, Loss: 0.72428, Val loss: 0.80019, Val Loss: 0.8002, Best val Loss: 0.6842, No improve: 11/25, Time: 15.1s
08/07/2026 13:46:08 - INFO - utils.trainer -   ***** Running evaluation on val dataset *****
08/07/2026 13:46:10 - INFO - utils.trainer -   Loss: 0.82356
08/07/2026 13:46:10 - INFO - utils.trainer -   AUC: 0.65055
08/07/2026 13:46:10 - INFO - utils.trainer -   Accuracy: 0.42982
08/07/2026 13:46:10 - INFO - utils.trainer -   Precision: 0.42982
08/07/2026 13:46:10 - INFO - utils.trainer -   Specificity: 0.00000
08/07/2026 13:46:10 - INFO - utils.trainer -   Sensitivity: 1.00000
08/07/2026 13:46:10 - INFO - utils.trainer -   Epoch: 17, Loss: 0.72853, Val loss: 0.82356, Val Loss: 0.8236, Best val Loss: 0.6842, No improve: 12/25, Time: 15.0s
08/07/2026 13:46:25 - INFO - utils.trainer -   ***** Running evaluation on val dataset *****
08/07/2026 13:46:26 - INFO - utils.trainer -   Loss: 0.69601
08/07/2026 13:46:26 - INFO - utils.trainer -   AUC: 0.65432
08/07/2026 13:46:26 - INFO - utils.trainer -   Accuracy: 0.42982
08/07/2026 13:46:26 - INFO - utils.trainer -   Precision: 0.42982
08/07/2026 13:46:26 - INFO - utils.trainer -   Specificity: 0.00000
08/07/2026 13:46:26 - INFO - utils.trainer -   Sensitivity: 1.00000
08/07/2026 13:46:26 - INFO - utils.trainer -   Epoch: 18, Loss: 0.72796, Val loss: 0.69601, Val Loss: 0.6960, Best val Loss: 0.6842, No improve: 13/25, Time: 15.0s
08/07/2026 13:46:41 - INFO - utils.trainer -   ***** Running evaluation on val dataset *****
08/07/2026 13:46:43 - INFO - utils.trainer -   Loss: 0.71702
08/07/2026 13:46:43 - INFO - utils.trainer -   AUC: 0.64553
08/07/2026 13:46:43 - INFO - utils.trainer -   Accuracy: 0.42982
08/07/2026 13:46:43 - INFO - utils.trainer -   Precision: 0.42982
08/07/2026 13:46:43 - INFO - utils.trainer -   Specificity: 0.00000
08/07/2026 13:46:43 - INFO - utils.trainer -   Sensitivity: 1.00000
08/07/2026 13:46:43 - INFO - utils.trainer -   Epoch: 19, Loss: 0.69524, Val loss: 0.71702, Val Loss: 0.7170, Best val Loss: 0.6842, No improve: 14/25, Time: 15.1s
08/07/2026 13:46:58 - INFO - utils.trainer -   ***** Running evaluation on val dataset *****
08/07/2026 13:47:00 - INFO - utils.trainer -   Loss: 0.82580
08/07/2026 13:47:00 - INFO - utils.trainer -   AUC: 0.63579
08/07/2026 13:47:00 - INFO - utils.trainer -   Accuracy: 0.42982
08/07/2026 13:47:00 - INFO - utils.trainer -   Precision: 0.42982
08/07/2026 13:47:00 - INFO - utils.trainer -   Specificity: 0.00000
08/07/2026 13:47:00 - INFO - utils.trainer -   Sensitivity: 1.00000
08/07/2026 13:47:00 - INFO - utils.trainer -   Epoch: 20, Loss: 0.71525, Val loss: 0.82580, Val Loss: 0.8258, Best val Loss: 0.6842, No improve: 15/25, Time: 15.0s
08/07/2026 13:47:15 - INFO - utils.trainer -   ***** Running evaluation on val dataset *****
08/07/2026 13:47:16 - INFO - utils.trainer -   Loss: 0.68989
08/07/2026 13:47:16 - INFO - utils.trainer -   AUC: 0.63611
08/07/2026 13:47:16 - INFO - utils.trainer -   Accuracy: 0.58772
08/07/2026 13:47:16 - INFO - utils.trainer -   Precision: 0.51111
08/07/2026 13:47:16 - INFO - utils.trainer -   Specificity: 0.32308
08/07/2026 13:47:16 - INFO - utils.trainer -   Sensitivity: 0.93878
08/07/2026 13:47:16 - INFO - utils.trainer -   Epoch: 21, Loss: 0.73146, Val loss: 0.68989, Val Loss: 0.6899, Best val Loss: 0.6842, No improve: 16/25, Time: 15.0s
08/07/2026 13:47:31 - INFO - utils.trainer -   ***** Running evaluation on val dataset *****
08/07/2026 13:47:33 - INFO - utils.trainer -   Loss: 0.72486
08/07/2026 13:47:33 - INFO - utils.trainer -   AUC: 0.56892
08/07/2026 13:47:33 - INFO - utils.trainer -   Accuracy: 0.42982
08/07/2026 13:47:33 - INFO - utils.trainer -   Precision: 0.42982
08/07/2026 13:47:33 - INFO - utils.trainer -   Specificity: 0.00000
08/07/2026 13:47:33 - INFO - utils.trainer -   Sensitivity: 1.00000
08/07/2026 13:47:33 - INFO - utils.trainer -   Epoch: 22, Loss: 0.70716, Val loss: 0.72486, Val Loss: 0.7249, Best val Loss: 0.6842, No improve: 17/25, Time: 15.0s
08/07/2026 13:47:48 - INFO - utils.trainer -   ***** Running evaluation on val dataset *****
08/07/2026 13:47:50 - INFO - utils.trainer -   Loss: 0.69203
08/07/2026 13:47:50 - INFO - utils.trainer -   AUC: 0.58650
08/07/2026 13:47:50 - INFO - utils.trainer -   Accuracy: 0.51754
08/07/2026 13:47:50 - INFO - utils.trainer -   Precision: 0.45833
08/07/2026 13:47:50 - INFO - utils.trainer -   Specificity: 0.40000
08/07/2026 13:47:50 - INFO - utils.trainer -   Sensitivity: 0.67347
08/07/2026 13:47:50 - INFO - utils.trainer -   Epoch: 23, Loss: 0.69740, Val loss: 0.69203, Val Loss: 0.6920, Best val Loss: 0.6842, No improve: 18/25, Time: 15.0s
08/07/2026 13:48:05 - INFO - utils.trainer -   ***** Running evaluation on val dataset *****
08/07/2026 13:48:06 - INFO - utils.trainer -   Loss: 0.69329
08/07/2026 13:48:06 - INFO - utils.trainer -   AUC: 0.61130
08/07/2026 13:48:06 - INFO - utils.trainer -   Accuracy: 0.60526
08/07/2026 13:48:06 - INFO - utils.trainer -   Precision: 0.57143
08/07/2026 13:48:06 - INFO - utils.trainer -   Specificity: 0.81538
08/07/2026 13:48:06 - INFO - utils.trainer -   Sensitivity: 0.32653
08/07/2026 13:48:06 - INFO - utils.trainer -   Epoch: 24, Loss: 0.65590, Val loss: 0.69329, Val Loss: 0.6933, Best val Loss: 0.6842, No improve: 19/25, Time: 15.0s
08/07/2026 13:48:21 - INFO - utils.trainer -   ***** Running evaluation on val dataset *****
08/07/2026 13:48:23 - INFO - utils.trainer -   Loss: 0.69546
08/07/2026 13:48:23 - INFO - utils.trainer -   AUC: 0.60973
08/07/2026 13:48:23 - INFO - utils.trainer -   Accuracy: 0.59649
08/07/2026 13:48:23 - INFO - utils.trainer -   Precision: 0.52459
08/07/2026 13:48:23 - INFO - utils.trainer -   Specificity: 0.55385
08/07/2026 13:48:23 - INFO - utils.trainer -   Sensitivity: 0.65306
08/07/2026 13:48:24 - INFO - utils.trainer -   Model saved to output_dir/TimeLLM_DiseaseDS_train/checkpoint-epoch-25
08/07/2026 13:48:24 - INFO - utils.trainer -   Checkpoint saved at epoch 25
08/07/2026 13:48:24 - INFO - utils.trainer -   Epoch: 25, Loss: 0.77701, Val loss: 0.69546, Val Loss: 0.6955, Best val Loss: 0.6842, No improve: 20/25, Time: 15.0s
08/07/2026 13:48:39 - INFO - utils.trainer -   ***** Running evaluation on val dataset *****
08/07/2026 13:48:40 - INFO - utils.trainer -   Loss: 0.67168
08/07/2026 13:48:40 - INFO - utils.trainer -   AUC: 0.63673
08/07/2026 13:48:40 - INFO - utils.trainer -   Accuracy: 0.63158
08/07/2026 13:48:40 - INFO - utils.trainer -   Precision: 0.56863
08/07/2026 13:48:40 - INFO - utils.trainer -   Specificity: 0.66154
08/07/2026 13:48:40 - INFO - utils.trainer -   Sensitivity: 0.59184
08/07/2026 13:48:41 - INFO - utils.trainer -   Model saved to output_dir/TimeLLM_DiseaseDS_train
08/07/2026 13:48:41 - INFO - utils.trainer -   Best model saved (val_Loss=0.6717)
08/07/2026 13:48:41 - INFO - utils.trainer -   Epoch: 26, Loss: 0.63816, Val loss: 0.67168, Val Loss: 0.6717, Best val Loss: 0.6717, No improve: 0/25, Time: 15.1s
08/07/2026 13:48:56 - INFO - utils.trainer -   ***** Running evaluation on val dataset *****
08/07/2026 13:48:58 - INFO - utils.trainer -   Loss: 0.73496
08/07/2026 13:48:58 - INFO - utils.trainer -   AUC: 0.61758
08/07/2026 13:48:58 - INFO - utils.trainer -   Accuracy: 0.62281
08/07/2026 13:48:58 - INFO - utils.trainer -   Precision: 0.59375
08/07/2026 13:48:58 - INFO - utils.trainer -   Specificity: 0.80000
08/07/2026 13:48:58 - INFO - utils.trainer -   Sensitivity: 0.38776
08/07/2026 13:48:58 - INFO - utils.trainer -   Epoch: 27, Loss: 0.64776, Val loss: 0.73496, Val Loss: 0.7350, Best val Loss: 0.6717, No improve: 1/25, Time: 15.1s
08/07/2026 13:49:13 - INFO - utils.trainer -   ***** Running evaluation on val dataset *****
08/07/2026 13:49:15 - INFO - utils.trainer -   Loss: 0.72967
08/07/2026 13:49:15 - INFO - utils.trainer -   AUC: 0.60565
08/07/2026 13:49:15 - INFO - utils.trainer -   Accuracy: 0.61404
08/07/2026 13:49:15 - INFO - utils.trainer -   Precision: 0.55319
08/07/2026 13:49:15 - INFO - utils.trainer -   Specificity: 0.67692
08/07/2026 13:49:15 - INFO - utils.trainer -   Sensitivity: 0.53061
08/07/2026 13:49:15 - INFO - utils.trainer -   Epoch: 28, Loss: 0.56261, Val loss: 0.72967, Val Loss: 0.7297, Best val Loss: 0.6717, No improve: 2/25, Time: 15.0s
08/07/2026 13:49:30 - INFO - utils.trainer -   ***** Running evaluation on val dataset *****
08/07/2026 13:49:31 - INFO - utils.trainer -   Loss: 0.73576
08/07/2026 13:49:31 - INFO - utils.trainer -   AUC: 0.63956
08/07/2026 13:49:31 - INFO - utils.trainer -   Accuracy: 0.64035
08/07/2026 13:49:31 - INFO - utils.trainer -   Precision: 0.60526
08/07/2026 13:49:31 - INFO - utils.trainer -   Specificity: 0.76923
08/07/2026 13:49:31 - INFO - utils.trainer -   Sensitivity: 0.46939
08/07/2026 13:49:31 - INFO - utils.trainer -   Epoch: 29, Loss: 0.55657, Val loss: 0.73576, Val Loss: 0.7358, Best val Loss: 0.6717, No improve: 3/25, Time: 15.0s
08/07/2026 13:49:46 - INFO - utils.trainer -   ***** Running evaluation on val dataset *****
08/07/2026 13:49:48 - INFO - utils.trainer -   Loss: 0.89906
08/07/2026 13:49:48 - INFO - utils.trainer -   AUC: 0.59623
08/07/2026 13:49:48 - INFO - utils.trainer -   Accuracy: 0.59649
08/07/2026 13:49:48 - INFO - utils.trainer -   Precision: 0.57143
08/07/2026 13:49:48 - INFO - utils.trainer -   Specificity: 0.86154
08/07/2026 13:49:48 - INFO - utils.trainer -   Sensitivity: 0.24490
08/07/2026 13:49:48 - INFO - utils.trainer -   Epoch: 30, Loss: 0.54164, Val loss: 0.89906, Val Loss: 0.8991, Best val Loss: 0.6717, No improve: 4/25, Time: 15.0s
08/07/2026 13:50:03 - INFO - utils.trainer -   ***** Running evaluation on val dataset *****
08/07/2026 13:50:05 - INFO - utils.trainer -   Loss: 0.83135
08/07/2026 13:50:05 - INFO - utils.trainer -   AUC: 0.61601
08/07/2026 13:50:05 - INFO - utils.trainer -   Accuracy: 0.55263
08/07/2026 13:50:05 - INFO - utils.trainer -   Precision: 0.48684
08/07/2026 13:50:05 - INFO - utils.trainer -   Specificity: 0.40000
08/07/2026 13:50:05 - INFO - utils.trainer -   Sensitivity: 0.75510
08/07/2026 13:50:05 - INFO - utils.trainer -   Epoch: 31, Loss: 0.55396, Val loss: 0.83135, Val Loss: 0.8314, Best val Loss: 0.6717, No improve: 5/25, Time: 15.0s
08/07/2026 13:50:20 - INFO - utils.trainer -   ***** Running evaluation on val dataset *****
08/07/2026 13:50:21 - INFO - utils.trainer -   Loss: 0.76174
08/07/2026 13:50:21 - INFO - utils.trainer -   AUC: 0.63171
08/07/2026 13:50:21 - INFO - utils.trainer -   Accuracy: 0.64912
08/07/2026 13:50:21 - INFO - utils.trainer -   Precision: 0.58182
08/07/2026 13:50:21 - INFO - utils.trainer -   Specificity: 0.64615
08/07/2026 13:50:21 - INFO - utils.trainer -   Sensitivity: 0.65306
08/07/2026 13:50:21 - INFO - utils.trainer -   Epoch: 32, Loss: 0.46376, Val loss: 0.76174, Val Loss: 0.7617, Best val Loss: 0.6717, No improve: 6/25, Time: 15.0s
08/07/2026 13:50:36 - INFO - utils.trainer -   ***** Running evaluation on val dataset *****
08/07/2026 13:50:38 - INFO - utils.trainer -   Loss: 0.77038
08/07/2026 13:50:38 - INFO - utils.trainer -   AUC: 0.62794
08/07/2026 13:50:38 - INFO - utils.trainer -   Accuracy: 0.64035
08/07/2026 13:50:38 - INFO - utils.trainer -   Precision: 0.57407
08/07/2026 13:50:38 - INFO - utils.trainer -   Specificity: 0.64615
08/07/2026 13:50:38 - INFO - utils.trainer -   Sensitivity: 0.63265
08/07/2026 13:50:38 - INFO - utils.trainer -   Epoch: 33, Loss: 0.53323, Val loss: 0.77038, Val Loss: 0.7704, Best val Loss: 0.6717, No improve: 7/25, Time: 15.0s
08/07/2026 13:50:53 - INFO - utils.trainer -   ***** Running evaluation on val dataset *****
08/07/2026 13:50:55 - INFO - utils.trainer -   Loss: 0.85323
08/07/2026 13:50:55 - INFO - utils.trainer -   AUC: 0.61821
08/07/2026 13:50:55 - INFO - utils.trainer -   Accuracy: 0.57018
08/07/2026 13:50:55 - INFO - utils.trainer -   Precision: 0.50000
08/07/2026 13:50:55 - INFO - utils.trainer -   Specificity: 0.69231
08/07/2026 13:50:55 - INFO - utils.trainer -   Sensitivity: 0.40816
08/07/2026 13:50:55 - INFO - utils.trainer -   Epoch: 34, Loss: 0.49440, Val loss: 0.85323, Val Loss: 0.8532, Best val Loss: 0.6717, No improve: 8/25, Time: 15.0s
08/07/2026 13:51:10 - INFO - utils.trainer -   ***** Running evaluation on val dataset *****
08/07/2026 13:51:11 - INFO - utils.trainer -   Loss: 0.86530
08/07/2026 13:51:11 - INFO - utils.trainer -   AUC: 0.60283
08/07/2026 13:51:11 - INFO - utils.trainer -   Accuracy: 0.61404
08/07/2026 13:51:11 - INFO - utils.trainer -   Precision: 0.55556
08/07/2026 13:51:11 - INFO - utils.trainer -   Specificity: 0.69231
08/07/2026 13:51:11 - INFO - utils.trainer -   Sensitivity: 0.51020
08/07/2026 13:51:11 - INFO - utils.trainer -   Epoch: 35, Loss: 0.42732, Val loss: 0.86530, Val Loss: 0.8653, Best val Loss: 0.6717, No improve: 9/25, Time: 15.1s
08/07/2026 13:51:26 - INFO - utils.trainer -   ***** Running evaluation on val dataset *****
08/07/2026 13:51:28 - INFO - utils.trainer -   Loss: 0.88993
08/07/2026 13:51:28 - INFO - utils.trainer -   AUC: 0.62261
08/07/2026 13:51:28 - INFO - utils.trainer -   Accuracy: 0.57895
08/07/2026 13:51:28 - INFO - utils.trainer -   Precision: 0.51163
08/07/2026 13:51:28 - INFO - utils.trainer -   Specificity: 0.67692
08/07/2026 13:51:28 - INFO - utils.trainer -   Sensitivity: 0.44898
08/07/2026 13:51:28 - INFO - utils.trainer -   Epoch: 36, Loss: 0.48040, Val loss: 0.88993, Val Loss: 0.8899, Best val Loss: 0.6717, No improve: 10/25, Time: 15.0s
08/07/2026 13:51:43 - INFO - utils.trainer -   ***** Running evaluation on val dataset *****
08/07/2026 13:51:45 - INFO - utils.trainer -   Loss: 0.89527
08/07/2026 13:51:45 - INFO - utils.trainer -   AUC: 0.62543
08/07/2026 13:51:45 - INFO - utils.trainer -   Accuracy: 0.63158
08/07/2026 13:51:45 - INFO - utils.trainer -   Precision: 0.56863
08/07/2026 13:51:45 - INFO - utils.trainer -   Specificity: 0.66154
08/07/2026 13:51:45 - INFO - utils.trainer -   Sensitivity: 0.59184
08/07/2026 13:51:45 - INFO - utils.trainer -   Epoch: 37, Loss: 0.49399, Val loss: 0.89527, Val Loss: 0.8953, Best val Loss: 0.6717, No improve: 11/25, Time: 15.0s
08/07/2026 13:52:00 - INFO - utils.trainer -   ***** Running evaluation on val dataset *****
08/07/2026 13:52:02 - INFO - utils.trainer -   Loss: 0.89938
08/07/2026 13:52:02 - INFO - utils.trainer -   AUC: 0.60911
08/07/2026 13:52:02 - INFO - utils.trainer -   Accuracy: 0.59649
08/07/2026 13:52:02 - INFO - utils.trainer -   Precision: 0.53333
08/07/2026 13:52:02 - INFO - utils.trainer -   Specificity: 0.67692
08/07/2026 13:52:02 - INFO - utils.trainer -   Sensitivity: 0.48980
08/07/2026 13:52:02 - INFO - utils.trainer -   Epoch: 38, Loss: 0.48341, Val loss: 0.89938, Val Loss: 0.8994, Best val Loss: 0.6717, No improve: 12/25, Time: 15.1s
08/07/2026 13:52:17 - INFO - utils.trainer -   ***** Running evaluation on val dataset *****
08/07/2026 13:52:18 - INFO - utils.trainer -   Loss: 1.02807
08/07/2026 13:52:18 - INFO - utils.trainer -   AUC: 0.60188
08/07/2026 13:52:18 - INFO - utils.trainer -   Accuracy: 0.59649
08/07/2026 13:52:18 - INFO - utils.trainer -   Precision: 0.53061
08/07/2026 13:52:18 - INFO - utils.trainer -   Specificity: 0.64615
08/07/2026 13:52:18 - INFO - utils.trainer -   Sensitivity: 0.53061
08/07/2026 13:52:18 - INFO - utils.trainer -   Epoch: 39, Loss: 0.39179, Val loss: 1.02807, Val Loss: 1.0281, Best val Loss: 0.6717, No improve: 13/25, Time: 15.1s
08/07/2026 13:52:33 - INFO - utils.trainer -   ***** Running evaluation on val dataset *****
08/07/2026 13:52:35 - INFO - utils.trainer -   Loss: 1.04258
08/07/2026 13:52:35 - INFO - utils.trainer -   AUC: 0.58524
08/07/2026 13:52:35 - INFO - utils.trainer -   Accuracy: 0.57018
08/07/2026 13:52:35 - INFO - utils.trainer -   Precision: 0.50000
08/07/2026 13:52:35 - INFO - utils.trainer -   Specificity: 0.58462
08/07/2026 13:52:35 - INFO - utils.trainer -   Sensitivity: 0.55102
08/07/2026 13:52:35 - INFO - utils.trainer -   Epoch: 40, Loss: 0.39567, Val loss: 1.04258, Val Loss: 1.0426, Best val Loss: 0.6717, No improve: 14/25, Time: 15.0s
08/07/2026 13:52:50 - INFO - utils.trainer -   ***** Running evaluation on val dataset *****
08/07/2026 13:52:52 - INFO - utils.trainer -   Loss: 1.07713
08/07/2026 13:52:52 - INFO - utils.trainer -   AUC: 0.59372
08/07/2026 13:52:52 - INFO - utils.trainer -   Accuracy: 0.61404
08/07/2026 13:52:52 - INFO - utils.trainer -   Precision: 0.56757
08/07/2026 13:52:52 - INFO - utils.trainer -   Specificity: 0.75385
08/07/2026 13:52:52 - INFO - utils.trainer -   Sensitivity: 0.42857
08/07/2026 13:52:52 - INFO - utils.trainer -   Epoch: 41, Loss: 0.43935, Val loss: 1.07713, Val Loss: 1.0771, Best val Loss: 0.6717, No improve: 15/25, Time: 15.2s
08/07/2026 13:53:07 - INFO - utils.trainer -   ***** Running evaluation on val dataset *****
08/07/2026 13:53:08 - INFO - utils.trainer -   Loss: 1.16852
08/07/2026 13:53:08 - INFO - utils.trainer -   AUC: 0.60722
08/07/2026 13:53:08 - INFO - utils.trainer -   Accuracy: 0.58772
08/07/2026 13:53:08 - INFO - utils.trainer -   Precision: 0.51471
08/07/2026 13:53:08 - INFO - utils.trainer -   Specificity: 0.49231
08/07/2026 13:53:08 - INFO - utils.trainer -   Sensitivity: 0.71429
08/07/2026 13:53:08 - INFO - utils.trainer -   Epoch: 42, Loss: 0.39027, Val loss: 1.16852, Val Loss: 1.1685, Best val Loss: 0.6717, No improve: 16/25, Time: 15.0s
08/07/2026 13:53:23 - INFO - utils.trainer -   ***** Running evaluation on val dataset *****
08/07/2026 13:53:25 - INFO - utils.trainer -   Loss: 1.07016
08/07/2026 13:53:25 - INFO - utils.trainer -   AUC: 0.60848
08/07/2026 13:53:25 - INFO - utils.trainer -   Accuracy: 0.60526
08/07/2026 13:53:25 - INFO - utils.trainer -   Precision: 0.53571
08/07/2026 13:53:25 - INFO - utils.trainer -   Specificity: 0.60000
08/07/2026 13:53:25 - INFO - utils.trainer -   Sensitivity: 0.61224
08/07/2026 13:53:25 - INFO - utils.trainer -   Epoch: 43, Loss: 0.45804, Val loss: 1.07016, Val Loss: 1.0702, Best val Loss: 0.6717, No improve: 17/25, Time: 15.0s
08/07/2026 13:53:40 - INFO - utils.trainer -   ***** Running evaluation on val dataset *****
08/07/2026 13:53:42 - INFO - utils.trainer -   Loss: 1.13805
08/07/2026 13:53:42 - INFO - utils.trainer -   AUC: 0.61570
08/07/2026 13:53:42 - INFO - utils.trainer -   Accuracy: 0.59649
08/07/2026 13:53:42 - INFO - utils.trainer -   Precision: 0.54545
08/07/2026 13:53:42 - INFO - utils.trainer -   Specificity: 0.76923
08/07/2026 13:53:42 - INFO - utils.trainer -   Sensitivity: 0.36735
08/07/2026 13:53:42 - INFO - utils.trainer -   Epoch: 44, Loss: 0.33105, Val loss: 1.13805, Val Loss: 1.1380, Best val Loss: 0.6717, No improve: 18/25, Time: 15.0s
08/07/2026 13:53:58 - INFO - utils.trainer -   ***** Running evaluation on val dataset *****
08/07/2026 13:53:59 - INFO - utils.trainer -   Loss: 1.25846
08/07/2026 13:53:59 - INFO - utils.trainer -   AUC: 0.61978
08/07/2026 13:53:59 - INFO - utils.trainer -   Accuracy: 0.58772
08/07/2026 13:53:59 - INFO - utils.trainer -   Precision: 0.51562
08/07/2026 13:53:59 - INFO - utils.trainer -   Specificity: 0.52308
08/07/2026 13:53:59 - INFO - utils.trainer -   Sensitivity: 0.67347
08/07/2026 13:53:59 - INFO - utils.trainer -   Epoch: 45, Loss: 0.28134, Val loss: 1.25846, Val Loss: 1.2585, Best val Loss: 0.6717, No improve: 19/25, Time: 15.7s
08/07/2026 13:54:14 - INFO - utils.trainer -   ***** Running evaluation on val dataset *****
08/07/2026 13:54:16 - INFO - utils.trainer -   Loss: 1.16502
08/07/2026 13:54:16 - INFO - utils.trainer -   AUC: 0.60000
08/07/2026 13:54:16 - INFO - utils.trainer -   Accuracy: 0.61404
08/07/2026 13:54:16 - INFO - utils.trainer -   Precision: 0.55102
08/07/2026 13:54:16 - INFO - utils.trainer -   Specificity: 0.66154
08/07/2026 13:54:16 - INFO - utils.trainer -   Sensitivity: 0.55102
08/07/2026 13:54:16 - INFO - utils.trainer -   Epoch: 46, Loss: 0.25409, Val loss: 1.16502, Val Loss: 1.1650, Best val Loss: 0.6717, No improve: 20/25, Time: 15.0s
08/07/2026 13:54:31 - INFO - utils.trainer -   ***** Running evaluation on val dataset *****
08/07/2026 13:54:33 - INFO - utils.trainer -   Loss: 1.23662
08/07/2026 13:54:33 - INFO - utils.trainer -   AUC: 0.61664
08/07/2026 13:54:33 - INFO - utils.trainer -   Accuracy: 0.63158
08/07/2026 13:54:33 - INFO - utils.trainer -   Precision: 0.56364
08/07/2026 13:54:33 - INFO - utils.trainer -   Specificity: 0.63077
08/07/2026 13:54:33 - INFO - utils.trainer -   Sensitivity: 0.63265
08/07/2026 13:54:33 - INFO - utils.trainer -   Epoch: 47, Loss: 0.21942, Val loss: 1.23662, Val Loss: 1.2366, Best val Loss: 0.6717, No improve: 21/25, Time: 15.0s
08/07/2026 13:54:48 - INFO - utils.trainer -   ***** Running evaluation on val dataset *****
08/07/2026 13:54:49 - INFO - utils.trainer -   Loss: 1.38874
08/07/2026 13:54:49 - INFO - utils.trainer -   AUC: 0.61727
08/07/2026 13:54:49 - INFO - utils.trainer -   Accuracy: 0.60526
08/07/2026 13:54:49 - INFO - utils.trainer -   Precision: 0.56667
08/07/2026 13:54:49 - INFO - utils.trainer -   Specificity: 0.80000
08/07/2026 13:54:49 - INFO - utils.trainer -   Sensitivity: 0.34694
08/07/2026 13:54:49 - INFO - utils.trainer -   Epoch: 48, Loss: 0.26570, Val loss: 1.38874, Val Loss: 1.3887, Best val Loss: 0.6717, No improve: 22/25, Time: 15.0s
08/07/2026 13:55:04 - INFO - utils.trainer -   ***** Running evaluation on val dataset *****
08/07/2026 13:55:06 - INFO - utils.trainer -   Loss: 1.34299
08/07/2026 13:55:06 - INFO - utils.trainer -   AUC: 0.58995
08/07/2026 13:55:06 - INFO - utils.trainer -   Accuracy: 0.58772
08/07/2026 13:55:06 - INFO - utils.trainer -   Precision: 0.52500
08/07/2026 13:55:06 - INFO - utils.trainer -   Specificity: 0.70769
08/07/2026 13:55:06 - INFO - utils.trainer -   Sensitivity: 0.42857
08/07/2026 13:55:06 - INFO - utils.trainer -   Epoch: 49, Loss: 0.31518, Val loss: 1.34299, Val Loss: 1.3430, Best val Loss: 0.6717, No improve: 23/25, Time: 15.0s
08/07/2026 13:55:21 - INFO - utils.trainer -   ***** Running evaluation on val dataset *****
08/07/2026 13:55:23 - INFO - utils.trainer -   Loss: 1.25868
08/07/2026 13:55:23 - INFO - utils.trainer -   AUC: 0.62261
08/07/2026 13:55:23 - INFO - utils.trainer -   Accuracy: 0.64035
08/07/2026 13:55:23 - INFO - utils.trainer -   Precision: 0.57692
08/07/2026 13:55:23 - INFO - utils.trainer -   Specificity: 0.66154
08/07/2026 13:55:23 - INFO - utils.trainer -   Sensitivity: 0.61224
08/07/2026 13:55:23 - INFO - utils.trainer -   Model saved to output_dir/TimeLLM_DiseaseDS_train/checkpoint-epoch-50
08/07/2026 13:55:23 - INFO - utils.trainer -   Checkpoint saved at epoch 50
08/07/2026 13:55:23 - INFO - utils.trainer -   Epoch: 50, Loss: 0.19913, Val loss: 1.25868, Val Loss: 1.2587, Best val Loss: 0.6717, No improve: 24/25, Time: 15.0s
08/07/2026 13:55:38 - INFO - utils.trainer -   ***** Running evaluation on val dataset *****
08/07/2026 13:55:40 - INFO - utils.trainer -   Loss: 1.37399
08/07/2026 13:55:40 - INFO - utils.trainer -   AUC: 0.62292
08/07/2026 13:55:40 - INFO - utils.trainer -   Accuracy: 0.58772
08/07/2026 13:55:40 - INFO - utils.trainer -   Precision: 0.51786
08/07/2026 13:55:40 - INFO - utils.trainer -   Specificity: 0.58462
08/07/2026 13:55:40 - INFO - utils.trainer -   Sensitivity: 0.59184
08/07/2026 13:55:40 - INFO - utils.trainer -   Epoch: 51, Loss: 0.13145, Val loss: 1.37399, Val Loss: 1.3740, Best val Loss: 0.6717, No improve: 25/25, Time: 15.0s
08/07/2026 13:55:40 - INFO - utils.trainer -   Early stopping triggered at epoch 51
08/07/2026 13:55:40 - INFO - utils.trainer -   Early stopping triggered at epoch 51
08/07/2026 13:55:40 - INFO - utils.trainer -   Early stopping triggered at epoch 51
08/07/2026 13:55:40 - INFO - utils.trainer -   Early stopping triggered at epoch 51
08/07/2026 13:55:40 - INFO - utils.trainer -   Early stopping triggered at epoch 51
08/07/2026 13:55:40 - INFO - utils.trainer -   Early stopping triggered at epoch 51
08/07/2026 13:55:40 - INFO - utils.trainer -     2 prompt-buffer key(s) skipped (kept target-dataset prompt)
08/07/2026 13:55:40 - INFO - utils.trainer -     582 keys not in checkpoint (kept from init)
08/07/2026 13:55:40 - INFO - utils.trainer -   Model loaded from output_dir/TimeLLM_DiseaseDS_train/TimeLLM-0.bin (21/23 keys)
08/07/2026 13:55:40 - INFO - utils.trainer -   ***** Running evaluation on test dataset *****
08/07/2026 13:55:40 - INFO - utils.trainer -     2 prompt-buffer key(s) skipped (kept target-dataset prompt)
08/07/2026 13:55:40 - INFO - utils.trainer -     582 keys not in checkpoint (kept from init)
08/07/2026 13:55:40 - INFO - utils.trainer -   Model loaded from output_dir/TimeLLM_DiseaseDS_train/TimeLLM-0.bin (21/23 keys)
08/07/2026 13:55:40 - INFO - utils.trainer -     2 prompt-buffer key(s) skipped (kept target-dataset prompt)
08/07/2026 13:55:40 - INFO - utils.trainer -     582 keys not in checkpoint (kept from init)
08/07/2026 13:55:40 - INFO - utils.trainer -   Model loaded from output_dir/TimeLLM_DiseaseDS_train/TimeLLM-0.bin (21/23 keys)
08/07/2026 13:55:40 - INFO - utils.trainer -     2 prompt-buffer key(s) skipped (kept target-dataset prompt)
08/07/2026 13:55:40 - INFO - utils.trainer -     2 prompt-buffer key(s) skipped (kept target-dataset prompt)
08/07/2026 13:55:40 - INFO - utils.trainer -     2 prompt-buffer key(s) skipped (kept target-dataset prompt)
08/07/2026 13:55:40 - INFO - utils.trainer -     582 keys not in checkpoint (kept from init)
08/07/2026 13:55:40 - INFO - utils.trainer -     582 keys not in checkpoint (kept from init)
08/07/2026 13:55:40 - INFO - utils.trainer -     582 keys not in checkpoint (kept from init)
08/07/2026 13:55:40 - INFO - utils.trainer -   Model loaded from output_dir/TimeLLM_DiseaseDS_train/TimeLLM-0.bin (21/23 keys)
08/07/2026 13:55:40 - INFO - utils.trainer -   Model loaded from output_dir/TimeLLM_DiseaseDS_train/TimeLLM-0.bin (21/23 keys)
08/07/2026 13:55:40 - INFO - utils.trainer -   Model loaded from output_dir/TimeLLM_DiseaseDS_train/TimeLLM-0.bin (21/23 keys)
08/07/2026 13:55:42 - INFO - utils.trainer -   Loss: 0.71737
08/07/2026 13:55:42 - INFO - utils.trainer -   AUC: 0.53656
08/07/2026 13:55:42 - INFO - utils.trainer -   Accuracy: 0.51515
08/07/2026 13:55:42 - INFO - utils.trainer -   Precision: 0.62069
08/07/2026 13:55:42 - INFO - utils.trainer -   Specificity: 0.59259
08/07/2026 13:55:42 - INFO - utils.trainer -   Sensitivity: 0.46154
08/07/2026 13:55:42 - INFO - utils.trainer -   === Best epoch test result ===
08/07/2026 13:55:42 - INFO - utils.trainer -     Loss: 0.71737
08/07/2026 13:55:42 - INFO - utils.trainer -     AUC: 0.53656
08/07/2026 13:55:42 - INFO - utils.trainer -     Accuracy: 0.51515
08/07/2026 13:55:42 - INFO - utils.trainer -     Precision: 0.62069
08/07/2026 13:55:42 - INFO - utils.trainer -     Specificity: 0.59259
08/07/2026 13:55:42 - INFO - utils.trainer -     Sensitivity: 0.46154
08/07/2026 13:55:43 - INFO - utils.trainer -   Model saved to output_dir/TimeLLM_DiseaseDS_train/final-epoch-200
08/07/2026 13:55:43 - INFO - utils.trainer -   Final model saved at epoch 200
