07/29/2026 15:23:46 - INFO - __main__ -   ########## Repeat:0 ##########
07/29/2026 15:23:46 - INFO - utils.trainer -   ***** Running training *****
07/29/2026 15:23:46 - INFO - utils.trainer -     Num examples = 192
07/29/2026 15:23:46 - INFO - utils.trainer -     Num Epochs = 200
07/29/2026 15:23:46 - INFO - utils.trainer -     Total train batch size = 3
07/29/2026 15:23:46 - INFO - utils.trainer -     warmup steps = 400
07/29/2026 15:23:46 - INFO - utils.trainer -     Total optimization steps = 38400
07/29/2026 15:23:46 - INFO - utils.trainer -     Save steps = 25
07/29/2026 15:25:02 - INFO - utils.trainer -   ***** Running evaluation on val dataset *****
07/29/2026 15:25:13 - INFO - utils.trainer -   Loss: 0.68571
07/29/2026 15:25:13 - INFO - utils.trainer -   AUC: 0.57145
07/29/2026 15:25:13 - INFO - utils.trainer -   Accuracy: 0.53472
07/29/2026 15:25:13 - INFO - utils.trainer -   Precision: 0.53556
07/29/2026 15:25:13 - INFO - utils.trainer -   Specificity: 0.01121
07/29/2026 15:25:13 - INFO - utils.trainer -   Sensitivity: 0.98865
07/29/2026 15:25:13 - INFO - utils.trainer -   Model saved to output_dir/TimeLLM
07/29/2026 15:25:13 - INFO - utils.trainer -   Best model saved (val_AUC=0.5714)
07/29/2026 15:25:13 - INFO - utils.trainer -   Epoch: 1, Loss: 0.82999, Val loss: 0.68571, Val AUC: 0.5714, Best val AUC: 0.5714, No improve: 0/10, Time: 76.2s
07/29/2026 15:26:29 - INFO - utils.trainer -   ***** Running evaluation on val dataset *****
07/29/2026 15:26:40 - INFO - utils.trainer -   Loss: 0.74092
07/29/2026 15:26:40 - INFO - utils.trainer -   AUC: 0.64512
07/29/2026 15:26:40 - INFO - utils.trainer -   Accuracy: 0.46441
07/29/2026 15:26:40 - INFO - utils.trainer -   Precision: 0.00000
07/29/2026 15:26:40 - INFO - utils.trainer -   Specificity: 1.00000
07/29/2026 15:26:40 - INFO - utils.trainer -   Sensitivity: 0.00000
07/29/2026 15:26:41 - INFO - utils.trainer -   Model saved to output_dir/TimeLLM
07/29/2026 15:26:41 - INFO - utils.trainer -   Best model saved (val_AUC=0.6451)
07/29/2026 15:26:41 - INFO - utils.trainer -   Epoch: 2, Loss: 0.71181, Val loss: 0.74092, Val AUC: 0.6451, Best val AUC: 0.6451, No improve: 0/10, Time: 75.8s
07/29/2026 15:27:56 - INFO - utils.trainer -   ***** Running evaluation on val dataset *****
07/29/2026 15:28:07 - INFO - utils.trainer -   Loss: 0.73544
07/29/2026 15:28:07 - INFO - utils.trainer -   AUC: 0.64588
07/29/2026 15:28:07 - INFO - utils.trainer -   Accuracy: 0.53559
07/29/2026 15:28:07 - INFO - utils.trainer -   Precision: 0.53559
07/29/2026 15:28:07 - INFO - utils.trainer -   Specificity: 0.00000
07/29/2026 15:28:07 - INFO - utils.trainer -   Sensitivity: 1.00000
07/29/2026 15:28:07 - INFO - utils.trainer -   Epoch: 3, Loss: 0.71900, Val loss: 0.73544, Val AUC: 0.6459, Best val AUC: 0.6451, No improve: 1/10, Time: 75.7s
07/29/2026 15:29:23 - INFO - utils.trainer -   ***** Running evaluation on val dataset *****
07/29/2026 15:29:34 - INFO - utils.trainer -   Loss: 0.71498
07/29/2026 15:29:34 - INFO - utils.trainer -   AUC: 0.62433
07/29/2026 15:29:34 - INFO - utils.trainer -   Accuracy: 0.46441
07/29/2026 15:29:34 - INFO - utils.trainer -   Precision: 0.00000
07/29/2026 15:29:34 - INFO - utils.trainer -   Specificity: 1.00000
07/29/2026 15:29:34 - INFO - utils.trainer -   Sensitivity: 0.00000
07/29/2026 15:29:34 - INFO - utils.trainer -   Epoch: 4, Loss: 0.71228, Val loss: 0.71498, Val AUC: 0.6243, Best val AUC: 0.6451, No improve: 2/10, Time: 75.9s
07/29/2026 15:30:50 - INFO - utils.trainer -   ***** Running evaluation on val dataset *****
07/29/2026 15:31:02 - INFO - utils.trainer -   Loss: 0.65835
07/29/2026 15:31:02 - INFO - utils.trainer -   AUC: 0.65505
07/29/2026 15:31:02 - INFO - utils.trainer -   Accuracy: 0.62240
07/29/2026 15:31:02 - INFO - utils.trainer -   Precision: 0.67500
07/29/2026 15:31:02 - INFO - utils.trainer -   Specificity: 0.68411
07/29/2026 15:31:02 - INFO - utils.trainer -   Sensitivity: 0.56888
07/29/2026 15:31:02 - INFO - utils.trainer -   Model saved to output_dir/TimeLLM
07/29/2026 15:31:02 - INFO - utils.trainer -   Best model saved (val_AUC=0.6550)
07/29/2026 15:31:02 - INFO - utils.trainer -   Epoch: 5, Loss: 0.68476, Val loss: 0.65835, Val AUC: 0.6550, Best val AUC: 0.6550, No improve: 0/10, Time: 75.8s
07/29/2026 15:32:18 - INFO - utils.trainer -   ***** Running evaluation on val dataset *****
07/29/2026 15:32:29 - INFO - utils.trainer -   Loss: 0.84237
07/29/2026 15:32:29 - INFO - utils.trainer -   AUC: 0.66651
07/29/2026 15:32:29 - INFO - utils.trainer -   Accuracy: 0.53559
07/29/2026 15:32:29 - INFO - utils.trainer -   Precision: 0.53559
07/29/2026 15:32:29 - INFO - utils.trainer -   Specificity: 0.00000
07/29/2026 15:32:29 - INFO - utils.trainer -   Sensitivity: 1.00000
07/29/2026 15:32:30 - INFO - utils.trainer -   Model saved to output_dir/TimeLLM
07/29/2026 15:32:30 - INFO - utils.trainer -   Best model saved (val_AUC=0.6665)
07/29/2026 15:32:30 - INFO - utils.trainer -   Epoch: 6, Loss: 0.64311, Val loss: 0.84237, Val AUC: 0.6665, Best val AUC: 0.6665, No improve: 0/10, Time: 75.8s
07/29/2026 15:33:46 - INFO - utils.trainer -   ***** Running evaluation on val dataset *****
07/29/2026 15:33:57 - INFO - utils.trainer -   Loss: 0.64608
07/29/2026 15:33:57 - INFO - utils.trainer -   AUC: 0.68164
07/29/2026 15:33:57 - INFO - utils.trainer -   Accuracy: 0.59115
07/29/2026 15:33:57 - INFO - utils.trainer -   Precision: 0.57833
07/29/2026 15:33:57 - INFO - utils.trainer -   Specificity: 0.26542
07/29/2026 15:33:57 - INFO - utils.trainer -   Sensitivity: 0.87358
07/29/2026 15:33:58 - INFO - utils.trainer -   Model saved to output_dir/TimeLLM
07/29/2026 15:33:58 - INFO - utils.trainer -   Best model saved (val_AUC=0.6816)
07/29/2026 15:33:58 - INFO - utils.trainer -   Epoch: 7, Loss: 0.65169, Val loss: 0.64608, Val AUC: 0.6816, Best val AUC: 0.6816, No improve: 0/10, Time: 76.2s
07/29/2026 15:35:14 - INFO - utils.trainer -   ***** Running evaluation on val dataset *****
07/29/2026 15:35:25 - INFO - utils.trainer -   Loss: 0.63961
07/29/2026 15:35:25 - INFO - utils.trainer -   AUC: 0.69082
07/29/2026 15:35:25 - INFO - utils.trainer -   Accuracy: 0.62413
07/29/2026 15:35:25 - INFO - utils.trainer -   Precision: 0.61917
07/29/2026 15:35:25 - INFO - utils.trainer -   Specificity: 0.45047
07/29/2026 15:35:25 - INFO - utils.trainer -   Sensitivity: 0.77472
07/29/2026 15:35:25 - INFO - utils.trainer -   Model saved to output_dir/TimeLLM
07/29/2026 15:35:25 - INFO - utils.trainer -   Best model saved (val_AUC=0.6908)
07/29/2026 15:35:25 - INFO - utils.trainer -   Epoch: 8, Loss: 0.69993, Val loss: 0.63961, Val AUC: 0.6908, Best val AUC: 0.6908, No improve: 0/10, Time: 76.2s
07/29/2026 15:36:41 - INFO - utils.trainer -   ***** Running evaluation on val dataset *****
07/29/2026 15:36:52 - INFO - utils.trainer -   Loss: 0.70117
07/29/2026 15:36:52 - INFO - utils.trainer -   AUC: 0.68991
07/29/2026 15:36:52 - INFO - utils.trainer -   Accuracy: 0.53559
07/29/2026 15:36:52 - INFO - utils.trainer -   Precision: 0.53559
07/29/2026 15:36:52 - INFO - utils.trainer -   Specificity: 0.00000
07/29/2026 15:36:52 - INFO - utils.trainer -   Sensitivity: 1.00000
07/29/2026 15:36:52 - INFO - utils.trainer -   Epoch: 9, Loss: 0.65412, Val loss: 0.70117, Val AUC: 0.6899, Best val AUC: 0.6908, No improve: 1/10, Time: 75.6s
07/29/2026 15:38:08 - INFO - utils.trainer -   ***** Running evaluation on val dataset *****
07/29/2026 15:38:19 - INFO - utils.trainer -   Loss: 0.63921
07/29/2026 15:38:19 - INFO - utils.trainer -   AUC: 0.68068
07/29/2026 15:38:19 - INFO - utils.trainer -   Accuracy: 0.63542
07/29/2026 15:38:19 - INFO - utils.trainer -   Precision: 0.78063
07/29/2026 15:38:19 - INFO - utils.trainer -   Specificity: 0.85607
07/29/2026 15:38:19 - INFO - utils.trainer -   Sensitivity: 0.44408
07/29/2026 15:38:19 - INFO - utils.trainer -   Epoch: 10, Loss: 0.68536, Val loss: 0.63921, Val AUC: 0.6807, Best val AUC: 0.6908, No improve: 2/10, Time: 75.8s
07/29/2026 15:39:35 - INFO - utils.trainer -   ***** Running evaluation on val dataset *****
07/29/2026 15:39:46 - INFO - utils.trainer -   Loss: 0.68074
07/29/2026 15:39:46 - INFO - utils.trainer -   AUC: 0.68902
07/29/2026 15:39:46 - INFO - utils.trainer -   Accuracy: 0.61458
07/29/2026 15:39:46 - INFO - utils.trainer -   Precision: 0.80139
07/29/2026 15:39:46 - INFO - utils.trainer -   Specificity: 0.89346
07/29/2026 15:39:46 - INFO - utils.trainer -   Sensitivity: 0.37277
07/29/2026 15:39:46 - INFO - utils.trainer -   Epoch: 11, Loss: 0.65336, Val loss: 0.68074, Val AUC: 0.6890, Best val AUC: 0.6908, No improve: 3/10, Time: 76.0s
07/29/2026 15:41:02 - INFO - utils.trainer -   ***** Running evaluation on val dataset *****
07/29/2026 15:41:13 - INFO - utils.trainer -   Loss: 0.63570
07/29/2026 15:41:13 - INFO - utils.trainer -   AUC: 0.68508
07/29/2026 15:41:13 - INFO - utils.trainer -   Accuracy: 0.63542
07/29/2026 15:41:13 - INFO - utils.trainer -   Precision: 0.78063
07/29/2026 15:41:13 - INFO - utils.trainer -   Specificity: 0.85607
07/29/2026 15:41:13 - INFO - utils.trainer -   Sensitivity: 0.44408
07/29/2026 15:41:13 - INFO - utils.trainer -   Epoch: 12, Loss: 0.63909, Val loss: 0.63570, Val AUC: 0.6851, Best val AUC: 0.6908, No improve: 4/10, Time: 75.7s
07/29/2026 15:42:28 - INFO - utils.trainer -   ***** Running evaluation on val dataset *****
07/29/2026 15:42:39 - INFO - utils.trainer -   Loss: 0.64747
07/29/2026 15:42:39 - INFO - utils.trainer -   AUC: 0.67299
07/29/2026 15:42:39 - INFO - utils.trainer -   Accuracy: 0.57118
07/29/2026 15:42:39 - INFO - utils.trainer -   Precision: 0.56012
07/29/2026 15:42:39 - INFO - utils.trainer -   Specificity: 0.15888
07/29/2026 15:42:39 - INFO - utils.trainer -   Sensitivity: 0.92869
07/29/2026 15:42:39 - INFO - utils.trainer -   Epoch: 13, Loss: 0.66074, Val loss: 0.64747, Val AUC: 0.6730, Best val AUC: 0.6908, No improve: 5/10, Time: 75.5s
07/29/2026 15:43:55 - INFO - utils.trainer -   ***** Running evaluation on val dataset *****
07/29/2026 15:44:06 - INFO - utils.trainer -   Loss: 0.70014
07/29/2026 15:44:06 - INFO - utils.trainer -   AUC: 0.67854
07/29/2026 15:44:06 - INFO - utils.trainer -   Accuracy: 0.53559
07/29/2026 15:44:06 - INFO - utils.trainer -   Precision: 0.53559
07/29/2026 15:44:06 - INFO - utils.trainer -   Specificity: 0.00000
07/29/2026 15:44:06 - INFO - utils.trainer -   Sensitivity: 1.00000
07/29/2026 15:44:06 - INFO - utils.trainer -   Epoch: 14, Loss: 0.65603, Val loss: 0.70014, Val AUC: 0.6785, Best val AUC: 0.6908, No improve: 6/10, Time: 75.9s
07/29/2026 15:45:22 - INFO - utils.trainer -   ***** Running evaluation on val dataset *****
07/29/2026 15:45:33 - INFO - utils.trainer -   Loss: 0.68307
07/29/2026 15:45:33 - INFO - utils.trainer -   AUC: 0.67246
07/29/2026 15:45:33 - INFO - utils.trainer -   Accuracy: 0.54340
07/29/2026 15:45:33 - INFO - utils.trainer -   Precision: 0.54059
07/29/2026 15:45:33 - INFO - utils.trainer -   Specificity: 0.03738
07/29/2026 15:45:33 - INFO - utils.trainer -   Sensitivity: 0.98217
07/29/2026 15:45:33 - INFO - utils.trainer -   Epoch: 15, Loss: 0.64707, Val loss: 0.68307, Val AUC: 0.6725, Best val AUC: 0.6908, No improve: 7/10, Time: 75.8s
07/29/2026 15:46:49 - INFO - utils.trainer -   ***** Running evaluation on val dataset *****
07/29/2026 15:47:00 - INFO - utils.trainer -   Loss: 0.66288
07/29/2026 15:47:00 - INFO - utils.trainer -   AUC: 0.67126
07/29/2026 15:47:00 - INFO - utils.trainer -   Accuracy: 0.56076
07/29/2026 15:47:00 - INFO - utils.trainer -   Precision: 0.55261
07/29/2026 15:47:00 - INFO - utils.trainer -   Specificity: 0.11776
07/29/2026 15:47:00 - INFO - utils.trainer -   Sensitivity: 0.94489
07/29/2026 15:47:00 - INFO - utils.trainer -   Epoch: 16, Loss: 0.63467, Val loss: 0.66288, Val AUC: 0.6713, Best val AUC: 0.6908, No improve: 8/10, Time: 75.6s
07/29/2026 15:48:15 - INFO - utils.trainer -   ***** Running evaluation on val dataset *****
07/29/2026 15:48:26 - INFO - utils.trainer -   Loss: 0.65157
07/29/2026 15:48:26 - INFO - utils.trainer -   AUC: 0.66927
07/29/2026 15:48:26 - INFO - utils.trainer -   Accuracy: 0.63542
07/29/2026 15:48:26 - INFO - utils.trainer -   Precision: 0.79939
07/29/2026 15:48:26 - INFO - utils.trainer -   Specificity: 0.87664
07/29/2026 15:48:26 - INFO - utils.trainer -   Sensitivity: 0.42626
07/29/2026 15:48:26 - INFO - utils.trainer -   Epoch: 17, Loss: 0.63320, Val loss: 0.65157, Val AUC: 0.6693, Best val AUC: 0.6908, No improve: 9/10, Time: 75.7s
07/29/2026 15:49:43 - INFO - utils.trainer -   ***** Running evaluation on val dataset *****
07/29/2026 15:49:54 - INFO - utils.trainer -   Loss: 0.65575
07/29/2026 15:49:54 - INFO - utils.trainer -   AUC: 0.66839
07/29/2026 15:49:54 - INFO - utils.trainer -   Accuracy: 0.63628
07/29/2026 15:49:54 - INFO - utils.trainer -   Precision: 0.79290
07/29/2026 15:49:54 - INFO - utils.trainer -   Specificity: 0.86916
07/29/2026 15:49:54 - INFO - utils.trainer -   Sensitivity: 0.43436
07/29/2026 15:49:54 - INFO - utils.trainer -   Epoch: 18, Loss: 0.60953, Val loss: 0.65575, Val AUC: 0.6684, Best val AUC: 0.6908, No improve: 10/10, Time: 76.6s
07/29/2026 15:49:54 - INFO - utils.trainer -   Early stopping triggered at epoch 18
07/29/2026 15:49:54 - INFO - utils.trainer -   Early stopping triggered at epoch 18
07/29/2026 15:49:54 - INFO - utils.trainer -   Early stopping triggered at epoch 18
07/29/2026 15:49:54 - INFO - utils.trainer -   Early stopping triggered at epoch 18
07/29/2026 15:49:54 - INFO - utils.trainer -   Early stopping triggered at epoch 18
07/29/2026 15:49:54 - INFO - utils.trainer -   Early stopping triggered at epoch 18
07/29/2026 15:49:54 - INFO - utils.trainer -     582 keys not in checkpoint (kept from init)
07/29/2026 15:49:54 - INFO - utils.trainer -   Model loaded from output_dir/TimeLLM/TimeLLM-0.bin (26/26 keys)
07/29/2026 15:49:54 - INFO - utils.trainer -   ***** Running evaluation on test dataset *****
07/29/2026 15:49:54 - INFO - utils.trainer -     582 keys not in checkpoint (kept from init)
07/29/2026 15:49:54 - INFO - utils.trainer -   Model loaded from output_dir/TimeLLM/TimeLLM-0.bin (26/26 keys)
07/29/2026 15:49:54 - INFO - utils.trainer -     582 keys not in checkpoint (kept from init)
07/29/2026 15:49:54 - INFO - utils.trainer -   Model loaded from output_dir/TimeLLM/TimeLLM-0.bin (26/26 keys)
07/29/2026 15:49:54 - INFO - utils.trainer -     582 keys not in checkpoint (kept from init)
07/29/2026 15:49:54 - INFO - utils.trainer -   Model loaded from output_dir/TimeLLM/TimeLLM-0.bin (26/26 keys)
07/29/2026 15:49:54 - INFO - utils.trainer -     582 keys not in checkpoint (kept from init)
07/29/2026 15:49:54 - INFO - utils.trainer -   Model loaded from output_dir/TimeLLM/TimeLLM-0.bin (26/26 keys)
07/29/2026 15:49:54 - INFO - utils.trainer -     582 keys not in checkpoint (kept from init)
07/29/2026 15:49:54 - INFO - utils.trainer -   Model loaded from output_dir/TimeLLM/TimeLLM-0.bin (26/26 keys)
07/29/2026 15:50:05 - INFO - utils.trainer -   Loss: 0.62927
07/29/2026 15:50:05 - INFO - utils.trainer -   AUC: 0.66023
07/29/2026 15:50:05 - INFO - utils.trainer -   Accuracy: 0.60088
07/29/2026 15:50:05 - INFO - utils.trainer -   Precision: 0.62918
07/29/2026 15:50:05 - INFO - utils.trainer -   Specificity: 0.43699
07/29/2026 15:50:05 - INFO - utils.trainer -   Sensitivity: 0.72531
07/29/2026 15:50:05 - INFO - utils.trainer -   === Best epoch test result ===
07/29/2026 15:50:05 - INFO - utils.trainer -     Loss: 0.62927
07/29/2026 15:50:05 - INFO - utils.trainer -     AUC: 0.66023
07/29/2026 15:50:05 - INFO - utils.trainer -     Accuracy: 0.60088
07/29/2026 15:50:05 - INFO - utils.trainer -     Precision: 0.62918
07/29/2026 15:50:05 - INFO - utils.trainer -     Specificity: 0.43699
07/29/2026 15:50:05 - INFO - utils.trainer -     Sensitivity: 0.72531
07/29/2026 15:50:06 - INFO - utils.trainer -   Model saved to output_dir/TimeLLM/final-epoch-200
07/29/2026 15:50:06 - INFO - utils.trainer -   Final model saved at epoch 200
