08/13/2026 20:40:37 - INFO - __main__ -   ########## Repeat:0 ##########
08/13/2026 20:40:37 - INFO - utils.trainer -   ***** Running training *****
08/13/2026 20:40:37 - INFO - utils.trainer -     Num examples = 311
08/13/2026 20:40:37 - INFO - utils.trainer -     Num Epochs = 200
08/13/2026 20:40:37 - INFO - utils.trainer -     Total train batch size = 4
08/13/2026 20:40:37 - INFO - utils.trainer -     warmup steps = 400
08/13/2026 20:40:37 - INFO - utils.trainer -     Total optimization steps = 62200
08/13/2026 20:40:37 - INFO - utils.trainer -     Save steps = 25
08/13/2026 20:42:17 - INFO - utils.trainer -   ***** Running evaluation on val dataset *****
08/13/2026 20:42:27 - INFO - utils.trainer -   Loss: 1.39669
08/13/2026 20:42:27 - INFO - utils.trainer -   AUC: 0.52037
08/13/2026 20:42:27 - INFO - utils.trainer -   Accuracy: 0.48479
08/13/2026 20:42:27 - INFO - utils.trainer -   Precision: 0.00000
08/13/2026 20:42:27 - INFO - utils.trainer -   Specificity: 1.00000
08/13/2026 20:42:27 - INFO - utils.trainer -   Sensitivity: 0.00000
08/13/2026 20:42:27 - INFO - utils.trainer -   Model saved to output_dir/TimeLLM_DisCAUEEGTUAB_train
08/13/2026 20:42:27 - INFO - utils.trainer -   Best model saved (val_AUC=0.5204)
08/13/2026 20:42:27 - INFO - utils.trainer -   Epoch: 1, Loss: 1.46744, Val loss: 1.39669, Val AUC: 0.5204, Best val AUC: 0.5204, No improve: 0/10, Time: 100.1s
08/13/2026 20:44:07 - INFO - utils.trainer -   ***** Running evaluation on val dataset *****
08/13/2026 20:44:17 - INFO - utils.trainer -   Loss: 1.36013
08/13/2026 20:44:17 - INFO - utils.trainer -   AUC: 0.63149
08/13/2026 20:44:17 - INFO - utils.trainer -   Accuracy: 0.60837
08/13/2026 20:44:17 - INFO - utils.trainer -   Precision: 0.62022
08/13/2026 20:44:17 - INFO - utils.trainer -   Specificity: 0.59739
08/13/2026 20:44:17 - INFO - utils.trainer -   Sensitivity: 0.61870
08/13/2026 20:44:18 - INFO - utils.trainer -   Model saved to output_dir/TimeLLM_DisCAUEEGTUAB_train
08/13/2026 20:44:18 - INFO - utils.trainer -   Best model saved (val_AUC=0.6315)
08/13/2026 20:44:18 - INFO - utils.trainer -   Epoch: 2, Loss: 1.40487, Val loss: 1.36013, Val AUC: 0.6315, Best val AUC: 0.6315, No improve: 0/10, Time: 99.4s
08/13/2026 20:45:57 - INFO - utils.trainer -   ***** Running evaluation on val dataset *****
08/13/2026 20:46:07 - INFO - utils.trainer -   Loss: 1.39840
08/13/2026 20:46:07 - INFO - utils.trainer -   AUC: 0.69892
08/13/2026 20:46:07 - INFO - utils.trainer -   Accuracy: 0.62041
08/13/2026 20:46:07 - INFO - utils.trainer -   Precision: 0.77157
08/13/2026 20:46:07 - INFO - utils.trainer -   Specificity: 0.88235
08/13/2026 20:46:07 - INFO - utils.trainer -   Sensitivity: 0.37392
08/13/2026 20:46:08 - INFO - utils.trainer -   Model saved to output_dir/TimeLLM_DisCAUEEGTUAB_train
08/13/2026 20:46:08 - INFO - utils.trainer -   Best model saved (val_AUC=0.6989)
08/13/2026 20:46:08 - INFO - utils.trainer -   Epoch: 3, Loss: 1.35573, Val loss: 1.39840, Val AUC: 0.6989, Best val AUC: 0.6989, No improve: 0/10, Time: 99.2s
08/13/2026 20:47:47 - INFO - utils.trainer -   ***** Running evaluation on val dataset *****
08/13/2026 20:47:57 - INFO - utils.trainer -   Loss: 1.37114
08/13/2026 20:47:57 - INFO - utils.trainer -   AUC: 0.73201
08/13/2026 20:47:57 - INFO - utils.trainer -   Accuracy: 0.63118
08/13/2026 20:47:57 - INFO - utils.trainer -   Precision: 0.76798
08/13/2026 20:47:57 - INFO - utils.trainer -   Specificity: 0.86928
08/13/2026 20:47:57 - INFO - utils.trainer -   Sensitivity: 0.40713
08/13/2026 20:47:58 - INFO - utils.trainer -   Model saved to output_dir/TimeLLM_DisCAUEEGTUAB_train
08/13/2026 20:47:58 - INFO - utils.trainer -   Best model saved (val_AUC=0.7320)
08/13/2026 20:47:58 - INFO - utils.trainer -   Epoch: 4, Loss: 1.29025, Val loss: 1.37114, Val AUC: 0.7320, Best val AUC: 0.7320, No improve: 0/10, Time: 99.3s
08/13/2026 20:49:38 - INFO - utils.trainer -   ***** Running evaluation on val dataset *****
08/13/2026 20:49:48 - INFO - utils.trainer -   Loss: 1.30643
08/13/2026 20:49:48 - INFO - utils.trainer -   AUC: 0.72783
08/13/2026 20:49:48 - INFO - utils.trainer -   Accuracy: 0.66413
08/13/2026 20:49:48 - INFO - utils.trainer -   Precision: 0.67621
08/13/2026 20:49:48 - INFO - utils.trainer -   Specificity: 0.66013
08/13/2026 20:49:48 - INFO - utils.trainer -   Sensitivity: 0.66790
08/13/2026 20:49:48 - INFO - utils.trainer -   Epoch: 5, Loss: 1.26726, Val loss: 1.30643, Val AUC: 0.7278, Best val AUC: 0.7320, No improve: 1/10, Time: 99.5s
08/13/2026 20:51:27 - INFO - utils.trainer -   ***** Running evaluation on val dataset *****
08/13/2026 20:51:37 - INFO - utils.trainer -   Loss: 1.29986
08/13/2026 20:51:37 - INFO - utils.trainer -   AUC: 0.74159
08/13/2026 20:51:37 - INFO - utils.trainer -   Accuracy: 0.66730
08/13/2026 20:51:37 - INFO - utils.trainer -   Precision: 0.72713
08/13/2026 20:51:37 - INFO - utils.trainer -   Specificity: 0.77386
08/13/2026 20:51:37 - INFO - utils.trainer -   Sensitivity: 0.56704
08/13/2026 20:51:38 - INFO - utils.trainer -   Model saved to output_dir/TimeLLM_DisCAUEEGTUAB_train
08/13/2026 20:51:38 - INFO - utils.trainer -   Best model saved (val_AUC=0.7416)
08/13/2026 20:51:38 - INFO - utils.trainer -   Epoch: 6, Loss: 1.28879, Val loss: 1.29986, Val AUC: 0.7416, Best val AUC: 0.7416, No improve: 0/10, Time: 99.6s
08/13/2026 20:53:18 - INFO - utils.trainer -   ***** Running evaluation on val dataset *****
08/13/2026 20:53:27 - INFO - utils.trainer -   Loss: 1.32414
08/13/2026 20:53:27 - INFO - utils.trainer -   AUC: 0.74283
08/13/2026 20:53:27 - INFO - utils.trainer -   Accuracy: 0.66730
08/13/2026 20:53:27 - INFO - utils.trainer -   Precision: 0.73684
08/13/2026 20:53:27 - INFO - utils.trainer -   Specificity: 0.79085
08/13/2026 20:53:27 - INFO - utils.trainer -   Sensitivity: 0.55105
08/13/2026 20:53:28 - INFO - utils.trainer -   Model saved to output_dir/TimeLLM_DisCAUEEGTUAB_train
08/13/2026 20:53:28 - INFO - utils.trainer -   Best model saved (val_AUC=0.7428)
08/13/2026 20:53:28 - INFO - utils.trainer -   Epoch: 7, Loss: 1.22289, Val loss: 1.32414, Val AUC: 0.7428, Best val AUC: 0.7428, No improve: 0/10, Time: 99.5s
08/13/2026 20:55:08 - INFO - utils.trainer -   ***** Running evaluation on val dataset *****
08/13/2026 20:55:18 - INFO - utils.trainer -   Loss: 1.32023
08/13/2026 20:55:18 - INFO - utils.trainer -   AUC: 0.75303
08/13/2026 20:55:18 - INFO - utils.trainer -   Accuracy: 0.66793
08/13/2026 20:55:18 - INFO - utils.trainer -   Precision: 0.77111
08/13/2026 20:55:18 - INFO - utils.trainer -   Specificity: 0.84052
08/13/2026 20:55:18 - INFO - utils.trainer -   Sensitivity: 0.50554
08/13/2026 20:55:19 - INFO - utils.trainer -   Model saved to output_dir/TimeLLM_DisCAUEEGTUAB_train
08/13/2026 20:55:19 - INFO - utils.trainer -   Best model saved (val_AUC=0.7530)
08/13/2026 20:55:19 - INFO - utils.trainer -   Epoch: 8, Loss: 1.21506, Val loss: 1.32023, Val AUC: 0.7530, Best val AUC: 0.7530, No improve: 0/10, Time: 100.0s
08/13/2026 20:56:59 - INFO - utils.trainer -   ***** Running evaluation on val dataset *****
08/13/2026 20:57:09 - INFO - utils.trainer -   Loss: 1.41328
08/13/2026 20:57:09 - INFO - utils.trainer -   AUC: 0.74722
08/13/2026 20:57:09 - INFO - utils.trainer -   Accuracy: 0.63942
08/13/2026 20:57:09 - INFO - utils.trainer -   Precision: 0.80808
08/13/2026 20:57:09 - INFO - utils.trainer -   Specificity: 0.90065
08/13/2026 20:57:09 - INFO - utils.trainer -   Sensitivity: 0.39360
08/13/2026 20:57:09 - INFO - utils.trainer -   Epoch: 9, Loss: 1.20184, Val loss: 1.41328, Val AUC: 0.7472, Best val AUC: 0.7530, No improve: 1/10, Time: 99.6s
08/13/2026 20:58:48 - INFO - utils.trainer -   ***** Running evaluation on val dataset *****
08/13/2026 20:58:58 - INFO - utils.trainer -   Loss: 1.35005
08/13/2026 20:58:58 - INFO - utils.trainer -   AUC: 0.71096
08/13/2026 20:58:58 - INFO - utils.trainer -   Accuracy: 0.63942
08/13/2026 20:58:58 - INFO - utils.trainer -   Precision: 0.63801
08/13/2026 20:58:58 - INFO - utils.trainer -   Specificity: 0.58170
08/13/2026 20:58:58 - INFO - utils.trainer -   Sensitivity: 0.69373
08/13/2026 20:58:58 - INFO - utils.trainer -   Epoch: 10, Loss: 1.19190, Val loss: 1.35005, Val AUC: 0.7110, Best val AUC: 0.7530, No improve: 2/10, Time: 99.3s
08/13/2026 21:00:38 - INFO - utils.trainer -   ***** Running evaluation on val dataset *****
08/13/2026 21:00:47 - INFO - utils.trainer -   Loss: 1.30044
08/13/2026 21:00:47 - INFO - utils.trainer -   AUC: 0.75269
08/13/2026 21:00:47 - INFO - utils.trainer -   Accuracy: 0.67554
08/13/2026 21:00:47 - INFO - utils.trainer -   Precision: 0.72564
08/13/2026 21:00:47 - INFO - utils.trainer -   Specificity: 0.76078
08/13/2026 21:00:47 - INFO - utils.trainer -   Sensitivity: 0.59533
08/13/2026 21:00:47 - INFO - utils.trainer -   Epoch: 11, Loss: 1.18754, Val loss: 1.30044, Val AUC: 0.7527, Best val AUC: 0.7530, No improve: 3/10, Time: 99.4s
08/13/2026 21:02:26 - INFO - utils.trainer -   ***** Running evaluation on val dataset *****
08/13/2026 21:02:36 - INFO - utils.trainer -   Loss: 1.34152
08/13/2026 21:02:36 - INFO - utils.trainer -   AUC: 0.74871
08/13/2026 21:02:36 - INFO - utils.trainer -   Accuracy: 0.67807
08/13/2026 21:02:36 - INFO - utils.trainer -   Precision: 0.73643
08/13/2026 21:02:36 - INFO - utils.trainer -   Specificity: 0.77778
08/13/2026 21:02:36 - INFO - utils.trainer -   Sensitivity: 0.58426
08/13/2026 21:02:36 - INFO - utils.trainer -   Epoch: 12, Loss: 1.19193, Val loss: 1.34152, Val AUC: 0.7487, Best val AUC: 0.7530, No improve: 4/10, Time: 99.3s
08/13/2026 21:04:16 - INFO - utils.trainer -   ***** Running evaluation on val dataset *****
08/13/2026 21:04:25 - INFO - utils.trainer -   Loss: 1.38368
08/13/2026 21:04:25 - INFO - utils.trainer -   AUC: 0.72993
08/13/2026 21:04:25 - INFO - utils.trainer -   Accuracy: 0.65906
08/13/2026 21:04:25 - INFO - utils.trainer -   Precision: 0.64833
08/13/2026 21:04:25 - INFO - utils.trainer -   Specificity: 0.57386
08/13/2026 21:04:25 - INFO - utils.trainer -   Sensitivity: 0.73924
08/13/2026 21:04:25 - INFO - utils.trainer -   Epoch: 13, Loss: 1.14888, Val loss: 1.38368, Val AUC: 0.7299, Best val AUC: 0.7530, No improve: 5/10, Time: 99.5s
08/13/2026 21:06:05 - INFO - utils.trainer -   ***** Running evaluation on val dataset *****
08/13/2026 21:06:15 - INFO - utils.trainer -   Loss: 1.33322
08/13/2026 21:06:15 - INFO - utils.trainer -   AUC: 0.74938
08/13/2026 21:06:15 - INFO - utils.trainer -   Accuracy: 0.67047
08/13/2026 21:06:15 - INFO - utils.trainer -   Precision: 0.67715
08/13/2026 21:06:15 - INFO - utils.trainer -   Specificity: 0.65098
08/13/2026 21:06:15 - INFO - utils.trainer -   Sensitivity: 0.68881
08/13/2026 21:06:15 - INFO - utils.trainer -   Epoch: 14, Loss: 1.15114, Val loss: 1.33322, Val AUC: 0.7494, Best val AUC: 0.7530, No improve: 6/10, Time: 99.5s
08/13/2026 21:07:54 - INFO - utils.trainer -   ***** Running evaluation on val dataset *****
08/13/2026 21:08:04 - INFO - utils.trainer -   Loss: 1.33088
08/13/2026 21:08:04 - INFO - utils.trainer -   AUC: 0.76824
08/13/2026 21:08:04 - INFO - utils.trainer -   Accuracy: 0.68631
08/13/2026 21:08:04 - INFO - utils.trainer -   Precision: 0.75000
08/13/2026 21:08:04 - INFO - utils.trainer -   Specificity: 0.79216
08/13/2026 21:08:04 - INFO - utils.trainer -   Sensitivity: 0.58672
08/13/2026 21:08:05 - INFO - utils.trainer -   Model saved to output_dir/TimeLLM_DisCAUEEGTUAB_train
08/13/2026 21:08:05 - INFO - utils.trainer -   Best model saved (val_AUC=0.7682)
08/13/2026 21:08:05 - INFO - utils.trainer -   Epoch: 15, Loss: 1.14949, Val loss: 1.33088, Val AUC: 0.7682, Best val AUC: 0.7682, No improve: 0/10, Time: 99.5s
08/13/2026 21:09:44 - INFO - utils.trainer -   ***** Running evaluation on val dataset *****
08/13/2026 21:09:54 - INFO - utils.trainer -   Loss: 1.37771
08/13/2026 21:09:54 - INFO - utils.trainer -   AUC: 0.74973
08/13/2026 21:09:54 - INFO - utils.trainer -   Accuracy: 0.67554
08/13/2026 21:09:54 - INFO - utils.trainer -   Precision: 0.66853
08/13/2026 21:09:54 - INFO - utils.trainer -   Specificity: 0.61307
08/13/2026 21:09:54 - INFO - utils.trainer -   Sensitivity: 0.73432
08/13/2026 21:09:54 - INFO - utils.trainer -   Epoch: 16, Loss: 1.09558, Val loss: 1.37771, Val AUC: 0.7497, Best val AUC: 0.7682, No improve: 1/10, Time: 99.4s
08/13/2026 21:11:34 - INFO - utils.trainer -   ***** Running evaluation on val dataset *****
08/13/2026 21:11:43 - INFO - utils.trainer -   Loss: 1.39286
08/13/2026 21:11:43 - INFO - utils.trainer -   AUC: 0.74918
08/13/2026 21:11:43 - INFO - utils.trainer -   Accuracy: 0.67681
08/13/2026 21:11:43 - INFO - utils.trainer -   Precision: 0.70390
08/13/2026 21:11:43 - INFO - utils.trainer -   Specificity: 0.71242
08/13/2026 21:11:43 - INFO - utils.trainer -   Sensitivity: 0.64330
08/13/2026 21:11:43 - INFO - utils.trainer -   Epoch: 17, Loss: 1.08987, Val loss: 1.39286, Val AUC: 0.7492, Best val AUC: 0.7682, No improve: 2/10, Time: 99.3s
08/13/2026 21:13:23 - INFO - utils.trainer -   ***** Running evaluation on val dataset *****
08/13/2026 21:13:33 - INFO - utils.trainer -   Loss: 1.42829
08/13/2026 21:13:33 - INFO - utils.trainer -   AUC: 0.74251
08/13/2026 21:13:33 - INFO - utils.trainer -   Accuracy: 0.67174
08/13/2026 21:13:33 - INFO - utils.trainer -   Precision: 0.68010
08/13/2026 21:13:33 - INFO - utils.trainer -   Specificity: 0.65752
08/13/2026 21:13:33 - INFO - utils.trainer -   Sensitivity: 0.68512
08/13/2026 21:13:33 - INFO - utils.trainer -   Epoch: 18, Loss: 1.09499, Val loss: 1.42829, Val AUC: 0.7425, Best val AUC: 0.7682, No improve: 3/10, Time: 99.4s
08/13/2026 21:15:12 - INFO - utils.trainer -   ***** Running evaluation on val dataset *****
08/13/2026 21:15:22 - INFO - utils.trainer -   Loss: 1.37963
08/13/2026 21:15:22 - INFO - utils.trainer -   AUC: 0.74371
08/13/2026 21:15:22 - INFO - utils.trainer -   Accuracy: 0.67807
08/13/2026 21:15:22 - INFO - utils.trainer -   Precision: 0.69377
08/13/2026 21:15:22 - INFO - utils.trainer -   Specificity: 0.68497
08/13/2026 21:15:22 - INFO - utils.trainer -   Sensitivity: 0.67159
08/13/2026 21:15:22 - INFO - utils.trainer -   Epoch: 19, Loss: 1.04128, Val loss: 1.37963, Val AUC: 0.7437, Best val AUC: 0.7682, No improve: 4/10, Time: 99.5s
08/13/2026 21:17:02 - INFO - utils.trainer -   ***** Running evaluation on val dataset *****
08/13/2026 21:17:12 - INFO - utils.trainer -   Loss: 1.46002
08/13/2026 21:17:12 - INFO - utils.trainer -   AUC: 0.73375
08/13/2026 21:17:12 - INFO - utils.trainer -   Accuracy: 0.66350
08/13/2026 21:17:12 - INFO - utils.trainer -   Precision: 0.69368
08/13/2026 21:17:12 - INFO - utils.trainer -   Specificity: 0.70850
08/13/2026 21:17:12 - INFO - utils.trainer -   Sensitivity: 0.62116
08/13/2026 21:17:12 - INFO - utils.trainer -   Epoch: 20, Loss: 1.04925, Val loss: 1.46002, Val AUC: 0.7337, Best val AUC: 0.7682, No improve: 5/10, Time: 99.8s
08/13/2026 21:18:52 - INFO - utils.trainer -   ***** Running evaluation on val dataset *****
08/13/2026 21:19:02 - INFO - utils.trainer -   Loss: 1.50744
08/13/2026 21:19:02 - INFO - utils.trainer -   AUC: 0.73393
08/13/2026 21:19:02 - INFO - utils.trainer -   Accuracy: 0.67490
08/13/2026 21:19:02 - INFO - utils.trainer -   Precision: 0.70718
08/13/2026 21:19:02 - INFO - utils.trainer -   Specificity: 0.72288
08/13/2026 21:19:02 - INFO - utils.trainer -   Sensitivity: 0.62977
08/13/2026 21:19:02 - INFO - utils.trainer -   Epoch: 21, Loss: 1.04005, Val loss: 1.50744, Val AUC: 0.7339, Best val AUC: 0.7682, No improve: 6/10, Time: 100.1s
08/13/2026 21:20:42 - INFO - utils.trainer -   ***** Running evaluation on val dataset *****
08/13/2026 21:20:52 - INFO - utils.trainer -   Loss: 1.50279
08/13/2026 21:20:52 - INFO - utils.trainer -   AUC: 0.73660
08/13/2026 21:20:52 - INFO - utils.trainer -   Accuracy: 0.65970
08/13/2026 21:20:52 - INFO - utils.trainer -   Precision: 0.65333
08/13/2026 21:20:52 - INFO - utils.trainer -   Specificity: 0.59216
08/13/2026 21:20:52 - INFO - utils.trainer -   Sensitivity: 0.72325
08/13/2026 21:20:52 - INFO - utils.trainer -   Epoch: 22, Loss: 1.01085, Val loss: 1.50279, Val AUC: 0.7366, Best val AUC: 0.7682, No improve: 7/10, Time: 99.9s
08/13/2026 21:22:33 - INFO - utils.trainer -   ***** Running evaluation on val dataset *****
08/13/2026 21:22:43 - INFO - utils.trainer -   Loss: 1.56915
08/13/2026 21:22:43 - INFO - utils.trainer -   AUC: 0.72222
08/13/2026 21:22:43 - INFO - utils.trainer -   Accuracy: 0.65843
08/13/2026 21:22:43 - INFO - utils.trainer -   Precision: 0.69134
08/13/2026 21:22:43 - INFO - utils.trainer -   Specificity: 0.71111
08/13/2026 21:22:43 - INFO - utils.trainer -   Sensitivity: 0.60886
08/13/2026 21:22:43 - INFO - utils.trainer -   Epoch: 23, Loss: 0.98371, Val loss: 1.56915, Val AUC: 0.7222, Best val AUC: 0.7682, No improve: 8/10, Time: 100.9s
08/13/2026 21:24:22 - INFO - utils.trainer -   ***** Running evaluation on val dataset *****
08/13/2026 21:24:32 - INFO - utils.trainer -   Loss: 1.63717
08/13/2026 21:24:32 - INFO - utils.trainer -   AUC: 0.72780
08/13/2026 21:24:32 - INFO - utils.trainer -   Accuracy: 0.66033
08/13/2026 21:24:32 - INFO - utils.trainer -   Precision: 0.73675
08/13/2026 21:24:32 - INFO - utils.trainer -   Specificity: 0.79869
08/13/2026 21:24:32 - INFO - utils.trainer -   Sensitivity: 0.53014
08/13/2026 21:24:32 - INFO - utils.trainer -   Epoch: 24, Loss: 0.98804, Val loss: 1.63717, Val AUC: 0.7278, Best val AUC: 0.7682, No improve: 9/10, Time: 99.7s
08/13/2026 21:26:12 - INFO - utils.trainer -   ***** Running evaluation on val dataset *****
08/13/2026 21:26:22 - INFO - utils.trainer -   Loss: 1.57462
08/13/2026 21:26:22 - INFO - utils.trainer -   AUC: 0.73070
08/13/2026 21:26:22 - INFO - utils.trainer -   Accuracy: 0.66033
08/13/2026 21:26:22 - INFO - utils.trainer -   Precision: 0.66911
08/13/2026 21:26:22 - INFO - utils.trainer -   Specificity: 0.64575
08/13/2026 21:26:22 - INFO - utils.trainer -   Sensitivity: 0.67405
08/13/2026 21:26:23 - INFO - utils.trainer -   Model saved to output_dir/TimeLLM_DisCAUEEGTUAB_train/checkpoint-epoch-25
08/13/2026 21:26:23 - INFO - utils.trainer -   Checkpoint saved at epoch 25
08/13/2026 21:26:23 - INFO - utils.trainer -   Epoch: 25, Loss: 0.93848, Val loss: 1.57462, Val AUC: 0.7307, Best val AUC: 0.7682, No improve: 10/10, Time: 99.8s
08/13/2026 21:26:23 - INFO - utils.trainer -   Early stopping triggered at epoch 25
08/13/2026 21:26:23 - INFO - utils.trainer -   Early stopping triggered at epoch 25
08/13/2026 21:26:23 - INFO - utils.trainer -   Early stopping triggered at epoch 25
08/13/2026 21:26:23 - INFO - utils.trainer -   Early stopping triggered at epoch 25
08/13/2026 21:26:23 - INFO - utils.trainer -   Early stopping triggered at epoch 25
08/13/2026 21:26:23 - INFO - utils.trainer -   Early stopping triggered at epoch 25
08/13/2026 21:26:23 - INFO - utils.trainer -     2 prompt-buffer key(s) skipped (kept target-dataset prompt)
08/13/2026 21:26:23 - INFO - utils.trainer -     582 keys not in checkpoint (kept from init)
08/13/2026 21:26:23 - INFO - utils.trainer -   Model loaded from output_dir/TimeLLM_DisCAUEEGTUAB_train/TimeLLM-0.bin (25/27 keys)
08/13/2026 21:26:23 - INFO - utils.trainer -   ***** Running evaluation on test dataset *****
08/13/2026 21:26:23 - INFO - utils.trainer -     2 prompt-buffer key(s) skipped (kept target-dataset prompt)
08/13/2026 21:26:23 - INFO - utils.trainer -     582 keys not in checkpoint (kept from init)
08/13/2026 21:26:23 - INFO - utils.trainer -   Model loaded from output_dir/TimeLLM_DisCAUEEGTUAB_train/TimeLLM-0.bin (25/27 keys)
08/13/2026 21:26:23 - INFO - utils.trainer -     2 prompt-buffer key(s) skipped (kept target-dataset prompt)
08/13/2026 21:26:23 - INFO - utils.trainer -     582 keys not in checkpoint (kept from init)
08/13/2026 21:26:23 - INFO - utils.trainer -   Model loaded from output_dir/TimeLLM_DisCAUEEGTUAB_train/TimeLLM-0.bin (25/27 keys)
08/13/2026 21:26:23 - INFO - utils.trainer -     2 prompt-buffer key(s) skipped (kept target-dataset prompt)
08/13/2026 21:26:23 - INFO - utils.trainer -     2 prompt-buffer key(s) skipped (kept target-dataset prompt)
08/13/2026 21:26:23 - INFO - utils.trainer -     582 keys not in checkpoint (kept from init)
08/13/2026 21:26:23 - INFO - utils.trainer -     582 keys not in checkpoint (kept from init)
08/13/2026 21:26:23 - INFO - utils.trainer -   Model loaded from output_dir/TimeLLM_DisCAUEEGTUAB_train/TimeLLM-0.bin (25/27 keys)
08/13/2026 21:26:23 - INFO - utils.trainer -   Model loaded from output_dir/TimeLLM_DisCAUEEGTUAB_train/TimeLLM-0.bin (25/27 keys)
08/13/2026 21:26:23 - INFO - utils.trainer -     2 prompt-buffer key(s) skipped (kept target-dataset prompt)
08/13/2026 21:26:23 - INFO - utils.trainer -     582 keys not in checkpoint (kept from init)
08/13/2026 21:26:23 - INFO - utils.trainer -   Model loaded from output_dir/TimeLLM_DisCAUEEGTUAB_train/TimeLLM-0.bin (25/27 keys)
08/13/2026 21:26:34 - INFO - utils.trainer -   Loss: 1.31929
08/13/2026 21:26:34 - INFO - utils.trainer -   AUC: 0.75994
08/13/2026 21:26:34 - INFO - utils.trainer -   Accuracy: 0.69485
08/13/2026 21:26:34 - INFO - utils.trainer -   Precision: 0.71449
08/13/2026 21:26:34 - INFO - utils.trainer -   Specificity: 0.76492
08/13/2026 21:26:34 - INFO - utils.trainer -   Sensitivity: 0.62091
08/13/2026 21:26:34 - INFO - utils.trainer -   === Best epoch test result ===
08/13/2026 21:26:34 - INFO - utils.trainer -     Loss: 1.31929
08/13/2026 21:26:34 - INFO - utils.trainer -     AUC: 0.75994
08/13/2026 21:26:34 - INFO - utils.trainer -     Accuracy: 0.69485
08/13/2026 21:26:34 - INFO - utils.trainer -     Precision: 0.71449
08/13/2026 21:26:34 - INFO - utils.trainer -     Specificity: 0.76492
08/13/2026 21:26:34 - INFO - utils.trainer -     Sensitivity: 0.62091
08/13/2026 21:26:34 - INFO - utils.trainer -   Model saved to output_dir/TimeLLM_DisCAUEEGTUAB_train/final-epoch-200
08/13/2026 21:26:34 - INFO - utils.trainer -   Final model saved at epoch 200
