08/12/2026 16:26:56 - INFO - __main__ -   ########## Repeat:0 ##########
08/12/2026 16:26:56 - INFO - utils.trainer -   ***** Running training *****
08/12/2026 16:26:56 - INFO - utils.trainer -     Num examples = 296
08/12/2026 16:26:56 - INFO - utils.trainer -     Num Epochs = 200
08/12/2026 16:26:56 - INFO - utils.trainer -     Total train batch size = 2
08/12/2026 16:26:56 - INFO - utils.trainer -     warmup steps = 400
08/12/2026 16:26:56 - INFO - utils.trainer -     Total optimization steps = 59200
08/12/2026 16:26:56 - INFO - utils.trainer -     Save steps = 25
08/12/2026 16:28:21 - INFO - utils.trainer -   ***** Running evaluation on val dataset *****
08/12/2026 16:28:28 - INFO - utils.trainer -   Loss: 0.99423
08/12/2026 16:28:28 - INFO - utils.trainer -   AUC: 0.64061
08/12/2026 16:28:28 - INFO - utils.trainer -   Accuracy: 0.60887
08/12/2026 16:28:28 - INFO - utils.trainer -   Precision: 0.63861
08/12/2026 16:28:28 - INFO - utils.trainer -   Specificity: 0.57185
08/12/2026 16:28:28 - INFO - utils.trainer -   Sensitivity: 0.64020
08/12/2026 16:28:29 - INFO - utils.trainer -   Model saved to output_dir/TimeLLM_DiseaseCAUEEG_train
08/12/2026 16:28:29 - INFO - utils.trainer -   Best model saved (val_AUC=0.6406)
08/12/2026 16:28:29 - INFO - utils.trainer -   Epoch: 1, Loss: 1.85162, Val loss: 0.99423, Val AUC: 0.6406, Best val AUC: 0.6406, No improve: 0/10, Time: 85.4s
08/12/2026 16:29:54 - INFO - utils.trainer -   ***** Running evaluation on val dataset *****
08/12/2026 16:30:01 - INFO - utils.trainer -   Loss: 0.93287
08/12/2026 16:30:01 - INFO - utils.trainer -   AUC: 0.66223
08/12/2026 16:30:01 - INFO - utils.trainer -   Accuracy: 0.57392
08/12/2026 16:30:01 - INFO - utils.trainer -   Precision: 0.69369
08/12/2026 16:30:01 - INFO - utils.trainer -   Specificity: 0.80059
08/12/2026 16:30:01 - INFO - utils.trainer -   Sensitivity: 0.38213
08/12/2026 16:30:02 - INFO - utils.trainer -   Model saved to output_dir/TimeLLM_DiseaseCAUEEG_train
08/12/2026 16:30:02 - INFO - utils.trainer -   Best model saved (val_AUC=0.6622)
08/12/2026 16:30:02 - INFO - utils.trainer -   Epoch: 2, Loss: 1.00945, Val loss: 0.93287, Val AUC: 0.6622, Best val AUC: 0.6622, No improve: 0/10, Time: 84.7s
08/12/2026 16:31:27 - INFO - utils.trainer -   ***** Running evaluation on val dataset *****
08/12/2026 16:31:34 - INFO - utils.trainer -   Loss: 0.87653
08/12/2026 16:31:34 - INFO - utils.trainer -   AUC: 0.69021
08/12/2026 16:31:34 - INFO - utils.trainer -   Accuracy: 0.62500
08/12/2026 16:31:34 - INFO - utils.trainer -   Precision: 0.59873
08/12/2026 16:31:34 - INFO - utils.trainer -   Specificity: 0.26100
08/12/2026 16:31:34 - INFO - utils.trainer -   Sensitivity: 0.93300
08/12/2026 16:31:35 - INFO - utils.trainer -   Model saved to output_dir/TimeLLM_DiseaseCAUEEG_train
08/12/2026 16:31:35 - INFO - utils.trainer -   Best model saved (val_AUC=0.6902)
08/12/2026 16:31:35 - INFO - utils.trainer -   Epoch: 3, Loss: 0.76990, Val loss: 0.87653, Val AUC: 0.6902, Best val AUC: 0.6902, No improve: 0/10, Time: 84.8s
08/12/2026 16:33:00 - INFO - utils.trainer -   ***** Running evaluation on val dataset *****
08/12/2026 16:33:07 - INFO - utils.trainer -   Loss: 0.83336
08/12/2026 16:33:07 - INFO - utils.trainer -   AUC: 0.73909
08/12/2026 16:33:07 - INFO - utils.trainer -   Accuracy: 0.61559
08/12/2026 16:33:07 - INFO - utils.trainer -   Precision: 0.76959
08/12/2026 16:33:07 - INFO - utils.trainer -   Specificity: 0.85337
08/12/2026 16:33:07 - INFO - utils.trainer -   Sensitivity: 0.41439
08/12/2026 16:33:08 - INFO - utils.trainer -   Model saved to output_dir/TimeLLM_DiseaseCAUEEG_train
08/12/2026 16:33:08 - INFO - utils.trainer -   Best model saved (val_AUC=0.7391)
08/12/2026 16:33:08 - INFO - utils.trainer -   Epoch: 4, Loss: 0.65503, Val loss: 0.83336, Val AUC: 0.7391, Best val AUC: 0.7391, No improve: 0/10, Time: 84.8s
08/12/2026 16:34:33 - INFO - utils.trainer -   ***** Running evaluation on val dataset *****
08/12/2026 16:34:40 - INFO - utils.trainer -   Loss: 0.81175
08/12/2026 16:34:40 - INFO - utils.trainer -   AUC: 0.73539
08/12/2026 16:34:40 - INFO - utils.trainer -   Accuracy: 0.66263
08/12/2026 16:34:40 - INFO - utils.trainer -   Precision: 0.74516
08/12/2026 16:34:40 - INFO - utils.trainer -   Specificity: 0.76833
08/12/2026 16:34:40 - INFO - utils.trainer -   Sensitivity: 0.57320
08/12/2026 16:34:40 - INFO - utils.trainer -   Epoch: 5, Loss: 0.60083, Val loss: 0.81175, Val AUC: 0.7354, Best val AUC: 0.7391, No improve: 1/10, Time: 84.8s
08/12/2026 16:36:05 - INFO - utils.trainer -   ***** Running evaluation on val dataset *****
08/12/2026 16:36:12 - INFO - utils.trainer -   Loss: 0.81833
08/12/2026 16:36:12 - INFO - utils.trainer -   AUC: 0.74830
08/12/2026 16:36:12 - INFO - utils.trainer -   Accuracy: 0.68817
08/12/2026 16:36:12 - INFO - utils.trainer -   Precision: 0.75676
08/12/2026 16:36:12 - INFO - utils.trainer -   Specificity: 0.76246
08/12/2026 16:36:12 - INFO - utils.trainer -   Sensitivity: 0.62531
08/12/2026 16:36:13 - INFO - utils.trainer -   Model saved to output_dir/TimeLLM_DiseaseCAUEEG_train
08/12/2026 16:36:13 - INFO - utils.trainer -   Best model saved (val_AUC=0.7483)
08/12/2026 16:36:13 - INFO - utils.trainer -   Epoch: 6, Loss: 0.55958, Val loss: 0.81833, Val AUC: 0.7483, Best val AUC: 0.7483, No improve: 0/10, Time: 84.8s
08/12/2026 16:37:38 - INFO - utils.trainer -   ***** Running evaluation on val dataset *****
08/12/2026 16:37:45 - INFO - utils.trainer -   Loss: 0.75172
08/12/2026 16:37:45 - INFO - utils.trainer -   AUC: 0.72793
08/12/2026 16:37:45 - INFO - utils.trainer -   Accuracy: 0.65457
08/12/2026 16:37:45 - INFO - utils.trainer -   Precision: 0.68342
08/12/2026 16:37:45 - INFO - utils.trainer -   Specificity: 0.63050
08/12/2026 16:37:45 - INFO - utils.trainer -   Sensitivity: 0.67494
08/12/2026 16:37:45 - INFO - utils.trainer -   Epoch: 7, Loss: 0.53327, Val loss: 0.75172, Val AUC: 0.7279, Best val AUC: 0.7483, No improve: 1/10, Time: 84.9s
08/12/2026 16:39:10 - INFO - utils.trainer -   ***** Running evaluation on val dataset *****
08/12/2026 16:39:17 - INFO - utils.trainer -   Loss: 0.95115
08/12/2026 16:39:17 - INFO - utils.trainer -   AUC: 0.73894
08/12/2026 16:39:17 - INFO - utils.trainer -   Accuracy: 0.63038
08/12/2026 16:39:17 - INFO - utils.trainer -   Precision: 0.76230
08/12/2026 16:39:17 - INFO - utils.trainer -   Specificity: 0.82991
08/12/2026 16:39:17 - INFO - utils.trainer -   Sensitivity: 0.46154
08/12/2026 16:39:17 - INFO - utils.trainer -   Epoch: 8, Loss: 0.45317, Val loss: 0.95115, Val AUC: 0.7389, Best val AUC: 0.7483, No improve: 2/10, Time: 84.9s
08/12/2026 16:40:42 - INFO - utils.trainer -   ***** Running evaluation on val dataset *****
08/12/2026 16:40:49 - INFO - utils.trainer -   Loss: 0.82365
08/12/2026 16:40:49 - INFO - utils.trainer -   AUC: 0.73210
08/12/2026 16:40:49 - INFO - utils.trainer -   Accuracy: 0.66935
08/12/2026 16:40:49 - INFO - utils.trainer -   Precision: 0.68735
08/12/2026 16:40:49 - INFO - utils.trainer -   Specificity: 0.61584
08/12/2026 16:40:49 - INFO - utils.trainer -   Sensitivity: 0.71464
08/12/2026 16:40:49 - INFO - utils.trainer -   Epoch: 9, Loss: 0.43814, Val loss: 0.82365, Val AUC: 0.7321, Best val AUC: 0.7483, No improve: 3/10, Time: 84.8s
08/12/2026 16:42:14 - INFO - utils.trainer -   ***** Running evaluation on val dataset *****
08/12/2026 16:42:21 - INFO - utils.trainer -   Loss: 0.84585
08/12/2026 16:42:21 - INFO - utils.trainer -   AUC: 0.73679
08/12/2026 16:42:21 - INFO - utils.trainer -   Accuracy: 0.67876
08/12/2026 16:42:21 - INFO - utils.trainer -   Precision: 0.72778
08/12/2026 16:42:21 - INFO - utils.trainer -   Specificity: 0.71261
08/12/2026 16:42:21 - INFO - utils.trainer -   Sensitivity: 0.65012
08/12/2026 16:42:21 - INFO - utils.trainer -   Epoch: 10, Loss: 0.38455, Val loss: 0.84585, Val AUC: 0.7368, Best val AUC: 0.7483, No improve: 4/10, Time: 84.9s
08/12/2026 16:43:46 - INFO - utils.trainer -   ***** Running evaluation on val dataset *****
08/12/2026 16:43:53 - INFO - utils.trainer -   Loss: 0.82285
08/12/2026 16:43:53 - INFO - utils.trainer -   AUC: 0.74661
08/12/2026 16:43:53 - INFO - utils.trainer -   Accuracy: 0.68280
08/12/2026 16:43:53 - INFO - utils.trainer -   Precision: 0.68764
08/12/2026 16:43:53 - INFO - utils.trainer -   Specificity: 0.59238
08/12/2026 16:43:53 - INFO - utils.trainer -   Sensitivity: 0.75931
08/12/2026 16:43:53 - INFO - utils.trainer -   Epoch: 11, Loss: 0.39426, Val loss: 0.82285, Val AUC: 0.7466, Best val AUC: 0.7483, No improve: 5/10, Time: 85.0s
08/12/2026 16:45:18 - INFO - utils.trainer -   ***** Running evaluation on val dataset *****
08/12/2026 16:45:25 - INFO - utils.trainer -   Loss: 0.97474
08/12/2026 16:45:25 - INFO - utils.trainer -   AUC: 0.73281
08/12/2026 16:45:25 - INFO - utils.trainer -   Accuracy: 0.66801
08/12/2026 16:45:25 - INFO - utils.trainer -   Precision: 0.66667
08/12/2026 16:45:25 - INFO - utils.trainer -   Specificity: 0.54252
08/12/2026 16:45:25 - INFO - utils.trainer -   Sensitivity: 0.77419
08/12/2026 16:45:25 - INFO - utils.trainer -   Epoch: 12, Loss: 0.34168, Val loss: 0.97474, Val AUC: 0.7328, Best val AUC: 0.7483, No improve: 6/10, Time: 84.8s
08/12/2026 16:46:50 - INFO - utils.trainer -   ***** Running evaluation on val dataset *****
08/12/2026 16:46:57 - INFO - utils.trainer -   Loss: 1.03135
08/12/2026 16:46:57 - INFO - utils.trainer -   AUC: 0.71920
08/12/2026 16:46:57 - INFO - utils.trainer -   Accuracy: 0.66263
08/12/2026 16:46:57 - INFO - utils.trainer -   Precision: 0.74359
08/12/2026 16:46:57 - INFO - utils.trainer -   Specificity: 0.76540
08/12/2026 16:46:57 - INFO - utils.trainer -   Sensitivity: 0.57568
08/12/2026 16:46:57 - INFO - utils.trainer -   Epoch: 13, Loss: 0.29076, Val loss: 1.03135, Val AUC: 0.7192, Best val AUC: 0.7483, No improve: 7/10, Time: 84.9s
08/12/2026 16:48:22 - INFO - utils.trainer -   ***** Running evaluation on val dataset *****
08/12/2026 16:48:29 - INFO - utils.trainer -   Loss: 1.02958
08/12/2026 16:48:29 - INFO - utils.trainer -   AUC: 0.75180
08/12/2026 16:48:29 - INFO - utils.trainer -   Accuracy: 0.68683
08/12/2026 16:48:29 - INFO - utils.trainer -   Precision: 0.73611
08/12/2026 16:48:29 - INFO - utils.trainer -   Specificity: 0.72141
08/12/2026 16:48:29 - INFO - utils.trainer -   Sensitivity: 0.65757
08/12/2026 16:48:30 - INFO - utils.trainer -   Model saved to output_dir/TimeLLM_DiseaseCAUEEG_train
08/12/2026 16:48:30 - INFO - utils.trainer -   Best model saved (val_AUC=0.7518)
08/12/2026 16:48:30 - INFO - utils.trainer -   Epoch: 14, Loss: 0.29058, Val loss: 1.02958, Val AUC: 0.7518, Best val AUC: 0.7518, No improve: 0/10, Time: 84.7s
08/12/2026 16:49:55 - INFO - utils.trainer -   ***** Running evaluation on val dataset *****
08/12/2026 16:50:02 - INFO - utils.trainer -   Loss: 1.10365
08/12/2026 16:50:02 - INFO - utils.trainer -   AUC: 0.73258
08/12/2026 16:50:02 - INFO - utils.trainer -   Accuracy: 0.67608
08/12/2026 16:50:02 - INFO - utils.trainer -   Precision: 0.74695
08/12/2026 16:50:02 - INFO - utils.trainer -   Specificity: 0.75660
08/12/2026 16:50:02 - INFO - utils.trainer -   Sensitivity: 0.60794
08/12/2026 16:50:02 - INFO - utils.trainer -   Epoch: 15, Loss: 0.30094, Val loss: 1.10365, Val AUC: 0.7326, Best val AUC: 0.7518, No improve: 1/10, Time: 84.9s
08/12/2026 16:51:26 - INFO - utils.trainer -   ***** Running evaluation on val dataset *****
08/12/2026 16:51:34 - INFO - utils.trainer -   Loss: 1.17904
08/12/2026 16:51:34 - INFO - utils.trainer -   AUC: 0.72169
08/12/2026 16:51:34 - INFO - utils.trainer -   Accuracy: 0.65054
08/12/2026 16:51:34 - INFO - utils.trainer -   Precision: 0.68286
08/12/2026 16:51:34 - INFO - utils.trainer -   Specificity: 0.63636
08/12/2026 16:51:34 - INFO - utils.trainer -   Sensitivity: 0.66253
08/12/2026 16:51:34 - INFO - utils.trainer -   Epoch: 16, Loss: 0.24644, Val loss: 1.17904, Val AUC: 0.7217, Best val AUC: 0.7518, No improve: 2/10, Time: 84.8s
08/12/2026 16:52:58 - INFO - utils.trainer -   ***** Running evaluation on val dataset *****
08/12/2026 16:53:06 - INFO - utils.trainer -   Loss: 1.15000
08/12/2026 16:53:06 - INFO - utils.trainer -   AUC: 0.74278
08/12/2026 16:53:06 - INFO - utils.trainer -   Accuracy: 0.68011
08/12/2026 16:53:06 - INFO - utils.trainer -   Precision: 0.71318
08/12/2026 16:53:06 - INFO - utils.trainer -   Specificity: 0.67449
08/12/2026 16:53:06 - INFO - utils.trainer -   Sensitivity: 0.68486
08/12/2026 16:53:06 - INFO - utils.trainer -   Epoch: 17, Loss: 0.24281, Val loss: 1.15000, Val AUC: 0.7428, Best val AUC: 0.7518, No improve: 3/10, Time: 84.8s
08/12/2026 16:54:30 - INFO - utils.trainer -   ***** Running evaluation on val dataset *****
08/12/2026 16:54:38 - INFO - utils.trainer -   Loss: 1.17757
08/12/2026 16:54:38 - INFO - utils.trainer -   AUC: 0.74565
08/12/2026 16:54:38 - INFO - utils.trainer -   Accuracy: 0.67070
08/12/2026 16:54:38 - INFO - utils.trainer -   Precision: 0.67873
08/12/2026 16:54:38 - INFO - utils.trainer -   Specificity: 0.58358
08/12/2026 16:54:38 - INFO - utils.trainer -   Sensitivity: 0.74442
08/12/2026 16:54:38 - INFO - utils.trainer -   Epoch: 18, Loss: 0.25969, Val loss: 1.17757, Val AUC: 0.7456, Best val AUC: 0.7518, No improve: 4/10, Time: 84.8s
08/12/2026 16:56:02 - INFO - utils.trainer -   ***** Running evaluation on val dataset *****
08/12/2026 16:56:09 - INFO - utils.trainer -   Loss: 1.25299
08/12/2026 16:56:09 - INFO - utils.trainer -   AUC: 0.73892
08/12/2026 16:56:09 - INFO - utils.trainer -   Accuracy: 0.67204
08/12/2026 16:56:09 - INFO - utils.trainer -   Precision: 0.72145
08/12/2026 16:56:09 - INFO - utils.trainer -   Specificity: 0.70674
08/12/2026 16:56:09 - INFO - utils.trainer -   Sensitivity: 0.64268
08/12/2026 16:56:09 - INFO - utils.trainer -   Epoch: 19, Loss: 0.19741, Val loss: 1.25299, Val AUC: 0.7389, Best val AUC: 0.7518, No improve: 5/10, Time: 84.8s
08/12/2026 16:57:34 - INFO - utils.trainer -   ***** Running evaluation on val dataset *****
08/12/2026 16:57:41 - INFO - utils.trainer -   Loss: 1.27566
08/12/2026 16:57:41 - INFO - utils.trainer -   AUC: 0.71952
08/12/2026 16:57:41 - INFO - utils.trainer -   Accuracy: 0.66801
08/12/2026 16:57:41 - INFO - utils.trainer -   Precision: 0.69307
08/12/2026 16:57:41 - INFO - utils.trainer -   Specificity: 0.63636
08/12/2026 16:57:41 - INFO - utils.trainer -   Sensitivity: 0.69479
08/12/2026 16:57:41 - INFO - utils.trainer -   Epoch: 20, Loss: 0.20169, Val loss: 1.27566, Val AUC: 0.7195, Best val AUC: 0.7518, No improve: 6/10, Time: 84.9s
08/12/2026 16:59:07 - INFO - utils.trainer -   ***** Running evaluation on val dataset *****
08/12/2026 16:59:14 - INFO - utils.trainer -   Loss: 1.41109
08/12/2026 16:59:14 - INFO - utils.trainer -   AUC: 0.73264
08/12/2026 16:59:14 - INFO - utils.trainer -   Accuracy: 0.66532
08/12/2026 16:59:14 - INFO - utils.trainer -   Precision: 0.72781
08/12/2026 16:59:14 - INFO - utils.trainer -   Specificity: 0.73021
08/12/2026 16:59:14 - INFO - utils.trainer -   Sensitivity: 0.61042
08/12/2026 16:59:14 - INFO - utils.trainer -   Epoch: 21, Loss: 0.18217, Val loss: 1.41109, Val AUC: 0.7326, Best val AUC: 0.7518, No improve: 7/10, Time: 85.6s
08/12/2026 17:00:39 - INFO - utils.trainer -   ***** Running evaluation on val dataset *****
08/12/2026 17:00:46 - INFO - utils.trainer -   Loss: 1.32279
08/12/2026 17:00:46 - INFO - utils.trainer -   AUC: 0.74663
08/12/2026 17:00:46 - INFO - utils.trainer -   Accuracy: 0.68011
08/12/2026 17:00:46 - INFO - utils.trainer -   Precision: 0.68879
08/12/2026 17:00:46 - INFO - utils.trainer -   Specificity: 0.60117
08/12/2026 17:00:46 - INFO - utils.trainer -   Sensitivity: 0.74690
08/12/2026 17:00:46 - INFO - utils.trainer -   Epoch: 22, Loss: 0.14982, Val loss: 1.32279, Val AUC: 0.7466, Best val AUC: 0.7518, No improve: 8/10, Time: 84.8s
08/12/2026 17:02:11 - INFO - utils.trainer -   ***** Running evaluation on val dataset *****
08/12/2026 17:02:18 - INFO - utils.trainer -   Loss: 1.48666
08/12/2026 17:02:18 - INFO - utils.trainer -   AUC: 0.73253
08/12/2026 17:02:18 - INFO - utils.trainer -   Accuracy: 0.67204
08/12/2026 17:02:18 - INFO - utils.trainer -   Precision: 0.70543
08/12/2026 17:02:18 - INFO - utils.trainer -   Specificity: 0.66569
08/12/2026 17:02:18 - INFO - utils.trainer -   Sensitivity: 0.67742
08/12/2026 17:02:18 - INFO - utils.trainer -   Epoch: 23, Loss: 0.17009, Val loss: 1.48666, Val AUC: 0.7325, Best val AUC: 0.7518, No improve: 9/10, Time: 84.8s
08/12/2026 17:03:43 - INFO - utils.trainer -   ***** Running evaluation on val dataset *****
08/12/2026 17:03:50 - INFO - utils.trainer -   Loss: 1.44104
08/12/2026 17:03:50 - INFO - utils.trainer -   AUC: 0.76021
08/12/2026 17:03:50 - INFO - utils.trainer -   Accuracy: 0.68011
08/12/2026 17:03:50 - INFO - utils.trainer -   Precision: 0.73913
08/12/2026 17:03:50 - INFO - utils.trainer -   Specificity: 0.73607
08/12/2026 17:03:50 - INFO - utils.trainer -   Sensitivity: 0.63275
08/12/2026 17:03:51 - INFO - utils.trainer -   Model saved to output_dir/TimeLLM_DiseaseCAUEEG_train
08/12/2026 17:03:51 - INFO - utils.trainer -   Best model saved (val_AUC=0.7602)
08/12/2026 17:03:51 - INFO - utils.trainer -   Epoch: 24, Loss: 0.16393, Val loss: 1.44104, Val AUC: 0.7602, Best val AUC: 0.7602, No improve: 0/10, Time: 84.9s
08/12/2026 17:05:15 - INFO - utils.trainer -   ***** Running evaluation on val dataset *****
08/12/2026 17:05:23 - INFO - utils.trainer -   Loss: 1.54472
08/12/2026 17:05:23 - INFO - utils.trainer -   AUC: 0.75518
08/12/2026 17:05:23 - INFO - utils.trainer -   Accuracy: 0.68952
08/12/2026 17:05:23 - INFO - utils.trainer -   Precision: 0.74855
08/12/2026 17:05:23 - INFO - utils.trainer -   Specificity: 0.74487
08/12/2026 17:05:23 - INFO - utils.trainer -   Sensitivity: 0.64268
08/12/2026 17:05:23 - INFO - utils.trainer -   Model saved to output_dir/TimeLLM_DiseaseCAUEEG_train/checkpoint-epoch-25
08/12/2026 17:05:23 - INFO - utils.trainer -   Checkpoint saved at epoch 25
08/12/2026 17:05:23 - INFO - utils.trainer -   Epoch: 25, Loss: 0.14566, Val loss: 1.54472, Val AUC: 0.7552, Best val AUC: 0.7602, No improve: 1/10, Time: 84.9s
08/12/2026 17:06:48 - INFO - utils.trainer -   ***** Running evaluation on val dataset *****
08/12/2026 17:06:55 - INFO - utils.trainer -   Loss: 1.60246
08/12/2026 17:06:55 - INFO - utils.trainer -   AUC: 0.73989
08/12/2026 17:06:55 - INFO - utils.trainer -   Accuracy: 0.66667
08/12/2026 17:06:55 - INFO - utils.trainer -   Precision: 0.71233
08/12/2026 17:06:55 - INFO - utils.trainer -   Specificity: 0.69208
08/12/2026 17:06:55 - INFO - utils.trainer -   Sensitivity: 0.64516
08/12/2026 17:06:55 - INFO - utils.trainer -   Epoch: 26, Loss: 0.19130, Val loss: 1.60246, Val AUC: 0.7399, Best val AUC: 0.7602, No improve: 2/10, Time: 84.9s
08/12/2026 17:08:20 - INFO - utils.trainer -   ***** Running evaluation on val dataset *****
08/12/2026 17:08:27 - INFO - utils.trainer -   Loss: 1.53148
08/12/2026 17:08:27 - INFO - utils.trainer -   AUC: 0.75113
08/12/2026 17:08:27 - INFO - utils.trainer -   Accuracy: 0.67473
08/12/2026 17:08:27 - INFO - utils.trainer -   Precision: 0.72934
08/12/2026 17:08:27 - INFO - utils.trainer -   Specificity: 0.72141
08/12/2026 17:08:27 - INFO - utils.trainer -   Sensitivity: 0.63524
08/12/2026 17:08:27 - INFO - utils.trainer -   Epoch: 27, Loss: 0.13711, Val loss: 1.53148, Val AUC: 0.7511, Best val AUC: 0.7602, No improve: 3/10, Time: 84.8s
08/12/2026 17:09:53 - INFO - utils.trainer -   ***** Running evaluation on val dataset *****
08/12/2026 17:10:00 - INFO - utils.trainer -   Loss: 1.59442
08/12/2026 17:10:00 - INFO - utils.trainer -   AUC: 0.75451
08/12/2026 17:10:00 - INFO - utils.trainer -   Accuracy: 0.68145
08/12/2026 17:10:00 - INFO - utils.trainer -   Precision: 0.68202
08/12/2026 17:10:00 - INFO - utils.trainer -   Specificity: 0.57478
08/12/2026 17:10:00 - INFO - utils.trainer -   Sensitivity: 0.77171
08/12/2026 17:10:00 - INFO - utils.trainer -   Epoch: 28, Loss: 0.10751, Val loss: 1.59442, Val AUC: 0.7545, Best val AUC: 0.7602, No improve: 4/10, Time: 85.3s
08/12/2026 17:11:24 - INFO - utils.trainer -   ***** Running evaluation on val dataset *****
08/12/2026 17:11:32 - INFO - utils.trainer -   Loss: 1.62350
08/12/2026 17:11:32 - INFO - utils.trainer -   AUC: 0.76374
08/12/2026 17:11:32 - INFO - utils.trainer -   Accuracy: 0.69892
08/12/2026 17:11:32 - INFO - utils.trainer -   Precision: 0.71776
08/12/2026 17:11:32 - INFO - utils.trainer -   Specificity: 0.65982
08/12/2026 17:11:32 - INFO - utils.trainer -   Sensitivity: 0.73201
08/12/2026 17:11:33 - INFO - utils.trainer -   Model saved to output_dir/TimeLLM_DiseaseCAUEEG_train
08/12/2026 17:11:33 - INFO - utils.trainer -   Best model saved (val_AUC=0.7637)
08/12/2026 17:11:33 - INFO - utils.trainer -   Epoch: 29, Loss: 0.12751, Val loss: 1.62350, Val AUC: 0.7637, Best val AUC: 0.7637, No improve: 0/10, Time: 84.8s
08/12/2026 17:12:57 - INFO - utils.trainer -   ***** Running evaluation on val dataset *****
08/12/2026 17:13:04 - INFO - utils.trainer -   Loss: 1.73152
08/12/2026 17:13:04 - INFO - utils.trainer -   AUC: 0.73007
08/12/2026 17:13:04 - INFO - utils.trainer -   Accuracy: 0.67742
08/12/2026 17:13:04 - INFO - utils.trainer -   Precision: 0.69639
08/12/2026 17:13:04 - INFO - utils.trainer -   Specificity: 0.63050
08/12/2026 17:13:04 - INFO - utils.trainer -   Sensitivity: 0.71712
08/12/2026 17:13:04 - INFO - utils.trainer -   Epoch: 30, Loss: 0.10838, Val loss: 1.73152, Val AUC: 0.7301, Best val AUC: 0.7637, No improve: 1/10, Time: 84.8s
08/12/2026 17:14:29 - INFO - utils.trainer -   ***** Running evaluation on val dataset *****
08/12/2026 17:14:36 - INFO - utils.trainer -   Loss: 1.60348
08/12/2026 17:14:36 - INFO - utils.trainer -   AUC: 0.75245
08/12/2026 17:14:36 - INFO - utils.trainer -   Accuracy: 0.68145
08/12/2026 17:14:36 - INFO - utils.trainer -   Precision: 0.72802
08/12/2026 17:14:36 - INFO - utils.trainer -   Specificity: 0.70968
08/12/2026 17:14:36 - INFO - utils.trainer -   Sensitivity: 0.65757
08/12/2026 17:14:36 - INFO - utils.trainer -   Epoch: 31, Loss: 0.14071, Val loss: 1.60348, Val AUC: 0.7525, Best val AUC: 0.7637, No improve: 2/10, Time: 84.8s
08/12/2026 17:16:01 - INFO - utils.trainer -   ***** Running evaluation on val dataset *****
08/12/2026 17:16:08 - INFO - utils.trainer -   Loss: 1.67577
08/12/2026 17:16:08 - INFO - utils.trainer -   AUC: 0.76066
08/12/2026 17:16:08 - INFO - utils.trainer -   Accuracy: 0.69220
08/12/2026 17:16:08 - INFO - utils.trainer -   Precision: 0.74302
08/12/2026 17:16:08 - INFO - utils.trainer -   Specificity: 0.73021
08/12/2026 17:16:08 - INFO - utils.trainer -   Sensitivity: 0.66005
08/12/2026 17:16:08 - INFO - utils.trainer -   Epoch: 32, Loss: 0.13021, Val loss: 1.67577, Val AUC: 0.7607, Best val AUC: 0.7637, No improve: 3/10, Time: 84.9s
08/12/2026 17:17:33 - INFO - utils.trainer -   ***** Running evaluation on val dataset *****
08/12/2026 17:17:40 - INFO - utils.trainer -   Loss: 1.75155
08/12/2026 17:17:40 - INFO - utils.trainer -   AUC: 0.74389
08/12/2026 17:17:40 - INFO - utils.trainer -   Accuracy: 0.67473
08/12/2026 17:17:40 - INFO - utils.trainer -   Precision: 0.68009
08/12/2026 17:17:40 - INFO - utils.trainer -   Specificity: 0.58065
08/12/2026 17:17:40 - INFO - utils.trainer -   Sensitivity: 0.75434
08/12/2026 17:17:40 - INFO - utils.trainer -   Epoch: 33, Loss: 0.13693, Val loss: 1.75155, Val AUC: 0.7439, Best val AUC: 0.7637, No improve: 4/10, Time: 84.9s
08/12/2026 17:19:05 - INFO - utils.trainer -   ***** Running evaluation on val dataset *****
08/12/2026 17:19:12 - INFO - utils.trainer -   Loss: 1.80003
08/12/2026 17:19:12 - INFO - utils.trainer -   AUC: 0.73048
08/12/2026 17:19:12 - INFO - utils.trainer -   Accuracy: 0.67876
08/12/2026 17:19:12 - INFO - utils.trainer -   Precision: 0.71244
08/12/2026 17:19:12 - INFO - utils.trainer -   Specificity: 0.67449
08/12/2026 17:19:12 - INFO - utils.trainer -   Sensitivity: 0.68238
08/12/2026 17:19:12 - INFO - utils.trainer -   Epoch: 34, Loss: 0.11584, Val loss: 1.80003, Val AUC: 0.7305, Best val AUC: 0.7637, No improve: 5/10, Time: 84.9s
08/12/2026 17:20:37 - INFO - utils.trainer -   ***** Running evaluation on val dataset *****
08/12/2026 17:20:44 - INFO - utils.trainer -   Loss: 1.97020
08/12/2026 17:20:44 - INFO - utils.trainer -   AUC: 0.74118
08/12/2026 17:20:44 - INFO - utils.trainer -   Accuracy: 0.66532
08/12/2026 17:20:44 - INFO - utils.trainer -   Precision: 0.72647
08/12/2026 17:20:44 - INFO - utils.trainer -   Specificity: 0.72727
08/12/2026 17:20:44 - INFO - utils.trainer -   Sensitivity: 0.61290
08/12/2026 17:20:44 - INFO - utils.trainer -   Epoch: 35, Loss: 0.09094, Val loss: 1.97020, Val AUC: 0.7412, Best val AUC: 0.7637, No improve: 6/10, Time: 84.9s
08/12/2026 17:22:09 - INFO - utils.trainer -   ***** Running evaluation on val dataset *****
08/12/2026 17:22:16 - INFO - utils.trainer -   Loss: 1.60576
08/12/2026 17:22:16 - INFO - utils.trainer -   AUC: 0.76680
08/12/2026 17:22:16 - INFO - utils.trainer -   Accuracy: 0.70027
08/12/2026 17:22:16 - INFO - utils.trainer -   Precision: 0.73077
08/12/2026 17:22:16 - INFO - utils.trainer -   Specificity: 0.69208
08/12/2026 17:22:16 - INFO - utils.trainer -   Sensitivity: 0.70720
08/12/2026 17:22:17 - INFO - utils.trainer -   Model saved to output_dir/TimeLLM_DiseaseCAUEEG_train
08/12/2026 17:22:17 - INFO - utils.trainer -   Best model saved (val_AUC=0.7668)
08/12/2026 17:22:17 - INFO - utils.trainer -   Epoch: 36, Loss: 0.08232, Val loss: 1.60576, Val AUC: 0.7668, Best val AUC: 0.7668, No improve: 0/10, Time: 84.8s
08/12/2026 17:23:42 - INFO - utils.trainer -   ***** Running evaluation on val dataset *****
08/12/2026 17:23:49 - INFO - utils.trainer -   Loss: 1.88007
08/12/2026 17:23:49 - INFO - utils.trainer -   AUC: 0.73670
08/12/2026 17:23:49 - INFO - utils.trainer -   Accuracy: 0.66398
08/12/2026 17:23:49 - INFO - utils.trainer -   Precision: 0.70079
08/12/2026 17:23:49 - INFO - utils.trainer -   Specificity: 0.66569
08/12/2026 17:23:49 - INFO - utils.trainer -   Sensitivity: 0.66253
08/12/2026 17:23:49 - INFO - utils.trainer -   Epoch: 37, Loss: 0.07831, Val loss: 1.88007, Val AUC: 0.7367, Best val AUC: 0.7668, No improve: 1/10, Time: 84.8s
08/12/2026 17:25:14 - INFO - utils.trainer -   ***** Running evaluation on val dataset *****
08/12/2026 17:25:21 - INFO - utils.trainer -   Loss: 1.82578
08/12/2026 17:25:21 - INFO - utils.trainer -   AUC: 0.75735
08/12/2026 17:25:21 - INFO - utils.trainer -   Accuracy: 0.70430
08/12/2026 17:25:21 - INFO - utils.trainer -   Precision: 0.73766
08/12/2026 17:25:21 - INFO - utils.trainer -   Specificity: 0.70381
08/12/2026 17:25:21 - INFO - utils.trainer -   Sensitivity: 0.70471
08/12/2026 17:25:21 - INFO - utils.trainer -   Epoch: 38, Loss: 0.09416, Val loss: 1.82578, Val AUC: 0.7573, Best val AUC: 0.7668, No improve: 2/10, Time: 84.9s
08/12/2026 17:26:46 - INFO - utils.trainer -   ***** Running evaluation on val dataset *****
08/12/2026 17:26:53 - INFO - utils.trainer -   Loss: 1.77190
08/12/2026 17:26:53 - INFO - utils.trainer -   AUC: 0.76524
08/12/2026 17:26:53 - INFO - utils.trainer -   Accuracy: 0.68952
08/12/2026 17:26:53 - INFO - utils.trainer -   Precision: 0.74713
08/12/2026 17:26:53 - INFO - utils.trainer -   Specificity: 0.74194
08/12/2026 17:26:53 - INFO - utils.trainer -   Sensitivity: 0.64516
08/12/2026 17:26:53 - INFO - utils.trainer -   Epoch: 39, Loss: 0.08519, Val loss: 1.77190, Val AUC: 0.7652, Best val AUC: 0.7668, No improve: 3/10, Time: 84.8s
08/12/2026 17:28:18 - INFO - utils.trainer -   ***** Running evaluation on val dataset *****
08/12/2026 17:28:25 - INFO - utils.trainer -   Loss: 1.98639
08/12/2026 17:28:25 - INFO - utils.trainer -   AUC: 0.73428
08/12/2026 17:28:25 - INFO - utils.trainer -   Accuracy: 0.67473
08/12/2026 17:28:25 - INFO - utils.trainer -   Precision: 0.72055
08/12/2026 17:28:25 - INFO - utils.trainer -   Specificity: 0.70088
08/12/2026 17:28:25 - INFO - utils.trainer -   Sensitivity: 0.65261
08/12/2026 17:28:25 - INFO - utils.trainer -   Epoch: 40, Loss: 0.10987, Val loss: 1.98639, Val AUC: 0.7343, Best val AUC: 0.7668, No improve: 4/10, Time: 84.9s
08/12/2026 17:29:50 - INFO - utils.trainer -   ***** Running evaluation on val dataset *****
08/12/2026 17:29:57 - INFO - utils.trainer -   Loss: 1.82402
08/12/2026 17:29:57 - INFO - utils.trainer -   AUC: 0.73358
08/12/2026 17:29:57 - INFO - utils.trainer -   Accuracy: 0.68145
08/12/2026 17:29:57 - INFO - utils.trainer -   Precision: 0.71282
08/12/2026 17:29:57 - INFO - utils.trainer -   Specificity: 0.67155
08/12/2026 17:29:57 - INFO - utils.trainer -   Sensitivity: 0.68983
08/12/2026 17:29:57 - INFO - utils.trainer -   Epoch: 41, Loss: 0.10440, Val loss: 1.82402, Val AUC: 0.7336, Best val AUC: 0.7668, No improve: 5/10, Time: 84.9s
08/12/2026 17:31:23 - INFO - utils.trainer -   ***** Running evaluation on val dataset *****
08/12/2026 17:31:30 - INFO - utils.trainer -   Loss: 1.98224
08/12/2026 17:31:30 - INFO - utils.trainer -   AUC: 0.74884
08/12/2026 17:31:30 - INFO - utils.trainer -   Accuracy: 0.68280
08/12/2026 17:31:30 - INFO - utils.trainer -   Precision: 0.70218
08/12/2026 17:31:30 - INFO - utils.trainer -   Specificity: 0.63930
08/12/2026 17:31:30 - INFO - utils.trainer -   Sensitivity: 0.71960
08/12/2026 17:31:30 - INFO - utils.trainer -   Epoch: 42, Loss: 0.08476, Val loss: 1.98224, Val AUC: 0.7488, Best val AUC: 0.7668, No improve: 6/10, Time: 85.0s
08/12/2026 17:32:54 - INFO - utils.trainer -   ***** Running evaluation on val dataset *****
08/12/2026 17:33:02 - INFO - utils.trainer -   Loss: 2.04040
08/12/2026 17:33:02 - INFO - utils.trainer -   AUC: 0.74050
08/12/2026 17:33:02 - INFO - utils.trainer -   Accuracy: 0.67070
08/12/2026 17:33:02 - INFO - utils.trainer -   Precision: 0.69652
08/12/2026 17:33:02 - INFO - utils.trainer -   Specificity: 0.64223
08/12/2026 17:33:02 - INFO - utils.trainer -   Sensitivity: 0.69479
08/12/2026 17:33:02 - INFO - utils.trainer -   Epoch: 43, Loss: 0.09059, Val loss: 2.04040, Val AUC: 0.7405, Best val AUC: 0.7668, No improve: 7/10, Time: 84.9s
08/12/2026 17:34:27 - INFO - utils.trainer -   ***** Running evaluation on val dataset *****
08/12/2026 17:34:34 - INFO - utils.trainer -   Loss: 2.14043
08/12/2026 17:34:34 - INFO - utils.trainer -   AUC: 0.73759
08/12/2026 17:34:34 - INFO - utils.trainer -   Accuracy: 0.68414
08/12/2026 17:34:34 - INFO - utils.trainer -   Precision: 0.71320
08/12/2026 17:34:34 - INFO - utils.trainer -   Specificity: 0.66862
08/12/2026 17:34:34 - INFO - utils.trainer -   Sensitivity: 0.69727
08/12/2026 17:34:34 - INFO - utils.trainer -   Epoch: 44, Loss: 0.14299, Val loss: 2.14043, Val AUC: 0.7376, Best val AUC: 0.7668, No improve: 8/10, Time: 84.9s
08/12/2026 17:35:59 - INFO - utils.trainer -   ***** Running evaluation on val dataset *****
08/12/2026 17:36:06 - INFO - utils.trainer -   Loss: 1.99870
08/12/2026 17:36:06 - INFO - utils.trainer -   AUC: 0.74898
08/12/2026 17:36:06 - INFO - utils.trainer -   Accuracy: 0.67473
08/12/2026 17:36:06 - INFO - utils.trainer -   Precision: 0.72934
08/12/2026 17:36:06 - INFO - utils.trainer -   Specificity: 0.72141
08/12/2026 17:36:06 - INFO - utils.trainer -   Sensitivity: 0.63524
08/12/2026 17:36:06 - INFO - utils.trainer -   Epoch: 45, Loss: 0.07316, Val loss: 1.99870, Val AUC: 0.7490, Best val AUC: 0.7668, No improve: 9/10, Time: 84.8s
08/12/2026 17:37:31 - INFO - utils.trainer -   ***** Running evaluation on val dataset *****
08/12/2026 17:37:38 - INFO - utils.trainer -   Loss: 2.07778
08/12/2026 17:37:38 - INFO - utils.trainer -   AUC: 0.75357
08/12/2026 17:37:38 - INFO - utils.trainer -   Accuracy: 0.68414
08/12/2026 17:37:38 - INFO - utils.trainer -   Precision: 0.73864
08/12/2026 17:37:38 - INFO - utils.trainer -   Specificity: 0.73021
08/12/2026 17:37:38 - INFO - utils.trainer -   Sensitivity: 0.64516
08/12/2026 17:37:38 - INFO - utils.trainer -   Epoch: 46, Loss: 0.08227, Val loss: 2.07778, Val AUC: 0.7536, Best val AUC: 0.7668, No improve: 10/10, Time: 84.9s
08/12/2026 17:37:38 - INFO - utils.trainer -   Early stopping triggered at epoch 46
08/12/2026 17:37:38 - INFO - utils.trainer -   Early stopping triggered at epoch 46
08/12/2026 17:37:38 - INFO - utils.trainer -   Early stopping triggered at epoch 46
08/12/2026 17:37:38 - INFO - utils.trainer -   Early stopping triggered at epoch 46
08/12/2026 17:37:38 - INFO - utils.trainer -   Early stopping triggered at epoch 46
08/12/2026 17:37:38 - INFO - utils.trainer -   Early stopping triggered at epoch 46
08/12/2026 17:37:38 - INFO - utils.trainer -     2 prompt-buffer key(s) skipped (kept target-dataset prompt)
08/12/2026 17:37:38 - INFO - utils.trainer -     582 keys not in checkpoint (kept from init)
08/12/2026 17:37:38 - INFO - utils.trainer -   Model loaded from output_dir/TimeLLM_DiseaseCAUEEG_train/TimeLLM-0.bin (21/23 keys)
08/12/2026 17:37:38 - INFO - utils.trainer -   ***** Running evaluation on test dataset *****
08/12/2026 17:37:38 - INFO - utils.trainer -     2 prompt-buffer key(s) skipped (kept target-dataset prompt)
08/12/2026 17:37:38 - INFO - utils.trainer -     582 keys not in checkpoint (kept from init)
08/12/2026 17:37:38 - INFO - utils.trainer -   Model loaded from output_dir/TimeLLM_DiseaseCAUEEG_train/TimeLLM-0.bin (21/23 keys)
08/12/2026 17:37:38 - INFO - utils.trainer -     2 prompt-buffer key(s) skipped (kept target-dataset prompt)
08/12/2026 17:37:38 - INFO - utils.trainer -     582 keys not in checkpoint (kept from init)
08/12/2026 17:37:38 - INFO - utils.trainer -   Model loaded from output_dir/TimeLLM_DiseaseCAUEEG_train/TimeLLM-0.bin (21/23 keys)
08/12/2026 17:37:38 - INFO - utils.trainer -     2 prompt-buffer key(s) skipped (kept target-dataset prompt)
08/12/2026 17:37:38 - INFO - utils.trainer -     582 keys not in checkpoint (kept from init)
08/12/2026 17:37:38 - INFO - utils.trainer -   Model loaded from output_dir/TimeLLM_DiseaseCAUEEG_train/TimeLLM-0.bin (21/23 keys)
08/12/2026 17:37:38 - INFO - utils.trainer -     2 prompt-buffer key(s) skipped (kept target-dataset prompt)
08/12/2026 17:37:38 - INFO - utils.trainer -     582 keys not in checkpoint (kept from init)
08/12/2026 17:37:38 - INFO - utils.trainer -   Model loaded from output_dir/TimeLLM_DiseaseCAUEEG_train/TimeLLM-0.bin (21/23 keys)
08/12/2026 17:37:38 - INFO - utils.trainer -     2 prompt-buffer key(s) skipped (kept target-dataset prompt)
08/12/2026 17:37:38 - INFO - utils.trainer -     582 keys not in checkpoint (kept from init)
08/12/2026 17:37:38 - INFO - utils.trainer -   Model loaded from output_dir/TimeLLM_DiseaseCAUEEG_train/TimeLLM-0.bin (21/23 keys)
08/12/2026 17:37:46 - INFO - utils.trainer -   Loss: 1.47557
08/12/2026 17:37:46 - INFO - utils.trainer -   AUC: 0.74587
08/12/2026 17:37:46 - INFO - utils.trainer -   Accuracy: 0.67564
08/12/2026 17:37:46 - INFO - utils.trainer -   Precision: 0.63438
08/12/2026 17:37:46 - INFO - utils.trainer -   Specificity: 0.73469
08/12/2026 17:37:46 - INFO - utils.trainer -   Sensitivity: 0.59882
08/12/2026 17:37:46 - INFO - utils.trainer -   === Best epoch test result ===
08/12/2026 17:37:46 - INFO - utils.trainer -     Loss: 1.47557
08/12/2026 17:37:46 - INFO - utils.trainer -     AUC: 0.74587
08/12/2026 17:37:46 - INFO - utils.trainer -     Accuracy: 0.67564
08/12/2026 17:37:46 - INFO - utils.trainer -     Precision: 0.63438
08/12/2026 17:37:46 - INFO - utils.trainer -     Specificity: 0.73469
08/12/2026 17:37:46 - INFO - utils.trainer -     Sensitivity: 0.59882
08/12/2026 17:37:47 - INFO - utils.trainer -   Model saved to output_dir/TimeLLM_DiseaseCAUEEG_train/final-epoch-200
08/12/2026 17:37:47 - INFO - utils.trainer -   Final model saved at epoch 200
