07/27/2026 23:24:20 - INFO - __main__ -   ########## Repeat:0 ##########
07/27/2026 23:24:20 - INFO - utils.trainer -   ***** Running training *****
07/27/2026 23:24:20 - INFO - utils.trainer -     Num examples = 32
07/27/2026 23:24:20 - INFO - utils.trainer -     Num Epochs = 200
07/27/2026 23:24:20 - INFO - utils.trainer -     Total train batch size = 4
07/27/2026 23:24:20 - INFO - utils.trainer -     warmup steps = 400
07/27/2026 23:24:20 - INFO - utils.trainer -     Total optimization steps = 6400
07/27/2026 23:24:20 - INFO - utils.trainer -     Save steps = 200
07/27/2026 23:24:22 - INFO - utils.trainer -   ***** Running evaluation on val dataset *****
07/27/2026 23:24:23 - INFO - utils.trainer -   Loss: 6.90253
07/27/2026 23:24:23 - INFO - utils.trainer -   AUC: 0.54097
07/27/2026 23:24:23 - INFO - utils.trainer -   Accuracy: 0.47619
07/27/2026 23:24:23 - INFO - utils.trainer -   Precision: 0.42045
07/27/2026 23:24:23 - INFO - utils.trainer -   Recall: 0.50000
07/27/2026 23:24:23 - INFO - utils.trainer -   F_score: 0.45679
07/27/2026 23:24:23 - INFO - utils.trainer -   Specificity: 0.00000
07/27/2026 23:24:23 - INFO - utils.trainer -   Sensitivity: 0.00000
07/27/2026 23:24:23 - INFO - utils.trainer -   ***** Running evaluation on test dataset *****
07/27/2026 23:24:24 - INFO - utils.trainer -   Loss: 6.89160
07/27/2026 23:24:24 - INFO - utils.trainer -   AUC: 0.47341
07/27/2026 23:24:24 - INFO - utils.trainer -   Accuracy: 0.50000
07/27/2026 23:24:24 - INFO - utils.trainer -   Precision: 0.61250
07/27/2026 23:24:24 - INFO - utils.trainer -   Recall: 0.48039
07/27/2026 23:24:24 - INFO - utils.trainer -   F_score: 0.53846
07/27/2026 23:24:24 - INFO - utils.trainer -   Specificity: 0.00000
07/27/2026 23:24:24 - INFO - utils.trainer -   Sensitivity: 0.00000
07/27/2026 23:24:24 - INFO - utils.trainer -   Model saved to output_dir/TCACNet
07/27/2026 23:24:24 - INFO - utils.trainer -   Best model saved (val_loss=6.9025, test_acc=0.5000)
07/27/2026 23:24:24 - INFO - utils.trainer -   Epoch: 1, Loss: 1.81756, Val loss: 6.90253, Test loss: 6.89160, Val Acc: 0.4762, Best val loss: 6.9025, No improve: 0/20, Time: 2.4s
