08/05/2026 20:55:28 - INFO - __main__ -   ########## Repeat:0 ##########
08/05/2026 20:55:28 - INFO - utils.trainer -   ***** Running training *****
08/05/2026 20:55:28 - INFO - utils.trainer -     Num examples = 446
08/05/2026 20:55:28 - INFO - utils.trainer -     Num Epochs = 200
08/05/2026 20:55:28 - INFO - utils.trainer -     Total train batch size = 2
08/05/2026 20:55:28 - INFO - utils.trainer -     warmup steps = 400
08/05/2026 20:55:28 - INFO - utils.trainer -     Total optimization steps = 89200
08/05/2026 20:55:28 - INFO - utils.trainer -     Save steps = 200
08/05/2026 20:55:47 - INFO - utils.trainer -   ***** Running evaluation on val dataset *****
08/05/2026 20:55:49 - INFO - utils.trainer -   Loss: 1.61725
08/05/2026 20:55:49 - INFO - utils.trainer -   AUC: 0.55679
08/05/2026 20:55:49 - INFO - utils.trainer -   Accuracy: 0.54391
08/05/2026 20:55:49 - INFO - utils.trainer -   Precision: 0.47811
08/05/2026 20:55:49 - INFO - utils.trainer -   Specificity: 0.45709
08/05/2026 20:55:49 - INFO - utils.trainer -   Sensitivity: 0.65893
08/05/2026 20:55:49 - INFO - utils.trainer -   Model saved to output_dir/ALTER_GenderTUEP_train
08/05/2026 20:55:49 - INFO - utils.trainer -   Best model saved (val_AUC=0.5568)
08/05/2026 20:55:49 - INFO - utils.trainer -   Epoch: 1, Loss: 1.27376, Val loss: 1.61725, Val AUC: 0.5568, Best val AUC: 0.5568, No improve: 0/25, Time: 19.1s
08/05/2026 20:56:08 - INFO - utils.trainer -   ***** Running evaluation on val dataset *****
08/05/2026 20:56:11 - INFO - utils.trainer -   Loss: 1.78787
08/05/2026 20:56:11 - INFO - utils.trainer -   AUC: 0.54712
08/05/2026 20:56:11 - INFO - utils.trainer -   Accuracy: 0.51497
08/05/2026 20:56:11 - INFO - utils.trainer -   Precision: 0.45572
08/05/2026 20:56:11 - INFO - utils.trainer -   Specificity: 0.40806
08/05/2026 20:56:11 - INFO - utils.trainer -   Sensitivity: 0.65661
08/05/2026 20:56:11 - INFO - utils.trainer -   Epoch: 2, Loss: 1.08979, Val loss: 1.78787, Val AUC: 0.5471, Best val AUC: 0.5568, No improve: 1/25, Time: 18.5s
08/05/2026 20:56:31 - INFO - utils.trainer -   ***** Running evaluation on val dataset *****
08/05/2026 20:56:33 - INFO - utils.trainer -   Loss: 1.67668
08/05/2026 20:56:33 - INFO - utils.trainer -   AUC: 0.57630
08/05/2026 20:56:33 - INFO - utils.trainer -   Accuracy: 0.56088
08/05/2026 20:56:33 - INFO - utils.trainer -   Precision: 0.48327
08/05/2026 20:56:33 - INFO - utils.trainer -   Specificity: 0.75657
08/05/2026 20:56:33 - INFO - utils.trainer -   Sensitivity: 0.30162
08/05/2026 20:56:33 - INFO - utils.trainer -   Model saved to output_dir/ALTER_GenderTUEP_train
08/05/2026 20:56:33 - INFO - utils.trainer -   Best model saved (val_AUC=0.5763)
08/05/2026 20:56:33 - INFO - utils.trainer -   Epoch: 3, Loss: 1.03268, Val loss: 1.67668, Val AUC: 0.5763, Best val AUC: 0.5763, No improve: 0/25, Time: 19.3s
08/05/2026 20:56:52 - INFO - utils.trainer -   ***** Running evaluation on val dataset *****
08/05/2026 20:56:55 - INFO - utils.trainer -   Loss: 1.71388
08/05/2026 20:56:55 - INFO - utils.trainer -   AUC: 0.58087
08/05/2026 20:56:55 - INFO - utils.trainer -   Accuracy: 0.55289
08/05/2026 20:56:55 - INFO - utils.trainer -   Precision: 0.48317
08/05/2026 20:56:55 - INFO - utils.trainer -   Specificity: 0.54291
08/05/2026 20:56:55 - INFO - utils.trainer -   Sensitivity: 0.56613
08/05/2026 20:56:55 - INFO - utils.trainer -   Model saved to output_dir/ALTER_GenderTUEP_train
08/05/2026 20:56:55 - INFO - utils.trainer -   Best model saved (val_AUC=0.5809)
08/05/2026 20:56:55 - INFO - utils.trainer -   Epoch: 4, Loss: 0.89450, Val loss: 1.71388, Val AUC: 0.5809, Best val AUC: 0.5809, No improve: 0/25, Time: 19.2s
08/05/2026 20:57:14 - INFO - utils.trainer -   ***** Running evaluation on val dataset *****
08/05/2026 20:57:16 - INFO - utils.trainer -   Loss: 1.47823
08/05/2026 20:57:16 - INFO - utils.trainer -   AUC: 0.58440
08/05/2026 20:57:16 - INFO - utils.trainer -   Accuracy: 0.56886
08/05/2026 20:57:16 - INFO - utils.trainer -   Precision: 0.49876
08/05/2026 20:57:16 - INFO - utils.trainer -   Specificity: 0.64623
08/05/2026 20:57:16 - INFO - utils.trainer -   Sensitivity: 0.46636
08/05/2026 20:57:16 - INFO - utils.trainer -   Model saved to output_dir/ALTER_GenderTUEP_train
08/05/2026 20:57:16 - INFO - utils.trainer -   Best model saved (val_AUC=0.5844)
08/05/2026 20:57:16 - INFO - utils.trainer -   Epoch: 5, Loss: 0.90626, Val loss: 1.47823, Val AUC: 0.5844, Best val AUC: 0.5844, No improve: 0/25, Time: 18.9s
08/05/2026 20:57:34 - INFO - utils.trainer -   ***** Running evaluation on val dataset *****
08/05/2026 20:57:37 - INFO - utils.trainer -   Loss: 1.75847
08/05/2026 20:57:37 - INFO - utils.trainer -   AUC: 0.58324
08/05/2026 20:57:37 - INFO - utils.trainer -   Accuracy: 0.55988
08/05/2026 20:57:37 - INFO - utils.trainer -   Precision: 0.49060
08/05/2026 20:57:37 - INFO - utils.trainer -   Specificity: 0.52539
08/05/2026 20:57:37 - INFO - utils.trainer -   Sensitivity: 0.60557
08/05/2026 20:57:37 - INFO - utils.trainer -   Epoch: 6, Loss: 0.85827, Val loss: 1.75847, Val AUC: 0.5832, Best val AUC: 0.5844, No improve: 1/25, Time: 17.8s
08/05/2026 20:57:54 - INFO - utils.trainer -   ***** Running evaluation on val dataset *****
08/05/2026 20:57:57 - INFO - utils.trainer -   Loss: 1.82605
08/05/2026 20:57:57 - INFO - utils.trainer -   AUC: 0.57934
08/05/2026 20:57:57 - INFO - utils.trainer -   Accuracy: 0.55190
08/05/2026 20:57:57 - INFO - utils.trainer -   Precision: 0.48443
08/05/2026 20:57:57 - INFO - utils.trainer -   Specificity: 0.47811
08/05/2026 20:57:57 - INFO - utils.trainer -   Sensitivity: 0.64965
08/05/2026 20:57:57 - INFO - utils.trainer -   Epoch: 7, Loss: 0.78008, Val loss: 1.82605, Val AUC: 0.5793, Best val AUC: 0.5844, No improve: 2/25, Time: 17.8s
08/05/2026 20:58:15 - INFO - utils.trainer -   ***** Running evaluation on val dataset *****
08/05/2026 20:58:18 - INFO - utils.trainer -   Loss: 1.76580
08/05/2026 20:58:18 - INFO - utils.trainer -   AUC: 0.60477
08/05/2026 20:58:18 - INFO - utils.trainer -   Accuracy: 0.58084
08/05/2026 20:58:18 - INFO - utils.trainer -   Precision: 0.51294
08/05/2026 20:58:18 - INFO - utils.trainer -   Specificity: 0.63748
08/05/2026 20:58:18 - INFO - utils.trainer -   Sensitivity: 0.50580
08/05/2026 20:58:18 - INFO - utils.trainer -   Model saved to output_dir/ALTER_GenderTUEP_train
08/05/2026 20:58:18 - INFO - utils.trainer -   Best model saved (val_AUC=0.6048)
08/05/2026 20:58:18 - INFO - utils.trainer -   Epoch: 8, Loss: 0.72153, Val loss: 1.76580, Val AUC: 0.6048, Best val AUC: 0.6048, No improve: 0/25, Time: 18.3s
08/05/2026 20:58:36 - INFO - utils.trainer -   ***** Running evaluation on val dataset *****
08/05/2026 20:58:40 - INFO - utils.trainer -   Loss: 2.02105
08/05/2026 20:58:40 - INFO - utils.trainer -   AUC: 0.57966
08/05/2026 20:58:40 - INFO - utils.trainer -   Accuracy: 0.53293
08/05/2026 20:58:40 - INFO - utils.trainer -   Precision: 0.47105
08/05/2026 20:58:40 - INFO - utils.trainer -   Specificity: 0.40806
08/05/2026 20:58:40 - INFO - utils.trainer -   Sensitivity: 0.69838
08/05/2026 20:58:40 - INFO - utils.trainer -   Epoch: 9, Loss: 0.66337, Val loss: 2.02105, Val AUC: 0.5797, Best val AUC: 0.6048, No improve: 1/25, Time: 18.4s
08/05/2026 20:58:58 - INFO - utils.trainer -   ***** Running evaluation on val dataset *****
08/05/2026 20:59:00 - INFO - utils.trainer -   Loss: 1.94295
08/05/2026 20:59:00 - INFO - utils.trainer -   AUC: 0.60531
08/05/2026 20:59:00 - INFO - utils.trainer -   Accuracy: 0.61477
08/05/2026 20:59:00 - INFO - utils.trainer -   Precision: 0.57475
08/05/2026 20:59:00 - INFO - utils.trainer -   Specificity: 0.77583
08/05/2026 20:59:00 - INFO - utils.trainer -   Sensitivity: 0.40139
08/05/2026 20:59:00 - INFO - utils.trainer -   Epoch: 10, Loss: 0.67902, Val loss: 1.94295, Val AUC: 0.6053, Best val AUC: 0.6048, No improve: 2/25, Time: 18.3s
08/05/2026 20:59:19 - INFO - utils.trainer -   ***** Running evaluation on val dataset *****
08/05/2026 20:59:22 - INFO - utils.trainer -   Loss: 2.21259
08/05/2026 20:59:22 - INFO - utils.trainer -   AUC: 0.58628
08/05/2026 20:59:22 - INFO - utils.trainer -   Accuracy: 0.55389
08/05/2026 20:59:22 - INFO - utils.trainer -   Precision: 0.48662
08/05/2026 20:59:22 - INFO - utils.trainer -   Specificity: 0.46235
08/05/2026 20:59:22 - INFO - utils.trainer -   Sensitivity: 0.67517
08/05/2026 20:59:22 - INFO - utils.trainer -   Epoch: 11, Loss: 0.56098, Val loss: 2.21259, Val AUC: 0.5863, Best val AUC: 0.6048, No improve: 3/25, Time: 18.5s
08/05/2026 20:59:39 - INFO - utils.trainer -   ***** Running evaluation on val dataset *****
08/05/2026 20:59:42 - INFO - utils.trainer -   Loss: 2.12792
08/05/2026 20:59:42 - INFO - utils.trainer -   AUC: 0.59598
08/05/2026 20:59:42 - INFO - utils.trainer -   Accuracy: 0.57685
08/05/2026 20:59:42 - INFO - utils.trainer -   Precision: 0.50716
08/05/2026 20:59:42 - INFO - utils.trainer -   Specificity: 0.57793
08/05/2026 20:59:42 - INFO - utils.trainer -   Sensitivity: 0.57541
08/05/2026 20:59:42 - INFO - utils.trainer -   Epoch: 12, Loss: 0.54578, Val loss: 2.12792, Val AUC: 0.5960, Best val AUC: 0.6048, No improve: 4/25, Time: 17.9s
08/05/2026 21:00:00 - INFO - utils.trainer -   ***** Running evaluation on val dataset *****
08/05/2026 21:00:02 - INFO - utils.trainer -   Loss: 2.53607
08/05/2026 21:00:02 - INFO - utils.trainer -   AUC: 0.60352
08/05/2026 21:00:02 - INFO - utils.trainer -   Accuracy: 0.57285
08/05/2026 21:00:02 - INFO - utils.trainer -   Precision: 0.50271
08/05/2026 21:00:02 - INFO - utils.trainer -   Specificity: 0.51839
08/05/2026 21:00:02 - INFO - utils.trainer -   Sensitivity: 0.64501
08/05/2026 21:00:02 - INFO - utils.trainer -   Epoch: 13, Loss: 0.58592, Val loss: 2.53607, Val AUC: 0.6035, Best val AUC: 0.6048, No improve: 5/25, Time: 17.8s
08/05/2026 21:00:21 - INFO - utils.trainer -   ***** Running evaluation on val dataset *****
08/05/2026 21:00:24 - INFO - utils.trainer -   Loss: 2.92785
08/05/2026 21:00:24 - INFO - utils.trainer -   AUC: 0.58850
08/05/2026 21:00:24 - INFO - utils.trainer -   Accuracy: 0.53393
08/05/2026 21:00:24 - INFO - utils.trainer -   Precision: 0.47384
08/05/2026 21:00:24 - INFO - utils.trainer -   Specificity: 0.36602
08/05/2026 21:00:24 - INFO - utils.trainer -   Sensitivity: 0.75638
08/05/2026 21:00:24 - INFO - utils.trainer -   Epoch: 14, Loss: 0.44243, Val loss: 2.92785, Val AUC: 0.5885, Best val AUC: 0.6048, No improve: 6/25, Time: 18.5s
