08/13/2026 00:34:50 - INFO - __main__ -   ########## Repeat:0 ##########
08/13/2026 00:34:50 - INFO - utils.trainer -   ***** Running training *****
08/13/2026 00:34:50 - INFO - utils.trainer -     Num examples = 311
08/13/2026 00:34:50 - INFO - utils.trainer -     Num Epochs = 200
08/13/2026 00:34:50 - INFO - utils.trainer -     Total train batch size = 4
08/13/2026 00:34:50 - INFO - utils.trainer -     warmup steps = 400
08/13/2026 00:34:50 - INFO - utils.trainer -     Total optimization steps = 62200
08/13/2026 00:34:50 - INFO - utils.trainer -     Save steps = 25
08/13/2026 00:36:35 - INFO - utils.trainer -   ***** Running evaluation on val dataset *****
08/13/2026 00:36:46 - INFO - utils.trainer -   Loss: 0.79473
08/13/2026 00:36:46 - INFO - utils.trainer -   AUC: 0.49642
08/13/2026 00:36:46 - INFO - utils.trainer -   Accuracy: 0.48479
08/13/2026 00:36:46 - INFO - utils.trainer -   Precision: 0.00000
08/13/2026 00:36:46 - INFO - utils.trainer -   Specificity: 1.00000
08/13/2026 00:36:46 - INFO - utils.trainer -   Sensitivity: 0.00000
08/13/2026 00:36:47 - INFO - utils.trainer -   Model saved to output_dir/TimeLLM_DisCAUEEGTUAB_train
08/13/2026 00:36:47 - INFO - utils.trainer -   Best model saved (val_AUC=0.4964)
08/13/2026 00:36:47 - INFO - utils.trainer -   Epoch: 1, Loss: 0.78687, Val loss: 0.79473, Val AUC: 0.4964, Best val AUC: 0.4964, No improve: 0/10, Time: 105.0s
08/13/2026 00:38:31 - INFO - utils.trainer -   ***** Running evaluation on val dataset *****
08/13/2026 00:38:43 - INFO - utils.trainer -   Loss: 0.66652
08/13/2026 00:38:43 - INFO - utils.trainer -   AUC: 0.63575
08/13/2026 00:38:43 - INFO - utils.trainer -   Accuracy: 0.58809
08/13/2026 00:38:43 - INFO - utils.trainer -   Precision: 0.62636
08/13/2026 00:38:43 - INFO - utils.trainer -   Specificity: 0.68497
08/13/2026 00:38:43 - INFO - utils.trainer -   Sensitivity: 0.49692
08/13/2026 00:38:44 - INFO - utils.trainer -   Model saved to output_dir/TimeLLM_DisCAUEEGTUAB_train
08/13/2026 00:38:44 - INFO - utils.trainer -   Best model saved (val_AUC=0.6358)
08/13/2026 00:38:44 - INFO - utils.trainer -   Epoch: 2, Loss: 0.72452, Val loss: 0.66652, Val AUC: 0.6358, Best val AUC: 0.6358, No improve: 0/10, Time: 104.6s
08/13/2026 00:40:28 - INFO - utils.trainer -   ***** Running evaluation on val dataset *****
08/13/2026 00:40:40 - INFO - utils.trainer -   Loss: 0.63813
08/13/2026 00:40:40 - INFO - utils.trainer -   AUC: 0.68616
08/13/2026 00:40:40 - INFO - utils.trainer -   Accuracy: 0.62928
08/13/2026 00:40:40 - INFO - utils.trainer -   Precision: 0.64961
08/13/2026 00:40:40 - INFO - utils.trainer -   Specificity: 0.65098
08/13/2026 00:40:40 - INFO - utils.trainer -   Sensitivity: 0.60886
08/13/2026 00:40:41 - INFO - utils.trainer -   Model saved to output_dir/TimeLLM_DisCAUEEGTUAB_train
08/13/2026 00:40:41 - INFO - utils.trainer -   Best model saved (val_AUC=0.6862)
08/13/2026 00:40:41 - INFO - utils.trainer -   Epoch: 3, Loss: 0.65451, Val loss: 0.63813, Val AUC: 0.6862, Best val AUC: 0.6862, No improve: 0/10, Time: 104.8s
08/13/2026 00:42:26 - INFO - utils.trainer -   ***** Running evaluation on val dataset *****
08/13/2026 00:42:37 - INFO - utils.trainer -   Loss: 0.69359
08/13/2026 00:42:37 - INFO - utils.trainer -   AUC: 0.70403
08/13/2026 00:42:37 - INFO - utils.trainer -   Accuracy: 0.61977
08/13/2026 00:42:37 - INFO - utils.trainer -   Precision: 0.75418
08/13/2026 00:42:37 - INFO - utils.trainer -   Specificity: 0.86536
08/13/2026 00:42:37 - INFO - utils.trainer -   Sensitivity: 0.38868
08/13/2026 00:42:38 - INFO - utils.trainer -   Model saved to output_dir/TimeLLM_DisCAUEEGTUAB_train
08/13/2026 00:42:38 - INFO - utils.trainer -   Best model saved (val_AUC=0.7040)
08/13/2026 00:42:38 - INFO - utils.trainer -   Epoch: 4, Loss: 0.60735, Val loss: 0.69359, Val AUC: 0.7040, Best val AUC: 0.7040, No improve: 0/10, Time: 105.1s
08/13/2026 00:44:23 - INFO - utils.trainer -   ***** Running evaluation on val dataset *****
08/13/2026 00:44:34 - INFO - utils.trainer -   Loss: 0.64290
08/13/2026 00:44:34 - INFO - utils.trainer -   AUC: 0.70888
08/13/2026 00:44:34 - INFO - utils.trainer -   Accuracy: 0.64575
08/13/2026 00:44:34 - INFO - utils.trainer -   Precision: 0.66282
08/13/2026 00:44:34 - INFO - utils.trainer -   Specificity: 0.65621
08/13/2026 00:44:34 - INFO - utils.trainer -   Sensitivity: 0.63592
08/13/2026 00:44:35 - INFO - utils.trainer -   Model saved to output_dir/TimeLLM_DisCAUEEGTUAB_train
08/13/2026 00:44:35 - INFO - utils.trainer -   Best model saved (val_AUC=0.7089)
08/13/2026 00:44:35 - INFO - utils.trainer -   Epoch: 5, Loss: 0.59727, Val loss: 0.64290, Val AUC: 0.7089, Best val AUC: 0.7089, No improve: 0/10, Time: 105.0s
08/13/2026 00:46:20 - INFO - utils.trainer -   ***** Running evaluation on val dataset *****
08/13/2026 00:46:31 - INFO - utils.trainer -   Loss: 0.69332
08/13/2026 00:46:31 - INFO - utils.trainer -   AUC: 0.71173
08/13/2026 00:46:31 - INFO - utils.trainer -   Accuracy: 0.63561
08/13/2026 00:46:31 - INFO - utils.trainer -   Precision: 0.74895
08/13/2026 00:46:31 - INFO - utils.trainer -   Specificity: 0.84314
08/13/2026 00:46:31 - INFO - utils.trainer -   Sensitivity: 0.44034
08/13/2026 00:46:32 - INFO - utils.trainer -   Model saved to output_dir/TimeLLM_DisCAUEEGTUAB_train
08/13/2026 00:46:32 - INFO - utils.trainer -   Best model saved (val_AUC=0.7117)
08/13/2026 00:46:32 - INFO - utils.trainer -   Epoch: 6, Loss: 0.61442, Val loss: 0.69332, Val AUC: 0.7117, Best val AUC: 0.7117, No improve: 0/10, Time: 105.0s
08/13/2026 00:48:17 - INFO - utils.trainer -   ***** Running evaluation on val dataset *****
08/13/2026 00:48:28 - INFO - utils.trainer -   Loss: 0.61345
08/13/2026 00:48:28 - INFO - utils.trainer -   AUC: 0.72855
08/13/2026 00:48:28 - INFO - utils.trainer -   Accuracy: 0.66667
08/13/2026 00:48:28 - INFO - utils.trainer -   Precision: 0.70126
08/13/2026 00:48:28 - INFO - utils.trainer -   Specificity: 0.72157
08/13/2026 00:48:28 - INFO - utils.trainer -   Sensitivity: 0.61501
08/13/2026 00:48:29 - INFO - utils.trainer -   Model saved to output_dir/TimeLLM_DisCAUEEGTUAB_train
08/13/2026 00:48:29 - INFO - utils.trainer -   Best model saved (val_AUC=0.7285)
08/13/2026 00:48:29 - INFO - utils.trainer -   Epoch: 7, Loss: 0.55551, Val loss: 0.61345, Val AUC: 0.7285, Best val AUC: 0.7285, No improve: 0/10, Time: 104.9s
08/13/2026 00:50:14 - INFO - utils.trainer -   ***** Running evaluation on val dataset *****
08/13/2026 00:50:25 - INFO - utils.trainer -   Loss: 0.66863
08/13/2026 00:50:25 - INFO - utils.trainer -   AUC: 0.73614
08/13/2026 00:50:25 - INFO - utils.trainer -   Accuracy: 0.62548
08/13/2026 00:50:25 - INFO - utils.trainer -   Precision: 0.78030
08/13/2026 00:50:25 - INFO - utils.trainer -   Specificity: 0.88627
08/13/2026 00:50:25 - INFO - utils.trainer -   Sensitivity: 0.38007
08/13/2026 00:50:26 - INFO - utils.trainer -   Model saved to output_dir/TimeLLM_DisCAUEEGTUAB_train
08/13/2026 00:50:26 - INFO - utils.trainer -   Best model saved (val_AUC=0.7361)
08/13/2026 00:50:26 - INFO - utils.trainer -   Epoch: 8, Loss: 0.55116, Val loss: 0.66863, Val AUC: 0.7361, Best val AUC: 0.7361, No improve: 0/10, Time: 105.1s
08/13/2026 00:52:11 - INFO - utils.trainer -   ***** Running evaluation on val dataset *****
08/13/2026 00:52:22 - INFO - utils.trainer -   Loss: 0.66106
08/13/2026 00:52:22 - INFO - utils.trainer -   AUC: 0.74878
08/13/2026 00:52:22 - INFO - utils.trainer -   Accuracy: 0.64892
08/13/2026 00:52:22 - INFO - utils.trainer -   Precision: 0.76812
08/13/2026 00:52:22 - INFO - utils.trainer -   Specificity: 0.85359
08/13/2026 00:52:22 - INFO - utils.trainer -   Sensitivity: 0.45633
08/13/2026 00:52:23 - INFO - utils.trainer -   Model saved to output_dir/TimeLLM_DisCAUEEGTUAB_train
08/13/2026 00:52:23 - INFO - utils.trainer -   Best model saved (val_AUC=0.7488)
08/13/2026 00:52:23 - INFO - utils.trainer -   Epoch: 9, Loss: 0.54629, Val loss: 0.66106, Val AUC: 0.7488, Best val AUC: 0.7488, No improve: 0/10, Time: 104.9s
08/13/2026 00:54:08 - INFO - utils.trainer -   ***** Running evaluation on val dataset *****
08/13/2026 00:54:19 - INFO - utils.trainer -   Loss: 0.65170
08/13/2026 00:54:19 - INFO - utils.trainer -   AUC: 0.72465
08/13/2026 00:54:19 - INFO - utils.trainer -   Accuracy: 0.65336
08/13/2026 00:54:19 - INFO - utils.trainer -   Precision: 0.68524
08/13/2026 00:54:19 - INFO - utils.trainer -   Specificity: 0.70458
08/13/2026 00:54:19 - INFO - utils.trainer -   Sensitivity: 0.60517
08/13/2026 00:54:19 - INFO - utils.trainer -   Epoch: 10, Loss: 0.51371, Val loss: 0.65170, Val AUC: 0.7247, Best val AUC: 0.7488, No improve: 1/10, Time: 105.0s
08/13/2026 00:56:04 - INFO - utils.trainer -   ***** Running evaluation on val dataset *****
08/13/2026 00:56:15 - INFO - utils.trainer -   Loss: 0.62631
08/13/2026 00:56:15 - INFO - utils.trainer -   AUC: 0.74518
08/13/2026 00:56:15 - INFO - utils.trainer -   Accuracy: 0.66413
08/13/2026 00:56:15 - INFO - utils.trainer -   Precision: 0.74609
08/13/2026 00:56:15 - INFO - utils.trainer -   Specificity: 0.80915
08/13/2026 00:56:15 - INFO - utils.trainer -   Sensitivity: 0.52768
08/13/2026 00:56:15 - INFO - utils.trainer -   Epoch: 11, Loss: 0.50928, Val loss: 0.62631, Val AUC: 0.7452, Best val AUC: 0.7488, No improve: 2/10, Time: 104.9s
08/13/2026 00:58:00 - INFO - utils.trainer -   ***** Running evaluation on val dataset *****
08/13/2026 00:58:11 - INFO - utils.trainer -   Loss: 0.61238
08/13/2026 00:58:11 - INFO - utils.trainer -   AUC: 0.73754
08/13/2026 00:58:11 - INFO - utils.trainer -   Accuracy: 0.65399
08/13/2026 00:58:11 - INFO - utils.trainer -   Precision: 0.69778
08/13/2026 00:58:11 - INFO - utils.trainer -   Specificity: 0.73333
08/13/2026 00:58:11 - INFO - utils.trainer -   Sensitivity: 0.57934
08/13/2026 00:58:11 - INFO - utils.trainer -   Epoch: 12, Loss: 0.52225, Val loss: 0.61238, Val AUC: 0.7375, Best val AUC: 0.7488, No improve: 3/10, Time: 105.1s
08/13/2026 00:59:57 - INFO - utils.trainer -   ***** Running evaluation on val dataset *****
08/13/2026 01:00:08 - INFO - utils.trainer -   Loss: 0.62307
08/13/2026 01:00:08 - INFO - utils.trainer -   AUC: 0.74495
08/13/2026 01:00:08 - INFO - utils.trainer -   Accuracy: 0.68695
08/13/2026 01:00:08 - INFO - utils.trainer -   Precision: 0.72000
08/13/2026 01:00:08 - INFO - utils.trainer -   Specificity: 0.73464
08/13/2026 01:00:08 - INFO - utils.trainer -   Sensitivity: 0.64207
08/13/2026 01:00:08 - INFO - utils.trainer -   Epoch: 13, Loss: 0.50377, Val loss: 0.62307, Val AUC: 0.7450, Best val AUC: 0.7488, No improve: 4/10, Time: 105.3s
08/13/2026 01:01:52 - INFO - utils.trainer -   ***** Running evaluation on val dataset *****
08/13/2026 01:02:03 - INFO - utils.trainer -   Loss: 0.60906
08/13/2026 01:02:03 - INFO - utils.trainer -   AUC: 0.75392
08/13/2026 01:02:03 - INFO - utils.trainer -   Accuracy: 0.68124
08/13/2026 01:02:03 - INFO - utils.trainer -   Precision: 0.68811
08/13/2026 01:02:03 - INFO - utils.trainer -   Specificity: 0.66405
08/13/2026 01:02:03 - INFO - utils.trainer -   Sensitivity: 0.69742
08/13/2026 01:02:04 - INFO - utils.trainer -   Model saved to output_dir/TimeLLM_DisCAUEEGTUAB_train
08/13/2026 01:02:04 - INFO - utils.trainer -   Best model saved (val_AUC=0.7539)
08/13/2026 01:02:04 - INFO - utils.trainer -   Epoch: 14, Loss: 0.50718, Val loss: 0.60906, Val AUC: 0.7539, Best val AUC: 0.7539, No improve: 0/10, Time: 104.9s
08/13/2026 01:03:49 - INFO - utils.trainer -   ***** Running evaluation on val dataset *****
08/13/2026 01:04:00 - INFO - utils.trainer -   Loss: 0.63619
08/13/2026 01:04:00 - INFO - utils.trainer -   AUC: 0.75366
08/13/2026 01:04:00 - INFO - utils.trainer -   Accuracy: 0.68695
08/13/2026 01:04:00 - INFO - utils.trainer -   Precision: 0.68831
08/13/2026 01:04:00 - INFO - utils.trainer -   Specificity: 0.65490
08/13/2026 01:04:00 - INFO - utils.trainer -   Sensitivity: 0.71710
08/13/2026 01:04:00 - INFO - utils.trainer -   Epoch: 15, Loss: 0.47880, Val loss: 0.63619, Val AUC: 0.7537, Best val AUC: 0.7539, No improve: 1/10, Time: 104.8s
08/13/2026 01:05:45 - INFO - utils.trainer -   ***** Running evaluation on val dataset *****
08/13/2026 01:05:56 - INFO - utils.trainer -   Loss: 0.66045
08/13/2026 01:05:56 - INFO - utils.trainer -   AUC: 0.75971
08/13/2026 01:05:56 - INFO - utils.trainer -   Accuracy: 0.69518
08/13/2026 01:05:56 - INFO - utils.trainer -   Precision: 0.74128
08/13/2026 01:05:56 - INFO - utils.trainer -   Specificity: 0.76732
08/13/2026 01:05:56 - INFO - utils.trainer -   Sensitivity: 0.62731
08/13/2026 01:05:57 - INFO - utils.trainer -   Model saved to output_dir/TimeLLM_DisCAUEEGTUAB_train
08/13/2026 01:05:57 - INFO - utils.trainer -   Best model saved (val_AUC=0.7597)
08/13/2026 01:05:57 - INFO - utils.trainer -   Epoch: 16, Loss: 0.47147, Val loss: 0.66045, Val AUC: 0.7597, Best val AUC: 0.7597, No improve: 0/10, Time: 105.2s
08/13/2026 01:07:42 - INFO - utils.trainer -   ***** Running evaluation on val dataset *****
08/13/2026 01:07:53 - INFO - utils.trainer -   Loss: 0.66733
08/13/2026 01:07:53 - INFO - utils.trainer -   AUC: 0.73294
08/13/2026 01:07:53 - INFO - utils.trainer -   Accuracy: 0.67744
08/13/2026 01:07:53 - INFO - utils.trainer -   Precision: 0.70994
08/13/2026 01:07:53 - INFO - utils.trainer -   Specificity: 0.72549
08/13/2026 01:07:53 - INFO - utils.trainer -   Sensitivity: 0.63223
08/13/2026 01:07:53 - INFO - utils.trainer -   Epoch: 17, Loss: 0.45113, Val loss: 0.66733, Val AUC: 0.7329, Best val AUC: 0.7597, No improve: 1/10, Time: 104.9s
08/13/2026 01:09:38 - INFO - utils.trainer -   ***** Running evaluation on val dataset *****
08/13/2026 01:09:49 - INFO - utils.trainer -   Loss: 0.64830
08/13/2026 01:09:49 - INFO - utils.trainer -   AUC: 0.74485
08/13/2026 01:09:49 - INFO - utils.trainer -   Accuracy: 0.67617
08/13/2026 01:09:49 - INFO - utils.trainer -   Precision: 0.72141
08/13/2026 01:09:49 - INFO - utils.trainer -   Specificity: 0.75163
08/13/2026 01:09:49 - INFO - utils.trainer -   Sensitivity: 0.60517
08/13/2026 01:09:49 - INFO - utils.trainer -   Epoch: 18, Loss: 0.46041, Val loss: 0.64830, Val AUC: 0.7448, Best val AUC: 0.7597, No improve: 2/10, Time: 104.9s
08/13/2026 01:11:34 - INFO - utils.trainer -   ***** Running evaluation on val dataset *****
08/13/2026 01:11:45 - INFO - utils.trainer -   Loss: 0.66498
08/13/2026 01:11:45 - INFO - utils.trainer -   AUC: 0.75549
08/13/2026 01:11:45 - INFO - utils.trainer -   Accuracy: 0.69582
08/13/2026 01:11:45 - INFO - utils.trainer -   Precision: 0.69892
08/13/2026 01:11:45 - INFO - utils.trainer -   Specificity: 0.67059
08/13/2026 01:11:45 - INFO - utils.trainer -   Sensitivity: 0.71956
08/13/2026 01:11:45 - INFO - utils.trainer -   Epoch: 19, Loss: 0.39778, Val loss: 0.66498, Val AUC: 0.7555, Best val AUC: 0.7597, No improve: 3/10, Time: 105.2s
08/13/2026 01:13:30 - INFO - utils.trainer -   ***** Running evaluation on val dataset *****
08/13/2026 01:13:41 - INFO - utils.trainer -   Loss: 0.68763
08/13/2026 01:13:41 - INFO - utils.trainer -   AUC: 0.73637
08/13/2026 01:13:41 - INFO - utils.trainer -   Accuracy: 0.67237
08/13/2026 01:13:41 - INFO - utils.trainer -   Precision: 0.71637
08/13/2026 01:13:41 - INFO - utils.trainer -   Specificity: 0.74641
08/13/2026 01:13:41 - INFO - utils.trainer -   Sensitivity: 0.60271
08/13/2026 01:13:41 - INFO - utils.trainer -   Epoch: 20, Loss: 0.40812, Val loss: 0.68763, Val AUC: 0.7364, Best val AUC: 0.7597, No improve: 4/10, Time: 105.1s
08/13/2026 01:15:26 - INFO - utils.trainer -   ***** Running evaluation on val dataset *****
08/13/2026 01:15:37 - INFO - utils.trainer -   Loss: 0.73336
08/13/2026 01:15:37 - INFO - utils.trainer -   AUC: 0.74419
08/13/2026 01:15:37 - INFO - utils.trainer -   Accuracy: 0.68504
08/13/2026 01:15:37 - INFO - utils.trainer -   Precision: 0.72571
08/13/2026 01:15:37 - INFO - utils.trainer -   Specificity: 0.74902
08/13/2026 01:15:37 - INFO - utils.trainer -   Sensitivity: 0.62485
08/13/2026 01:15:37 - INFO - utils.trainer -   Epoch: 21, Loss: 0.42767, Val loss: 0.73336, Val AUC: 0.7442, Best val AUC: 0.7597, No improve: 5/10, Time: 104.8s
08/13/2026 01:17:22 - INFO - utils.trainer -   ***** Running evaluation on val dataset *****
08/13/2026 01:17:33 - INFO - utils.trainer -   Loss: 0.73858
08/13/2026 01:17:33 - INFO - utils.trainer -   AUC: 0.73987
08/13/2026 01:17:33 - INFO - utils.trainer -   Accuracy: 0.65589
08/13/2026 01:17:33 - INFO - utils.trainer -   Precision: 0.63918
08/13/2026 01:17:33 - INFO - utils.trainer -   Specificity: 0.54248
08/13/2026 01:17:33 - INFO - utils.trainer -   Sensitivity: 0.76261
08/13/2026 01:17:33 - INFO - utils.trainer -   Epoch: 22, Loss: 0.38772, Val loss: 0.73858, Val AUC: 0.7399, Best val AUC: 0.7597, No improve: 6/10, Time: 104.8s
08/13/2026 01:19:19 - INFO - utils.trainer -   ***** Running evaluation on val dataset *****
08/13/2026 01:19:30 - INFO - utils.trainer -   Loss: 0.77438
08/13/2026 01:19:30 - INFO - utils.trainer -   AUC: 0.72833
08/13/2026 01:19:30 - INFO - utils.trainer -   Accuracy: 0.66603
08/13/2026 01:19:30 - INFO - utils.trainer -   Precision: 0.71536
08/13/2026 01:19:30 - INFO - utils.trainer -   Specificity: 0.75294
08/13/2026 01:19:30 - INFO - utils.trainer -   Sensitivity: 0.58426
08/13/2026 01:19:30 - INFO - utils.trainer -   Epoch: 23, Loss: 0.38007, Val loss: 0.77438, Val AUC: 0.7283, Best val AUC: 0.7597, No improve: 7/10, Time: 105.7s
08/13/2026 01:21:15 - INFO - utils.trainer -   ***** Running evaluation on val dataset *****
08/13/2026 01:21:26 - INFO - utils.trainer -   Loss: 0.73868
08/13/2026 01:21:26 - INFO - utils.trainer -   AUC: 0.73388
08/13/2026 01:21:26 - INFO - utils.trainer -   Accuracy: 0.67237
08/13/2026 01:21:26 - INFO - utils.trainer -   Precision: 0.71023
08/13/2026 01:21:26 - INFO - utils.trainer -   Specificity: 0.73333
08/13/2026 01:21:26 - INFO - utils.trainer -   Sensitivity: 0.61501
08/13/2026 01:21:26 - INFO - utils.trainer -   Epoch: 24, Loss: 0.36106, Val loss: 0.73868, Val AUC: 0.7339, Best val AUC: 0.7597, No improve: 8/10, Time: 104.7s
08/13/2026 01:23:11 - INFO - utils.trainer -   ***** Running evaluation on val dataset *****
08/13/2026 01:23:21 - INFO - utils.trainer -   Loss: 0.75133
08/13/2026 01:23:21 - INFO - utils.trainer -   AUC: 0.73208
08/13/2026 01:23:21 - INFO - utils.trainer -   Accuracy: 0.66603
08/13/2026 01:23:21 - INFO - utils.trainer -   Precision: 0.66863
08/13/2026 01:23:21 - INFO - utils.trainer -   Specificity: 0.63268
08/13/2026 01:23:21 - INFO - utils.trainer -   Sensitivity: 0.69742
08/13/2026 01:23:22 - INFO - utils.trainer -   Model saved to output_dir/TimeLLM_DisCAUEEGTUAB_train/checkpoint-epoch-25
08/13/2026 01:23:22 - INFO - utils.trainer -   Checkpoint saved at epoch 25
08/13/2026 01:23:22 - INFO - utils.trainer -   Epoch: 25, Loss: 0.35335, Val loss: 0.75133, Val AUC: 0.7321, Best val AUC: 0.7597, No improve: 9/10, Time: 105.0s
08/13/2026 01:25:07 - INFO - utils.trainer -   ***** Running evaluation on val dataset *****
08/13/2026 01:25:18 - INFO - utils.trainer -   Loss: 0.79245
08/13/2026 01:25:18 - INFO - utils.trainer -   AUC: 0.73240
08/13/2026 01:25:18 - INFO - utils.trainer -   Accuracy: 0.67047
08/13/2026 01:25:18 - INFO - utils.trainer -   Precision: 0.67015
08/13/2026 01:25:18 - INFO - utils.trainer -   Specificity: 0.62876
08/13/2026 01:25:18 - INFO - utils.trainer -   Sensitivity: 0.70972
08/13/2026 01:25:18 - INFO - utils.trainer -   Epoch: 26, Loss: 0.34518, Val loss: 0.79245, Val AUC: 0.7324, Best val AUC: 0.7597, No improve: 10/10, Time: 105.1s
08/13/2026 01:25:18 - INFO - utils.trainer -   Early stopping triggered at epoch 26
08/13/2026 01:25:18 - INFO - utils.trainer -   Early stopping triggered at epoch 26
08/13/2026 01:25:18 - INFO - utils.trainer -   Early stopping triggered at epoch 26
08/13/2026 01:25:18 - INFO - utils.trainer -   Early stopping triggered at epoch 26
08/13/2026 01:25:18 - INFO - utils.trainer -   Early stopping triggered at epoch 26
08/13/2026 01:25:18 - INFO - utils.trainer -   Early stopping triggered at epoch 26
08/13/2026 01:25:19 - INFO - utils.trainer -     2 prompt-buffer key(s) skipped (kept target-dataset prompt)
08/13/2026 01:25:19 - INFO - utils.trainer -     582 keys not in checkpoint (kept from init)
08/13/2026 01:25:19 - INFO - utils.trainer -   Model loaded from output_dir/TimeLLM_DisCAUEEGTUAB_train/TimeLLM-0.bin (21/23 keys)
08/13/2026 01:25:19 - INFO - utils.trainer -   ***** Running evaluation on test dataset *****
08/13/2026 01:25:19 - INFO - utils.trainer -     2 prompt-buffer key(s) skipped (kept target-dataset prompt)
08/13/2026 01:25:19 - INFO - utils.trainer -     2 prompt-buffer key(s) skipped (kept target-dataset prompt)
08/13/2026 01:25:19 - INFO - utils.trainer -     582 keys not in checkpoint (kept from init)
08/13/2026 01:25:19 - INFO - utils.trainer -   Model loaded from output_dir/TimeLLM_DisCAUEEGTUAB_train/TimeLLM-0.bin (21/23 keys)
08/13/2026 01:25:19 - INFO - utils.trainer -     582 keys not in checkpoint (kept from init)
08/13/2026 01:25:19 - INFO - utils.trainer -   Model loaded from output_dir/TimeLLM_DisCAUEEGTUAB_train/TimeLLM-0.bin (21/23 keys)
08/13/2026 01:25:19 - INFO - utils.trainer -     2 prompt-buffer key(s) skipped (kept target-dataset prompt)
08/13/2026 01:25:19 - INFO - utils.trainer -     582 keys not in checkpoint (kept from init)
08/13/2026 01:25:19 - INFO - utils.trainer -   Model loaded from output_dir/TimeLLM_DisCAUEEGTUAB_train/TimeLLM-0.bin (21/23 keys)
08/13/2026 01:25:19 - INFO - utils.trainer -     2 prompt-buffer key(s) skipped (kept target-dataset prompt)
08/13/2026 01:25:19 - INFO - utils.trainer -     582 keys not in checkpoint (kept from init)
08/13/2026 01:25:19 - INFO - utils.trainer -   Model loaded from output_dir/TimeLLM_DisCAUEEGTUAB_train/TimeLLM-0.bin (21/23 keys)
08/13/2026 01:25:19 - INFO - utils.trainer -     2 prompt-buffer key(s) skipped (kept target-dataset prompt)
08/13/2026 01:25:19 - INFO - utils.trainer -     582 keys not in checkpoint (kept from init)
08/13/2026 01:25:19 - INFO - utils.trainer -   Model loaded from output_dir/TimeLLM_DisCAUEEGTUAB_train/TimeLLM-0.bin (21/23 keys)
08/13/2026 01:25:30 - INFO - utils.trainer -   Loss: 0.67023
08/13/2026 01:25:30 - INFO - utils.trainer -   AUC: 0.74155
08/13/2026 01:25:30 - INFO - utils.trainer -   Accuracy: 0.68260
08/13/2026 01:25:30 - INFO - utils.trainer -   Precision: 0.68956
08/13/2026 01:25:30 - INFO - utils.trainer -   Specificity: 0.73031
08/13/2026 01:25:30 - INFO - utils.trainer -   Sensitivity: 0.63224
08/13/2026 01:25:30 - INFO - utils.trainer -   === Best epoch test result ===
08/13/2026 01:25:30 - INFO - utils.trainer -     Loss: 0.67023
08/13/2026 01:25:30 - INFO - utils.trainer -     AUC: 0.74155
08/13/2026 01:25:30 - INFO - utils.trainer -     Accuracy: 0.68260
08/13/2026 01:25:30 - INFO - utils.trainer -     Precision: 0.68956
08/13/2026 01:25:30 - INFO - utils.trainer -     Specificity: 0.73031
08/13/2026 01:25:30 - INFO - utils.trainer -     Sensitivity: 0.63224
08/13/2026 01:25:30 - INFO - utils.trainer -   Model saved to output_dir/TimeLLM_DisCAUEEGTUAB_train/final-epoch-200
08/13/2026 01:25:30 - INFO - utils.trainer -   Final model saved at epoch 200
