08/18/2026 05:45:49 - INFO - __main__ -   ########## Repeat:0 ##########
08/18/2026 05:45:49 - INFO - utils.trainer -   ***** Running training *****
08/18/2026 05:45:49 - INFO - utils.trainer -     Num examples = 161
08/18/2026 05:45:49 - INFO - utils.trainer -     Num Epochs = 200
08/18/2026 05:45:49 - INFO - utils.trainer -     Total train batch size = 4
08/18/2026 05:45:49 - INFO - utils.trainer -     warmup steps = 400
08/18/2026 05:45:49 - INFO - utils.trainer -     Total optimization steps = 32200
08/18/2026 05:45:49 - INFO - utils.trainer -     Save steps = 25
08/18/2026 05:46:45 - INFO - utils.trainer -   ***** Running regression evaluation on val0 dataset *****
08/18/2026 05:46:51 - INFO - utils.trainer -   Loss: 0.01394
08/18/2026 05:46:51 - INFO - utils.trainer -   MSE: 147.82446
08/18/2026 05:46:51 - INFO - utils.trainer -   MAE: 10.09113
08/18/2026 05:46:51 - INFO - utils.trainer -   RMSE: 12.15831
08/18/2026 05:46:51 - INFO - utils.trainer -   R2: -0.33287
08/18/2026 05:46:51 - INFO - utils.trainer -   PearsonR: -0.01791
08/18/2026 05:46:52 - INFO - utils.trainer -   Model saved to output_dir/TimeLLM_AgeCAUEEG_train
08/18/2026 05:46:52 - INFO - utils.trainer -   Best model saved (val_Loss=0.0139)
08/18/2026 05:46:52 - INFO - utils.trainer -   Epoch: 1, Loss: 0.09754, Val loss: 0.01394, Val Loss: 0.0139, Best val Loss: 0.0139, No improve: 0/10, Time: 56.0s
08/18/2026 05:47:48 - INFO - utils.trainer -   ***** Running regression evaluation on val0 dataset *****
08/18/2026 05:47:54 - INFO - utils.trainer -   Loss: 0.01027
08/18/2026 05:47:54 - INFO - utils.trainer -   MSE: 109.25378
08/18/2026 05:47:54 - INFO - utils.trainer -   MAE: 8.27714
08/18/2026 05:47:54 - INFO - utils.trainer -   RMSE: 10.45245
08/18/2026 05:47:54 - INFO - utils.trainer -   R2: 0.01491
08/18/2026 05:47:54 - INFO - utils.trainer -   PearsonR: 0.13940
08/18/2026 05:47:55 - INFO - utils.trainer -   Model saved to output_dir/TimeLLM_AgeCAUEEG_train
08/18/2026 05:47:55 - INFO - utils.trainer -   Best model saved (val_Loss=0.0103)
08/18/2026 05:47:55 - INFO - utils.trainer -   Epoch: 2, Loss: 0.03867, Val loss: 0.01027, Val Loss: 0.0103, Best val Loss: 0.0103, No improve: 0/10, Time: 56.6s
08/18/2026 05:48:51 - INFO - utils.trainer -   ***** Running regression evaluation on val0 dataset *****
08/18/2026 05:48:57 - INFO - utils.trainer -   Loss: 0.01040
08/18/2026 05:48:57 - INFO - utils.trainer -   MSE: 110.54937
08/18/2026 05:48:57 - INFO - utils.trainer -   MAE: 8.48627
08/18/2026 05:48:57 - INFO - utils.trainer -   RMSE: 10.51425
08/18/2026 05:48:57 - INFO - utils.trainer -   R2: 0.00323
08/18/2026 05:48:57 - INFO - utils.trainer -   PearsonR: 0.13324
08/18/2026 05:48:57 - INFO - utils.trainer -   Epoch: 3, Loss: 0.04045, Val loss: 0.01040, Val Loss: 0.0104, Best val Loss: 0.0103, No improve: 1/10, Time: 56.0s
08/18/2026 05:49:52 - INFO - utils.trainer -   ***** Running regression evaluation on val0 dataset *****
08/18/2026 05:49:58 - INFO - utils.trainer -   Loss: 0.00981
08/18/2026 05:49:58 - INFO - utils.trainer -   MSE: 104.37606
08/18/2026 05:49:58 - INFO - utils.trainer -   MAE: 8.14512
08/18/2026 05:49:58 - INFO - utils.trainer -   RMSE: 10.21646
08/18/2026 05:49:58 - INFO - utils.trainer -   R2: 0.05889
08/18/2026 05:49:58 - INFO - utils.trainer -   PearsonR: 0.31122
08/18/2026 05:49:59 - INFO - utils.trainer -   Model saved to output_dir/TimeLLM_AgeCAUEEG_train
08/18/2026 05:49:59 - INFO - utils.trainer -   Best model saved (val_Loss=0.0098)
08/18/2026 05:49:59 - INFO - utils.trainer -   Epoch: 4, Loss: 0.03786, Val loss: 0.00981, Val Loss: 0.0098, Best val Loss: 0.0098, No improve: 0/10, Time: 55.6s
08/18/2026 05:50:55 - INFO - utils.trainer -   ***** Running regression evaluation on val0 dataset *****
08/18/2026 05:51:00 - INFO - utils.trainer -   Loss: 0.01082
08/18/2026 05:51:00 - INFO - utils.trainer -   MSE: 115.37621
08/18/2026 05:51:00 - INFO - utils.trainer -   MAE: 8.45981
08/18/2026 05:51:00 - INFO - utils.trainer -   RMSE: 10.74133
08/18/2026 05:51:00 - INFO - utils.trainer -   R2: -0.04030
08/18/2026 05:51:00 - INFO - utils.trainer -   PearsonR: 0.32273
08/18/2026 05:51:00 - INFO - utils.trainer -   Epoch: 5, Loss: 0.03721, Val loss: 0.01082, Val Loss: 0.0108, Best val Loss: 0.0098, No improve: 1/10, Time: 55.6s
08/18/2026 05:51:56 - INFO - utils.trainer -   ***** Running regression evaluation on val0 dataset *****
08/18/2026 05:52:02 - INFO - utils.trainer -   Loss: 0.01127
08/18/2026 05:52:02 - INFO - utils.trainer -   MSE: 119.64640
08/18/2026 05:52:02 - INFO - utils.trainer -   MAE: 9.10720
08/18/2026 05:52:02 - INFO - utils.trainer -   RMSE: 10.93830
08/18/2026 05:52:02 - INFO - utils.trainer -   R2: -0.07880
08/18/2026 05:52:02 - INFO - utils.trainer -   PearsonR: 0.36585
08/18/2026 05:52:02 - INFO - utils.trainer -   Epoch: 6, Loss: 0.03541, Val loss: 0.01127, Val Loss: 0.0113, Best val Loss: 0.0098, No improve: 2/10, Time: 55.8s
08/18/2026 05:52:58 - INFO - utils.trainer -   ***** Running regression evaluation on val0 dataset *****
08/18/2026 05:53:04 - INFO - utils.trainer -   Loss: 0.01506
08/18/2026 05:53:04 - INFO - utils.trainer -   MSE: 160.32535
08/18/2026 05:53:04 - INFO - utils.trainer -   MAE: 10.54667
08/18/2026 05:53:04 - INFO - utils.trainer -   RMSE: 12.66196
08/18/2026 05:53:04 - INFO - utils.trainer -   R2: -0.44558
08/18/2026 05:53:04 - INFO - utils.trainer -   PearsonR: 0.35960
08/18/2026 05:53:04 - INFO - utils.trainer -   Epoch: 7, Loss: 0.03946, Val loss: 0.01506, Val Loss: 0.0151, Best val Loss: 0.0098, No improve: 3/10, Time: 55.7s
08/18/2026 05:53:59 - INFO - utils.trainer -   ***** Running regression evaluation on val0 dataset *****
08/18/2026 05:54:05 - INFO - utils.trainer -   Loss: 0.01439
08/18/2026 05:54:05 - INFO - utils.trainer -   MSE: 152.59085
08/18/2026 05:54:05 - INFO - utils.trainer -   MAE: 10.27141
08/18/2026 05:54:05 - INFO - utils.trainer -   RMSE: 12.35277
08/18/2026 05:54:05 - INFO - utils.trainer -   R2: -0.37584
08/18/2026 05:54:05 - INFO - utils.trainer -   PearsonR: 0.35961
08/18/2026 05:54:05 - INFO - utils.trainer -   Epoch: 8, Loss: 0.03422, Val loss: 0.01439, Val Loss: 0.0144, Best val Loss: 0.0098, No improve: 4/10, Time: 55.8s
08/18/2026 05:55:01 - INFO - utils.trainer -   ***** Running regression evaluation on val0 dataset *****
08/18/2026 05:55:07 - INFO - utils.trainer -   Loss: 0.02015
08/18/2026 05:55:07 - INFO - utils.trainer -   MSE: 213.99474
08/18/2026 05:55:07 - INFO - utils.trainer -   MAE: 12.33815
08/18/2026 05:55:07 - INFO - utils.trainer -   RMSE: 14.62856
08/18/2026 05:55:07 - INFO - utils.trainer -   R2: -0.92949
08/18/2026 05:55:07 - INFO - utils.trainer -   PearsonR: 0.35502
08/18/2026 05:55:07 - INFO - utils.trainer -   Epoch: 9, Loss: 0.03488, Val loss: 0.02015, Val Loss: 0.0201, Best val Loss: 0.0098, No improve: 5/10, Time: 55.8s
08/18/2026 05:56:03 - INFO - utils.trainer -   ***** Running regression evaluation on val0 dataset *****
08/18/2026 05:56:09 - INFO - utils.trainer -   Loss: 0.01883
08/18/2026 05:56:09 - INFO - utils.trainer -   MSE: 199.96770
08/18/2026 05:56:09 - INFO - utils.trainer -   MAE: 11.85818
08/18/2026 05:56:09 - INFO - utils.trainer -   RMSE: 14.14099
08/18/2026 05:56:09 - INFO - utils.trainer -   R2: -0.80302
08/18/2026 05:56:09 - INFO - utils.trainer -   PearsonR: 0.35786
08/18/2026 05:56:09 - INFO - utils.trainer -   Epoch: 10, Loss: 0.03588, Val loss: 0.01883, Val Loss: 0.0188, Best val Loss: 0.0098, No improve: 6/10, Time: 55.8s
08/18/2026 05:57:04 - INFO - utils.trainer -   ***** Running regression evaluation on val0 dataset *****
08/18/2026 05:57:10 - INFO - utils.trainer -   Loss: 0.00997
08/18/2026 05:57:10 - INFO - utils.trainer -   MSE: 106.04120
08/18/2026 05:57:10 - INFO - utils.trainer -   MAE: 8.18219
08/18/2026 05:57:10 - INFO - utils.trainer -   RMSE: 10.29763
08/18/2026 05:57:10 - INFO - utils.trainer -   R2: 0.04387
08/18/2026 05:57:10 - INFO - utils.trainer -   PearsonR: 0.40166
08/18/2026 05:57:10 - INFO - utils.trainer -   Epoch: 11, Loss: 0.03866, Val loss: 0.00997, Val Loss: 0.0100, Best val Loss: 0.0098, No improve: 7/10, Time: 55.8s
08/18/2026 05:58:06 - INFO - utils.trainer -   ***** Running regression evaluation on val0 dataset *****
08/18/2026 05:58:12 - INFO - utils.trainer -   Loss: 0.00889
08/18/2026 05:58:12 - INFO - utils.trainer -   MSE: 94.05925
08/18/2026 05:58:12 - INFO - utils.trainer -   MAE: 7.97921
08/18/2026 05:58:12 - INFO - utils.trainer -   RMSE: 9.69841
08/18/2026 05:58:12 - INFO - utils.trainer -   R2: 0.15191
08/18/2026 05:58:12 - INFO - utils.trainer -   PearsonR: 0.39068
08/18/2026 05:58:13 - INFO - utils.trainer -   Model saved to output_dir/TimeLLM_AgeCAUEEG_train
08/18/2026 05:58:13 - INFO - utils.trainer -   Best model saved (val_Loss=0.0089)
08/18/2026 05:58:13 - INFO - utils.trainer -   Epoch: 12, Loss: 0.02623, Val loss: 0.00889, Val Loss: 0.0089, Best val Loss: 0.0089, No improve: 0/10, Time: 55.7s
08/18/2026 05:59:08 - INFO - utils.trainer -   ***** Running regression evaluation on val0 dataset *****
08/18/2026 05:59:14 - INFO - utils.trainer -   Loss: 0.00955
08/18/2026 05:59:14 - INFO - utils.trainer -   MSE: 101.21593
08/18/2026 05:59:14 - INFO - utils.trainer -   MAE: 8.29562
08/18/2026 05:59:14 - INFO - utils.trainer -   RMSE: 10.06061
08/18/2026 05:59:14 - INFO - utils.trainer -   R2: 0.08738
08/18/2026 05:59:14 - INFO - utils.trainer -   PearsonR: 0.41363
08/18/2026 05:59:14 - INFO - utils.trainer -   Epoch: 13, Loss: 0.02938, Val loss: 0.00955, Val Loss: 0.0095, Best val Loss: 0.0089, No improve: 1/10, Time: 55.8s
08/18/2026 06:00:10 - INFO - utils.trainer -   ***** Running regression evaluation on val0 dataset *****
08/18/2026 06:00:16 - INFO - utils.trainer -   Loss: 0.00918
08/18/2026 06:00:16 - INFO - utils.trainer -   MSE: 97.19273
08/18/2026 06:00:16 - INFO - utils.trainer -   MAE: 8.10203
08/18/2026 06:00:16 - INFO - utils.trainer -   RMSE: 9.85864
08/18/2026 06:00:16 - INFO - utils.trainer -   R2: 0.12366
08/18/2026 06:00:16 - INFO - utils.trainer -   PearsonR: 0.42370
08/18/2026 06:00:16 - INFO - utils.trainer -   Epoch: 14, Loss: 0.02539, Val loss: 0.00918, Val Loss: 0.0092, Best val Loss: 0.0089, No improve: 2/10, Time: 55.8s
08/18/2026 06:01:12 - INFO - utils.trainer -   ***** Running regression evaluation on val0 dataset *****
08/18/2026 06:01:18 - INFO - utils.trainer -   Loss: 0.01079
08/18/2026 06:01:18 - INFO - utils.trainer -   MSE: 114.34923
08/18/2026 06:01:18 - INFO - utils.trainer -   MAE: 8.86217
08/18/2026 06:01:18 - INFO - utils.trainer -   RMSE: 10.69342
08/18/2026 06:01:18 - INFO - utils.trainer -   R2: -0.03104
08/18/2026 06:01:18 - INFO - utils.trainer -   PearsonR: 0.38722
08/18/2026 06:01:18 - INFO - utils.trainer -   Epoch: 15, Loss: 0.03244, Val loss: 0.01079, Val Loss: 0.0108, Best val Loss: 0.0089, No improve: 3/10, Time: 56.7s
08/18/2026 06:02:14 - INFO - utils.trainer -   ***** Running regression evaluation on val0 dataset *****
08/18/2026 06:02:20 - INFO - utils.trainer -   Loss: 0.01043
08/18/2026 06:02:20 - INFO - utils.trainer -   MSE: 110.26158
08/18/2026 06:02:20 - INFO - utils.trainer -   MAE: 8.63144
08/18/2026 06:02:20 - INFO - utils.trainer -   RMSE: 10.50055
08/18/2026 06:02:20 - INFO - utils.trainer -   R2: 0.00582
08/18/2026 06:02:20 - INFO - utils.trainer -   PearsonR: 0.39068
08/18/2026 06:02:20 - INFO - utils.trainer -   Epoch: 16, Loss: 0.02622, Val loss: 0.01043, Val Loss: 0.0104, Best val Loss: 0.0089, No improve: 4/10, Time: 55.7s
08/18/2026 06:03:16 - INFO - utils.trainer -   ***** Running regression evaluation on val0 dataset *****
08/18/2026 06:03:22 - INFO - utils.trainer -   Loss: 0.00861
08/18/2026 06:03:22 - INFO - utils.trainer -   MSE: 91.26314
08/18/2026 06:03:22 - INFO - utils.trainer -   MAE: 7.82456
08/18/2026 06:03:22 - INFO - utils.trainer -   RMSE: 9.55317
08/18/2026 06:03:22 - INFO - utils.trainer -   R2: 0.17712
08/18/2026 06:03:22 - INFO - utils.trainer -   PearsonR: 0.42494
08/18/2026 06:03:23 - INFO - utils.trainer -   Model saved to output_dir/TimeLLM_AgeCAUEEG_train
08/18/2026 06:03:23 - INFO - utils.trainer -   Best model saved (val_Loss=0.0086)
08/18/2026 06:03:23 - INFO - utils.trainer -   Epoch: 17, Loss: 0.02583, Val loss: 0.00861, Val Loss: 0.0086, Best val Loss: 0.0086, No improve: 0/10, Time: 55.9s
08/18/2026 06:04:18 - INFO - utils.trainer -   ***** Running regression evaluation on val0 dataset *****
08/18/2026 06:04:24 - INFO - utils.trainer -   Loss: 0.00917
08/18/2026 06:04:24 - INFO - utils.trainer -   MSE: 97.14630
08/18/2026 06:04:24 - INFO - utils.trainer -   MAE: 8.08421
08/18/2026 06:04:24 - INFO - utils.trainer -   RMSE: 9.85628
08/18/2026 06:04:24 - INFO - utils.trainer -   R2: 0.12408
08/18/2026 06:04:24 - INFO - utils.trainer -   PearsonR: 0.36396
08/18/2026 06:04:24 - INFO - utils.trainer -   Epoch: 18, Loss: 0.02248, Val loss: 0.00917, Val Loss: 0.0092, Best val Loss: 0.0086, No improve: 1/10, Time: 55.7s
08/18/2026 06:05:20 - INFO - utils.trainer -   ***** Running regression evaluation on val0 dataset *****
08/18/2026 06:05:26 - INFO - utils.trainer -   Loss: 0.00980
08/18/2026 06:05:26 - INFO - utils.trainer -   MSE: 103.84010
08/18/2026 06:05:26 - INFO - utils.trainer -   MAE: 8.41446
08/18/2026 06:05:26 - INFO - utils.trainer -   RMSE: 10.19020
08/18/2026 06:05:26 - INFO - utils.trainer -   R2: 0.06372
08/18/2026 06:05:26 - INFO - utils.trainer -   PearsonR: 0.39354
08/18/2026 06:05:26 - INFO - utils.trainer -   Epoch: 19, Loss: 0.03560, Val loss: 0.00980, Val Loss: 0.0098, Best val Loss: 0.0086, No improve: 2/10, Time: 55.8s
08/18/2026 06:06:22 - INFO - utils.trainer -   ***** Running regression evaluation on val0 dataset *****
08/18/2026 06:06:27 - INFO - utils.trainer -   Loss: 0.01050
08/18/2026 06:06:27 - INFO - utils.trainer -   MSE: 111.28983
08/18/2026 06:06:27 - INFO - utils.trainer -   MAE: 8.70027
08/18/2026 06:06:27 - INFO - utils.trainer -   RMSE: 10.54940
08/18/2026 06:06:27 - INFO - utils.trainer -   R2: -0.00345
08/18/2026 06:06:27 - INFO - utils.trainer -   PearsonR: 0.41476
08/18/2026 06:06:27 - INFO - utils.trainer -   Epoch: 20, Loss: 0.03509, Val loss: 0.01050, Val Loss: 0.0105, Best val Loss: 0.0086, No improve: 3/10, Time: 55.9s
08/18/2026 06:07:23 - INFO - utils.trainer -   ***** Running regression evaluation on val0 dataset *****
08/18/2026 06:07:29 - INFO - utils.trainer -   Loss: 0.01296
08/18/2026 06:07:29 - INFO - utils.trainer -   MSE: 137.04712
08/18/2026 06:07:29 - INFO - utils.trainer -   MAE: 9.63996
08/18/2026 06:07:29 - INFO - utils.trainer -   RMSE: 11.70671
08/18/2026 06:07:29 - INFO - utils.trainer -   R2: -0.23569
08/18/2026 06:07:29 - INFO - utils.trainer -   PearsonR: 0.42093
08/18/2026 06:07:29 - INFO - utils.trainer -   Epoch: 21, Loss: 0.03188, Val loss: 0.01296, Val Loss: 0.0130, Best val Loss: 0.0086, No improve: 4/10, Time: 55.8s
08/18/2026 06:08:25 - INFO - utils.trainer -   ***** Running regression evaluation on val0 dataset *****
08/18/2026 06:08:31 - INFO - utils.trainer -   Loss: 0.01273
08/18/2026 06:08:31 - INFO - utils.trainer -   MSE: 134.66914
08/18/2026 06:08:31 - INFO - utils.trainer -   MAE: 9.59572
08/18/2026 06:08:31 - INFO - utils.trainer -   RMSE: 11.60470
08/18/2026 06:08:31 - INFO - utils.trainer -   R2: -0.21425
08/18/2026 06:08:31 - INFO - utils.trainer -   PearsonR: 0.42374
08/18/2026 06:08:31 - INFO - utils.trainer -   Epoch: 22, Loss: 0.02645, Val loss: 0.01273, Val Loss: 0.0127, Best val Loss: 0.0086, No improve: 5/10, Time: 55.7s
08/18/2026 06:09:26 - INFO - utils.trainer -   ***** Running regression evaluation on val0 dataset *****
08/18/2026 06:09:32 - INFO - utils.trainer -   Loss: 0.00927
08/18/2026 06:09:32 - INFO - utils.trainer -   MSE: 97.97585
08/18/2026 06:09:32 - INFO - utils.trainer -   MAE: 8.13285
08/18/2026 06:09:32 - INFO - utils.trainer -   RMSE: 9.89827
08/18/2026 06:09:32 - INFO - utils.trainer -   R2: 0.11660
08/18/2026 06:09:32 - INFO - utils.trainer -   PearsonR: 0.42519
08/18/2026 06:09:32 - INFO - utils.trainer -   Epoch: 23, Loss: 0.02933, Val loss: 0.00927, Val Loss: 0.0093, Best val Loss: 0.0086, No improve: 6/10, Time: 55.7s
08/18/2026 06:10:28 - INFO - utils.trainer -   ***** Running regression evaluation on val0 dataset *****
08/18/2026 06:10:34 - INFO - utils.trainer -   Loss: 0.00987
08/18/2026 06:10:34 - INFO - utils.trainer -   MSE: 104.26865
08/18/2026 06:10:34 - INFO - utils.trainer -   MAE: 8.38906
08/18/2026 06:10:34 - INFO - utils.trainer -   RMSE: 10.21120
08/18/2026 06:10:34 - INFO - utils.trainer -   R2: 0.05986
08/18/2026 06:10:34 - INFO - utils.trainer -   PearsonR: 0.38880
08/18/2026 06:10:34 - INFO - utils.trainer -   Epoch: 24, Loss: 0.02603, Val loss: 0.00987, Val Loss: 0.0099, Best val Loss: 0.0086, No improve: 7/10, Time: 55.7s
08/18/2026 06:11:30 - INFO - utils.trainer -   ***** Running regression evaluation on val0 dataset *****
08/18/2026 06:11:35 - INFO - utils.trainer -   Loss: 0.01117
08/18/2026 06:11:35 - INFO - utils.trainer -   MSE: 118.38793
08/18/2026 06:11:35 - INFO - utils.trainer -   MAE: 8.92205
08/18/2026 06:11:35 - INFO - utils.trainer -   RMSE: 10.88062
08/18/2026 06:11:35 - INFO - utils.trainer -   R2: -0.06745
08/18/2026 06:11:35 - INFO - utils.trainer -   PearsonR: 0.41875
08/18/2026 06:11:36 - INFO - utils.trainer -   Model saved to output_dir/TimeLLM_AgeCAUEEG_train/checkpoint-epoch-25
08/18/2026 06:11:36 - INFO - utils.trainer -   Checkpoint saved at epoch 25
08/18/2026 06:11:36 - INFO - utils.trainer -   Epoch: 25, Loss: 0.03104, Val loss: 0.01117, Val Loss: 0.0112, Best val Loss: 0.0086, No improve: 8/10, Time: 55.8s
08/18/2026 06:12:32 - INFO - utils.trainer -   ***** Running regression evaluation on val0 dataset *****
08/18/2026 06:12:38 - INFO - utils.trainer -   Loss: 0.00865
08/18/2026 06:12:38 - INFO - utils.trainer -   MSE: 91.55531
08/18/2026 06:12:38 - INFO - utils.trainer -   MAE: 7.73937
08/18/2026 06:12:38 - INFO - utils.trainer -   RMSE: 9.56845
08/18/2026 06:12:38 - INFO - utils.trainer -   R2: 0.17449
08/18/2026 06:12:38 - INFO - utils.trainer -   PearsonR: 0.42132
08/18/2026 06:12:38 - INFO - utils.trainer -   Epoch: 26, Loss: 0.03014, Val loss: 0.00865, Val Loss: 0.0086, Best val Loss: 0.0086, No improve: 9/10, Time: 55.8s
08/18/2026 06:13:33 - INFO - utils.trainer -   ***** Running regression evaluation on val0 dataset *****
08/18/2026 06:13:39 - INFO - utils.trainer -   Loss: 0.01169
08/18/2026 06:13:39 - INFO - utils.trainer -   MSE: 123.34625
08/18/2026 06:13:39 - INFO - utils.trainer -   MAE: 9.02626
08/18/2026 06:13:39 - INFO - utils.trainer -   RMSE: 11.10614
08/18/2026 06:13:39 - INFO - utils.trainer -   R2: -0.11216
08/18/2026 06:13:39 - INFO - utils.trainer -   PearsonR: 0.42431
08/18/2026 06:13:39 - INFO - utils.trainer -   Epoch: 27, Loss: 0.02548, Val loss: 0.01169, Val Loss: 0.0117, Best val Loss: 0.0086, No improve: 10/10, Time: 55.7s
08/18/2026 06:13:39 - INFO - utils.trainer -   Early stopping triggered at epoch 27
08/18/2026 06:13:39 - INFO - utils.trainer -   Early stopping triggered at epoch 27
08/18/2026 06:13:39 - INFO - utils.trainer -   Early stopping triggered at epoch 27
08/18/2026 06:13:39 - INFO - utils.trainer -   Early stopping triggered at epoch 27
08/18/2026 06:13:39 - INFO - utils.trainer -   Early stopping triggered at epoch 27
08/18/2026 06:13:39 - INFO - utils.trainer -   Early stopping triggered at epoch 27
08/18/2026 06:13:40 - INFO - utils.trainer -     2 prompt-buffer key(s) skipped (kept target-dataset prompt)
08/18/2026 06:13:40 - INFO - utils.trainer -     582 keys not in checkpoint (kept from init)
08/18/2026 06:13:40 - INFO - utils.trainer -   Model loaded from output_dir/TimeLLM_AgeCAUEEG_train/TimeLLM-0.bin (26/28 keys)
08/18/2026 06:13:40 - INFO - utils.trainer -   ***** Running regression evaluation on test0 dataset *****
08/18/2026 06:13:40 - INFO - utils.trainer -     2 prompt-buffer key(s) skipped (kept target-dataset prompt)
08/18/2026 06:13:40 - INFO - utils.trainer -     582 keys not in checkpoint (kept from init)
08/18/2026 06:13:40 - INFO - utils.trainer -   Model loaded from output_dir/TimeLLM_AgeCAUEEG_train/TimeLLM-0.bin (26/28 keys)
08/18/2026 06:13:40 - INFO - utils.trainer -     2 prompt-buffer key(s) skipped (kept target-dataset prompt)
08/18/2026 06:13:40 - INFO - utils.trainer -     582 keys not in checkpoint (kept from init)
08/18/2026 06:13:40 - INFO - utils.trainer -   Model loaded from output_dir/TimeLLM_AgeCAUEEG_train/TimeLLM-0.bin (26/28 keys)
08/18/2026 06:13:40 - INFO - utils.trainer -     2 prompt-buffer key(s) skipped (kept target-dataset prompt)
08/18/2026 06:13:40 - INFO - utils.trainer -     582 keys not in checkpoint (kept from init)
08/18/2026 06:13:40 - INFO - utils.trainer -   Model loaded from output_dir/TimeLLM_AgeCAUEEG_train/TimeLLM-0.bin (26/28 keys)
08/18/2026 06:13:40 - INFO - utils.trainer -     2 prompt-buffer key(s) skipped (kept target-dataset prompt)
08/18/2026 06:13:40 - INFO - utils.trainer -     582 keys not in checkpoint (kept from init)
08/18/2026 06:13:40 - INFO - utils.trainer -   Model loaded from output_dir/TimeLLM_AgeCAUEEG_train/TimeLLM-0.bin (26/28 keys)
08/18/2026 06:13:40 - INFO - utils.trainer -     2 prompt-buffer key(s) skipped (kept target-dataset prompt)
08/18/2026 06:13:40 - INFO - utils.trainer -     582 keys not in checkpoint (kept from init)
08/18/2026 06:13:40 - INFO - utils.trainer -   Model loaded from output_dir/TimeLLM_AgeCAUEEG_train/TimeLLM-0.bin (26/28 keys)
08/18/2026 06:13:45 - INFO - utils.trainer -   Loss: 0.00856
08/18/2026 06:13:45 - INFO - utils.trainer -   MSE: 91.17409
08/18/2026 06:13:45 - INFO - utils.trainer -   MAE: 7.72454
08/18/2026 06:13:45 - INFO - utils.trainer -   RMSE: 9.54851
08/18/2026 06:13:45 - INFO - utils.trainer -   R2: 0.09079
08/18/2026 06:13:45 - INFO - utils.trainer -   PearsonR: 0.33802
08/18/2026 06:13:45 - INFO - utils.trainer -   === Best epoch test result ===
08/18/2026 06:13:45 - INFO - utils.trainer -     Loss: 0.00856
08/18/2026 06:13:45 - INFO - utils.trainer -     MSE: 91.17409
08/18/2026 06:13:45 - INFO - utils.trainer -     MAE: 7.72454
08/18/2026 06:13:45 - INFO - utils.trainer -     RMSE: 9.54851
08/18/2026 06:13:45 - INFO - utils.trainer -     R2: 0.09079
08/18/2026 06:13:45 - INFO - utils.trainer -     PearsonR: 0.33802
08/18/2026 06:13:47 - INFO - utils.trainer -   Model saved to output_dir/TimeLLM_AgeCAUEEG_train/final-epoch-200
08/18/2026 06:13:47 - INFO - utils.trainer -   Final model saved at epoch 200
