08/06/2026 21:36:35 - INFO - __main__ -   ########## Repeat:0 ##########
08/06/2026 21:36:35 - INFO - utils.trainer -   ***** Running training *****
08/06/2026 21:36:35 - INFO - utils.trainer -     Num examples = 44
08/06/2026 21:36:35 - INFO - utils.trainer -     Num Epochs = 200
08/06/2026 21:36:35 - INFO - utils.trainer -     Total train batch size = 2
08/06/2026 21:36:35 - INFO - utils.trainer -     warmup steps = 400
08/06/2026 21:36:35 - INFO - utils.trainer -     Total optimization steps = 8800
08/06/2026 21:36:35 - INFO - utils.trainer -     Save steps = 200
08/06/2026 21:36:37 - INFO - utils.trainer -   ***** Running evaluation on val dataset *****
08/06/2026 21:36:38 - INFO - utils.trainer -   Loss: 1.31481
08/06/2026 21:36:38 - INFO - utils.trainer -   AUC: 0.92904
08/06/2026 21:36:38 - INFO - utils.trainer -   Accuracy: 0.57018
08/06/2026 21:36:38 - INFO - utils.trainer -   Precision: 0.00000
08/06/2026 21:36:38 - INFO - utils.trainer -   Specificity: 1.00000
08/06/2026 21:36:38 - INFO - utils.trainer -   Sensitivity: 0.00000
08/06/2026 21:36:38 - INFO - utils.trainer -   Model saved to output_dir/ALTER_DiseaseDS_train
08/06/2026 21:36:38 - INFO - utils.trainer -   Best model saved (val_AUC=0.9290)
08/06/2026 21:36:38 - INFO - utils.trainer -   Epoch: 1, Loss: 1.38251, Val loss: 1.31481, Val AUC: 0.9290, Best val AUC: 0.9290, No improve: 0/25, Time: 2.1s
08/06/2026 21:36:40 - INFO - utils.trainer -   ***** Running evaluation on val dataset *****
08/06/2026 21:36:41 - INFO - utils.trainer -   Loss: 1.31347
08/06/2026 21:36:41 - INFO - utils.trainer -   AUC: 0.96107
08/06/2026 21:36:41 - INFO - utils.trainer -   Accuracy: 0.57018
08/06/2026 21:36:41 - INFO - utils.trainer -   Precision: 0.00000
08/06/2026 21:36:41 - INFO - utils.trainer -   Specificity: 1.00000
08/06/2026 21:36:41 - INFO - utils.trainer -   Sensitivity: 0.00000
08/06/2026 21:36:41 - INFO - utils.trainer -   Model saved to output_dir/ALTER_DiseaseDS_train
08/06/2026 21:36:41 - INFO - utils.trainer -   Best model saved (val_AUC=0.9611)
08/06/2026 21:36:41 - INFO - utils.trainer -   Epoch: 2, Loss: 1.38748, Val loss: 1.31347, Val AUC: 0.9611, Best val AUC: 0.9611, No improve: 0/25, Time: 2.2s
08/06/2026 21:36:42 - INFO - utils.trainer -   ***** Running evaluation on val dataset *****
08/06/2026 21:36:43 - INFO - utils.trainer -   Loss: 1.31575
08/06/2026 21:36:43 - INFO - utils.trainer -   AUC: 0.45746
08/06/2026 21:36:43 - INFO - utils.trainer -   Accuracy: 0.57018
08/06/2026 21:36:43 - INFO - utils.trainer -   Precision: 0.00000
08/06/2026 21:36:43 - INFO - utils.trainer -   Specificity: 1.00000
08/06/2026 21:36:43 - INFO - utils.trainer -   Sensitivity: 0.00000
08/06/2026 21:36:43 - INFO - utils.trainer -   Epoch: 3, Loss: 1.38515, Val loss: 1.31575, Val AUC: 0.4575, Best val AUC: 0.9611, No improve: 1/25, Time: 1.6s
08/06/2026 21:36:45 - INFO - utils.trainer -   ***** Running evaluation on val dataset *****
08/06/2026 21:36:45 - INFO - utils.trainer -   Loss: 1.31593
08/06/2026 21:36:45 - INFO - utils.trainer -   AUC: 0.85636
08/06/2026 21:36:45 - INFO - utils.trainer -   Accuracy: 0.57018
08/06/2026 21:36:45 - INFO - utils.trainer -   Precision: 0.00000
08/06/2026 21:36:45 - INFO - utils.trainer -   Specificity: 1.00000
08/06/2026 21:36:45 - INFO - utils.trainer -   Sensitivity: 0.00000
08/06/2026 21:36:45 - INFO - utils.trainer -   Epoch: 4, Loss: 1.38593, Val loss: 1.31593, Val AUC: 0.8564, Best val AUC: 0.9611, No improve: 2/25, Time: 1.9s
08/06/2026 21:36:47 - INFO - utils.trainer -   ***** Running evaluation on val dataset *****
08/06/2026 21:36:48 - INFO - utils.trainer -   Loss: 1.31668
08/06/2026 21:36:48 - INFO - utils.trainer -   AUC: 0.70911
08/06/2026 21:36:48 - INFO - utils.trainer -   Accuracy: 0.57018
08/06/2026 21:36:48 - INFO - utils.trainer -   Precision: 0.00000
08/06/2026 21:36:48 - INFO - utils.trainer -   Specificity: 1.00000
08/06/2026 21:36:48 - INFO - utils.trainer -   Sensitivity: 0.00000
08/06/2026 21:36:48 - INFO - utils.trainer -   Epoch: 5, Loss: 1.38716, Val loss: 1.31668, Val AUC: 0.7091, Best val AUC: 0.9611, No improve: 3/25, Time: 1.9s
08/06/2026 21:36:50 - INFO - utils.trainer -   ***** Running evaluation on val dataset *****
08/06/2026 21:36:51 - INFO - utils.trainer -   Loss: 1.31573
08/06/2026 21:36:51 - INFO - utils.trainer -   AUC: 0.85777
08/06/2026 21:36:51 - INFO - utils.trainer -   Accuracy: 0.57018
08/06/2026 21:36:51 - INFO - utils.trainer -   Precision: 0.00000
08/06/2026 21:36:51 - INFO - utils.trainer -   Specificity: 1.00000
08/06/2026 21:36:51 - INFO - utils.trainer -   Sensitivity: 0.00000
08/06/2026 21:36:51 - INFO - utils.trainer -   Epoch: 6, Loss: 1.38658, Val loss: 1.31573, Val AUC: 0.8578, Best val AUC: 0.9611, No improve: 4/25, Time: 2.1s
08/06/2026 21:36:53 - INFO - utils.trainer -   ***** Running evaluation on val dataset *****
08/06/2026 21:36:53 - INFO - utils.trainer -   Loss: 1.31450
08/06/2026 21:36:53 - INFO - utils.trainer -   AUC: 0.88383
08/06/2026 21:36:53 - INFO - utils.trainer -   Accuracy: 0.57018
08/06/2026 21:36:53 - INFO - utils.trainer -   Precision: 0.00000
08/06/2026 21:36:53 - INFO - utils.trainer -   Specificity: 1.00000
08/06/2026 21:36:53 - INFO - utils.trainer -   Sensitivity: 0.00000
08/06/2026 21:36:53 - INFO - utils.trainer -   Epoch: 7, Loss: 1.38676, Val loss: 1.31450, Val AUC: 0.8838, Best val AUC: 0.9611, No improve: 5/25, Time: 1.9s
08/06/2026 21:36:55 - INFO - utils.trainer -   ***** Running evaluation on val dataset *****
08/06/2026 21:36:56 - INFO - utils.trainer -   Loss: 1.31419
08/06/2026 21:36:56 - INFO - utils.trainer -   AUC: 0.87190
08/06/2026 21:36:56 - INFO - utils.trainer -   Accuracy: 0.57018
08/06/2026 21:36:56 - INFO - utils.trainer -   Precision: 0.00000
08/06/2026 21:36:56 - INFO - utils.trainer -   Specificity: 1.00000
08/06/2026 21:36:56 - INFO - utils.trainer -   Sensitivity: 0.00000
08/06/2026 21:36:56 - INFO - utils.trainer -   Epoch: 8, Loss: 1.38360, Val loss: 1.31419, Val AUC: 0.8719, Best val AUC: 0.9611, No improve: 6/25, Time: 1.7s
08/06/2026 21:36:58 - INFO - utils.trainer -   ***** Running evaluation on val dataset *****
08/06/2026 21:36:58 - INFO - utils.trainer -   Loss: 1.31631
08/06/2026 21:36:58 - INFO - utils.trainer -   AUC: 0.87253
08/06/2026 21:36:58 - INFO - utils.trainer -   Accuracy: 0.57018
08/06/2026 21:36:58 - INFO - utils.trainer -   Precision: 0.00000
08/06/2026 21:36:58 - INFO - utils.trainer -   Specificity: 1.00000
08/06/2026 21:36:58 - INFO - utils.trainer -   Sensitivity: 0.00000
08/06/2026 21:36:58 - INFO - utils.trainer -   Epoch: 9, Loss: 1.38632, Val loss: 1.31631, Val AUC: 0.8725, Best val AUC: 0.9611, No improve: 7/25, Time: 2.1s
08/06/2026 21:37:00 - INFO - utils.trainer -   ***** Running evaluation on val dataset *****
08/06/2026 21:37:01 - INFO - utils.trainer -   Loss: 1.31628
08/06/2026 21:37:01 - INFO - utils.trainer -   AUC: 0.88493
08/06/2026 21:37:01 - INFO - utils.trainer -   Accuracy: 0.57018
08/06/2026 21:37:01 - INFO - utils.trainer -   Precision: 0.00000
08/06/2026 21:37:01 - INFO - utils.trainer -   Specificity: 1.00000
08/06/2026 21:37:01 - INFO - utils.trainer -   Sensitivity: 0.00000
08/06/2026 21:37:01 - INFO - utils.trainer -   Epoch: 10, Loss: 1.38583, Val loss: 1.31628, Val AUC: 0.8849, Best val AUC: 0.9611, No improve: 8/25, Time: 2.0s
08/06/2026 21:37:03 - INFO - utils.trainer -   ***** Running evaluation on val dataset *****
08/06/2026 21:37:04 - INFO - utils.trainer -   Loss: 1.31411
08/06/2026 21:37:04 - INFO - utils.trainer -   AUC: 0.87724
08/06/2026 21:37:04 - INFO - utils.trainer -   Accuracy: 0.57018
08/06/2026 21:37:04 - INFO - utils.trainer -   Precision: 0.00000
08/06/2026 21:37:04 - INFO - utils.trainer -   Specificity: 1.00000
08/06/2026 21:37:04 - INFO - utils.trainer -   Sensitivity: 0.00000
08/06/2026 21:37:04 - INFO - utils.trainer -   Epoch: 11, Loss: 1.38582, Val loss: 1.31411, Val AUC: 0.8772, Best val AUC: 0.9611, No improve: 9/25, Time: 2.0s
08/06/2026 21:37:06 - INFO - utils.trainer -   ***** Running evaluation on val dataset *****
08/06/2026 21:37:06 - INFO - utils.trainer -   Loss: 1.31586
08/06/2026 21:37:06 - INFO - utils.trainer -   AUC: 0.90392
08/06/2026 21:37:06 - INFO - utils.trainer -   Accuracy: 0.57018
08/06/2026 21:37:06 - INFO - utils.trainer -   Precision: 0.00000
08/06/2026 21:37:06 - INFO - utils.trainer -   Specificity: 1.00000
08/06/2026 21:37:06 - INFO - utils.trainer -   Sensitivity: 0.00000
08/06/2026 21:37:06 - INFO - utils.trainer -   Epoch: 12, Loss: 1.38694, Val loss: 1.31586, Val AUC: 0.9039, Best val AUC: 0.9611, No improve: 10/25, Time: 2.1s
08/06/2026 21:37:08 - INFO - utils.trainer -   ***** Running evaluation on val dataset *****
08/06/2026 21:37:09 - INFO - utils.trainer -   Loss: 1.31477
08/06/2026 21:37:09 - INFO - utils.trainer -   AUC: 0.85997
08/06/2026 21:37:09 - INFO - utils.trainer -   Accuracy: 0.57018
08/06/2026 21:37:09 - INFO - utils.trainer -   Precision: 0.00000
08/06/2026 21:37:09 - INFO - utils.trainer -   Specificity: 1.00000
08/06/2026 21:37:09 - INFO - utils.trainer -   Sensitivity: 0.00000
08/06/2026 21:37:09 - INFO - utils.trainer -   Epoch: 13, Loss: 1.38709, Val loss: 1.31477, Val AUC: 0.8600, Best val AUC: 0.9611, No improve: 11/25, Time: 2.1s
08/06/2026 21:37:11 - INFO - utils.trainer -   ***** Running evaluation on val dataset *****
08/06/2026 21:37:12 - INFO - utils.trainer -   Loss: 1.31414
08/06/2026 21:37:12 - INFO - utils.trainer -   AUC: 0.80769
08/06/2026 21:37:12 - INFO - utils.trainer -   Accuracy: 0.57018
08/06/2026 21:37:12 - INFO - utils.trainer -   Precision: 0.00000
08/06/2026 21:37:12 - INFO - utils.trainer -   Specificity: 1.00000
08/06/2026 21:37:12 - INFO - utils.trainer -   Sensitivity: 0.00000
08/06/2026 21:37:12 - INFO - utils.trainer -   Epoch: 14, Loss: 1.38783, Val loss: 1.31414, Val AUC: 0.8077, Best val AUC: 0.9611, No improve: 12/25, Time: 1.9s
08/06/2026 21:37:13 - INFO - utils.trainer -   ***** Running evaluation on val dataset *****
08/06/2026 21:37:14 - INFO - utils.trainer -   Loss: 1.31162
08/06/2026 21:37:14 - INFO - utils.trainer -   AUC: 0.83705
08/06/2026 21:37:14 - INFO - utils.trainer -   Accuracy: 0.57018
08/06/2026 21:37:14 - INFO - utils.trainer -   Precision: 0.00000
08/06/2026 21:37:14 - INFO - utils.trainer -   Specificity: 1.00000
08/06/2026 21:37:14 - INFO - utils.trainer -   Sensitivity: 0.00000
08/06/2026 21:37:14 - INFO - utils.trainer -   Epoch: 15, Loss: 1.38464, Val loss: 1.31162, Val AUC: 0.8370, Best val AUC: 0.9611, No improve: 13/25, Time: 1.8s
08/06/2026 21:37:16 - INFO - utils.trainer -   ***** Running evaluation on val dataset *****
08/06/2026 21:37:17 - INFO - utils.trainer -   Loss: 1.30962
08/06/2026 21:37:17 - INFO - utils.trainer -   AUC: 0.84867
08/06/2026 21:37:17 - INFO - utils.trainer -   Accuracy: 0.51754
08/06/2026 21:37:17 - INFO - utils.trainer -   Precision: 0.47115
08/06/2026 21:37:17 - INFO - utils.trainer -   Specificity: 0.15385
08/06/2026 21:37:17 - INFO - utils.trainer -   Sensitivity: 1.00000
08/06/2026 21:37:17 - INFO - utils.trainer -   Epoch: 16, Loss: 1.39304, Val loss: 1.30962, Val AUC: 0.8487, Best val AUC: 0.9611, No improve: 14/25, Time: 2.1s
08/06/2026 21:37:19 - INFO - utils.trainer -   ***** Running evaluation on val dataset *****
08/06/2026 21:37:20 - INFO - utils.trainer -   Loss: 1.31169
08/06/2026 21:37:20 - INFO - utils.trainer -   AUC: 0.85463
08/06/2026 21:37:20 - INFO - utils.trainer -   Accuracy: 0.47368
08/06/2026 21:37:20 - INFO - utils.trainer -   Precision: 0.44954
08/06/2026 21:37:20 - INFO - utils.trainer -   Specificity: 0.07692
08/06/2026 21:37:20 - INFO - utils.trainer -   Sensitivity: 1.00000
08/06/2026 21:37:20 - INFO - utils.trainer -   Epoch: 17, Loss: 1.38685, Val loss: 1.31169, Val AUC: 0.8546, Best val AUC: 0.9611, No improve: 15/25, Time: 2.2s
08/06/2026 21:37:22 - INFO - utils.trainer -   ***** Running evaluation on val dataset *****
08/06/2026 21:37:22 - INFO - utils.trainer -   Loss: 1.18745
08/06/2026 21:37:22 - INFO - utils.trainer -   AUC: 0.87347
08/06/2026 21:37:22 - INFO - utils.trainer -   Accuracy: 0.74561
08/06/2026 21:37:22 - INFO - utils.trainer -   Precision: 0.70833
08/06/2026 21:37:22 - INFO - utils.trainer -   Specificity: 0.78462
08/06/2026 21:37:22 - INFO - utils.trainer -   Sensitivity: 0.69388
08/06/2026 21:37:22 - INFO - utils.trainer -   Epoch: 18, Loss: 1.34529, Val loss: 1.18745, Val AUC: 0.8735, Best val AUC: 0.9611, No improve: 16/25, Time: 1.9s
08/06/2026 21:37:24 - INFO - utils.trainer -   ***** Running evaluation on val dataset *****
08/06/2026 21:37:25 - INFO - utils.trainer -   Loss: 1.30931
08/06/2026 21:37:25 - INFO - utils.trainer -   AUC: 0.90958
08/06/2026 21:37:25 - INFO - utils.trainer -   Accuracy: 0.51754
08/06/2026 21:37:25 - INFO - utils.trainer -   Precision: 0.47115
08/06/2026 21:37:25 - INFO - utils.trainer -   Specificity: 0.15385
08/06/2026 21:37:25 - INFO - utils.trainer -   Sensitivity: 1.00000
08/06/2026 21:37:25 - INFO - utils.trainer -   Epoch: 19, Loss: 1.27304, Val loss: 1.30931, Val AUC: 0.9096, Best val AUC: 0.9611, No improve: 17/25, Time: 1.6s
08/06/2026 21:37:27 - INFO - utils.trainer -   ***** Running evaluation on val dataset *****
08/06/2026 21:37:27 - INFO - utils.trainer -   Loss: 1.35595
08/06/2026 21:37:27 - INFO - utils.trainer -   AUC: 0.88917
08/06/2026 21:37:27 - INFO - utils.trainer -   Accuracy: 0.49123
08/06/2026 21:37:27 - INFO - utils.trainer -   Precision: 0.45794
08/06/2026 21:37:27 - INFO - utils.trainer -   Specificity: 0.10769
08/06/2026 21:37:27 - INFO - utils.trainer -   Sensitivity: 1.00000
08/06/2026 21:37:27 - INFO - utils.trainer -   Epoch: 20, Loss: 1.29116, Val loss: 1.35595, Val AUC: 0.8892, Best val AUC: 0.9611, No improve: 18/25, Time: 2.0s
08/06/2026 21:37:29 - INFO - utils.trainer -   ***** Running evaluation on val dataset *****
08/06/2026 21:37:30 - INFO - utils.trainer -   Loss: 1.08473
08/06/2026 21:37:30 - INFO - utils.trainer -   AUC: 0.92998
08/06/2026 21:37:30 - INFO - utils.trainer -   Accuracy: 0.67544
08/06/2026 21:37:30 - INFO - utils.trainer -   Precision: 0.56977
08/06/2026 21:37:30 - INFO - utils.trainer -   Specificity: 0.43077
08/06/2026 21:37:30 - INFO - utils.trainer -   Sensitivity: 1.00000
08/06/2026 21:37:30 - INFO - utils.trainer -   Epoch: 21, Loss: 1.24252, Val loss: 1.08473, Val AUC: 0.9300, Best val AUC: 0.9611, No improve: 19/25, Time: 1.9s
08/06/2026 21:37:32 - INFO - utils.trainer -   ***** Running evaluation on val dataset *****
08/06/2026 21:37:32 - INFO - utils.trainer -   Loss: 1.32419
08/06/2026 21:37:32 - INFO - utils.trainer -   AUC: 0.92590
08/06/2026 21:37:32 - INFO - utils.trainer -   Accuracy: 0.54386
08/06/2026 21:37:32 - INFO - utils.trainer -   Precision: 0.48515
08/06/2026 21:37:32 - INFO - utils.trainer -   Specificity: 0.20000
08/06/2026 21:37:32 - INFO - utils.trainer -   Sensitivity: 1.00000
08/06/2026 21:37:32 - INFO - utils.trainer -   Epoch: 22, Loss: 1.28123, Val loss: 1.32419, Val AUC: 0.9259, Best val AUC: 0.9611, No improve: 20/25, Time: 2.0s
08/06/2026 21:37:34 - INFO - utils.trainer -   ***** Running evaluation on val dataset *****
08/06/2026 21:37:35 - INFO - utils.trainer -   Loss: 1.35632
08/06/2026 21:37:35 - INFO - utils.trainer -   AUC: 0.88069
08/06/2026 21:37:35 - INFO - utils.trainer -   Accuracy: 0.50877
08/06/2026 21:37:35 - INFO - utils.trainer -   Precision: 0.46667
08/06/2026 21:37:35 - INFO - utils.trainer -   Specificity: 0.13846
08/06/2026 21:37:35 - INFO - utils.trainer -   Sensitivity: 1.00000
08/06/2026 21:37:35 - INFO - utils.trainer -   Epoch: 23, Loss: 1.33605, Val loss: 1.35632, Val AUC: 0.8807, Best val AUC: 0.9611, No improve: 21/25, Time: 1.8s
08/06/2026 21:37:36 - INFO - utils.trainer -   ***** Running evaluation on val dataset *****
08/06/2026 21:37:37 - INFO - utils.trainer -   Loss: 0.93033
08/06/2026 21:37:37 - INFO - utils.trainer -   AUC: 0.90392
08/06/2026 21:37:37 - INFO - utils.trainer -   Accuracy: 0.82456
08/06/2026 21:37:37 - INFO - utils.trainer -   Precision: 0.91429
08/06/2026 21:37:37 - INFO - utils.trainer -   Specificity: 0.95385
08/06/2026 21:37:37 - INFO - utils.trainer -   Sensitivity: 0.65306
08/06/2026 21:37:37 - INFO - utils.trainer -   Epoch: 24, Loss: 1.16283, Val loss: 0.93033, Val AUC: 0.9039, Best val AUC: 0.9611, No improve: 22/25, Time: 1.7s
08/06/2026 21:37:39 - INFO - utils.trainer -   ***** Running evaluation on val dataset *****
08/06/2026 21:37:40 - INFO - utils.trainer -   Loss: 1.00808
08/06/2026 21:37:40 - INFO - utils.trainer -   AUC: 0.89042
08/06/2026 21:37:40 - INFO - utils.trainer -   Accuracy: 0.82456
08/06/2026 21:37:40 - INFO - utils.trainer -   Precision: 0.87179
08/06/2026 21:37:40 - INFO - utils.trainer -   Specificity: 0.92308
08/06/2026 21:37:40 - INFO - utils.trainer -   Sensitivity: 0.69388
08/06/2026 21:37:40 - INFO - utils.trainer -   Epoch: 25, Loss: 1.15324, Val loss: 1.00808, Val AUC: 0.8904, Best val AUC: 0.9611, No improve: 23/25, Time: 2.1s
08/06/2026 21:37:42 - INFO - utils.trainer -   ***** Running evaluation on val dataset *****
08/06/2026 21:37:43 - INFO - utils.trainer -   Loss: 1.07581
08/06/2026 21:37:43 - INFO - utils.trainer -   AUC: 0.90644
08/06/2026 21:37:43 - INFO - utils.trainer -   Accuracy: 0.68421
08/06/2026 21:37:43 - INFO - utils.trainer -   Precision: 0.57647
08/06/2026 21:37:43 - INFO - utils.trainer -   Specificity: 0.44615
08/06/2026 21:37:43 - INFO - utils.trainer -   Sensitivity: 1.00000
08/06/2026 21:37:43 - INFO - utils.trainer -   Epoch: 26, Loss: 1.22069, Val loss: 1.07581, Val AUC: 0.9064, Best val AUC: 0.9611, No improve: 24/25, Time: 2.1s
08/06/2026 21:37:45 - INFO - utils.trainer -   ***** Running evaluation on val dataset *****
08/06/2026 21:37:45 - INFO - utils.trainer -   Loss: 0.95583
08/06/2026 21:37:45 - INFO - utils.trainer -   AUC: 0.85808
08/06/2026 21:37:45 - INFO - utils.trainer -   Accuracy: 0.74561
08/06/2026 21:37:45 - INFO - utils.trainer -   Precision: 0.66667
08/06/2026 21:37:45 - INFO - utils.trainer -   Specificity: 0.69231
08/06/2026 21:37:45 - INFO - utils.trainer -   Sensitivity: 0.81633
08/06/2026 21:37:45 - INFO - utils.trainer -   Epoch: 27, Loss: 1.05975, Val loss: 0.95583, Val AUC: 0.8581, Best val AUC: 0.9611, No improve: 25/25, Time: 2.1s
08/06/2026 21:37:45 - INFO - utils.trainer -   Early stopping triggered at epoch 27
08/06/2026 21:37:45 - INFO - utils.trainer -   Early stopping triggered at epoch 27
08/06/2026 21:37:45 - INFO - utils.trainer -   Early stopping triggered at epoch 27
08/06/2026 21:37:45 - INFO - utils.trainer -   Early stopping triggered at epoch 27
08/06/2026 21:37:45 - INFO - utils.trainer -   Early stopping triggered at epoch 27
08/06/2026 21:37:45 - INFO - utils.trainer -   Early stopping triggered at epoch 27
08/06/2026 21:37:45 - INFO - utils.trainer -     6 keys not in checkpoint (kept from init)
08/06/2026 21:37:45 - INFO - utils.trainer -   Model loaded from output_dir/ALTER_DiseaseDS_train/ALTER-0.bin (27/27 keys)
08/06/2026 21:37:45 - INFO - utils.trainer -   ***** Running evaluation on test dataset *****
08/06/2026 21:37:45 - INFO - utils.trainer -     6 keys not in checkpoint (kept from init)
08/06/2026 21:37:45 - INFO - utils.trainer -   Model loaded from output_dir/ALTER_DiseaseDS_train/ALTER-0.bin (27/27 keys)
08/06/2026 21:37:45 - INFO - utils.trainer -     6 keys not in checkpoint (kept from init)
08/06/2026 21:37:45 - INFO - utils.trainer -     6 keys not in checkpoint (kept from init)
08/06/2026 21:37:45 - INFO - utils.trainer -     6 keys not in checkpoint (kept from init)
08/06/2026 21:37:45 - INFO - utils.trainer -   Model loaded from output_dir/ALTER_DiseaseDS_train/ALTER-0.bin (27/27 keys)
08/06/2026 21:37:45 - INFO - utils.trainer -   Model loaded from output_dir/ALTER_DiseaseDS_train/ALTER-0.bin (27/27 keys)
08/06/2026 21:37:45 - INFO - utils.trainer -   Model loaded from output_dir/ALTER_DiseaseDS_train/ALTER-0.bin (27/27 keys)
08/06/2026 21:37:45 - INFO - utils.trainer -     6 keys not in checkpoint (kept from init)
08/06/2026 21:37:45 - INFO - utils.trainer -   Model loaded from output_dir/ALTER_DiseaseDS_train/ALTER-0.bin (27/27 keys)
08/06/2026 21:37:46 - INFO - utils.trainer -   Loss: 1.39151
08/06/2026 21:37:46 - INFO - utils.trainer -   AUC: 0.39993
08/06/2026 21:37:46 - INFO - utils.trainer -   Accuracy: 0.40909
08/06/2026 21:37:46 - INFO - utils.trainer -   Precision: 0.00000
08/06/2026 21:37:46 - INFO - utils.trainer -   Specificity: 1.00000
08/06/2026 21:37:46 - INFO - utils.trainer -   Sensitivity: 0.00000
08/06/2026 21:37:46 - INFO - utils.trainer -   === Best epoch test result ===
08/06/2026 21:37:46 - INFO - utils.trainer -     Loss: 1.39151
08/06/2026 21:37:46 - INFO - utils.trainer -     AUC: 0.39993
08/06/2026 21:37:46 - INFO - utils.trainer -     Accuracy: 0.40909
08/06/2026 21:37:46 - INFO - utils.trainer -     Precision: 0.00000
08/06/2026 21:37:46 - INFO - utils.trainer -     Specificity: 1.00000
08/06/2026 21:37:46 - INFO - utils.trainer -     Sensitivity: 0.00000
08/06/2026 21:37:46 - INFO - utils.trainer -   Model saved to output_dir/ALTER_DiseaseDS_train/final-epoch-200
08/06/2026 21:37:46 - INFO - utils.trainer -   Final model saved at epoch 200
08/06/2026 21:41:03 - INFO - __main__ -   ########## Repeat:0 ##########
08/06/2026 21:41:03 - INFO - utils.trainer -   ***** Running training *****
08/06/2026 21:41:03 - INFO - utils.trainer -     Num examples = 44
08/06/2026 21:41:03 - INFO - utils.trainer -     Num Epochs = 200
08/06/2026 21:41:03 - INFO - utils.trainer -     Total train batch size = 2
08/06/2026 21:41:03 - INFO - utils.trainer -     warmup steps = 400
08/06/2026 21:41:03 - INFO - utils.trainer -     Total optimization steps = 8800
08/06/2026 21:41:03 - INFO - utils.trainer -     Save steps = 200
08/06/2026 21:41:05 - INFO - utils.trainer -   ***** Running evaluation on val dataset *****
08/06/2026 21:41:06 - INFO - utils.trainer -   Loss: 1.31481
08/06/2026 21:41:06 - INFO - utils.trainer -   AUC: 0.92904
08/06/2026 21:41:06 - INFO - utils.trainer -   Accuracy: 0.57018
08/06/2026 21:41:06 - INFO - utils.trainer -   Precision: 0.00000
08/06/2026 21:41:06 - INFO - utils.trainer -   Specificity: 1.00000
08/06/2026 21:41:06 - INFO - utils.trainer -   Sensitivity: 0.00000
08/06/2026 21:41:06 - INFO - utils.trainer -   Model saved to output_dir/ALTER_DiseaseDS_train
08/06/2026 21:41:06 - INFO - utils.trainer -   Best model saved (val_Loss=1.3148)
08/06/2026 21:41:06 - INFO - utils.trainer -   Epoch: 1, Loss: 1.38251, Val loss: 1.31481, Val Loss: 1.3148, Best val Loss: 1.3148, No improve: 0/25, Time: 1.8s
08/06/2026 21:41:08 - INFO - utils.trainer -   ***** Running evaluation on val dataset *****
08/06/2026 21:41:08 - INFO - utils.trainer -   Loss: 1.31347
08/06/2026 21:41:08 - INFO - utils.trainer -   AUC: 0.96107
08/06/2026 21:41:08 - INFO - utils.trainer -   Accuracy: 0.57018
08/06/2026 21:41:08 - INFO - utils.trainer -   Precision: 0.00000
08/06/2026 21:41:08 - INFO - utils.trainer -   Specificity: 1.00000
08/06/2026 21:41:08 - INFO - utils.trainer -   Sensitivity: 0.00000
08/06/2026 21:41:08 - INFO - utils.trainer -   Model saved to output_dir/ALTER_DiseaseDS_train
08/06/2026 21:41:08 - INFO - utils.trainer -   Best model saved (val_Loss=1.3135)
08/06/2026 21:41:08 - INFO - utils.trainer -   Epoch: 2, Loss: 1.38748, Val loss: 1.31347, Val Loss: 1.3135, Best val Loss: 1.3135, No improve: 0/25, Time: 2.0s
08/06/2026 21:41:10 - INFO - utils.trainer -   ***** Running evaluation on val dataset *****
08/06/2026 21:41:11 - INFO - utils.trainer -   Loss: 1.31575
08/06/2026 21:41:11 - INFO - utils.trainer -   AUC: 0.45746
08/06/2026 21:41:11 - INFO - utils.trainer -   Accuracy: 0.57018
08/06/2026 21:41:11 - INFO - utils.trainer -   Precision: 0.00000
08/06/2026 21:41:11 - INFO - utils.trainer -   Specificity: 1.00000
08/06/2026 21:41:11 - INFO - utils.trainer -   Sensitivity: 0.00000
08/06/2026 21:41:11 - INFO - utils.trainer -   Epoch: 3, Loss: 1.38515, Val loss: 1.31575, Val Loss: 1.3157, Best val Loss: 1.3135, No improve: 1/25, Time: 1.9s
08/06/2026 21:41:13 - INFO - utils.trainer -   ***** Running evaluation on val dataset *****
08/06/2026 21:41:13 - INFO - utils.trainer -   Loss: 1.31593
08/06/2026 21:41:13 - INFO - utils.trainer -   AUC: 0.85636
08/06/2026 21:41:13 - INFO - utils.trainer -   Accuracy: 0.57018
08/06/2026 21:41:13 - INFO - utils.trainer -   Precision: 0.00000
08/06/2026 21:41:13 - INFO - utils.trainer -   Specificity: 1.00000
08/06/2026 21:41:13 - INFO - utils.trainer -   Sensitivity: 0.00000
08/06/2026 21:41:13 - INFO - utils.trainer -   Epoch: 4, Loss: 1.38593, Val loss: 1.31593, Val Loss: 1.3159, Best val Loss: 1.3135, No improve: 2/25, Time: 1.7s
08/06/2026 21:41:16 - INFO - utils.trainer -   ***** Running evaluation on val dataset *****
08/06/2026 21:41:16 - INFO - utils.trainer -   Loss: 1.31668
08/06/2026 21:41:16 - INFO - utils.trainer -   AUC: 0.70911
08/06/2026 21:41:16 - INFO - utils.trainer -   Accuracy: 0.57018
08/06/2026 21:41:16 - INFO - utils.trainer -   Precision: 0.00000
08/06/2026 21:41:16 - INFO - utils.trainer -   Specificity: 1.00000
08/06/2026 21:41:16 - INFO - utils.trainer -   Sensitivity: 0.00000
08/06/2026 21:41:16 - INFO - utils.trainer -   Epoch: 5, Loss: 1.38716, Val loss: 1.31668, Val Loss: 1.3167, Best val Loss: 1.3135, No improve: 3/25, Time: 2.1s
08/06/2026 21:41:18 - INFO - utils.trainer -   ***** Running evaluation on val dataset *****
08/06/2026 21:41:19 - INFO - utils.trainer -   Loss: 1.31573
08/06/2026 21:41:19 - INFO - utils.trainer -   AUC: 0.85777
08/06/2026 21:41:19 - INFO - utils.trainer -   Accuracy: 0.57018
08/06/2026 21:41:19 - INFO - utils.trainer -   Precision: 0.00000
08/06/2026 21:41:19 - INFO - utils.trainer -   Specificity: 1.00000
08/06/2026 21:41:19 - INFO - utils.trainer -   Sensitivity: 0.00000
08/06/2026 21:41:19 - INFO - utils.trainer -   Epoch: 6, Loss: 1.38658, Val loss: 1.31573, Val Loss: 1.3157, Best val Loss: 1.3135, No improve: 4/25, Time: 2.0s
08/06/2026 21:41:21 - INFO - utils.trainer -   ***** Running evaluation on val dataset *****
08/06/2026 21:41:22 - INFO - utils.trainer -   Loss: 1.31450
08/06/2026 21:41:22 - INFO - utils.trainer -   AUC: 0.88383
08/06/2026 21:41:22 - INFO - utils.trainer -   Accuracy: 0.57018
08/06/2026 21:41:22 - INFO - utils.trainer -   Precision: 0.00000
08/06/2026 21:41:22 - INFO - utils.trainer -   Specificity: 1.00000
08/06/2026 21:41:22 - INFO - utils.trainer -   Sensitivity: 0.00000
08/06/2026 21:41:22 - INFO - utils.trainer -   Epoch: 7, Loss: 1.38676, Val loss: 1.31450, Val Loss: 1.3145, Best val Loss: 1.3135, No improve: 5/25, Time: 2.0s
08/06/2026 21:41:24 - INFO - utils.trainer -   ***** Running evaluation on val dataset *****
08/06/2026 21:41:24 - INFO - utils.trainer -   Loss: 1.31419
08/06/2026 21:41:24 - INFO - utils.trainer -   AUC: 0.87190
08/06/2026 21:41:24 - INFO - utils.trainer -   Accuracy: 0.57018
08/06/2026 21:41:24 - INFO - utils.trainer -   Precision: 0.00000
08/06/2026 21:41:24 - INFO - utils.trainer -   Specificity: 1.00000
08/06/2026 21:41:24 - INFO - utils.trainer -   Sensitivity: 0.00000
08/06/2026 21:41:24 - INFO - utils.trainer -   Epoch: 8, Loss: 1.38360, Val loss: 1.31419, Val Loss: 1.3142, Best val Loss: 1.3135, No improve: 6/25, Time: 2.2s
08/06/2026 21:41:26 - INFO - utils.trainer -   ***** Running evaluation on val dataset *****
08/06/2026 21:41:27 - INFO - utils.trainer -   Loss: 1.31631
08/06/2026 21:41:27 - INFO - utils.trainer -   AUC: 0.87253
08/06/2026 21:41:27 - INFO - utils.trainer -   Accuracy: 0.57018
08/06/2026 21:41:27 - INFO - utils.trainer -   Precision: 0.00000
08/06/2026 21:41:27 - INFO - utils.trainer -   Specificity: 1.00000
08/06/2026 21:41:27 - INFO - utils.trainer -   Sensitivity: 0.00000
08/06/2026 21:41:27 - INFO - utils.trainer -   Epoch: 9, Loss: 1.38632, Val loss: 1.31631, Val Loss: 1.3163, Best val Loss: 1.3135, No improve: 7/25, Time: 1.7s
08/06/2026 21:41:29 - INFO - utils.trainer -   ***** Running evaluation on val dataset *****
08/06/2026 21:41:30 - INFO - utils.trainer -   Loss: 1.31628
08/06/2026 21:41:30 - INFO - utils.trainer -   AUC: 0.88493
08/06/2026 21:41:30 - INFO - utils.trainer -   Accuracy: 0.57018
08/06/2026 21:41:30 - INFO - utils.trainer -   Precision: 0.00000
08/06/2026 21:41:30 - INFO - utils.trainer -   Specificity: 1.00000
08/06/2026 21:41:30 - INFO - utils.trainer -   Sensitivity: 0.00000
08/06/2026 21:41:30 - INFO - utils.trainer -   Epoch: 10, Loss: 1.38583, Val loss: 1.31628, Val Loss: 1.3163, Best val Loss: 1.3135, No improve: 8/25, Time: 2.1s
08/06/2026 21:41:31 - INFO - utils.trainer -   ***** Running evaluation on val dataset *****
08/06/2026 21:41:32 - INFO - utils.trainer -   Loss: 1.31411
08/06/2026 21:41:32 - INFO - utils.trainer -   AUC: 0.87724
08/06/2026 21:41:32 - INFO - utils.trainer -   Accuracy: 0.57018
08/06/2026 21:41:32 - INFO - utils.trainer -   Precision: 0.00000
08/06/2026 21:41:32 - INFO - utils.trainer -   Specificity: 1.00000
08/06/2026 21:41:32 - INFO - utils.trainer -   Sensitivity: 0.00000
08/06/2026 21:41:32 - INFO - utils.trainer -   Epoch: 11, Loss: 1.38582, Val loss: 1.31411, Val Loss: 1.3141, Best val Loss: 1.3135, No improve: 9/25, Time: 1.9s
08/06/2026 21:41:34 - INFO - utils.trainer -   ***** Running evaluation on val dataset *****
08/06/2026 21:41:34 - INFO - utils.trainer -   Loss: 1.31586
08/06/2026 21:41:34 - INFO - utils.trainer -   AUC: 0.90392
08/06/2026 21:41:34 - INFO - utils.trainer -   Accuracy: 0.57018
08/06/2026 21:41:34 - INFO - utils.trainer -   Precision: 0.00000
08/06/2026 21:41:34 - INFO - utils.trainer -   Specificity: 1.00000
08/06/2026 21:41:34 - INFO - utils.trainer -   Sensitivity: 0.00000
08/06/2026 21:41:34 - INFO - utils.trainer -   Epoch: 12, Loss: 1.38694, Val loss: 1.31586, Val Loss: 1.3159, Best val Loss: 1.3135, No improve: 10/25, Time: 1.8s
08/06/2026 21:41:36 - INFO - utils.trainer -   ***** Running evaluation on val dataset *****
08/06/2026 21:41:37 - INFO - utils.trainer -   Loss: 1.31477
08/06/2026 21:41:37 - INFO - utils.trainer -   AUC: 0.85997
08/06/2026 21:41:37 - INFO - utils.trainer -   Accuracy: 0.57018
08/06/2026 21:41:37 - INFO - utils.trainer -   Precision: 0.00000
08/06/2026 21:41:37 - INFO - utils.trainer -   Specificity: 1.00000
08/06/2026 21:41:37 - INFO - utils.trainer -   Sensitivity: 0.00000
08/06/2026 21:41:37 - INFO - utils.trainer -   Epoch: 13, Loss: 1.38709, Val loss: 1.31477, Val Loss: 1.3148, Best val Loss: 1.3135, No improve: 11/25, Time: 1.9s
08/06/2026 21:41:39 - INFO - utils.trainer -   ***** Running evaluation on val dataset *****
08/06/2026 21:41:40 - INFO - utils.trainer -   Loss: 1.31414
08/06/2026 21:41:40 - INFO - utils.trainer -   AUC: 0.80769
08/06/2026 21:41:40 - INFO - utils.trainer -   Accuracy: 0.57018
08/06/2026 21:41:40 - INFO - utils.trainer -   Precision: 0.00000
08/06/2026 21:41:40 - INFO - utils.trainer -   Specificity: 1.00000
08/06/2026 21:41:40 - INFO - utils.trainer -   Sensitivity: 0.00000
08/06/2026 21:41:40 - INFO - utils.trainer -   Epoch: 14, Loss: 1.38783, Val loss: 1.31414, Val Loss: 1.3141, Best val Loss: 1.3135, No improve: 12/25, Time: 2.0s
08/06/2026 21:41:42 - INFO - utils.trainer -   ***** Running evaluation on val dataset *****
08/06/2026 21:41:42 - INFO - utils.trainer -   Loss: 1.31162
08/06/2026 21:41:42 - INFO - utils.trainer -   AUC: 0.83705
08/06/2026 21:41:42 - INFO - utils.trainer -   Accuracy: 0.57018
08/06/2026 21:41:42 - INFO - utils.trainer -   Precision: 0.00000
08/06/2026 21:41:42 - INFO - utils.trainer -   Specificity: 1.00000
08/06/2026 21:41:42 - INFO - utils.trainer -   Sensitivity: 0.00000
08/06/2026 21:41:42 - INFO - utils.trainer -   Model saved to output_dir/ALTER_DiseaseDS_train
08/06/2026 21:41:42 - INFO - utils.trainer -   Best model saved (val_Loss=1.3116)
08/06/2026 21:41:42 - INFO - utils.trainer -   Epoch: 15, Loss: 1.38464, Val loss: 1.31162, Val Loss: 1.3116, Best val Loss: 1.3116, No improve: 0/25, Time: 1.7s
08/06/2026 21:41:44 - INFO - utils.trainer -   ***** Running evaluation on val dataset *****
08/06/2026 21:41:45 - INFO - utils.trainer -   Loss: 1.30962
08/06/2026 21:41:45 - INFO - utils.trainer -   AUC: 0.84867
08/06/2026 21:41:45 - INFO - utils.trainer -   Accuracy: 0.51754
08/06/2026 21:41:45 - INFO - utils.trainer -   Precision: 0.47115
08/06/2026 21:41:45 - INFO - utils.trainer -   Specificity: 0.15385
08/06/2026 21:41:45 - INFO - utils.trainer -   Sensitivity: 1.00000
08/06/2026 21:41:45 - INFO - utils.trainer -   Model saved to output_dir/ALTER_DiseaseDS_train
08/06/2026 21:41:45 - INFO - utils.trainer -   Best model saved (val_Loss=1.3096)
08/06/2026 21:41:45 - INFO - utils.trainer -   Epoch: 16, Loss: 1.39304, Val loss: 1.30962, Val Loss: 1.3096, Best val Loss: 1.3096, No improve: 0/25, Time: 1.9s
08/06/2026 21:41:47 - INFO - utils.trainer -   ***** Running evaluation on val dataset *****
08/06/2026 21:41:47 - INFO - utils.trainer -   Loss: 1.31169
08/06/2026 21:41:47 - INFO - utils.trainer -   AUC: 0.85463
08/06/2026 21:41:47 - INFO - utils.trainer -   Accuracy: 0.47368
08/06/2026 21:41:47 - INFO - utils.trainer -   Precision: 0.44954
08/06/2026 21:41:47 - INFO - utils.trainer -   Specificity: 0.07692
08/06/2026 21:41:47 - INFO - utils.trainer -   Sensitivity: 1.00000
08/06/2026 21:41:47 - INFO - utils.trainer -   Epoch: 17, Loss: 1.38685, Val loss: 1.31169, Val Loss: 1.3117, Best val Loss: 1.3096, No improve: 1/25, Time: 2.0s
08/06/2026 21:41:49 - INFO - utils.trainer -   ***** Running evaluation on val dataset *****
08/06/2026 21:41:50 - INFO - utils.trainer -   Loss: 1.18745
08/06/2026 21:41:50 - INFO - utils.trainer -   AUC: 0.87347
08/06/2026 21:41:50 - INFO - utils.trainer -   Accuracy: 0.74561
08/06/2026 21:41:50 - INFO - utils.trainer -   Precision: 0.70833
08/06/2026 21:41:50 - INFO - utils.trainer -   Specificity: 0.78462
08/06/2026 21:41:50 - INFO - utils.trainer -   Sensitivity: 0.69388
08/06/2026 21:41:50 - INFO - utils.trainer -   Model saved to output_dir/ALTER_DiseaseDS_train
08/06/2026 21:41:50 - INFO - utils.trainer -   Best model saved (val_Loss=1.1874)
08/06/2026 21:41:50 - INFO - utils.trainer -   Epoch: 18, Loss: 1.34529, Val loss: 1.18745, Val Loss: 1.1874, Best val Loss: 1.1874, No improve: 0/25, Time: 1.9s
08/06/2026 21:41:52 - INFO - utils.trainer -   ***** Running evaluation on val dataset *****
08/06/2026 21:41:53 - INFO - utils.trainer -   Loss: 1.30931
08/06/2026 21:41:53 - INFO - utils.trainer -   AUC: 0.90958
08/06/2026 21:41:53 - INFO - utils.trainer -   Accuracy: 0.51754
08/06/2026 21:41:53 - INFO - utils.trainer -   Precision: 0.47115
08/06/2026 21:41:53 - INFO - utils.trainer -   Specificity: 0.15385
08/06/2026 21:41:53 - INFO - utils.trainer -   Sensitivity: 1.00000
08/06/2026 21:41:53 - INFO - utils.trainer -   Epoch: 19, Loss: 1.27304, Val loss: 1.30931, Val Loss: 1.3093, Best val Loss: 1.1874, No improve: 1/25, Time: 1.9s
08/06/2026 21:41:55 - INFO - utils.trainer -   ***** Running evaluation on val dataset *****
08/06/2026 21:41:56 - INFO - utils.trainer -   Loss: 1.35595
08/06/2026 21:41:56 - INFO - utils.trainer -   AUC: 0.88917
08/06/2026 21:41:56 - INFO - utils.trainer -   Accuracy: 0.49123
08/06/2026 21:41:56 - INFO - utils.trainer -   Precision: 0.45794
08/06/2026 21:41:56 - INFO - utils.trainer -   Specificity: 0.10769
08/06/2026 21:41:56 - INFO - utils.trainer -   Sensitivity: 1.00000
08/06/2026 21:41:56 - INFO - utils.trainer -   Epoch: 20, Loss: 1.29116, Val loss: 1.35595, Val Loss: 1.3559, Best val Loss: 1.1874, No improve: 2/25, Time: 2.1s
08/06/2026 21:41:58 - INFO - utils.trainer -   ***** Running evaluation on val dataset *****
08/06/2026 21:41:58 - INFO - utils.trainer -   Loss: 1.08473
08/06/2026 21:41:58 - INFO - utils.trainer -   AUC: 0.92998
08/06/2026 21:41:58 - INFO - utils.trainer -   Accuracy: 0.67544
08/06/2026 21:41:58 - INFO - utils.trainer -   Precision: 0.56977
08/06/2026 21:41:58 - INFO - utils.trainer -   Specificity: 0.43077
08/06/2026 21:41:58 - INFO - utils.trainer -   Sensitivity: 1.00000
08/06/2026 21:41:58 - INFO - utils.trainer -   Model saved to output_dir/ALTER_DiseaseDS_train
08/06/2026 21:41:58 - INFO - utils.trainer -   Best model saved (val_Loss=1.0847)
08/06/2026 21:41:58 - INFO - utils.trainer -   Epoch: 21, Loss: 1.24252, Val loss: 1.08473, Val Loss: 1.0847, Best val Loss: 1.0847, No improve: 0/25, Time: 1.9s
08/06/2026 21:42:00 - INFO - utils.trainer -   ***** Running evaluation on val dataset *****
08/06/2026 21:42:01 - INFO - utils.trainer -   Loss: 1.32419
08/06/2026 21:42:01 - INFO - utils.trainer -   AUC: 0.92590
08/06/2026 21:42:01 - INFO - utils.trainer -   Accuracy: 0.54386
08/06/2026 21:42:01 - INFO - utils.trainer -   Precision: 0.48515
08/06/2026 21:42:01 - INFO - utils.trainer -   Specificity: 0.20000
08/06/2026 21:42:01 - INFO - utils.trainer -   Sensitivity: 1.00000
08/06/2026 21:42:01 - INFO - utils.trainer -   Epoch: 22, Loss: 1.28123, Val loss: 1.32419, Val Loss: 1.3242, Best val Loss: 1.0847, No improve: 1/25, Time: 2.1s
08/06/2026 21:42:03 - INFO - utils.trainer -   ***** Running evaluation on val dataset *****
08/06/2026 21:42:04 - INFO - utils.trainer -   Loss: 1.35632
08/06/2026 21:42:04 - INFO - utils.trainer -   AUC: 0.88069
08/06/2026 21:42:04 - INFO - utils.trainer -   Accuracy: 0.50877
08/06/2026 21:42:04 - INFO - utils.trainer -   Precision: 0.46667
08/06/2026 21:42:04 - INFO - utils.trainer -   Specificity: 0.13846
08/06/2026 21:42:04 - INFO - utils.trainer -   Sensitivity: 1.00000
08/06/2026 21:42:04 - INFO - utils.trainer -   Epoch: 23, Loss: 1.33605, Val loss: 1.35632, Val Loss: 1.3563, Best val Loss: 1.0847, No improve: 2/25, Time: 1.8s
08/06/2026 21:42:06 - INFO - utils.trainer -   ***** Running evaluation on val dataset *****
08/06/2026 21:42:06 - INFO - utils.trainer -   Loss: 0.93033
08/06/2026 21:42:06 - INFO - utils.trainer -   AUC: 0.90392
08/06/2026 21:42:06 - INFO - utils.trainer -   Accuracy: 0.82456
08/06/2026 21:42:06 - INFO - utils.trainer -   Precision: 0.91429
08/06/2026 21:42:06 - INFO - utils.trainer -   Specificity: 0.95385
08/06/2026 21:42:06 - INFO - utils.trainer -   Sensitivity: 0.65306
08/06/2026 21:42:06 - INFO - utils.trainer -   Model saved to output_dir/ALTER_DiseaseDS_train
08/06/2026 21:42:06 - INFO - utils.trainer -   Best model saved (val_Loss=0.9303)
08/06/2026 21:42:06 - INFO - utils.trainer -   Epoch: 24, Loss: 1.16283, Val loss: 0.93033, Val Loss: 0.9303, Best val Loss: 0.9303, No improve: 0/25, Time: 1.9s
08/06/2026 21:42:08 - INFO - utils.trainer -   ***** Running evaluation on val dataset *****
08/06/2026 21:42:09 - INFO - utils.trainer -   Loss: 1.00808
08/06/2026 21:42:09 - INFO - utils.trainer -   AUC: 0.89042
08/06/2026 21:42:09 - INFO - utils.trainer -   Accuracy: 0.82456
08/06/2026 21:42:09 - INFO - utils.trainer -   Precision: 0.87179
08/06/2026 21:42:09 - INFO - utils.trainer -   Specificity: 0.92308
08/06/2026 21:42:09 - INFO - utils.trainer -   Sensitivity: 0.69388
08/06/2026 21:42:09 - INFO - utils.trainer -   Epoch: 25, Loss: 1.15324, Val loss: 1.00808, Val Loss: 1.0081, Best val Loss: 0.9303, No improve: 1/25, Time: 1.8s
08/06/2026 21:42:10 - INFO - utils.trainer -   ***** Running evaluation on val dataset *****
08/06/2026 21:42:11 - INFO - utils.trainer -   Loss: 1.07581
08/06/2026 21:42:11 - INFO - utils.trainer -   AUC: 0.90644
08/06/2026 21:42:11 - INFO - utils.trainer -   Accuracy: 0.68421
08/06/2026 21:42:11 - INFO - utils.trainer -   Precision: 0.57647
08/06/2026 21:42:11 - INFO - utils.trainer -   Specificity: 0.44615
08/06/2026 21:42:11 - INFO - utils.trainer -   Sensitivity: 1.00000
08/06/2026 21:42:11 - INFO - utils.trainer -   Epoch: 26, Loss: 1.22069, Val loss: 1.07581, Val Loss: 1.0758, Best val Loss: 0.9303, No improve: 2/25, Time: 1.9s
08/06/2026 21:42:13 - INFO - utils.trainer -   ***** Running evaluation on val dataset *****
08/06/2026 21:42:14 - INFO - utils.trainer -   Loss: 0.95583
08/06/2026 21:42:14 - INFO - utils.trainer -   AUC: 0.85808
08/06/2026 21:42:14 - INFO - utils.trainer -   Accuracy: 0.74561
08/06/2026 21:42:14 - INFO - utils.trainer -   Precision: 0.66667
08/06/2026 21:42:14 - INFO - utils.trainer -   Specificity: 0.69231
08/06/2026 21:42:14 - INFO - utils.trainer -   Sensitivity: 0.81633
08/06/2026 21:42:14 - INFO - utils.trainer -   Epoch: 27, Loss: 1.05975, Val loss: 0.95583, Val Loss: 0.9558, Best val Loss: 0.9303, No improve: 3/25, Time: 1.9s
08/06/2026 21:42:16 - INFO - utils.trainer -   ***** Running evaluation on val dataset *****
08/06/2026 21:42:17 - INFO - utils.trainer -   Loss: 0.95713
08/06/2026 21:42:17 - INFO - utils.trainer -   AUC: 0.84961
08/06/2026 21:42:17 - INFO - utils.trainer -   Accuracy: 0.74561
08/06/2026 21:42:17 - INFO - utils.trainer -   Precision: 0.91667
08/06/2026 21:42:17 - INFO - utils.trainer -   Specificity: 0.96923
08/06/2026 21:42:17 - INFO - utils.trainer -   Sensitivity: 0.44898
08/06/2026 21:42:17 - INFO - utils.trainer -   Epoch: 28, Loss: 1.13674, Val loss: 0.95713, Val Loss: 0.9571, Best val Loss: 0.9303, No improve: 4/25, Time: 2.0s
08/06/2026 21:42:19 - INFO - utils.trainer -   ***** Running evaluation on val dataset *****
08/06/2026 21:42:19 - INFO - utils.trainer -   Loss: 1.07006
08/06/2026 21:42:19 - INFO - utils.trainer -   AUC: 0.84772
08/06/2026 21:42:19 - INFO - utils.trainer -   Accuracy: 0.67544
08/06/2026 21:42:19 - INFO - utils.trainer -   Precision: 0.57500
08/06/2026 21:42:19 - INFO - utils.trainer -   Specificity: 0.47692
08/06/2026 21:42:19 - INFO - utils.trainer -   Sensitivity: 0.93878
08/06/2026 21:42:19 - INFO - utils.trainer -   Epoch: 29, Loss: 1.06946, Val loss: 1.07006, Val Loss: 1.0701, Best val Loss: 0.9303, No improve: 5/25, Time: 1.9s
08/06/2026 21:42:21 - INFO - utils.trainer -   ***** Running evaluation on val dataset *****
08/06/2026 21:42:22 - INFO - utils.trainer -   Loss: 1.11830
08/06/2026 21:42:22 - INFO - utils.trainer -   AUC: 0.84898
08/06/2026 21:42:22 - INFO - utils.trainer -   Accuracy: 0.65789
08/06/2026 21:42:22 - INFO - utils.trainer -   Precision: 0.55814
08/06/2026 21:42:22 - INFO - utils.trainer -   Specificity: 0.41538
08/06/2026 21:42:22 - INFO - utils.trainer -   Sensitivity: 0.97959
08/06/2026 21:42:22 - INFO - utils.trainer -   Epoch: 30, Loss: 1.13600, Val loss: 1.11830, Val Loss: 1.1183, Best val Loss: 0.9303, No improve: 6/25, Time: 2.2s
08/06/2026 21:42:24 - INFO - utils.trainer -   ***** Running evaluation on val dataset *****
08/06/2026 21:42:25 - INFO - utils.trainer -   Loss: 0.98829
08/06/2026 21:42:25 - INFO - utils.trainer -   AUC: 0.87033
08/06/2026 21:42:25 - INFO - utils.trainer -   Accuracy: 0.67544
08/06/2026 21:42:25 - INFO - utils.trainer -   Precision: 0.57692
08/06/2026 21:42:25 - INFO - utils.trainer -   Specificity: 0.49231
08/06/2026 21:42:25 - INFO - utils.trainer -   Sensitivity: 0.91837
08/06/2026 21:42:25 - INFO - utils.trainer -   Epoch: 31, Loss: 1.17699, Val loss: 0.98829, Val Loss: 0.9883, Best val Loss: 0.9303, No improve: 7/25, Time: 2.0s
08/06/2026 21:42:27 - INFO - utils.trainer -   ***** Running evaluation on val dataset *****
08/06/2026 21:42:27 - INFO - utils.trainer -   Loss: 0.87656
08/06/2026 21:42:27 - INFO - utils.trainer -   AUC: 0.86907
08/06/2026 21:42:27 - INFO - utils.trainer -   Accuracy: 0.73684
08/06/2026 21:42:27 - INFO - utils.trainer -   Precision: 0.66102
08/06/2026 21:42:27 - INFO - utils.trainer -   Specificity: 0.69231
08/06/2026 21:42:27 - INFO - utils.trainer -   Sensitivity: 0.79592
08/06/2026 21:42:27 - INFO - utils.trainer -   Model saved to output_dir/ALTER_DiseaseDS_train
08/06/2026 21:42:27 - INFO - utils.trainer -   Best model saved (val_Loss=0.8766)
08/06/2026 21:42:27 - INFO - utils.trainer -   Epoch: 32, Loss: 0.99306, Val loss: 0.87656, Val Loss: 0.8766, Best val Loss: 0.8766, No improve: 0/25, Time: 1.7s
08/06/2026 21:42:29 - INFO - utils.trainer -   ***** Running evaluation on val dataset *****
08/06/2026 21:42:30 - INFO - utils.trainer -   Loss: 0.95644
08/06/2026 21:42:30 - INFO - utils.trainer -   AUC: 0.81507
08/06/2026 21:42:30 - INFO - utils.trainer -   Accuracy: 0.76316
08/06/2026 21:42:30 - INFO - utils.trainer -   Precision: 0.92308
08/06/2026 21:42:30 - INFO - utils.trainer -   Specificity: 0.96923
08/06/2026 21:42:30 - INFO - utils.trainer -   Sensitivity: 0.48980
08/06/2026 21:42:30 - INFO - utils.trainer -   Epoch: 33, Loss: 1.01877, Val loss: 0.95644, Val Loss: 0.9564, Best val Loss: 0.8766, No improve: 1/25, Time: 2.0s
08/06/2026 21:42:32 - INFO - utils.trainer -   ***** Running evaluation on val dataset *****
08/06/2026 21:42:32 - INFO - utils.trainer -   Loss: 1.08662
08/06/2026 21:42:32 - INFO - utils.trainer -   AUC: 0.81224
08/06/2026 21:42:32 - INFO - utils.trainer -   Accuracy: 0.63158
08/06/2026 21:42:32 - INFO - utils.trainer -   Precision: 0.54795
08/06/2026 21:42:32 - INFO - utils.trainer -   Specificity: 0.49231
08/06/2026 21:42:32 - INFO - utils.trainer -   Sensitivity: 0.81633
08/06/2026 21:42:32 - INFO - utils.trainer -   Epoch: 34, Loss: 1.16100, Val loss: 1.08662, Val Loss: 1.0866, Best val Loss: 0.8766, No improve: 2/25, Time: 2.1s
08/06/2026 21:42:34 - INFO - utils.trainer -   ***** Running evaluation on val dataset *****
08/06/2026 21:42:35 - INFO - utils.trainer -   Loss: 1.10510
08/06/2026 21:42:35 - INFO - utils.trainer -   AUC: 0.81130
08/06/2026 21:42:35 - INFO - utils.trainer -   Accuracy: 0.58772
08/06/2026 21:42:35 - INFO - utils.trainer -   Precision: 0.51250
08/06/2026 21:42:35 - INFO - utils.trainer -   Specificity: 0.40000
08/06/2026 21:42:35 - INFO - utils.trainer -   Sensitivity: 0.83673
08/06/2026 21:42:35 - INFO - utils.trainer -   Epoch: 35, Loss: 0.98538, Val loss: 1.10510, Val Loss: 1.1051, Best val Loss: 0.8766, No improve: 3/25, Time: 1.9s
08/06/2026 21:42:37 - INFO - utils.trainer -   ***** Running evaluation on val dataset *****
08/06/2026 21:42:37 - INFO - utils.trainer -   Loss: 0.86580
08/06/2026 21:42:37 - INFO - utils.trainer -   AUC: 0.86531
08/06/2026 21:42:37 - INFO - utils.trainer -   Accuracy: 0.78070
08/06/2026 21:42:37 - INFO - utils.trainer -   Precision: 0.72222
08/06/2026 21:42:37 - INFO - utils.trainer -   Specificity: 0.76923
08/06/2026 21:42:37 - INFO - utils.trainer -   Sensitivity: 0.79592
08/06/2026 21:42:38 - INFO - utils.trainer -   Model saved to output_dir/ALTER_DiseaseDS_train
08/06/2026 21:42:38 - INFO - utils.trainer -   Best model saved (val_Loss=0.8658)
08/06/2026 21:42:38 - INFO - utils.trainer -   Epoch: 36, Loss: 1.08224, Val loss: 0.86580, Val Loss: 0.8658, Best val Loss: 0.8658, No improve: 0/25, Time: 1.9s
08/06/2026 21:42:39 - INFO - utils.trainer -   ***** Running evaluation on val dataset *****
08/06/2026 21:42:40 - INFO - utils.trainer -   Loss: 1.48662
08/06/2026 21:42:40 - INFO - utils.trainer -   AUC: 0.83171
08/06/2026 21:42:40 - INFO - utils.trainer -   Accuracy: 0.61404
08/06/2026 21:42:40 - INFO - utils.trainer -   Precision: 0.52688
08/06/2026 21:42:40 - INFO - utils.trainer -   Specificity: 0.32308
08/06/2026 21:42:40 - INFO - utils.trainer -   Sensitivity: 1.00000
08/06/2026 21:42:40 - INFO - utils.trainer -   Epoch: 37, Loss: 0.88499, Val loss: 1.48662, Val Loss: 1.4866, Best val Loss: 0.8658, No improve: 1/25, Time: 2.0s
08/06/2026 21:42:42 - INFO - utils.trainer -   ***** Running evaluation on val dataset *****
08/06/2026 21:42:43 - INFO - utils.trainer -   Loss: 0.91439
08/06/2026 21:42:43 - INFO - utils.trainer -   AUC: 0.83548
08/06/2026 21:42:43 - INFO - utils.trainer -   Accuracy: 0.73684
08/06/2026 21:42:43 - INFO - utils.trainer -   Precision: 0.66102
08/06/2026 21:42:43 - INFO - utils.trainer -   Specificity: 0.69231
08/06/2026 21:42:43 - INFO - utils.trainer -   Sensitivity: 0.79592
08/06/2026 21:42:43 - INFO - utils.trainer -   Epoch: 38, Loss: 1.25889, Val loss: 0.91439, Val Loss: 0.9144, Best val Loss: 0.8658, No improve: 2/25, Time: 1.9s
08/06/2026 21:42:45 - INFO - utils.trainer -   ***** Running evaluation on val dataset *****
08/06/2026 21:42:46 - INFO - utils.trainer -   Loss: 0.88377
08/06/2026 21:42:46 - INFO - utils.trainer -   AUC: 0.82889
08/06/2026 21:42:46 - INFO - utils.trainer -   Accuracy: 0.72807
08/06/2026 21:42:46 - INFO - utils.trainer -   Precision: 0.72500
08/06/2026 21:42:46 - INFO - utils.trainer -   Specificity: 0.83077
08/06/2026 21:42:46 - INFO - utils.trainer -   Sensitivity: 0.59184
08/06/2026 21:42:46 - INFO - utils.trainer -   Epoch: 39, Loss: 1.09375, Val loss: 0.88377, Val Loss: 0.8838, Best val Loss: 0.8658, No improve: 3/25, Time: 2.3s
08/06/2026 21:42:47 - INFO - utils.trainer -   ***** Running evaluation on val dataset *****
08/06/2026 21:42:48 - INFO - utils.trainer -   Loss: 0.94657
08/06/2026 21:42:48 - INFO - utils.trainer -   AUC: 0.80879
08/06/2026 21:42:48 - INFO - utils.trainer -   Accuracy: 0.72807
08/06/2026 21:42:48 - INFO - utils.trainer -   Precision: 0.68750
08/06/2026 21:42:48 - INFO - utils.trainer -   Specificity: 0.76923
08/06/2026 21:42:48 - INFO - utils.trainer -   Sensitivity: 0.67347
08/06/2026 21:42:48 - INFO - utils.trainer -   Epoch: 40, Loss: 1.05312, Val loss: 0.94657, Val Loss: 0.9466, Best val Loss: 0.8658, No improve: 4/25, Time: 1.5s
08/06/2026 21:42:50 - INFO - utils.trainer -   ***** Running evaluation on val dataset *****
08/06/2026 21:42:50 - INFO - utils.trainer -   Loss: 0.98171
08/06/2026 21:42:50 - INFO - utils.trainer -   AUC: 0.83203
08/06/2026 21:42:50 - INFO - utils.trainer -   Accuracy: 0.68421
08/06/2026 21:42:50 - INFO - utils.trainer -   Precision: 0.60000
08/06/2026 21:42:50 - INFO - utils.trainer -   Specificity: 0.60000
08/06/2026 21:42:50 - INFO - utils.trainer -   Sensitivity: 0.79592
08/06/2026 21:42:50 - INFO - utils.trainer -   Epoch: 41, Loss: 0.75731, Val loss: 0.98171, Val Loss: 0.9817, Best val Loss: 0.8658, No improve: 5/25, Time: 1.9s
08/06/2026 21:42:52 - INFO - utils.trainer -   ***** Running evaluation on val dataset *****
08/06/2026 21:42:53 - INFO - utils.trainer -   Loss: 0.94861
08/06/2026 21:42:53 - INFO - utils.trainer -   AUC: 0.82512
08/06/2026 21:42:53 - INFO - utils.trainer -   Accuracy: 0.73684
08/06/2026 21:42:53 - INFO - utils.trainer -   Precision: 0.66102
08/06/2026 21:42:53 - INFO - utils.trainer -   Specificity: 0.69231
08/06/2026 21:42:53 - INFO - utils.trainer -   Sensitivity: 0.79592
08/06/2026 21:42:53 - INFO - utils.trainer -   Epoch: 42, Loss: 0.95743, Val loss: 0.94861, Val Loss: 0.9486, Best val Loss: 0.8658, No improve: 6/25, Time: 1.7s
08/06/2026 21:42:55 - INFO - utils.trainer -   ***** Running evaluation on val dataset *****
08/06/2026 21:42:56 - INFO - utils.trainer -   Loss: 1.01946
08/06/2026 21:42:56 - INFO - utils.trainer -   AUC: 0.81633
08/06/2026 21:42:56 - INFO - utils.trainer -   Accuracy: 0.66667
08/06/2026 21:42:56 - INFO - utils.trainer -   Precision: 0.58209
08/06/2026 21:42:56 - INFO - utils.trainer -   Specificity: 0.56923
08/06/2026 21:42:56 - INFO - utils.trainer -   Sensitivity: 0.79592
08/06/2026 21:42:56 - INFO - utils.trainer -   Epoch: 43, Loss: 0.97003, Val loss: 1.01946, Val Loss: 1.0195, Best val Loss: 0.8658, No improve: 7/25, Time: 2.3s
08/06/2026 21:42:58 - INFO - utils.trainer -   ***** Running evaluation on val dataset *****
08/06/2026 21:42:58 - INFO - utils.trainer -   Loss: 1.26151
08/06/2026 21:42:58 - INFO - utils.trainer -   AUC: 0.83642
08/06/2026 21:42:58 - INFO - utils.trainer -   Accuracy: 0.63158
08/06/2026 21:42:58 - INFO - utils.trainer -   Precision: 0.53846
08/06/2026 21:42:58 - INFO - utils.trainer -   Specificity: 0.35385
08/06/2026 21:42:58 - INFO - utils.trainer -   Sensitivity: 1.00000
08/06/2026 21:42:58 - INFO - utils.trainer -   Epoch: 44, Loss: 1.09123, Val loss: 1.26151, Val Loss: 1.2615, Best val Loss: 0.8658, No improve: 8/25, Time: 2.1s
08/06/2026 21:43:00 - INFO - utils.trainer -   ***** Running evaluation on val dataset *****
08/06/2026 21:43:01 - INFO - utils.trainer -   Loss: 0.97569
08/06/2026 21:43:01 - INFO - utils.trainer -   AUC: 0.81884
08/06/2026 21:43:01 - INFO - utils.trainer -   Accuracy: 0.71930
08/06/2026 21:43:01 - INFO - utils.trainer -   Precision: 0.67347
08/06/2026 21:43:01 - INFO - utils.trainer -   Specificity: 0.75385
08/06/2026 21:43:01 - INFO - utils.trainer -   Sensitivity: 0.67347
08/06/2026 21:43:01 - INFO - utils.trainer -   Epoch: 45, Loss: 0.81511, Val loss: 0.97569, Val Loss: 0.9757, Best val Loss: 0.8658, No improve: 9/25, Time: 1.9s
08/06/2026 21:43:03 - INFO - utils.trainer -   ***** Running evaluation on val dataset *****
08/06/2026 21:43:03 - INFO - utils.trainer -   Loss: 0.86537
08/06/2026 21:43:03 - INFO - utils.trainer -   AUC: 0.84804
08/06/2026 21:43:03 - INFO - utils.trainer -   Accuracy: 0.78070
08/06/2026 21:43:03 - INFO - utils.trainer -   Precision: 0.81579
08/06/2026 21:43:03 - INFO - utils.trainer -   Specificity: 0.89231
08/06/2026 21:43:03 - INFO - utils.trainer -   Sensitivity: 0.63265
08/06/2026 21:43:03 - INFO - utils.trainer -   Epoch: 46, Loss: 1.04207, Val loss: 0.86537, Val Loss: 0.8654, Best val Loss: 0.8658, No improve: 10/25, Time: 1.8s
08/06/2026 21:43:05 - INFO - utils.trainer -   ***** Running evaluation on val dataset *****
08/06/2026 21:43:05 - INFO - utils.trainer -   Loss: 1.06512
08/06/2026 21:43:05 - INFO - utils.trainer -   AUC: 0.80597
08/06/2026 21:43:05 - INFO - utils.trainer -   Accuracy: 0.64035
08/06/2026 21:43:05 - INFO - utils.trainer -   Precision: 0.55714
08/06/2026 21:43:05 - INFO - utils.trainer -   Specificity: 0.52308
08/06/2026 21:43:05 - INFO - utils.trainer -   Sensitivity: 0.79592
08/06/2026 21:43:05 - INFO - utils.trainer -   Epoch: 47, Loss: 0.98068, Val loss: 1.06512, Val Loss: 1.0651, Best val Loss: 0.8658, No improve: 11/25, Time: 1.7s
08/06/2026 21:43:07 - INFO - utils.trainer -   ***** Running evaluation on val dataset *****
08/06/2026 21:43:08 - INFO - utils.trainer -   Loss: 0.92160
08/06/2026 21:43:08 - INFO - utils.trainer -   AUC: 0.82732
08/06/2026 21:43:08 - INFO - utils.trainer -   Accuracy: 0.75439
08/06/2026 21:43:08 - INFO - utils.trainer -   Precision: 0.72340
08/06/2026 21:43:08 - INFO - utils.trainer -   Specificity: 0.80000
08/06/2026 21:43:08 - INFO - utils.trainer -   Sensitivity: 0.69388
08/06/2026 21:43:08 - INFO - utils.trainer -   Epoch: 48, Loss: 0.98614, Val loss: 0.92160, Val Loss: 0.9216, Best val Loss: 0.8658, No improve: 12/25, Time: 1.9s
08/06/2026 21:43:10 - INFO - utils.trainer -   ***** Running evaluation on val dataset *****
08/06/2026 21:43:10 - INFO - utils.trainer -   Loss: 0.99516
08/06/2026 21:43:10 - INFO - utils.trainer -   AUC: 0.81695
08/06/2026 21:43:10 - INFO - utils.trainer -   Accuracy: 0.71930
08/06/2026 21:43:10 - INFO - utils.trainer -   Precision: 0.67347
08/06/2026 21:43:10 - INFO - utils.trainer -   Specificity: 0.75385
08/06/2026 21:43:10 - INFO - utils.trainer -   Sensitivity: 0.67347
08/06/2026 21:43:10 - INFO - utils.trainer -   Epoch: 49, Loss: 0.91170, Val loss: 0.99516, Val Loss: 0.9952, Best val Loss: 0.8658, No improve: 13/25, Time: 1.8s
08/06/2026 21:43:12 - INFO - utils.trainer -   ***** Running evaluation on val dataset *****
08/06/2026 21:43:13 - INFO - utils.trainer -   Loss: 0.95328
08/06/2026 21:43:13 - INFO - utils.trainer -   AUC: 0.82135
08/06/2026 21:43:13 - INFO - utils.trainer -   Accuracy: 0.75439
08/06/2026 21:43:13 - INFO - utils.trainer -   Precision: 0.81818
08/06/2026 21:43:13 - INFO - utils.trainer -   Specificity: 0.90769
08/06/2026 21:43:13 - INFO - utils.trainer -   Sensitivity: 0.55102
08/06/2026 21:43:13 - INFO - utils.trainer -   Epoch: 50, Loss: 0.80755, Val loss: 0.95328, Val Loss: 0.9533, Best val Loss: 0.8658, No improve: 14/25, Time: 2.0s
08/06/2026 21:43:15 - INFO - utils.trainer -   ***** Running evaluation on val dataset *****
08/06/2026 21:43:15 - INFO - utils.trainer -   Loss: 0.86566
08/06/2026 21:43:15 - INFO - utils.trainer -   AUC: 0.85651
08/06/2026 21:43:15 - INFO - utils.trainer -   Accuracy: 0.76316
08/06/2026 21:43:15 - INFO - utils.trainer -   Precision: 0.80556
08/06/2026 21:43:15 - INFO - utils.trainer -   Specificity: 0.89231
08/06/2026 21:43:15 - INFO - utils.trainer -   Sensitivity: 0.59184
08/06/2026 21:43:15 - INFO - utils.trainer -   Epoch: 51, Loss: 0.69465, Val loss: 0.86566, Val Loss: 0.8657, Best val Loss: 0.8658, No improve: 15/25, Time: 1.9s
08/06/2026 21:43:17 - INFO - utils.trainer -   ***** Running evaluation on val dataset *****
08/06/2026 21:43:18 - INFO - utils.trainer -   Loss: 0.90295
08/06/2026 21:43:18 - INFO - utils.trainer -   AUC: 0.84584
08/06/2026 21:43:18 - INFO - utils.trainer -   Accuracy: 0.76316
08/06/2026 21:43:18 - INFO - utils.trainer -   Precision: 0.69643
08/06/2026 21:43:18 - INFO - utils.trainer -   Specificity: 0.73846
08/06/2026 21:43:18 - INFO - utils.trainer -   Sensitivity: 0.79592
08/06/2026 21:43:18 - INFO - utils.trainer -   Epoch: 52, Loss: 0.78446, Val loss: 0.90295, Val Loss: 0.9029, Best val Loss: 0.8658, No improve: 16/25, Time: 1.6s
08/06/2026 21:43:19 - INFO - utils.trainer -   ***** Running evaluation on val dataset *****
08/06/2026 21:43:20 - INFO - utils.trainer -   Loss: 0.94960
08/06/2026 21:43:20 - INFO - utils.trainer -   AUC: 0.83548
08/06/2026 21:43:20 - INFO - utils.trainer -   Accuracy: 0.75439
08/06/2026 21:43:20 - INFO - utils.trainer -   Precision: 0.83871
08/06/2026 21:43:20 - INFO - utils.trainer -   Specificity: 0.92308
08/06/2026 21:43:20 - INFO - utils.trainer -   Sensitivity: 0.53061
08/06/2026 21:43:20 - INFO - utils.trainer -   Epoch: 53, Loss: 0.76009, Val loss: 0.94960, Val Loss: 0.9496, Best val Loss: 0.8658, No improve: 17/25, Time: 1.8s
08/06/2026 21:43:22 - INFO - utils.trainer -   ***** Running evaluation on val dataset *****
08/06/2026 21:43:23 - INFO - utils.trainer -   Loss: 1.10417
08/06/2026 21:43:23 - INFO - utils.trainer -   AUC: 0.81381
08/06/2026 21:43:23 - INFO - utils.trainer -   Accuracy: 0.71930
08/06/2026 21:43:23 - INFO - utils.trainer -   Precision: 0.66667
08/06/2026 21:43:23 - INFO - utils.trainer -   Specificity: 0.73846
08/06/2026 21:43:23 - INFO - utils.trainer -   Sensitivity: 0.69388
08/06/2026 21:43:23 - INFO - utils.trainer -   Epoch: 54, Loss: 0.79867, Val loss: 1.10417, Val Loss: 1.1042, Best val Loss: 0.8658, No improve: 18/25, Time: 1.9s
08/06/2026 21:43:25 - INFO - utils.trainer -   ***** Running evaluation on val dataset *****
08/06/2026 21:43:25 - INFO - utils.trainer -   Loss: 0.98227
08/06/2026 21:43:25 - INFO - utils.trainer -   AUC: 0.83391
08/06/2026 21:43:25 - INFO - utils.trainer -   Accuracy: 0.71053
08/06/2026 21:43:25 - INFO - utils.trainer -   Precision: 0.62903
08/06/2026 21:43:25 - INFO - utils.trainer -   Specificity: 0.64615
08/06/2026 21:43:25 - INFO - utils.trainer -   Sensitivity: 0.79592
08/06/2026 21:43:25 - INFO - utils.trainer -   Epoch: 55, Loss: 0.79602, Val loss: 0.98227, Val Loss: 0.9823, Best val Loss: 0.8658, No improve: 19/25, Time: 1.9s
08/06/2026 21:43:27 - INFO - utils.trainer -   ***** Running evaluation on val dataset *****
08/06/2026 21:43:28 - INFO - utils.trainer -   Loss: 0.89817
08/06/2026 21:43:28 - INFO - utils.trainer -   AUC: 0.83893
08/06/2026 21:43:28 - INFO - utils.trainer -   Accuracy: 0.75439
08/06/2026 21:43:28 - INFO - utils.trainer -   Precision: 0.74419
08/06/2026 21:43:28 - INFO - utils.trainer -   Specificity: 0.83077
08/06/2026 21:43:28 - INFO - utils.trainer -   Sensitivity: 0.65306
08/06/2026 21:43:28 - INFO - utils.trainer -   Epoch: 56, Loss: 0.73115, Val loss: 0.89817, Val Loss: 0.8982, Best val Loss: 0.8658, No improve: 20/25, Time: 1.8s
08/06/2026 21:43:29 - INFO - utils.trainer -   ***** Running evaluation on val dataset *****
08/06/2026 21:43:30 - INFO - utils.trainer -   Loss: 0.93709
08/06/2026 21:43:30 - INFO - utils.trainer -   AUC: 0.82983
08/06/2026 21:43:30 - INFO - utils.trainer -   Accuracy: 0.72807
08/06/2026 21:43:30 - INFO - utils.trainer -   Precision: 0.70455
08/06/2026 21:43:30 - INFO - utils.trainer -   Specificity: 0.80000
08/06/2026 21:43:30 - INFO - utils.trainer -   Sensitivity: 0.63265
08/06/2026 21:43:30 - INFO - utils.trainer -   Epoch: 57, Loss: 0.75876, Val loss: 0.93709, Val Loss: 0.9371, Best val Loss: 0.8658, No improve: 21/25, Time: 1.8s
08/06/2026 21:43:32 - INFO - utils.trainer -   ***** Running evaluation on val dataset *****
08/06/2026 21:43:33 - INFO - utils.trainer -   Loss: 1.09231
08/06/2026 21:43:33 - INFO - utils.trainer -   AUC: 0.80283
08/06/2026 21:43:33 - INFO - utils.trainer -   Accuracy: 0.71930
08/06/2026 21:43:33 - INFO - utils.trainer -   Precision: 0.63934
08/06/2026 21:43:33 - INFO - utils.trainer -   Specificity: 0.66154
08/06/2026 21:43:33 - INFO - utils.trainer -   Sensitivity: 0.79592
08/06/2026 21:43:33 - INFO - utils.trainer -   Epoch: 58, Loss: 0.84272, Val loss: 1.09231, Val Loss: 1.0923, Best val Loss: 0.8658, No improve: 22/25, Time: 1.8s
08/06/2026 21:43:35 - INFO - utils.trainer -   ***** Running evaluation on val dataset *****
08/06/2026 21:43:35 - INFO - utils.trainer -   Loss: 0.83944
08/06/2026 21:43:35 - INFO - utils.trainer -   AUC: 0.86311
08/06/2026 21:43:35 - INFO - utils.trainer -   Accuracy: 0.77193
08/06/2026 21:43:35 - INFO - utils.trainer -   Precision: 0.79487
08/06/2026 21:43:35 - INFO - utils.trainer -   Specificity: 0.87692
08/06/2026 21:43:35 - INFO - utils.trainer -   Sensitivity: 0.63265
08/06/2026 21:43:35 - INFO - utils.trainer -   Model saved to output_dir/ALTER_DiseaseDS_train
08/06/2026 21:43:35 - INFO - utils.trainer -   Best model saved (val_Loss=0.8394)
08/06/2026 21:43:35 - INFO - utils.trainer -   Epoch: 59, Loss: 0.92747, Val loss: 0.83944, Val Loss: 0.8394, Best val Loss: 0.8394, No improve: 0/25, Time: 1.9s
08/06/2026 21:43:38 - INFO - utils.trainer -   ***** Running evaluation on val dataset *****
08/06/2026 21:43:38 - INFO - utils.trainer -   Loss: 1.03390
08/06/2026 21:43:38 - INFO - utils.trainer -   AUC: 0.80471
08/06/2026 21:43:38 - INFO - utils.trainer -   Accuracy: 0.71053
08/06/2026 21:43:38 - INFO - utils.trainer -   Precision: 0.66000
08/06/2026 21:43:38 - INFO - utils.trainer -   Specificity: 0.73846
08/06/2026 21:43:38 - INFO - utils.trainer -   Sensitivity: 0.67347
08/06/2026 21:43:38 - INFO - utils.trainer -   Epoch: 60, Loss: 0.72986, Val loss: 1.03390, Val Loss: 1.0339, Best val Loss: 0.8394, No improve: 1/25, Time: 2.2s
08/06/2026 21:43:40 - INFO - utils.trainer -   ***** Running evaluation on val dataset *****
08/06/2026 21:43:41 - INFO - utils.trainer -   Loss: 1.18896
08/06/2026 21:43:41 - INFO - utils.trainer -   AUC: 0.79466
08/06/2026 21:43:41 - INFO - utils.trainer -   Accuracy: 0.68421
08/06/2026 21:43:41 - INFO - utils.trainer -   Precision: 0.60656
08/06/2026 21:43:41 - INFO - utils.trainer -   Specificity: 0.63077
08/06/2026 21:43:41 - INFO - utils.trainer -   Sensitivity: 0.75510
08/06/2026 21:43:41 - INFO - utils.trainer -   Epoch: 61, Loss: 0.62704, Val loss: 1.18896, Val Loss: 1.1890, Best val Loss: 0.8394, No improve: 2/25, Time: 1.6s
08/06/2026 21:43:43 - INFO - utils.trainer -   ***** Running evaluation on val dataset *****
08/06/2026 21:43:43 - INFO - utils.trainer -   Loss: 1.01732
08/06/2026 21:43:43 - INFO - utils.trainer -   AUC: 0.81852
08/06/2026 21:43:43 - INFO - utils.trainer -   Accuracy: 0.71053
08/06/2026 21:43:43 - INFO - utils.trainer -   Precision: 0.63793
08/06/2026 21:43:43 - INFO - utils.trainer -   Specificity: 0.67692
08/06/2026 21:43:43 - INFO - utils.trainer -   Sensitivity: 0.75510
08/06/2026 21:43:43 - INFO - utils.trainer -   Epoch: 62, Loss: 1.04559, Val loss: 1.01732, Val Loss: 1.0173, Best val Loss: 0.8394, No improve: 3/25, Time: 2.1s
08/06/2026 21:43:45 - INFO - utils.trainer -   ***** Running evaluation on val dataset *****
08/06/2026 21:43:46 - INFO - utils.trainer -   Loss: 0.91014
08/06/2026 21:43:46 - INFO - utils.trainer -   AUC: 0.83956
08/06/2026 21:43:46 - INFO - utils.trainer -   Accuracy: 0.74561
08/06/2026 21:43:46 - INFO - utils.trainer -   Precision: 0.73810
08/06/2026 21:43:46 - INFO - utils.trainer -   Specificity: 0.83077
08/06/2026 21:43:46 - INFO - utils.trainer -   Sensitivity: 0.63265
08/06/2026 21:43:46 - INFO - utils.trainer -   Epoch: 63, Loss: 0.67521, Val loss: 0.91014, Val Loss: 0.9101, Best val Loss: 0.8394, No improve: 4/25, Time: 2.0s
08/06/2026 21:43:48 - INFO - utils.trainer -   ***** Running evaluation on val dataset *****
08/06/2026 21:43:49 - INFO - utils.trainer -   Loss: 1.06081
08/06/2026 21:43:49 - INFO - utils.trainer -   AUC: 0.81068
08/06/2026 21:43:49 - INFO - utils.trainer -   Accuracy: 0.71053
08/06/2026 21:43:49 - INFO - utils.trainer -   Precision: 0.63793
08/06/2026 21:43:49 - INFO - utils.trainer -   Specificity: 0.67692
08/06/2026 21:43:49 - INFO - utils.trainer -   Sensitivity: 0.75510
08/06/2026 21:43:49 - INFO - utils.trainer -   Epoch: 64, Loss: 0.86711, Val loss: 1.06081, Val Loss: 1.0608, Best val Loss: 0.8394, No improve: 5/25, Time: 2.0s
08/06/2026 21:43:50 - INFO - utils.trainer -   ***** Running evaluation on val dataset *****
08/06/2026 21:43:51 - INFO - utils.trainer -   Loss: 1.02587
08/06/2026 21:43:51 - INFO - utils.trainer -   AUC: 0.81476
08/06/2026 21:43:51 - INFO - utils.trainer -   Accuracy: 0.75439
08/06/2026 21:43:51 - INFO - utils.trainer -   Precision: 0.81818
08/06/2026 21:43:51 - INFO - utils.trainer -   Specificity: 0.90769
08/06/2026 21:43:51 - INFO - utils.trainer -   Sensitivity: 0.55102
08/06/2026 21:43:51 - INFO - utils.trainer -   Epoch: 65, Loss: 0.82115, Val loss: 1.02587, Val Loss: 1.0259, Best val Loss: 0.8394, No improve: 6/25, Time: 1.8s
08/06/2026 21:43:53 - INFO - utils.trainer -   ***** Running evaluation on val dataset *****
08/06/2026 21:43:54 - INFO - utils.trainer -   Loss: 0.92275
08/06/2026 21:43:54 - INFO - utils.trainer -   AUC: 0.83454
08/06/2026 21:43:54 - INFO - utils.trainer -   Accuracy: 0.76316
08/06/2026 21:43:54 - INFO - utils.trainer -   Precision: 0.77500
08/06/2026 21:43:54 - INFO - utils.trainer -   Specificity: 0.86154
08/06/2026 21:43:54 - INFO - utils.trainer -   Sensitivity: 0.63265
08/06/2026 21:43:54 - INFO - utils.trainer -   Epoch: 66, Loss: 0.94386, Val loss: 0.92275, Val Loss: 0.9227, Best val Loss: 0.8394, No improve: 7/25, Time: 1.9s
08/06/2026 21:43:55 - INFO - utils.trainer -   ***** Running evaluation on val dataset *****
08/06/2026 21:43:56 - INFO - utils.trainer -   Loss: 0.87716
08/06/2026 21:43:56 - INFO - utils.trainer -   AUC: 0.85118
08/06/2026 21:43:56 - INFO - utils.trainer -   Accuracy: 0.79825
08/06/2026 21:43:56 - INFO - utils.trainer -   Precision: 0.75000
08/06/2026 21:43:56 - INFO - utils.trainer -   Specificity: 0.80000
08/06/2026 21:43:56 - INFO - utils.trainer -   Sensitivity: 0.79592
08/06/2026 21:43:56 - INFO - utils.trainer -   Epoch: 67, Loss: 0.85927, Val loss: 0.87716, Val Loss: 0.8772, Best val Loss: 0.8394, No improve: 8/25, Time: 1.8s
08/06/2026 21:43:58 - INFO - utils.trainer -   ***** Running evaluation on val dataset *****
08/06/2026 21:43:59 - INFO - utils.trainer -   Loss: 1.10830
08/06/2026 21:43:59 - INFO - utils.trainer -   AUC: 0.83014
08/06/2026 21:43:59 - INFO - utils.trainer -   Accuracy: 0.78947
08/06/2026 21:43:59 - INFO - utils.trainer -   Precision: 0.75510
08/06/2026 21:43:59 - INFO - utils.trainer -   Specificity: 0.81538
08/06/2026 21:43:59 - INFO - utils.trainer -   Sensitivity: 0.75510
08/06/2026 21:43:59 - INFO - utils.trainer -   Epoch: 68, Loss: 0.80889, Val loss: 1.10830, Val Loss: 1.1083, Best val Loss: 0.8394, No improve: 9/25, Time: 2.0s
08/06/2026 21:44:01 - INFO - utils.trainer -   ***** Running evaluation on val dataset *****
08/06/2026 21:44:01 - INFO - utils.trainer -   Loss: 1.14881
08/06/2026 21:44:01 - INFO - utils.trainer -   AUC: 0.80031
08/06/2026 21:44:01 - INFO - utils.trainer -   Accuracy: 0.71053
08/06/2026 21:44:01 - INFO - utils.trainer -   Precision: 0.65385
08/06/2026 21:44:01 - INFO - utils.trainer -   Specificity: 0.72308
08/06/2026 21:44:01 - INFO - utils.trainer -   Sensitivity: 0.69388
08/06/2026 21:44:01 - INFO - utils.trainer -   Epoch: 69, Loss: 0.83256, Val loss: 1.14881, Val Loss: 1.1488, Best val Loss: 0.8394, No improve: 10/25, Time: 2.0s
08/06/2026 21:44:03 - INFO - utils.trainer -   ***** Running evaluation on val dataset *****
08/06/2026 21:44:04 - INFO - utils.trainer -   Loss: 0.97775
08/06/2026 21:44:04 - INFO - utils.trainer -   AUC: 0.84835
08/06/2026 21:44:04 - INFO - utils.trainer -   Accuracy: 0.76316
08/06/2026 21:44:04 - INFO - utils.trainer -   Precision: 0.77500
08/06/2026 21:44:04 - INFO - utils.trainer -   Specificity: 0.86154
08/06/2026 21:44:04 - INFO - utils.trainer -   Sensitivity: 0.63265
08/06/2026 21:44:04 - INFO - utils.trainer -   Epoch: 70, Loss: 0.76025, Val loss: 0.97775, Val Loss: 0.9777, Best val Loss: 0.8394, No improve: 11/25, Time: 2.0s
08/06/2026 21:44:06 - INFO - utils.trainer -   ***** Running evaluation on val dataset *****
08/06/2026 21:44:07 - INFO - utils.trainer -   Loss: 0.89076
08/06/2026 21:44:07 - INFO - utils.trainer -   AUC: 0.84207
08/06/2026 21:44:07 - INFO - utils.trainer -   Accuracy: 0.76316
08/06/2026 21:44:07 - INFO - utils.trainer -   Precision: 0.76190
08/06/2026 21:44:07 - INFO - utils.trainer -   Specificity: 0.84615
08/06/2026 21:44:07 - INFO - utils.trainer -   Sensitivity: 0.65306
08/06/2026 21:44:07 - INFO - utils.trainer -   Epoch: 71, Loss: 0.92158, Val loss: 0.89076, Val Loss: 0.8908, Best val Loss: 0.8394, No improve: 12/25, Time: 2.0s
08/06/2026 21:44:09 - INFO - utils.trainer -   ***** Running evaluation on val dataset *****
08/06/2026 21:44:10 - INFO - utils.trainer -   Loss: 1.02060
08/06/2026 21:44:10 - INFO - utils.trainer -   AUC: 0.82543
08/06/2026 21:44:10 - INFO - utils.trainer -   Accuracy: 0.74561
08/06/2026 21:44:10 - INFO - utils.trainer -   Precision: 0.73810
08/06/2026 21:44:10 - INFO - utils.trainer -   Specificity: 0.83077
08/06/2026 21:44:10 - INFO - utils.trainer -   Sensitivity: 0.63265
08/06/2026 21:44:10 - INFO - utils.trainer -   Epoch: 72, Loss: 0.73825, Val loss: 1.02060, Val Loss: 1.0206, Best val Loss: 0.8394, No improve: 13/25, Time: 2.1s
08/06/2026 21:44:12 - INFO - utils.trainer -   ***** Running evaluation on val dataset *****
08/06/2026 21:44:12 - INFO - utils.trainer -   Loss: 1.03644
08/06/2026 21:44:12 - INFO - utils.trainer -   AUC: 0.81664
08/06/2026 21:44:12 - INFO - utils.trainer -   Accuracy: 0.72807
08/06/2026 21:44:12 - INFO - utils.trainer -   Precision: 0.66071
08/06/2026 21:44:12 - INFO - utils.trainer -   Specificity: 0.70769
08/06/2026 21:44:12 - INFO - utils.trainer -   Sensitivity: 0.75510
08/06/2026 21:44:12 - INFO - utils.trainer -   Epoch: 73, Loss: 0.71056, Val loss: 1.03644, Val Loss: 1.0364, Best val Loss: 0.8394, No improve: 14/25, Time: 2.0s
08/06/2026 21:44:15 - INFO - utils.trainer -   ***** Running evaluation on val dataset *****
08/06/2026 21:44:15 - INFO - utils.trainer -   Loss: 0.97284
08/06/2026 21:44:15 - INFO - utils.trainer -   AUC: 0.83862
08/06/2026 21:44:15 - INFO - utils.trainer -   Accuracy: 0.73684
08/06/2026 21:44:15 - INFO - utils.trainer -   Precision: 0.77143
08/06/2026 21:44:15 - INFO - utils.trainer -   Specificity: 0.87692
08/06/2026 21:44:15 - INFO - utils.trainer -   Sensitivity: 0.55102
08/06/2026 21:44:15 - INFO - utils.trainer -   Epoch: 74, Loss: 0.82058, Val loss: 0.97284, Val Loss: 0.9728, Best val Loss: 0.8394, No improve: 15/25, Time: 2.0s
08/06/2026 21:44:17 - INFO - utils.trainer -   ***** Running evaluation on val dataset *****
08/06/2026 21:44:18 - INFO - utils.trainer -   Loss: 1.02081
08/06/2026 21:44:18 - INFO - utils.trainer -   AUC: 0.85118
08/06/2026 21:44:18 - INFO - utils.trainer -   Accuracy: 0.75439
08/06/2026 21:44:18 - INFO - utils.trainer -   Precision: 0.75610
08/06/2026 21:44:18 - INFO - utils.trainer -   Specificity: 0.84615
08/06/2026 21:44:18 - INFO - utils.trainer -   Sensitivity: 0.63265
08/06/2026 21:44:18 - INFO - utils.trainer -   Epoch: 75, Loss: 0.71402, Val loss: 1.02081, Val Loss: 1.0208, Best val Loss: 0.8394, No improve: 16/25, Time: 2.0s
08/06/2026 21:44:20 - INFO - utils.trainer -   ***** Running evaluation on val dataset *****
08/06/2026 21:44:21 - INFO - utils.trainer -   Loss: 0.97456
08/06/2026 21:44:21 - INFO - utils.trainer -   AUC: 0.85055
08/06/2026 21:44:21 - INFO - utils.trainer -   Accuracy: 0.76316
08/06/2026 21:44:21 - INFO - utils.trainer -   Precision: 0.84375
08/06/2026 21:44:21 - INFO - utils.trainer -   Specificity: 0.92308
08/06/2026 21:44:21 - INFO - utils.trainer -   Sensitivity: 0.55102
08/06/2026 21:44:21 - INFO - utils.trainer -   Epoch: 76, Loss: 0.78132, Val loss: 0.97456, Val Loss: 0.9746, Best val Loss: 0.8394, No improve: 17/25, Time: 2.1s
08/06/2026 21:44:23 - INFO - utils.trainer -   ***** Running evaluation on val dataset *****
08/06/2026 21:44:23 - INFO - utils.trainer -   Loss: 1.02587
08/06/2026 21:44:23 - INFO - utils.trainer -   AUC: 0.85055
08/06/2026 21:44:23 - INFO - utils.trainer -   Accuracy: 0.74561
08/06/2026 21:44:23 - INFO - utils.trainer -   Precision: 0.79412
08/06/2026 21:44:23 - INFO - utils.trainer -   Specificity: 0.89231
08/06/2026 21:44:23 - INFO - utils.trainer -   Sensitivity: 0.55102
08/06/2026 21:44:23 - INFO - utils.trainer -   Epoch: 77, Loss: 0.74359, Val loss: 1.02587, Val Loss: 1.0259, Best val Loss: 0.8394, No improve: 18/25, Time: 1.9s
08/06/2026 21:44:25 - INFO - utils.trainer -   ***** Running evaluation on val dataset *****
08/06/2026 21:44:26 - INFO - utils.trainer -   Loss: 0.96628
08/06/2026 21:44:26 - INFO - utils.trainer -   AUC: 0.83548
08/06/2026 21:44:26 - INFO - utils.trainer -   Accuracy: 0.76316
08/06/2026 21:44:26 - INFO - utils.trainer -   Precision: 0.71154
08/06/2026 21:44:26 - INFO - utils.trainer -   Specificity: 0.76923
08/06/2026 21:44:26 - INFO - utils.trainer -   Sensitivity: 0.75510
08/06/2026 21:44:26 - INFO - utils.trainer -   Epoch: 78, Loss: 0.72175, Val loss: 0.96628, Val Loss: 0.9663, Best val Loss: 0.8394, No improve: 19/25, Time: 1.8s
08/06/2026 21:44:28 - INFO - utils.trainer -   ***** Running evaluation on val dataset *****
08/06/2026 21:44:28 - INFO - utils.trainer -   Loss: 0.96396
08/06/2026 21:44:28 - INFO - utils.trainer -   AUC: 0.83234
08/06/2026 21:44:28 - INFO - utils.trainer -   Accuracy: 0.73684
08/06/2026 21:44:28 - INFO - utils.trainer -   Precision: 0.70213
08/06/2026 21:44:28 - INFO - utils.trainer -   Specificity: 0.78462
08/06/2026 21:44:28 - INFO - utils.trainer -   Sensitivity: 0.67347
08/06/2026 21:44:28 - INFO - utils.trainer -   Epoch: 79, Loss: 0.74164, Val loss: 0.96396, Val Loss: 0.9640, Best val Loss: 0.8394, No improve: 20/25, Time: 2.0s
08/06/2026 21:44:30 - INFO - utils.trainer -   ***** Running evaluation on val dataset *****
08/06/2026 21:44:31 - INFO - utils.trainer -   Loss: 1.05849
08/06/2026 21:44:31 - INFO - utils.trainer -   AUC: 0.83548
08/06/2026 21:44:31 - INFO - utils.trainer -   Accuracy: 0.73684
08/06/2026 21:44:31 - INFO - utils.trainer -   Precision: 0.77143
08/06/2026 21:44:31 - INFO - utils.trainer -   Specificity: 0.87692
08/06/2026 21:44:31 - INFO - utils.trainer -   Sensitivity: 0.55102
08/06/2026 21:44:31 - INFO - utils.trainer -   Epoch: 80, Loss: 0.42543, Val loss: 1.05849, Val Loss: 1.0585, Best val Loss: 0.8394, No improve: 21/25, Time: 2.0s
08/06/2026 21:44:33 - INFO - utils.trainer -   ***** Running evaluation on val dataset *****
08/06/2026 21:44:34 - INFO - utils.trainer -   Loss: 1.09884
08/06/2026 21:44:34 - INFO - utils.trainer -   AUC: 0.82889
08/06/2026 21:44:34 - INFO - utils.trainer -   Accuracy: 0.75439
08/06/2026 21:44:34 - INFO - utils.trainer -   Precision: 0.69811
08/06/2026 21:44:34 - INFO - utils.trainer -   Specificity: 0.75385
08/06/2026 21:44:34 - INFO - utils.trainer -   Sensitivity: 0.75510
08/06/2026 21:44:34 - INFO - utils.trainer -   Epoch: 81, Loss: 0.60889, Val loss: 1.09884, Val Loss: 1.0988, Best val Loss: 0.8394, No improve: 22/25, Time: 2.0s
08/06/2026 21:44:35 - INFO - utils.trainer -   ***** Running evaluation on val dataset *****
08/06/2026 21:44:36 - INFO - utils.trainer -   Loss: 1.07201
08/06/2026 21:44:36 - INFO - utils.trainer -   AUC: 0.84176
08/06/2026 21:44:36 - INFO - utils.trainer -   Accuracy: 0.77193
08/06/2026 21:44:36 - INFO - utils.trainer -   Precision: 0.74468
08/06/2026 21:44:36 - INFO - utils.trainer -   Specificity: 0.81538
08/06/2026 21:44:36 - INFO - utils.trainer -   Sensitivity: 0.71429
08/06/2026 21:44:36 - INFO - utils.trainer -   Epoch: 82, Loss: 0.59930, Val loss: 1.07201, Val Loss: 1.0720, Best val Loss: 0.8394, No improve: 23/25, Time: 1.7s
08/06/2026 21:44:38 - INFO - utils.trainer -   ***** Running evaluation on val dataset *****
08/06/2026 21:44:39 - INFO - utils.trainer -   Loss: 0.91966
08/06/2026 21:44:39 - INFO - utils.trainer -   AUC: 0.84867
08/06/2026 21:44:39 - INFO - utils.trainer -   Accuracy: 0.75439
08/06/2026 21:44:39 - INFO - utils.trainer -   Precision: 0.74419
08/06/2026 21:44:39 - INFO - utils.trainer -   Specificity: 0.83077
08/06/2026 21:44:39 - INFO - utils.trainer -   Sensitivity: 0.65306
08/06/2026 21:44:39 - INFO - utils.trainer -   Epoch: 83, Loss: 0.84717, Val loss: 0.91966, Val Loss: 0.9197, Best val Loss: 0.8394, No improve: 24/25, Time: 1.9s
08/06/2026 21:44:41 - INFO - utils.trainer -   ***** Running evaluation on val dataset *****
08/06/2026 21:44:41 - INFO - utils.trainer -   Loss: 0.79331
08/06/2026 21:44:41 - INFO - utils.trainer -   AUC: 0.89231
08/06/2026 21:44:41 - INFO - utils.trainer -   Accuracy: 0.80702
08/06/2026 21:44:41 - INFO - utils.trainer -   Precision: 0.84615
08/06/2026 21:44:41 - INFO - utils.trainer -   Specificity: 0.90769
08/06/2026 21:44:41 - INFO - utils.trainer -   Sensitivity: 0.67347
08/06/2026 21:44:41 - INFO - utils.trainer -   Model saved to output_dir/ALTER_DiseaseDS_train
08/06/2026 21:44:41 - INFO - utils.trainer -   Best model saved (val_Loss=0.7933)
08/06/2026 21:44:41 - INFO - utils.trainer -   Epoch: 84, Loss: 0.67016, Val loss: 0.79331, Val Loss: 0.7933, Best val Loss: 0.7933, No improve: 0/25, Time: 1.9s
08/06/2026 21:44:43 - INFO - utils.trainer -   ***** Running evaluation on val dataset *****
08/06/2026 21:44:44 - INFO - utils.trainer -   Loss: 1.00791
08/06/2026 21:44:44 - INFO - utils.trainer -   AUC: 0.85055
08/06/2026 21:44:44 - INFO - utils.trainer -   Accuracy: 0.75439
08/06/2026 21:44:44 - INFO - utils.trainer -   Precision: 0.74419
08/06/2026 21:44:44 - INFO - utils.trainer -   Specificity: 0.83077
08/06/2026 21:44:44 - INFO - utils.trainer -   Sensitivity: 0.65306
08/06/2026 21:44:44 - INFO - utils.trainer -   Epoch: 85, Loss: 0.82389, Val loss: 1.00791, Val Loss: 1.0079, Best val Loss: 0.7933, No improve: 1/25, Time: 2.0s
08/06/2026 21:44:46 - INFO - utils.trainer -   ***** Running evaluation on val dataset *****
08/06/2026 21:44:47 - INFO - utils.trainer -   Loss: 0.94647
08/06/2026 21:44:47 - INFO - utils.trainer -   AUC: 0.86405
08/06/2026 21:44:47 - INFO - utils.trainer -   Accuracy: 0.77193
08/06/2026 21:44:47 - INFO - utils.trainer -   Precision: 0.79487
08/06/2026 21:44:47 - INFO - utils.trainer -   Specificity: 0.87692
08/06/2026 21:44:47 - INFO - utils.trainer -   Sensitivity: 0.63265
08/06/2026 21:44:47 - INFO - utils.trainer -   Epoch: 86, Loss: 0.62997, Val loss: 0.94647, Val Loss: 0.9465, Best val Loss: 0.7933, No improve: 2/25, Time: 2.0s
08/06/2026 21:44:48 - INFO - utils.trainer -   ***** Running evaluation on val dataset *****
08/06/2026 21:44:49 - INFO - utils.trainer -   Loss: 0.93289
08/06/2026 21:44:49 - INFO - utils.trainer -   AUC: 0.85212
08/06/2026 21:44:49 - INFO - utils.trainer -   Accuracy: 0.76316
08/06/2026 21:44:49 - INFO - utils.trainer -   Precision: 0.77500
08/06/2026 21:44:49 - INFO - utils.trainer -   Specificity: 0.86154
08/06/2026 21:44:49 - INFO - utils.trainer -   Sensitivity: 0.63265
08/06/2026 21:44:49 - INFO - utils.trainer -   Epoch: 87, Loss: 0.68072, Val loss: 0.93289, Val Loss: 0.9329, Best val Loss: 0.7933, No improve: 3/25, Time: 1.9s
08/06/2026 21:44:51 - INFO - utils.trainer -   ***** Running evaluation on val dataset *****
08/06/2026 21:44:52 - INFO - utils.trainer -   Loss: 1.00869
08/06/2026 21:44:52 - INFO - utils.trainer -   AUC: 0.83203
08/06/2026 21:44:52 - INFO - utils.trainer -   Accuracy: 0.75439
08/06/2026 21:44:52 - INFO - utils.trainer -   Precision: 0.69811
08/06/2026 21:44:52 - INFO - utils.trainer -   Specificity: 0.75385
08/06/2026 21:44:52 - INFO - utils.trainer -   Sensitivity: 0.75510
08/06/2026 21:44:52 - INFO - utils.trainer -   Epoch: 88, Loss: 0.73700, Val loss: 1.00869, Val Loss: 1.0087, Best val Loss: 0.7933, No improve: 4/25, Time: 2.1s
08/06/2026 21:44:54 - INFO - utils.trainer -   ***** Running evaluation on val dataset *****
08/06/2026 21:44:54 - INFO - utils.trainer -   Loss: 1.01683
08/06/2026 21:44:54 - INFO - utils.trainer -   AUC: 0.83893
08/06/2026 21:44:54 - INFO - utils.trainer -   Accuracy: 0.74561
08/06/2026 21:44:54 - INFO - utils.trainer -   Precision: 0.75000
08/06/2026 21:44:54 - INFO - utils.trainer -   Specificity: 0.84615
08/06/2026 21:44:54 - INFO - utils.trainer -   Sensitivity: 0.61224
08/06/2026 21:44:54 - INFO - utils.trainer -   Epoch: 89, Loss: 0.58954, Val loss: 1.01683, Val Loss: 1.0168, Best val Loss: 0.7933, No improve: 5/25, Time: 2.0s
08/06/2026 21:44:56 - INFO - utils.trainer -   ***** Running evaluation on val dataset *****
08/06/2026 21:44:57 - INFO - utils.trainer -   Loss: 1.07788
08/06/2026 21:44:57 - INFO - utils.trainer -   AUC: 0.81790
08/06/2026 21:44:57 - INFO - utils.trainer -   Accuracy: 0.71053
08/06/2026 21:44:57 - INFO - utils.trainer -   Precision: 0.66667
08/06/2026 21:44:57 - INFO - utils.trainer -   Specificity: 0.75385
08/06/2026 21:44:57 - INFO - utils.trainer -   Sensitivity: 0.65306
08/06/2026 21:44:57 - INFO - utils.trainer -   Epoch: 90, Loss: 0.77243, Val loss: 1.07788, Val Loss: 1.0779, Best val Loss: 0.7933, No improve: 6/25, Time: 1.7s
08/06/2026 21:44:58 - INFO - utils.trainer -   ***** Running evaluation on val dataset *****
08/06/2026 21:44:59 - INFO - utils.trainer -   Loss: 1.42603
08/06/2026 21:44:59 - INFO - utils.trainer -   AUC: 0.80534
08/06/2026 21:44:59 - INFO - utils.trainer -   Accuracy: 0.69298
08/06/2026 21:44:59 - INFO - utils.trainer -   Precision: 0.64583
08/06/2026 21:44:59 - INFO - utils.trainer -   Specificity: 0.73846
08/06/2026 21:44:59 - INFO - utils.trainer -   Sensitivity: 0.63265
08/06/2026 21:44:59 - INFO - utils.trainer -   Epoch: 91, Loss: 0.68730, Val loss: 1.42603, Val Loss: 1.4260, Best val Loss: 0.7933, No improve: 7/25, Time: 1.7s
08/06/2026 21:45:00 - INFO - utils.trainer -   ***** Running evaluation on val dataset *****
08/06/2026 21:45:01 - INFO - utils.trainer -   Loss: 0.90955
08/06/2026 21:45:01 - INFO - utils.trainer -   AUC: 0.85997
08/06/2026 21:45:01 - INFO - utils.trainer -   Accuracy: 0.77193
08/06/2026 21:45:01 - INFO - utils.trainer -   Precision: 0.78049
08/06/2026 21:45:01 - INFO - utils.trainer -   Specificity: 0.86154
08/06/2026 21:45:01 - INFO - utils.trainer -   Sensitivity: 0.65306
08/06/2026 21:45:01 - INFO - utils.trainer -   Epoch: 92, Loss: 0.70399, Val loss: 0.90955, Val Loss: 0.9095, Best val Loss: 0.7933, No improve: 8/25, Time: 1.7s
08/06/2026 21:45:03 - INFO - utils.trainer -   ***** Running evaluation on val dataset *****
08/06/2026 21:45:04 - INFO - utils.trainer -   Loss: 0.94621
08/06/2026 21:45:04 - INFO - utils.trainer -   AUC: 0.84741
08/06/2026 21:45:04 - INFO - utils.trainer -   Accuracy: 0.75439
08/06/2026 21:45:04 - INFO - utils.trainer -   Precision: 0.75610
08/06/2026 21:45:04 - INFO - utils.trainer -   Specificity: 0.84615
08/06/2026 21:45:04 - INFO - utils.trainer -   Sensitivity: 0.63265
08/06/2026 21:45:04 - INFO - utils.trainer -   Epoch: 93, Loss: 0.57272, Val loss: 0.94621, Val Loss: 0.9462, Best val Loss: 0.7933, No improve: 9/25, Time: 2.1s
08/06/2026 21:45:06 - INFO - utils.trainer -   ***** Running evaluation on val dataset *****
08/06/2026 21:45:06 - INFO - utils.trainer -   Loss: 0.93943
08/06/2026 21:45:06 - INFO - utils.trainer -   AUC: 0.85400
08/06/2026 21:45:06 - INFO - utils.trainer -   Accuracy: 0.74561
08/06/2026 21:45:06 - INFO - utils.trainer -   Precision: 0.75000
08/06/2026 21:45:06 - INFO - utils.trainer -   Specificity: 0.84615
08/06/2026 21:45:06 - INFO - utils.trainer -   Sensitivity: 0.61224
08/06/2026 21:45:06 - INFO - utils.trainer -   Epoch: 94, Loss: 0.67443, Val loss: 0.93943, Val Loss: 0.9394, Best val Loss: 0.7933, No improve: 10/25, Time: 1.8s
08/06/2026 21:45:09 - INFO - utils.trainer -   ***** Running evaluation on val dataset *****
08/06/2026 21:45:09 - INFO - utils.trainer -   Loss: 1.05137
08/06/2026 21:45:09 - INFO - utils.trainer -   AUC: 0.83956
08/06/2026 21:45:09 - INFO - utils.trainer -   Accuracy: 0.74561
08/06/2026 21:45:09 - INFO - utils.trainer -   Precision: 0.73810
08/06/2026 21:45:09 - INFO - utils.trainer -   Specificity: 0.83077
08/06/2026 21:45:09 - INFO - utils.trainer -   Sensitivity: 0.63265
08/06/2026 21:45:09 - INFO - utils.trainer -   Epoch: 95, Loss: 0.73426, Val loss: 1.05137, Val Loss: 1.0514, Best val Loss: 0.7933, No improve: 11/25, Time: 2.1s
08/06/2026 21:45:11 - INFO - utils.trainer -   ***** Running evaluation on val dataset *****
08/06/2026 21:45:12 - INFO - utils.trainer -   Loss: 0.99274
08/06/2026 21:45:12 - INFO - utils.trainer -   AUC: 0.83108
08/06/2026 21:45:12 - INFO - utils.trainer -   Accuracy: 0.72807
08/06/2026 21:45:12 - INFO - utils.trainer -   Precision: 0.72500
08/06/2026 21:45:12 - INFO - utils.trainer -   Specificity: 0.83077
08/06/2026 21:45:12 - INFO - utils.trainer -   Sensitivity: 0.59184
08/06/2026 21:45:12 - INFO - utils.trainer -   Epoch: 96, Loss: 0.67134, Val loss: 0.99274, Val Loss: 0.9927, Best val Loss: 0.7933, No improve: 12/25, Time: 1.9s
08/06/2026 21:45:13 - INFO - utils.trainer -   ***** Running evaluation on val dataset *****
08/06/2026 21:45:14 - INFO - utils.trainer -   Loss: 1.54522
08/06/2026 21:45:14 - INFO - utils.trainer -   AUC: 0.78336
08/06/2026 21:45:14 - INFO - utils.trainer -   Accuracy: 0.65789
08/06/2026 21:45:14 - INFO - utils.trainer -   Precision: 0.57353
08/06/2026 21:45:14 - INFO - utils.trainer -   Specificity: 0.55385
08/06/2026 21:45:14 - INFO - utils.trainer -   Sensitivity: 0.79592
08/06/2026 21:45:14 - INFO - utils.trainer -   Epoch: 97, Loss: 0.55818, Val loss: 1.54522, Val Loss: 1.5452, Best val Loss: 0.7933, No improve: 13/25, Time: 1.8s
08/06/2026 21:45:16 - INFO - utils.trainer -   ***** Running evaluation on val dataset *****
08/06/2026 21:45:16 - INFO - utils.trainer -   Loss: 0.96654
08/06/2026 21:45:16 - INFO - utils.trainer -   AUC: 0.84427
08/06/2026 21:45:16 - INFO - utils.trainer -   Accuracy: 0.76316
08/06/2026 21:45:16 - INFO - utils.trainer -   Precision: 0.69643
08/06/2026 21:45:16 - INFO - utils.trainer -   Specificity: 0.73846
08/06/2026 21:45:16 - INFO - utils.trainer -   Sensitivity: 0.79592
08/06/2026 21:45:16 - INFO - utils.trainer -   Epoch: 98, Loss: 0.67132, Val loss: 0.96654, Val Loss: 0.9665, Best val Loss: 0.7933, No improve: 14/25, Time: 1.9s
08/06/2026 21:45:18 - INFO - utils.trainer -   ***** Running evaluation on val dataset *****
08/06/2026 21:45:19 - INFO - utils.trainer -   Loss: 1.14089
08/06/2026 21:45:19 - INFO - utils.trainer -   AUC: 0.84270
08/06/2026 21:45:19 - INFO - utils.trainer -   Accuracy: 0.72807
08/06/2026 21:45:19 - INFO - utils.trainer -   Precision: 0.75000
08/06/2026 21:45:19 - INFO - utils.trainer -   Specificity: 0.86154
08/06/2026 21:45:19 - INFO - utils.trainer -   Sensitivity: 0.55102
08/06/2026 21:45:19 - INFO - utils.trainer -   Epoch: 99, Loss: 0.64002, Val loss: 1.14089, Val Loss: 1.1409, Best val Loss: 0.7933, No improve: 15/25, Time: 1.6s
08/06/2026 21:45:21 - INFO - utils.trainer -   ***** Running evaluation on val dataset *****
08/06/2026 21:45:21 - INFO - utils.trainer -   Loss: 1.01192
08/06/2026 21:45:21 - INFO - utils.trainer -   AUC: 0.84082
08/06/2026 21:45:21 - INFO - utils.trainer -   Accuracy: 0.78070
08/06/2026 21:45:21 - INFO - utils.trainer -   Precision: 0.72222
08/06/2026 21:45:21 - INFO - utils.trainer -   Specificity: 0.76923
08/06/2026 21:45:21 - INFO - utils.trainer -   Sensitivity: 0.79592
08/06/2026 21:45:21 - INFO - utils.trainer -   Epoch: 100, Loss: 0.50466, Val loss: 1.01192, Val Loss: 1.0119, Best val Loss: 0.7933, No improve: 16/25, Time: 1.7s
08/06/2026 21:45:23 - INFO - utils.trainer -   ***** Running evaluation on val dataset *****
08/06/2026 21:45:24 - INFO - utils.trainer -   Loss: 1.06359
08/06/2026 21:45:24 - INFO - utils.trainer -   AUC: 0.83171
08/06/2026 21:45:24 - INFO - utils.trainer -   Accuracy: 0.73684
08/06/2026 21:45:24 - INFO - utils.trainer -   Precision: 0.73171
08/06/2026 21:45:24 - INFO - utils.trainer -   Specificity: 0.83077
08/06/2026 21:45:24 - INFO - utils.trainer -   Sensitivity: 0.61224
08/06/2026 21:45:24 - INFO - utils.trainer -   Epoch: 101, Loss: 0.52876, Val loss: 1.06359, Val Loss: 1.0636, Best val Loss: 0.7933, No improve: 17/25, Time: 2.0s
08/06/2026 21:45:26 - INFO - utils.trainer -   ***** Running evaluation on val dataset *****
08/06/2026 21:45:27 - INFO - utils.trainer -   Loss: 1.07283
08/06/2026 21:45:27 - INFO - utils.trainer -   AUC: 0.82920
08/06/2026 21:45:27 - INFO - utils.trainer -   Accuracy: 0.73684
08/06/2026 21:45:27 - INFO - utils.trainer -   Precision: 0.71111
08/06/2026 21:45:27 - INFO - utils.trainer -   Specificity: 0.80000
08/06/2026 21:45:27 - INFO - utils.trainer -   Sensitivity: 0.65306
08/06/2026 21:45:27 - INFO - utils.trainer -   Epoch: 102, Loss: 0.55256, Val loss: 1.07283, Val Loss: 1.0728, Best val Loss: 0.7933, No improve: 18/25, Time: 2.0s
08/06/2026 21:45:29 - INFO - utils.trainer -   ***** Running evaluation on val dataset *****
08/06/2026 21:45:29 - INFO - utils.trainer -   Loss: 1.18579
08/06/2026 21:45:29 - INFO - utils.trainer -   AUC: 0.82763
08/06/2026 21:45:29 - INFO - utils.trainer -   Accuracy: 0.71930
08/06/2026 21:45:29 - INFO - utils.trainer -   Precision: 0.69767
08/06/2026 21:45:29 - INFO - utils.trainer -   Specificity: 0.80000
08/06/2026 21:45:29 - INFO - utils.trainer -   Sensitivity: 0.61224
08/06/2026 21:45:29 - INFO - utils.trainer -   Epoch: 103, Loss: 0.57685, Val loss: 1.18579, Val Loss: 1.1858, Best val Loss: 0.7933, No improve: 19/25, Time: 2.0s
08/06/2026 21:45:31 - INFO - utils.trainer -   ***** Running evaluation on val dataset *****
08/06/2026 21:45:32 - INFO - utils.trainer -   Loss: 1.13019
08/06/2026 21:45:32 - INFO - utils.trainer -   AUC: 0.84113
08/06/2026 21:45:32 - INFO - utils.trainer -   Accuracy: 0.75439
08/06/2026 21:45:32 - INFO - utils.trainer -   Precision: 0.68421
08/06/2026 21:45:32 - INFO - utils.trainer -   Specificity: 0.72308
08/06/2026 21:45:32 - INFO - utils.trainer -   Sensitivity: 0.79592
08/06/2026 21:45:32 - INFO - utils.trainer -   Epoch: 104, Loss: 0.60411, Val loss: 1.13019, Val Loss: 1.1302, Best val Loss: 0.7933, No improve: 20/25, Time: 2.1s
08/06/2026 21:45:33 - INFO - utils.trainer -   ***** Running evaluation on val dataset *****
08/06/2026 21:45:34 - INFO - utils.trainer -   Loss: 1.17917
08/06/2026 21:45:34 - INFO - utils.trainer -   AUC: 0.82857
08/06/2026 21:45:34 - INFO - utils.trainer -   Accuracy: 0.71930
08/06/2026 21:45:34 - INFO - utils.trainer -   Precision: 0.69767
08/06/2026 21:45:34 - INFO - utils.trainer -   Specificity: 0.80000
08/06/2026 21:45:34 - INFO - utils.trainer -   Sensitivity: 0.61224
08/06/2026 21:45:34 - INFO - utils.trainer -   Epoch: 105, Loss: 0.65334, Val loss: 1.17917, Val Loss: 1.1792, Best val Loss: 0.7933, No improve: 21/25, Time: 1.6s
08/06/2026 21:45:36 - INFO - utils.trainer -   ***** Running evaluation on val dataset *****
08/06/2026 21:45:36 - INFO - utils.trainer -   Loss: 1.00693
08/06/2026 21:45:36 - INFO - utils.trainer -   AUC: 0.84584
08/06/2026 21:45:36 - INFO - utils.trainer -   Accuracy: 0.76316
08/06/2026 21:45:36 - INFO - utils.trainer -   Precision: 0.75000
08/06/2026 21:45:36 - INFO - utils.trainer -   Specificity: 0.83077
08/06/2026 21:45:36 - INFO - utils.trainer -   Sensitivity: 0.67347
08/06/2026 21:45:36 - INFO - utils.trainer -   Epoch: 106, Loss: 0.58699, Val loss: 1.00693, Val Loss: 1.0069, Best val Loss: 0.7933, No improve: 22/25, Time: 1.8s
08/06/2026 21:45:38 - INFO - utils.trainer -   ***** Running evaluation on val dataset *****
08/06/2026 21:45:39 - INFO - utils.trainer -   Loss: 1.20319
08/06/2026 21:45:39 - INFO - utils.trainer -   AUC: 0.84647
08/06/2026 21:45:39 - INFO - utils.trainer -   Accuracy: 0.72807
08/06/2026 21:45:39 - INFO - utils.trainer -   Precision: 0.75000
08/06/2026 21:45:39 - INFO - utils.trainer -   Specificity: 0.86154
08/06/2026 21:45:39 - INFO - utils.trainer -   Sensitivity: 0.55102
08/06/2026 21:45:39 - INFO - utils.trainer -   Epoch: 107, Loss: 0.62046, Val loss: 1.20319, Val Loss: 1.2032, Best val Loss: 0.7933, No improve: 23/25, Time: 1.6s
08/06/2026 21:45:40 - INFO - utils.trainer -   ***** Running evaluation on val dataset *****
08/06/2026 21:45:41 - INFO - utils.trainer -   Loss: 1.41418
08/06/2026 21:45:41 - INFO - utils.trainer -   AUC: 0.78524
08/06/2026 21:45:41 - INFO - utils.trainer -   Accuracy: 0.67544
08/06/2026 21:45:41 - INFO - utils.trainer -   Precision: 0.59677
08/06/2026 21:45:41 - INFO - utils.trainer -   Specificity: 0.61538
08/06/2026 21:45:41 - INFO - utils.trainer -   Sensitivity: 0.75510
08/06/2026 21:45:41 - INFO - utils.trainer -   Epoch: 108, Loss: 0.57959, Val loss: 1.41418, Val Loss: 1.4142, Best val Loss: 0.7933, No improve: 24/25, Time: 1.9s
08/06/2026 21:45:43 - INFO - utils.trainer -   ***** Running evaluation on val dataset *****
08/06/2026 21:45:44 - INFO - utils.trainer -   Loss: 1.09909
08/06/2026 21:45:44 - INFO - utils.trainer -   AUC: 0.85118
08/06/2026 21:45:44 - INFO - utils.trainer -   Accuracy: 0.74561
08/06/2026 21:45:44 - INFO - utils.trainer -   Precision: 0.75000
08/06/2026 21:45:44 - INFO - utils.trainer -   Specificity: 0.84615
08/06/2026 21:45:44 - INFO - utils.trainer -   Sensitivity: 0.61224
08/06/2026 21:45:44 - INFO - utils.trainer -   Epoch: 109, Loss: 0.63839, Val loss: 1.09909, Val Loss: 1.0991, Best val Loss: 0.7933, No improve: 25/25, Time: 2.0s
08/06/2026 21:45:44 - INFO - utils.trainer -   Early stopping triggered at epoch 109
08/06/2026 21:45:44 - INFO - utils.trainer -   Early stopping triggered at epoch 109
08/06/2026 21:45:44 - INFO - utils.trainer -   Early stopping triggered at epoch 109
08/06/2026 21:45:44 - INFO - utils.trainer -   Early stopping triggered at epoch 109
08/06/2026 21:45:44 - INFO - utils.trainer -   Early stopping triggered at epoch 109
08/06/2026 21:45:44 - INFO - utils.trainer -   Early stopping triggered at epoch 109
08/06/2026 21:45:44 - INFO - utils.trainer -     6 keys not in checkpoint (kept from init)
08/06/2026 21:45:44 - INFO - utils.trainer -   Model loaded from output_dir/ALTER_DiseaseDS_train/ALTER-0.bin (27/27 keys)
08/06/2026 21:45:44 - INFO - utils.trainer -   ***** Running evaluation on test dataset *****
08/06/2026 21:45:44 - INFO - utils.trainer -     6 keys not in checkpoint (kept from init)
08/06/2026 21:45:44 - INFO - utils.trainer -   Model loaded from output_dir/ALTER_DiseaseDS_train/ALTER-0.bin (27/27 keys)
08/06/2026 21:45:44 - INFO - utils.trainer -     6 keys not in checkpoint (kept from init)
08/06/2026 21:45:44 - INFO - utils.trainer -   Model loaded from output_dir/ALTER_DiseaseDS_train/ALTER-0.bin (27/27 keys)
08/06/2026 21:45:44 - INFO - utils.trainer -     6 keys not in checkpoint (kept from init)
08/06/2026 21:45:44 - INFO - utils.trainer -     6 keys not in checkpoint (kept from init)
08/06/2026 21:45:44 - INFO - utils.trainer -   Model loaded from output_dir/ALTER_DiseaseDS_train/ALTER-0.bin (27/27 keys)
08/06/2026 21:45:44 - INFO - utils.trainer -   Model loaded from output_dir/ALTER_DiseaseDS_train/ALTER-0.bin (27/27 keys)
08/06/2026 21:45:44 - INFO - utils.trainer -     6 keys not in checkpoint (kept from init)
08/06/2026 21:45:44 - INFO - utils.trainer -   Model loaded from output_dir/ALTER_DiseaseDS_train/ALTER-0.bin (27/27 keys)
08/06/2026 21:45:44 - INFO - utils.trainer -   Loss: 2.29327
08/06/2026 21:45:44 - INFO - utils.trainer -   AUC: 0.73670
08/06/2026 21:45:44 - INFO - utils.trainer -   Accuracy: 0.71212
08/06/2026 21:45:44 - INFO - utils.trainer -   Precision: 0.88462
08/06/2026 21:45:44 - INFO - utils.trainer -   Specificity: 0.88889
08/06/2026 21:45:44 - INFO - utils.trainer -   Sensitivity: 0.58974
08/06/2026 21:45:44 - INFO - utils.trainer -   === Best epoch test result ===
08/06/2026 21:45:44 - INFO - utils.trainer -     Loss: 2.29327
08/06/2026 21:45:44 - INFO - utils.trainer -     AUC: 0.73670
08/06/2026 21:45:44 - INFO - utils.trainer -     Accuracy: 0.71212
08/06/2026 21:45:44 - INFO - utils.trainer -     Precision: 0.88462
08/06/2026 21:45:44 - INFO - utils.trainer -     Specificity: 0.88889
08/06/2026 21:45:44 - INFO - utils.trainer -     Sensitivity: 0.58974
08/06/2026 21:45:44 - INFO - utils.trainer -   Model saved to output_dir/ALTER_DiseaseDS_train/final-epoch-200
08/06/2026 21:45:44 - INFO - utils.trainer -   Final model saved at epoch 200
