08/09/2026 19:26:11 - INFO - __main__ -   ########## Repeat:0 ##########
08/09/2026 19:26:11 - INFO - utils.trainer -   ***** Running training *****
08/09/2026 19:26:11 - INFO - utils.trainer -     Num examples = 296
08/09/2026 19:26:11 - INFO - utils.trainer -     Num Epochs = 200
08/09/2026 19:26:11 - INFO - utils.trainer -     Total train batch size = 2
08/09/2026 19:26:11 - INFO - utils.trainer -     warmup steps = 400
08/09/2026 19:26:11 - INFO - utils.trainer -     Total optimization steps = 59200
08/09/2026 19:26:11 - INFO - utils.trainer -     Save steps = 25
08/09/2026 19:27:37 - INFO - utils.trainer -   ***** Running evaluation on val dataset *****
08/09/2026 19:27:44 - INFO - utils.trainer -   Loss: 1.85776
08/09/2026 19:27:44 - INFO - utils.trainer -   AUC: 0.48385
08/09/2026 19:27:44 - INFO - utils.trainer -   Accuracy: 0.45833
08/09/2026 19:27:44 - INFO - utils.trainer -   Precision: 0.00000
08/09/2026 19:27:44 - INFO - utils.trainer -   Specificity: 1.00000
08/09/2026 19:27:44 - INFO - utils.trainer -   Sensitivity: 0.00000
08/09/2026 19:27:45 - INFO - utils.trainer -   Model saved to output_dir/TimeLLM_DiseaseCAUEEG_train
08/09/2026 19:27:45 - INFO - utils.trainer -   Best model saved (val_AUC=0.4839)
08/09/2026 19:27:45 - INFO - utils.trainer -   Epoch: 1, Loss: 1.96852, Val loss: 1.85776, Val AUC: 0.4839, Best val AUC: 0.4839, No improve: 0/10, Time: 86.6s
08/09/2026 19:29:11 - INFO - utils.trainer -   ***** Running evaluation on val dataset *****
08/09/2026 19:29:19 - INFO - utils.trainer -   Loss: 0.75750
08/09/2026 19:29:19 - INFO - utils.trainer -   AUC: 0.68521
08/09/2026 19:29:19 - INFO - utils.trainer -   Accuracy: 0.63306
08/09/2026 19:29:19 - INFO - utils.trainer -   Precision: 0.67568
08/09/2026 19:29:19 - INFO - utils.trainer -   Specificity: 0.64809
08/09/2026 19:29:19 - INFO - utils.trainer -   Sensitivity: 0.62035
08/09/2026 19:29:20 - INFO - utils.trainer -   Model saved to output_dir/TimeLLM_DiseaseCAUEEG_train
08/09/2026 19:29:20 - INFO - utils.trainer -   Best model saved (val_AUC=0.6852)
08/09/2026 19:29:20 - INFO - utils.trainer -   Epoch: 2, Loss: 1.06275, Val loss: 0.75750, Val AUC: 0.6852, Best val AUC: 0.6852, No improve: 0/10, Time: 85.8s
08/09/2026 19:30:46 - INFO - utils.trainer -   ***** Running evaluation on val dataset *****
08/09/2026 19:30:53 - INFO - utils.trainer -   Loss: 0.70525
08/09/2026 19:30:53 - INFO - utils.trainer -   AUC: 0.73071
08/09/2026 19:30:53 - INFO - utils.trainer -   Accuracy: 0.67204
08/09/2026 19:30:53 - INFO - utils.trainer -   Precision: 0.67785
08/09/2026 19:30:53 - INFO - utils.trainer -   Specificity: 0.57771
08/09/2026 19:30:53 - INFO - utils.trainer -   Sensitivity: 0.75186
08/09/2026 19:30:54 - INFO - utils.trainer -   Model saved to output_dir/TimeLLM_DiseaseCAUEEG_train
08/09/2026 19:30:54 - INFO - utils.trainer -   Best model saved (val_AUC=0.7307)
08/09/2026 19:30:54 - INFO - utils.trainer -   Epoch: 3, Loss: 0.74032, Val loss: 0.70525, Val AUC: 0.7307, Best val AUC: 0.7307, No improve: 0/10, Time: 86.0s
08/09/2026 19:32:20 - INFO - utils.trainer -   ***** Running evaluation on val dataset *****
08/09/2026 19:32:28 - INFO - utils.trainer -   Loss: 0.96935
08/09/2026 19:32:28 - INFO - utils.trainer -   AUC: 0.72724
08/09/2026 19:32:28 - INFO - utils.trainer -   Accuracy: 0.56452
08/09/2026 19:32:28 - INFO - utils.trainer -   Precision: 0.82645
08/09/2026 19:32:28 - INFO - utils.trainer -   Specificity: 0.93842
08/09/2026 19:32:28 - INFO - utils.trainer -   Sensitivity: 0.24814
08/09/2026 19:32:28 - INFO - utils.trainer -   Epoch: 4, Loss: 0.64707, Val loss: 0.96935, Val AUC: 0.7272, Best val AUC: 0.7307, No improve: 1/10, Time: 86.0s
08/09/2026 19:33:54 - INFO - utils.trainer -   ***** Running evaluation on val dataset *****
08/09/2026 19:34:01 - INFO - utils.trainer -   Loss: 0.71480
08/09/2026 19:34:01 - INFO - utils.trainer -   AUC: 0.74295
08/09/2026 19:34:01 - INFO - utils.trainer -   Accuracy: 0.66532
08/09/2026 19:34:01 - INFO - utils.trainer -   Precision: 0.71629
08/09/2026 19:34:01 - INFO - utils.trainer -   Specificity: 0.70381
08/09/2026 19:34:01 - INFO - utils.trainer -   Sensitivity: 0.63275
08/09/2026 19:34:02 - INFO - utils.trainer -   Model saved to output_dir/TimeLLM_DiseaseCAUEEG_train
08/09/2026 19:34:02 - INFO - utils.trainer -   Best model saved (val_AUC=0.7429)
08/09/2026 19:34:02 - INFO - utils.trainer -   Epoch: 5, Loss: 0.61582, Val loss: 0.71480, Val AUC: 0.7429, Best val AUC: 0.7429, No improve: 0/10, Time: 86.0s
08/09/2026 19:35:28 - INFO - utils.trainer -   ***** Running evaluation on val dataset *****
08/09/2026 19:35:35 - INFO - utils.trainer -   Loss: 0.74763
08/09/2026 19:35:35 - INFO - utils.trainer -   AUC: 0.75642
08/09/2026 19:35:35 - INFO - utils.trainer -   Accuracy: 0.67473
08/09/2026 19:35:35 - INFO - utils.trainer -   Precision: 0.75394
08/09/2026 19:35:35 - INFO - utils.trainer -   Specificity: 0.77126
08/09/2026 19:35:35 - INFO - utils.trainer -   Sensitivity: 0.59305
08/09/2026 19:35:36 - INFO - utils.trainer -   Model saved to output_dir/TimeLLM_DiseaseCAUEEG_train
08/09/2026 19:35:36 - INFO - utils.trainer -   Best model saved (val_AUC=0.7564)
08/09/2026 19:35:36 - INFO - utils.trainer -   Epoch: 6, Loss: 0.55234, Val loss: 0.74763, Val AUC: 0.7564, Best val AUC: 0.7564, No improve: 0/10, Time: 85.8s
08/09/2026 19:37:01 - INFO - utils.trainer -   ***** Running evaluation on val dataset *****
08/09/2026 19:37:09 - INFO - utils.trainer -   Loss: 0.71570
08/09/2026 19:37:09 - INFO - utils.trainer -   AUC: 0.74754
08/09/2026 19:37:09 - INFO - utils.trainer -   Accuracy: 0.67742
08/09/2026 19:37:09 - INFO - utils.trainer -   Precision: 0.67086
08/09/2026 19:37:09 - INFO - utils.trainer -   Specificity: 0.53959
08/09/2026 19:37:09 - INFO - utils.trainer -   Sensitivity: 0.79404
08/09/2026 19:37:09 - INFO - utils.trainer -   Epoch: 7, Loss: 0.54143, Val loss: 0.71570, Val AUC: 0.7475, Best val AUC: 0.7564, No improve: 1/10, Time: 85.7s
08/09/2026 19:38:34 - INFO - utils.trainer -   ***** Running evaluation on val dataset *****
08/09/2026 19:38:41 - INFO - utils.trainer -   Loss: 0.88049
08/09/2026 19:38:41 - INFO - utils.trainer -   AUC: 0.74257
08/09/2026 19:38:41 - INFO - utils.trainer -   Accuracy: 0.67473
08/09/2026 19:38:41 - INFO - utils.trainer -   Precision: 0.76221
08/09/2026 19:38:41 - INFO - utils.trainer -   Specificity: 0.78592
08/09/2026 19:38:41 - INFO - utils.trainer -   Sensitivity: 0.58065
08/09/2026 19:38:41 - INFO - utils.trainer -   Epoch: 8, Loss: 0.46034, Val loss: 0.88049, Val AUC: 0.7426, Best val AUC: 0.7564, No improve: 2/10, Time: 85.5s
08/09/2026 19:40:08 - INFO - utils.trainer -   ***** Running evaluation on val dataset *****
08/09/2026 19:40:15 - INFO - utils.trainer -   Loss: 0.80699
08/09/2026 19:40:15 - INFO - utils.trainer -   AUC: 0.75303
08/09/2026 19:40:15 - INFO - utils.trainer -   Accuracy: 0.66801
08/09/2026 19:40:15 - INFO - utils.trainer -   Precision: 0.74375
08/09/2026 19:40:15 - INFO - utils.trainer -   Specificity: 0.75953
08/09/2026 19:40:15 - INFO - utils.trainer -   Sensitivity: 0.59057
08/09/2026 19:40:15 - INFO - utils.trainer -   Epoch: 9, Loss: 0.45280, Val loss: 0.80699, Val AUC: 0.7530, Best val AUC: 0.7564, No improve: 3/10, Time: 86.6s
08/09/2026 19:41:41 - INFO - utils.trainer -   ***** Running evaluation on val dataset *****
08/09/2026 19:41:48 - INFO - utils.trainer -   Loss: 0.79848
08/09/2026 19:41:48 - INFO - utils.trainer -   AUC: 0.73451
08/09/2026 19:41:48 - INFO - utils.trainer -   Accuracy: 0.67876
08/09/2026 19:41:48 - INFO - utils.trainer -   Precision: 0.66532
08/09/2026 19:41:48 - INFO - utils.trainer -   Specificity: 0.51320
08/09/2026 19:41:48 - INFO - utils.trainer -   Sensitivity: 0.81886
08/09/2026 19:41:48 - INFO - utils.trainer -   Epoch: 10, Loss: 0.44644, Val loss: 0.79848, Val AUC: 0.7345, Best val AUC: 0.7564, No improve: 4/10, Time: 85.6s
08/09/2026 19:43:14 - INFO - utils.trainer -   ***** Running evaluation on val dataset *****
08/09/2026 19:43:21 - INFO - utils.trainer -   Loss: 0.82103
08/09/2026 19:43:21 - INFO - utils.trainer -   AUC: 0.73395
08/09/2026 19:43:21 - INFO - utils.trainer -   Accuracy: 0.68280
08/09/2026 19:43:21 - INFO - utils.trainer -   Precision: 0.66801
08/09/2026 19:43:21 - INFO - utils.trainer -   Specificity: 0.51613
08/09/2026 19:43:21 - INFO - utils.trainer -   Sensitivity: 0.82382
08/09/2026 19:43:21 - INFO - utils.trainer -   Epoch: 11, Loss: 0.42630, Val loss: 0.82103, Val AUC: 0.7340, Best val AUC: 0.7564, No improve: 5/10, Time: 85.5s
08/09/2026 19:44:46 - INFO - utils.trainer -   ***** Running evaluation on val dataset *****
08/09/2026 19:44:54 - INFO - utils.trainer -   Loss: 0.83188
08/09/2026 19:44:54 - INFO - utils.trainer -   AUC: 0.74800
08/09/2026 19:44:54 - INFO - utils.trainer -   Accuracy: 0.68414
08/09/2026 19:44:54 - INFO - utils.trainer -   Precision: 0.69444
08/09/2026 19:44:54 - INFO - utils.trainer -   Specificity: 0.61290
08/09/2026 19:44:54 - INFO - utils.trainer -   Sensitivity: 0.74442
08/09/2026 19:44:54 - INFO - utils.trainer -   Epoch: 12, Loss: 0.37931, Val loss: 0.83188, Val AUC: 0.7480, Best val AUC: 0.7564, No improve: 6/10, Time: 85.7s
08/09/2026 19:46:19 - INFO - utils.trainer -   ***** Running evaluation on val dataset *****
08/09/2026 19:46:27 - INFO - utils.trainer -   Loss: 0.95594
08/09/2026 19:46:27 - INFO - utils.trainer -   AUC: 0.73258
08/09/2026 19:46:27 - INFO - utils.trainer -   Accuracy: 0.63844
08/09/2026 19:46:27 - INFO - utils.trainer -   Precision: 0.77016
08/09/2026 19:46:27 - INFO - utils.trainer -   Specificity: 0.83284
08/09/2026 19:46:27 - INFO - utils.trainer -   Sensitivity: 0.47395
08/09/2026 19:46:27 - INFO - utils.trainer -   Epoch: 13, Loss: 0.39083, Val loss: 0.95594, Val AUC: 0.7326, Best val AUC: 0.7564, No improve: 7/10, Time: 85.9s
08/09/2026 19:47:52 - INFO - utils.trainer -   ***** Running evaluation on val dataset *****
08/09/2026 19:48:00 - INFO - utils.trainer -   Loss: 0.86359
08/09/2026 19:48:00 - INFO - utils.trainer -   AUC: 0.75298
08/09/2026 19:48:00 - INFO - utils.trainer -   Accuracy: 0.70430
08/09/2026 19:48:00 - INFO - utils.trainer -   Precision: 0.70655
08/09/2026 19:48:00 - INFO - utils.trainer -   Specificity: 0.61877
08/09/2026 19:48:00 - INFO - utils.trainer -   Sensitivity: 0.77667
08/09/2026 19:48:00 - INFO - utils.trainer -   Epoch: 14, Loss: 0.34676, Val loss: 0.86359, Val AUC: 0.7530, Best val AUC: 0.7564, No improve: 8/10, Time: 85.7s
08/09/2026 19:49:26 - INFO - utils.trainer -   ***** Running evaluation on val dataset *****
08/09/2026 19:49:33 - INFO - utils.trainer -   Loss: 1.04015
08/09/2026 19:49:33 - INFO - utils.trainer -   AUC: 0.73517
08/09/2026 19:49:33 - INFO - utils.trainer -   Accuracy: 0.63441
08/09/2026 19:49:33 - INFO - utils.trainer -   Precision: 0.74905
08/09/2026 19:49:33 - INFO - utils.trainer -   Specificity: 0.80645
08/09/2026 19:49:33 - INFO - utils.trainer -   Sensitivity: 0.48883
08/09/2026 19:49:33 - INFO - utils.trainer -   Epoch: 15, Loss: 0.33868, Val loss: 1.04015, Val AUC: 0.7352, Best val AUC: 0.7564, No improve: 9/10, Time: 86.1s
08/09/2026 19:50:59 - INFO - utils.trainer -   ***** Running evaluation on val dataset *****
08/09/2026 19:51:07 - INFO - utils.trainer -   Loss: 0.93328
08/09/2026 19:51:07 - INFO - utils.trainer -   AUC: 0.75245
08/09/2026 19:51:07 - INFO - utils.trainer -   Accuracy: 0.68548
08/09/2026 19:51:07 - INFO - utils.trainer -   Precision: 0.73538
08/09/2026 19:51:07 - INFO - utils.trainer -   Specificity: 0.72141
08/09/2026 19:51:07 - INFO - utils.trainer -   Sensitivity: 0.65509
08/09/2026 19:51:07 - INFO - utils.trainer -   Epoch: 16, Loss: 0.26347, Val loss: 0.93328, Val AUC: 0.7525, Best val AUC: 0.7564, No improve: 10/10, Time: 86.0s
08/09/2026 19:51:07 - INFO - utils.trainer -   Early stopping triggered at epoch 16
08/09/2026 19:51:07 - INFO - utils.trainer -   Early stopping triggered at epoch 16
08/09/2026 19:51:07 - INFO - utils.trainer -   Early stopping triggered at epoch 16
08/09/2026 19:51:07 - INFO - utils.trainer -   Early stopping triggered at epoch 16
08/09/2026 19:51:07 - INFO - utils.trainer -   Early stopping triggered at epoch 16
08/09/2026 19:51:07 - INFO - utils.trainer -   Early stopping triggered at epoch 16
08/09/2026 19:51:07 - INFO - utils.trainer -     2 prompt-buffer key(s) skipped (kept target-dataset prompt)
08/09/2026 19:51:07 - INFO - utils.trainer -     582 keys not in checkpoint (kept from init)
08/09/2026 19:51:07 - INFO - utils.trainer -   Model loaded from output_dir/TimeLLM_DiseaseCAUEEG_train/TimeLLM-0.bin (21/23 keys)
08/09/2026 19:51:07 - INFO - utils.trainer -   ***** Running evaluation on test dataset *****
08/09/2026 19:51:07 - INFO - utils.trainer -     2 prompt-buffer key(s) skipped (kept target-dataset prompt)
08/09/2026 19:51:07 - INFO - utils.trainer -     582 keys not in checkpoint (kept from init)
08/09/2026 19:51:07 - INFO - utils.trainer -   Model loaded from output_dir/TimeLLM_DiseaseCAUEEG_train/TimeLLM-0.bin (21/23 keys)
08/09/2026 19:51:07 - INFO - utils.trainer -     2 prompt-buffer key(s) skipped (kept target-dataset prompt)
08/09/2026 19:51:07 - INFO - utils.trainer -     2 prompt-buffer key(s) skipped (kept target-dataset prompt)
08/09/2026 19:51:07 - INFO - utils.trainer -     582 keys not in checkpoint (kept from init)
08/09/2026 19:51:07 - INFO - utils.trainer -     582 keys not in checkpoint (kept from init)
08/09/2026 19:51:07 - INFO - utils.trainer -   Model loaded from output_dir/TimeLLM_DiseaseCAUEEG_train/TimeLLM-0.bin (21/23 keys)
08/09/2026 19:51:07 - INFO - utils.trainer -   Model loaded from output_dir/TimeLLM_DiseaseCAUEEG_train/TimeLLM-0.bin (21/23 keys)
08/09/2026 19:51:07 - INFO - utils.trainer -     2 prompt-buffer key(s) skipped (kept target-dataset prompt)
08/09/2026 19:51:07 - INFO - utils.trainer -     582 keys not in checkpoint (kept from init)
08/09/2026 19:51:07 - INFO - utils.trainer -   Model loaded from output_dir/TimeLLM_DiseaseCAUEEG_train/TimeLLM-0.bin (21/23 keys)
08/09/2026 19:51:07 - INFO - utils.trainer -     2 prompt-buffer key(s) skipped (kept target-dataset prompt)
08/09/2026 19:51:07 - INFO - utils.trainer -     582 keys not in checkpoint (kept from init)
08/09/2026 19:51:07 - INFO - utils.trainer -   Model loaded from output_dir/TimeLLM_DiseaseCAUEEG_train/TimeLLM-0.bin (21/23 keys)
08/09/2026 19:51:15 - INFO - utils.trainer -   Loss: 0.69670
08/09/2026 19:51:15 - INFO - utils.trainer -   AUC: 0.76332
08/09/2026 19:51:15 - INFO - utils.trainer -   Accuracy: 0.70897
08/09/2026 19:51:15 - INFO - utils.trainer -   Precision: 0.75225
08/09/2026 19:51:15 - INFO - utils.trainer -   Specificity: 0.87528
08/09/2026 19:51:15 - INFO - utils.trainer -   Sensitivity: 0.49263
08/09/2026 19:51:15 - INFO - utils.trainer -   === Best epoch test result ===
08/09/2026 19:51:15 - INFO - utils.trainer -     Loss: 0.69670
08/09/2026 19:51:15 - INFO - utils.trainer -     AUC: 0.76332
08/09/2026 19:51:15 - INFO - utils.trainer -     Accuracy: 0.70897
08/09/2026 19:51:15 - INFO - utils.trainer -     Precision: 0.75225
08/09/2026 19:51:15 - INFO - utils.trainer -     Specificity: 0.87528
08/09/2026 19:51:15 - INFO - utils.trainer -     Sensitivity: 0.49263
08/09/2026 19:51:16 - INFO - utils.trainer -   Model saved to output_dir/TimeLLM_DiseaseCAUEEG_train/final-epoch-200
08/09/2026 19:51:16 - INFO - utils.trainer -   Final model saved at epoch 200
