08/11/2026 10:17:59 - INFO - __main__ -   ########## Repeat:0 ##########
08/11/2026 10:17:59 - INFO - utils.trainer -   ***** Running training *****
08/11/2026 10:17:59 - INFO - utils.trainer -     Num examples = 296
08/11/2026 10:17:59 - INFO - utils.trainer -     Num Epochs = 200
08/11/2026 10:17:59 - INFO - utils.trainer -     Total train batch size = 2
08/11/2026 10:17:59 - INFO - utils.trainer -     warmup steps = 400
08/11/2026 10:17:59 - INFO - utils.trainer -     Total optimization steps = 59200
08/11/2026 10:17:59 - INFO - utils.trainer -     Save steps = 25
08/11/2026 10:19:26 - INFO - utils.trainer -   ***** Running evaluation on val dataset *****
08/11/2026 10:19:33 - INFO - utils.trainer -   Loss: 0.96184
08/11/2026 10:19:33 - INFO - utils.trainer -   AUC: 0.54297
08/11/2026 10:19:33 - INFO - utils.trainer -   Accuracy: 0.49059
08/11/2026 10:19:33 - INFO - utils.trainer -   Precision: 0.76087
08/11/2026 10:19:33 - INFO - utils.trainer -   Specificity: 0.96774
08/11/2026 10:19:33 - INFO - utils.trainer -   Sensitivity: 0.08685
08/11/2026 10:19:34 - INFO - utils.trainer -   Model saved to output_dir/TimeLLM_DiseaseCAUEEG_train
08/11/2026 10:19:34 - INFO - utils.trainer -   Best model saved (val_AUC=0.5430)
08/11/2026 10:19:34 - INFO - utils.trainer -   Epoch: 1, Loss: 1.87240, Val loss: 0.96184, Val AUC: 0.5430, Best val AUC: 0.5430, No improve: 0/10, Time: 87.0s
08/11/2026 10:21:00 - INFO - utils.trainer -   ***** Running evaluation on val dataset *****
08/11/2026 10:21:07 - INFO - utils.trainer -   Loss: 0.67043
08/11/2026 10:21:07 - INFO - utils.trainer -   AUC: 0.71751
08/11/2026 10:21:07 - INFO - utils.trainer -   Accuracy: 0.66263
08/11/2026 10:21:07 - INFO - utils.trainer -   Precision: 0.64786
08/11/2026 10:21:07 - INFO - utils.trainer -   Specificity: 0.46921
08/11/2026 10:21:07 - INFO - utils.trainer -   Sensitivity: 0.82630
08/11/2026 10:21:08 - INFO - utils.trainer -   Model saved to output_dir/TimeLLM_DiseaseCAUEEG_train
08/11/2026 10:21:08 - INFO - utils.trainer -   Best model saved (val_AUC=0.7175)
08/11/2026 10:21:08 - INFO - utils.trainer -   Epoch: 2, Loss: 0.73753, Val loss: 0.67043, Val AUC: 0.7175, Best val AUC: 0.7175, No improve: 0/10, Time: 85.7s
08/11/2026 10:22:34 - INFO - utils.trainer -   ***** Running evaluation on val dataset *****
08/11/2026 10:22:41 - INFO - utils.trainer -   Loss: 0.61510
08/11/2026 10:22:41 - INFO - utils.trainer -   AUC: 0.76836
08/11/2026 10:22:41 - INFO - utils.trainer -   Accuracy: 0.69758
08/11/2026 10:22:41 - INFO - utils.trainer -   Precision: 0.70602
08/11/2026 10:22:41 - INFO - utils.trainer -   Specificity: 0.62757
08/11/2026 10:22:41 - INFO - utils.trainer -   Sensitivity: 0.75682
08/11/2026 10:22:42 - INFO - utils.trainer -   Model saved to output_dir/TimeLLM_DiseaseCAUEEG_train
08/11/2026 10:22:42 - INFO - utils.trainer -   Best model saved (val_AUC=0.7684)
08/11/2026 10:22:42 - INFO - utils.trainer -   Epoch: 3, Loss: 0.62143, Val loss: 0.61510, Val AUC: 0.7684, Best val AUC: 0.7684, No improve: 0/10, Time: 85.8s
08/11/2026 10:24:08 - INFO - utils.trainer -   ***** Running evaluation on val dataset *****
08/11/2026 10:24:15 - INFO - utils.trainer -   Loss: 0.76191
08/11/2026 10:24:15 - INFO - utils.trainer -   AUC: 0.75270
08/11/2026 10:24:15 - INFO - utils.trainer -   Accuracy: 0.63710
08/11/2026 10:24:15 - INFO - utils.trainer -   Precision: 0.80645
08/11/2026 10:24:15 - INFO - utils.trainer -   Specificity: 0.87683
08/11/2026 10:24:15 - INFO - utils.trainer -   Sensitivity: 0.43424
08/11/2026 10:24:15 - INFO - utils.trainer -   Epoch: 4, Loss: 0.55926, Val loss: 0.76191, Val AUC: 0.7527, Best val AUC: 0.7684, No improve: 1/10, Time: 85.8s
08/11/2026 10:25:41 - INFO - utils.trainer -   ***** Running evaluation on val dataset *****
08/11/2026 10:25:48 - INFO - utils.trainer -   Loss: 0.77172
08/11/2026 10:25:48 - INFO - utils.trainer -   AUC: 0.75905
08/11/2026 10:25:48 - INFO - utils.trainer -   Accuracy: 0.64113
08/11/2026 10:25:48 - INFO - utils.trainer -   Precision: 0.80088
08/11/2026 10:25:48 - INFO - utils.trainer -   Specificity: 0.86804
08/11/2026 10:25:48 - INFO - utils.trainer -   Sensitivity: 0.44913
08/11/2026 10:25:48 - INFO - utils.trainer -   Epoch: 5, Loss: 0.53593, Val loss: 0.77172, Val AUC: 0.7591, Best val AUC: 0.7684, No improve: 2/10, Time: 85.8s
08/11/2026 10:27:14 - INFO - utils.trainer -   ***** Running evaluation on val dataset *****
08/11/2026 10:27:21 - INFO - utils.trainer -   Loss: 0.73452
08/11/2026 10:27:21 - INFO - utils.trainer -   AUC: 0.76578
08/11/2026 10:27:21 - INFO - utils.trainer -   Accuracy: 0.68817
08/11/2026 10:27:21 - INFO - utils.trainer -   Precision: 0.81550
08/11/2026 10:27:21 - INFO - utils.trainer -   Specificity: 0.85337
08/11/2026 10:27:21 - INFO - utils.trainer -   Sensitivity: 0.54839
08/11/2026 10:27:21 - INFO - utils.trainer -   Epoch: 6, Loss: 0.51224, Val loss: 0.73452, Val AUC: 0.7658, Best val AUC: 0.7684, No improve: 3/10, Time: 85.8s
08/11/2026 10:28:47 - INFO - utils.trainer -   ***** Running evaluation on val dataset *****
08/11/2026 10:28:54 - INFO - utils.trainer -   Loss: 0.81487
08/11/2026 10:28:54 - INFO - utils.trainer -   AUC: 0.76776
08/11/2026 10:28:54 - INFO - utils.trainer -   Accuracy: 0.68817
08/11/2026 10:28:54 - INFO - utils.trainer -   Precision: 0.80000
08/11/2026 10:28:54 - INFO - utils.trainer -   Specificity: 0.83284
08/11/2026 10:28:54 - INFO - utils.trainer -   Sensitivity: 0.56576
08/11/2026 10:28:54 - INFO - utils.trainer -   Epoch: 7, Loss: 0.50450, Val loss: 0.81487, Val AUC: 0.7678, Best val AUC: 0.7684, No improve: 4/10, Time: 85.8s
08/11/2026 10:30:20 - INFO - utils.trainer -   ***** Running evaluation on val dataset *****
08/11/2026 10:30:27 - INFO - utils.trainer -   Loss: 0.94789
08/11/2026 10:30:27 - INFO - utils.trainer -   AUC: 0.74881
08/11/2026 10:30:27 - INFO - utils.trainer -   Accuracy: 0.66398
08/11/2026 10:30:27 - INFO - utils.trainer -   Precision: 0.80723
08/11/2026 10:30:27 - INFO - utils.trainer -   Specificity: 0.85924
08/11/2026 10:30:27 - INFO - utils.trainer -   Sensitivity: 0.49876
08/11/2026 10:30:27 - INFO - utils.trainer -   Epoch: 8, Loss: 0.40009, Val loss: 0.94789, Val AUC: 0.7488, Best val AUC: 0.7684, No improve: 5/10, Time: 85.7s
08/11/2026 10:31:54 - INFO - utils.trainer -   ***** Running evaluation on val dataset *****
08/11/2026 10:32:01 - INFO - utils.trainer -   Loss: 0.83225
08/11/2026 10:32:01 - INFO - utils.trainer -   AUC: 0.74023
08/11/2026 10:32:01 - INFO - utils.trainer -   Accuracy: 0.66129
08/11/2026 10:32:01 - INFO - utils.trainer -   Precision: 0.76125
08/11/2026 10:32:01 - INFO - utils.trainer -   Specificity: 0.79765
08/11/2026 10:32:01 - INFO - utils.trainer -   Sensitivity: 0.54591
08/11/2026 10:32:01 - INFO - utils.trainer -   Epoch: 9, Loss: 0.36308, Val loss: 0.83225, Val AUC: 0.7402, Best val AUC: 0.7684, No improve: 6/10, Time: 86.6s
08/11/2026 10:33:27 - INFO - utils.trainer -   ***** Running evaluation on val dataset *****
08/11/2026 10:33:34 - INFO - utils.trainer -   Loss: 0.87295
08/11/2026 10:33:34 - INFO - utils.trainer -   AUC: 0.74947
08/11/2026 10:33:34 - INFO - utils.trainer -   Accuracy: 0.68145
08/11/2026 10:33:34 - INFO - utils.trainer -   Precision: 0.75938
08/11/2026 10:33:34 - INFO - utils.trainer -   Specificity: 0.77419
08/11/2026 10:33:34 - INFO - utils.trainer -   Sensitivity: 0.60298
08/11/2026 10:33:34 - INFO - utils.trainer -   Epoch: 10, Loss: 0.31973, Val loss: 0.87295, Val AUC: 0.7495, Best val AUC: 0.7684, No improve: 7/10, Time: 85.7s
08/11/2026 10:35:00 - INFO - utils.trainer -   ***** Running evaluation on val dataset *****
08/11/2026 10:35:07 - INFO - utils.trainer -   Loss: 0.87819
08/11/2026 10:35:07 - INFO - utils.trainer -   AUC: 0.74309
08/11/2026 10:35:07 - INFO - utils.trainer -   Accuracy: 0.67876
08/11/2026 10:35:07 - INFO - utils.trainer -   Precision: 0.67227
08/11/2026 10:35:07 - INFO - utils.trainer -   Specificity: 0.54252
08/11/2026 10:35:07 - INFO - utils.trainer -   Sensitivity: 0.79404
08/11/2026 10:35:07 - INFO - utils.trainer -   Epoch: 11, Loss: 0.29579, Val loss: 0.87819, Val AUC: 0.7431, Best val AUC: 0.7684, No improve: 8/10, Time: 85.8s
08/11/2026 10:36:33 - INFO - utils.trainer -   ***** Running evaluation on val dataset *****
08/11/2026 10:36:40 - INFO - utils.trainer -   Loss: 1.08227
08/11/2026 10:36:40 - INFO - utils.trainer -   AUC: 0.72857
08/11/2026 10:36:40 - INFO - utils.trainer -   Accuracy: 0.66263
08/11/2026 10:36:40 - INFO - utils.trainer -   Precision: 0.68009
08/11/2026 10:36:40 - INFO - utils.trainer -   Specificity: 0.60411
08/11/2026 10:36:40 - INFO - utils.trainer -   Sensitivity: 0.71216
08/11/2026 10:36:40 - INFO - utils.trainer -   Epoch: 12, Loss: 0.27774, Val loss: 1.08227, Val AUC: 0.7286, Best val AUC: 0.7684, No improve: 9/10, Time: 85.7s
08/11/2026 10:38:06 - INFO - utils.trainer -   ***** Running evaluation on val dataset *****
08/11/2026 10:38:13 - INFO - utils.trainer -   Loss: 1.11153
08/11/2026 10:38:13 - INFO - utils.trainer -   AUC: 0.72653
08/11/2026 10:38:13 - INFO - utils.trainer -   Accuracy: 0.68011
08/11/2026 10:38:13 - INFO - utils.trainer -   Precision: 0.72118
08/11/2026 10:38:13 - INFO - utils.trainer -   Specificity: 0.69501
08/11/2026 10:38:13 - INFO - utils.trainer -   Sensitivity: 0.66749
08/11/2026 10:38:13 - INFO - utils.trainer -   Epoch: 13, Loss: 0.28032, Val loss: 1.11153, Val AUC: 0.7265, Best val AUC: 0.7684, No improve: 10/10, Time: 86.0s
08/11/2026 10:38:13 - INFO - utils.trainer -   Early stopping triggered at epoch 13
08/11/2026 10:38:13 - INFO - utils.trainer -   Early stopping triggered at epoch 13
08/11/2026 10:38:13 - INFO - utils.trainer -   Early stopping triggered at epoch 13
08/11/2026 10:38:13 - INFO - utils.trainer -   Early stopping triggered at epoch 13
08/11/2026 10:38:13 - INFO - utils.trainer -   Early stopping triggered at epoch 13
08/11/2026 10:38:13 - INFO - utils.trainer -   Early stopping triggered at epoch 13
08/11/2026 10:38:14 - INFO - utils.trainer -     2 prompt-buffer key(s) skipped (kept target-dataset prompt)
08/11/2026 10:38:14 - INFO - utils.trainer -     710 keys not in checkpoint (kept from init)
08/11/2026 10:38:14 - INFO - utils.trainer -   Model loaded from output_dir/TimeLLM_DiseaseCAUEEG_train/TimeLLM-0.bin (149/151 keys)
08/11/2026 10:38:14 - INFO - utils.trainer -     2 prompt-buffer key(s) skipped (kept target-dataset prompt)
08/11/2026 10:38:14 - INFO - utils.trainer -     710 keys not in checkpoint (kept from init)
08/11/2026 10:38:14 - INFO - utils.trainer -   Model loaded from output_dir/TimeLLM_DiseaseCAUEEG_train/TimeLLM-0.bin (149/151 keys)
08/11/2026 10:38:14 - INFO - utils.trainer -     2 prompt-buffer key(s) skipped (kept target-dataset prompt)
08/11/2026 10:38:14 - INFO - utils.trainer -     710 keys not in checkpoint (kept from init)
08/11/2026 10:38:14 - INFO - utils.trainer -   Model loaded from output_dir/TimeLLM_DiseaseCAUEEG_train/TimeLLM-0.bin (149/151 keys)
08/11/2026 10:38:14 - INFO - utils.trainer -     2 prompt-buffer key(s) skipped (kept target-dataset prompt)
08/11/2026 10:38:14 - INFO - utils.trainer -     710 keys not in checkpoint (kept from init)
08/11/2026 10:38:14 - INFO - utils.trainer -   Model loaded from output_dir/TimeLLM_DiseaseCAUEEG_train/TimeLLM-0.bin (149/151 keys)
08/11/2026 10:38:14 - INFO - utils.trainer -   ***** Running evaluation on test dataset *****
08/11/2026 10:38:14 - INFO - utils.trainer -     2 prompt-buffer key(s) skipped (kept target-dataset prompt)
08/11/2026 10:38:14 - INFO - utils.trainer -     710 keys not in checkpoint (kept from init)
08/11/2026 10:38:14 - INFO - utils.trainer -   Model loaded from output_dir/TimeLLM_DiseaseCAUEEG_train/TimeLLM-0.bin (149/151 keys)
08/11/2026 10:38:14 - INFO - utils.trainer -     2 prompt-buffer key(s) skipped (kept target-dataset prompt)
08/11/2026 10:38:14 - INFO - utils.trainer -     710 keys not in checkpoint (kept from init)
08/11/2026 10:38:14 - INFO - utils.trainer -   Model loaded from output_dir/TimeLLM_DiseaseCAUEEG_train/TimeLLM-0.bin (149/151 keys)
08/11/2026 10:38:21 - INFO - utils.trainer -   Loss: 0.62561
08/11/2026 10:38:21 - INFO - utils.trainer -   AUC: 0.76556
08/11/2026 10:38:21 - INFO - utils.trainer -   Accuracy: 0.69872
08/11/2026 10:38:21 - INFO - utils.trainer -   Precision: 0.63684
08/11/2026 10:38:21 - INFO - utils.trainer -   Specificity: 0.68707
08/11/2026 10:38:21 - INFO - utils.trainer -   Sensitivity: 0.71386
08/11/2026 10:38:21 - INFO - utils.trainer -   === Best epoch test result ===
08/11/2026 10:38:21 - INFO - utils.trainer -     Loss: 0.62561
08/11/2026 10:38:21 - INFO - utils.trainer -     AUC: 0.76556
08/11/2026 10:38:21 - INFO - utils.trainer -     Accuracy: 0.69872
08/11/2026 10:38:21 - INFO - utils.trainer -     Precision: 0.63684
08/11/2026 10:38:21 - INFO - utils.trainer -     Specificity: 0.68707
08/11/2026 10:38:21 - INFO - utils.trainer -     Sensitivity: 0.71386
08/11/2026 10:38:22 - INFO - utils.trainer -   Model saved to output_dir/TimeLLM_DiseaseCAUEEG_train/final-epoch-200
08/11/2026 10:38:22 - INFO - utils.trainer -   Final model saved at epoch 200
