08/18/2026 07:10:21 - INFO - __main__ -   ########## Repeat:0 ##########
08/18/2026 07:10:21 - INFO - utils.trainer -   ***** Running training *****
08/18/2026 07:10:21 - INFO - utils.trainer -     Num examples = 161
08/18/2026 07:10:21 - INFO - utils.trainer -     Num Epochs = 200
08/18/2026 07:10:21 - INFO - utils.trainer -     Total train batch size = 4
08/18/2026 07:10:21 - INFO - utils.trainer -     warmup steps = 400
08/18/2026 07:10:21 - INFO - utils.trainer -     Total optimization steps = 32200
08/18/2026 07:10:21 - INFO - utils.trainer -     Save steps = 25
08/18/2026 07:11:18 - INFO - utils.trainer -   ***** Running regression evaluation on val0 dataset *****
08/18/2026 07:11:24 - INFO - utils.trainer -   Loss: 0.01894
08/18/2026 07:11:24 - INFO - utils.trainer -   MSE: 200.96521
08/18/2026 07:11:24 - INFO - utils.trainer -   MAE: 11.93996
08/18/2026 07:11:24 - INFO - utils.trainer -   RMSE: 14.17622
08/18/2026 07:11:24 - INFO - utils.trainer -   R2: -0.81201
08/18/2026 07:11:24 - INFO - utils.trainer -   PearsonR: 0.03231
08/18/2026 07:11:25 - INFO - utils.trainer -   Model saved to output_dir/TimeLLM_AgeCAUEEG_train
08/18/2026 07:11:25 - INFO - utils.trainer -   Best model saved (val_Loss=0.0189)
08/18/2026 07:11:25 - INFO - utils.trainer -   Epoch: 1, Loss: 0.07547, Val loss: 0.01894, Val Loss: 0.0189, Best val Loss: 0.0189, No improve: 0/10, Time: 56.7s
08/18/2026 07:12:22 - INFO - utils.trainer -   ***** Running regression evaluation on val0 dataset *****
08/18/2026 07:12:28 - INFO - utils.trainer -   Loss: 0.01129
08/18/2026 07:12:28 - INFO - utils.trainer -   MSE: 119.88076
08/18/2026 07:12:28 - INFO - utils.trainer -   MAE: 9.05654
08/18/2026 07:12:28 - INFO - utils.trainer -   RMSE: 10.94901
08/18/2026 07:12:28 - INFO - utils.trainer -   R2: -0.08091
08/18/2026 07:12:28 - INFO - utils.trainer -   PearsonR: 0.18388
08/18/2026 07:12:28 - INFO - utils.trainer -   Model saved to output_dir/TimeLLM_AgeCAUEEG_train
08/18/2026 07:12:28 - INFO - utils.trainer -   Best model saved (val_Loss=0.0113)
08/18/2026 07:12:28 - INFO - utils.trainer -   Epoch: 2, Loss: 0.03949, Val loss: 0.01129, Val Loss: 0.0113, Best val Loss: 0.0113, No improve: 0/10, Time: 57.1s
08/18/2026 07:13:25 - INFO - utils.trainer -   ***** Running regression evaluation on val0 dataset *****
08/18/2026 07:13:31 - INFO - utils.trainer -   Loss: 0.01820
08/18/2026 07:13:31 - INFO - utils.trainer -   MSE: 193.25761
08/18/2026 07:13:31 - INFO - utils.trainer -   MAE: 11.70256
08/18/2026 07:13:31 - INFO - utils.trainer -   RMSE: 13.90171
08/18/2026 07:13:31 - INFO - utils.trainer -   R2: -0.74252
08/18/2026 07:13:31 - INFO - utils.trainer -   PearsonR: 0.24652
08/18/2026 07:13:31 - INFO - utils.trainer -   Epoch: 3, Loss: 0.04021, Val loss: 0.01820, Val Loss: 0.0182, Best val Loss: 0.0113, No improve: 1/10, Time: 56.5s
08/18/2026 07:14:27 - INFO - utils.trainer -   ***** Running regression evaluation on val0 dataset *****
08/18/2026 07:14:33 - INFO - utils.trainer -   Loss: 0.00981
08/18/2026 07:14:33 - INFO - utils.trainer -   MSE: 104.16574
08/18/2026 07:14:33 - INFO - utils.trainer -   MAE: 8.14654
08/18/2026 07:14:33 - INFO - utils.trainer -   RMSE: 10.20616
08/18/2026 07:14:33 - INFO - utils.trainer -   R2: 0.06078
08/18/2026 07:14:33 - INFO - utils.trainer -   PearsonR: 0.32666
08/18/2026 07:14:34 - INFO - utils.trainer -   Model saved to output_dir/TimeLLM_AgeCAUEEG_train
08/18/2026 07:14:34 - INFO - utils.trainer -   Best model saved (val_Loss=0.0098)
08/18/2026 07:14:34 - INFO - utils.trainer -   Epoch: 4, Loss: 0.03629, Val loss: 0.00981, Val Loss: 0.0098, Best val Loss: 0.0098, No improve: 0/10, Time: 56.5s
08/18/2026 07:15:31 - INFO - utils.trainer -   ***** Running regression evaluation on val0 dataset *****
08/18/2026 07:15:37 - INFO - utils.trainer -   Loss: 0.00937
08/18/2026 07:15:37 - INFO - utils.trainer -   MSE: 99.57315
08/18/2026 07:15:37 - INFO - utils.trainer -   MAE: 8.17432
08/18/2026 07:15:37 - INFO - utils.trainer -   RMSE: 9.97863
08/18/2026 07:15:37 - INFO - utils.trainer -   R2: 0.10219
08/18/2026 07:15:37 - INFO - utils.trainer -   PearsonR: 0.33390
08/18/2026 07:15:38 - INFO - utils.trainer -   Model saved to output_dir/TimeLLM_AgeCAUEEG_train
08/18/2026 07:15:38 - INFO - utils.trainer -   Best model saved (val_Loss=0.0094)
08/18/2026 07:15:38 - INFO - utils.trainer -   Epoch: 5, Loss: 0.03839, Val loss: 0.00937, Val Loss: 0.0094, Best val Loss: 0.0094, No improve: 0/10, Time: 56.7s
08/18/2026 07:16:34 - INFO - utils.trainer -   ***** Running regression evaluation on val0 dataset *****
08/18/2026 07:16:40 - INFO - utils.trainer -   Loss: 0.00969
08/18/2026 07:16:40 - INFO - utils.trainer -   MSE: 102.88551
08/18/2026 07:16:40 - INFO - utils.trainer -   MAE: 8.07804
08/18/2026 07:16:40 - INFO - utils.trainer -   RMSE: 10.14325
08/18/2026 07:16:40 - INFO - utils.trainer -   R2: 0.07233
08/18/2026 07:16:40 - INFO - utils.trainer -   PearsonR: 0.38236
08/18/2026 07:16:40 - INFO - utils.trainer -   Epoch: 6, Loss: 0.03296, Val loss: 0.00969, Val Loss: 0.0097, Best val Loss: 0.0094, No improve: 1/10, Time: 56.4s
08/18/2026 07:17:36 - INFO - utils.trainer -   ***** Running regression evaluation on val0 dataset *****
08/18/2026 07:17:42 - INFO - utils.trainer -   Loss: 0.01376
08/18/2026 07:17:42 - INFO - utils.trainer -   MSE: 145.98003
08/18/2026 07:17:42 - INFO - utils.trainer -   MAE: 10.07444
08/18/2026 07:17:42 - INFO - utils.trainer -   RMSE: 12.08222
08/18/2026 07:17:42 - INFO - utils.trainer -   R2: -0.31624
08/18/2026 07:17:42 - INFO - utils.trainer -   PearsonR: 0.40687
08/18/2026 07:17:42 - INFO - utils.trainer -   Epoch: 7, Loss: 0.03908, Val loss: 0.01376, Val Loss: 0.0138, Best val Loss: 0.0094, No improve: 2/10, Time: 56.4s
08/18/2026 07:18:39 - INFO - utils.trainer -   ***** Running regression evaluation on val0 dataset *****
08/18/2026 07:18:45 - INFO - utils.trainer -   Loss: 0.00997
08/18/2026 07:18:45 - INFO - utils.trainer -   MSE: 105.26690
08/18/2026 07:18:45 - INFO - utils.trainer -   MAE: 8.47949
08/18/2026 07:18:45 - INFO - utils.trainer -   RMSE: 10.25997
08/18/2026 07:18:45 - INFO - utils.trainer -   R2: 0.05086
08/18/2026 07:18:45 - INFO - utils.trainer -   PearsonR: 0.39469
08/18/2026 07:18:45 - INFO - utils.trainer -   Epoch: 8, Loss: 0.03385, Val loss: 0.00997, Val Loss: 0.0100, Best val Loss: 0.0094, No improve: 3/10, Time: 56.4s
08/18/2026 07:19:41 - INFO - utils.trainer -   ***** Running regression evaluation on val0 dataset *****
08/18/2026 07:19:47 - INFO - utils.trainer -   Loss: 0.01390
08/18/2026 07:19:47 - INFO - utils.trainer -   MSE: 147.45744
08/18/2026 07:19:47 - INFO - utils.trainer -   MAE: 10.12893
08/18/2026 07:19:47 - INFO - utils.trainer -   RMSE: 12.14321
08/18/2026 07:19:47 - INFO - utils.trainer -   R2: -0.32956
08/18/2026 07:19:47 - INFO - utils.trainer -   PearsonR: 0.39846
08/18/2026 07:19:47 - INFO - utils.trainer -   Epoch: 9, Loss: 0.03490, Val loss: 0.01390, Val Loss: 0.0139, Best val Loss: 0.0094, No improve: 4/10, Time: 56.5s
08/18/2026 07:20:43 - INFO - utils.trainer -   ***** Running regression evaluation on val0 dataset *****
08/18/2026 07:20:49 - INFO - utils.trainer -   Loss: 0.00976
08/18/2026 07:20:49 - INFO - utils.trainer -   MSE: 103.65374
08/18/2026 07:20:49 - INFO - utils.trainer -   MAE: 8.05528
08/18/2026 07:20:49 - INFO - utils.trainer -   RMSE: 10.18105
08/18/2026 07:20:49 - INFO - utils.trainer -   R2: 0.06540
08/18/2026 07:20:49 - INFO - utils.trainer -   PearsonR: 0.34655
08/18/2026 07:20:49 - INFO - utils.trainer -   Epoch: 10, Loss: 0.03456, Val loss: 0.00976, Val Loss: 0.0098, Best val Loss: 0.0094, No improve: 5/10, Time: 56.5s
08/18/2026 07:21:45 - INFO - utils.trainer -   ***** Running regression evaluation on val0 dataset *****
08/18/2026 07:21:51 - INFO - utils.trainer -   Loss: 0.02137
08/18/2026 07:21:51 - INFO - utils.trainer -   MSE: 226.90695
08/18/2026 07:21:51 - INFO - utils.trainer -   MAE: 12.80969
08/18/2026 07:21:51 - INFO - utils.trainer -   RMSE: 15.06343
08/18/2026 07:21:51 - INFO - utils.trainer -   R2: -1.04592
08/18/2026 07:21:51 - INFO - utils.trainer -   PearsonR: 0.40580
08/18/2026 07:21:51 - INFO - utils.trainer -   Epoch: 11, Loss: 0.03797, Val loss: 0.02137, Val Loss: 0.0214, Best val Loss: 0.0094, No improve: 6/10, Time: 56.5s
08/18/2026 07:22:48 - INFO - utils.trainer -   ***** Running regression evaluation on val0 dataset *****
08/18/2026 07:22:54 - INFO - utils.trainer -   Loss: 0.00878
08/18/2026 07:22:54 - INFO - utils.trainer -   MSE: 92.96674
08/18/2026 07:22:54 - INFO - utils.trainer -   MAE: 7.85176
08/18/2026 07:22:54 - INFO - utils.trainer -   RMSE: 9.64193
08/18/2026 07:22:54 - INFO - utils.trainer -   R2: 0.16176
08/18/2026 07:22:54 - INFO - utils.trainer -   PearsonR: 0.40642
08/18/2026 07:22:55 - INFO - utils.trainer -   Model saved to output_dir/TimeLLM_AgeCAUEEG_train
08/18/2026 07:22:55 - INFO - utils.trainer -   Best model saved (val_Loss=0.0088)
08/18/2026 07:22:55 - INFO - utils.trainer -   Epoch: 12, Loss: 0.02664, Val loss: 0.00878, Val Loss: 0.0088, Best val Loss: 0.0088, No improve: 0/10, Time: 56.4s
08/18/2026 07:23:51 - INFO - utils.trainer -   ***** Running regression evaluation on val0 dataset *****
08/18/2026 07:23:57 - INFO - utils.trainer -   Loss: 0.01247
08/18/2026 07:23:57 - INFO - utils.trainer -   MSE: 132.77451
08/18/2026 07:23:57 - INFO - utils.trainer -   MAE: 8.93182
08/18/2026 07:23:57 - INFO - utils.trainer -   RMSE: 11.52278
08/18/2026 07:23:57 - INFO - utils.trainer -   R2: -0.19717
08/18/2026 07:23:57 - INFO - utils.trainer -   PearsonR: 0.37981
08/18/2026 07:23:57 - INFO - utils.trainer -   Epoch: 13, Loss: 0.03004, Val loss: 0.01247, Val Loss: 0.0125, Best val Loss: 0.0088, No improve: 1/10, Time: 56.5s
08/18/2026 07:24:54 - INFO - utils.trainer -   ***** Running regression evaluation on val0 dataset *****
08/18/2026 07:24:59 - INFO - utils.trainer -   Loss: 0.01553
08/18/2026 07:24:59 - INFO - utils.trainer -   MSE: 164.44357
08/18/2026 07:24:59 - INFO - utils.trainer -   MAE: 10.63000
08/18/2026 07:24:59 - INFO - utils.trainer -   RMSE: 12.82355
08/18/2026 07:24:59 - INFO - utils.trainer -   R2: -0.48271
08/18/2026 07:24:59 - INFO - utils.trainer -   PearsonR: 0.40582
08/18/2026 07:24:59 - INFO - utils.trainer -   Epoch: 14, Loss: 0.02619, Val loss: 0.01553, Val Loss: 0.0155, Best val Loss: 0.0088, No improve: 2/10, Time: 56.5s
08/18/2026 07:25:56 - INFO - utils.trainer -   ***** Running regression evaluation on val0 dataset *****
08/18/2026 07:26:02 - INFO - utils.trainer -   Loss: 0.01571
08/18/2026 07:26:02 - INFO - utils.trainer -   MSE: 166.25365
08/18/2026 07:26:02 - INFO - utils.trainer -   MAE: 10.76449
08/18/2026 07:26:02 - INFO - utils.trainer -   RMSE: 12.89394
08/18/2026 07:26:02 - INFO - utils.trainer -   R2: -0.49903
08/18/2026 07:26:02 - INFO - utils.trainer -   PearsonR: 0.37443
08/18/2026 07:26:02 - INFO - utils.trainer -   Epoch: 15, Loss: 0.03211, Val loss: 0.01571, Val Loss: 0.0157, Best val Loss: 0.0088, No improve: 3/10, Time: 56.9s
08/18/2026 07:26:59 - INFO - utils.trainer -   ***** Running regression evaluation on val0 dataset *****
08/18/2026 07:27:05 - INFO - utils.trainer -   Loss: 0.01052
08/18/2026 07:27:05 - INFO - utils.trainer -   MSE: 111.10620
08/18/2026 07:27:05 - INFO - utils.trainer -   MAE: 8.66557
08/18/2026 07:27:05 - INFO - utils.trainer -   RMSE: 10.54069
08/18/2026 07:27:05 - INFO - utils.trainer -   R2: -0.00179
08/18/2026 07:27:05 - INFO - utils.trainer -   PearsonR: 0.37516
08/18/2026 07:27:05 - INFO - utils.trainer -   Epoch: 16, Loss: 0.02661, Val loss: 0.01052, Val Loss: 0.0105, Best val Loss: 0.0088, No improve: 4/10, Time: 56.9s
08/18/2026 07:28:01 - INFO - utils.trainer -   ***** Running regression evaluation on val0 dataset *****
08/18/2026 07:28:07 - INFO - utils.trainer -   Loss: 0.00889
08/18/2026 07:28:07 - INFO - utils.trainer -   MSE: 94.15314
08/18/2026 07:28:07 - INFO - utils.trainer -   MAE: 7.82325
08/18/2026 07:28:07 - INFO - utils.trainer -   RMSE: 9.70325
08/18/2026 07:28:07 - INFO - utils.trainer -   R2: 0.15106
08/18/2026 07:28:07 - INFO - utils.trainer -   PearsonR: 0.39192
08/18/2026 07:28:07 - INFO - utils.trainer -   Epoch: 17, Loss: 0.02690, Val loss: 0.00889, Val Loss: 0.0089, Best val Loss: 0.0088, No improve: 5/10, Time: 56.4s
08/18/2026 07:29:04 - INFO - utils.trainer -   ***** Running regression evaluation on val0 dataset *****
08/18/2026 07:29:10 - INFO - utils.trainer -   Loss: 0.00970
08/18/2026 07:29:10 - INFO - utils.trainer -   MSE: 102.65954
08/18/2026 07:29:10 - INFO - utils.trainer -   MAE: 8.34907
08/18/2026 07:29:10 - INFO - utils.trainer -   RMSE: 10.13210
08/18/2026 07:29:10 - INFO - utils.trainer -   R2: 0.07436
08/18/2026 07:29:10 - INFO - utils.trainer -   PearsonR: 0.38436
08/18/2026 07:29:10 - INFO - utils.trainer -   Epoch: 18, Loss: 0.02256, Val loss: 0.00970, Val Loss: 0.0097, Best val Loss: 0.0088, No improve: 6/10, Time: 56.6s
08/18/2026 07:30:06 - INFO - utils.trainer -   ***** Running regression evaluation on val0 dataset *****
08/18/2026 07:30:12 - INFO - utils.trainer -   Loss: 0.00890
08/18/2026 07:30:12 - INFO - utils.trainer -   MSE: 94.29772
08/18/2026 07:30:12 - INFO - utils.trainer -   MAE: 7.80385
08/18/2026 07:30:12 - INFO - utils.trainer -   RMSE: 9.71070
08/18/2026 07:30:12 - INFO - utils.trainer -   R2: 0.14976
08/18/2026 07:30:12 - INFO - utils.trainer -   PearsonR: 0.39021
08/18/2026 07:30:12 - INFO - utils.trainer -   Epoch: 19, Loss: 0.03664, Val loss: 0.00890, Val Loss: 0.0089, Best val Loss: 0.0088, No improve: 7/10, Time: 56.5s
08/18/2026 07:31:08 - INFO - utils.trainer -   ***** Running regression evaluation on val0 dataset *****
08/18/2026 07:31:14 - INFO - utils.trainer -   Loss: 0.01036
08/18/2026 07:31:14 - INFO - utils.trainer -   MSE: 109.49657
08/18/2026 07:31:14 - INFO - utils.trainer -   MAE: 8.56624
08/18/2026 07:31:14 - INFO - utils.trainer -   RMSE: 10.46406
08/18/2026 07:31:14 - INFO - utils.trainer -   R2: 0.01272
08/18/2026 07:31:14 - INFO - utils.trainer -   PearsonR: 0.38814
08/18/2026 07:31:14 - INFO - utils.trainer -   Epoch: 20, Loss: 0.03609, Val loss: 0.01036, Val Loss: 0.0104, Best val Loss: 0.0088, No improve: 8/10, Time: 56.4s
08/18/2026 07:32:11 - INFO - utils.trainer -   ***** Running regression evaluation on val0 dataset *****
08/18/2026 07:32:16 - INFO - utils.trainer -   Loss: 0.01027
08/18/2026 07:32:16 - INFO - utils.trainer -   MSE: 108.68396
08/18/2026 07:32:16 - INFO - utils.trainer -   MAE: 8.58636
08/18/2026 07:32:16 - INFO - utils.trainer -   RMSE: 10.42516
08/18/2026 07:32:16 - INFO - utils.trainer -   R2: 0.02005
08/18/2026 07:32:16 - INFO - utils.trainer -   PearsonR: 0.39217
08/18/2026 07:32:16 - INFO - utils.trainer -   Epoch: 21, Loss: 0.03211, Val loss: 0.01027, Val Loss: 0.0103, Best val Loss: 0.0088, No improve: 9/10, Time: 56.4s
08/18/2026 07:33:13 - INFO - utils.trainer -   ***** Running regression evaluation on val0 dataset *****
08/18/2026 07:33:19 - INFO - utils.trainer -   Loss: 0.01078
08/18/2026 07:33:19 - INFO - utils.trainer -   MSE: 113.92022
08/18/2026 07:33:19 - INFO - utils.trainer -   MAE: 8.77620
08/18/2026 07:33:19 - INFO - utils.trainer -   RMSE: 10.67334
08/18/2026 07:33:19 - INFO - utils.trainer -   R2: -0.02717
08/18/2026 07:33:19 - INFO - utils.trainer -   PearsonR: 0.41299
08/18/2026 07:33:19 - INFO - utils.trainer -   Epoch: 22, Loss: 0.02661, Val loss: 0.01078, Val Loss: 0.0108, Best val Loss: 0.0088, No improve: 10/10, Time: 56.5s
08/18/2026 07:33:19 - INFO - utils.trainer -   Early stopping triggered at epoch 22
08/18/2026 07:33:19 - INFO - utils.trainer -   Early stopping triggered at epoch 22
08/18/2026 07:33:19 - INFO - utils.trainer -   Early stopping triggered at epoch 22
08/18/2026 07:33:19 - INFO - utils.trainer -   Early stopping triggered at epoch 22
08/18/2026 07:33:19 - INFO - utils.trainer -   Early stopping triggered at epoch 22
08/18/2026 07:33:19 - INFO - utils.trainer -   Early stopping triggered at epoch 22
08/18/2026 07:33:19 - INFO - utils.trainer -     2 prompt-buffer key(s) skipped (kept target-dataset prompt)
08/18/2026 07:33:19 - INFO - utils.trainer -     582 keys not in checkpoint (kept from init)
08/18/2026 07:33:19 - INFO - utils.trainer -   Model loaded from output_dir/TimeLLM_AgeCAUEEG_train/TimeLLM-0.bin (23/25 keys)
08/18/2026 07:33:19 - INFO - utils.trainer -     2 prompt-buffer key(s) skipped (kept target-dataset prompt)
08/18/2026 07:33:19 - INFO - utils.trainer -     582 keys not in checkpoint (kept from init)
08/18/2026 07:33:19 - INFO - utils.trainer -   Model loaded from output_dir/TimeLLM_AgeCAUEEG_train/TimeLLM-0.bin (23/25 keys)
08/18/2026 07:33:19 - INFO - utils.trainer -   ***** Running regression evaluation on test0 dataset *****
08/18/2026 07:33:19 - INFO - utils.trainer -     2 prompt-buffer key(s) skipped (kept target-dataset prompt)
08/18/2026 07:33:19 - INFO - utils.trainer -     582 keys not in checkpoint (kept from init)
08/18/2026 07:33:19 - INFO - utils.trainer -   Model loaded from output_dir/TimeLLM_AgeCAUEEG_train/TimeLLM-0.bin (23/25 keys)
08/18/2026 07:33:19 - INFO - utils.trainer -     2 prompt-buffer key(s) skipped (kept target-dataset prompt)
08/18/2026 07:33:19 - INFO - utils.trainer -     582 keys not in checkpoint (kept from init)
08/18/2026 07:33:19 - INFO - utils.trainer -   Model loaded from output_dir/TimeLLM_AgeCAUEEG_train/TimeLLM-0.bin (23/25 keys)
08/18/2026 07:33:19 - INFO - utils.trainer -     2 prompt-buffer key(s) skipped (kept target-dataset prompt)
08/18/2026 07:33:19 - INFO - utils.trainer -     582 keys not in checkpoint (kept from init)
08/18/2026 07:33:19 - INFO - utils.trainer -   Model loaded from output_dir/TimeLLM_AgeCAUEEG_train/TimeLLM-0.bin (23/25 keys)
08/18/2026 07:33:19 - INFO - utils.trainer -     2 prompt-buffer key(s) skipped (kept target-dataset prompt)
08/18/2026 07:33:19 - INFO - utils.trainer -     582 keys not in checkpoint (kept from init)
08/18/2026 07:33:19 - INFO - utils.trainer -   Model loaded from output_dir/TimeLLM_AgeCAUEEG_train/TimeLLM-0.bin (23/25 keys)
08/18/2026 07:33:25 - INFO - utils.trainer -   Loss: 0.00884
08/18/2026 07:33:25 - INFO - utils.trainer -   MSE: 94.14266
08/18/2026 07:33:25 - INFO - utils.trainer -   MAE: 7.86664
08/18/2026 07:33:25 - INFO - utils.trainer -   RMSE: 9.70271
08/18/2026 07:33:25 - INFO - utils.trainer -   R2: 0.06119
08/18/2026 07:33:25 - INFO - utils.trainer -   PearsonR: 0.27765
08/18/2026 07:33:25 - INFO - utils.trainer -   === Best epoch test result ===
08/18/2026 07:33:25 - INFO - utils.trainer -     Loss: 0.00884
08/18/2026 07:33:25 - INFO - utils.trainer -     MSE: 94.14266
08/18/2026 07:33:25 - INFO - utils.trainer -     MAE: 7.86664
08/18/2026 07:33:25 - INFO - utils.trainer -     RMSE: 9.70271
08/18/2026 07:33:25 - INFO - utils.trainer -     R2: 0.06119
08/18/2026 07:33:25 - INFO - utils.trainer -     PearsonR: 0.27765
08/18/2026 07:33:26 - INFO - utils.trainer -   Model saved to output_dir/TimeLLM_AgeCAUEEG_train/final-epoch-200
08/18/2026 07:33:26 - INFO - utils.trainer -   Final model saved at epoch 200
