08/03/2026 01:21:40 - INFO - __main__ -   ########## Repeat:0 ##########
08/03/2026 01:21:40 - INFO - utils.trainer -   ***** Running training *****
08/03/2026 01:21:40 - INFO - utils.trainer -     Num examples = 1025
08/03/2026 01:21:40 - INFO - utils.trainer -     Num Epochs = 200
08/03/2026 01:21:40 - INFO - utils.trainer -     Total train batch size = 2
08/03/2026 01:21:40 - INFO - utils.trainer -     warmup steps = 400
08/03/2026 01:21:40 - INFO - utils.trainer -     Total optimization steps = 205000
08/03/2026 01:21:40 - INFO - utils.trainer -     Save steps = 25
08/03/2026 01:41:52 - INFO - __main__ -   ########## Repeat:0 ##########
08/03/2026 01:41:52 - INFO - utils.trainer -   ***** Running training *****
08/03/2026 01:41:52 - INFO - utils.trainer -     Num examples = 1025
08/03/2026 01:41:52 - INFO - utils.trainer -     Num Epochs = 200
08/03/2026 01:41:52 - INFO - utils.trainer -     Total train batch size = 2
08/03/2026 01:41:52 - INFO - utils.trainer -     warmup steps = 400
08/03/2026 01:41:52 - INFO - utils.trainer -     Total optimization steps = 205000
08/03/2026 01:41:52 - INFO - utils.trainer -     Save steps = 25
08/03/2026 01:47:50 - INFO - utils.trainer -   ***** Running evaluation on val dataset *****
08/03/2026 01:48:41 - INFO - utils.trainer -   Loss: 0.59957
08/03/2026 01:48:41 - INFO - utils.trainer -   AUC: 0.75830
08/03/2026 01:48:41 - INFO - utils.trainer -   Accuracy: 0.66231
08/03/2026 01:48:41 - INFO - utils.trainer -   Precision: 0.63372
08/03/2026 01:48:41 - INFO - utils.trainer -   Specificity: 0.56156
08/03/2026 01:48:41 - INFO - utils.trainer -   Sensitivity: 0.76373
08/03/2026 01:48:41 - INFO - utils.trainer -   Model saved to output_dir/TimeLLM_TUAB_train
08/03/2026 01:48:41 - INFO - utils.trainer -   Best model saved (val_AUC=0.7583)
08/03/2026 01:48:41 - INFO - utils.trainer -   Epoch: 1, Loss: 0.73736, Val loss: 0.59957, Val AUC: 0.7583, Best val AUC: 0.7583, No improve: 0/25, Time: 357.8s
