08/11/2026 09:31:30 - INFO - __main__ -   ########## Repeat:0 ##########
08/11/2026 09:31:30 - INFO - utils.trainer -   ***** Running training *****
08/11/2026 09:31:30 - INFO - utils.trainer -     Num examples = 296
08/11/2026 09:31:30 - INFO - utils.trainer -     Num Epochs = 200
08/11/2026 09:31:30 - INFO - utils.trainer -     Total train batch size = 2
08/11/2026 09:31:30 - INFO - utils.trainer -     warmup steps = 400
08/11/2026 09:31:30 - INFO - utils.trainer -     Total optimization steps = 59200
08/11/2026 09:31:30 - INFO - utils.trainer -     Save steps = 25
08/11/2026 09:33:01 - INFO - utils.trainer -   ***** Running evaluation on val dataset *****
08/11/2026 09:33:09 - INFO - utils.trainer -   Loss: 0.76454
08/11/2026 09:33:09 - INFO - utils.trainer -   AUC: 0.68026
08/11/2026 09:33:09 - INFO - utils.trainer -   Accuracy: 0.63710
08/11/2026 09:33:09 - INFO - utils.trainer -   Precision: 0.65947
08/11/2026 09:33:09 - INFO - utils.trainer -   Specificity: 0.58358
08/11/2026 09:33:09 - INFO - utils.trainer -   Sensitivity: 0.68238
08/11/2026 09:33:10 - INFO - utils.trainer -   Model saved to output_dir/TimeLLM_DiseaseCAUEEG_train
08/11/2026 09:33:10 - INFO - utils.trainer -   Best model saved (val_AUC=0.6803)
08/11/2026 09:33:10 - INFO - utils.trainer -   Epoch: 1, Loss: 1.01607, Val loss: 0.76454, Val AUC: 0.6803, Best val AUC: 0.6803, No improve: 0/10, Time: 91.6s
08/11/2026 09:34:40 - INFO - utils.trainer -   ***** Running evaluation on val dataset *****
08/11/2026 09:34:47 - INFO - utils.trainer -   Loss: 0.80443
08/11/2026 09:34:47 - INFO - utils.trainer -   AUC: 0.67720
08/11/2026 09:34:47 - INFO - utils.trainer -   Accuracy: 0.61962
08/11/2026 09:34:47 - INFO - utils.trainer -   Precision: 0.62876
08/11/2026 09:34:47 - INFO - utils.trainer -   Specificity: 0.49267
08/11/2026 09:34:47 - INFO - utils.trainer -   Sensitivity: 0.72705
08/11/2026 09:34:47 - INFO - utils.trainer -   Epoch: 2, Loss: 0.72937, Val loss: 0.80443, Val AUC: 0.6772, Best val AUC: 0.6803, No improve: 1/10, Time: 90.1s
08/11/2026 09:36:17 - INFO - utils.trainer -   ***** Running evaluation on val dataset *****
08/11/2026 09:36:24 - INFO - utils.trainer -   Loss: 0.72301
08/11/2026 09:36:24 - INFO - utils.trainer -   AUC: 0.70614
08/11/2026 09:36:24 - INFO - utils.trainer -   Accuracy: 0.64382
08/11/2026 09:36:24 - INFO - utils.trainer -   Precision: 0.71166
08/11/2026 09:36:24 - INFO - utils.trainer -   Specificity: 0.72434
08/11/2026 09:36:24 - INFO - utils.trainer -   Sensitivity: 0.57568
08/11/2026 09:36:25 - INFO - utils.trainer -   Model saved to output_dir/TimeLLM_DiseaseCAUEEG_train
08/11/2026 09:36:25 - INFO - utils.trainer -   Best model saved (val_AUC=0.7061)
08/11/2026 09:36:25 - INFO - utils.trainer -   Epoch: 3, Loss: 0.71461, Val loss: 0.72301, Val AUC: 0.7061, Best val AUC: 0.7061, No improve: 0/10, Time: 90.2s
08/11/2026 09:37:56 - INFO - utils.trainer -   ***** Running evaluation on val dataset *****
08/11/2026 09:38:03 - INFO - utils.trainer -   Loss: 0.88845
08/11/2026 09:38:03 - INFO - utils.trainer -   AUC: 0.69123
08/11/2026 09:38:03 - INFO - utils.trainer -   Accuracy: 0.60618
08/11/2026 09:38:03 - INFO - utils.trainer -   Precision: 0.77778
08/11/2026 09:38:03 - INFO - utils.trainer -   Specificity: 0.87097
08/11/2026 09:38:03 - INFO - utils.trainer -   Sensitivity: 0.38213
08/11/2026 09:38:03 - INFO - utils.trainer -   Epoch: 4, Loss: 0.60949, Val loss: 0.88845, Val AUC: 0.6912, Best val AUC: 0.7061, No improve: 1/10, Time: 90.2s
08/11/2026 09:39:33 - INFO - utils.trainer -   ***** Running evaluation on val dataset *****
08/11/2026 09:39:40 - INFO - utils.trainer -   Loss: 0.92248
08/11/2026 09:39:40 - INFO - utils.trainer -   AUC: 0.71895
08/11/2026 09:39:40 - INFO - utils.trainer -   Accuracy: 0.66801
08/11/2026 09:39:40 - INFO - utils.trainer -   Precision: 0.73353
08/11/2026 09:39:40 - INFO - utils.trainer -   Specificity: 0.73900
08/11/2026 09:39:40 - INFO - utils.trainer -   Sensitivity: 0.60794
08/11/2026 09:39:41 - INFO - utils.trainer -   Model saved to output_dir/TimeLLM_DiseaseCAUEEG_train
08/11/2026 09:39:41 - INFO - utils.trainer -   Best model saved (val_AUC=0.7189)
08/11/2026 09:39:41 - INFO - utils.trainer -   Epoch: 5, Loss: 0.63367, Val loss: 0.92248, Val AUC: 0.7189, Best val AUC: 0.7189, No improve: 0/10, Time: 90.2s
08/11/2026 09:41:11 - INFO - utils.trainer -   ***** Running evaluation on val dataset *****
08/11/2026 09:41:18 - INFO - utils.trainer -   Loss: 0.73812
08/11/2026 09:41:18 - INFO - utils.trainer -   AUC: 0.74454
08/11/2026 09:41:18 - INFO - utils.trainer -   Accuracy: 0.67473
08/11/2026 09:41:18 - INFO - utils.trainer -   Precision: 0.76393
08/11/2026 09:41:18 - INFO - utils.trainer -   Specificity: 0.78886
08/11/2026 09:41:18 - INFO - utils.trainer -   Sensitivity: 0.57816
08/11/2026 09:41:19 - INFO - utils.trainer -   Model saved to output_dir/TimeLLM_DiseaseCAUEEG_train
08/11/2026 09:41:19 - INFO - utils.trainer -   Best model saved (val_AUC=0.7445)
08/11/2026 09:41:19 - INFO - utils.trainer -   Epoch: 6, Loss: 0.60647, Val loss: 0.73812, Val AUC: 0.7445, Best val AUC: 0.7445, No improve: 0/10, Time: 90.2s
08/11/2026 09:42:50 - INFO - utils.trainer -   ***** Running evaluation on val dataset *****
08/11/2026 09:42:57 - INFO - utils.trainer -   Loss: 0.96171
08/11/2026 09:42:57 - INFO - utils.trainer -   AUC: 0.66101
08/11/2026 09:42:57 - INFO - utils.trainer -   Accuracy: 0.57258
08/11/2026 09:42:57 - INFO - utils.trainer -   Precision: 0.67635
08/11/2026 09:42:57 - INFO - utils.trainer -   Specificity: 0.77126
08/11/2026 09:42:57 - INFO - utils.trainer -   Sensitivity: 0.40447
08/11/2026 09:42:57 - INFO - utils.trainer -   Epoch: 7, Loss: 0.58662, Val loss: 0.96171, Val AUC: 0.6610, Best val AUC: 0.7445, No improve: 1/10, Time: 90.2s
08/11/2026 09:44:27 - INFO - utils.trainer -   ***** Running evaluation on val dataset *****
08/11/2026 09:44:34 - INFO - utils.trainer -   Loss: 0.92296
08/11/2026 09:44:34 - INFO - utils.trainer -   AUC: 0.66310
08/11/2026 09:44:34 - INFO - utils.trainer -   Accuracy: 0.59946
08/11/2026 09:44:34 - INFO - utils.trainer -   Precision: 0.69811
08/11/2026 09:44:34 - INFO - utils.trainer -   Specificity: 0.76540
08/11/2026 09:44:34 - INFO - utils.trainer -   Sensitivity: 0.45906
08/11/2026 09:44:34 - INFO - utils.trainer -   Epoch: 8, Loss: 0.66469, Val loss: 0.92296, Val AUC: 0.6631, Best val AUC: 0.7445, No improve: 2/10, Time: 90.1s
08/11/2026 09:46:05 - INFO - utils.trainer -   ***** Running evaluation on val dataset *****
08/11/2026 09:46:12 - INFO - utils.trainer -   Loss: 0.82185
08/11/2026 09:46:12 - INFO - utils.trainer -   AUC: 0.72360
08/11/2026 09:46:12 - INFO - utils.trainer -   Accuracy: 0.66398
08/11/2026 09:46:12 - INFO - utils.trainer -   Precision: 0.74132
08/11/2026 09:46:12 - INFO - utils.trainer -   Specificity: 0.75953
08/11/2026 09:46:12 - INFO - utils.trainer -   Sensitivity: 0.58313
08/11/2026 09:46:12 - INFO - utils.trainer -   Epoch: 9, Loss: 0.58228, Val loss: 0.82185, Val AUC: 0.7236, Best val AUC: 0.7445, No improve: 3/10, Time: 91.4s
08/11/2026 09:47:43 - INFO - utils.trainer -   ***** Running evaluation on val dataset *****
08/11/2026 09:47:50 - INFO - utils.trainer -   Loss: 0.82717
08/11/2026 09:47:50 - INFO - utils.trainer -   AUC: 0.69419
08/11/2026 09:47:50 - INFO - utils.trainer -   Accuracy: 0.64919
08/11/2026 09:47:50 - INFO - utils.trainer -   Precision: 0.67488
08/11/2026 09:47:50 - INFO - utils.trainer -   Specificity: 0.61290
08/11/2026 09:47:50 - INFO - utils.trainer -   Sensitivity: 0.67990
08/11/2026 09:47:50 - INFO - utils.trainer -   Epoch: 10, Loss: 0.49615, Val loss: 0.82717, Val AUC: 0.6942, Best val AUC: 0.7445, No improve: 4/10, Time: 90.2s
08/11/2026 09:49:20 - INFO - utils.trainer -   ***** Running evaluation on val dataset *****
08/11/2026 09:49:27 - INFO - utils.trainer -   Loss: 0.83764
08/11/2026 09:49:27 - INFO - utils.trainer -   AUC: 0.71789
08/11/2026 09:49:27 - INFO - utils.trainer -   Accuracy: 0.67339
08/11/2026 09:49:27 - INFO - utils.trainer -   Precision: 0.66667
08/11/2026 09:49:27 - INFO - utils.trainer -   Specificity: 0.53079
08/11/2026 09:49:27 - INFO - utils.trainer -   Sensitivity: 0.79404
08/11/2026 09:49:27 - INFO - utils.trainer -   Epoch: 11, Loss: 0.44732, Val loss: 0.83764, Val AUC: 0.7179, Best val AUC: 0.7445, No improve: 5/10, Time: 90.3s
08/11/2026 09:50:57 - INFO - utils.trainer -   ***** Running evaluation on val dataset *****
08/11/2026 09:51:05 - INFO - utils.trainer -   Loss: 1.00009
08/11/2026 09:51:05 - INFO - utils.trainer -   AUC: 0.71312
08/11/2026 09:51:05 - INFO - utils.trainer -   Accuracy: 0.65995
08/11/2026 09:51:05 - INFO - utils.trainer -   Precision: 0.65625
08/11/2026 09:51:05 - INFO - utils.trainer -   Specificity: 0.51613
08/11/2026 09:51:05 - INFO - utils.trainer -   Sensitivity: 0.78164
08/11/2026 09:51:05 - INFO - utils.trainer -   Epoch: 12, Loss: 0.39792, Val loss: 1.00009, Val AUC: 0.7131, Best val AUC: 0.7445, No improve: 6/10, Time: 90.1s
08/11/2026 09:52:35 - INFO - utils.trainer -   ***** Running evaluation on val dataset *****
08/11/2026 09:52:42 - INFO - utils.trainer -   Loss: 1.04047
08/11/2026 09:52:42 - INFO - utils.trainer -   AUC: 0.69132
08/11/2026 09:52:42 - INFO - utils.trainer -   Accuracy: 0.64382
08/11/2026 09:52:42 - INFO - utils.trainer -   Precision: 0.68449
08/11/2026 09:52:42 - INFO - utils.trainer -   Specificity: 0.65396
08/11/2026 09:52:42 - INFO - utils.trainer -   Sensitivity: 0.63524
08/11/2026 09:52:42 - INFO - utils.trainer -   Epoch: 13, Loss: 0.38879, Val loss: 1.04047, Val AUC: 0.6913, Best val AUC: 0.7445, No improve: 7/10, Time: 90.2s
08/11/2026 09:54:12 - INFO - utils.trainer -   ***** Running evaluation on val dataset *****
08/11/2026 09:54:19 - INFO - utils.trainer -   Loss: 1.04271
08/11/2026 09:54:19 - INFO - utils.trainer -   AUC: 0.69413
08/11/2026 09:54:19 - INFO - utils.trainer -   Accuracy: 0.64247
08/11/2026 09:54:19 - INFO - utils.trainer -   Precision: 0.72313
08/11/2026 09:54:19 - INFO - utils.trainer -   Specificity: 0.75073
08/11/2026 09:54:19 - INFO - utils.trainer -   Sensitivity: 0.55087
08/11/2026 09:54:19 - INFO - utils.trainer -   Epoch: 14, Loss: 0.33404, Val loss: 1.04271, Val AUC: 0.6941, Best val AUC: 0.7445, No improve: 8/10, Time: 90.3s
08/11/2026 09:55:50 - INFO - utils.trainer -   ***** Running evaluation on val dataset *****
08/11/2026 09:55:57 - INFO - utils.trainer -   Loss: 1.41541
08/11/2026 09:55:57 - INFO - utils.trainer -   AUC: 0.70185
08/11/2026 09:55:57 - INFO - utils.trainer -   Accuracy: 0.62231
08/11/2026 09:55:57 - INFO - utils.trainer -   Precision: 0.75000
08/11/2026 09:55:57 - INFO - utils.trainer -   Specificity: 0.82111
08/11/2026 09:55:57 - INFO - utils.trainer -   Sensitivity: 0.45409
08/11/2026 09:55:57 - INFO - utils.trainer -   Epoch: 15, Loss: 0.28869, Val loss: 1.41541, Val AUC: 0.7018, Best val AUC: 0.7445, No improve: 9/10, Time: 90.2s
08/11/2026 09:57:27 - INFO - utils.trainer -   ***** Running evaluation on val dataset *****
08/11/2026 09:57:34 - INFO - utils.trainer -   Loss: 1.22196
08/11/2026 09:57:34 - INFO - utils.trainer -   AUC: 0.69505
08/11/2026 09:57:34 - INFO - utils.trainer -   Accuracy: 0.63038
08/11/2026 09:57:34 - INFO - utils.trainer -   Precision: 0.70126
08/11/2026 09:57:34 - INFO - utils.trainer -   Specificity: 0.72141
08/11/2026 09:57:34 - INFO - utils.trainer -   Sensitivity: 0.55335
08/11/2026 09:57:34 - INFO - utils.trainer -   Epoch: 16, Loss: 0.24277, Val loss: 1.22196, Val AUC: 0.6951, Best val AUC: 0.7445, No improve: 10/10, Time: 90.3s
08/11/2026 09:57:34 - INFO - utils.trainer -   Early stopping triggered at epoch 16
08/11/2026 09:57:34 - INFO - utils.trainer -   Early stopping triggered at epoch 16
08/11/2026 09:57:34 - INFO - utils.trainer -   Early stopping triggered at epoch 16
08/11/2026 09:57:34 - INFO - utils.trainer -   Early stopping triggered at epoch 16
08/11/2026 09:57:34 - INFO - utils.trainer -   Early stopping triggered at epoch 16
08/11/2026 09:57:34 - INFO - utils.trainer -   Early stopping triggered at epoch 16
08/11/2026 09:57:35 - INFO - utils.trainer -     2 prompt-buffer key(s) skipped (kept target-dataset prompt)
08/11/2026 09:57:35 - INFO - utils.trainer -     646 keys not in checkpoint (kept from init)
08/11/2026 09:57:35 - INFO - utils.trainer -   Model loaded from output_dir/TimeLLM_DiseaseCAUEEG_train/TimeLLM-0.bin (85/87 keys)
08/11/2026 09:57:35 - INFO - utils.trainer -     2 prompt-buffer key(s) skipped (kept target-dataset prompt)
08/11/2026 09:57:35 - INFO - utils.trainer -     646 keys not in checkpoint (kept from init)
08/11/2026 09:57:35 - INFO - utils.trainer -   Model loaded from output_dir/TimeLLM_DiseaseCAUEEG_train/TimeLLM-0.bin (85/87 keys)
08/11/2026 09:57:35 - INFO - utils.trainer -   ***** Running evaluation on test dataset *****
08/11/2026 09:57:35 - INFO - utils.trainer -     2 prompt-buffer key(s) skipped (kept target-dataset prompt)
08/11/2026 09:57:35 - INFO - utils.trainer -     646 keys not in checkpoint (kept from init)
08/11/2026 09:57:35 - INFO - utils.trainer -   Model loaded from output_dir/TimeLLM_DiseaseCAUEEG_train/TimeLLM-0.bin (85/87 keys)
08/11/2026 09:57:35 - INFO - utils.trainer -     2 prompt-buffer key(s) skipped (kept target-dataset prompt)
08/11/2026 09:57:35 - INFO - utils.trainer -     646 keys not in checkpoint (kept from init)
08/11/2026 09:57:35 - INFO - utils.trainer -   Model loaded from output_dir/TimeLLM_DiseaseCAUEEG_train/TimeLLM-0.bin (85/87 keys)
08/11/2026 09:57:35 - INFO - utils.trainer -     2 prompt-buffer key(s) skipped (kept target-dataset prompt)
08/11/2026 09:57:35 - INFO - utils.trainer -     646 keys not in checkpoint (kept from init)
08/11/2026 09:57:35 - INFO - utils.trainer -   Model loaded from output_dir/TimeLLM_DiseaseCAUEEG_train/TimeLLM-0.bin (85/87 keys)
08/11/2026 09:57:35 - INFO - utils.trainer -     2 prompt-buffer key(s) skipped (kept target-dataset prompt)
08/11/2026 09:57:35 - INFO - utils.trainer -     646 keys not in checkpoint (kept from init)
08/11/2026 09:57:35 - INFO - utils.trainer -   Model loaded from output_dir/TimeLLM_DiseaseCAUEEG_train/TimeLLM-0.bin (85/87 keys)
08/11/2026 09:57:42 - INFO - utils.trainer -   Loss: 0.78241
08/11/2026 09:57:42 - INFO - utils.trainer -   AUC: 0.68578
08/11/2026 09:57:42 - INFO - utils.trainer -   Accuracy: 0.65385
08/11/2026 09:57:42 - INFO - utils.trainer -   Precision: 0.64198
08/11/2026 09:57:42 - INFO - utils.trainer -   Specificity: 0.80272
08/11/2026 09:57:42 - INFO - utils.trainer -   Sensitivity: 0.46018
08/11/2026 09:57:42 - INFO - utils.trainer -   === Best epoch test result ===
08/11/2026 09:57:42 - INFO - utils.trainer -     Loss: 0.78241
08/11/2026 09:57:42 - INFO - utils.trainer -     AUC: 0.68578
08/11/2026 09:57:42 - INFO - utils.trainer -     Accuracy: 0.65385
08/11/2026 09:57:42 - INFO - utils.trainer -     Precision: 0.64198
08/11/2026 09:57:42 - INFO - utils.trainer -     Specificity: 0.80272
08/11/2026 09:57:42 - INFO - utils.trainer -     Sensitivity: 0.46018
08/11/2026 09:57:43 - INFO - utils.trainer -   Model saved to output_dir/TimeLLM_DiseaseCAUEEG_train/final-epoch-200
08/11/2026 09:57:43 - INFO - utils.trainer -   Final model saved at epoch 200
