07/28/2026 21:48:18 - INFO - __main__ -   ########## Repeat:0 ##########
07/28/2026 21:48:18 - INFO - utils.trainer -   ***** Running training *****
07/28/2026 21:48:18 - INFO - utils.trainer -     Num examples = 288
07/28/2026 21:48:18 - INFO - utils.trainer -     Num Epochs = 200
07/28/2026 21:48:18 - INFO - utils.trainer -     Total train batch size = 3
07/28/2026 21:48:18 - INFO - utils.trainer -     warmup steps = 400
07/28/2026 21:48:18 - INFO - utils.trainer -     Total optimization steps = 57600
07/28/2026 21:48:18 - INFO - utils.trainer -     Save steps = 25
07/28/2026 21:50:04 - INFO - utils.trainer -   ***** Running evaluation on val dataset *****
07/28/2026 21:50:20 - INFO - utils.trainer -   Loss: 0.69688
07/28/2026 21:50:20 - INFO - utils.trainer -   AUC: 0.61637
07/28/2026 21:50:20 - INFO - utils.trainer -   Accuracy: 0.53559
07/28/2026 21:50:20 - INFO - utils.trainer -   Precision: 0.53559
07/28/2026 21:50:20 - INFO - utils.trainer -   Specificity: 0.00000
07/28/2026 21:50:20 - INFO - utils.trainer -   Sensitivity: 1.00000
07/28/2026 21:50:20 - INFO - utils.trainer -   Model saved to output_dir/TimeLLM
07/28/2026 21:50:20 - INFO - utils.trainer -   Best model saved (val_AUC=0.6164)
07/28/2026 21:50:20 - INFO - utils.trainer -   Epoch: 1, Loss: 0.86123, Val loss: 0.69688, Val AUC: 0.6164, Best val AUC: 0.6164, No improve: 0/10, Time: 106.4s
07/28/2026 21:52:07 - INFO - utils.trainer -   ***** Running evaluation on val dataset *****
07/28/2026 21:52:22 - INFO - utils.trainer -   Loss: 0.68199
07/28/2026 21:52:22 - INFO - utils.trainer -   AUC: 0.60582
07/28/2026 21:52:22 - INFO - utils.trainer -   Accuracy: 0.56163
07/28/2026 21:52:22 - INFO - utils.trainer -   Precision: 0.55773
07/28/2026 21:52:22 - INFO - utils.trainer -   Specificity: 0.19813
07/28/2026 21:52:22 - INFO - utils.trainer -   Sensitivity: 0.87682
07/28/2026 21:52:22 - INFO - utils.trainer -   Epoch: 2, Loss: 0.71644, Val loss: 0.68199, Val AUC: 0.6058, Best val AUC: 0.6164, No improve: 1/10, Time: 106.4s
07/28/2026 21:54:08 - INFO - utils.trainer -   ***** Running evaluation on val dataset *****
07/28/2026 21:54:24 - INFO - utils.trainer -   Loss: 0.70330
07/28/2026 21:54:24 - INFO - utils.trainer -   AUC: 0.64593
07/28/2026 21:54:24 - INFO - utils.trainer -   Accuracy: 0.53559
07/28/2026 21:54:24 - INFO - utils.trainer -   Precision: 0.53559
07/28/2026 21:54:24 - INFO - utils.trainer -   Specificity: 0.00000
07/28/2026 21:54:24 - INFO - utils.trainer -   Sensitivity: 1.00000
07/28/2026 21:54:24 - INFO - utils.trainer -   Model saved to output_dir/TimeLLM
07/28/2026 21:54:24 - INFO - utils.trainer -   Best model saved (val_AUC=0.6459)
07/28/2026 21:54:24 - INFO - utils.trainer -   Epoch: 3, Loss: 0.70371, Val loss: 0.70330, Val AUC: 0.6459, Best val AUC: 0.6459, No improve: 0/10, Time: 106.4s
07/28/2026 21:56:11 - INFO - utils.trainer -   ***** Running evaluation on val dataset *****
07/28/2026 21:56:26 - INFO - utils.trainer -   Loss: 0.67990
07/28/2026 21:56:26 - INFO - utils.trainer -   AUC: 0.60672
07/28/2026 21:56:26 - INFO - utils.trainer -   Accuracy: 0.56337
07/28/2026 21:56:26 - INFO - utils.trainer -   Precision: 0.62076
07/28/2026 21:56:26 - INFO - utils.trainer -   Specificity: 0.66542
07/28/2026 21:56:26 - INFO - utils.trainer -   Sensitivity: 0.47488
07/28/2026 21:56:26 - INFO - utils.trainer -   Epoch: 4, Loss: 0.72147, Val loss: 0.67990, Val AUC: 0.6067, Best val AUC: 0.6459, No improve: 1/10, Time: 106.4s
07/28/2026 21:58:13 - INFO - utils.trainer -   ***** Running evaluation on val dataset *****
07/28/2026 21:58:28 - INFO - utils.trainer -   Loss: 0.70393
07/28/2026 21:58:28 - INFO - utils.trainer -   AUC: 0.61591
07/28/2026 21:58:28 - INFO - utils.trainer -   Accuracy: 0.56250
07/28/2026 21:58:28 - INFO - utils.trainer -   Precision: 0.55491
07/28/2026 21:58:28 - INFO - utils.trainer -   Specificity: 0.14393
07/28/2026 21:58:28 - INFO - utils.trainer -   Sensitivity: 0.92545
07/28/2026 21:58:28 - INFO - utils.trainer -   Epoch: 5, Loss: 0.68044, Val loss: 0.70393, Val AUC: 0.6159, Best val AUC: 0.6459, No improve: 2/10, Time: 106.5s
07/28/2026 22:00:15 - INFO - utils.trainer -   ***** Running evaluation on val dataset *****
07/28/2026 22:00:30 - INFO - utils.trainer -   Loss: 0.77069
07/28/2026 22:00:30 - INFO - utils.trainer -   AUC: 0.65920
07/28/2026 22:00:30 - INFO - utils.trainer -   Accuracy: 0.56684
07/28/2026 22:00:30 - INFO - utils.trainer -   Precision: 0.56095
07/28/2026 22:00:30 - INFO - utils.trainer -   Specificity: 0.20561
07/28/2026 22:00:30 - INFO - utils.trainer -   Sensitivity: 0.88006
07/28/2026 22:00:31 - INFO - utils.trainer -   Model saved to output_dir/TimeLLM
07/28/2026 22:00:31 - INFO - utils.trainer -   Best model saved (val_AUC=0.6592)
07/28/2026 22:00:31 - INFO - utils.trainer -   Epoch: 6, Loss: 0.62511, Val loss: 0.77069, Val AUC: 0.6592, Best val AUC: 0.6592, No improve: 0/10, Time: 106.5s
07/28/2026 22:02:17 - INFO - utils.trainer -   ***** Running evaluation on val dataset *****
07/28/2026 22:02:32 - INFO - utils.trainer -   Loss: 0.77038
07/28/2026 22:02:32 - INFO - utils.trainer -   AUC: 0.67023
07/28/2026 22:02:32 - INFO - utils.trainer -   Accuracy: 0.58941
07/28/2026 22:02:32 - INFO - utils.trainer -   Precision: 0.57759
07/28/2026 22:02:32 - INFO - utils.trainer -   Specificity: 0.26729
07/28/2026 22:02:32 - INFO - utils.trainer -   Sensitivity: 0.86872
07/28/2026 22:02:33 - INFO - utils.trainer -   Model saved to output_dir/TimeLLM
07/28/2026 22:02:33 - INFO - utils.trainer -   Best model saved (val_AUC=0.6702)
07/28/2026 22:02:33 - INFO - utils.trainer -   Epoch: 7, Loss: 0.59817, Val loss: 0.77038, Val AUC: 0.6702, Best val AUC: 0.6702, No improve: 0/10, Time: 106.2s
07/28/2026 22:04:19 - INFO - utils.trainer -   ***** Running evaluation on val dataset *****
07/28/2026 22:04:35 - INFO - utils.trainer -   Loss: 0.74312
07/28/2026 22:04:35 - INFO - utils.trainer -   AUC: 0.67673
07/28/2026 22:04:35 - INFO - utils.trainer -   Accuracy: 0.60156
07/28/2026 22:04:35 - INFO - utils.trainer -   Precision: 0.75817
07/28/2026 22:04:35 - INFO - utils.trainer -   Specificity: 0.86168
07/28/2026 22:04:35 - INFO - utils.trainer -   Sensitivity: 0.37601
07/28/2026 22:04:35 - INFO - utils.trainer -   Model saved to output_dir/TimeLLM
07/28/2026 22:04:35 - INFO - utils.trainer -   Best model saved (val_AUC=0.6767)
07/28/2026 22:04:35 - INFO - utils.trainer -   Epoch: 8, Loss: 0.58030, Val loss: 0.74312, Val AUC: 0.6767, Best val AUC: 0.6767, No improve: 0/10, Time: 106.2s
07/28/2026 22:06:21 - INFO - utils.trainer -   ***** Running evaluation on val dataset *****
07/28/2026 22:06:37 - INFO - utils.trainer -   Loss: 0.71797
07/28/2026 22:06:37 - INFO - utils.trainer -   AUC: 0.67936
07/28/2026 22:06:37 - INFO - utils.trainer -   Accuracy: 0.59722
07/28/2026 22:06:37 - INFO - utils.trainer -   Precision: 0.58567
07/28/2026 22:06:37 - INFO - utils.trainer -   Specificity: 0.30841
07/28/2026 22:06:37 - INFO - utils.trainer -   Sensitivity: 0.84765
07/28/2026 22:06:37 - INFO - utils.trainer -   Model saved to output_dir/TimeLLM
07/28/2026 22:06:37 - INFO - utils.trainer -   Best model saved (val_AUC=0.6794)
07/28/2026 22:06:37 - INFO - utils.trainer -   Epoch: 9, Loss: 0.56480, Val loss: 0.71797, Val AUC: 0.6794, Best val AUC: 0.6794, No improve: 0/10, Time: 106.2s
07/28/2026 22:08:23 - INFO - utils.trainer -   ***** Running evaluation on val dataset *****
07/28/2026 22:08:39 - INFO - utils.trainer -   Loss: 0.69276
07/28/2026 22:08:39 - INFO - utils.trainer -   AUC: 0.67912
07/28/2026 22:08:39 - INFO - utils.trainer -   Accuracy: 0.63281
07/28/2026 22:08:39 - INFO - utils.trainer -   Precision: 0.64223
07/28/2026 22:08:39 - INFO - utils.trainer -   Specificity: 0.54393
07/28/2026 22:08:39 - INFO - utils.trainer -   Sensitivity: 0.70989
07/28/2026 22:08:39 - INFO - utils.trainer -   Epoch: 10, Loss: 0.56163, Val loss: 0.69276, Val AUC: 0.6791, Best val AUC: 0.6794, No improve: 1/10, Time: 106.2s
07/28/2026 22:10:25 - INFO - utils.trainer -   ***** Running evaluation on val dataset *****
07/28/2026 22:10:41 - INFO - utils.trainer -   Loss: 0.72026
07/28/2026 22:10:41 - INFO - utils.trainer -   AUC: 0.68568
07/28/2026 22:10:41 - INFO - utils.trainer -   Accuracy: 0.64670
07/28/2026 22:10:41 - INFO - utils.trainer -   Precision: 0.71341
07/28/2026 22:10:41 - INFO - utils.trainer -   Specificity: 0.73645
07/28/2026 22:10:41 - INFO - utils.trainer -   Sensitivity: 0.56888
07/28/2026 22:10:41 - INFO - utils.trainer -   Model saved to output_dir/TimeLLM
07/28/2026 22:10:41 - INFO - utils.trainer -   Best model saved (val_AUC=0.6857)
07/28/2026 22:10:41 - INFO - utils.trainer -   Epoch: 11, Loss: 0.56363, Val loss: 0.72026, Val AUC: 0.6857, Best val AUC: 0.6857, No improve: 0/10, Time: 106.3s
07/28/2026 22:12:27 - INFO - utils.trainer -   ***** Running evaluation on val dataset *****
07/28/2026 22:12:43 - INFO - utils.trainer -   Loss: 0.72749
07/28/2026 22:12:43 - INFO - utils.trainer -   AUC: 0.69045
07/28/2026 22:12:43 - INFO - utils.trainer -   Accuracy: 0.62500
07/28/2026 22:12:43 - INFO - utils.trainer -   Precision: 0.71462
07/28/2026 22:12:43 - INFO - utils.trainer -   Specificity: 0.77009
07/28/2026 22:12:43 - INFO - utils.trainer -   Sensitivity: 0.49919
07/28/2026 22:12:43 - INFO - utils.trainer -   Model saved to output_dir/TimeLLM
07/28/2026 22:12:43 - INFO - utils.trainer -   Best model saved (val_AUC=0.6904)
07/28/2026 22:12:43 - INFO - utils.trainer -   Epoch: 12, Loss: 0.53955, Val loss: 0.72749, Val AUC: 0.6904, Best val AUC: 0.6904, No improve: 0/10, Time: 106.3s
07/28/2026 22:14:31 - INFO - utils.trainer -   ***** Running evaluation on val dataset *****
07/28/2026 22:14:46 - INFO - utils.trainer -   Loss: 0.67929
07/28/2026 22:14:46 - INFO - utils.trainer -   AUC: 0.67694
07/28/2026 22:14:46 - INFO - utils.trainer -   Accuracy: 0.63455
07/28/2026 22:14:46 - INFO - utils.trainer -   Precision: 0.64327
07/28/2026 22:14:46 - INFO - utils.trainer -   Specificity: 0.54393
07/28/2026 22:14:46 - INFO - utils.trainer -   Sensitivity: 0.71313
07/28/2026 22:14:46 - INFO - utils.trainer -   Epoch: 13, Loss: 0.50842, Val loss: 0.67929, Val AUC: 0.6769, Best val AUC: 0.6904, No improve: 1/10, Time: 107.4s
07/28/2026 22:16:33 - INFO - utils.trainer -   ***** Running evaluation on val dataset *****
07/28/2026 22:16:48 - INFO - utils.trainer -   Loss: 0.71510
07/28/2026 22:16:48 - INFO - utils.trainer -   AUC: 0.68531
07/28/2026 22:16:48 - INFO - utils.trainer -   Accuracy: 0.61372
07/28/2026 22:16:48 - INFO - utils.trainer -   Precision: 0.60617
07/28/2026 22:16:48 - INFO - utils.trainer -   Specificity: 0.40374
07/28/2026 22:16:48 - INFO - utils.trainer -   Sensitivity: 0.79579
07/28/2026 22:16:48 - INFO - utils.trainer -   Epoch: 14, Loss: 0.49998, Val loss: 0.71510, Val AUC: 0.6853, Best val AUC: 0.6904, No improve: 2/10, Time: 106.2s
07/28/2026 22:18:34 - INFO - utils.trainer -   ***** Running evaluation on val dataset *****
07/28/2026 22:18:50 - INFO - utils.trainer -   Loss: 0.72174
07/28/2026 22:18:50 - INFO - utils.trainer -   AUC: 0.67180
07/28/2026 22:18:50 - INFO - utils.trainer -   Accuracy: 0.63802
07/28/2026 22:18:50 - INFO - utils.trainer -   Precision: 0.66026
07/28/2026 22:18:50 - INFO - utils.trainer -   Specificity: 0.60374
07/28/2026 22:18:50 - INFO - utils.trainer -   Sensitivity: 0.66775
07/28/2026 22:18:50 - INFO - utils.trainer -   Epoch: 15, Loss: 0.51051, Val loss: 0.72174, Val AUC: 0.6718, Best val AUC: 0.6904, No improve: 3/10, Time: 106.4s
07/28/2026 22:20:36 - INFO - utils.trainer -   ***** Running evaluation on val dataset *****
07/28/2026 22:20:51 - INFO - utils.trainer -   Loss: 0.68528
07/28/2026 22:20:51 - INFO - utils.trainer -   AUC: 0.70150
07/28/2026 22:20:51 - INFO - utils.trainer -   Accuracy: 0.65191
07/28/2026 22:20:51 - INFO - utils.trainer -   Precision: 0.65211
07/28/2026 22:20:51 - INFO - utils.trainer -   Specificity: 0.53832
07/28/2026 22:20:51 - INFO - utils.trainer -   Sensitivity: 0.75041
07/28/2026 22:20:52 - INFO - utils.trainer -   Model saved to output_dir/TimeLLM
07/28/2026 22:20:52 - INFO - utils.trainer -   Best model saved (val_AUC=0.7015)
07/28/2026 22:20:52 - INFO - utils.trainer -   Epoch: 16, Loss: 0.50782, Val loss: 0.68528, Val AUC: 0.7015, Best val AUC: 0.7015, No improve: 0/10, Time: 106.3s
07/28/2026 22:22:38 - INFO - utils.trainer -   ***** Running evaluation on val dataset *****
07/28/2026 22:22:54 - INFO - utils.trainer -   Loss: 0.73499
07/28/2026 22:22:54 - INFO - utils.trainer -   AUC: 0.67094
07/28/2026 22:22:54 - INFO - utils.trainer -   Accuracy: 0.62326
07/28/2026 22:22:54 - INFO - utils.trainer -   Precision: 0.69182
07/28/2026 22:22:54 - INFO - utils.trainer -   Specificity: 0.72523
07/28/2026 22:22:54 - INFO - utils.trainer -   Sensitivity: 0.53485
07/28/2026 22:22:54 - INFO - utils.trainer -   Epoch: 17, Loss: 0.49341, Val loss: 0.73499, Val AUC: 0.6709, Best val AUC: 0.7015, No improve: 1/10, Time: 106.4s
07/28/2026 22:24:40 - INFO - utils.trainer -   ***** Running evaluation on val dataset *****
07/28/2026 22:24:56 - INFO - utils.trainer -   Loss: 0.68962
07/28/2026 22:24:56 - INFO - utils.trainer -   AUC: 0.68753
07/28/2026 22:24:56 - INFO - utils.trainer -   Accuracy: 0.62934
07/28/2026 22:24:56 - INFO - utils.trainer -   Precision: 0.64706
07/28/2026 22:24:56 - INFO - utils.trainer -   Specificity: 0.57383
07/28/2026 22:24:56 - INFO - utils.trainer -   Sensitivity: 0.67747
07/28/2026 22:24:56 - INFO - utils.trainer -   Epoch: 18, Loss: 0.46800, Val loss: 0.68962, Val AUC: 0.6875, Best val AUC: 0.7015, No improve: 2/10, Time: 106.5s
07/28/2026 22:26:42 - INFO - utils.trainer -   ***** Running evaluation on val dataset *****
07/28/2026 22:26:58 - INFO - utils.trainer -   Loss: 0.74010
07/28/2026 22:26:58 - INFO - utils.trainer -   AUC: 0.68216
07/28/2026 22:26:58 - INFO - utils.trainer -   Accuracy: 0.63455
07/28/2026 22:26:58 - INFO - utils.trainer -   Precision: 0.67500
07/28/2026 22:26:58 - INFO - utils.trainer -   Specificity: 0.65981
07/28/2026 22:26:58 - INFO - utils.trainer -   Sensitivity: 0.61264
07/28/2026 22:26:58 - INFO - utils.trainer -   Epoch: 19, Loss: 0.45813, Val loss: 0.74010, Val AUC: 0.6822, Best val AUC: 0.7015, No improve: 3/10, Time: 106.4s
07/28/2026 22:28:44 - INFO - utils.trainer -   ***** Running evaluation on val dataset *****
07/28/2026 22:29:00 - INFO - utils.trainer -   Loss: 0.74685
07/28/2026 22:29:00 - INFO - utils.trainer -   AUC: 0.68762
07/28/2026 22:29:00 - INFO - utils.trainer -   Accuracy: 0.64062
07/28/2026 22:29:00 - INFO - utils.trainer -   Precision: 0.69187
07/28/2026 22:29:00 - INFO - utils.trainer -   Specificity: 0.69533
07/28/2026 22:29:00 - INFO - utils.trainer -   Sensitivity: 0.59319
07/28/2026 22:29:00 - INFO - utils.trainer -   Epoch: 20, Loss: 0.48416, Val loss: 0.74685, Val AUC: 0.6876, Best val AUC: 0.7015, No improve: 4/10, Time: 106.3s
07/28/2026 22:30:47 - INFO - utils.trainer -   ***** Running evaluation on val dataset *****
07/28/2026 22:31:02 - INFO - utils.trainer -   Loss: 0.84897
07/28/2026 22:31:02 - INFO - utils.trainer -   AUC: 0.66216
07/28/2026 22:31:02 - INFO - utils.trainer -   Accuracy: 0.59809
07/28/2026 22:31:02 - INFO - utils.trainer -   Precision: 0.59483
07/28/2026 22:31:02 - INFO - utils.trainer -   Specificity: 0.38505
07/28/2026 22:31:02 - INFO - utils.trainer -   Sensitivity: 0.78282
07/28/2026 22:31:02 - INFO - utils.trainer -   Epoch: 21, Loss: 0.46450, Val loss: 0.84897, Val AUC: 0.6622, Best val AUC: 0.7015, No improve: 5/10, Time: 106.9s
07/28/2026 22:32:48 - INFO - utils.trainer -   ***** Running evaluation on val dataset *****
07/28/2026 22:33:04 - INFO - utils.trainer -   Loss: 0.78347
07/28/2026 22:33:04 - INFO - utils.trainer -   AUC: 0.67283
07/28/2026 22:33:04 - INFO - utils.trainer -   Accuracy: 0.61806
07/28/2026 22:33:04 - INFO - utils.trainer -   Precision: 0.61021
07/28/2026 22:33:04 - INFO - utils.trainer -   Specificity: 0.41495
07/28/2026 22:33:04 - INFO - utils.trainer -   Sensitivity: 0.79417
07/28/2026 22:33:04 - INFO - utils.trainer -   Epoch: 22, Loss: 0.46582, Val loss: 0.78347, Val AUC: 0.6728, Best val AUC: 0.7015, No improve: 6/10, Time: 106.2s
07/28/2026 22:34:50 - INFO - utils.trainer -   ***** Running evaluation on val dataset *****
07/28/2026 22:35:06 - INFO - utils.trainer -   Loss: 0.81632
07/28/2026 22:35:06 - INFO - utils.trainer -   AUC: 0.66844
07/28/2026 22:35:06 - INFO - utils.trainer -   Accuracy: 0.62326
07/28/2026 22:35:06 - INFO - utils.trainer -   Precision: 0.64230
07/28/2026 22:35:06 - INFO - utils.trainer -   Specificity: 0.57009
07/28/2026 22:35:06 - INFO - utils.trainer -   Sensitivity: 0.66937
07/28/2026 22:35:06 - INFO - utils.trainer -   Epoch: 23, Loss: 0.43810, Val loss: 0.81632, Val AUC: 0.6684, Best val AUC: 0.7015, No improve: 7/10, Time: 106.3s
07/28/2026 22:36:52 - INFO - utils.trainer -   ***** Running evaluation on val dataset *****
07/28/2026 22:37:07 - INFO - utils.trainer -   Loss: 0.79636
07/28/2026 22:37:07 - INFO - utils.trainer -   AUC: 0.66604
07/28/2026 22:37:07 - INFO - utils.trainer -   Accuracy: 0.61545
07/28/2026 22:37:07 - INFO - utils.trainer -   Precision: 0.62832
07/28/2026 22:37:07 - INFO - utils.trainer -   Specificity: 0.52897
07/28/2026 22:37:07 - INFO - utils.trainer -   Sensitivity: 0.69044
07/28/2026 22:37:07 - INFO - utils.trainer -   Epoch: 24, Loss: 0.38931, Val loss: 0.79636, Val AUC: 0.6660, Best val AUC: 0.7015, No improve: 8/10, Time: 106.5s
07/28/2026 22:38:54 - INFO - utils.trainer -   ***** Running evaluation on val dataset *****
07/28/2026 22:39:09 - INFO - utils.trainer -   Loss: 0.83869
07/28/2026 22:39:09 - INFO - utils.trainer -   AUC: 0.66310
07/28/2026 22:39:09 - INFO - utils.trainer -   Accuracy: 0.61458
07/28/2026 22:39:09 - INFO - utils.trainer -   Precision: 0.66862
07/28/2026 22:39:09 - INFO - utils.trainer -   Specificity: 0.68224
07/28/2026 22:39:09 - INFO - utils.trainer -   Sensitivity: 0.55592
07/28/2026 22:39:10 - INFO - utils.trainer -   Model saved to output_dir/TimeLLM/checkpoint-epoch-25
07/28/2026 22:39:10 - INFO - utils.trainer -   Checkpoint saved at epoch 25
07/28/2026 22:39:10 - INFO - utils.trainer -   Epoch: 25, Loss: 0.42605, Val loss: 0.83869, Val AUC: 0.6631, Best val AUC: 0.7015, No improve: 9/10, Time: 106.4s
07/28/2026 22:40:56 - INFO - utils.trainer -   ***** Running evaluation on val dataset *****
07/28/2026 22:41:12 - INFO - utils.trainer -   Loss: 0.85343
07/28/2026 22:41:12 - INFO - utils.trainer -   AUC: 0.66082
07/28/2026 22:41:12 - INFO - utils.trainer -   Accuracy: 0.61545
07/28/2026 22:41:12 - INFO - utils.trainer -   Precision: 0.65317
07/28/2026 22:41:12 - INFO - utils.trainer -   Specificity: 0.63178
07/28/2026 22:41:12 - INFO - utils.trainer -   Sensitivity: 0.60130
07/28/2026 22:41:12 - INFO - utils.trainer -   Epoch: 26, Loss: 0.40458, Val loss: 0.85343, Val AUC: 0.6608, Best val AUC: 0.7015, No improve: 10/10, Time: 106.4s
07/28/2026 22:41:12 - INFO - utils.trainer -   Early stopping triggered at epoch 26
07/28/2026 22:41:12 - INFO - utils.trainer -   Early stopping triggered at epoch 26
07/28/2026 22:41:12 - INFO - utils.trainer -   Early stopping triggered at epoch 26
07/28/2026 22:41:12 - INFO - utils.trainer -   Early stopping triggered at epoch 26
07/28/2026 22:41:12 - INFO - utils.trainer -     582 keys not in checkpoint (kept from init)
07/28/2026 22:41:12 - INFO - utils.trainer -   Model loaded from output_dir/TimeLLM/TimeLLM-0.bin (25/25 keys)
07/28/2026 22:41:12 - INFO - utils.trainer -     582 keys not in checkpoint (kept from init)
07/28/2026 22:41:12 - INFO - utils.trainer -   Model loaded from output_dir/TimeLLM/TimeLLM-0.bin (25/25 keys)
07/28/2026 22:41:12 - INFO - utils.trainer -     582 keys not in checkpoint (kept from init)
07/28/2026 22:41:12 - INFO - utils.trainer -   Model loaded from output_dir/TimeLLM/TimeLLM-0.bin (25/25 keys)
07/28/2026 22:41:12 - INFO - utils.trainer -     582 keys not in checkpoint (kept from init)
07/28/2026 22:41:12 - INFO - utils.trainer -   Model loaded from output_dir/TimeLLM/TimeLLM-0.bin (25/25 keys)
07/28/2026 22:41:12 - INFO - utils.trainer -   ***** Running evaluation on test dataset *****
07/28/2026 22:41:27 - INFO - utils.trainer -   Loss: 0.63988
07/28/2026 22:41:27 - INFO - utils.trainer -   AUC: 0.73617
07/28/2026 22:41:27 - INFO - utils.trainer -   Accuracy: 0.67719
07/28/2026 22:41:27 - INFO - utils.trainer -   Precision: 0.67949
07/28/2026 22:41:27 - INFO - utils.trainer -   Specificity: 0.49187
07/28/2026 22:41:27 - INFO - utils.trainer -   Sensitivity: 0.81790
07/28/2026 22:41:27 - INFO - utils.trainer -   === Best epoch test result ===
07/28/2026 22:41:27 - INFO - utils.trainer -     Loss: 0.63988
07/28/2026 22:41:27 - INFO - utils.trainer -     AUC: 0.73617
07/28/2026 22:41:27 - INFO - utils.trainer -     Accuracy: 0.67719
07/28/2026 22:41:27 - INFO - utils.trainer -     Precision: 0.67949
07/28/2026 22:41:27 - INFO - utils.trainer -     Specificity: 0.49187
07/28/2026 22:41:27 - INFO - utils.trainer -     Sensitivity: 0.81790
07/28/2026 22:41:28 - INFO - utils.trainer -   Model saved to output_dir/TimeLLM/final-epoch-200
07/28/2026 22:41:28 - INFO - utils.trainer -   Final model saved at epoch 200
