07/28/2026 19:38:44 - INFO - __main__ -   ########## Repeat:0 ##########
07/28/2026 19:38:44 - INFO - utils.trainer -   ***** Running training *****
07/28/2026 19:38:44 - INFO - utils.trainer -     Num examples = 288
07/28/2026 19:38:44 - INFO - utils.trainer -     Num Epochs = 200
07/28/2026 19:38:44 - INFO - utils.trainer -     Total train batch size = 3
07/28/2026 19:38:44 - INFO - utils.trainer -     warmup steps = 400
07/28/2026 19:38:44 - INFO - utils.trainer -     Total optimization steps = 57600
07/28/2026 19:38:44 - INFO - utils.trainer -     Save steps = 25
07/28/2026 19:39:58 - INFO - utils.trainer -   ***** Running evaluation on val dataset *****
07/28/2026 19:40:10 - INFO - utils.trainer -   Loss: 0.68209
07/28/2026 19:40:10 - INFO - utils.trainer -   AUC: 0.63962
07/28/2026 19:40:10 - INFO - utils.trainer -   Accuracy: 0.56944
07/28/2026 19:40:10 - INFO - utils.trainer -   Precision: 0.56008
07/28/2026 19:40:10 - INFO - utils.trainer -   Specificity: 0.17196
07/28/2026 19:40:10 - INFO - utils.trainer -   Sensitivity: 0.91410
07/28/2026 19:40:10 - INFO - utils.trainer -   Model saved to output_dir/TimeLLM
07/28/2026 19:40:10 - INFO - utils.trainer -   Best model saved (val_AUC=0.6396)
07/28/2026 19:40:10 - INFO - utils.trainer -   Epoch: 1, Loss: 0.73602, Val loss: 0.68209, Val AUC: 0.6396, Best val AUC: 0.6396, No improve: 0/10, Time: 74.7s
07/28/2026 19:41:25 - INFO - utils.trainer -   ***** Running evaluation on val dataset *****
07/28/2026 19:41:36 - INFO - utils.trainer -   Loss: 0.67954
07/28/2026 19:41:36 - INFO - utils.trainer -   AUC: 0.66069
07/28/2026 19:41:36 - INFO - utils.trainer -   Accuracy: 0.53819
07/28/2026 19:41:36 - INFO - utils.trainer -   Precision: 0.53712
07/28/2026 19:41:36 - INFO - utils.trainer -   Specificity: 0.00935
07/28/2026 19:41:36 - INFO - utils.trainer -   Sensitivity: 0.99676
07/28/2026 19:41:36 - INFO - utils.trainer -   Model saved to output_dir/TimeLLM
07/28/2026 19:41:36 - INFO - utils.trainer -   Best model saved (val_AUC=0.6607)
07/28/2026 19:41:36 - INFO - utils.trainer -   Epoch: 2, Loss: 0.70928, Val loss: 0.67954, Val AUC: 0.6607, Best val AUC: 0.6607, No improve: 0/10, Time: 74.5s
07/28/2026 19:42:51 - INFO - utils.trainer -   ***** Running evaluation on val dataset *****
07/28/2026 19:43:02 - INFO - utils.trainer -   Loss: 0.69669
07/28/2026 19:43:02 - INFO - utils.trainer -   AUC: 0.64378
07/28/2026 19:43:02 - INFO - utils.trainer -   Accuracy: 0.53906
07/28/2026 19:43:02 - INFO - utils.trainer -   Precision: 0.69545
07/28/2026 19:43:02 - INFO - utils.trainer -   Specificity: 0.87477
07/28/2026 19:43:02 - INFO - utils.trainer -   Sensitivity: 0.24797
07/28/2026 19:43:02 - INFO - utils.trainer -   Epoch: 3, Loss: 0.66861, Val loss: 0.69669, Val AUC: 0.6438, Best val AUC: 0.6607, No improve: 1/10, Time: 74.2s
07/28/2026 19:44:16 - INFO - utils.trainer -   ***** Running evaluation on val dataset *****
07/28/2026 19:44:28 - INFO - utils.trainer -   Loss: 0.70529
07/28/2026 19:44:28 - INFO - utils.trainer -   AUC: 0.66038
07/28/2026 19:44:28 - INFO - utils.trainer -   Accuracy: 0.57639
07/28/2026 19:44:28 - INFO - utils.trainer -   Precision: 0.71717
07/28/2026 19:44:28 - INFO - utils.trainer -   Specificity: 0.84299
07/28/2026 19:44:28 - INFO - utils.trainer -   Sensitivity: 0.34522
07/28/2026 19:44:28 - INFO - utils.trainer -   Epoch: 4, Loss: 0.67286, Val loss: 0.70529, Val AUC: 0.6604, Best val AUC: 0.6607, No improve: 2/10, Time: 74.4s
07/28/2026 19:45:43 - INFO - utils.trainer -   ***** Running evaluation on val dataset *****
07/28/2026 19:45:55 - INFO - utils.trainer -   Loss: 0.65502
07/28/2026 19:45:55 - INFO - utils.trainer -   AUC: 0.68104
07/28/2026 19:45:55 - INFO - utils.trainer -   Accuracy: 0.62240
07/28/2026 19:45:55 - INFO - utils.trainer -   Precision: 0.71770
07/28/2026 19:45:55 - INFO - utils.trainer -   Specificity: 0.77944
07/28/2026 19:45:55 - INFO - utils.trainer -   Sensitivity: 0.48622
07/28/2026 19:45:55 - INFO - utils.trainer -   Model saved to output_dir/TimeLLM
07/28/2026 19:45:55 - INFO - utils.trainer -   Best model saved (val_AUC=0.6810)
07/28/2026 19:45:55 - INFO - utils.trainer -   Epoch: 5, Loss: 0.63938, Val loss: 0.65502, Val AUC: 0.6810, Best val AUC: 0.6810, No improve: 0/10, Time: 75.3s
07/28/2026 19:47:09 - INFO - utils.trainer -   ***** Running evaluation on val dataset *****
07/28/2026 19:47:21 - INFO - utils.trainer -   Loss: 0.80875
07/28/2026 19:47:21 - INFO - utils.trainer -   AUC: 0.66109
07/28/2026 19:47:21 - INFO - utils.trainer -   Accuracy: 0.53819
07/28/2026 19:47:21 - INFO - utils.trainer -   Precision: 0.53832
07/28/2026 19:47:21 - INFO - utils.trainer -   Specificity: 0.04299
07/28/2026 19:47:21 - INFO - utils.trainer -   Sensitivity: 0.96759
07/28/2026 19:47:21 - INFO - utils.trainer -   Epoch: 6, Loss: 0.65003, Val loss: 0.80875, Val AUC: 0.6611, Best val AUC: 0.6810, No improve: 1/10, Time: 74.3s
07/28/2026 19:48:35 - INFO - utils.trainer -   ***** Running evaluation on val dataset *****
07/28/2026 19:48:47 - INFO - utils.trainer -   Loss: 0.65556
07/28/2026 19:48:47 - INFO - utils.trainer -   AUC: 0.67658
07/28/2026 19:48:47 - INFO - utils.trainer -   Accuracy: 0.63976
07/28/2026 19:48:47 - INFO - utils.trainer -   Precision: 0.69650
07/28/2026 19:48:47 - INFO - utils.trainer -   Specificity: 0.70841
07/28/2026 19:48:47 - INFO - utils.trainer -   Sensitivity: 0.58023
07/28/2026 19:48:47 - INFO - utils.trainer -   Epoch: 7, Loss: 0.66712, Val loss: 0.65556, Val AUC: 0.6766, Best val AUC: 0.6810, No improve: 2/10, Time: 74.5s
07/28/2026 19:50:01 - INFO - utils.trainer -   ***** Running evaluation on val dataset *****
07/28/2026 19:50:12 - INFO - utils.trainer -   Loss: 0.65701
07/28/2026 19:50:12 - INFO - utils.trainer -   AUC: 0.68229
07/28/2026 19:50:12 - INFO - utils.trainer -   Accuracy: 0.63021
07/28/2026 19:50:12 - INFO - utils.trainer -   Precision: 0.61747
07/28/2026 19:50:12 - INFO - utils.trainer -   Specificity: 0.41869
07/28/2026 19:50:12 - INFO - utils.trainer -   Sensitivity: 0.81361
07/28/2026 19:50:13 - INFO - utils.trainer -   Model saved to output_dir/TimeLLM
07/28/2026 19:50:13 - INFO - utils.trainer -   Best model saved (val_AUC=0.6823)
07/28/2026 19:50:13 - INFO - utils.trainer -   Epoch: 8, Loss: 0.62729, Val loss: 0.65701, Val AUC: 0.6823, Best val AUC: 0.6823, No improve: 0/10, Time: 74.3s
07/28/2026 19:51:28 - INFO - utils.trainer -   ***** Running evaluation on val dataset *****
07/28/2026 19:51:39 - INFO - utils.trainer -   Loss: 0.69480
07/28/2026 19:51:39 - INFO - utils.trainer -   AUC: 0.66448
07/28/2026 19:51:39 - INFO - utils.trainer -   Accuracy: 0.57292
07/28/2026 19:51:39 - INFO - utils.trainer -   Precision: 0.56384
07/28/2026 19:51:39 - INFO - utils.trainer -   Specificity: 0.20187
07/28/2026 19:51:39 - INFO - utils.trainer -   Sensitivity: 0.89465
07/28/2026 19:51:39 - INFO - utils.trainer -   Epoch: 9, Loss: 0.60725, Val loss: 0.69480, Val AUC: 0.6645, Best val AUC: 0.6823, No improve: 1/10, Time: 74.7s
07/28/2026 19:52:53 - INFO - utils.trainer -   ***** Running evaluation on val dataset *****
07/28/2026 19:53:05 - INFO - utils.trainer -   Loss: 0.66529
07/28/2026 19:53:05 - INFO - utils.trainer -   AUC: 0.68538
07/28/2026 19:53:05 - INFO - utils.trainer -   Accuracy: 0.63108
07/28/2026 19:53:05 - INFO - utils.trainer -   Precision: 0.61215
07/28/2026 19:53:05 - INFO - utils.trainer -   Specificity: 0.37944
07/28/2026 19:53:05 - INFO - utils.trainer -   Sensitivity: 0.84927
07/28/2026 19:53:05 - INFO - utils.trainer -   Model saved to output_dir/TimeLLM
07/28/2026 19:53:05 - INFO - utils.trainer -   Best model saved (val_AUC=0.6854)
07/28/2026 19:53:05 - INFO - utils.trainer -   Epoch: 10, Loss: 0.63240, Val loss: 0.66529, Val AUC: 0.6854, Best val AUC: 0.6854, No improve: 0/10, Time: 74.3s
07/28/2026 19:54:20 - INFO - utils.trainer -   ***** Running evaluation on val dataset *****
07/28/2026 19:54:31 - INFO - utils.trainer -   Loss: 0.67210
07/28/2026 19:54:31 - INFO - utils.trainer -   AUC: 0.67040
07/28/2026 19:54:31 - INFO - utils.trainer -   Accuracy: 0.63715
07/28/2026 19:54:31 - INFO - utils.trainer -   Precision: 0.69548
07/28/2026 19:54:31 - INFO - utils.trainer -   Specificity: 0.71028
07/28/2026 19:54:31 - INFO - utils.trainer -   Sensitivity: 0.57374
07/28/2026 19:54:31 - INFO - utils.trainer -   Epoch: 11, Loss: 0.62728, Val loss: 0.67210, Val AUC: 0.6704, Best val AUC: 0.6854, No improve: 1/10, Time: 74.4s
07/28/2026 19:55:46 - INFO - utils.trainer -   ***** Running evaluation on val dataset *****
07/28/2026 19:55:57 - INFO - utils.trainer -   Loss: 0.65554
07/28/2026 19:55:57 - INFO - utils.trainer -   AUC: 0.69232
07/28/2026 19:55:57 - INFO - utils.trainer -   Accuracy: 0.65365
07/28/2026 19:55:57 - INFO - utils.trainer -   Precision: 0.66616
07/28/2026 19:55:57 - INFO - utils.trainer -   Specificity: 0.59065
07/28/2026 19:55:57 - INFO - utils.trainer -   Sensitivity: 0.70827
07/28/2026 19:55:58 - INFO - utils.trainer -   Model saved to output_dir/TimeLLM
07/28/2026 19:55:58 - INFO - utils.trainer -   Best model saved (val_AUC=0.6923)
07/28/2026 19:55:58 - INFO - utils.trainer -   Epoch: 12, Loss: 0.59563, Val loss: 0.65554, Val AUC: 0.6923, Best val AUC: 0.6923, No improve: 0/10, Time: 74.4s
07/28/2026 19:57:13 - INFO - utils.trainer -   ***** Running evaluation on val dataset *****
07/28/2026 19:57:25 - INFO - utils.trainer -   Loss: 0.67442
07/28/2026 19:57:25 - INFO - utils.trainer -   AUC: 0.65749
07/28/2026 19:57:25 - INFO - utils.trainer -   Accuracy: 0.61285
07/28/2026 19:57:25 - INFO - utils.trainer -   Precision: 0.60674
07/28/2026 19:57:25 - INFO - utils.trainer -   Specificity: 0.41121
07/28/2026 19:57:25 - INFO - utils.trainer -   Sensitivity: 0.78768
07/28/2026 19:57:25 - INFO - utils.trainer -   Epoch: 13, Loss: 0.57506, Val loss: 0.67442, Val AUC: 0.6575, Best val AUC: 0.6923, No improve: 1/10, Time: 75.5s
07/28/2026 19:58:39 - INFO - utils.trainer -   ***** Running evaluation on val dataset *****
07/28/2026 19:58:50 - INFO - utils.trainer -   Loss: 0.70093
07/28/2026 19:58:50 - INFO - utils.trainer -   AUC: 0.67117
07/28/2026 19:58:50 - INFO - utils.trainer -   Accuracy: 0.59635
07/28/2026 19:58:50 - INFO - utils.trainer -   Precision: 0.58225
07/28/2026 19:58:50 - INFO - utils.trainer -   Specificity: 0.27850
07/28/2026 19:58:50 - INFO - utils.trainer -   Sensitivity: 0.87196
07/28/2026 19:58:50 - INFO - utils.trainer -   Epoch: 14, Loss: 0.58454, Val loss: 0.70093, Val AUC: 0.6712, Best val AUC: 0.6923, No improve: 2/10, Time: 74.4s
07/28/2026 20:00:05 - INFO - utils.trainer -   ***** Running evaluation on val dataset *****
07/28/2026 20:00:16 - INFO - utils.trainer -   Loss: 0.64872
07/28/2026 20:00:16 - INFO - utils.trainer -   AUC: 0.69108
07/28/2026 20:00:16 - INFO - utils.trainer -   Accuracy: 0.62587
07/28/2026 20:00:16 - INFO - utils.trainer -   Precision: 0.62237
07/28/2026 20:00:16 - INFO - utils.trainer -   Specificity: 0.46355
07/28/2026 20:00:16 - INFO - utils.trainer -   Sensitivity: 0.76661
07/28/2026 20:00:16 - INFO - utils.trainer -   Epoch: 15, Loss: 0.55544, Val loss: 0.64872, Val AUC: 0.6911, Best val AUC: 0.6923, No improve: 3/10, Time: 74.4s
07/28/2026 20:01:31 - INFO - utils.trainer -   ***** Running evaluation on val dataset *****
07/28/2026 20:01:42 - INFO - utils.trainer -   Loss: 0.63994
07/28/2026 20:01:42 - INFO - utils.trainer -   AUC: 0.70457
07/28/2026 20:01:42 - INFO - utils.trainer -   Accuracy: 0.65451
07/28/2026 20:01:42 - INFO - utils.trainer -   Precision: 0.67921
07/28/2026 20:01:42 - INFO - utils.trainer -   Specificity: 0.63364
07/28/2026 20:01:42 - INFO - utils.trainer -   Sensitivity: 0.67261
07/28/2026 20:01:43 - INFO - utils.trainer -   Model saved to output_dir/TimeLLM
07/28/2026 20:01:43 - INFO - utils.trainer -   Best model saved (val_AUC=0.7046)
07/28/2026 20:01:43 - INFO - utils.trainer -   Epoch: 16, Loss: 0.58234, Val loss: 0.63994, Val AUC: 0.7046, Best val AUC: 0.7046, No improve: 0/10, Time: 75.0s
07/28/2026 20:02:57 - INFO - utils.trainer -   ***** Running evaluation on val dataset *****
07/28/2026 20:03:09 - INFO - utils.trainer -   Loss: 0.68445
07/28/2026 20:03:09 - INFO - utils.trainer -   AUC: 0.68126
07/28/2026 20:03:09 - INFO - utils.trainer -   Accuracy: 0.60677
07/28/2026 20:03:09 - INFO - utils.trainer -   Precision: 0.75625
07/28/2026 20:03:09 - INFO - utils.trainer -   Specificity: 0.85421
07/28/2026 20:03:09 - INFO - utils.trainer -   Sensitivity: 0.39222
07/28/2026 20:03:09 - INFO - utils.trainer -   Epoch: 17, Loss: 0.55276, Val loss: 0.68445, Val AUC: 0.6813, Best val AUC: 0.7046, No improve: 1/10, Time: 74.3s
07/28/2026 20:04:23 - INFO - utils.trainer -   ***** Running evaluation on val dataset *****
07/28/2026 20:04:34 - INFO - utils.trainer -   Loss: 0.64624
07/28/2026 20:04:34 - INFO - utils.trainer -   AUC: 0.69824
07/28/2026 20:04:34 - INFO - utils.trainer -   Accuracy: 0.63889
07/28/2026 20:04:34 - INFO - utils.trainer -   Precision: 0.66502
07/28/2026 20:04:34 - INFO - utils.trainer -   Specificity: 0.61869
07/28/2026 20:04:34 - INFO - utils.trainer -   Sensitivity: 0.65640
07/28/2026 20:04:34 - INFO - utils.trainer -   Epoch: 18, Loss: 0.51864, Val loss: 0.64624, Val AUC: 0.6982, Best val AUC: 0.7046, No improve: 2/10, Time: 74.4s
07/28/2026 20:05:49 - INFO - utils.trainer -   ***** Running evaluation on val dataset *****
07/28/2026 20:06:00 - INFO - utils.trainer -   Loss: 0.68887
07/28/2026 20:06:00 - INFO - utils.trainer -   AUC: 0.67733
07/28/2026 20:06:00 - INFO - utils.trainer -   Accuracy: 0.61458
07/28/2026 20:06:00 - INFO - utils.trainer -   Precision: 0.62098
07/28/2026 20:06:00 - INFO - utils.trainer -   Specificity: 0.49346
07/28/2026 20:06:00 - INFO - utils.trainer -   Sensitivity: 0.71961
07/28/2026 20:06:00 - INFO - utils.trainer -   Epoch: 19, Loss: 0.51515, Val loss: 0.68887, Val AUC: 0.6773, Best val AUC: 0.7046, No improve: 3/10, Time: 74.3s
07/28/2026 20:07:14 - INFO - utils.trainer -   ***** Running evaluation on val dataset *****
07/28/2026 20:07:26 - INFO - utils.trainer -   Loss: 0.65071
07/28/2026 20:07:26 - INFO - utils.trainer -   AUC: 0.69311
07/28/2026 20:07:26 - INFO - utils.trainer -   Accuracy: 0.63194
07/28/2026 20:07:26 - INFO - utils.trainer -   Precision: 0.66841
07/28/2026 20:07:26 - INFO - utils.trainer -   Specificity: 0.64486
07/28/2026 20:07:26 - INFO - utils.trainer -   Sensitivity: 0.62075
07/28/2026 20:07:26 - INFO - utils.trainer -   Epoch: 20, Loss: 0.55189, Val loss: 0.65071, Val AUC: 0.6931, Best val AUC: 0.7046, No improve: 4/10, Time: 74.6s
07/28/2026 20:08:41 - INFO - utils.trainer -   ***** Running evaluation on val dataset *****
07/28/2026 20:08:52 - INFO - utils.trainer -   Loss: 0.67827
07/28/2026 20:08:52 - INFO - utils.trainer -   AUC: 0.68098
07/28/2026 20:08:52 - INFO - utils.trainer -   Accuracy: 0.61372
07/28/2026 20:08:52 - INFO - utils.trainer -   Precision: 0.61978
07/28/2026 20:08:52 - INFO - utils.trainer -   Specificity: 0.48972
07/28/2026 20:08:52 - INFO - utils.trainer -   Sensitivity: 0.72123
07/28/2026 20:08:52 - INFO - utils.trainer -   Epoch: 21, Loss: 0.50920, Val loss: 0.67827, Val AUC: 0.6810, Best val AUC: 0.7046, No improve: 5/10, Time: 74.8s
07/28/2026 20:10:06 - INFO - utils.trainer -   ***** Running evaluation on val dataset *****
07/28/2026 20:10:18 - INFO - utils.trainer -   Loss: 0.73768
07/28/2026 20:10:18 - INFO - utils.trainer -   AUC: 0.65889
07/28/2026 20:10:18 - INFO - utils.trainer -   Accuracy: 0.60330
07/28/2026 20:10:18 - INFO - utils.trainer -   Precision: 0.59070
07/28/2026 20:10:18 - INFO - utils.trainer -   Specificity: 0.32523
07/28/2026 20:10:18 - INFO - utils.trainer -   Sensitivity: 0.84441
07/28/2026 20:10:18 - INFO - utils.trainer -   Epoch: 22, Loss: 0.54231, Val loss: 0.73768, Val AUC: 0.6589, Best val AUC: 0.7046, No improve: 6/10, Time: 74.6s
07/28/2026 20:11:32 - INFO - utils.trainer -   ***** Running evaluation on val dataset *****
07/28/2026 20:11:43 - INFO - utils.trainer -   Loss: 0.68606
07/28/2026 20:11:43 - INFO - utils.trainer -   AUC: 0.67564
07/28/2026 20:11:43 - INFO - utils.trainer -   Accuracy: 0.62066
07/28/2026 20:11:43 - INFO - utils.trainer -   Precision: 0.64851
07/28/2026 20:11:43 - INFO - utils.trainer -   Specificity: 0.60187
07/28/2026 20:11:43 - INFO - utils.trainer -   Sensitivity: 0.63695
07/28/2026 20:11:43 - INFO - utils.trainer -   Epoch: 23, Loss: 0.56227, Val loss: 0.68606, Val AUC: 0.6756, Best val AUC: 0.7046, No improve: 7/10, Time: 74.4s
07/28/2026 20:12:58 - INFO - utils.trainer -   ***** Running evaluation on val dataset *****
07/28/2026 20:13:09 - INFO - utils.trainer -   Loss: 0.68752
07/28/2026 20:13:09 - INFO - utils.trainer -   AUC: 0.68527
07/28/2026 20:13:09 - INFO - utils.trainer -   Accuracy: 0.62413
07/28/2026 20:13:09 - INFO - utils.trainer -   Precision: 0.62994
07/28/2026 20:13:09 - INFO - utils.trainer -   Specificity: 0.51028
07/28/2026 20:13:09 - INFO - utils.trainer -   Sensitivity: 0.72285
07/28/2026 20:13:09 - INFO - utils.trainer -   Epoch: 24, Loss: 0.48960, Val loss: 0.68752, Val AUC: 0.6853, Best val AUC: 0.7046, No improve: 8/10, Time: 74.3s
07/28/2026 20:14:23 - INFO - utils.trainer -   ***** Running evaluation on val dataset *****
07/28/2026 20:14:35 - INFO - utils.trainer -   Loss: 0.71426
07/28/2026 20:14:35 - INFO - utils.trainer -   AUC: 0.67835
07/28/2026 20:14:35 - INFO - utils.trainer -   Accuracy: 0.61632
07/28/2026 20:14:35 - INFO - utils.trainer -   Precision: 0.67191
07/28/2026 20:14:35 - INFO - utils.trainer -   Specificity: 0.68785
07/28/2026 20:14:35 - INFO - utils.trainer -   Sensitivity: 0.55429
07/28/2026 20:14:36 - INFO - utils.trainer -   Model saved to output_dir/TimeLLM/checkpoint-epoch-25
07/28/2026 20:14:36 - INFO - utils.trainer -   Checkpoint saved at epoch 25
07/28/2026 20:14:36 - INFO - utils.trainer -   Epoch: 25, Loss: 0.51912, Val loss: 0.71426, Val AUC: 0.6784, Best val AUC: 0.7046, No improve: 9/10, Time: 74.4s
07/28/2026 20:15:50 - INFO - utils.trainer -   ***** Running evaluation on val dataset *****
07/28/2026 20:16:01 - INFO - utils.trainer -   Loss: 0.68919
07/28/2026 20:16:01 - INFO - utils.trainer -   AUC: 0.69160
07/28/2026 20:16:01 - INFO - utils.trainer -   Accuracy: 0.63455
07/28/2026 20:16:01 - INFO - utils.trainer -   Precision: 0.65655
07/28/2026 20:16:01 - INFO - utils.trainer -   Specificity: 0.59813
07/28/2026 20:16:01 - INFO - utils.trainer -   Sensitivity: 0.66613
07/28/2026 20:16:01 - INFO - utils.trainer -   Epoch: 26, Loss: 0.48888, Val loss: 0.68919, Val AUC: 0.6916, Best val AUC: 0.7046, No improve: 10/10, Time: 74.3s
07/28/2026 20:16:01 - INFO - utils.trainer -   Early stopping triggered at epoch 26
07/28/2026 20:16:01 - INFO - utils.trainer -   Early stopping triggered at epoch 26
07/28/2026 20:16:01 - INFO - utils.trainer -   Early stopping triggered at epoch 26
07/28/2026 20:16:01 - INFO - utils.trainer -   Early stopping triggered at epoch 26
07/28/2026 20:16:02 - INFO - utils.trainer -     582 keys not in checkpoint (kept from init)
07/28/2026 20:16:02 - INFO - utils.trainer -   Model loaded from output_dir/TimeLLM/TimeLLM-0.bin (26/26 keys)
07/28/2026 20:16:02 - INFO - utils.trainer -     582 keys not in checkpoint (kept from init)
07/28/2026 20:16:02 - INFO - utils.trainer -   Model loaded from output_dir/TimeLLM/TimeLLM-0.bin (26/26 keys)
07/28/2026 20:16:02 - INFO - utils.trainer -   ***** Running evaluation on test dataset *****
07/28/2026 20:16:02 - INFO - utils.trainer -     582 keys not in checkpoint (kept from init)
07/28/2026 20:16:02 - INFO - utils.trainer -     582 keys not in checkpoint (kept from init)
07/28/2026 20:16:02 - INFO - utils.trainer -   Model loaded from output_dir/TimeLLM/TimeLLM-0.bin (26/26 keys)
07/28/2026 20:16:02 - INFO - utils.trainer -   Model loaded from output_dir/TimeLLM/TimeLLM-0.bin (26/26 keys)
07/28/2026 20:16:13 - INFO - utils.trainer -   Loss: 0.61687
07/28/2026 20:16:13 - INFO - utils.trainer -   AUC: 0.71597
07/28/2026 20:16:13 - INFO - utils.trainer -   Accuracy: 0.65263
07/28/2026 20:16:13 - INFO - utils.trainer -   Precision: 0.69033
07/28/2026 20:16:13 - INFO - utils.trainer -   Specificity: 0.58333
07/28/2026 20:16:13 - INFO - utils.trainer -   Sensitivity: 0.70525
07/28/2026 20:16:13 - INFO - utils.trainer -   === Best epoch test result ===
07/28/2026 20:16:13 - INFO - utils.trainer -     Loss: 0.61687
07/28/2026 20:16:13 - INFO - utils.trainer -     AUC: 0.71597
07/28/2026 20:16:13 - INFO - utils.trainer -     Accuracy: 0.65263
07/28/2026 20:16:13 - INFO - utils.trainer -     Precision: 0.69033
07/28/2026 20:16:13 - INFO - utils.trainer -     Specificity: 0.58333
07/28/2026 20:16:13 - INFO - utils.trainer -     Sensitivity: 0.70525
07/28/2026 20:16:13 - INFO - utils.trainer -   Model saved to output_dir/TimeLLM/final-epoch-200
07/28/2026 20:16:13 - INFO - utils.trainer -   Final model saved at epoch 200
