07/25/2026 22:58:21 - INFO - __main__ -   ########## Repeat:0 ##########
07/25/2026 22:58:21 - INFO - utils.trainer -   ***** Running training *****
07/25/2026 22:58:21 - INFO - utils.trainer -     Num examples = 476
07/25/2026 22:58:21 - INFO - utils.trainer -     Num Epochs = 200
07/25/2026 22:58:21 - INFO - utils.trainer -     Total train batch size = 16
07/25/2026 22:58:21 - INFO - utils.trainer -     warmup steps = 400
07/25/2026 22:58:21 - INFO - utils.trainer -     Total optimization steps = 95200
07/25/2026 22:58:21 - INFO - utils.trainer -     Save steps = 200
07/25/2026 22:58:21 - INFO - root -   Parameters [normal] length [18]
07/25/2026 22:58:32 - INFO - utils.trainer -   ***** Running evaluation on val0 dataset *****
07/25/2026 22:58:38 - INFO - utils.trainer -   AUC: 0.53985
07/25/2026 22:58:38 - INFO - utils.trainer -   Accuracy: 0.36713
07/25/2026 22:58:38 - INFO - utils.trainer -   Precision: 0.15331
07/25/2026 22:58:38 - INFO - utils.trainer -   Recall: 0.25341
07/25/2026 22:58:38 - INFO - utils.trainer -   F_score: 0.18544
07/25/2026 22:58:38 - INFO - utils.trainer -   Loss: 1.34266
07/25/2026 22:58:38 - INFO - utils.trainer -   ***** Running evaluation on test0 dataset *****
07/25/2026 22:58:45 - INFO - utils.trainer -   AUC: 0.53764
07/25/2026 22:58:45 - INFO - utils.trainer -   Accuracy: 0.30517
07/25/2026 22:58:45 - INFO - utils.trainer -   Precision: 0.14346
07/25/2026 22:58:45 - INFO - utils.trainer -   Recall: 0.24843
07/25/2026 22:58:45 - INFO - utils.trainer -   F_score: 0.16332
07/25/2026 22:58:45 - INFO - utils.trainer -   Loss: 1.37613
07/25/2026 22:58:45 - INFO - utils.trainer -   Saving model checkpoint to output_dir/BrainNetCNN
07/25/2026 22:58:45 - INFO - utils.trainer -   Best model saved (val_loss=1.3427, test_acc=0.3052)
07/25/2026 22:58:45 - INFO - utils.trainer -    Train loss: 1.36785, Val loss: 1.34266, Test loss: 1.37613, Best val loss: 1.34266, No improve: 0/20, Time: 11.2s
07/25/2026 22:58:55 - INFO - utils.trainer -   ***** Running evaluation on val0 dataset *****
07/25/2026 22:59:01 - INFO - utils.trainer -   AUC: 0.59365
07/25/2026 22:59:01 - INFO - utils.trainer -   Accuracy: 0.35004
07/25/2026 22:59:01 - INFO - utils.trainer -   Precision: 0.32271
07/25/2026 22:59:01 - INFO - utils.trainer -   Recall: 0.26892
07/25/2026 22:59:01 - INFO - utils.trainer -   F_score: 0.23467
07/25/2026 22:59:01 - INFO - utils.trainer -   Loss: 1.32467
07/25/2026 22:59:01 - INFO - utils.trainer -   ***** Running evaluation on test0 dataset *****
07/25/2026 22:59:07 - INFO - utils.trainer -   AUC: 0.58398
07/25/2026 22:59:07 - INFO - utils.trainer -   Accuracy: 0.31780
07/25/2026 22:59:07 - INFO - utils.trainer -   Precision: 0.36609
07/25/2026 22:59:07 - INFO - utils.trainer -   Recall: 0.27109
07/25/2026 22:59:07 - INFO - utils.trainer -   F_score: 0.22749
07/25/2026 22:59:07 - INFO - utils.trainer -   Loss: 1.33895
07/25/2026 22:59:08 - INFO - utils.trainer -   Saving model checkpoint to output_dir/BrainNetCNN
07/25/2026 22:59:08 - INFO - utils.trainer -   Best model saved (val_loss=1.3247, test_acc=0.3178)
07/25/2026 22:59:08 - INFO - utils.trainer -    Train loss: 1.34483, Val loss: 1.32467, Test loss: 1.33895, Best val loss: 1.32467, No improve: 0/20, Time: 10.4s
07/25/2026 22:59:18 - INFO - utils.trainer -   ***** Running evaluation on val0 dataset *****
07/25/2026 22:59:24 - INFO - utils.trainer -   AUC: 0.61665
07/25/2026 22:59:24 - INFO - utils.trainer -   Accuracy: 0.37413
07/25/2026 22:59:24 - INFO - utils.trainer -   Precision: 0.26050
07/25/2026 22:59:24 - INFO - utils.trainer -   Recall: 0.31241
07/25/2026 22:59:24 - INFO - utils.trainer -   F_score: 0.27821
07/25/2026 22:59:24 - INFO - utils.trainer -   Loss: 1.30577
07/25/2026 22:59:24 - INFO - utils.trainer -   ***** Running evaluation on test0 dataset *****
07/25/2026 22:59:31 - INFO - utils.trainer -   AUC: 0.60921
07/25/2026 22:59:31 - INFO - utils.trainer -   Accuracy: 0.33439
07/25/2026 22:59:31 - INFO - utils.trainer -   Precision: 0.34042
07/25/2026 22:59:31 - INFO - utils.trainer -   Recall: 0.29372
07/25/2026 22:59:31 - INFO - utils.trainer -   F_score: 0.25474
07/25/2026 22:59:31 - INFO - utils.trainer -   Loss: 1.31851
07/25/2026 22:59:31 - INFO - utils.trainer -   Saving model checkpoint to output_dir/BrainNetCNN
07/25/2026 22:59:31 - INFO - utils.trainer -   Best model saved (val_loss=1.3058, test_acc=0.3344)
07/25/2026 22:59:31 - INFO - utils.trainer -    Train loss: 1.30478, Val loss: 1.30577, Test loss: 1.31851, Best val loss: 1.30577, No improve: 0/20, Time: 10.5s
07/25/2026 22:59:41 - INFO - utils.trainer -   ***** Running evaluation on val0 dataset *****
07/25/2026 22:59:47 - INFO - utils.trainer -   AUC: 0.64753
07/25/2026 22:59:47 - INFO - utils.trainer -   Accuracy: 0.37141
07/25/2026 22:59:47 - INFO - utils.trainer -   Precision: 0.26189
07/25/2026 22:59:47 - INFO - utils.trainer -   Recall: 0.32840
07/25/2026 22:59:47 - INFO - utils.trainer -   F_score: 0.28392
07/25/2026 22:59:47 - INFO - utils.trainer -   Loss: 1.29885
07/25/2026 22:59:47 - INFO - utils.trainer -   ***** Running evaluation on test0 dataset *****
07/25/2026 22:59:54 - INFO - utils.trainer -   AUC: 0.61841
07/25/2026 22:59:54 - INFO - utils.trainer -   Accuracy: 0.35768
07/25/2026 22:59:54 - INFO - utils.trainer -   Precision: 0.26779
07/25/2026 22:59:54 - INFO - utils.trainer -   Recall: 0.32274
07/25/2026 22:59:54 - INFO - utils.trainer -   F_score: 0.27632
07/25/2026 22:59:54 - INFO - utils.trainer -   Loss: 1.31695
07/25/2026 22:59:54 - INFO - utils.trainer -   Saving model checkpoint to output_dir/BrainNetCNN
07/25/2026 22:59:54 - INFO - utils.trainer -   Best model saved (val_loss=1.2988, test_acc=0.3577)
07/25/2026 22:59:54 - INFO - utils.trainer -    Train loss: 1.27890, Val loss: 1.29885, Test loss: 1.31695, Best val loss: 1.29885, No improve: 0/20, Time: 10.4s
07/25/2026 23:00:05 - INFO - utils.trainer -   ***** Running evaluation on val0 dataset *****
07/25/2026 23:00:11 - INFO - utils.trainer -   AUC: 0.61952
07/25/2026 23:00:11 - INFO - utils.trainer -   Accuracy: 0.37840
07/25/2026 23:00:11 - INFO - utils.trainer -   Precision: 0.38990
07/25/2026 23:00:11 - INFO - utils.trainer -   Recall: 0.29982
07/25/2026 23:00:11 - INFO - utils.trainer -   F_score: 0.26691
07/25/2026 23:00:11 - INFO - utils.trainer -   Loss: 1.30472
07/25/2026 23:00:11 - INFO - utils.trainer -   ***** Running evaluation on test0 dataset *****
07/25/2026 23:00:17 - INFO - utils.trainer -   AUC: 0.61063
07/25/2026 23:00:17 - INFO - utils.trainer -   Accuracy: 0.34583
07/25/2026 23:00:17 - INFO - utils.trainer -   Precision: 0.27485
07/25/2026 23:00:17 - INFO - utils.trainer -   Recall: 0.30066
07/25/2026 23:00:17 - INFO - utils.trainer -   F_score: 0.25783
07/25/2026 23:00:17 - INFO - utils.trainer -   Loss: 1.32508
07/25/2026 23:00:17 - INFO - utils.trainer -    Train loss: 1.26602, Val loss: 1.30472, Test loss: 1.32508, Best val loss: 1.29885, No improve: 1/20, Time: 10.6s
07/25/2026 23:00:28 - INFO - utils.trainer -   ***** Running evaluation on val0 dataset *****
07/25/2026 23:00:34 - INFO - utils.trainer -   AUC: 0.64533
07/25/2026 23:00:34 - INFO - utils.trainer -   Accuracy: 0.37374
07/25/2026 23:00:34 - INFO - utils.trainer -   Precision: 0.33167
07/25/2026 23:00:34 - INFO - utils.trainer -   Recall: 0.33371
07/25/2026 23:00:34 - INFO - utils.trainer -   F_score: 0.28874
07/25/2026 23:00:34 - INFO - utils.trainer -   Loss: 1.31153
07/25/2026 23:00:34 - INFO - utils.trainer -   ***** Running evaluation on test0 dataset *****
07/25/2026 23:00:40 - INFO - utils.trainer -   AUC: 0.61963
07/25/2026 23:00:40 - INFO - utils.trainer -   Accuracy: 0.35847
07/25/2026 23:00:40 - INFO - utils.trainer -   Precision: 0.27422
07/25/2026 23:00:40 - INFO - utils.trainer -   Recall: 0.32556
07/25/2026 23:00:40 - INFO - utils.trainer -   F_score: 0.27793
07/25/2026 23:00:40 - INFO - utils.trainer -   Loss: 1.32342
07/25/2026 23:00:40 - INFO - utils.trainer -    Train loss: 1.25659, Val loss: 1.31153, Test loss: 1.32342, Best val loss: 1.29885, No improve: 2/20, Time: 10.6s
07/25/2026 23:00:51 - INFO - utils.trainer -   ***** Running evaluation on val0 dataset *****
07/25/2026 23:00:57 - INFO - utils.trainer -   AUC: 0.64221
07/25/2026 23:00:57 - INFO - utils.trainer -   Accuracy: 0.37840
07/25/2026 23:00:57 - INFO - utils.trainer -   Precision: 0.27321
07/25/2026 23:00:57 - INFO - utils.trainer -   Recall: 0.33631
07/25/2026 23:00:57 - INFO - utils.trainer -   F_score: 0.29158
07/25/2026 23:00:57 - INFO - utils.trainer -   Loss: 1.32629
07/25/2026 23:00:57 - INFO - utils.trainer -   ***** Running evaluation on test0 dataset *****
07/25/2026 23:01:03 - INFO - utils.trainer -   AUC: 0.62490
07/25/2026 23:01:03 - INFO - utils.trainer -   Accuracy: 0.36321
07/25/2026 23:01:03 - INFO - utils.trainer -   Precision: 0.28304
07/25/2026 23:01:03 - INFO - utils.trainer -   Recall: 0.32979
07/25/2026 23:01:03 - INFO - utils.trainer -   F_score: 0.27950
07/25/2026 23:01:03 - INFO - utils.trainer -   Loss: 1.33404
07/25/2026 23:01:03 - INFO - utils.trainer -    Train loss: 1.24254, Val loss: 1.32629, Test loss: 1.33404, Best val loss: 1.29885, No improve: 3/20, Time: 10.1s
07/25/2026 23:01:14 - INFO - utils.trainer -   ***** Running evaluation on val0 dataset *****
07/25/2026 23:01:20 - INFO - utils.trainer -   AUC: 0.63111
07/25/2026 23:01:20 - INFO - utils.trainer -   Accuracy: 0.38112
07/25/2026 23:01:20 - INFO - utils.trainer -   Precision: 0.26631
07/25/2026 23:01:20 - INFO - utils.trainer -   Recall: 0.30574
07/25/2026 23:01:20 - INFO - utils.trainer -   F_score: 0.26961
07/25/2026 23:01:20 - INFO - utils.trainer -   Loss: 1.30376
07/25/2026 23:01:20 - INFO - utils.trainer -   ***** Running evaluation on test0 dataset *****
07/25/2026 23:01:26 - INFO - utils.trainer -   AUC: 0.62408
07/25/2026 23:01:26 - INFO - utils.trainer -   Accuracy: 0.35689
07/25/2026 23:01:26 - INFO - utils.trainer -   Precision: 0.29097
07/25/2026 23:01:26 - INFO - utils.trainer -   Recall: 0.31427
07/25/2026 23:01:26 - INFO - utils.trainer -   F_score: 0.26656
07/25/2026 23:01:26 - INFO - utils.trainer -   Loss: 1.32053
07/25/2026 23:01:26 - INFO - utils.trainer -    Train loss: 1.23485, Val loss: 1.30376, Test loss: 1.32053, Best val loss: 1.29885, No improve: 4/20, Time: 10.6s
07/25/2026 23:01:37 - INFO - utils.trainer -   ***** Running evaluation on val0 dataset *****
07/25/2026 23:01:44 - INFO - utils.trainer -   AUC: 0.64366
07/25/2026 23:01:44 - INFO - utils.trainer -   Accuracy: 0.38695
07/25/2026 23:01:44 - INFO - utils.trainer -   Precision: 0.28594
07/25/2026 23:01:44 - INFO - utils.trainer -   Recall: 0.33864
07/25/2026 23:01:44 - INFO - utils.trainer -   F_score: 0.28169
07/25/2026 23:01:44 - INFO - utils.trainer -   Loss: 1.32619
07/25/2026 23:01:44 - INFO - utils.trainer -   ***** Running evaluation on test0 dataset *****
07/25/2026 23:01:50 - INFO - utils.trainer -   AUC: 0.62637
07/25/2026 23:01:50 - INFO - utils.trainer -   Accuracy: 0.36478
07/25/2026 23:01:50 - INFO - utils.trainer -   Precision: 0.27754
07/25/2026 23:01:50 - INFO - utils.trainer -   Recall: 0.33466
07/25/2026 23:01:50 - INFO - utils.trainer -   F_score: 0.26745
07/25/2026 23:01:50 - INFO - utils.trainer -   Loss: 1.33417
07/25/2026 23:01:50 - INFO - utils.trainer -    Train loss: 1.23208, Val loss: 1.32619, Test loss: 1.33417, Best val loss: 1.29885, No improve: 5/20, Time: 10.9s
07/25/2026 23:02:00 - INFO - utils.trainer -   ***** Running evaluation on val0 dataset *****
07/25/2026 23:02:07 - INFO - utils.trainer -   AUC: 0.63453
07/25/2026 23:02:07 - INFO - utils.trainer -   Accuracy: 0.40598
07/25/2026 23:02:07 - INFO - utils.trainer -   Precision: 0.30286
07/25/2026 23:02:07 - INFO - utils.trainer -   Recall: 0.32471
07/25/2026 23:02:07 - INFO - utils.trainer -   F_score: 0.28804
07/25/2026 23:02:07 - INFO - utils.trainer -   Loss: 1.30416
07/25/2026 23:02:07 - INFO - utils.trainer -   ***** Running evaluation on test0 dataset *****
07/25/2026 23:02:14 - INFO - utils.trainer -   AUC: 0.63009
07/25/2026 23:02:14 - INFO - utils.trainer -   Accuracy: 0.35768
07/25/2026 23:02:14 - INFO - utils.trainer -   Precision: 0.37872
07/25/2026 23:02:14 - INFO - utils.trainer -   Recall: 0.31421
07/25/2026 23:02:14 - INFO - utils.trainer -   F_score: 0.26511
07/25/2026 23:02:14 - INFO - utils.trainer -   Loss: 1.31963
07/25/2026 23:02:14 - INFO - utils.trainer -    Train loss: 1.22043, Val loss: 1.30416, Test loss: 1.31963, Best val loss: 1.29885, No improve: 6/20, Time: 10.4s
07/25/2026 23:02:24 - INFO - utils.trainer -   ***** Running evaluation on val0 dataset *****
07/25/2026 23:02:31 - INFO - utils.trainer -   AUC: 0.64471
07/25/2026 23:02:31 - INFO - utils.trainer -   Accuracy: 0.39977
07/25/2026 23:02:31 - INFO - utils.trainer -   Precision: 0.33845
07/25/2026 23:02:31 - INFO - utils.trainer -   Recall: 0.33731
07/25/2026 23:02:31 - INFO - utils.trainer -   F_score: 0.29322
07/25/2026 23:02:31 - INFO - utils.trainer -   Loss: 1.31216
07/25/2026 23:02:31 - INFO - utils.trainer -   ***** Running evaluation on test0 dataset *****
07/25/2026 23:02:37 - INFO - utils.trainer -   AUC: 0.63631
07/25/2026 23:02:37 - INFO - utils.trainer -   Accuracy: 0.35057
07/25/2026 23:02:37 - INFO - utils.trainer -   Precision: 0.27803
07/25/2026 23:02:37 - INFO - utils.trainer -   Recall: 0.31434
07/25/2026 23:02:37 - INFO - utils.trainer -   F_score: 0.26251
07/25/2026 23:02:37 - INFO - utils.trainer -   Loss: 1.32694
07/25/2026 23:02:37 - INFO - utils.trainer -    Train loss: 1.21210, Val loss: 1.31216, Test loss: 1.32694, Best val loss: 1.29885, No improve: 7/20, Time: 10.6s
07/25/2026 23:02:48 - INFO - utils.trainer -   ***** Running evaluation on val0 dataset *****
07/25/2026 23:02:54 - INFO - utils.trainer -   AUC: 0.64451
07/25/2026 23:02:54 - INFO - utils.trainer -   Accuracy: 0.39277
07/25/2026 23:02:54 - INFO - utils.trainer -   Precision: 0.29164
07/25/2026 23:02:54 - INFO - utils.trainer -   Recall: 0.33951
07/25/2026 23:02:54 - INFO - utils.trainer -   F_score: 0.29430
07/25/2026 23:02:54 - INFO - utils.trainer -   Loss: 1.33224
07/25/2026 23:02:54 - INFO - utils.trainer -   ***** Running evaluation on test0 dataset *****
07/25/2026 23:03:01 - INFO - utils.trainer -   AUC: 0.63090
07/25/2026 23:03:01 - INFO - utils.trainer -   Accuracy: 0.35768
07/25/2026 23:03:01 - INFO - utils.trainer -   Precision: 0.28355
07/25/2026 23:03:01 - INFO - utils.trainer -   Recall: 0.32312
07/25/2026 23:03:01 - INFO - utils.trainer -   F_score: 0.27180
07/25/2026 23:03:01 - INFO - utils.trainer -   Loss: 1.33330
07/25/2026 23:03:01 - INFO - utils.trainer -    Train loss: 1.21179, Val loss: 1.33224, Test loss: 1.33330, Best val loss: 1.29885, No improve: 8/20, Time: 10.4s
07/25/2026 23:03:11 - INFO - utils.trainer -   ***** Running evaluation on val0 dataset *****
07/25/2026 23:03:18 - INFO - utils.trainer -   AUC: 0.63991
07/25/2026 23:03:18 - INFO - utils.trainer -   Accuracy: 0.39782
07/25/2026 23:03:18 - INFO - utils.trainer -   Precision: 0.35239
07/25/2026 23:03:18 - INFO - utils.trainer -   Recall: 0.32431
07/25/2026 23:03:18 - INFO - utils.trainer -   F_score: 0.28811
07/25/2026 23:03:18 - INFO - utils.trainer -   Loss: 1.30527
07/25/2026 23:03:18 - INFO - utils.trainer -   ***** Running evaluation on test0 dataset *****
07/25/2026 23:03:24 - INFO - utils.trainer -   AUC: 0.63607
07/25/2026 23:03:24 - INFO - utils.trainer -   Accuracy: 0.36163
07/25/2026 23:03:24 - INFO - utils.trainer -   Precision: 0.42169
07/25/2026 23:03:24 - INFO - utils.trainer -   Recall: 0.31967
07/25/2026 23:03:24 - INFO - utils.trainer -   F_score: 0.26713
07/25/2026 23:03:24 - INFO - utils.trainer -   Loss: 1.31502
07/25/2026 23:03:24 - INFO - utils.trainer -    Train loss: 1.20568, Val loss: 1.30527, Test loss: 1.31502, Best val loss: 1.29885, No improve: 9/20, Time: 10.5s
07/25/2026 23:03:34 - INFO - utils.trainer -   ***** Running evaluation on val0 dataset *****
07/25/2026 23:03:40 - INFO - utils.trainer -   AUC: 0.64384
07/25/2026 23:03:40 - INFO - utils.trainer -   Accuracy: 0.38811
07/25/2026 23:03:40 - INFO - utils.trainer -   Precision: 0.33171
07/25/2026 23:03:40 - INFO - utils.trainer -   Recall: 0.33985
07/25/2026 23:03:40 - INFO - utils.trainer -   F_score: 0.28713
07/25/2026 23:03:40 - INFO - utils.trainer -   Loss: 1.36939
07/25/2026 23:03:40 - INFO - utils.trainer -   ***** Running evaluation on test0 dataset *****
07/25/2026 23:03:47 - INFO - utils.trainer -   AUC: 0.62896
07/25/2026 23:03:47 - INFO - utils.trainer -   Accuracy: 0.37584
07/25/2026 23:03:47 - INFO - utils.trainer -   Precision: 0.43065
07/25/2026 23:03:47 - INFO - utils.trainer -   Recall: 0.34403
07/25/2026 23:03:47 - INFO - utils.trainer -   F_score: 0.28198
07/25/2026 23:03:47 - INFO - utils.trainer -   Loss: 1.37173
07/25/2026 23:03:47 - INFO - utils.trainer -    Train loss: 1.19617, Val loss: 1.36939, Test loss: 1.37173, Best val loss: 1.29885, No improve: 10/20, Time: 10.4s
07/25/2026 23:03:57 - INFO - utils.trainer -   ***** Running evaluation on val0 dataset *****
07/25/2026 23:04:04 - INFO - utils.trainer -   AUC: 0.64771
07/25/2026 23:04:04 - INFO - utils.trainer -   Accuracy: 0.39588
07/25/2026 23:04:04 - INFO - utils.trainer -   Precision: 0.34617
07/25/2026 23:04:04 - INFO - utils.trainer -   Recall: 0.33430
07/25/2026 23:04:04 - INFO - utils.trainer -   F_score: 0.29208
07/25/2026 23:04:04 - INFO - utils.trainer -   Loss: 1.32489
07/25/2026 23:04:04 - INFO - utils.trainer -   ***** Running evaluation on test0 dataset *****
07/25/2026 23:04:10 - INFO - utils.trainer -   AUC: 0.63906
07/25/2026 23:04:10 - INFO - utils.trainer -   Accuracy: 0.36439
07/25/2026 23:04:10 - INFO - utils.trainer -   Precision: 0.40809
07/25/2026 23:04:10 - INFO - utils.trainer -   Recall: 0.32630
07/25/2026 23:04:10 - INFO - utils.trainer -   F_score: 0.27527
07/25/2026 23:04:10 - INFO - utils.trainer -   Loss: 1.34497
07/25/2026 23:04:10 - INFO - utils.trainer -    Train loss: 1.18614, Val loss: 1.32489, Test loss: 1.34497, Best val loss: 1.29885, No improve: 11/20, Time: 10.6s
07/25/2026 23:04:21 - INFO - utils.trainer -   ***** Running evaluation on val0 dataset *****
07/25/2026 23:04:27 - INFO - utils.trainer -   AUC: 0.64423
07/25/2026 23:04:27 - INFO - utils.trainer -   Accuracy: 0.40016
07/25/2026 23:04:27 - INFO - utils.trainer -   Precision: 0.37214
07/25/2026 23:04:27 - INFO - utils.trainer -   Recall: 0.32648
07/25/2026 23:04:27 - INFO - utils.trainer -   F_score: 0.28700
07/25/2026 23:04:27 - INFO - utils.trainer -   Loss: 1.31478
07/25/2026 23:04:27 - INFO - utils.trainer -   ***** Running evaluation on test0 dataset *****
07/25/2026 23:04:33 - INFO - utils.trainer -   AUC: 0.63691
07/25/2026 23:04:33 - INFO - utils.trainer -   Accuracy: 0.35649
07/25/2026 23:04:33 - INFO - utils.trainer -   Precision: 0.33855
07/25/2026 23:04:33 - INFO - utils.trainer -   Recall: 0.31410
07/25/2026 23:04:33 - INFO - utils.trainer -   F_score: 0.26367
07/25/2026 23:04:33 - INFO - utils.trainer -   Loss: 1.34125
07/25/2026 23:04:33 - INFO - utils.trainer -    Train loss: 1.18077, Val loss: 1.31478, Test loss: 1.34125, Best val loss: 1.29885, No improve: 12/20, Time: 10.3s
07/25/2026 23:04:43 - INFO - utils.trainer -   ***** Running evaluation on val0 dataset *****
07/25/2026 23:04:50 - INFO - utils.trainer -   AUC: 0.64046
07/25/2026 23:04:50 - INFO - utils.trainer -   Accuracy: 0.38112
07/25/2026 23:04:50 - INFO - utils.trainer -   Precision: 0.35707
07/25/2026 23:04:50 - INFO - utils.trainer -   Recall: 0.33224
07/25/2026 23:04:50 - INFO - utils.trainer -   F_score: 0.28692
07/25/2026 23:04:50 - INFO - utils.trainer -   Loss: 1.39234
07/25/2026 23:04:50 - INFO - utils.trainer -   ***** Running evaluation on test0 dataset *****
07/25/2026 23:04:56 - INFO - utils.trainer -   AUC: 0.63529
07/25/2026 23:04:56 - INFO - utils.trainer -   Accuracy: 0.38216
07/25/2026 23:04:56 - INFO - utils.trainer -   Precision: 0.37344
07/25/2026 23:04:56 - INFO - utils.trainer -   Recall: 0.34767
07/25/2026 23:04:56 - INFO - utils.trainer -   F_score: 0.29314
07/25/2026 23:04:56 - INFO - utils.trainer -   Loss: 1.38311
07/25/2026 23:04:56 - INFO - utils.trainer -    Train loss: 1.17114, Val loss: 1.39234, Test loss: 1.38311, Best val loss: 1.29885, No improve: 13/20, Time: 10.1s
07/25/2026 23:05:07 - INFO - utils.trainer -   ***** Running evaluation on val0 dataset *****
07/25/2026 23:05:13 - INFO - utils.trainer -   AUC: 0.63556
07/25/2026 23:05:13 - INFO - utils.trainer -   Accuracy: 0.39277
07/25/2026 23:05:13 - INFO - utils.trainer -   Precision: 0.40200
07/25/2026 23:05:13 - INFO - utils.trainer -   Recall: 0.33185
07/25/2026 23:05:13 - INFO - utils.trainer -   F_score: 0.30564
07/25/2026 23:05:13 - INFO - utils.trainer -   Loss: 1.34184
07/25/2026 23:05:13 - INFO - utils.trainer -   ***** Running evaluation on test0 dataset *****
07/25/2026 23:05:20 - INFO - utils.trainer -   AUC: 0.62524
07/25/2026 23:05:20 - INFO - utils.trainer -   Accuracy: 0.35531
07/25/2026 23:05:20 - INFO - utils.trainer -   Precision: 0.41336
07/25/2026 23:05:20 - INFO - utils.trainer -   Recall: 0.31337
07/25/2026 23:05:20 - INFO - utils.trainer -   F_score: 0.28227
07/25/2026 23:05:20 - INFO - utils.trainer -   Loss: 1.36517
07/25/2026 23:05:20 - INFO - utils.trainer -    Train loss: 1.15849, Val loss: 1.34184, Test loss: 1.36517, Best val loss: 1.29885, No improve: 14/20, Time: 10.6s
07/25/2026 23:05:30 - INFO - utils.trainer -   ***** Running evaluation on val0 dataset *****
07/25/2026 23:05:36 - INFO - utils.trainer -   AUC: 0.62071
07/25/2026 23:05:36 - INFO - utils.trainer -   Accuracy: 0.39588
07/25/2026 23:05:36 - INFO - utils.trainer -   Precision: 0.32678
07/25/2026 23:05:36 - INFO - utils.trainer -   Recall: 0.31476
07/25/2026 23:05:36 - INFO - utils.trainer -   F_score: 0.27926
07/25/2026 23:05:36 - INFO - utils.trainer -   Loss: 1.34457
07/25/2026 23:05:37 - INFO - utils.trainer -   ***** Running evaluation on test0 dataset *****
07/25/2026 23:05:43 - INFO - utils.trainer -   AUC: 0.63731
07/25/2026 23:05:43 - INFO - utils.trainer -   Accuracy: 0.35057
07/25/2026 23:05:43 - INFO - utils.trainer -   Precision: 0.35231
07/25/2026 23:05:43 - INFO - utils.trainer -   Recall: 0.30667
07/25/2026 23:05:43 - INFO - utils.trainer -   F_score: 0.25818
07/25/2026 23:05:43 - INFO - utils.trainer -   Loss: 1.34821
07/25/2026 23:05:43 - INFO - utils.trainer -    Train loss: 1.15175, Val loss: 1.34457, Test loss: 1.34821, Best val loss: 1.29885, No improve: 15/20, Time: 10.5s
07/25/2026 23:05:53 - INFO - utils.trainer -   ***** Running evaluation on val0 dataset *****
07/25/2026 23:05:59 - INFO - utils.trainer -   AUC: 0.63976
07/25/2026 23:05:59 - INFO - utils.trainer -   Accuracy: 0.38073
07/25/2026 23:05:59 - INFO - utils.trainer -   Precision: 0.37122
07/25/2026 23:05:59 - INFO - utils.trainer -   Recall: 0.34008
07/25/2026 23:05:59 - INFO - utils.trainer -   F_score: 0.29329
07/25/2026 23:05:59 - INFO - utils.trainer -   Loss: 1.47065
07/25/2026 23:05:59 - INFO - utils.trainer -   ***** Running evaluation on test0 dataset *****
07/25/2026 23:06:05 - INFO - utils.trainer -   AUC: 0.62818
07/25/2026 23:06:05 - INFO - utils.trainer -   Accuracy: 0.37386
07/25/2026 23:06:05 - INFO - utils.trainer -   Precision: 0.34705
07/25/2026 23:06:05 - INFO - utils.trainer -   Recall: 0.34523
07/25/2026 23:06:05 - INFO - utils.trainer -   F_score: 0.28470
07/25/2026 23:06:05 - INFO - utils.trainer -   Loss: 1.44346
07/25/2026 23:06:05 - INFO - utils.trainer -    Train loss: 1.14114, Val loss: 1.47065, Test loss: 1.44346, Best val loss: 1.29885, No improve: 16/20, Time: 10.4s
07/25/2026 23:06:16 - INFO - utils.trainer -   ***** Running evaluation on val0 dataset *****
07/25/2026 23:06:23 - INFO - utils.trainer -   AUC: 0.63824
07/25/2026 23:06:23 - INFO - utils.trainer -   Accuracy: 0.38151
07/25/2026 23:06:23 - INFO - utils.trainer -   Precision: 0.36727
07/25/2026 23:06:23 - INFO - utils.trainer -   Recall: 0.33599
07/25/2026 23:06:23 - INFO - utils.trainer -   F_score: 0.30439
07/25/2026 23:06:23 - INFO - utils.trainer -   Loss: 1.43928
07/25/2026 23:06:23 - INFO - utils.trainer -   ***** Running evaluation on test0 dataset *****
07/25/2026 23:06:30 - INFO - utils.trainer -   AUC: 0.63093
07/25/2026 23:06:30 - INFO - utils.trainer -   Accuracy: 0.37465
07/25/2026 23:06:30 - INFO - utils.trainer -   Precision: 0.37467
07/25/2026 23:06:30 - INFO - utils.trainer -   Recall: 0.34471
07/25/2026 23:06:30 - INFO - utils.trainer -   F_score: 0.30100
07/25/2026 23:06:30 - INFO - utils.trainer -   Loss: 1.40719
07/25/2026 23:06:30 - INFO - utils.trainer -    Train loss: 1.12592, Val loss: 1.43928, Test loss: 1.40719, Best val loss: 1.29885, No improve: 17/20, Time: 10.9s
07/25/2026 23:06:40 - INFO - utils.trainer -   ***** Running evaluation on val0 dataset *****
07/25/2026 23:06:46 - INFO - utils.trainer -   AUC: 0.64165
07/25/2026 23:06:46 - INFO - utils.trainer -   Accuracy: 0.37995
07/25/2026 23:06:46 - INFO - utils.trainer -   Precision: 0.33819
07/25/2026 23:06:46 - INFO - utils.trainer -   Recall: 0.33534
07/25/2026 23:06:46 - INFO - utils.trainer -   F_score: 0.30074
07/25/2026 23:06:46 - INFO - utils.trainer -   Loss: 1.43802
07/25/2026 23:06:46 - INFO - utils.trainer -   ***** Running evaluation on test0 dataset *****
07/25/2026 23:06:52 - INFO - utils.trainer -   AUC: 0.63550
07/25/2026 23:06:52 - INFO - utils.trainer -   Accuracy: 0.38137
07/25/2026 23:06:52 - INFO - utils.trainer -   Precision: 0.40203
07/25/2026 23:06:52 - INFO - utils.trainer -   Recall: 0.35056
07/25/2026 23:06:52 - INFO - utils.trainer -   F_score: 0.31531
07/25/2026 23:06:52 - INFO - utils.trainer -   Loss: 1.41099
07/25/2026 23:06:52 - INFO - utils.trainer -    Train loss: 1.11680, Val loss: 1.43802, Test loss: 1.41099, Best val loss: 1.29885, No improve: 18/20, Time: 10.2s
07/25/2026 23:07:03 - INFO - utils.trainer -   ***** Running evaluation on val0 dataset *****
07/25/2026 23:07:09 - INFO - utils.trainer -   AUC: 0.63108
07/25/2026 23:07:09 - INFO - utils.trainer -   Accuracy: 0.37723
07/25/2026 23:07:09 - INFO - utils.trainer -   Precision: 0.38676
07/25/2026 23:07:09 - INFO - utils.trainer -   Recall: 0.32966
07/25/2026 23:07:09 - INFO - utils.trainer -   F_score: 0.28909
07/25/2026 23:07:09 - INFO - utils.trainer -   Loss: 1.48057
07/25/2026 23:07:09 - INFO - utils.trainer -   ***** Running evaluation on test0 dataset *****
07/25/2026 23:07:16 - INFO - utils.trainer -   AUC: 0.61986
07/25/2026 23:07:16 - INFO - utils.trainer -   Accuracy: 0.36557
07/25/2026 23:07:16 - INFO - utils.trainer -   Precision: 0.35969
07/25/2026 23:07:16 - INFO - utils.trainer -   Recall: 0.33388
07/25/2026 23:07:16 - INFO - utils.trainer -   F_score: 0.27675
07/25/2026 23:07:16 - INFO - utils.trainer -   Loss: 1.45630
07/25/2026 23:07:16 - INFO - utils.trainer -    Train loss: 1.10148, Val loss: 1.48057, Test loss: 1.45630, Best val loss: 1.29885, No improve: 19/20, Time: 10.5s
07/25/2026 23:07:26 - INFO - utils.trainer -   ***** Running evaluation on val0 dataset *****
07/25/2026 23:07:32 - INFO - utils.trainer -   AUC: 0.64199
07/25/2026 23:07:32 - INFO - utils.trainer -   Accuracy: 0.38811
07/25/2026 23:07:32 - INFO - utils.trainer -   Precision: 0.37031
07/25/2026 23:07:32 - INFO - utils.trainer -   Recall: 0.34642
07/25/2026 23:07:32 - INFO - utils.trainer -   F_score: 0.31716
07/25/2026 23:07:32 - INFO - utils.trainer -   Loss: 1.46338
07/25/2026 23:07:32 - INFO - utils.trainer -   ***** Running evaluation on test0 dataset *****
07/25/2026 23:07:38 - INFO - utils.trainer -   AUC: 0.63198
07/25/2026 23:07:38 - INFO - utils.trainer -   Accuracy: 0.36321
07/25/2026 23:07:38 - INFO - utils.trainer -   Precision: 0.36368
07/25/2026 23:07:38 - INFO - utils.trainer -   Recall: 0.33380
07/25/2026 23:07:38 - INFO - utils.trainer -   F_score: 0.30202
07/25/2026 23:07:38 - INFO - utils.trainer -   Loss: 1.44011
07/25/2026 23:07:38 - INFO - utils.trainer -    Train loss: 1.08650, Val loss: 1.46338, Test loss: 1.44011, Best val loss: 1.29885, No improve: 20/20, Time: 10.2s
07/25/2026 23:07:38 - INFO - utils.trainer -   Early stopping triggered at epoch 24
07/25/2026 23:07:38 - INFO - utils.trainer -   Model loaded from output_dir/BrainNetCNN/BrainNetCNN-0.bin (full model)
07/25/2026 23:07:38 - INFO - utils.trainer -   === Best epoch test result ===
07/25/2026 23:07:38 - INFO - utils.trainer -     AUC: 0.61841
07/25/2026 23:07:38 - INFO - utils.trainer -     Accuracy: 0.35768
07/25/2026 23:07:38 - INFO - utils.trainer -     Precision: 0.26779
07/25/2026 23:07:38 - INFO - utils.trainer -     Recall: 0.32274
07/25/2026 23:07:38 - INFO - utils.trainer -     F_score: 0.27632
07/25/2026 23:07:38 - INFO - utils.trainer -     Loss: 1.31695
