07/29/2026 13:13:33 - INFO - __main__ -   ########## Repeat:0 ##########
07/29/2026 13:13:33 - INFO - utils.trainer -   ***** Running training *****
07/29/2026 13:13:33 - INFO - utils.trainer -     Num examples = 192
07/29/2026 13:13:33 - INFO - utils.trainer -     Num Epochs = 200
07/29/2026 13:13:33 - INFO - utils.trainer -     Total train batch size = 3
07/29/2026 13:13:33 - INFO - utils.trainer -     warmup steps = 400
07/29/2026 13:13:33 - INFO - utils.trainer -     Total optimization steps = 38400
07/29/2026 13:13:33 - INFO - utils.trainer -     Save steps = 25
07/29/2026 13:14:50 - INFO - utils.trainer -   ***** Running evaluation on val dataset *****
07/29/2026 13:15:01 - INFO - utils.trainer -   Loss: 0.75686
07/29/2026 13:15:01 - INFO - utils.trainer -   AUC: 0.56244
07/29/2026 13:15:01 - INFO - utils.trainer -   Accuracy: 0.46441
07/29/2026 13:15:01 - INFO - utils.trainer -   Precision: 0.00000
07/29/2026 13:15:01 - INFO - utils.trainer -   Specificity: 1.00000
07/29/2026 13:15:01 - INFO - utils.trainer -   Sensitivity: 0.00000
07/29/2026 13:15:02 - INFO - utils.trainer -   Model saved to output_dir/TimeLLM
07/29/2026 13:15:02 - INFO - utils.trainer -   Best model saved (val_AUC=0.5624)
07/29/2026 13:15:02 - INFO - utils.trainer -   Epoch: 1, Loss: 0.82994, Val loss: 0.75686, Val AUC: 0.5624, Best val AUC: 0.5624, No improve: 0/10, Time: 76.7s
07/29/2026 13:16:18 - INFO - utils.trainer -   ***** Running evaluation on val dataset *****
07/29/2026 13:16:29 - INFO - utils.trainer -   Loss: 0.78528
07/29/2026 13:16:29 - INFO - utils.trainer -   AUC: 0.62345
07/29/2026 13:16:29 - INFO - utils.trainer -   Accuracy: 0.46441
07/29/2026 13:16:29 - INFO - utils.trainer -   Precision: 0.00000
07/29/2026 13:16:29 - INFO - utils.trainer -   Specificity: 1.00000
07/29/2026 13:16:29 - INFO - utils.trainer -   Sensitivity: 0.00000
07/29/2026 13:16:30 - INFO - utils.trainer -   Model saved to output_dir/TimeLLM
07/29/2026 13:16:30 - INFO - utils.trainer -   Best model saved (val_AUC=0.6235)
07/29/2026 13:16:30 - INFO - utils.trainer -   Epoch: 2, Loss: 0.70994, Val loss: 0.78528, Val AUC: 0.6235, Best val AUC: 0.6235, No improve: 0/10, Time: 76.2s
07/29/2026 13:17:46 - INFO - utils.trainer -   ***** Running evaluation on val dataset *****
07/29/2026 13:17:57 - INFO - utils.trainer -   Loss: 0.66469
07/29/2026 13:17:57 - INFO - utils.trainer -   AUC: 0.68302
07/29/2026 13:17:57 - INFO - utils.trainer -   Accuracy: 0.54948
07/29/2026 13:17:57 - INFO - utils.trainer -   Precision: 0.54562
07/29/2026 13:17:57 - INFO - utils.trainer -   Specificity: 0.08785
07/29/2026 13:17:57 - INFO - utils.trainer -   Sensitivity: 0.94976
07/29/2026 13:17:57 - INFO - utils.trainer -   Model saved to output_dir/TimeLLM
07/29/2026 13:17:57 - INFO - utils.trainer -   Best model saved (val_AUC=0.6830)
07/29/2026 13:17:57 - INFO - utils.trainer -   Epoch: 3, Loss: 0.65758, Val loss: 0.66469, Val AUC: 0.6830, Best val AUC: 0.6830, No improve: 0/10, Time: 76.1s
07/29/2026 13:19:13 - INFO - utils.trainer -   ***** Running evaluation on val dataset *****
07/29/2026 13:19:26 - INFO - utils.trainer -   Loss: 0.70783
07/29/2026 13:19:26 - INFO - utils.trainer -   AUC: 0.67714
07/29/2026 13:19:26 - INFO - utils.trainer -   Accuracy: 0.58333
07/29/2026 13:19:26 - INFO - utils.trainer -   Precision: 0.79399
07/29/2026 13:19:26 - INFO - utils.trainer -   Specificity: 0.91028
07/29/2026 13:19:26 - INFO - utils.trainer -   Sensitivity: 0.29984
07/29/2026 13:19:26 - INFO - utils.trainer -   Epoch: 4, Loss: 0.65375, Val loss: 0.70783, Val AUC: 0.6771, Best val AUC: 0.6830, No improve: 1/10, Time: 76.1s
07/29/2026 13:20:42 - INFO - utils.trainer -   ***** Running evaluation on val dataset *****
07/29/2026 13:20:53 - INFO - utils.trainer -   Loss: 0.64654
07/29/2026 13:20:53 - INFO - utils.trainer -   AUC: 0.67359
07/29/2026 13:20:53 - INFO - utils.trainer -   Accuracy: 0.63368
07/29/2026 13:20:53 - INFO - utils.trainer -   Precision: 0.72517
07/29/2026 13:20:53 - INFO - utils.trainer -   Specificity: 0.77757
07/29/2026 13:20:53 - INFO - utils.trainer -   Sensitivity: 0.50891
07/29/2026 13:20:53 - INFO - utils.trainer -   Epoch: 5, Loss: 0.61136, Val loss: 0.64654, Val AUC: 0.6736, Best val AUC: 0.6830, No improve: 2/10, Time: 75.9s
07/29/2026 13:22:09 - INFO - utils.trainer -   ***** Running evaluation on val dataset *****
07/29/2026 13:22:20 - INFO - utils.trainer -   Loss: 0.71462
07/29/2026 13:22:20 - INFO - utils.trainer -   AUC: 0.66621
07/29/2026 13:22:20 - INFO - utils.trainer -   Accuracy: 0.55035
07/29/2026 13:22:20 - INFO - utils.trainer -   Precision: 0.54504
07/29/2026 13:22:20 - INFO - utils.trainer -   Specificity: 0.06542
07/29/2026 13:22:20 - INFO - utils.trainer -   Sensitivity: 0.97083
07/29/2026 13:22:20 - INFO - utils.trainer -   Epoch: 6, Loss: 0.60365, Val loss: 0.71462, Val AUC: 0.6662, Best val AUC: 0.6830, No improve: 3/10, Time: 76.1s
07/29/2026 13:23:38 - INFO - utils.trainer -   ***** Running evaluation on val dataset *****
07/29/2026 13:23:49 - INFO - utils.trainer -   Loss: 0.66517
07/29/2026 13:23:49 - INFO - utils.trainer -   AUC: 0.66667
07/29/2026 13:23:49 - INFO - utils.trainer -   Accuracy: 0.60938
07/29/2026 13:23:49 - INFO - utils.trainer -   Precision: 0.71355
07/29/2026 13:23:49 - INFO - utils.trainer -   Specificity: 0.79065
07/29/2026 13:23:49 - INFO - utils.trainer -   Sensitivity: 0.45219
07/29/2026 13:23:49 - INFO - utils.trainer -   Epoch: 7, Loss: 0.63630, Val loss: 0.66517, Val AUC: 0.6667, Best val AUC: 0.6830, No improve: 4/10, Time: 77.6s
07/29/2026 13:25:05 - INFO - utils.trainer -   ***** Running evaluation on val dataset *****
07/29/2026 13:25:17 - INFO - utils.trainer -   Loss: 0.64456
07/29/2026 13:25:17 - INFO - utils.trainer -   AUC: 0.68419
07/29/2026 13:25:17 - INFO - utils.trainer -   Accuracy: 0.63281
07/29/2026 13:25:17 - INFO - utils.trainer -   Precision: 0.70551
07/29/2026 13:25:17 - INFO - utils.trainer -   Specificity: 0.74019
07/29/2026 13:25:17 - INFO - utils.trainer -   Sensitivity: 0.53971
07/29/2026 13:25:17 - INFO - utils.trainer -   Model saved to output_dir/TimeLLM
07/29/2026 13:25:17 - INFO - utils.trainer -   Best model saved (val_AUC=0.6842)
07/29/2026 13:25:17 - INFO - utils.trainer -   Epoch: 8, Loss: 0.61605, Val loss: 0.64456, Val AUC: 0.6842, Best val AUC: 0.6842, No improve: 0/10, Time: 76.2s
07/29/2026 13:26:33 - INFO - utils.trainer -   ***** Running evaluation on val dataset *****
07/29/2026 13:26:44 - INFO - utils.trainer -   Loss: 0.74608
07/29/2026 13:26:44 - INFO - utils.trainer -   AUC: 0.68831
07/29/2026 13:26:44 - INFO - utils.trainer -   Accuracy: 0.57639
07/29/2026 13:26:44 - INFO - utils.trainer -   Precision: 0.56588
07/29/2026 13:26:44 - INFO - utils.trainer -   Specificity: 0.20561
07/29/2026 13:26:44 - INFO - utils.trainer -   Sensitivity: 0.89789
07/29/2026 13:26:45 - INFO - utils.trainer -   Model saved to output_dir/TimeLLM
07/29/2026 13:26:45 - INFO - utils.trainer -   Best model saved (val_AUC=0.6883)
07/29/2026 13:26:45 - INFO - utils.trainer -   Epoch: 9, Loss: 0.58495, Val loss: 0.74608, Val AUC: 0.6883, Best val AUC: 0.6883, No improve: 0/10, Time: 76.1s
07/29/2026 13:28:01 - INFO - utils.trainer -   ***** Running evaluation on val dataset *****
07/29/2026 13:28:12 - INFO - utils.trainer -   Loss: 0.71389
07/29/2026 13:28:12 - INFO - utils.trainer -   AUC: 0.67166
07/29/2026 13:28:12 - INFO - utils.trainer -   Accuracy: 0.61806
07/29/2026 13:28:12 - INFO - utils.trainer -   Precision: 0.66987
07/29/2026 13:28:12 - INFO - utils.trainer -   Specificity: 0.67850
07/29/2026 13:28:12 - INFO - utils.trainer -   Sensitivity: 0.56564
07/29/2026 13:28:12 - INFO - utils.trainer -   Epoch: 10, Loss: 0.53825, Val loss: 0.71389, Val AUC: 0.6717, Best val AUC: 0.6883, No improve: 1/10, Time: 76.0s
07/29/2026 13:29:29 - INFO - utils.trainer -   ***** Running evaluation on val dataset *****
07/29/2026 13:29:40 - INFO - utils.trainer -   Loss: 0.69935
07/29/2026 13:29:40 - INFO - utils.trainer -   AUC: 0.69073
07/29/2026 13:29:40 - INFO - utils.trainer -   Accuracy: 0.63281
07/29/2026 13:29:40 - INFO - utils.trainer -   Precision: 0.69020
07/29/2026 13:29:40 - INFO - utils.trainer -   Specificity: 0.70467
07/29/2026 13:29:40 - INFO - utils.trainer -   Sensitivity: 0.57050
07/29/2026 13:29:40 - INFO - utils.trainer -   Model saved to output_dir/TimeLLM
07/29/2026 13:29:40 - INFO - utils.trainer -   Best model saved (val_AUC=0.6907)
07/29/2026 13:29:40 - INFO - utils.trainer -   Epoch: 11, Loss: 0.53313, Val loss: 0.69935, Val AUC: 0.6907, Best val AUC: 0.6907, No improve: 0/10, Time: 76.6s
07/29/2026 13:30:57 - INFO - utils.trainer -   ***** Running evaluation on val dataset *****
07/29/2026 13:31:08 - INFO - utils.trainer -   Loss: 0.68844
07/29/2026 13:31:08 - INFO - utils.trainer -   AUC: 0.68843
07/29/2026 13:31:08 - INFO - utils.trainer -   Accuracy: 0.63802
07/29/2026 13:31:08 - INFO - utils.trainer -   Precision: 0.70408
07/29/2026 13:31:08 - INFO - utils.trainer -   Specificity: 0.72897
07/29/2026 13:31:08 - INFO - utils.trainer -   Sensitivity: 0.55916
07/29/2026 13:31:08 - INFO - utils.trainer -   Epoch: 12, Loss: 0.47981, Val loss: 0.68844, Val AUC: 0.6884, Best val AUC: 0.6907, No improve: 1/10, Time: 76.2s
07/29/2026 13:32:23 - INFO - utils.trainer -   ***** Running evaluation on val dataset *****
07/29/2026 13:32:35 - INFO - utils.trainer -   Loss: 0.72268
07/29/2026 13:32:35 - INFO - utils.trainer -   AUC: 0.68973
07/29/2026 13:32:35 - INFO - utils.trainer -   Accuracy: 0.64323
07/29/2026 13:32:35 - INFO - utils.trainer -   Precision: 0.68262
07/29/2026 13:32:35 - INFO - utils.trainer -   Specificity: 0.66542
07/29/2026 13:32:35 - INFO - utils.trainer -   Sensitivity: 0.62399
07/29/2026 13:32:35 - INFO - utils.trainer -   Epoch: 13, Loss: 0.47857, Val loss: 0.72268, Val AUC: 0.6897, Best val AUC: 0.6907, No improve: 2/10, Time: 75.8s
07/29/2026 13:33:51 - INFO - utils.trainer -   ***** Running evaluation on val dataset *****
07/29/2026 13:34:02 - INFO - utils.trainer -   Loss: 0.70253
07/29/2026 13:34:02 - INFO - utils.trainer -   AUC: 0.69554
07/29/2026 13:34:02 - INFO - utils.trainer -   Accuracy: 0.63368
07/29/2026 13:34:02 - INFO - utils.trainer -   Precision: 0.65751
07/29/2026 13:34:02 - INFO - utils.trainer -   Specificity: 0.60374
07/29/2026 13:34:02 - INFO - utils.trainer -   Sensitivity: 0.65964
07/29/2026 13:34:03 - INFO - utils.trainer -   Model saved to output_dir/TimeLLM
07/29/2026 13:34:03 - INFO - utils.trainer -   Best model saved (val_AUC=0.6955)
07/29/2026 13:34:03 - INFO - utils.trainer -   Epoch: 14, Loss: 0.45227, Val loss: 0.70253, Val AUC: 0.6955, Best val AUC: 0.6955, No improve: 0/10, Time: 76.3s
07/29/2026 13:35:19 - INFO - utils.trainer -   ***** Running evaluation on val dataset *****
07/29/2026 13:35:30 - INFO - utils.trainer -   Loss: 0.72703
07/29/2026 13:35:30 - INFO - utils.trainer -   AUC: 0.68958
07/29/2026 13:35:30 - INFO - utils.trainer -   Accuracy: 0.64149
07/29/2026 13:35:30 - INFO - utils.trainer -   Precision: 0.67057
07/29/2026 13:35:30 - INFO - utils.trainer -   Specificity: 0.63178
07/29/2026 13:35:30 - INFO - utils.trainer -   Sensitivity: 0.64992
07/29/2026 13:35:30 - INFO - utils.trainer -   Epoch: 15, Loss: 0.47289, Val loss: 0.72703, Val AUC: 0.6896, Best val AUC: 0.6955, No improve: 1/10, Time: 76.0s
07/29/2026 13:36:46 - INFO - utils.trainer -   ***** Running evaluation on val dataset *****
07/29/2026 13:36:57 - INFO - utils.trainer -   Loss: 0.72978
07/29/2026 13:36:57 - INFO - utils.trainer -   AUC: 0.70037
07/29/2026 13:36:57 - INFO - utils.trainer -   Accuracy: 0.64062
07/29/2026 13:36:57 - INFO - utils.trainer -   Precision: 0.66777
07/29/2026 13:36:57 - INFO - utils.trainer -   Specificity: 0.62430
07/29/2026 13:36:57 - INFO - utils.trainer -   Sensitivity: 0.65478
07/29/2026 13:36:57 - INFO - utils.trainer -   Model saved to output_dir/TimeLLM
07/29/2026 13:36:57 - INFO - utils.trainer -   Best model saved (val_AUC=0.7004)
07/29/2026 13:36:57 - INFO - utils.trainer -   Epoch: 16, Loss: 0.42349, Val loss: 0.72978, Val AUC: 0.7004, Best val AUC: 0.7004, No improve: 0/10, Time: 75.9s
07/29/2026 13:38:14 - INFO - utils.trainer -   ***** Running evaluation on val dataset *****
07/29/2026 13:38:25 - INFO - utils.trainer -   Loss: 0.77697
07/29/2026 13:38:25 - INFO - utils.trainer -   AUC: 0.68900
07/29/2026 13:38:25 - INFO - utils.trainer -   Accuracy: 0.63889
07/29/2026 13:38:25 - INFO - utils.trainer -   Precision: 0.69439
07/29/2026 13:38:25 - INFO - utils.trainer -   Specificity: 0.70467
07/29/2026 13:38:25 - INFO - utils.trainer -   Sensitivity: 0.58185
07/29/2026 13:38:25 - INFO - utils.trainer -   Epoch: 17, Loss: 0.41337, Val loss: 0.77697, Val AUC: 0.6890, Best val AUC: 0.7004, No improve: 1/10, Time: 76.1s
07/29/2026 13:39:42 - INFO - utils.trainer -   ***** Running evaluation on val dataset *****
07/29/2026 13:39:54 - INFO - utils.trainer -   Loss: 0.75763
07/29/2026 13:39:54 - INFO - utils.trainer -   AUC: 0.69125
07/29/2026 13:39:54 - INFO - utils.trainer -   Accuracy: 0.64670
07/29/2026 13:39:54 - INFO - utils.trainer -   Precision: 0.68293
07/29/2026 13:39:54 - INFO - utils.trainer -   Specificity: 0.65981
07/29/2026 13:39:54 - INFO - utils.trainer -   Sensitivity: 0.63533
07/29/2026 13:39:54 - INFO - utils.trainer -   Epoch: 18, Loss: 0.36918, Val loss: 0.75763, Val AUC: 0.6913, Best val AUC: 0.7004, No improve: 2/10, Time: 77.6s
07/29/2026 13:41:10 - INFO - utils.trainer -   ***** Running evaluation on val dataset *****
07/29/2026 13:41:21 - INFO - utils.trainer -   Loss: 0.88299
07/29/2026 13:41:21 - INFO - utils.trainer -   AUC: 0.67893
07/29/2026 13:41:21 - INFO - utils.trainer -   Accuracy: 0.62500
07/29/2026 13:41:21 - INFO - utils.trainer -   Precision: 0.66087
07/29/2026 13:41:21 - INFO - utils.trainer -   Specificity: 0.63551
07/29/2026 13:41:21 - INFO - utils.trainer -   Sensitivity: 0.61588
07/29/2026 13:41:21 - INFO - utils.trainer -   Epoch: 19, Loss: 0.36343, Val loss: 0.88299, Val AUC: 0.6789, Best val AUC: 0.7004, No improve: 3/10, Time: 76.3s
07/29/2026 13:42:38 - INFO - utils.trainer -   ***** Running evaluation on val dataset *****
07/29/2026 13:42:49 - INFO - utils.trainer -   Loss: 0.94050
07/29/2026 13:42:49 - INFO - utils.trainer -   AUC: 0.67361
07/29/2026 13:42:49 - INFO - utils.trainer -   Accuracy: 0.62240
07/29/2026 13:42:49 - INFO - utils.trainer -   Precision: 0.69444
07/29/2026 13:42:49 - INFO - utils.trainer -   Specificity: 0.73271
07/29/2026 13:42:49 - INFO - utils.trainer -   Sensitivity: 0.52674
07/29/2026 13:42:49 - INFO - utils.trainer -   Epoch: 20, Loss: 0.29698, Val loss: 0.94050, Val AUC: 0.6736, Best val AUC: 0.7004, No improve: 4/10, Time: 76.3s
07/29/2026 13:44:06 - INFO - utils.trainer -   ***** Running evaluation on val dataset *****
07/29/2026 13:44:17 - INFO - utils.trainer -   Loss: 0.96688
07/29/2026 13:44:17 - INFO - utils.trainer -   AUC: 0.68297
07/29/2026 13:44:17 - INFO - utils.trainer -   Accuracy: 0.62413
07/29/2026 13:44:17 - INFO - utils.trainer -   Precision: 0.61917
07/29/2026 13:44:17 - INFO - utils.trainer -   Specificity: 0.45047
07/29/2026 13:44:17 - INFO - utils.trainer -   Sensitivity: 0.77472
07/29/2026 13:44:17 - INFO - utils.trainer -   Epoch: 21, Loss: 0.34312, Val loss: 0.96688, Val AUC: 0.6830, Best val AUC: 0.7004, No improve: 5/10, Time: 76.5s
07/29/2026 13:45:33 - INFO - utils.trainer -   ***** Running evaluation on val dataset *****
07/29/2026 13:45:44 - INFO - utils.trainer -   Loss: 0.89555
07/29/2026 13:45:44 - INFO - utils.trainer -   AUC: 0.68585
07/29/2026 13:45:44 - INFO - utils.trainer -   Accuracy: 0.63368
07/29/2026 13:45:44 - INFO - utils.trainer -   Precision: 0.63948
07/29/2026 13:45:44 - INFO - utils.trainer -   Specificity: 0.52897
07/29/2026 13:45:44 - INFO - utils.trainer -   Sensitivity: 0.72447
07/29/2026 13:45:44 - INFO - utils.trainer -   Epoch: 22, Loss: 0.27392, Val loss: 0.89555, Val AUC: 0.6858, Best val AUC: 0.7004, No improve: 6/10, Time: 76.1s
07/29/2026 13:47:01 - INFO - utils.trainer -   ***** Running evaluation on val dataset *****
07/29/2026 13:47:12 - INFO - utils.trainer -   Loss: 1.12017
07/29/2026 13:47:12 - INFO - utils.trainer -   AUC: 0.67753
07/29/2026 13:47:12 - INFO - utils.trainer -   Accuracy: 0.62847
07/29/2026 13:47:12 - INFO - utils.trainer -   Precision: 0.62418
07/29/2026 13:47:12 - INFO - utils.trainer -   Specificity: 0.46542
07/29/2026 13:47:12 - INFO - utils.trainer -   Sensitivity: 0.76985
07/29/2026 13:47:12 - INFO - utils.trainer -   Epoch: 23, Loss: 0.25056, Val loss: 1.12017, Val AUC: 0.6775, Best val AUC: 0.7004, No improve: 7/10, Time: 76.2s
07/29/2026 13:48:28 - INFO - utils.trainer -   ***** Running evaluation on val dataset *****
07/29/2026 13:48:39 - INFO - utils.trainer -   Loss: 1.03321
07/29/2026 13:48:39 - INFO - utils.trainer -   AUC: 0.68310
07/29/2026 13:48:39 - INFO - utils.trainer -   Accuracy: 0.62760
07/29/2026 13:48:39 - INFO - utils.trainer -   Precision: 0.65878
07/29/2026 13:48:39 - INFO - utils.trainer -   Specificity: 0.62243
07/29/2026 13:48:39 - INFO - utils.trainer -   Sensitivity: 0.63209
07/29/2026 13:48:39 - INFO - utils.trainer -   Epoch: 24, Loss: 0.23833, Val loss: 1.03321, Val AUC: 0.6831, Best val AUC: 0.7004, No improve: 8/10, Time: 76.5s
07/29/2026 13:49:56 - INFO - utils.trainer -   ***** Running evaluation on val dataset *****
07/29/2026 13:50:07 - INFO - utils.trainer -   Loss: 1.10839
07/29/2026 13:50:07 - INFO - utils.trainer -   AUC: 0.67338
07/29/2026 13:50:07 - INFO - utils.trainer -   Accuracy: 0.62153
07/29/2026 13:50:07 - INFO - utils.trainer -   Precision: 0.68973
07/29/2026 13:50:07 - INFO - utils.trainer -   Specificity: 0.72336
07/29/2026 13:50:07 - INFO - utils.trainer -   Sensitivity: 0.53323
07/29/2026 13:50:08 - INFO - utils.trainer -   Model saved to output_dir/TimeLLM/checkpoint-epoch-25
07/29/2026 13:50:08 - INFO - utils.trainer -   Checkpoint saved at epoch 25
07/29/2026 13:50:08 - INFO - utils.trainer -   Epoch: 25, Loss: 0.21419, Val loss: 1.10839, Val AUC: 0.6734, Best val AUC: 0.7004, No improve: 9/10, Time: 76.5s
07/29/2026 13:51:24 - INFO - utils.trainer -   ***** Running evaluation on val dataset *****
07/29/2026 13:51:35 - INFO - utils.trainer -   Loss: 1.17509
07/29/2026 13:51:35 - INFO - utils.trainer -   AUC: 0.68215
07/29/2026 13:51:35 - INFO - utils.trainer -   Accuracy: 0.63628
07/29/2026 13:51:35 - INFO - utils.trainer -   Precision: 0.68132
07/29/2026 13:51:35 - INFO - utils.trainer -   Specificity: 0.67477
07/29/2026 13:51:35 - INFO - utils.trainer -   Sensitivity: 0.60292
07/29/2026 13:51:35 - INFO - utils.trainer -   Epoch: 26, Loss: 0.17931, Val loss: 1.17509, Val AUC: 0.6822, Best val AUC: 0.7004, No improve: 10/10, Time: 76.4s
07/29/2026 13:51:35 - INFO - utils.trainer -   Early stopping triggered at epoch 26
07/29/2026 13:51:35 - INFO - utils.trainer -   Early stopping triggered at epoch 26
07/29/2026 13:51:35 - INFO - utils.trainer -   Early stopping triggered at epoch 26
07/29/2026 13:51:35 - INFO - utils.trainer -   Early stopping triggered at epoch 26
07/29/2026 13:51:35 - INFO - utils.trainer -   Early stopping triggered at epoch 26
07/29/2026 13:51:35 - INFO - utils.trainer -   Early stopping triggered at epoch 26
07/29/2026 13:51:35 - INFO - utils.trainer -     582 keys not in checkpoint (kept from init)
07/29/2026 13:51:35 - INFO - utils.trainer -   Model loaded from output_dir/TimeLLM/TimeLLM-0.bin (22/22 keys)
07/29/2026 13:51:35 - INFO - utils.trainer -   ***** Running evaluation on test dataset *****
07/29/2026 13:51:35 - INFO - utils.trainer -     582 keys not in checkpoint (kept from init)
07/29/2026 13:51:35 - INFO - utils.trainer -   Model loaded from output_dir/TimeLLM/TimeLLM-0.bin (22/22 keys)
07/29/2026 13:51:35 - INFO - utils.trainer -     582 keys not in checkpoint (kept from init)
07/29/2026 13:51:35 - INFO - utils.trainer -   Model loaded from output_dir/TimeLLM/TimeLLM-0.bin (22/22 keys)
07/29/2026 13:51:35 - INFO - utils.trainer -     582 keys not in checkpoint (kept from init)
07/29/2026 13:51:35 - INFO - utils.trainer -   Model loaded from output_dir/TimeLLM/TimeLLM-0.bin (22/22 keys)
07/29/2026 13:51:35 - INFO - utils.trainer -     582 keys not in checkpoint (kept from init)
07/29/2026 13:51:35 - INFO - utils.trainer -     582 keys not in checkpoint (kept from init)
07/29/2026 13:51:35 - INFO - utils.trainer -   Model loaded from output_dir/TimeLLM/TimeLLM-0.bin (22/22 keys)
07/29/2026 13:51:35 - INFO - utils.trainer -   Model loaded from output_dir/TimeLLM/TimeLLM-0.bin (22/22 keys)
07/29/2026 13:51:47 - INFO - utils.trainer -   Loss: 0.63555
07/29/2026 13:51:47 - INFO - utils.trainer -   AUC: 0.75165
07/29/2026 13:51:47 - INFO - utils.trainer -   Accuracy: 0.69211
07/29/2026 13:51:47 - INFO - utils.trainer -   Precision: 0.72881
07/29/2026 13:51:47 - INFO - utils.trainer -   Specificity: 0.64228
07/29/2026 13:51:47 - INFO - utils.trainer -   Sensitivity: 0.72994
07/29/2026 13:51:47 - INFO - utils.trainer -   === Best epoch test result ===
07/29/2026 13:51:47 - INFO - utils.trainer -     Loss: 0.63555
07/29/2026 13:51:47 - INFO - utils.trainer -     AUC: 0.75165
07/29/2026 13:51:47 - INFO - utils.trainer -     Accuracy: 0.69211
07/29/2026 13:51:47 - INFO - utils.trainer -     Precision: 0.72881
07/29/2026 13:51:47 - INFO - utils.trainer -     Specificity: 0.64228
07/29/2026 13:51:47 - INFO - utils.trainer -     Sensitivity: 0.72994
07/29/2026 13:51:47 - INFO - utils.trainer -   Model saved to output_dir/TimeLLM/final-epoch-200
07/29/2026 13:51:47 - INFO - utils.trainer -   Final model saved at epoch 200
