07/27/2026 12:51:39 - INFO - __main__ -   ########## Repeat:0 ##########
07/27/2026 12:51:39 - INFO - utils.trainer -   ***** Running training *****
07/27/2026 12:51:39 - INFO - utils.trainer -     Num examples = 216
07/27/2026 12:51:39 - INFO - utils.trainer -     Num Epochs = 200
07/27/2026 12:51:39 - INFO - utils.trainer -     Total train batch size = 4
07/27/2026 12:51:39 - INFO - utils.trainer -     warmup steps = 400
07/27/2026 12:51:39 - INFO - utils.trainer -     Total optimization steps = 43200
07/27/2026 12:51:39 - INFO - utils.trainer -     Save steps = 200
07/27/2026 12:51:45 - INFO - utils.trainer -   ***** Running evaluation on val dataset *****
07/27/2026 12:51:48 - INFO - utils.trainer -   Loss: 2.43129
07/27/2026 12:51:48 - INFO - utils.trainer -   AUC: 0.74836
07/27/2026 12:51:48 - INFO - utils.trainer -   Accuracy: 0.65191
07/27/2026 12:51:48 - INFO - utils.trainer -   Precision: 0.82530
07/27/2026 12:51:48 - INFO - utils.trainer -   Recall: 0.44408
07/27/2026 12:51:48 - INFO - utils.trainer -   F_score: 0.57745
07/27/2026 12:51:48 - INFO - utils.trainer -   Specificity: 0.00000
07/27/2026 12:51:48 - INFO - utils.trainer -   Sensitivity: 0.00000
07/27/2026 12:51:48 - INFO - utils.trainer -   ***** Running evaluation on test dataset *****
07/27/2026 12:51:50 - INFO - utils.trainer -   Loss: 2.38774
07/27/2026 12:51:50 - INFO - utils.trainer -   AUC: 0.73080
07/27/2026 12:51:50 - INFO - utils.trainer -   Accuracy: 0.62719
07/27/2026 12:51:50 - INFO - utils.trainer -   Precision: 0.81408
07/27/2026 12:51:50 - INFO - utils.trainer -   Recall: 0.44599
07/27/2026 12:51:50 - INFO - utils.trainer -   F_score: 0.57627
07/27/2026 12:51:50 - INFO - utils.trainer -   Specificity: 0.00000
07/27/2026 12:51:50 - INFO - utils.trainer -   Sensitivity: 0.00000
07/27/2026 12:51:50 - INFO - utils.trainer -   Model saved to output_dir/BNT
07/27/2026 12:51:50 - INFO - utils.trainer -   Best model saved (val_loss=2.4313, test_acc=0.6272)
07/27/2026 12:51:50 - INFO - utils.trainer -   Epoch: 1, Loss: 2.55044, Val loss: 2.43129, Test loss: 2.38774, Val Acc: 0.6519, Best val loss: 2.4313, No improve: 0/20, Time: 6.3s
