08/22/2026 00:06:01 - INFO - __main__ -   ########## Repeat:0 ##########
08/22/2026 00:06:01 - INFO - utils.trainer -   ***** Running training *****
08/22/2026 00:06:01 - INFO - utils.trainer -     Num examples = 161
08/22/2026 00:06:01 - INFO - utils.trainer -     Num Epochs = 200
08/22/2026 00:06:01 - INFO - utils.trainer -     Total train batch size = 4
08/22/2026 00:06:01 - INFO - utils.trainer -     warmup steps = 400
08/22/2026 00:06:01 - INFO - utils.trainer -     Total optimization steps = 32200
08/22/2026 00:06:01 - INFO - utils.trainer -     Save steps = 25
08/22/2026 00:06:55 - INFO - utils.trainer -   ***** Running regression evaluation on val0 dataset *****
08/22/2026 00:07:00 - INFO - utils.trainer -   Loss: 0.03459
08/22/2026 00:07:00 - INFO - utils.trainer -   MSE: 367.52924
08/22/2026 00:07:00 - INFO - utils.trainer -   MAE: 16.77910
08/22/2026 00:07:00 - INFO - utils.trainer -   RMSE: 19.17105
08/22/2026 00:07:00 - INFO - utils.trainer -   R2: -2.31385
08/22/2026 00:07:00 - INFO - utils.trainer -   PearsonR: -0.00414
08/22/2026 00:07:01 - INFO - utils.trainer -   Model saved to output_dir/TimeLLM_AgeCAUEEG_train
08/22/2026 00:07:01 - INFO - utils.trainer -   Best model saved (val_Loss=0.0346)
08/22/2026 00:07:01 - INFO - utils.trainer -   Epoch: 1, Loss: 0.07294, Val loss: 0.03459, Val Loss: 0.0346, Best val Loss: 0.0346, No improve: 0/10, Time: 53.1s
08/22/2026 00:07:54 - INFO - utils.trainer -   ***** Running regression evaluation on val0 dataset *****
08/22/2026 00:08:00 - INFO - utils.trainer -   Loss: 0.01133
08/22/2026 00:08:00 - INFO - utils.trainer -   MSE: 120.62528
08/22/2026 00:08:00 - INFO - utils.trainer -   MAE: 8.50329
08/22/2026 00:08:00 - INFO - utils.trainer -   RMSE: 10.98295
08/22/2026 00:08:00 - INFO - utils.trainer -   R2: -0.08762
08/22/2026 00:08:00 - INFO - utils.trainer -   PearsonR: 0.09263
08/22/2026 00:08:00 - INFO - utils.trainer -   Model saved to output_dir/TimeLLM_AgeCAUEEG_train
08/22/2026 00:08:00 - INFO - utils.trainer -   Best model saved (val_Loss=0.0113)
08/22/2026 00:08:00 - INFO - utils.trainer -   Epoch: 2, Loss: 0.03431, Val loss: 0.01133, Val Loss: 0.0113, Best val Loss: 0.0113, No improve: 0/10, Time: 53.3s
08/22/2026 00:15:54 - INFO - __main__ -   ########## Repeat:0 ##########
08/22/2026 00:15:54 - INFO - utils.trainer -   ***** Running training *****
08/22/2026 00:15:54 - INFO - utils.trainer -     Num examples = 161
08/22/2026 00:15:54 - INFO - utils.trainer -     Num Epochs = 200
08/22/2026 00:15:54 - INFO - utils.trainer -     Total train batch size = 4
08/22/2026 00:15:54 - INFO - utils.trainer -     warmup steps = 400
08/22/2026 00:15:54 - INFO - utils.trainer -     Total optimization steps = 32200
08/22/2026 00:15:54 - INFO - utils.trainer -     Save steps = 25
08/22/2026 00:16:47 - INFO - utils.trainer -   ***** Running regression evaluation on val0 dataset *****
08/22/2026 00:16:52 - INFO - utils.trainer -   Loss: 0.03459
08/22/2026 00:16:52 - INFO - utils.trainer -   MSE: 367.52924
08/22/2026 00:16:52 - INFO - utils.trainer -   MAE: 16.77910
08/22/2026 00:16:52 - INFO - utils.trainer -   RMSE: 19.17105
08/22/2026 00:16:52 - INFO - utils.trainer -   R2: -2.31385
08/22/2026 00:16:52 - INFO - utils.trainer -   PearsonR: -0.00414
08/22/2026 00:16:53 - INFO - utils.trainer -   Model saved to output_dir/TimeLLM_AgeCAUEEG_train
08/22/2026 00:16:53 - INFO - utils.trainer -   Best model saved (val_Loss=0.0346)
08/22/2026 00:16:53 - INFO - utils.trainer -   Epoch: 1, Loss: 0.07294, Val loss: 0.03459, Val Loss: 0.0346, Best val Loss: 0.0346, No improve: 0/10, Time: 53.2s
