08/09/2026 18:23:46 - INFO - __main__ -   ########## Repeat:0 ##########
08/09/2026 18:23:46 - INFO - utils.trainer -   ***** Running training *****
08/09/2026 18:23:46 - INFO - utils.trainer -     Num examples = 296
08/09/2026 18:23:46 - INFO - utils.trainer -     Num Epochs = 200
08/09/2026 18:23:46 - INFO - utils.trainer -     Total train batch size = 2
08/09/2026 18:23:46 - INFO - utils.trainer -     warmup steps = 400
08/09/2026 18:23:46 - INFO - utils.trainer -     Total optimization steps = 59200
08/09/2026 18:23:46 - INFO - utils.trainer -     Save steps = 25
08/09/2026 18:25:13 - INFO - utils.trainer -   ***** Running evaluation on val dataset *****
08/09/2026 18:25:21 - INFO - utils.trainer -   Loss: 0.69204
08/09/2026 18:25:21 - INFO - utils.trainer -   AUC: 0.51391
08/09/2026 18:25:21 - INFO - utils.trainer -   Accuracy: 0.54167
08/09/2026 18:25:21 - INFO - utils.trainer -   Precision: 0.54167
08/09/2026 18:25:21 - INFO - utils.trainer -   Specificity: 0.00000
08/09/2026 18:25:21 - INFO - utils.trainer -   Sensitivity: 1.00000
08/09/2026 18:25:22 - INFO - utils.trainer -   Model saved to output_dir/TimeLLM_DiseaseCAUEEG_train
08/09/2026 18:25:22 - INFO - utils.trainer -   Best model saved (val_AUC=0.5139)
08/09/2026 18:25:22 - INFO - utils.trainer -   Epoch: 1, Loss: 0.84770, Val loss: 0.69204, Val AUC: 0.5139, Best val AUC: 0.5139, No improve: 0/10, Time: 87.3s
08/09/2026 18:26:48 - INFO - utils.trainer -   ***** Running evaluation on val dataset *****
08/09/2026 18:26:56 - INFO - utils.trainer -   Loss: 0.85307
08/09/2026 18:26:56 - INFO - utils.trainer -   AUC: 0.61849
08/09/2026 18:26:56 - INFO - utils.trainer -   Accuracy: 0.45833
08/09/2026 18:26:56 - INFO - utils.trainer -   Precision: 0.00000
08/09/2026 18:26:56 - INFO - utils.trainer -   Specificity: 1.00000
08/09/2026 18:26:56 - INFO - utils.trainer -   Sensitivity: 0.00000
08/09/2026 18:26:57 - INFO - utils.trainer -   Model saved to output_dir/TimeLLM_DiseaseCAUEEG_train
08/09/2026 18:26:57 - INFO - utils.trainer -   Best model saved (val_AUC=0.6185)
08/09/2026 18:26:57 - INFO - utils.trainer -   Epoch: 2, Loss: 0.82924, Val loss: 0.85307, Val AUC: 0.6185, Best val AUC: 0.6185, No improve: 0/10, Time: 86.6s
08/09/2026 18:28:23 - INFO - utils.trainer -   ***** Running evaluation on val dataset *****
08/09/2026 18:28:31 - INFO - utils.trainer -   Loss: 0.62255
08/09/2026 18:28:31 - INFO - utils.trainer -   AUC: 0.71419
08/09/2026 18:28:31 - INFO - utils.trainer -   Accuracy: 0.66129
08/09/2026 18:28:31 - INFO - utils.trainer -   Precision: 0.64381
08/09/2026 18:28:31 - INFO - utils.trainer -   Specificity: 0.45161
08/09/2026 18:28:31 - INFO - utils.trainer -   Sensitivity: 0.83871
08/09/2026 18:28:32 - INFO - utils.trainer -   Model saved to output_dir/TimeLLM_DiseaseCAUEEG_train
08/09/2026 18:28:32 - INFO - utils.trainer -   Best model saved (val_AUC=0.7142)
08/09/2026 18:28:32 - INFO - utils.trainer -   Epoch: 3, Loss: 0.70997, Val loss: 0.62255, Val AUC: 0.7142, Best val AUC: 0.7142, No improve: 0/10, Time: 86.8s
08/09/2026 18:29:58 - INFO - utils.trainer -   ***** Running evaluation on val dataset *****
08/09/2026 18:30:05 - INFO - utils.trainer -   Loss: 0.98349
08/09/2026 18:30:05 - INFO - utils.trainer -   AUC: 0.71280
08/09/2026 18:30:05 - INFO - utils.trainer -   Accuracy: 0.49731
08/09/2026 18:30:05 - INFO - utils.trainer -   Precision: 0.73770
08/09/2026 18:30:05 - INFO - utils.trainer -   Specificity: 0.95308
08/09/2026 18:30:05 - INFO - utils.trainer -   Sensitivity: 0.11166
08/09/2026 18:30:05 - INFO - utils.trainer -   Epoch: 4, Loss: 0.62085, Val loss: 0.98349, Val AUC: 0.7128, Best val AUC: 0.7142, No improve: 1/10, Time: 85.7s
08/09/2026 18:31:31 - INFO - utils.trainer -   ***** Running evaluation on val dataset *****
08/09/2026 18:31:38 - INFO - utils.trainer -   Loss: 0.61800
08/09/2026 18:31:38 - INFO - utils.trainer -   AUC: 0.75722
08/09/2026 18:31:38 - INFO - utils.trainer -   Accuracy: 0.68683
08/09/2026 18:31:38 - INFO - utils.trainer -   Precision: 0.73743
08/09/2026 18:31:38 - INFO - utils.trainer -   Specificity: 0.72434
08/09/2026 18:31:38 - INFO - utils.trainer -   Sensitivity: 0.65509
08/09/2026 18:31:39 - INFO - utils.trainer -   Model saved to output_dir/TimeLLM_DiseaseCAUEEG_train
08/09/2026 18:31:39 - INFO - utils.trainer -   Best model saved (val_AUC=0.7572)
08/09/2026 18:31:39 - INFO - utils.trainer -   Epoch: 5, Loss: 0.58776, Val loss: 0.61800, Val AUC: 0.7572, Best val AUC: 0.7572, No improve: 0/10, Time: 85.7s
08/09/2026 18:33:05 - INFO - utils.trainer -   ***** Running evaluation on val dataset *****
08/09/2026 18:33:13 - INFO - utils.trainer -   Loss: 0.66223
08/09/2026 18:33:13 - INFO - utils.trainer -   AUC: 0.74851
08/09/2026 18:33:13 - INFO - utils.trainer -   Accuracy: 0.67339
08/09/2026 18:33:13 - INFO - utils.trainer -   Precision: 0.72472
08/09/2026 18:33:13 - INFO - utils.trainer -   Specificity: 0.71261
08/09/2026 18:33:13 - INFO - utils.trainer -   Sensitivity: 0.64020
08/09/2026 18:33:13 - INFO - utils.trainer -   Epoch: 6, Loss: 0.53642, Val loss: 0.66223, Val AUC: 0.7485, Best val AUC: 0.7572, No improve: 1/10, Time: 85.9s
08/09/2026 18:34:39 - INFO - utils.trainer -   ***** Running evaluation on val dataset *****
08/09/2026 18:34:46 - INFO - utils.trainer -   Loss: 0.64044
08/09/2026 18:34:46 - INFO - utils.trainer -   AUC: 0.73405
08/09/2026 18:34:46 - INFO - utils.trainer -   Accuracy: 0.66935
08/09/2026 18:34:46 - INFO - utils.trainer -   Precision: 0.67882
08/09/2026 18:34:46 - INFO - utils.trainer -   Specificity: 0.58651
08/09/2026 18:34:46 - INFO - utils.trainer -   Sensitivity: 0.73945
08/09/2026 18:34:46 - INFO - utils.trainer -   Epoch: 7, Loss: 0.53276, Val loss: 0.64044, Val AUC: 0.7341, Best val AUC: 0.7572, No improve: 2/10, Time: 85.8s
08/09/2026 18:36:12 - INFO - utils.trainer -   ***** Running evaluation on val dataset *****
08/09/2026 18:36:19 - INFO - utils.trainer -   Loss: 0.88047
08/09/2026 18:36:19 - INFO - utils.trainer -   AUC: 0.72388
08/09/2026 18:36:19 - INFO - utils.trainer -   Accuracy: 0.65457
08/09/2026 18:36:19 - INFO - utils.trainer -   Precision: 0.76838
08/09/2026 18:36:19 - INFO - utils.trainer -   Specificity: 0.81525
08/09/2026 18:36:19 - INFO - utils.trainer -   Sensitivity: 0.51861
08/09/2026 18:36:19 - INFO - utils.trainer -   Epoch: 8, Loss: 0.47041, Val loss: 0.88047, Val AUC: 0.7239, Best val AUC: 0.7572, No improve: 3/10, Time: 85.8s
08/09/2026 18:37:46 - INFO - utils.trainer -   ***** Running evaluation on val dataset *****
08/09/2026 18:37:54 - INFO - utils.trainer -   Loss: 0.81266
08/09/2026 18:37:54 - INFO - utils.trainer -   AUC: 0.74132
08/09/2026 18:37:54 - INFO - utils.trainer -   Accuracy: 0.65188
08/09/2026 18:37:54 - INFO - utils.trainer -   Precision: 0.78800
08/09/2026 18:37:54 - INFO - utils.trainer -   Specificity: 0.84457
08/09/2026 18:37:54 - INFO - utils.trainer -   Sensitivity: 0.48883
08/09/2026 18:37:54 - INFO - utils.trainer -   Epoch: 9, Loss: 0.48158, Val loss: 0.81266, Val AUC: 0.7413, Best val AUC: 0.7572, No improve: 4/10, Time: 86.6s
08/09/2026 18:39:19 - INFO - utils.trainer -   ***** Running evaluation on val dataset *****
08/09/2026 18:39:26 - INFO - utils.trainer -   Loss: 0.71557
08/09/2026 18:39:26 - INFO - utils.trainer -   AUC: 0.73198
08/09/2026 18:39:26 - INFO - utils.trainer -   Accuracy: 0.66532
08/09/2026 18:39:26 - INFO - utils.trainer -   Precision: 0.65524
08/09/2026 18:39:26 - INFO - utils.trainer -   Specificity: 0.49853
08/09/2026 18:39:26 - INFO - utils.trainer -   Sensitivity: 0.80645
08/09/2026 18:39:26 - INFO - utils.trainer -   Epoch: 10, Loss: 0.43088, Val loss: 0.71557, Val AUC: 0.7320, Best val AUC: 0.7572, No improve: 5/10, Time: 85.4s
08/09/2026 18:40:52 - INFO - utils.trainer -   ***** Running evaluation on val dataset *****
08/09/2026 18:41:00 - INFO - utils.trainer -   Loss: 0.70424
08/09/2026 18:41:00 - INFO - utils.trainer -   AUC: 0.73363
08/09/2026 18:41:00 - INFO - utils.trainer -   Accuracy: 0.65995
08/09/2026 18:41:00 - INFO - utils.trainer -   Precision: 0.65244
08/09/2026 18:41:00 - INFO - utils.trainer -   Specificity: 0.49853
08/09/2026 18:41:00 - INFO - utils.trainer -   Sensitivity: 0.79653
08/09/2026 18:41:00 - INFO - utils.trainer -   Epoch: 11, Loss: 0.41421, Val loss: 0.70424, Val AUC: 0.7336, Best val AUC: 0.7572, No improve: 6/10, Time: 85.5s
08/09/2026 18:42:25 - INFO - utils.trainer -   ***** Running evaluation on val dataset *****
08/09/2026 18:42:33 - INFO - utils.trainer -   Loss: 0.73353
08/09/2026 18:42:33 - INFO - utils.trainer -   AUC: 0.75957
08/09/2026 18:42:33 - INFO - utils.trainer -   Accuracy: 0.71102
08/09/2026 18:42:33 - INFO - utils.trainer -   Precision: 0.73383
08/09/2026 18:42:33 - INFO - utils.trainer -   Specificity: 0.68622
08/09/2026 18:42:33 - INFO - utils.trainer -   Sensitivity: 0.73201
08/09/2026 18:42:34 - INFO - utils.trainer -   Model saved to output_dir/TimeLLM_DiseaseCAUEEG_train
08/09/2026 18:42:34 - INFO - utils.trainer -   Best model saved (val_AUC=0.7596)
08/09/2026 18:42:34 - INFO - utils.trainer -   Epoch: 12, Loss: 0.40907, Val loss: 0.73353, Val AUC: 0.7596, Best val AUC: 0.7596, No improve: 0/10, Time: 85.7s
08/09/2026 18:43:59 - INFO - utils.trainer -   ***** Running evaluation on val dataset *****
08/09/2026 18:44:07 - INFO - utils.trainer -   Loss: 0.79198
08/09/2026 18:44:07 - INFO - utils.trainer -   AUC: 0.73139
08/09/2026 18:44:07 - INFO - utils.trainer -   Accuracy: 0.68011
08/09/2026 18:44:07 - INFO - utils.trainer -   Precision: 0.77049
08/09/2026 18:44:07 - INFO - utils.trainer -   Specificity: 0.79472
08/09/2026 18:44:07 - INFO - utils.trainer -   Sensitivity: 0.58313
08/09/2026 18:44:07 - INFO - utils.trainer -   Epoch: 13, Loss: 0.38621, Val loss: 0.79198, Val AUC: 0.7314, Best val AUC: 0.7596, No improve: 1/10, Time: 85.6s
08/09/2026 18:45:33 - INFO - utils.trainer -   ***** Running evaluation on val dataset *****
08/09/2026 18:45:40 - INFO - utils.trainer -   Loss: 0.75893
08/09/2026 18:45:40 - INFO - utils.trainer -   AUC: 0.75573
08/09/2026 18:45:40 - INFO - utils.trainer -   Accuracy: 0.69758
08/09/2026 18:45:40 - INFO - utils.trainer -   Precision: 0.72475
08/09/2026 18:45:40 - INFO - utils.trainer -   Specificity: 0.68035
08/09/2026 18:45:40 - INFO - utils.trainer -   Sensitivity: 0.71216
08/09/2026 18:45:40 - INFO - utils.trainer -   Epoch: 14, Loss: 0.38537, Val loss: 0.75893, Val AUC: 0.7557, Best val AUC: 0.7596, No improve: 2/10, Time: 86.0s
08/09/2026 18:47:06 - INFO - utils.trainer -   ***** Running evaluation on val dataset *****
08/09/2026 18:47:14 - INFO - utils.trainer -   Loss: 1.01972
08/09/2026 18:47:14 - INFO - utils.trainer -   AUC: 0.73493
08/09/2026 18:47:14 - INFO - utils.trainer -   Accuracy: 0.65860
08/09/2026 18:47:14 - INFO - utils.trainer -   Precision: 0.76895
08/09/2026 18:47:14 - INFO - utils.trainer -   Specificity: 0.81232
08/09/2026 18:47:14 - INFO - utils.trainer -   Sensitivity: 0.52854
08/09/2026 18:47:14 - INFO - utils.trainer -   Epoch: 15, Loss: 0.32559, Val loss: 1.01972, Val AUC: 0.7349, Best val AUC: 0.7596, No improve: 3/10, Time: 86.3s
08/09/2026 18:48:40 - INFO - utils.trainer -   ***** Running evaluation on val dataset *****
08/09/2026 18:48:48 - INFO - utils.trainer -   Loss: 1.09847
08/09/2026 18:48:48 - INFO - utils.trainer -   AUC: 0.71642
08/09/2026 18:48:48 - INFO - utils.trainer -   Accuracy: 0.65591
08/09/2026 18:48:48 - INFO - utils.trainer -   Precision: 0.76157
08/09/2026 18:48:48 - INFO - utils.trainer -   Specificity: 0.80352
08/09/2026 18:48:48 - INFO - utils.trainer -   Sensitivity: 0.53102
08/09/2026 18:48:48 - INFO - utils.trainer -   Epoch: 16, Loss: 0.30094, Val loss: 1.09847, Val AUC: 0.7164, Best val AUC: 0.7596, No improve: 4/10, Time: 86.2s
08/09/2026 18:50:15 - INFO - utils.trainer -   ***** Running evaluation on val dataset *****
08/09/2026 18:50:22 - INFO - utils.trainer -   Loss: 0.91465
08/09/2026 18:50:22 - INFO - utils.trainer -   AUC: 0.74853
08/09/2026 18:50:22 - INFO - utils.trainer -   Accuracy: 0.68683
08/09/2026 18:50:22 - INFO - utils.trainer -   Precision: 0.76074
08/09/2026 18:50:22 - INFO - utils.trainer -   Specificity: 0.77126
08/09/2026 18:50:22 - INFO - utils.trainer -   Sensitivity: 0.61538
08/09/2026 18:50:22 - INFO - utils.trainer -   Epoch: 17, Loss: 0.24900, Val loss: 0.91465, Val AUC: 0.7485, Best val AUC: 0.7596, No improve: 5/10, Time: 87.1s
08/09/2026 18:51:48 - INFO - utils.trainer -   ***** Running evaluation on val dataset *****
08/09/2026 18:51:56 - INFO - utils.trainer -   Loss: 1.08605
08/09/2026 18:51:56 - INFO - utils.trainer -   AUC: 0.72754
08/09/2026 18:51:56 - INFO - utils.trainer -   Accuracy: 0.66667
08/09/2026 18:51:56 - INFO - utils.trainer -   Precision: 0.68856
08/09/2026 18:51:56 - INFO - utils.trainer -   Specificity: 0.62463
08/09/2026 18:51:56 - INFO - utils.trainer -   Sensitivity: 0.70223
08/09/2026 18:51:56 - INFO - utils.trainer -   Epoch: 18, Loss: 0.27201, Val loss: 1.08605, Val AUC: 0.7275, Best val AUC: 0.7596, No improve: 6/10, Time: 86.0s
08/09/2026 18:53:22 - INFO - utils.trainer -   ***** Running evaluation on val dataset *****
08/09/2026 18:53:29 - INFO - utils.trainer -   Loss: 0.99121
08/09/2026 18:53:29 - INFO - utils.trainer -   AUC: 0.73380
08/09/2026 18:53:29 - INFO - utils.trainer -   Accuracy: 0.67204
08/09/2026 18:53:29 - INFO - utils.trainer -   Precision: 0.74312
08/09/2026 18:53:29 - INFO - utils.trainer -   Specificity: 0.75367
08/09/2026 18:53:29 - INFO - utils.trainer -   Sensitivity: 0.60298
08/09/2026 18:53:29 - INFO - utils.trainer -   Epoch: 19, Loss: 0.26364, Val loss: 0.99121, Val AUC: 0.7338, Best val AUC: 0.7596, No improve: 7/10, Time: 85.8s
08/09/2026 18:54:55 - INFO - utils.trainer -   ***** Running evaluation on val dataset *****
08/09/2026 18:55:02 - INFO - utils.trainer -   Loss: 1.32073
08/09/2026 18:55:02 - INFO - utils.trainer -   AUC: 0.73477
08/09/2026 18:55:02 - INFO - utils.trainer -   Accuracy: 0.64516
08/09/2026 18:55:02 - INFO - utils.trainer -   Precision: 0.78838
08/09/2026 18:55:02 - INFO - utils.trainer -   Specificity: 0.85044
08/09/2026 18:55:02 - INFO - utils.trainer -   Sensitivity: 0.47146
08/09/2026 18:55:02 - INFO - utils.trainer -   Epoch: 20, Loss: 0.23508, Val loss: 1.32073, Val AUC: 0.7348, Best val AUC: 0.7596, No improve: 8/10, Time: 85.7s
08/09/2026 18:56:28 - INFO - utils.trainer -   ***** Running evaluation on val dataset *****
08/09/2026 18:56:36 - INFO - utils.trainer -   Loss: 1.33134
08/09/2026 18:56:36 - INFO - utils.trainer -   AUC: 0.71642
08/09/2026 18:56:36 - INFO - utils.trainer -   Accuracy: 0.66667
08/09/2026 18:56:36 - INFO - utils.trainer -   Precision: 0.78182
08/09/2026 18:56:36 - INFO - utils.trainer -   Specificity: 0.82405
08/09/2026 18:56:36 - INFO - utils.trainer -   Sensitivity: 0.53350
08/09/2026 18:56:36 - INFO - utils.trainer -   Epoch: 21, Loss: 0.23788, Val loss: 1.33134, Val AUC: 0.7164, Best val AUC: 0.7596, No improve: 9/10, Time: 86.0s
08/09/2026 18:58:02 - INFO - utils.trainer -   ***** Running evaluation on val dataset *****
08/09/2026 18:58:10 - INFO - utils.trainer -   Loss: 1.05502
08/09/2026 18:58:10 - INFO - utils.trainer -   AUC: 0.74159
08/09/2026 18:58:10 - INFO - utils.trainer -   Accuracy: 0.67608
08/09/2026 18:58:10 - INFO - utils.trainer -   Precision: 0.70769
08/09/2026 18:58:10 - INFO - utils.trainer -   Specificity: 0.66569
08/09/2026 18:58:10 - INFO - utils.trainer -   Sensitivity: 0.68486
08/09/2026 18:58:10 - INFO - utils.trainer -   Epoch: 22, Loss: 0.16384, Val loss: 1.05502, Val AUC: 0.7416, Best val AUC: 0.7596, No improve: 10/10, Time: 86.1s
08/09/2026 18:58:10 - INFO - utils.trainer -   Early stopping triggered at epoch 22
08/09/2026 18:58:10 - INFO - utils.trainer -   Early stopping triggered at epoch 22
08/09/2026 18:58:10 - INFO - utils.trainer -   Early stopping triggered at epoch 22
08/09/2026 18:58:10 - INFO - utils.trainer -   Early stopping triggered at epoch 22
08/09/2026 18:58:10 - INFO - utils.trainer -   Early stopping triggered at epoch 22
08/09/2026 18:58:10 - INFO - utils.trainer -   Early stopping triggered at epoch 22
08/09/2026 18:58:10 - INFO - utils.trainer -     2 prompt-buffer key(s) skipped (kept target-dataset prompt)
08/09/2026 18:58:10 - INFO - utils.trainer -     582 keys not in checkpoint (kept from init)
08/09/2026 18:58:10 - INFO - utils.trainer -   Model loaded from output_dir/TimeLLM_DiseaseCAUEEG_train/TimeLLM-0.bin (21/23 keys)
08/09/2026 18:58:10 - INFO - utils.trainer -   ***** Running evaluation on test dataset *****
08/09/2026 18:58:10 - INFO - utils.trainer -     2 prompt-buffer key(s) skipped (kept target-dataset prompt)
08/09/2026 18:58:10 - INFO - utils.trainer -     582 keys not in checkpoint (kept from init)
08/09/2026 18:58:10 - INFO - utils.trainer -   Model loaded from output_dir/TimeLLM_DiseaseCAUEEG_train/TimeLLM-0.bin (21/23 keys)
08/09/2026 18:58:10 - INFO - utils.trainer -     2 prompt-buffer key(s) skipped (kept target-dataset prompt)
08/09/2026 18:58:10 - INFO - utils.trainer -     582 keys not in checkpoint (kept from init)
08/09/2026 18:58:10 - INFO - utils.trainer -   Model loaded from output_dir/TimeLLM_DiseaseCAUEEG_train/TimeLLM-0.bin (21/23 keys)
08/09/2026 18:58:10 - INFO - utils.trainer -     2 prompt-buffer key(s) skipped (kept target-dataset prompt)
08/09/2026 18:58:10 - INFO - utils.trainer -     582 keys not in checkpoint (kept from init)
08/09/2026 18:58:10 - INFO - utils.trainer -   Model loaded from output_dir/TimeLLM_DiseaseCAUEEG_train/TimeLLM-0.bin (21/23 keys)
08/09/2026 18:58:10 - INFO - utils.trainer -     2 prompt-buffer key(s) skipped (kept target-dataset prompt)
08/09/2026 18:58:10 - INFO - utils.trainer -     582 keys not in checkpoint (kept from init)
08/09/2026 18:58:10 - INFO - utils.trainer -   Model loaded from output_dir/TimeLLM_DiseaseCAUEEG_train/TimeLLM-0.bin (21/23 keys)
08/09/2026 18:58:10 - INFO - utils.trainer -     2 prompt-buffer key(s) skipped (kept target-dataset prompt)
08/09/2026 18:58:10 - INFO - utils.trainer -     582 keys not in checkpoint (kept from init)
08/09/2026 18:58:10 - INFO - utils.trainer -   Model loaded from output_dir/TimeLLM_DiseaseCAUEEG_train/TimeLLM-0.bin (21/23 keys)
08/09/2026 18:58:18 - INFO - utils.trainer -   Loss: 0.65088
08/09/2026 18:58:18 - INFO - utils.trainer -   AUC: 0.76829
08/09/2026 18:58:18 - INFO - utils.trainer -   Accuracy: 0.68974
08/09/2026 18:58:18 - INFO - utils.trainer -   Precision: 0.63510
08/09/2026 18:58:18 - INFO - utils.trainer -   Specificity: 0.70295
08/09/2026 18:58:18 - INFO - utils.trainer -   Sensitivity: 0.67257
08/09/2026 18:58:18 - INFO - utils.trainer -   === Best epoch test result ===
08/09/2026 18:58:18 - INFO - utils.trainer -     Loss: 0.65088
08/09/2026 18:58:18 - INFO - utils.trainer -     AUC: 0.76829
08/09/2026 18:58:18 - INFO - utils.trainer -     Accuracy: 0.68974
08/09/2026 18:58:18 - INFO - utils.trainer -     Precision: 0.63510
08/09/2026 18:58:18 - INFO - utils.trainer -     Specificity: 0.70295
08/09/2026 18:58:18 - INFO - utils.trainer -     Sensitivity: 0.67257
08/09/2026 18:58:19 - INFO - utils.trainer -   Model saved to output_dir/TimeLLM_DiseaseCAUEEG_train/final-epoch-200
08/09/2026 18:58:19 - INFO - utils.trainer -   Final model saved at epoch 200
