07/29/2026 09:51:33 - INFO - __main__ -   ########## Repeat:0 ##########
07/29/2026 09:51:33 - INFO - utils.trainer -   ***** Running training *****
07/29/2026 09:51:33 - INFO - utils.trainer -     Num examples = 192
07/29/2026 09:51:33 - INFO - utils.trainer -     Num Epochs = 200
07/29/2026 09:51:33 - INFO - utils.trainer -     Total train batch size = 3
07/29/2026 09:51:33 - INFO - utils.trainer -     warmup steps = 400
07/29/2026 09:51:33 - INFO - utils.trainer -     Total optimization steps = 38400
07/29/2026 09:51:33 - INFO - utils.trainer -     Save steps = 25
07/29/2026 09:52:52 - INFO - utils.trainer -   ***** Running evaluation on val dataset *****
07/29/2026 09:53:03 - INFO - utils.trainer -   Loss: 0.68684
07/29/2026 09:53:03 - INFO - utils.trainer -   AUC: 0.55754
07/29/2026 09:53:03 - INFO - utils.trainer -   Accuracy: 0.53559
07/29/2026 09:53:03 - INFO - utils.trainer -   Precision: 0.53559
07/29/2026 09:53:03 - INFO - utils.trainer -   Specificity: 0.00000
07/29/2026 09:53:03 - INFO - utils.trainer -   Sensitivity: 1.00000
07/29/2026 09:53:03 - INFO - utils.trainer -   Model saved to output_dir/TimeLLM
07/29/2026 09:53:03 - INFO - utils.trainer -   Best model saved (val_AUC=0.5575)
07/29/2026 09:53:03 - INFO - utils.trainer -   Epoch: 1, Loss: 0.82795, Val loss: 0.68684, Val AUC: 0.5575, Best val AUC: 0.5575, No improve: 0/10, Time: 78.5s
07/29/2026 09:54:21 - INFO - utils.trainer -   ***** Running evaluation on val dataset *****
07/29/2026 09:54:32 - INFO - utils.trainer -   Loss: 0.75614
07/29/2026 09:54:32 - INFO - utils.trainer -   AUC: 0.59313
07/29/2026 09:54:32 - INFO - utils.trainer -   Accuracy: 0.46441
07/29/2026 09:54:32 - INFO - utils.trainer -   Precision: 0.00000
07/29/2026 09:54:32 - INFO - utils.trainer -   Specificity: 1.00000
07/29/2026 09:54:32 - INFO - utils.trainer -   Sensitivity: 0.00000
07/29/2026 09:54:33 - INFO - utils.trainer -   Model saved to output_dir/TimeLLM
07/29/2026 09:54:33 - INFO - utils.trainer -   Best model saved (val_AUC=0.5931)
07/29/2026 09:54:33 - INFO - utils.trainer -   Epoch: 2, Loss: 0.70816, Val loss: 0.75614, Val AUC: 0.5931, Best val AUC: 0.5931, No improve: 0/10, Time: 77.8s
07/29/2026 09:55:50 - INFO - utils.trainer -   ***** Running evaluation on val dataset *****
07/29/2026 09:56:01 - INFO - utils.trainer -   Loss: 0.73865
07/29/2026 09:56:01 - INFO - utils.trainer -   AUC: 0.64448
07/29/2026 09:56:01 - INFO - utils.trainer -   Accuracy: 0.53559
07/29/2026 09:56:01 - INFO - utils.trainer -   Precision: 0.53559
07/29/2026 09:56:01 - INFO - utils.trainer -   Specificity: 0.00000
07/29/2026 09:56:01 - INFO - utils.trainer -   Sensitivity: 1.00000
07/29/2026 09:56:02 - INFO - utils.trainer -   Model saved to output_dir/TimeLLM
07/29/2026 09:56:02 - INFO - utils.trainer -   Best model saved (val_AUC=0.6445)
07/29/2026 09:56:02 - INFO - utils.trainer -   Epoch: 3, Loss: 0.72139, Val loss: 0.73865, Val AUC: 0.6445, Best val AUC: 0.6445, No improve: 0/10, Time: 77.7s
07/29/2026 09:57:20 - INFO - utils.trainer -   ***** Running evaluation on val dataset *****
07/29/2026 09:57:31 - INFO - utils.trainer -   Loss: 0.68712
07/29/2026 09:57:31 - INFO - utils.trainer -   AUC: 0.61205
07/29/2026 09:57:31 - INFO - utils.trainer -   Accuracy: 0.57726
07/29/2026 09:57:31 - INFO - utils.trainer -   Precision: 0.64009
07/29/2026 09:57:31 - INFO - utils.trainer -   Specificity: 0.68785
07/29/2026 09:57:31 - INFO - utils.trainer -   Sensitivity: 0.48136
07/29/2026 09:57:31 - INFO - utils.trainer -   Epoch: 4, Loss: 0.69561, Val loss: 0.68712, Val AUC: 0.6120, Best val AUC: 0.6445, No improve: 1/10, Time: 77.8s
07/29/2026 09:58:49 - INFO - utils.trainer -   ***** Running evaluation on val dataset *****
07/29/2026 09:59:00 - INFO - utils.trainer -   Loss: 0.68426
07/29/2026 09:59:00 - INFO - utils.trainer -   AUC: 0.64159
07/29/2026 09:59:00 - INFO - utils.trainer -   Accuracy: 0.58681
07/29/2026 09:59:00 - INFO - utils.trainer -   Precision: 0.64358
07/29/2026 09:59:00 - INFO - utils.trainer -   Specificity: 0.67290
07/29/2026 09:59:00 - INFO - utils.trainer -   Sensitivity: 0.51216
07/29/2026 09:59:00 - INFO - utils.trainer -   Epoch: 5, Loss: 0.61740, Val loss: 0.68426, Val AUC: 0.6416, Best val AUC: 0.6445, No improve: 2/10, Time: 77.9s
07/29/2026 10:00:18 - INFO - utils.trainer -   ***** Running evaluation on val dataset *****
07/29/2026 10:00:29 - INFO - utils.trainer -   Loss: 1.24084
07/29/2026 10:00:29 - INFO - utils.trainer -   AUC: 0.63786
07/29/2026 10:00:29 - INFO - utils.trainer -   Accuracy: 0.53993
07/29/2026 10:00:29 - INFO - utils.trainer -   Precision: 0.53846
07/29/2026 10:00:29 - INFO - utils.trainer -   Specificity: 0.02430
07/29/2026 10:00:29 - INFO - utils.trainer -   Sensitivity: 0.98703
07/29/2026 10:00:29 - INFO - utils.trainer -   Epoch: 6, Loss: 0.58033, Val loss: 1.24084, Val AUC: 0.6379, Best val AUC: 0.6445, No improve: 3/10, Time: 77.8s
07/29/2026 10:01:49 - INFO - utils.trainer -   ***** Running evaluation on val dataset *****
07/29/2026 10:02:00 - INFO - utils.trainer -   Loss: 0.69384
07/29/2026 10:02:00 - INFO - utils.trainer -   AUC: 0.67181
07/29/2026 10:02:00 - INFO - utils.trainer -   Accuracy: 0.60156
07/29/2026 10:02:00 - INFO - utils.trainer -   Precision: 0.59587
07/29/2026 10:02:00 - INFO - utils.trainer -   Specificity: 0.37757
07/29/2026 10:02:00 - INFO - utils.trainer -   Sensitivity: 0.79579
07/29/2026 10:02:00 - INFO - utils.trainer -   Model saved to output_dir/TimeLLM
07/29/2026 10:02:00 - INFO - utils.trainer -   Best model saved (val_AUC=0.6718)
07/29/2026 10:02:00 - INFO - utils.trainer -   Epoch: 7, Loss: 0.63716, Val loss: 0.69384, Val AUC: 0.6718, Best val AUC: 0.6718, No improve: 0/10, Time: 79.2s
07/29/2026 10:03:18 - INFO - utils.trainer -   ***** Running evaluation on val dataset *****
07/29/2026 10:03:30 - INFO - utils.trainer -   Loss: 0.67393
07/29/2026 10:03:30 - INFO - utils.trainer -   AUC: 0.66287
07/29/2026 10:03:30 - INFO - utils.trainer -   Accuracy: 0.60243
07/29/2026 10:03:30 - INFO - utils.trainer -   Precision: 0.61439
07/29/2026 10:03:30 - INFO - utils.trainer -   Specificity: 0.49907
07/29/2026 10:03:30 - INFO - utils.trainer -   Sensitivity: 0.69206
07/29/2026 10:03:30 - INFO - utils.trainer -   Epoch: 8, Loss: 0.57372, Val loss: 0.67393, Val AUC: 0.6629, Best val AUC: 0.6718, No improve: 1/10, Time: 78.2s
07/29/2026 10:04:47 - INFO - utils.trainer -   ***** Running evaluation on val dataset *****
07/29/2026 10:04:58 - INFO - utils.trainer -   Loss: 0.68701
07/29/2026 10:04:58 - INFO - utils.trainer -   AUC: 0.67736
07/29/2026 10:04:58 - INFO - utils.trainer -   Accuracy: 0.58160
07/29/2026 10:04:58 - INFO - utils.trainer -   Precision: 0.57542
07/29/2026 10:04:58 - INFO - utils.trainer -   Specificity: 0.28972
07/29/2026 10:04:58 - INFO - utils.trainer -   Sensitivity: 0.83468
07/29/2026 10:04:59 - INFO - utils.trainer -   Model saved to output_dir/TimeLLM
07/29/2026 10:04:59 - INFO - utils.trainer -   Best model saved (val_AUC=0.6774)
07/29/2026 10:04:59 - INFO - utils.trainer -   Epoch: 9, Loss: 0.58002, Val loss: 0.68701, Val AUC: 0.6774, Best val AUC: 0.6774, No improve: 0/10, Time: 77.8s
07/29/2026 10:06:17 - INFO - utils.trainer -   ***** Running evaluation on val dataset *****
07/29/2026 10:06:28 - INFO - utils.trainer -   Loss: 0.68600
07/29/2026 10:06:28 - INFO - utils.trainer -   AUC: 0.68366
07/29/2026 10:06:28 - INFO - utils.trainer -   Accuracy: 0.64149
07/29/2026 10:06:28 - INFO - utils.trainer -   Precision: 0.65179
07/29/2026 10:06:28 - INFO - utils.trainer -   Specificity: 0.56262
07/29/2026 10:06:28 - INFO - utils.trainer -   Sensitivity: 0.70989
07/29/2026 10:06:28 - INFO - utils.trainer -   Model saved to output_dir/TimeLLM
07/29/2026 10:06:28 - INFO - utils.trainer -   Best model saved (val_AUC=0.6837)
07/29/2026 10:06:28 - INFO - utils.trainer -   Epoch: 10, Loss: 0.57488, Val loss: 0.68600, Val AUC: 0.6837, Best val AUC: 0.6837, No improve: 0/10, Time: 77.7s
07/29/2026 10:07:46 - INFO - utils.trainer -   ***** Running evaluation on val dataset *****
07/29/2026 10:07:57 - INFO - utils.trainer -   Loss: 0.72452
07/29/2026 10:07:57 - INFO - utils.trainer -   AUC: 0.67398
07/29/2026 10:07:57 - INFO - utils.trainer -   Accuracy: 0.63021
07/29/2026 10:07:57 - INFO - utils.trainer -   Precision: 0.65785
07/29/2026 10:07:57 - INFO - utils.trainer -   Specificity: 0.61308
07/29/2026 10:07:57 - INFO - utils.trainer -   Sensitivity: 0.64506
07/29/2026 10:07:57 - INFO - utils.trainer -   Epoch: 11, Loss: 0.56024, Val loss: 0.72452, Val AUC: 0.6740, Best val AUC: 0.6837, No improve: 1/10, Time: 77.9s
07/29/2026 10:09:15 - INFO - utils.trainer -   ***** Running evaluation on val dataset *****
07/29/2026 10:09:26 - INFO - utils.trainer -   Loss: 0.82401
07/29/2026 10:09:26 - INFO - utils.trainer -   AUC: 0.67896
07/29/2026 10:09:26 - INFO - utils.trainer -   Accuracy: 0.61372
07/29/2026 10:09:26 - INFO - utils.trainer -   Precision: 0.76875
07/29/2026 10:09:26 - INFO - utils.trainer -   Specificity: 0.86168
07/29/2026 10:09:26 - INFO - utils.trainer -   Sensitivity: 0.39870
07/29/2026 10:09:26 - INFO - utils.trainer -   Epoch: 12, Loss: 0.48859, Val loss: 0.82401, Val AUC: 0.6790, Best val AUC: 0.6837, No improve: 2/10, Time: 77.6s
07/29/2026 10:10:44 - INFO - utils.trainer -   ***** Running evaluation on val dataset *****
07/29/2026 10:10:55 - INFO - utils.trainer -   Loss: 0.71447
07/29/2026 10:10:55 - INFO - utils.trainer -   AUC: 0.68136
07/29/2026 10:10:55 - INFO - utils.trainer -   Accuracy: 0.63194
07/29/2026 10:10:55 - INFO - utils.trainer -   Precision: 0.70488
07/29/2026 10:10:55 - INFO - utils.trainer -   Specificity: 0.74019
07/29/2026 10:10:55 - INFO - utils.trainer -   Sensitivity: 0.53809
07/29/2026 10:10:55 - INFO - utils.trainer -   Epoch: 13, Loss: 0.52056, Val loss: 0.71447, Val AUC: 0.6814, Best val AUC: 0.6837, No improve: 3/10, Time: 77.7s
07/29/2026 10:12:13 - INFO - utils.trainer -   ***** Running evaluation on val dataset *****
07/29/2026 10:12:24 - INFO - utils.trainer -   Loss: 0.89697
07/29/2026 10:12:24 - INFO - utils.trainer -   AUC: 0.65113
07/29/2026 10:12:24 - INFO - utils.trainer -   Accuracy: 0.57552
07/29/2026 10:12:24 - INFO - utils.trainer -   Precision: 0.56312
07/29/2026 10:12:24 - INFO - utils.trainer -   Specificity: 0.17196
07/29/2026 10:12:24 - INFO - utils.trainer -   Sensitivity: 0.92545
07/29/2026 10:12:24 - INFO - utils.trainer -   Epoch: 14, Loss: 0.49759, Val loss: 0.89697, Val AUC: 0.6511, Best val AUC: 0.6837, No improve: 4/10, Time: 78.1s
07/29/2026 10:13:42 - INFO - utils.trainer -   ***** Running evaluation on val dataset *****
07/29/2026 10:13:53 - INFO - utils.trainer -   Loss: 0.68820
07/29/2026 10:13:53 - INFO - utils.trainer -   AUC: 0.67097
07/29/2026 10:13:53 - INFO - utils.trainer -   Accuracy: 0.61719
07/29/2026 10:13:53 - INFO - utils.trainer -   Precision: 0.64148
07/29/2026 10:13:53 - INFO - utils.trainer -   Specificity: 0.58318
07/29/2026 10:13:53 - INFO - utils.trainer -   Sensitivity: 0.64668
07/29/2026 10:13:53 - INFO - utils.trainer -   Epoch: 15, Loss: 0.53636, Val loss: 0.68820, Val AUC: 0.6710, Best val AUC: 0.6837, No improve: 5/10, Time: 77.8s
07/29/2026 10:15:10 - INFO - utils.trainer -   ***** Running evaluation on val dataset *****
07/29/2026 10:15:22 - INFO - utils.trainer -   Loss: 0.72305
07/29/2026 10:15:22 - INFO - utils.trainer -   AUC: 0.67952
07/29/2026 10:15:22 - INFO - utils.trainer -   Accuracy: 0.62587
07/29/2026 10:15:22 - INFO - utils.trainer -   Precision: 0.63062
07/29/2026 10:15:22 - INFO - utils.trainer -   Specificity: 0.50841
07/29/2026 10:15:22 - INFO - utils.trainer -   Sensitivity: 0.72771
07/29/2026 10:15:22 - INFO - utils.trainer -   Epoch: 16, Loss: 0.50947, Val loss: 0.72305, Val AUC: 0.6795, Best val AUC: 0.6837, No improve: 6/10, Time: 77.5s
07/29/2026 10:16:40 - INFO - utils.trainer -   ***** Running evaluation on val dataset *****
07/29/2026 10:16:51 - INFO - utils.trainer -   Loss: 0.74820
07/29/2026 10:16:51 - INFO - utils.trainer -   AUC: 0.65782
07/29/2026 10:16:51 - INFO - utils.trainer -   Accuracy: 0.60503
07/29/2026 10:16:51 - INFO - utils.trainer -   Precision: 0.64464
07/29/2026 10:16:51 - INFO - utils.trainer -   Specificity: 0.62804
07/29/2026 10:16:51 - INFO - utils.trainer -   Sensitivity: 0.58509
07/29/2026 10:16:51 - INFO - utils.trainer -   Epoch: 17, Loss: 0.50056, Val loss: 0.74820, Val AUC: 0.6578, Best val AUC: 0.6837, No improve: 7/10, Time: 78.0s
07/29/2026 10:18:09 - INFO - utils.trainer -   ***** Running evaluation on val dataset *****
07/29/2026 10:18:20 - INFO - utils.trainer -   Loss: 0.77985
07/29/2026 10:18:20 - INFO - utils.trainer -   AUC: 0.66893
07/29/2026 10:18:20 - INFO - utils.trainer -   Accuracy: 0.61372
07/29/2026 10:18:20 - INFO - utils.trainer -   Precision: 0.62913
07/29/2026 10:18:20 - INFO - utils.trainer -   Specificity: 0.53832
07/29/2026 10:18:20 - INFO - utils.trainer -   Sensitivity: 0.67909
07/29/2026 10:18:20 - INFO - utils.trainer -   Epoch: 18, Loss: 0.48634, Val loss: 0.77985, Val AUC: 0.6689, Best val AUC: 0.6837, No improve: 8/10, Time: 78.2s
07/29/2026 10:19:39 - INFO - utils.trainer -   ***** Running evaluation on val dataset *****
07/29/2026 10:19:50 - INFO - utils.trainer -   Loss: 0.80141
07/29/2026 10:19:50 - INFO - utils.trainer -   AUC: 0.67096
07/29/2026 10:19:50 - INFO - utils.trainer -   Accuracy: 0.62153
07/29/2026 10:19:50 - INFO - utils.trainer -   Precision: 0.64119
07/29/2026 10:19:50 - INFO - utils.trainer -   Specificity: 0.57009
07/29/2026 10:19:50 - INFO - utils.trainer -   Sensitivity: 0.66613
07/29/2026 10:19:50 - INFO - utils.trainer -   Epoch: 19, Loss: 0.41981, Val loss: 0.80141, Val AUC: 0.6710, Best val AUC: 0.6837, No improve: 9/10, Time: 78.5s
07/29/2026 10:21:08 - INFO - utils.trainer -   ***** Running evaluation on val dataset *****
07/29/2026 10:21:19 - INFO - utils.trainer -   Loss: 0.80975
07/29/2026 10:21:19 - INFO - utils.trainer -   AUC: 0.67767
07/29/2026 10:21:19 - INFO - utils.trainer -   Accuracy: 0.62674
07/29/2026 10:21:19 - INFO - utils.trainer -   Precision: 0.67542
07/29/2026 10:21:19 - INFO - utils.trainer -   Specificity: 0.67664
07/29/2026 10:21:19 - INFO - utils.trainer -   Sensitivity: 0.58347
07/29/2026 10:21:19 - INFO - utils.trainer -   Epoch: 20, Loss: 0.42582, Val loss: 0.80975, Val AUC: 0.6777, Best val AUC: 0.6837, No improve: 10/10, Time: 77.9s
07/29/2026 10:21:19 - INFO - utils.trainer -   Early stopping triggered at epoch 20
07/29/2026 10:21:19 - INFO - utils.trainer -   Early stopping triggered at epoch 20
07/29/2026 10:21:19 - INFO - utils.trainer -   Early stopping triggered at epoch 20
07/29/2026 10:21:19 - INFO - utils.trainer -   Early stopping triggered at epoch 20
07/29/2026 10:21:19 - INFO - utils.trainer -   Early stopping triggered at epoch 20
07/29/2026 10:21:19 - INFO - utils.trainer -   Early stopping triggered at epoch 20
07/29/2026 10:21:19 - INFO - utils.trainer -     582 keys not in checkpoint (kept from init)
07/29/2026 10:21:19 - INFO - utils.trainer -   Model loaded from output_dir/TimeLLM/TimeLLM-0.bin (25/25 keys)
07/29/2026 10:21:19 - INFO - utils.trainer -     582 keys not in checkpoint (kept from init)
07/29/2026 10:21:19 - INFO - utils.trainer -   Model loaded from output_dir/TimeLLM/TimeLLM-0.bin (25/25 keys)
07/29/2026 10:21:19 - INFO - utils.trainer -     582 keys not in checkpoint (kept from init)
07/29/2026 10:21:19 - INFO - utils.trainer -   Model loaded from output_dir/TimeLLM/TimeLLM-0.bin (25/25 keys)
07/29/2026 10:21:19 - INFO - utils.trainer -     582 keys not in checkpoint (kept from init)
07/29/2026 10:21:19 - INFO - utils.trainer -   Model loaded from output_dir/TimeLLM/TimeLLM-0.bin (25/25 keys)
07/29/2026 10:21:19 - INFO - utils.trainer -   ***** Running evaluation on test dataset *****
07/29/2026 10:21:19 - INFO - utils.trainer -     582 keys not in checkpoint (kept from init)
07/29/2026 10:21:19 - INFO - utils.trainer -   Model loaded from output_dir/TimeLLM/TimeLLM-0.bin (25/25 keys)
07/29/2026 10:21:19 - INFO - utils.trainer -     582 keys not in checkpoint (kept from init)
07/29/2026 10:21:19 - INFO - utils.trainer -   Model loaded from output_dir/TimeLLM/TimeLLM-0.bin (25/25 keys)
07/29/2026 10:21:30 - INFO - utils.trainer -   Loss: 0.62638
07/29/2026 10:21:30 - INFO - utils.trainer -   AUC: 0.73101
07/29/2026 10:21:30 - INFO - utils.trainer -   Accuracy: 0.67368
07/29/2026 10:21:30 - INFO - utils.trainer -   Precision: 0.68110
07/29/2026 10:21:30 - INFO - utils.trainer -   Specificity: 0.50610
07/29/2026 10:21:30 - INFO - utils.trainer -   Sensitivity: 0.80093
07/29/2026 10:21:30 - INFO - utils.trainer -   === Best epoch test result ===
07/29/2026 10:21:30 - INFO - utils.trainer -     Loss: 0.62638
07/29/2026 10:21:30 - INFO - utils.trainer -     AUC: 0.73101
07/29/2026 10:21:30 - INFO - utils.trainer -     Accuracy: 0.67368
07/29/2026 10:21:30 - INFO - utils.trainer -     Precision: 0.68110
07/29/2026 10:21:30 - INFO - utils.trainer -     Specificity: 0.50610
07/29/2026 10:21:30 - INFO - utils.trainer -     Sensitivity: 0.80093
07/29/2026 10:21:31 - INFO - utils.trainer -   Model saved to output_dir/TimeLLM/final-epoch-200
07/29/2026 10:21:31 - INFO - utils.trainer -   Final model saved at epoch 200
