08/07/2026 21:48:36 - INFO - __main__ -   ########## Repeat:0 ##########
08/07/2026 21:48:36 - INFO - utils.trainer -   ***** Running training *****
08/07/2026 21:48:36 - INFO - utils.trainer -     Num examples = 296
08/07/2026 21:48:36 - INFO - utils.trainer -     Num Epochs = 200
08/07/2026 21:48:36 - INFO - utils.trainer -     Total train batch size = 2
08/07/2026 21:48:36 - INFO - utils.trainer -     warmup steps = 400
08/07/2026 21:48:36 - INFO - utils.trainer -     Total optimization steps = 59200
08/07/2026 21:48:36 - INFO - utils.trainer -     Save steps = 25
08/07/2026 21:50:17 - INFO - utils.trainer -   ***** Running evaluation on val dataset *****
08/07/2026 21:50:27 - INFO - utils.trainer -   Loss: 0.73813
08/07/2026 21:50:27 - INFO - utils.trainer -   AUC: 0.50850
08/07/2026 21:50:27 - INFO - utils.trainer -   Accuracy: 0.54167
08/07/2026 21:50:27 - INFO - utils.trainer -   Precision: 0.54167
08/07/2026 21:50:27 - INFO - utils.trainer -   Specificity: 0.00000
08/07/2026 21:50:27 - INFO - utils.trainer -   Sensitivity: 1.00000
08/07/2026 21:50:27 - INFO - utils.trainer -   Model saved to output_dir/TimeLLM_DiseaseCAUEEG_train
08/07/2026 21:50:27 - INFO - utils.trainer -   Best model saved (val_AUC=0.5085)
08/07/2026 21:50:27 - INFO - utils.trainer -   Epoch: 1, Loss: 0.87123, Val loss: 0.73813, Val AUC: 0.5085, Best val AUC: 0.5085, No improve: 0/10, Time: 101.3s
08/07/2026 21:52:07 - INFO - utils.trainer -   ***** Running evaluation on val dataset *****
08/07/2026 21:52:17 - INFO - utils.trainer -   Loss: 0.67841
08/07/2026 21:52:17 - INFO - utils.trainer -   AUC: 0.67744
08/07/2026 21:52:17 - INFO - utils.trainer -   Accuracy: 0.57796
08/07/2026 21:52:17 - INFO - utils.trainer -   Precision: 0.68776
08/07/2026 21:52:17 - INFO - utils.trainer -   Specificity: 0.78299
08/07/2026 21:52:17 - INFO - utils.trainer -   Sensitivity: 0.40447
08/07/2026 21:52:18 - INFO - utils.trainer -   Model saved to output_dir/TimeLLM_DiseaseCAUEEG_train
08/07/2026 21:52:18 - INFO - utils.trainer -   Best model saved (val_AUC=0.6774)
08/07/2026 21:52:18 - INFO - utils.trainer -   Epoch: 2, Loss: 0.70893, Val loss: 0.67841, Val AUC: 0.6774, Best val AUC: 0.6774, No improve: 0/10, Time: 100.0s
08/07/2026 21:53:58 - INFO - utils.trainer -   ***** Running evaluation on val dataset *****
08/07/2026 21:54:08 - INFO - utils.trainer -   Loss: 0.59480
08/07/2026 21:54:08 - INFO - utils.trainer -   AUC: 0.75928
08/07/2026 21:54:08 - INFO - utils.trainer -   Accuracy: 0.70161
08/07/2026 21:54:08 - INFO - utils.trainer -   Precision: 0.76855
08/07/2026 21:54:08 - INFO - utils.trainer -   Specificity: 0.77126
08/07/2026 21:54:08 - INFO - utils.trainer -   Sensitivity: 0.64268
08/07/2026 21:54:09 - INFO - utils.trainer -   Model saved to output_dir/TimeLLM_DiseaseCAUEEG_train
08/07/2026 21:54:09 - INFO - utils.trainer -   Best model saved (val_AUC=0.7593)
08/07/2026 21:54:09 - INFO - utils.trainer -   Epoch: 3, Loss: 0.64585, Val loss: 0.59480, Val AUC: 0.7593, Best val AUC: 0.7593, No improve: 0/10, Time: 100.2s
08/07/2026 21:55:49 - INFO - utils.trainer -   ***** Running evaluation on val dataset *****
08/07/2026 21:55:58 - INFO - utils.trainer -   Loss: 0.77249
08/07/2026 21:55:58 - INFO - utils.trainer -   AUC: 0.75887
08/07/2026 21:55:58 - INFO - utils.trainer -   Accuracy: 0.61022
08/07/2026 21:55:58 - INFO - utils.trainer -   Precision: 0.81215
08/07/2026 21:55:58 - INFO - utils.trainer -   Specificity: 0.90029
08/07/2026 21:55:58 - INFO - utils.trainer -   Sensitivity: 0.36476
08/07/2026 21:55:58 - INFO - utils.trainer -   Epoch: 4, Loss: 0.58823, Val loss: 0.77249, Val AUC: 0.7589, Best val AUC: 0.7593, No improve: 1/10, Time: 100.1s
08/07/2026 21:57:39 - INFO - utils.trainer -   ***** Running evaluation on val dataset *****
08/07/2026 21:57:48 - INFO - utils.trainer -   Loss: 0.61658
08/07/2026 21:57:48 - INFO - utils.trainer -   AUC: 0.75862
08/07/2026 21:57:48 - INFO - utils.trainer -   Accuracy: 0.71505
08/07/2026 21:57:48 - INFO - utils.trainer -   Precision: 0.72261
08/07/2026 21:57:48 - INFO - utils.trainer -   Specificity: 0.65103
08/07/2026 21:57:48 - INFO - utils.trainer -   Sensitivity: 0.76923
08/07/2026 21:57:48 - INFO - utils.trainer -   Epoch: 5, Loss: 0.56270, Val loss: 0.61658, Val AUC: 0.7586, Best val AUC: 0.7593, No improve: 2/10, Time: 100.2s
08/07/2026 21:59:28 - INFO - utils.trainer -   ***** Running evaluation on val dataset *****
08/07/2026 21:59:38 - INFO - utils.trainer -   Loss: 0.65952
08/07/2026 21:59:38 - INFO - utils.trainer -   AUC: 0.75052
08/07/2026 21:59:38 - INFO - utils.trainer -   Accuracy: 0.69758
08/07/2026 21:59:38 - INFO - utils.trainer -   Precision: 0.74722
08/07/2026 21:59:38 - INFO - utils.trainer -   Specificity: 0.73314
08/07/2026 21:59:38 - INFO - utils.trainer -   Sensitivity: 0.66749
08/07/2026 21:59:38 - INFO - utils.trainer -   Epoch: 6, Loss: 0.50769, Val loss: 0.65952, Val AUC: 0.7505, Best val AUC: 0.7593, No improve: 3/10, Time: 100.2s
08/07/2026 22:01:19 - INFO - utils.trainer -   ***** Running evaluation on val dataset *****
08/07/2026 22:01:28 - INFO - utils.trainer -   Loss: 0.69673
08/07/2026 22:01:28 - INFO - utils.trainer -   AUC: 0.74395
08/07/2026 22:01:28 - INFO - utils.trainer -   Accuracy: 0.67742
08/07/2026 22:01:28 - INFO - utils.trainer -   Precision: 0.70324
08/07/2026 22:01:28 - INFO - utils.trainer -   Specificity: 0.65103
08/07/2026 22:01:28 - INFO - utils.trainer -   Sensitivity: 0.69975
08/07/2026 22:01:28 - INFO - utils.trainer -   Epoch: 7, Loss: 0.53557, Val loss: 0.69673, Val AUC: 0.7440, Best val AUC: 0.7593, No improve: 4/10, Time: 100.4s
08/07/2026 22:03:09 - INFO - utils.trainer -   ***** Running evaluation on val dataset *****
08/07/2026 22:03:18 - INFO - utils.trainer -   Loss: 0.90014
08/07/2026 22:03:18 - INFO - utils.trainer -   AUC: 0.74213
08/07/2026 22:03:18 - INFO - utils.trainer -   Accuracy: 0.63710
08/07/2026 22:03:18 - INFO - utils.trainer -   Precision: 0.78298
08/07/2026 22:03:18 - INFO - utils.trainer -   Specificity: 0.85044
08/07/2026 22:03:18 - INFO - utils.trainer -   Sensitivity: 0.45658
08/07/2026 22:03:18 - INFO - utils.trainer -   Epoch: 8, Loss: 0.43911, Val loss: 0.90014, Val AUC: 0.7421, Best val AUC: 0.7593, No improve: 5/10, Time: 100.6s
08/07/2026 22:05:00 - INFO - utils.trainer -   ***** Running evaluation on val dataset *****
08/07/2026 22:05:10 - INFO - utils.trainer -   Loss: 0.73673
08/07/2026 22:05:10 - INFO - utils.trainer -   AUC: 0.74293
08/07/2026 22:05:10 - INFO - utils.trainer -   Accuracy: 0.66935
08/07/2026 22:05:10 - INFO - utils.trainer -   Precision: 0.73021
08/07/2026 22:05:10 - INFO - utils.trainer -   Specificity: 0.73021
08/07/2026 22:05:10 - INFO - utils.trainer -   Sensitivity: 0.61787
08/07/2026 22:05:10 - INFO - utils.trainer -   Epoch: 9, Loss: 0.41733, Val loss: 0.73673, Val AUC: 0.7429, Best val AUC: 0.7593, No improve: 6/10, Time: 101.3s
08/07/2026 22:06:50 - INFO - utils.trainer -   ***** Running evaluation on val dataset *****
08/07/2026 22:06:59 - INFO - utils.trainer -   Loss: 0.75131
08/07/2026 22:06:59 - INFO - utils.trainer -   AUC: 0.70990
08/07/2026 22:06:59 - INFO - utils.trainer -   Accuracy: 0.65860
08/07/2026 22:06:59 - INFO - utils.trainer -   Precision: 0.69054
08/07/2026 22:06:59 - INFO - utils.trainer -   Specificity: 0.64516
08/07/2026 22:06:59 - INFO - utils.trainer -   Sensitivity: 0.66998
08/07/2026 22:06:59 - INFO - utils.trainer -   Epoch: 10, Loss: 0.40647, Val loss: 0.75131, Val AUC: 0.7099, Best val AUC: 0.7593, No improve: 7/10, Time: 100.3s
08/07/2026 22:08:40 - INFO - utils.trainer -   ***** Running evaluation on val dataset *****
08/07/2026 22:08:49 - INFO - utils.trainer -   Loss: 0.73087
08/07/2026 22:08:49 - INFO - utils.trainer -   AUC: 0.74829
08/07/2026 22:08:49 - INFO - utils.trainer -   Accuracy: 0.69086
08/07/2026 22:08:49 - INFO - utils.trainer -   Precision: 0.71253
08/07/2026 22:08:49 - INFO - utils.trainer -   Specificity: 0.65689
08/07/2026 22:08:49 - INFO - utils.trainer -   Sensitivity: 0.71960
08/07/2026 22:08:49 - INFO - utils.trainer -   Epoch: 11, Loss: 0.39839, Val loss: 0.73087, Val AUC: 0.7483, Best val AUC: 0.7593, No improve: 8/10, Time: 100.2s
08/07/2026 22:10:29 - INFO - utils.trainer -   ***** Running evaluation on val dataset *****
08/07/2026 22:10:39 - INFO - utils.trainer -   Loss: 0.80838
08/07/2026 22:10:39 - INFO - utils.trainer -   AUC: 0.73945
08/07/2026 22:10:39 - INFO - utils.trainer -   Accuracy: 0.68414
08/07/2026 22:10:39 - INFO - utils.trainer -   Precision: 0.70096
08/07/2026 22:10:39 - INFO - utils.trainer -   Specificity: 0.63343
08/07/2026 22:10:39 - INFO - utils.trainer -   Sensitivity: 0.72705
08/07/2026 22:10:39 - INFO - utils.trainer -   Epoch: 12, Loss: 0.39048, Val loss: 0.80838, Val AUC: 0.7394, Best val AUC: 0.7593, No improve: 9/10, Time: 100.1s
08/07/2026 22:12:19 - INFO - utils.trainer -   ***** Running evaluation on val dataset *****
08/07/2026 22:12:29 - INFO - utils.trainer -   Loss: 0.83339
08/07/2026 22:12:29 - INFO - utils.trainer -   AUC: 0.69802
08/07/2026 22:12:29 - INFO - utils.trainer -   Accuracy: 0.64785
08/07/2026 22:12:29 - INFO - utils.trainer -   Precision: 0.69748
08/07/2026 22:12:29 - INFO - utils.trainer -   Specificity: 0.68328
08/07/2026 22:12:29 - INFO - utils.trainer -   Sensitivity: 0.61787
08/07/2026 22:12:29 - INFO - utils.trainer -   Epoch: 13, Loss: 0.38110, Val loss: 0.83339, Val AUC: 0.6980, Best val AUC: 0.7593, No improve: 10/10, Time: 100.3s
08/07/2026 22:12:29 - INFO - utils.trainer -   Early stopping triggered at epoch 13
08/07/2026 22:12:29 - INFO - utils.trainer -   Early stopping triggered at epoch 13
08/07/2026 22:12:29 - INFO - utils.trainer -   Early stopping triggered at epoch 13
08/07/2026 22:12:29 - INFO - utils.trainer -   Early stopping triggered at epoch 13
08/07/2026 22:12:29 - INFO - utils.trainer -   Early stopping triggered at epoch 13
08/07/2026 22:12:29 - INFO - utils.trainer -   Early stopping triggered at epoch 13
08/07/2026 22:12:29 - INFO - utils.trainer -     2 prompt-buffer key(s) skipped (kept target-dataset prompt)
08/07/2026 22:12:29 - INFO - utils.trainer -     582 keys not in checkpoint (kept from init)
08/07/2026 22:12:29 - INFO - utils.trainer -   Model loaded from output_dir/TimeLLM_DiseaseCAUEEG_train/TimeLLM-0.bin (21/23 keys)
08/07/2026 22:12:29 - INFO - utils.trainer -   ***** Running evaluation on test dataset *****
08/07/2026 22:12:29 - INFO - utils.trainer -     2 prompt-buffer key(s) skipped (kept target-dataset prompt)
08/07/2026 22:12:29 - INFO - utils.trainer -     582 keys not in checkpoint (kept from init)
08/07/2026 22:12:29 - INFO - utils.trainer -   Model loaded from output_dir/TimeLLM_DiseaseCAUEEG_train/TimeLLM-0.bin (21/23 keys)
08/07/2026 22:12:29 - INFO - utils.trainer -     2 prompt-buffer key(s) skipped (kept target-dataset prompt)
08/07/2026 22:12:29 - INFO - utils.trainer -     582 keys not in checkpoint (kept from init)
08/07/2026 22:12:29 - INFO - utils.trainer -   Model loaded from output_dir/TimeLLM_DiseaseCAUEEG_train/TimeLLM-0.bin (21/23 keys)
08/07/2026 22:12:29 - INFO - utils.trainer -     2 prompt-buffer key(s) skipped (kept target-dataset prompt)
08/07/2026 22:12:29 - INFO - utils.trainer -     582 keys not in checkpoint (kept from init)
08/07/2026 22:12:29 - INFO - utils.trainer -   Model loaded from output_dir/TimeLLM_DiseaseCAUEEG_train/TimeLLM-0.bin (21/23 keys)
08/07/2026 22:12:29 - INFO - utils.trainer -     2 prompt-buffer key(s) skipped (kept target-dataset prompt)
08/07/2026 22:12:29 - INFO - utils.trainer -     582 keys not in checkpoint (kept from init)
08/07/2026 22:12:29 - INFO - utils.trainer -   Model loaded from output_dir/TimeLLM_DiseaseCAUEEG_train/TimeLLM-0.bin (21/23 keys)
08/07/2026 22:12:29 - INFO - utils.trainer -     2 prompt-buffer key(s) skipped (kept target-dataset prompt)
08/07/2026 22:12:29 - INFO - utils.trainer -     582 keys not in checkpoint (kept from init)
08/07/2026 22:12:29 - INFO - utils.trainer -   Model loaded from output_dir/TimeLLM_DiseaseCAUEEG_train/TimeLLM-0.bin (21/23 keys)
08/07/2026 22:12:39 - INFO - utils.trainer -   Loss: 0.64513
08/07/2026 22:12:39 - INFO - utils.trainer -   AUC: 0.67978
08/07/2026 22:12:39 - INFO - utils.trainer -   Accuracy: 0.64872
08/07/2026 22:12:39 - INFO - utils.trainer -   Precision: 0.61324
08/07/2026 22:12:39 - INFO - utils.trainer -   Specificity: 0.74830
08/07/2026 22:12:39 - INFO - utils.trainer -   Sensitivity: 0.51917
08/07/2026 22:12:39 - INFO - utils.trainer -   === Best epoch test result ===
08/07/2026 22:12:39 - INFO - utils.trainer -     Loss: 0.64513
08/07/2026 22:12:39 - INFO - utils.trainer -     AUC: 0.67978
08/07/2026 22:12:39 - INFO - utils.trainer -     Accuracy: 0.64872
08/07/2026 22:12:39 - INFO - utils.trainer -     Precision: 0.61324
08/07/2026 22:12:39 - INFO - utils.trainer -     Specificity: 0.74830
08/07/2026 22:12:39 - INFO - utils.trainer -     Sensitivity: 0.51917
08/07/2026 22:12:40 - INFO - utils.trainer -   Model saved to output_dir/TimeLLM_DiseaseCAUEEG_train/final-epoch-200
08/07/2026 22:12:40 - INFO - utils.trainer -   Final model saved at epoch 200
