08/07/2026 17:12:40 - INFO - __main__ -   ########## Repeat:0 ##########
08/07/2026 17:12:40 - INFO - utils.trainer -   ***** Running training *****
08/07/2026 17:12:40 - INFO - utils.trainer -     Num examples = 322
08/07/2026 17:12:40 - INFO - utils.trainer -     Num Epochs = 200
08/07/2026 17:12:40 - INFO - utils.trainer -     Total train batch size = 2
08/07/2026 17:12:40 - INFO - utils.trainer -     warmup steps = 400
08/07/2026 17:12:40 - INFO - utils.trainer -     Total optimization steps = 64400
08/07/2026 17:12:40 - INFO - utils.trainer -     Save steps = 200
08/07/2026 17:12:54 - INFO - utils.trainer -   ***** Running regression evaluation on val0 dataset *****
08/07/2026 17:12:56 - INFO - utils.trainer -   Loss: 102.02494
08/07/2026 17:12:56 - INFO - utils.trainer -   MSE: 102.02494
08/07/2026 17:12:56 - INFO - utils.trainer -   MAE: 8.13474
08/07/2026 17:12:56 - INFO - utils.trainer -   RMSE: 10.10074
08/07/2026 17:12:56 - INFO - utils.trainer -   R2: 0.08009
08/07/2026 17:12:56 - INFO - utils.trainer -   PearsonR: 0.28470
08/07/2026 17:12:56 - INFO - utils.trainer -   Model saved to output_dir/ALTER_AgeCAUEEG_train
08/07/2026 17:12:56 - INFO - utils.trainer -   Best model saved (val_Loss=102.0249)
08/07/2026 17:12:56 - INFO - utils.trainer -   Epoch: 1, Loss: 1522.95342, Val loss: 102.02494, Val Loss: 102.0249, Best val Loss: 102.0249, No improve: 0/10, Time: 13.7s
08/07/2026 17:13:09 - INFO - utils.trainer -   ***** Running regression evaluation on val0 dataset *****
08/07/2026 17:13:11 - INFO - utils.trainer -   Loss: 115.93523
08/07/2026 17:13:11 - INFO - utils.trainer -   MSE: 115.93523
08/07/2026 17:13:11 - INFO - utils.trainer -   MAE: 8.44218
08/07/2026 17:13:11 - INFO - utils.trainer -   RMSE: 10.76732
08/07/2026 17:13:11 - INFO - utils.trainer -   R2: -0.04534
08/07/2026 17:13:11 - INFO - utils.trainer -   PearsonR: 0.35456
08/07/2026 17:13:11 - INFO - utils.trainer -   Epoch: 2, Loss: 87.82013, Val loss: 115.93523, Val Loss: 115.9352, Best val Loss: 102.0249, No improve: 1/10, Time: 13.1s
08/07/2026 17:13:24 - INFO - utils.trainer -   ***** Running regression evaluation on val0 dataset *****
08/07/2026 17:13:26 - INFO - utils.trainer -   Loss: 109.80252
08/07/2026 17:13:26 - INFO - utils.trainer -   MSE: 109.80253
08/07/2026 17:13:26 - INFO - utils.trainer -   MAE: 8.26646
08/07/2026 17:13:26 - INFO - utils.trainer -   RMSE: 10.47867
08/07/2026 17:13:26 - INFO - utils.trainer -   R2: 0.00996
08/07/2026 17:13:26 - INFO - utils.trainer -   PearsonR: 0.37739
08/07/2026 17:13:26 - INFO - utils.trainer -   Epoch: 3, Loss: 82.79123, Val loss: 109.80252, Val Loss: 109.8025, Best val Loss: 102.0249, No improve: 2/10, Time: 13.6s
08/07/2026 17:13:40 - INFO - utils.trainer -   ***** Running regression evaluation on val0 dataset *****
08/07/2026 17:13:42 - INFO - utils.trainer -   Loss: 95.81225
08/07/2026 17:13:42 - INFO - utils.trainer -   MSE: 95.81225
08/07/2026 17:13:42 - INFO - utils.trainer -   MAE: 8.03644
08/07/2026 17:13:42 - INFO - utils.trainer -   RMSE: 9.78837
08/07/2026 17:13:42 - INFO - utils.trainer -   R2: 0.13610
08/07/2026 17:13:42 - INFO - utils.trainer -   PearsonR: 0.38006
08/07/2026 17:13:42 - INFO - utils.trainer -   Model saved to output_dir/ALTER_AgeCAUEEG_train
08/07/2026 17:13:42 - INFO - utils.trainer -   Best model saved (val_Loss=95.8122)
08/07/2026 17:13:42 - INFO - utils.trainer -   Epoch: 4, Loss: 85.91673, Val loss: 95.81225, Val Loss: 95.8122, Best val Loss: 95.8122, No improve: 0/10, Time: 13.7s
08/07/2026 17:13:57 - INFO - utils.trainer -   ***** Running regression evaluation on val0 dataset *****
08/07/2026 17:13:59 - INFO - utils.trainer -   Loss: 95.28701
08/07/2026 17:13:59 - INFO - utils.trainer -   MSE: 95.28700
08/07/2026 17:13:59 - INFO - utils.trainer -   MAE: 7.82956
08/07/2026 17:13:59 - INFO - utils.trainer -   RMSE: 9.76151
08/07/2026 17:13:59 - INFO - utils.trainer -   R2: 0.14084
08/07/2026 17:13:59 - INFO - utils.trainer -   PearsonR: 0.40731
08/07/2026 17:13:59 - INFO - utils.trainer -   Model saved to output_dir/ALTER_AgeCAUEEG_train
08/07/2026 17:13:59 - INFO - utils.trainer -   Best model saved (val_Loss=95.2870)
08/07/2026 17:13:59 - INFO - utils.trainer -   Epoch: 5, Loss: 86.51496, Val loss: 95.28701, Val Loss: 95.2870, Best val Loss: 95.2870, No improve: 0/10, Time: 14.6s
08/07/2026 17:14:14 - INFO - utils.trainer -   ***** Running regression evaluation on val0 dataset *****
08/07/2026 17:14:16 - INFO - utils.trainer -   Loss: 94.15739
08/07/2026 17:14:16 - INFO - utils.trainer -   MSE: 94.15739
08/07/2026 17:14:16 - INFO - utils.trainer -   MAE: 7.83661
08/07/2026 17:14:16 - INFO - utils.trainer -   RMSE: 9.70347
08/07/2026 17:14:16 - INFO - utils.trainer -   R2: 0.15102
08/07/2026 17:14:16 - INFO - utils.trainer -   PearsonR: 0.40352
08/07/2026 17:14:16 - INFO - utils.trainer -   Model saved to output_dir/ALTER_AgeCAUEEG_train
08/07/2026 17:14:16 - INFO - utils.trainer -   Best model saved (val_Loss=94.1574)
08/07/2026 17:14:16 - INFO - utils.trainer -   Epoch: 6, Loss: 82.37305, Val loss: 94.15739, Val Loss: 94.1574, Best val Loss: 94.1574, No improve: 0/10, Time: 14.6s
08/07/2026 17:14:30 - INFO - utils.trainer -   ***** Running regression evaluation on val0 dataset *****
08/07/2026 17:14:33 - INFO - utils.trainer -   Loss: 97.49691
08/07/2026 17:14:33 - INFO - utils.trainer -   MSE: 97.49690
08/07/2026 17:14:33 - INFO - utils.trainer -   MAE: 8.13516
08/07/2026 17:14:33 - INFO - utils.trainer -   RMSE: 9.87405
08/07/2026 17:14:33 - INFO - utils.trainer -   R2: 0.12091
08/07/2026 17:14:33 - INFO - utils.trainer -   PearsonR: 0.40369
08/07/2026 17:14:33 - INFO - utils.trainer -   Epoch: 7, Loss: 77.90357, Val loss: 97.49691, Val Loss: 97.4969, Best val Loss: 94.1574, No improve: 1/10, Time: 14.2s
08/07/2026 17:14:46 - INFO - utils.trainer -   ***** Running regression evaluation on val0 dataset *****
08/07/2026 17:14:49 - INFO - utils.trainer -   Loss: 102.47988
08/07/2026 17:14:49 - INFO - utils.trainer -   MSE: 102.47987
08/07/2026 17:14:49 - INFO - utils.trainer -   MAE: 8.01217
08/07/2026 17:14:49 - INFO - utils.trainer -   RMSE: 10.12323
08/07/2026 17:14:49 - INFO - utils.trainer -   R2: 0.07598
08/07/2026 17:14:49 - INFO - utils.trainer -   PearsonR: 0.39647
08/07/2026 17:14:49 - INFO - utils.trainer -   Epoch: 8, Loss: 80.32316, Val loss: 102.47988, Val Loss: 102.4799, Best val Loss: 94.1574, No improve: 2/10, Time: 13.7s
08/07/2026 17:15:03 - INFO - utils.trainer -   ***** Running regression evaluation on val0 dataset *****
08/07/2026 17:15:05 - INFO - utils.trainer -   Loss: 92.91363
08/07/2026 17:15:05 - INFO - utils.trainer -   MSE: 92.91363
08/07/2026 17:15:05 - INFO - utils.trainer -   MAE: 7.74930
08/07/2026 17:15:05 - INFO - utils.trainer -   RMSE: 9.63917
08/07/2026 17:15:05 - INFO - utils.trainer -   R2: 0.16224
08/07/2026 17:15:05 - INFO - utils.trainer -   PearsonR: 0.41735
08/07/2026 17:15:05 - INFO - utils.trainer -   Model saved to output_dir/ALTER_AgeCAUEEG_train
08/07/2026 17:15:05 - INFO - utils.trainer -   Best model saved (val_Loss=92.9136)
08/07/2026 17:15:05 - INFO - utils.trainer -   Epoch: 9, Loss: 80.53093, Val loss: 92.91363, Val Loss: 92.9136, Best val Loss: 92.9136, No improve: 0/10, Time: 14.4s
08/07/2026 17:15:20 - INFO - utils.trainer -   ***** Running regression evaluation on val0 dataset *****
08/07/2026 17:15:22 - INFO - utils.trainer -   Loss: 101.57033
08/07/2026 17:15:22 - INFO - utils.trainer -   MSE: 101.57033
08/07/2026 17:15:22 - INFO - utils.trainer -   MAE: 7.94950
08/07/2026 17:15:22 - INFO - utils.trainer -   RMSE: 10.07821
08/07/2026 17:15:22 - INFO - utils.trainer -   R2: 0.08419
08/07/2026 17:15:22 - INFO - utils.trainer -   PearsonR: 0.41341
08/07/2026 17:15:22 - INFO - utils.trainer -   Epoch: 10, Loss: 81.81850, Val loss: 101.57033, Val Loss: 101.5703, Best val Loss: 92.9136, No improve: 1/10, Time: 14.5s
08/07/2026 17:15:36 - INFO - utils.trainer -   ***** Running regression evaluation on val0 dataset *****
08/07/2026 17:15:38 - INFO - utils.trainer -   Loss: 103.28356
08/07/2026 17:15:38 - INFO - utils.trainer -   MSE: 103.28356
08/07/2026 17:15:38 - INFO - utils.trainer -   MAE: 7.99717
08/07/2026 17:15:38 - INFO - utils.trainer -   RMSE: 10.16285
08/07/2026 17:15:38 - INFO - utils.trainer -   R2: 0.06874
08/07/2026 17:15:38 - INFO - utils.trainer -   PearsonR: 0.41883
08/07/2026 17:15:38 - INFO - utils.trainer -   Epoch: 11, Loss: 78.14995, Val loss: 103.28356, Val Loss: 103.2836, Best val Loss: 92.9136, No improve: 2/10, Time: 14.0s
08/07/2026 17:15:53 - INFO - utils.trainer -   ***** Running regression evaluation on val0 dataset *****
08/07/2026 17:15:55 - INFO - utils.trainer -   Loss: 103.27549
08/07/2026 17:15:55 - INFO - utils.trainer -   MSE: 103.27548
08/07/2026 17:15:55 - INFO - utils.trainer -   MAE: 8.00166
08/07/2026 17:15:55 - INFO - utils.trainer -   RMSE: 10.16245
08/07/2026 17:15:55 - INFO - utils.trainer -   R2: 0.06881
08/07/2026 17:15:55 - INFO - utils.trainer -   PearsonR: 0.41924
08/07/2026 17:15:55 - INFO - utils.trainer -   Epoch: 12, Loss: 78.07759, Val loss: 103.27549, Val Loss: 103.2755, Best val Loss: 92.9136, No improve: 3/10, Time: 14.5s
08/07/2026 17:16:09 - INFO - utils.trainer -   ***** Running regression evaluation on val0 dataset *****
08/07/2026 17:16:12 - INFO - utils.trainer -   Loss: 125.77045
08/07/2026 17:16:12 - INFO - utils.trainer -   MSE: 125.77045
08/07/2026 17:16:12 - INFO - utils.trainer -   MAE: 8.71492
08/07/2026 17:16:12 - INFO - utils.trainer -   RMSE: 11.21474
08/07/2026 17:16:12 - INFO - utils.trainer -   R2: -0.13402
08/07/2026 17:16:12 - INFO - utils.trainer -   PearsonR: 0.42298
08/07/2026 17:16:12 - INFO - utils.trainer -   Epoch: 13, Loss: 74.95508, Val loss: 125.77045, Val Loss: 125.7704, Best val Loss: 92.9136, No improve: 4/10, Time: 14.2s
08/07/2026 17:16:26 - INFO - utils.trainer -   ***** Running regression evaluation on val0 dataset *****
08/07/2026 17:16:28 - INFO - utils.trainer -   Loss: 97.51884
08/07/2026 17:16:28 - INFO - utils.trainer -   MSE: 97.51884
08/07/2026 17:16:28 - INFO - utils.trainer -   MAE: 7.81383
08/07/2026 17:16:28 - INFO - utils.trainer -   RMSE: 9.87516
08/07/2026 17:16:28 - INFO - utils.trainer -   R2: 0.12072
08/07/2026 17:16:28 - INFO - utils.trainer -   PearsonR: 0.43518
08/07/2026 17:16:28 - INFO - utils.trainer -   Epoch: 14, Loss: 69.55137, Val loss: 97.51884, Val Loss: 97.5188, Best val Loss: 92.9136, No improve: 5/10, Time: 14.1s
08/07/2026 17:16:42 - INFO - utils.trainer -   ***** Running regression evaluation on val0 dataset *****
08/07/2026 17:16:44 - INFO - utils.trainer -   Loss: 95.10516
08/07/2026 17:16:44 - INFO - utils.trainer -   MSE: 95.10516
08/07/2026 17:16:44 - INFO - utils.trainer -   MAE: 7.72236
08/07/2026 17:16:44 - INFO - utils.trainer -   RMSE: 9.75219
08/07/2026 17:16:44 - INFO - utils.trainer -   R2: 0.14248
08/07/2026 17:16:44 - INFO - utils.trainer -   PearsonR: 0.42470
08/07/2026 17:16:44 - INFO - utils.trainer -   Epoch: 15, Loss: 74.06503, Val loss: 95.10516, Val Loss: 95.1052, Best val Loss: 92.9136, No improve: 6/10, Time: 14.0s
08/07/2026 17:16:59 - INFO - utils.trainer -   ***** Running regression evaluation on val0 dataset *****
08/07/2026 17:17:01 - INFO - utils.trainer -   Loss: 104.97789
08/07/2026 17:17:01 - INFO - utils.trainer -   MSE: 104.97789
08/07/2026 17:17:01 - INFO - utils.trainer -   MAE: 8.05116
08/07/2026 17:17:01 - INFO - utils.trainer -   RMSE: 10.24587
08/07/2026 17:17:01 - INFO - utils.trainer -   R2: 0.05346
08/07/2026 17:17:01 - INFO - utils.trainer -   PearsonR: 0.42898
08/07/2026 17:17:01 - INFO - utils.trainer -   Epoch: 16, Loss: 71.49870, Val loss: 104.97789, Val Loss: 104.9779, Best val Loss: 92.9136, No improve: 7/10, Time: 14.2s
08/07/2026 17:17:15 - INFO - utils.trainer -   ***** Running regression evaluation on val0 dataset *****
08/07/2026 17:17:17 - INFO - utils.trainer -   Loss: 91.73110
08/07/2026 17:17:17 - INFO - utils.trainer -   MSE: 91.73111
08/07/2026 17:17:17 - INFO - utils.trainer -   MAE: 7.73343
08/07/2026 17:17:17 - INFO - utils.trainer -   RMSE: 9.57764
08/07/2026 17:17:17 - INFO - utils.trainer -   R2: 0.17290
08/07/2026 17:17:17 - INFO - utils.trainer -   PearsonR: 0.41940
08/07/2026 17:17:17 - INFO - utils.trainer -   Model saved to output_dir/ALTER_AgeCAUEEG_train
08/07/2026 17:17:17 - INFO - utils.trainer -   Best model saved (val_Loss=91.7311)
08/07/2026 17:17:17 - INFO - utils.trainer -   Epoch: 17, Loss: 69.10537, Val loss: 91.73110, Val Loss: 91.7311, Best val Loss: 91.7311, No improve: 0/10, Time: 14.3s
08/07/2026 17:17:31 - INFO - utils.trainer -   ***** Running regression evaluation on val0 dataset *****
08/07/2026 17:17:34 - INFO - utils.trainer -   Loss: 93.70536
08/07/2026 17:17:34 - INFO - utils.trainer -   MSE: 93.70536
08/07/2026 17:17:34 - INFO - utils.trainer -   MAE: 7.74608
08/07/2026 17:17:34 - INFO - utils.trainer -   RMSE: 9.68015
08/07/2026 17:17:34 - INFO - utils.trainer -   R2: 0.15510
08/07/2026 17:17:34 - INFO - utils.trainer -   PearsonR: 0.42880
08/07/2026 17:17:34 - INFO - utils.trainer -   Epoch: 18, Loss: 71.47354, Val loss: 93.70536, Val Loss: 93.7054, Best val Loss: 91.7311, No improve: 1/10, Time: 14.0s
08/07/2026 17:17:48 - INFO - utils.trainer -   ***** Running regression evaluation on val0 dataset *****
08/07/2026 17:17:50 - INFO - utils.trainer -   Loss: 98.04099
08/07/2026 17:17:50 - INFO - utils.trainer -   MSE: 98.04099
08/07/2026 17:17:50 - INFO - utils.trainer -   MAE: 7.84571
08/07/2026 17:17:50 - INFO - utils.trainer -   RMSE: 9.90156
08/07/2026 17:17:50 - INFO - utils.trainer -   R2: 0.11601
08/07/2026 17:17:50 - INFO - utils.trainer -   PearsonR: 0.43468
08/07/2026 17:17:50 - INFO - utils.trainer -   Epoch: 19, Loss: 68.62502, Val loss: 98.04099, Val Loss: 98.0410, Best val Loss: 91.7311, No improve: 2/10, Time: 13.8s
08/07/2026 17:18:04 - INFO - utils.trainer -   ***** Running regression evaluation on val0 dataset *****
08/07/2026 17:18:06 - INFO - utils.trainer -   Loss: 89.74537
08/07/2026 17:18:06 - INFO - utils.trainer -   MSE: 89.74538
08/07/2026 17:18:06 - INFO - utils.trainer -   MAE: 7.57381
08/07/2026 17:18:06 - INFO - utils.trainer -   RMSE: 9.47340
08/07/2026 17:18:06 - INFO - utils.trainer -   R2: 0.19081
08/07/2026 17:18:06 - INFO - utils.trainer -   PearsonR: 0.44590
08/07/2026 17:18:06 - INFO - utils.trainer -   Model saved to output_dir/ALTER_AgeCAUEEG_train
08/07/2026 17:18:06 - INFO - utils.trainer -   Best model saved (val_Loss=89.7454)
08/07/2026 17:18:06 - INFO - utils.trainer -   Epoch: 20, Loss: 73.58381, Val loss: 89.74537, Val Loss: 89.7454, Best val Loss: 89.7454, No improve: 0/10, Time: 14.1s
08/07/2026 17:18:20 - INFO - utils.trainer -   ***** Running regression evaluation on val0 dataset *****
08/07/2026 17:18:23 - INFO - utils.trainer -   Loss: 101.97965
08/07/2026 17:18:23 - INFO - utils.trainer -   MSE: 101.97966
08/07/2026 17:18:23 - INFO - utils.trainer -   MAE: 7.95178
08/07/2026 17:18:23 - INFO - utils.trainer -   RMSE: 10.09850
08/07/2026 17:18:23 - INFO - utils.trainer -   R2: 0.08050
08/07/2026 17:18:23 - INFO - utils.trainer -   PearsonR: 0.43415
08/07/2026 17:18:23 - INFO - utils.trainer -   Epoch: 21, Loss: 65.69790, Val loss: 101.97965, Val Loss: 101.9797, Best val Loss: 89.7454, No improve: 1/10, Time: 14.2s
08/07/2026 17:18:37 - INFO - utils.trainer -   ***** Running regression evaluation on val0 dataset *****
08/07/2026 17:18:39 - INFO - utils.trainer -   Loss: 97.24405
08/07/2026 17:18:39 - INFO - utils.trainer -   MSE: 97.24406
08/07/2026 17:18:39 - INFO - utils.trainer -   MAE: 7.79884
08/07/2026 17:18:39 - INFO - utils.trainer -   RMSE: 9.86124
08/07/2026 17:18:39 - INFO - utils.trainer -   R2: 0.12319
08/07/2026 17:18:39 - INFO - utils.trainer -   PearsonR: 0.43636
08/07/2026 17:18:39 - INFO - utils.trainer -   Epoch: 22, Loss: 71.41751, Val loss: 97.24405, Val Loss: 97.2440, Best val Loss: 89.7454, No improve: 2/10, Time: 14.3s
08/07/2026 17:18:54 - INFO - utils.trainer -   ***** Running regression evaluation on val0 dataset *****
08/07/2026 17:18:56 - INFO - utils.trainer -   Loss: 92.94802
08/07/2026 17:18:56 - INFO - utils.trainer -   MSE: 92.94802
08/07/2026 17:18:56 - INFO - utils.trainer -   MAE: 7.66221
08/07/2026 17:18:56 - INFO - utils.trainer -   RMSE: 9.64095
08/07/2026 17:18:56 - INFO - utils.trainer -   R2: 0.16193
08/07/2026 17:18:56 - INFO - utils.trainer -   PearsonR: 0.41707
08/07/2026 17:18:56 - INFO - utils.trainer -   Epoch: 23, Loss: 70.55981, Val loss: 92.94802, Val Loss: 92.9480, Best val Loss: 89.7454, No improve: 3/10, Time: 14.2s
08/07/2026 17:19:10 - INFO - utils.trainer -   ***** Running regression evaluation on val0 dataset *****
08/07/2026 17:19:13 - INFO - utils.trainer -   Loss: 102.30455
08/07/2026 17:19:13 - INFO - utils.trainer -   MSE: 102.30454
08/07/2026 17:19:13 - INFO - utils.trainer -   MAE: 7.95796
08/07/2026 17:19:13 - INFO - utils.trainer -   RMSE: 10.11457
08/07/2026 17:19:13 - INFO - utils.trainer -   R2: 0.07757
08/07/2026 17:19:13 - INFO - utils.trainer -   PearsonR: 0.43229
08/07/2026 17:19:13 - INFO - utils.trainer -   Epoch: 24, Loss: 68.39541, Val loss: 102.30455, Val Loss: 102.3045, Best val Loss: 89.7454, No improve: 4/10, Time: 14.3s
08/07/2026 17:19:27 - INFO - utils.trainer -   ***** Running regression evaluation on val0 dataset *****
08/07/2026 17:19:29 - INFO - utils.trainer -   Loss: 109.92228
08/07/2026 17:19:29 - INFO - utils.trainer -   MSE: 109.92228
08/07/2026 17:19:29 - INFO - utils.trainer -   MAE: 8.19487
08/07/2026 17:19:29 - INFO - utils.trainer -   RMSE: 10.48438
08/07/2026 17:19:29 - INFO - utils.trainer -   R2: 0.00888
08/07/2026 17:19:29 - INFO - utils.trainer -   PearsonR: 0.43349
08/07/2026 17:19:29 - INFO - utils.trainer -   Epoch: 25, Loss: 62.85184, Val loss: 109.92228, Val Loss: 109.9223, Best val Loss: 89.7454, No improve: 5/10, Time: 14.4s
08/07/2026 17:19:44 - INFO - utils.trainer -   ***** Running regression evaluation on val0 dataset *****
08/07/2026 17:19:46 - INFO - utils.trainer -   Loss: 92.77017
08/07/2026 17:19:46 - INFO - utils.trainer -   MSE: 92.77017
08/07/2026 17:19:46 - INFO - utils.trainer -   MAE: 7.65130
08/07/2026 17:19:46 - INFO - utils.trainer -   RMSE: 9.63173
08/07/2026 17:19:46 - INFO - utils.trainer -   R2: 0.16353
08/07/2026 17:19:46 - INFO - utils.trainer -   PearsonR: 0.42717
08/07/2026 17:19:46 - INFO - utils.trainer -   Epoch: 26, Loss: 65.44222, Val loss: 92.77017, Val Loss: 92.7702, Best val Loss: 89.7454, No improve: 6/10, Time: 14.3s
08/07/2026 17:20:00 - INFO - utils.trainer -   ***** Running regression evaluation on val0 dataset *****
08/07/2026 17:20:02 - INFO - utils.trainer -   Loss: 107.28431
08/07/2026 17:20:02 - INFO - utils.trainer -   MSE: 107.28431
08/07/2026 17:20:02 - INFO - utils.trainer -   MAE: 8.10385
08/07/2026 17:20:02 - INFO - utils.trainer -   RMSE: 10.35781
08/07/2026 17:20:02 - INFO - utils.trainer -   R2: 0.03267
08/07/2026 17:20:02 - INFO - utils.trainer -   PearsonR: 0.41528
08/07/2026 17:20:02 - INFO - utils.trainer -   Epoch: 27, Loss: 60.61569, Val loss: 107.28431, Val Loss: 107.2843, Best val Loss: 89.7454, No improve: 7/10, Time: 14.0s
08/07/2026 17:20:16 - INFO - utils.trainer -   ***** Running regression evaluation on val0 dataset *****
08/07/2026 17:20:18 - INFO - utils.trainer -   Loss: 122.82500
08/07/2026 17:20:18 - INFO - utils.trainer -   MSE: 122.82499
08/07/2026 17:20:18 - INFO - utils.trainer -   MAE: 8.65545
08/07/2026 17:20:18 - INFO - utils.trainer -   RMSE: 11.08264
08/07/2026 17:20:18 - INFO - utils.trainer -   R2: -0.10746
08/07/2026 17:20:18 - INFO - utils.trainer -   PearsonR: 0.41987
08/07/2026 17:20:18 - INFO - utils.trainer -   Epoch: 28, Loss: 64.45006, Val loss: 122.82500, Val Loss: 122.8250, Best val Loss: 89.7454, No improve: 8/10, Time: 13.9s
08/07/2026 17:20:33 - INFO - utils.trainer -   ***** Running regression evaluation on val0 dataset *****
08/07/2026 17:20:35 - INFO - utils.trainer -   Loss: 92.95847
08/07/2026 17:20:35 - INFO - utils.trainer -   MSE: 92.95847
08/07/2026 17:20:35 - INFO - utils.trainer -   MAE: 7.68829
08/07/2026 17:20:35 - INFO - utils.trainer -   RMSE: 9.64150
08/07/2026 17:20:35 - INFO - utils.trainer -   R2: 0.16184
08/07/2026 17:20:35 - INFO - utils.trainer -   PearsonR: 0.42559
08/07/2026 17:20:35 - INFO - utils.trainer -   Epoch: 29, Loss: 62.73491, Val loss: 92.95847, Val Loss: 92.9585, Best val Loss: 89.7454, No improve: 9/10, Time: 14.5s
08/07/2026 17:20:49 - INFO - utils.trainer -   ***** Running regression evaluation on val0 dataset *****
08/07/2026 17:20:51 - INFO - utils.trainer -   Loss: 103.64775
08/07/2026 17:20:51 - INFO - utils.trainer -   MSE: 103.64776
08/07/2026 17:20:51 - INFO - utils.trainer -   MAE: 7.89950
08/07/2026 17:20:51 - INFO - utils.trainer -   RMSE: 10.18075
08/07/2026 17:20:51 - INFO - utils.trainer -   R2: 0.06545
08/07/2026 17:20:51 - INFO - utils.trainer -   PearsonR: 0.39624
08/07/2026 17:20:51 - INFO - utils.trainer -   Epoch: 30, Loss: 59.06158, Val loss: 103.64775, Val Loss: 103.6478, Best val Loss: 89.7454, No improve: 10/10, Time: 13.9s
08/07/2026 17:20:51 - INFO - utils.trainer -   Early stopping triggered at epoch 30
08/07/2026 17:20:51 - INFO - utils.trainer -   Early stopping triggered at epoch 30
08/07/2026 17:20:51 - INFO - utils.trainer -   Early stopping triggered at epoch 30
08/07/2026 17:20:51 - INFO - utils.trainer -   Early stopping triggered at epoch 30
08/07/2026 17:20:51 - INFO - utils.trainer -   Early stopping triggered at epoch 30
08/07/2026 17:20:51 - INFO - utils.trainer -   Early stopping triggered at epoch 30
08/07/2026 17:20:51 - INFO - utils.trainer -     6 keys not in checkpoint (kept from init)
08/07/2026 17:20:51 - INFO - utils.trainer -   Model loaded from output_dir/ALTER_AgeCAUEEG_train/ALTER-0.bin (27/27 keys)
08/07/2026 17:20:51 - INFO - utils.trainer -   ***** Running regression evaluation on test0 dataset *****
08/07/2026 17:20:51 - INFO - utils.trainer -     6 keys not in checkpoint (kept from init)
08/07/2026 17:20:51 - INFO - utils.trainer -   Model loaded from output_dir/ALTER_AgeCAUEEG_train/ALTER-0.bin (27/27 keys)
08/07/2026 17:20:51 - INFO - utils.trainer -     6 keys not in checkpoint (kept from init)
08/07/2026 17:20:51 - INFO - utils.trainer -     6 keys not in checkpoint (kept from init)
08/07/2026 17:20:51 - INFO - utils.trainer -   Model loaded from output_dir/ALTER_AgeCAUEEG_train/ALTER-0.bin (27/27 keys)
08/07/2026 17:20:51 - INFO - utils.trainer -   Model loaded from output_dir/ALTER_AgeCAUEEG_train/ALTER-0.bin (27/27 keys)
08/07/2026 17:20:51 - INFO - utils.trainer -     6 keys not in checkpoint (kept from init)
08/07/2026 17:20:51 - INFO - utils.trainer -   Model loaded from output_dir/ALTER_AgeCAUEEG_train/ALTER-0.bin (27/27 keys)
08/07/2026 17:20:51 - INFO - utils.trainer -     6 keys not in checkpoint (kept from init)
08/07/2026 17:20:51 - INFO - utils.trainer -   Model loaded from output_dir/ALTER_AgeCAUEEG_train/ALTER-0.bin (27/27 keys)
08/07/2026 17:20:53 - INFO - utils.trainer -   Loss: 89.17902
08/07/2026 17:20:53 - INFO - utils.trainer -   MSE: 89.75558
08/07/2026 17:20:53 - INFO - utils.trainer -   MAE: 7.62880
08/07/2026 17:20:53 - INFO - utils.trainer -   RMSE: 9.47394
08/07/2026 17:20:53 - INFO - utils.trainer -   R2: 0.10421
08/07/2026 17:20:53 - INFO - utils.trainer -   PearsonR: 0.37021
08/07/2026 17:20:53 - INFO - utils.trainer -   === Best epoch test result ===
08/07/2026 17:20:53 - INFO - utils.trainer -     Loss: 89.17902
08/07/2026 17:20:53 - INFO - utils.trainer -     MSE: 89.75558
08/07/2026 17:20:53 - INFO - utils.trainer -     MAE: 7.62880
08/07/2026 17:20:53 - INFO - utils.trainer -     RMSE: 9.47394
08/07/2026 17:20:53 - INFO - utils.trainer -     R2: 0.10421
08/07/2026 17:20:53 - INFO - utils.trainer -     PearsonR: 0.37021
08/07/2026 17:20:53 - INFO - utils.trainer -   Model saved to output_dir/ALTER_AgeCAUEEG_train/final-epoch-200
08/07/2026 17:20:53 - INFO - utils.trainer -   Final model saved at epoch 200
