07/27/2026 21:56:28 - INFO - __main__ -   ########## Repeat:0 ##########
07/27/2026 21:56:28 - INFO - utils.trainer -   ***** Running training *****
07/27/2026 21:56:28 - INFO - utils.trainer -     Num examples = 32
07/27/2026 21:56:28 - INFO - utils.trainer -     Num Epochs = 200
07/27/2026 21:56:28 - INFO - utils.trainer -     Total train batch size = 4
07/27/2026 21:56:28 - INFO - utils.trainer -     warmup steps = 400
07/27/2026 21:56:28 - INFO - utils.trainer -     Total optimization steps = 6400
07/27/2026 21:56:28 - INFO - utils.trainer -     Save steps = 200
07/27/2026 21:56:29 - INFO - utils.trainer -   ***** Running evaluation on val dataset *****
07/27/2026 21:56:30 - INFO - utils.trainer -   Loss: 2.71236
07/27/2026 21:56:30 - INFO - utils.trainer -   AUC: 0.40267
07/27/2026 21:56:30 - INFO - utils.trainer -   Accuracy: 0.44048
07/27/2026 21:56:30 - INFO - utils.trainer -   Precision: 0.44048
07/27/2026 21:56:30 - INFO - utils.trainer -   Recall: 1.00000
07/27/2026 21:56:30 - INFO - utils.trainer -   F_score: 0.61157
07/27/2026 21:56:30 - INFO - utils.trainer -   Specificity: 0.00000
07/27/2026 21:56:30 - INFO - utils.trainer -   Sensitivity: 0.00000
07/27/2026 21:56:30 - INFO - utils.trainer -   ***** Running evaluation on test dataset *****
07/27/2026 21:56:30 - INFO - utils.trainer -   Loss: 2.58345
07/27/2026 21:56:30 - INFO - utils.trainer -   AUC: 0.59410
07/27/2026 21:56:30 - INFO - utils.trainer -   Accuracy: 0.60714
07/27/2026 21:56:30 - INFO - utils.trainer -   Precision: 0.60714
07/27/2026 21:56:30 - INFO - utils.trainer -   Recall: 1.00000
07/27/2026 21:56:30 - INFO - utils.trainer -   F_score: 0.75556
07/27/2026 21:56:30 - INFO - utils.trainer -   Specificity: 0.00000
07/27/2026 21:56:30 - INFO - utils.trainer -   Sensitivity: 0.00000
07/27/2026 21:56:30 - INFO - utils.trainer -   Model saved to output_dir/BNT
07/27/2026 21:56:30 - INFO - utils.trainer -   Best model saved (val_loss=2.7124, test_acc=0.6071)
07/27/2026 21:56:30 - INFO - utils.trainer -   Epoch: 1, Loss: 2.71387, Val loss: 2.71236, Test loss: 2.58345, Val Acc: 0.4405, Best val loss: 2.7124, No improve: 0/20, Time: 1.2s
