07/28/2026 10:15:43 - INFO - __main__ -   ########## Repeat:0 ##########
07/28/2026 10:15:43 - INFO - utils.trainer -   ***** Running training *****
07/28/2026 10:15:43 - INFO - utils.trainer -     Num examples = 288
07/28/2026 10:15:43 - INFO - utils.trainer -     Num Epochs = 200
07/28/2026 10:15:43 - INFO - utils.trainer -     Total train batch size = 3
07/28/2026 10:15:43 - INFO - utils.trainer -     warmup steps = 400
07/28/2026 10:15:43 - INFO - utils.trainer -     Total optimization steps = 57600
07/28/2026 10:15:43 - INFO - utils.trainer -     Save steps = 25
07/28/2026 10:16:55 - INFO - utils.trainer -   ***** Running evaluation on val dataset *****
07/28/2026 10:17:06 - INFO - utils.trainer -   Loss: 0.66664
07/28/2026 10:17:06 - INFO - utils.trainer -   AUC: 0.64898
07/28/2026 10:17:06 - INFO - utils.trainer -   Accuracy: 0.60503
07/28/2026 10:17:06 - INFO - utils.trainer -   Precision: 0.66531
07/28/2026 10:17:06 - INFO - utils.trainer -   Recall: 0.52836
07/28/2026 10:17:06 - INFO - utils.trainer -   F_score: 0.58898
07/28/2026 10:17:06 - INFO - utils.trainer -   Specificity: 0.00000
07/28/2026 10:17:06 - INFO - utils.trainer -   Sensitivity: 0.00000
07/28/2026 10:17:06 - INFO - utils.trainer -   ***** Running evaluation on test dataset *****
07/28/2026 10:17:17 - INFO - utils.trainer -   Loss: 0.68045
07/28/2026 10:17:17 - INFO - utils.trainer -   AUC: 0.60966
07/28/2026 10:17:17 - INFO - utils.trainer -   Accuracy: 0.58070
07/28/2026 10:17:17 - INFO - utils.trainer -   Precision: 0.67932
07/28/2026 10:17:17 - INFO - utils.trainer -   Recall: 0.49691
07/28/2026 10:17:17 - INFO - utils.trainer -   F_score: 0.57398
07/28/2026 10:17:17 - INFO - utils.trainer -   Specificity: 0.00000
07/28/2026 10:17:17 - INFO - utils.trainer -   Sensitivity: 0.00000
07/28/2026 10:17:18 - INFO - utils.trainer -   Model saved to output_dir/TimeLLM
07/28/2026 10:17:18 - INFO - utils.trainer -   Best model saved (val_Accuracy=0.6050, test_acc=0.5807)
07/28/2026 10:17:18 - INFO - utils.trainer -   Epoch: 1, Loss: 0.73859, Val loss: 0.66664, Test loss: 0.68045, Val Acc: 0.6050, Best val Accuracy: 0.6050, No improve: 0/10, Time: 72.0s
07/28/2026 10:18:30 - INFO - utils.trainer -   ***** Running evaluation on val dataset *****
07/28/2026 10:18:41 - INFO - utils.trainer -   Loss: 0.70195
07/28/2026 10:18:41 - INFO - utils.trainer -   AUC: 0.68630
07/28/2026 10:18:41 - INFO - utils.trainer -   Accuracy: 0.59028
07/28/2026 10:18:41 - INFO - utils.trainer -   Precision: 0.80083
07/28/2026 10:18:41 - INFO - utils.trainer -   Recall: 0.31280
07/28/2026 10:18:41 - INFO - utils.trainer -   F_score: 0.44988
07/28/2026 10:18:41 - INFO - utils.trainer -   Specificity: 0.00000
07/28/2026 10:18:41 - INFO - utils.trainer -   Sensitivity: 0.00000
07/28/2026 10:18:41 - INFO - utils.trainer -   ***** Running evaluation on test dataset *****
07/28/2026 10:18:52 - INFO - utils.trainer -   Loss: 0.70720
07/28/2026 10:18:52 - INFO - utils.trainer -   AUC: 0.68587
07/28/2026 10:18:52 - INFO - utils.trainer -   Accuracy: 0.58860
07/28/2026 10:18:52 - INFO - utils.trainer -   Precision: 0.79933
07/28/2026 10:18:52 - INFO - utils.trainer -   Recall: 0.36883
07/28/2026 10:18:52 - INFO - utils.trainer -   F_score: 0.50475
07/28/2026 10:18:52 - INFO - utils.trainer -   Specificity: 0.00000
07/28/2026 10:18:52 - INFO - utils.trainer -   Sensitivity: 0.00000
07/28/2026 10:18:52 - INFO - utils.trainer -   Epoch: 2, Loss: 0.68120, Val loss: 0.70195, Test loss: 0.70720, Val Acc: 0.5903, Best val Accuracy: 0.6050, No improve: 1/10, Time: 72.1s
07/28/2026 10:20:04 - INFO - utils.trainer -   ***** Running evaluation on val dataset *****
07/28/2026 10:20:15 - INFO - utils.trainer -   Loss: 0.71444
07/28/2026 10:20:15 - INFO - utils.trainer -   AUC: 0.68872
07/28/2026 10:20:15 - INFO - utils.trainer -   Accuracy: 0.54340
07/28/2026 10:20:15 - INFO - utils.trainer -   Precision: 0.54002
07/28/2026 10:20:15 - INFO - utils.trainer -   Recall: 0.99514
07/28/2026 10:20:15 - INFO - utils.trainer -   F_score: 0.70011
07/28/2026 10:20:15 - INFO - utils.trainer -   Specificity: 0.00000
07/28/2026 10:20:15 - INFO - utils.trainer -   Sensitivity: 0.00000
07/28/2026 10:20:15 - INFO - utils.trainer -   ***** Running evaluation on test dataset *****
07/28/2026 10:20:26 - INFO - utils.trainer -   Loss: 0.69538
07/28/2026 10:20:26 - INFO - utils.trainer -   AUC: 0.69433
07/28/2026 10:20:26 - INFO - utils.trainer -   Accuracy: 0.56404
07/28/2026 10:20:26 - INFO - utils.trainer -   Precision: 0.56652
07/28/2026 10:20:26 - INFO - utils.trainer -   Recall: 0.99228
07/28/2026 10:20:26 - INFO - utils.trainer -   F_score: 0.72126
07/28/2026 10:20:26 - INFO - utils.trainer -   Specificity: 0.00000
07/28/2026 10:20:26 - INFO - utils.trainer -   Sensitivity: 0.00000
07/28/2026 10:20:26 - INFO - utils.trainer -   Epoch: 3, Loss: 0.63355, Val loss: 0.71444, Test loss: 0.69538, Val Acc: 0.5434, Best val Accuracy: 0.6050, No improve: 2/10, Time: 72.2s
07/28/2026 10:21:38 - INFO - utils.trainer -   ***** Running evaluation on val dataset *****
07/28/2026 10:21:48 - INFO - utils.trainer -   Loss: 0.65229
07/28/2026 10:21:48 - INFO - utils.trainer -   AUC: 0.70365
07/28/2026 10:21:48 - INFO - utils.trainer -   Accuracy: 0.62934
07/28/2026 10:21:48 - INFO - utils.trainer -   Precision: 0.77941
07/28/2026 10:21:48 - INFO - utils.trainer -   Recall: 0.42950
07/28/2026 10:21:48 - INFO - utils.trainer -   F_score: 0.55381
07/28/2026 10:21:48 - INFO - utils.trainer -   Specificity: 0.00000
07/28/2026 10:21:48 - INFO - utils.trainer -   Sensitivity: 0.00000
07/28/2026 10:21:48 - INFO - utils.trainer -   ***** Running evaluation on test dataset *****
07/28/2026 10:21:59 - INFO - utils.trainer -   Loss: 0.66132
07/28/2026 10:21:59 - INFO - utils.trainer -   AUC: 0.69225
07/28/2026 10:21:59 - INFO - utils.trainer -   Accuracy: 0.60965
07/28/2026 10:21:59 - INFO - utils.trainer -   Precision: 0.77808
07/28/2026 10:21:59 - INFO - utils.trainer -   Recall: 0.43827
07/28/2026 10:21:59 - INFO - utils.trainer -   F_score: 0.56071
07/28/2026 10:21:59 - INFO - utils.trainer -   Specificity: 0.00000
07/28/2026 10:21:59 - INFO - utils.trainer -   Sensitivity: 0.00000
07/28/2026 10:22:00 - INFO - utils.trainer -   Model saved to output_dir/TimeLLM
07/28/2026 10:22:00 - INFO - utils.trainer -   Best model saved (val_Accuracy=0.6293, test_acc=0.6096)
07/28/2026 10:22:00 - INFO - utils.trainer -   Epoch: 4, Loss: 0.65666, Val loss: 0.65229, Test loss: 0.66132, Val Acc: 0.6293, Best val Accuracy: 0.6293, No improve: 0/10, Time: 71.9s
07/28/2026 10:23:12 - INFO - utils.trainer -   ***** Running evaluation on val dataset *****
07/28/2026 10:23:23 - INFO - utils.trainer -   Loss: 0.63631
07/28/2026 10:23:23 - INFO - utils.trainer -   AUC: 0.69817
07/28/2026 10:23:23 - INFO - utils.trainer -   Accuracy: 0.63976
07/28/2026 10:23:23 - INFO - utils.trainer -   Precision: 0.74877
07/28/2026 10:23:23 - INFO - utils.trainer -   Recall: 0.49271
07/28/2026 10:23:23 - INFO - utils.trainer -   F_score: 0.59433
07/28/2026 10:23:23 - INFO - utils.trainer -   Specificity: 0.00000
07/28/2026 10:23:23 - INFO - utils.trainer -   Sensitivity: 0.00000
07/28/2026 10:23:23 - INFO - utils.trainer -   ***** Running evaluation on test dataset *****
07/28/2026 10:23:34 - INFO - utils.trainer -   Loss: 0.61967
07/28/2026 10:23:34 - INFO - utils.trainer -   AUC: 0.71894
07/28/2026 10:23:34 - INFO - utils.trainer -   Accuracy: 0.64474
07/28/2026 10:23:34 - INFO - utils.trainer -   Precision: 0.76356
07/28/2026 10:23:34 - INFO - utils.trainer -   Recall: 0.54321
07/28/2026 10:23:34 - INFO - utils.trainer -   F_score: 0.63481
07/28/2026 10:23:34 - INFO - utils.trainer -   Specificity: 0.00000
07/28/2026 10:23:34 - INFO - utils.trainer -   Sensitivity: 0.00000
07/28/2026 10:23:34 - INFO - utils.trainer -   Model saved to output_dir/TimeLLM
07/28/2026 10:23:34 - INFO - utils.trainer -   Best model saved (val_Accuracy=0.6398, test_acc=0.6447)
07/28/2026 10:23:34 - INFO - utils.trainer -   Epoch: 5, Loss: 0.61842, Val loss: 0.63631, Test loss: 0.61967, Val Acc: 0.6398, Best val Accuracy: 0.6398, No improve: 0/10, Time: 72.1s
07/28/2026 10:24:46 - INFO - utils.trainer -   ***** Running evaluation on val dataset *****
07/28/2026 10:24:57 - INFO - utils.trainer -   Loss: 0.71991
07/28/2026 10:24:57 - INFO - utils.trainer -   AUC: 0.71144
07/28/2026 10:24:57 - INFO - utils.trainer -   Accuracy: 0.55990
07/28/2026 10:24:57 - INFO - utils.trainer -   Precision: 0.54964
07/28/2026 10:24:57 - INFO - utils.trainer -   Recall: 0.98703
07/28/2026 10:24:57 - INFO - utils.trainer -   F_score: 0.70609
07/28/2026 10:24:57 - INFO - utils.trainer -   Specificity: 0.00000
07/28/2026 10:24:57 - INFO - utils.trainer -   Sensitivity: 0.00000
07/28/2026 10:24:57 - INFO - utils.trainer -   ***** Running evaluation on test dataset *****
07/28/2026 10:25:08 - INFO - utils.trainer -   Loss: 0.70524
07/28/2026 10:25:08 - INFO - utils.trainer -   AUC: 0.70139
07/28/2026 10:25:08 - INFO - utils.trainer -   Accuracy: 0.57544
07/28/2026 10:25:08 - INFO - utils.trainer -   Precision: 0.57468
07/28/2026 10:25:08 - INFO - utils.trainer -   Recall: 0.97377
07/28/2026 10:25:08 - INFO - utils.trainer -   F_score: 0.72279
07/28/2026 10:25:08 - INFO - utils.trainer -   Specificity: 0.00000
07/28/2026 10:25:08 - INFO - utils.trainer -   Sensitivity: 0.00000
07/28/2026 10:25:08 - INFO - utils.trainer -   Epoch: 6, Loss: 0.65870, Val loss: 0.71991, Test loss: 0.70524, Val Acc: 0.5599, Best val Accuracy: 0.6398, No improve: 1/10, Time: 71.7s
07/28/2026 10:26:20 - INFO - utils.trainer -   ***** Running evaluation on val dataset *****
07/28/2026 10:26:31 - INFO - utils.trainer -   Loss: 0.63523
07/28/2026 10:26:31 - INFO - utils.trainer -   AUC: 0.70922
07/28/2026 10:26:31 - INFO - utils.trainer -   Accuracy: 0.64583
07/28/2026 10:26:31 - INFO - utils.trainer -   Precision: 0.77719
07/28/2026 10:26:31 - INFO - utils.trainer -   Recall: 0.47488
07/28/2026 10:26:31 - INFO - utils.trainer -   F_score: 0.58954
07/28/2026 10:26:31 - INFO - utils.trainer -   Specificity: 0.00000
07/28/2026 10:26:31 - INFO - utils.trainer -   Sensitivity: 0.00000
07/28/2026 10:26:31 - INFO - utils.trainer -   ***** Running evaluation on test dataset *****
07/28/2026 10:26:41 - INFO - utils.trainer -   Loss: 0.63299
07/28/2026 10:26:41 - INFO - utils.trainer -   AUC: 0.71055
07/28/2026 10:26:41 - INFO - utils.trainer -   Accuracy: 0.62105
07/28/2026 10:26:41 - INFO - utils.trainer -   Precision: 0.75352
07/28/2026 10:26:41 - INFO - utils.trainer -   Recall: 0.49537
07/28/2026 10:26:41 - INFO - utils.trainer -   F_score: 0.59777
07/28/2026 10:26:41 - INFO - utils.trainer -   Specificity: 0.00000
07/28/2026 10:26:41 - INFO - utils.trainer -   Sensitivity: 0.00000
07/28/2026 10:26:42 - INFO - utils.trainer -   Model saved to output_dir/TimeLLM
07/28/2026 10:26:42 - INFO - utils.trainer -   Best model saved (val_Accuracy=0.6458, test_acc=0.6211)
07/28/2026 10:26:42 - INFO - utils.trainer -   Epoch: 7, Loss: 0.62884, Val loss: 0.63523, Test loss: 0.63299, Val Acc: 0.6458, Best val Accuracy: 0.6458, No improve: 0/10, Time: 72.0s
07/28/2026 10:27:54 - INFO - utils.trainer -   ***** Running evaluation on val dataset *****
07/28/2026 10:28:05 - INFO - utils.trainer -   Loss: 0.63384
07/28/2026 10:28:05 - INFO - utils.trainer -   AUC: 0.69563
07/28/2026 10:28:05 - INFO - utils.trainer -   Accuracy: 0.63108
07/28/2026 10:28:05 - INFO - utils.trainer -   Precision: 0.63483
07/28/2026 10:28:05 - INFO - utils.trainer -   Recall: 0.73258
07/28/2026 10:28:05 - INFO - utils.trainer -   F_score: 0.68021
07/28/2026 10:28:05 - INFO - utils.trainer -   Specificity: 0.00000
07/28/2026 10:28:05 - INFO - utils.trainer -   Sensitivity: 0.00000
07/28/2026 10:28:05 - INFO - utils.trainer -   ***** Running evaluation on test dataset *****
07/28/2026 10:28:16 - INFO - utils.trainer -   Loss: 0.60687
07/28/2026 10:28:16 - INFO - utils.trainer -   AUC: 0.72362
07/28/2026 10:28:16 - INFO - utils.trainer -   Accuracy: 0.65526
07/28/2026 10:28:16 - INFO - utils.trainer -   Precision: 0.66201
07/28/2026 10:28:16 - INFO - utils.trainer -   Recall: 0.80401
07/28/2026 10:28:16 - INFO - utils.trainer -   F_score: 0.72613
07/28/2026 10:28:16 - INFO - utils.trainer -   Specificity: 0.00000
07/28/2026 10:28:16 - INFO - utils.trainer -   Sensitivity: 0.00000
07/28/2026 10:28:16 - INFO - utils.trainer -   Epoch: 8, Loss: 0.65234, Val loss: 0.63384, Test loss: 0.60687, Val Acc: 0.6311, Best val Accuracy: 0.6458, No improve: 1/10, Time: 72.0s
07/28/2026 10:29:28 - INFO - utils.trainer -   ***** Running evaluation on val dataset *****
07/28/2026 10:29:39 - INFO - utils.trainer -   Loss: 0.69131
07/28/2026 10:29:39 - INFO - utils.trainer -   AUC: 0.71261
07/28/2026 10:29:39 - INFO - utils.trainer -   Accuracy: 0.58507
07/28/2026 10:29:39 - INFO - utils.trainer -   Precision: 0.56807
07/28/2026 10:29:39 - INFO - utils.trainer -   Recall: 0.94003
07/28/2026 10:29:39 - INFO - utils.trainer -   F_score: 0.70818
07/28/2026 10:29:39 - INFO - utils.trainer -   Specificity: 0.00000
07/28/2026 10:29:39 - INFO - utils.trainer -   Sensitivity: 0.00000
07/28/2026 10:29:39 - INFO - utils.trainer -   ***** Running evaluation on test dataset *****
07/28/2026 10:29:50 - INFO - utils.trainer -   Loss: 0.68396
07/28/2026 10:29:50 - INFO - utils.trainer -   AUC: 0.70982
07/28/2026 10:29:50 - INFO - utils.trainer -   Accuracy: 0.61053
07/28/2026 10:29:50 - INFO - utils.trainer -   Precision: 0.60099
07/28/2026 10:29:50 - INFO - utils.trainer -   Recall: 0.93673
07/28/2026 10:29:50 - INFO - utils.trainer -   F_score: 0.73221
07/28/2026 10:29:50 - INFO - utils.trainer -   Specificity: 0.00000
07/28/2026 10:29:50 - INFO - utils.trainer -   Sensitivity: 0.00000
07/28/2026 10:29:50 - INFO - utils.trainer -   Epoch: 9, Loss: 0.60827, Val loss: 0.69131, Test loss: 0.68396, Val Acc: 0.5851, Best val Accuracy: 0.6458, No improve: 2/10, Time: 72.3s
07/28/2026 10:31:02 - INFO - utils.trainer -   ***** Running evaluation on val dataset *****
07/28/2026 10:31:13 - INFO - utils.trainer -   Loss: 0.66310
07/28/2026 10:31:13 - INFO - utils.trainer -   AUC: 0.69525
07/28/2026 10:31:13 - INFO - utils.trainer -   Accuracy: 0.65191
07/28/2026 10:31:13 - INFO - utils.trainer -   Precision: 0.66265
07/28/2026 10:31:13 - INFO - utils.trainer -   Recall: 0.71313
07/28/2026 10:31:13 - INFO - utils.trainer -   F_score: 0.68696
07/28/2026 10:31:13 - INFO - utils.trainer -   Specificity: 0.00000
07/28/2026 10:31:13 - INFO - utils.trainer -   Sensitivity: 0.00000
07/28/2026 10:31:13 - INFO - utils.trainer -   ***** Running evaluation on test dataset *****
07/28/2026 10:31:24 - INFO - utils.trainer -   Loss: 0.66320
07/28/2026 10:31:24 - INFO - utils.trainer -   AUC: 0.69294
07/28/2026 10:31:24 - INFO - utils.trainer -   Accuracy: 0.65088
07/28/2026 10:31:24 - INFO - utils.trainer -   Precision: 0.67806
07/28/2026 10:31:24 - INFO - utils.trainer -   Recall: 0.73457
07/28/2026 10:31:24 - INFO - utils.trainer -   F_score: 0.70519
07/28/2026 10:31:24 - INFO - utils.trainer -   Specificity: 0.00000
07/28/2026 10:31:24 - INFO - utils.trainer -   Sensitivity: 0.00000
07/28/2026 10:31:24 - INFO - utils.trainer -   Model saved to output_dir/TimeLLM
07/28/2026 10:31:24 - INFO - utils.trainer -   Best model saved (val_Accuracy=0.6519, test_acc=0.6509)
07/28/2026 10:31:24 - INFO - utils.trainer -   Epoch: 10, Loss: 0.61737, Val loss: 0.66310, Test loss: 0.66320, Val Acc: 0.6519, Best val Accuracy: 0.6519, No improve: 0/10, Time: 72.4s
07/28/2026 10:32:36 - INFO - utils.trainer -   ***** Running evaluation on val dataset *****
07/28/2026 10:32:47 - INFO - utils.trainer -   Loss: 0.66123
07/28/2026 10:32:47 - INFO - utils.trainer -   AUC: 0.70520
07/28/2026 10:32:47 - INFO - utils.trainer -   Accuracy: 0.64149
07/28/2026 10:32:47 - INFO - utils.trainer -   Precision: 0.76154
07/28/2026 10:32:47 - INFO - utils.trainer -   Recall: 0.48136
07/28/2026 10:32:47 - INFO - utils.trainer -   F_score: 0.58987
07/28/2026 10:32:47 - INFO - utils.trainer -   Specificity: 0.00000
07/28/2026 10:32:47 - INFO - utils.trainer -   Sensitivity: 0.00000
07/28/2026 10:32:47 - INFO - utils.trainer -   ***** Running evaluation on test dataset *****
07/28/2026 10:32:58 - INFO - utils.trainer -   Loss: 0.66860
07/28/2026 10:32:58 - INFO - utils.trainer -   AUC: 0.69855
07/28/2026 10:32:58 - INFO - utils.trainer -   Accuracy: 0.62368
07/28/2026 10:32:58 - INFO - utils.trainer -   Precision: 0.75289
07/28/2026 10:32:58 - INFO - utils.trainer -   Recall: 0.50309
07/28/2026 10:32:58 - INFO - utils.trainer -   F_score: 0.60315
07/28/2026 10:32:58 - INFO - utils.trainer -   Specificity: 0.00000
07/28/2026 10:32:58 - INFO - utils.trainer -   Sensitivity: 0.00000
07/28/2026 10:32:58 - INFO - utils.trainer -   Epoch: 11, Loss: 0.60824, Val loss: 0.66123, Test loss: 0.66860, Val Acc: 0.6415, Best val Accuracy: 0.6519, No improve: 1/10, Time: 72.1s
07/28/2026 10:34:10 - INFO - utils.trainer -   ***** Running evaluation on val dataset *****
07/28/2026 10:34:21 - INFO - utils.trainer -   Loss: 0.64500
07/28/2026 10:34:21 - INFO - utils.trainer -   AUC: 0.69600
07/28/2026 10:34:21 - INFO - utils.trainer -   Accuracy: 0.65365
07/28/2026 10:34:21 - INFO - utils.trainer -   Precision: 0.72996
07/28/2026 10:34:21 - INFO - utils.trainer -   Recall: 0.56078
07/28/2026 10:34:21 - INFO - utils.trainer -   F_score: 0.63428
07/28/2026 10:34:21 - INFO - utils.trainer -   Specificity: 0.00000
07/28/2026 10:34:21 - INFO - utils.trainer -   Sensitivity: 0.00000
07/28/2026 10:34:21 - INFO - utils.trainer -   ***** Running evaluation on test dataset *****
07/28/2026 10:34:32 - INFO - utils.trainer -   Loss: 0.61587
07/28/2026 10:34:32 - INFO - utils.trainer -   AUC: 0.72538
07/28/2026 10:34:32 - INFO - utils.trainer -   Accuracy: 0.65614
07/28/2026 10:34:32 - INFO - utils.trainer -   Precision: 0.73273
07/28/2026 10:34:32 - INFO - utils.trainer -   Recall: 0.62191
07/28/2026 10:34:32 - INFO - utils.trainer -   F_score: 0.67279
07/28/2026 10:34:32 - INFO - utils.trainer -   Specificity: 0.00000
07/28/2026 10:34:32 - INFO - utils.trainer -   Sensitivity: 0.00000
07/28/2026 10:34:32 - INFO - utils.trainer -   Model saved to output_dir/TimeLLM
07/28/2026 10:34:32 - INFO - utils.trainer -   Best model saved (val_Accuracy=0.6536, test_acc=0.6561)
07/28/2026 10:34:32 - INFO - utils.trainer -   Epoch: 12, Loss: 0.60127, Val loss: 0.64500, Test loss: 0.61587, Val Acc: 0.6536, Best val Accuracy: 0.6536, No improve: 0/10, Time: 72.2s
07/28/2026 10:35:44 - INFO - utils.trainer -   ***** Running evaluation on val dataset *****
07/28/2026 10:35:55 - INFO - utils.trainer -   Loss: 0.62758
07/28/2026 10:35:55 - INFO - utils.trainer -   AUC: 0.70213
07/28/2026 10:35:55 - INFO - utils.trainer -   Accuracy: 0.63889
07/28/2026 10:35:55 - INFO - utils.trainer -   Precision: 0.68646
07/28/2026 10:35:55 - INFO - utils.trainer -   Recall: 0.59968
07/28/2026 10:35:55 - INFO - utils.trainer -   F_score: 0.64014
07/28/2026 10:35:55 - INFO - utils.trainer -   Specificity: 0.00000
07/28/2026 10:35:55 - INFO - utils.trainer -   Sensitivity: 0.00000
07/28/2026 10:35:55 - INFO - utils.trainer -   ***** Running evaluation on test dataset *****
07/28/2026 10:36:06 - INFO - utils.trainer -   Loss: 0.60600
07/28/2026 10:36:06 - INFO - utils.trainer -   AUC: 0.72519
07/28/2026 10:36:06 - INFO - utils.trainer -   Accuracy: 0.66140
07/28/2026 10:36:06 - INFO - utils.trainer -   Precision: 0.70728
07/28/2026 10:36:06 - INFO - utils.trainer -   Recall: 0.68981
07/28/2026 10:36:06 - INFO - utils.trainer -   F_score: 0.69844
07/28/2026 10:36:06 - INFO - utils.trainer -   Specificity: 0.00000
07/28/2026 10:36:06 - INFO - utils.trainer -   Sensitivity: 0.00000
07/28/2026 10:36:06 - INFO - utils.trainer -   Epoch: 13, Loss: 0.59718, Val loss: 0.62758, Test loss: 0.60600, Val Acc: 0.6389, Best val Accuracy: 0.6536, No improve: 1/10, Time: 72.1s
07/28/2026 10:37:18 - INFO - utils.trainer -   ***** Running evaluation on val dataset *****
07/28/2026 10:37:29 - INFO - utils.trainer -   Loss: 0.66769
07/28/2026 10:37:29 - INFO - utils.trainer -   AUC: 0.69540
07/28/2026 10:37:29 - INFO - utils.trainer -   Accuracy: 0.58854
07/28/2026 10:37:29 - INFO - utils.trainer -   Precision: 0.57647
07/28/2026 10:37:29 - INFO - utils.trainer -   Recall: 0.87358
07/28/2026 10:37:29 - INFO - utils.trainer -   F_score: 0.69459
07/28/2026 10:37:29 - INFO - utils.trainer -   Specificity: 0.00000
07/28/2026 10:37:29 - INFO - utils.trainer -   Sensitivity: 0.00000
07/28/2026 10:37:29 - INFO - utils.trainer -   ***** Running evaluation on test dataset *****
07/28/2026 10:37:40 - INFO - utils.trainer -   Loss: 0.63846
07/28/2026 10:37:40 - INFO - utils.trainer -   AUC: 0.72277
07/28/2026 10:37:40 - INFO - utils.trainer -   Accuracy: 0.63421
07/28/2026 10:37:40 - INFO - utils.trainer -   Precision: 0.62094
07/28/2026 10:37:40 - INFO - utils.trainer -   Recall: 0.91512
07/28/2026 10:37:40 - INFO - utils.trainer -   F_score: 0.73986
07/28/2026 10:37:40 - INFO - utils.trainer -   Specificity: 0.00000
07/28/2026 10:37:40 - INFO - utils.trainer -   Sensitivity: 0.00000
07/28/2026 10:37:40 - INFO - utils.trainer -   Epoch: 14, Loss: 0.58595, Val loss: 0.66769, Test loss: 0.63846, Val Acc: 0.5885, Best val Accuracy: 0.6536, No improve: 2/10, Time: 72.2s
07/28/2026 10:38:52 - INFO - utils.trainer -   ***** Running evaluation on val dataset *****
07/28/2026 10:39:03 - INFO - utils.trainer -   Loss: 0.65980
07/28/2026 10:39:03 - INFO - utils.trainer -   AUC: 0.66093
07/28/2026 10:39:03 - INFO - utils.trainer -   Accuracy: 0.59896
07/28/2026 10:39:03 - INFO - utils.trainer -   Precision: 0.60131
07/28/2026 10:39:03 - INFO - utils.trainer -   Recall: 0.74554
07/28/2026 10:39:03 - INFO - utils.trainer -   F_score: 0.66570
07/28/2026 10:39:03 - INFO - utils.trainer -   Specificity: 0.00000
07/28/2026 10:39:03 - INFO - utils.trainer -   Sensitivity: 0.00000
07/28/2026 10:39:03 - INFO - utils.trainer -   ***** Running evaluation on test dataset *****
07/28/2026 10:39:13 - INFO - utils.trainer -   Loss: 0.61652
07/28/2026 10:39:13 - INFO - utils.trainer -   AUC: 0.71589
07/28/2026 10:39:13 - INFO - utils.trainer -   Accuracy: 0.64386
07/28/2026 10:39:13 - INFO - utils.trainer -   Precision: 0.64543
07/28/2026 10:39:13 - INFO - utils.trainer -   Recall: 0.82870
07/28/2026 10:39:13 - INFO - utils.trainer -   F_score: 0.72568
07/28/2026 10:39:13 - INFO - utils.trainer -   Specificity: 0.00000
07/28/2026 10:39:13 - INFO - utils.trainer -   Sensitivity: 0.00000
07/28/2026 10:39:13 - INFO - utils.trainer -   Epoch: 15, Loss: 0.56622, Val loss: 0.65980, Test loss: 0.61652, Val Acc: 0.5990, Best val Accuracy: 0.6536, No improve: 3/10, Time: 72.3s
07/28/2026 10:40:26 - INFO - utils.trainer -   ***** Running evaluation on val dataset *****
07/28/2026 10:40:37 - INFO - utils.trainer -   Loss: 0.64050
07/28/2026 10:40:37 - INFO - utils.trainer -   AUC: 0.68923
07/28/2026 10:40:37 - INFO - utils.trainer -   Accuracy: 0.63628
07/28/2026 10:40:37 - INFO - utils.trainer -   Precision: 0.64820
07/28/2026 10:40:37 - INFO - utils.trainer -   Recall: 0.70178
07/28/2026 10:40:37 - INFO - utils.trainer -   F_score: 0.67393
07/28/2026 10:40:37 - INFO - utils.trainer -   Specificity: 0.00000
07/28/2026 10:40:37 - INFO - utils.trainer -   Sensitivity: 0.00000
07/28/2026 10:40:37 - INFO - utils.trainer -   ***** Running evaluation on test dataset *****
07/28/2026 10:40:47 - INFO - utils.trainer -   Loss: 0.61773
07/28/2026 10:40:47 - INFO - utils.trainer -   AUC: 0.71115
07/28/2026 10:40:47 - INFO - utils.trainer -   Accuracy: 0.65351
07/28/2026 10:40:47 - INFO - utils.trainer -   Precision: 0.67643
07/28/2026 10:40:47 - INFO - utils.trainer -   Recall: 0.74846
07/28/2026 10:40:47 - INFO - utils.trainer -   F_score: 0.71062
07/28/2026 10:40:47 - INFO - utils.trainer -   Specificity: 0.00000
07/28/2026 10:40:47 - INFO - utils.trainer -   Sensitivity: 0.00000
07/28/2026 10:40:47 - INFO - utils.trainer -   Epoch: 16, Loss: 0.59415, Val loss: 0.64050, Test loss: 0.61773, Val Acc: 0.6363, Best val Accuracy: 0.6536, No improve: 4/10, Time: 72.2s
07/28/2026 10:41:59 - INFO - utils.trainer -   ***** Running evaluation on val dataset *****
07/28/2026 10:42:10 - INFO - utils.trainer -   Loss: 0.64627
07/28/2026 10:42:10 - INFO - utils.trainer -   AUC: 0.69020
07/28/2026 10:42:10 - INFO - utils.trainer -   Accuracy: 0.63976
07/28/2026 10:42:10 - INFO - utils.trainer -   Precision: 0.73934
07/28/2026 10:42:10 - INFO - utils.trainer -   Recall: 0.50567
07/28/2026 10:42:10 - INFO - utils.trainer -   F_score: 0.60058
07/28/2026 10:42:10 - INFO - utils.trainer -   Specificity: 0.00000
07/28/2026 10:42:10 - INFO - utils.trainer -   Sensitivity: 0.00000
07/28/2026 10:42:10 - INFO - utils.trainer -   ***** Running evaluation on test dataset *****
07/28/2026 10:42:21 - INFO - utils.trainer -   Loss: 0.61532
07/28/2026 10:42:21 - INFO - utils.trainer -   AUC: 0.72189
07/28/2026 10:42:21 - INFO - utils.trainer -   Accuracy: 0.64649
07/28/2026 10:42:21 - INFO - utils.trainer -   Precision: 0.74257
07/28/2026 10:42:21 - INFO - utils.trainer -   Recall: 0.57870
07/28/2026 10:42:21 - INFO - utils.trainer -   F_score: 0.65048
07/28/2026 10:42:21 - INFO - utils.trainer -   Specificity: 0.00000
07/28/2026 10:42:21 - INFO - utils.trainer -   Sensitivity: 0.00000
07/28/2026 10:42:21 - INFO - utils.trainer -   Epoch: 17, Loss: 0.58249, Val loss: 0.64627, Test loss: 0.61532, Val Acc: 0.6398, Best val Accuracy: 0.6536, No improve: 5/10, Time: 72.0s
07/28/2026 10:43:33 - INFO - utils.trainer -   ***** Running evaluation on val dataset *****
07/28/2026 10:43:44 - INFO - utils.trainer -   Loss: 0.64280
07/28/2026 10:43:44 - INFO - utils.trainer -   AUC: 0.68432
07/28/2026 10:43:44 - INFO - utils.trainer -   Accuracy: 0.63802
07/28/2026 10:43:44 - INFO - utils.trainer -   Precision: 0.65773
07/28/2026 10:43:44 - INFO - utils.trainer -   Recall: 0.67585
07/28/2026 10:43:44 - INFO - utils.trainer -   F_score: 0.66667
07/28/2026 10:43:44 - INFO - utils.trainer -   Specificity: 0.00000
07/28/2026 10:43:44 - INFO - utils.trainer -   Sensitivity: 0.00000
07/28/2026 10:43:44 - INFO - utils.trainer -   ***** Running evaluation on test dataset *****
07/28/2026 10:43:55 - INFO - utils.trainer -   Loss: 0.61412
07/28/2026 10:43:55 - INFO - utils.trainer -   AUC: 0.70846
07/28/2026 10:43:55 - INFO - utils.trainer -   Accuracy: 0.63509
07/28/2026 10:43:55 - INFO - utils.trainer -   Precision: 0.67109
07/28/2026 10:43:55 - INFO - utils.trainer -   Recall: 0.70216
07/28/2026 10:43:55 - INFO - utils.trainer -   F_score: 0.68627
07/28/2026 10:43:55 - INFO - utils.trainer -   Specificity: 0.00000
07/28/2026 10:43:55 - INFO - utils.trainer -   Sensitivity: 0.00000
07/28/2026 10:43:55 - INFO - utils.trainer -   Epoch: 18, Loss: 0.56676, Val loss: 0.64280, Test loss: 0.61412, Val Acc: 0.6380, Best val Accuracy: 0.6536, No improve: 6/10, Time: 72.2s
07/28/2026 10:45:07 - INFO - utils.trainer -   ***** Running evaluation on val dataset *****
07/28/2026 10:45:18 - INFO - utils.trainer -   Loss: 0.65646
07/28/2026 10:45:18 - INFO - utils.trainer -   AUC: 0.68523
07/28/2026 10:45:18 - INFO - utils.trainer -   Accuracy: 0.62674
07/28/2026 10:45:18 - INFO - utils.trainer -   Precision: 0.65056
07/28/2026 10:45:18 - INFO - utils.trainer -   Recall: 0.65478
07/28/2026 10:45:18 - INFO - utils.trainer -   F_score: 0.65267
07/28/2026 10:45:18 - INFO - utils.trainer -   Specificity: 0.00000
07/28/2026 10:45:18 - INFO - utils.trainer -   Sensitivity: 0.00000
07/28/2026 10:45:18 - INFO - utils.trainer -   ***** Running evaluation on test dataset *****
07/28/2026 10:45:29 - INFO - utils.trainer -   Loss: 0.62506
07/28/2026 10:45:29 - INFO - utils.trainer -   AUC: 0.71393
07/28/2026 10:45:29 - INFO - utils.trainer -   Accuracy: 0.65877
07/28/2026 10:45:29 - INFO - utils.trainer -   Precision: 0.68687
07/28/2026 10:45:29 - INFO - utils.trainer -   Recall: 0.73457
07/28/2026 10:45:29 - INFO - utils.trainer -   F_score: 0.70992
07/28/2026 10:45:29 - INFO - utils.trainer -   Specificity: 0.00000
07/28/2026 10:45:29 - INFO - utils.trainer -   Sensitivity: 0.00000
07/28/2026 10:45:29 - INFO - utils.trainer -   Epoch: 19, Loss: 0.54946, Val loss: 0.65646, Test loss: 0.62506, Val Acc: 0.6267, Best val Accuracy: 0.6536, No improve: 7/10, Time: 72.0s
07/28/2026 10:46:41 - INFO - utils.trainer -   ***** Running evaluation on val dataset *****
07/28/2026 10:46:52 - INFO - utils.trainer -   Loss: 0.65341
07/28/2026 10:46:52 - INFO - utils.trainer -   AUC: 0.70367
07/28/2026 10:46:52 - INFO - utils.trainer -   Accuracy: 0.64410
07/28/2026 10:46:52 - INFO - utils.trainer -   Precision: 0.73793
07/28/2026 10:46:52 - INFO - utils.trainer -   Recall: 0.52026
07/28/2026 10:46:52 - INFO - utils.trainer -   F_score: 0.61027
07/28/2026 10:46:52 - INFO - utils.trainer -   Specificity: 0.00000
07/28/2026 10:46:52 - INFO - utils.trainer -   Sensitivity: 0.00000
07/28/2026 10:46:52 - INFO - utils.trainer -   ***** Running evaluation on test dataset *****
07/28/2026 10:47:03 - INFO - utils.trainer -   Loss: 0.62041
07/28/2026 10:47:03 - INFO - utils.trainer -   AUC: 0.72583
07/28/2026 10:47:03 - INFO - utils.trainer -   Accuracy: 0.65088
07/28/2026 10:47:03 - INFO - utils.trainer -   Precision: 0.74131
07/28/2026 10:47:03 - INFO - utils.trainer -   Recall: 0.59259
07/28/2026 10:47:03 - INFO - utils.trainer -   F_score: 0.65866
07/28/2026 10:47:03 - INFO - utils.trainer -   Specificity: 0.00000
07/28/2026 10:47:03 - INFO - utils.trainer -   Sensitivity: 0.00000
07/28/2026 10:47:03 - INFO - utils.trainer -   Epoch: 20, Loss: 0.57941, Val loss: 0.65341, Test loss: 0.62041, Val Acc: 0.6441, Best val Accuracy: 0.6536, No improve: 8/10, Time: 72.3s
07/28/2026 10:48:15 - INFO - utils.trainer -   ***** Running evaluation on val dataset *****
07/28/2026 10:48:26 - INFO - utils.trainer -   Loss: 0.64396
07/28/2026 10:48:26 - INFO - utils.trainer -   AUC: 0.70026
07/28/2026 10:48:26 - INFO - utils.trainer -   Accuracy: 0.63976
07/28/2026 10:48:26 - INFO - utils.trainer -   Precision: 0.63049
07/28/2026 10:48:26 - INFO - utils.trainer -   Recall: 0.79092
07/28/2026 10:48:26 - INFO - utils.trainer -   F_score: 0.70165
07/28/2026 10:48:26 - INFO - utils.trainer -   Specificity: 0.00000
07/28/2026 10:48:26 - INFO - utils.trainer -   Sensitivity: 0.00000
07/28/2026 10:48:26 - INFO - utils.trainer -   ***** Running evaluation on test dataset *****
07/28/2026 10:48:37 - INFO - utils.trainer -   Loss: 0.61600
07/28/2026 10:48:37 - INFO - utils.trainer -   AUC: 0.72378
07/28/2026 10:48:37 - INFO - utils.trainer -   Accuracy: 0.66140
07/28/2026 10:48:37 - INFO - utils.trainer -   Precision: 0.66093
07/28/2026 10:48:37 - INFO - utils.trainer -   Recall: 0.83025
07/28/2026 10:48:37 - INFO - utils.trainer -   F_score: 0.73598
07/28/2026 10:48:37 - INFO - utils.trainer -   Specificity: 0.00000
07/28/2026 10:48:37 - INFO - utils.trainer -   Sensitivity: 0.00000
07/28/2026 10:48:37 - INFO - utils.trainer -   Epoch: 21, Loss: 0.55207, Val loss: 0.64396, Test loss: 0.61600, Val Acc: 0.6398, Best val Accuracy: 0.6536, No improve: 9/10, Time: 72.2s
