08/20/2026 00:25:28 - INFO - __main__ -   ########## Repeat:0 ##########
08/20/2026 00:25:28 - INFO - utils.trainer -   ***** Running training *****
08/20/2026 00:25:28 - INFO - utils.trainer -     Num examples = 161
08/20/2026 00:25:28 - INFO - utils.trainer -     Num Epochs = 200
08/20/2026 00:25:28 - INFO - utils.trainer -     Total train batch size = 4
08/20/2026 00:25:28 - INFO - utils.trainer -     warmup steps = 400
08/20/2026 00:25:28 - INFO - utils.trainer -     Total optimization steps = 32200
08/20/2026 00:25:28 - INFO - utils.trainer -     Save steps = 25
08/20/2026 00:26:18 - INFO - utils.trainer -   ***** Running regression evaluation on val0 dataset *****
08/20/2026 00:26:24 - INFO - utils.trainer -   Loss: 0.01475
08/20/2026 00:26:24 - INFO - utils.trainer -   MSE: 154.66858
08/20/2026 00:26:24 - INFO - utils.trainer -   MAE: 9.96122
08/20/2026 00:26:24 - INFO - utils.trainer -   RMSE: 12.43658
08/20/2026 00:26:24 - INFO - utils.trainer -   R2: -0.39458
08/20/2026 00:26:24 - INFO - utils.trainer -   PearsonR: -0.06274
08/20/2026 00:26:25 - INFO - utils.trainer -   Model saved to output_dir/TimeLLM_AgeCAUEEG_train
08/20/2026 00:26:25 - INFO - utils.trainer -   Best model saved (val_Loss=0.0147)
08/20/2026 00:26:25 - INFO - utils.trainer -   Epoch: 1, Loss: 0.11223, Val loss: 0.01475, Val Loss: 0.0147, Best val Loss: 0.0147, No improve: 0/10, Time: 50.3s
08/20/2026 00:27:16 - INFO - utils.trainer -   ***** Running regression evaluation on val0 dataset *****
08/20/2026 00:27:22 - INFO - utils.trainer -   Loss: 0.01059
08/20/2026 00:27:22 - INFO - utils.trainer -   MSE: 112.68145
08/20/2026 00:27:22 - INFO - utils.trainer -   MAE: 8.66045
08/20/2026 00:27:22 - INFO - utils.trainer -   RMSE: 10.61515
08/20/2026 00:27:22 - INFO - utils.trainer -   R2: -0.01600
08/20/2026 00:27:22 - INFO - utils.trainer -   PearsonR: 0.21121
08/20/2026 00:27:23 - INFO - utils.trainer -   Model saved to output_dir/TimeLLM_AgeCAUEEG_train
08/20/2026 00:27:23 - INFO - utils.trainer -   Best model saved (val_Loss=0.0106)
08/20/2026 00:27:23 - INFO - utils.trainer -   Epoch: 2, Loss: 0.03155, Val loss: 0.01059, Val Loss: 0.0106, Best val Loss: 0.0106, No improve: 0/10, Time: 51.0s
08/20/2026 00:28:13 - INFO - utils.trainer -   ***** Running regression evaluation on val0 dataset *****
08/20/2026 00:28:19 - INFO - utils.trainer -   Loss: 0.01013
08/20/2026 00:28:19 - INFO - utils.trainer -   MSE: 107.93515
08/20/2026 00:28:19 - INFO - utils.trainer -   MAE: 8.43936
08/20/2026 00:28:19 - INFO - utils.trainer -   RMSE: 10.38918
08/20/2026 00:28:19 - INFO - utils.trainer -   R2: 0.02680
08/20/2026 00:28:19 - INFO - utils.trainer -   PearsonR: 0.24932
08/20/2026 00:28:20 - INFO - utils.trainer -   Model saved to output_dir/TimeLLM_AgeCAUEEG_train
08/20/2026 00:28:20 - INFO - utils.trainer -   Best model saved (val_Loss=0.0101)
08/20/2026 00:28:20 - INFO - utils.trainer -   Epoch: 3, Loss: 0.03153, Val loss: 0.01013, Val Loss: 0.0101, Best val Loss: 0.0101, No improve: 0/10, Time: 50.0s
08/20/2026 00:29:10 - INFO - utils.trainer -   ***** Running regression evaluation on val0 dataset *****
08/20/2026 00:29:16 - INFO - utils.trainer -   Loss: 0.01088
08/20/2026 00:29:16 - INFO - utils.trainer -   MSE: 115.76622
08/20/2026 00:29:16 - INFO - utils.trainer -   MAE: 8.78871
08/20/2026 00:29:16 - INFO - utils.trainer -   RMSE: 10.75947
08/20/2026 00:29:16 - INFO - utils.trainer -   R2: -0.04381
08/20/2026 00:29:16 - INFO - utils.trainer -   PearsonR: 0.16247
08/20/2026 00:29:16 - INFO - utils.trainer -   Epoch: 4, Loss: 0.05200, Val loss: 0.01088, Val Loss: 0.0109, Best val Loss: 0.0101, No improve: 1/10, Time: 50.1s
08/20/2026 00:30:06 - INFO - utils.trainer -   ***** Running regression evaluation on val0 dataset *****
08/20/2026 00:30:12 - INFO - utils.trainer -   Loss: 0.01831
08/20/2026 00:30:12 - INFO - utils.trainer -   MSE: 194.88348
08/20/2026 00:30:12 - INFO - utils.trainer -   MAE: 11.74112
08/20/2026 00:30:12 - INFO - utils.trainer -   RMSE: 13.96007
08/20/2026 00:30:12 - INFO - utils.trainer -   R2: -0.75718
08/20/2026 00:30:12 - INFO - utils.trainer -   PearsonR: 0.22466
08/20/2026 00:30:12 - INFO - utils.trainer -   Epoch: 5, Loss: 0.03414, Val loss: 0.01831, Val Loss: 0.0183, Best val Loss: 0.0101, No improve: 2/10, Time: 50.2s
08/20/2026 00:31:02 - INFO - utils.trainer -   ***** Running regression evaluation on val0 dataset *****
08/20/2026 00:31:08 - INFO - utils.trainer -   Loss: 0.00968
08/20/2026 00:31:08 - INFO - utils.trainer -   MSE: 103.17098
08/20/2026 00:31:08 - INFO - utils.trainer -   MAE: 8.01594
08/20/2026 00:31:08 - INFO - utils.trainer -   RMSE: 10.15731
08/20/2026 00:31:08 - INFO - utils.trainer -   R2: 0.06975
08/20/2026 00:31:08 - INFO - utils.trainer -   PearsonR: 0.28290
08/20/2026 00:31:09 - INFO - utils.trainer -   Model saved to output_dir/TimeLLM_AgeCAUEEG_train
08/20/2026 00:31:09 - INFO - utils.trainer -   Best model saved (val_Loss=0.0097)
08/20/2026 00:31:09 - INFO - utils.trainer -   Epoch: 6, Loss: 0.03673, Val loss: 0.00968, Val Loss: 0.0097, Best val Loss: 0.0097, No improve: 0/10, Time: 50.2s
08/20/2026 00:31:59 - INFO - utils.trainer -   ***** Running regression evaluation on val0 dataset *****
08/20/2026 00:32:05 - INFO - utils.trainer -   Loss: 0.01140
08/20/2026 00:32:05 - INFO - utils.trainer -   MSE: 121.44757
08/20/2026 00:32:05 - INFO - utils.trainer -   MAE: 9.07896
08/20/2026 00:32:05 - INFO - utils.trainer -   RMSE: 11.02033
08/20/2026 00:32:05 - INFO - utils.trainer -   R2: -0.09504
08/20/2026 00:32:05 - INFO - utils.trainer -   PearsonR: 0.25828
08/20/2026 00:32:05 - INFO - utils.trainer -   Epoch: 7, Loss: 0.03648, Val loss: 0.01140, Val Loss: 0.0114, Best val Loss: 0.0097, No improve: 1/10, Time: 50.2s
08/20/2026 00:32:55 - INFO - utils.trainer -   ***** Running regression evaluation on val0 dataset *****
08/20/2026 00:33:01 - INFO - utils.trainer -   Loss: 0.01045
08/20/2026 00:33:01 - INFO - utils.trainer -   MSE: 111.44537
08/20/2026 00:33:01 - INFO - utils.trainer -   MAE: 8.42961
08/20/2026 00:33:01 - INFO - utils.trainer -   RMSE: 10.55677
08/20/2026 00:33:01 - INFO - utils.trainer -   R2: -0.00485
08/20/2026 00:33:01 - INFO - utils.trainer -   PearsonR: 0.21534
08/20/2026 00:33:01 - INFO - utils.trainer -   Epoch: 8, Loss: 0.02857, Val loss: 0.01045, Val Loss: 0.0105, Best val Loss: 0.0097, No improve: 2/10, Time: 50.0s
08/20/2026 00:33:51 - INFO - utils.trainer -   ***** Running regression evaluation on val0 dataset *****
08/20/2026 00:33:57 - INFO - utils.trainer -   Loss: 0.01103
08/20/2026 00:33:57 - INFO - utils.trainer -   MSE: 116.86540
08/20/2026 00:33:57 - INFO - utils.trainer -   MAE: 8.93211
08/20/2026 00:33:57 - INFO - utils.trainer -   RMSE: 10.81043
08/20/2026 00:33:57 - INFO - utils.trainer -   R2: -0.05372
08/20/2026 00:33:57 - INFO - utils.trainer -   PearsonR: 0.24171
08/20/2026 00:33:57 - INFO - utils.trainer -   Epoch: 9, Loss: 0.03534, Val loss: 0.01103, Val Loss: 0.0110, Best val Loss: 0.0097, No improve: 3/10, Time: 50.1s
08/20/2026 00:34:47 - INFO - utils.trainer -   ***** Running regression evaluation on val0 dataset *****
08/20/2026 00:34:53 - INFO - utils.trainer -   Loss: 0.01226
08/20/2026 00:34:53 - INFO - utils.trainer -   MSE: 130.26637
08/20/2026 00:34:53 - INFO - utils.trainer -   MAE: 9.48158
08/20/2026 00:34:53 - INFO - utils.trainer -   RMSE: 11.41343
08/20/2026 00:34:53 - INFO - utils.trainer -   R2: -0.17455
08/20/2026 00:34:53 - INFO - utils.trainer -   PearsonR: 0.29646
08/20/2026 00:34:53 - INFO - utils.trainer -   Epoch: 10, Loss: 0.03561, Val loss: 0.01226, Val Loss: 0.0123, Best val Loss: 0.0097, No improve: 4/10, Time: 50.1s
08/20/2026 00:35:43 - INFO - utils.trainer -   ***** Running regression evaluation on val0 dataset *****
08/20/2026 00:35:49 - INFO - utils.trainer -   Loss: 0.00975
08/20/2026 00:35:49 - INFO - utils.trainer -   MSE: 103.64284
08/20/2026 00:35:49 - INFO - utils.trainer -   MAE: 8.06932
08/20/2026 00:35:49 - INFO - utils.trainer -   RMSE: 10.18051
08/20/2026 00:35:49 - INFO - utils.trainer -   R2: 0.06550
08/20/2026 00:35:49 - INFO - utils.trainer -   PearsonR: 0.30615
08/20/2026 00:35:49 - INFO - utils.trainer -   Epoch: 11, Loss: 0.03469, Val loss: 0.00975, Val Loss: 0.0097, Best val Loss: 0.0097, No improve: 5/10, Time: 50.1s
08/20/2026 00:36:39 - INFO - utils.trainer -   ***** Running regression evaluation on val0 dataset *****
08/20/2026 00:36:45 - INFO - utils.trainer -   Loss: 0.01010
08/20/2026 00:36:45 - INFO - utils.trainer -   MSE: 107.33858
08/20/2026 00:36:45 - INFO - utils.trainer -   MAE: 8.49724
08/20/2026 00:36:45 - INFO - utils.trainer -   RMSE: 10.36043
08/20/2026 00:36:45 - INFO - utils.trainer -   R2: 0.03218
08/20/2026 00:36:45 - INFO - utils.trainer -   PearsonR: 0.34433
08/20/2026 00:36:45 - INFO - utils.trainer -   Epoch: 12, Loss: 0.03565, Val loss: 0.01010, Val Loss: 0.0101, Best val Loss: 0.0097, No improve: 6/10, Time: 50.1s
08/20/2026 00:37:35 - INFO - utils.trainer -   ***** Running regression evaluation on val0 dataset *****
08/20/2026 00:37:40 - INFO - utils.trainer -   Loss: 0.01435
08/20/2026 00:37:40 - INFO - utils.trainer -   MSE: 152.69254
08/20/2026 00:37:40 - INFO - utils.trainer -   MAE: 9.47640
08/20/2026 00:37:40 - INFO - utils.trainer -   RMSE: 12.35688
08/20/2026 00:37:40 - INFO - utils.trainer -   R2: -0.37676
08/20/2026 00:37:40 - INFO - utils.trainer -   PearsonR: 0.14583
08/20/2026 00:37:40 - INFO - utils.trainer -   Epoch: 13, Loss: 0.02927, Val loss: 0.01435, Val Loss: 0.0144, Best val Loss: 0.0097, No improve: 7/10, Time: 50.0s
08/20/2026 00:38:31 - INFO - utils.trainer -   ***** Running regression evaluation on val0 dataset *****
08/20/2026 00:38:36 - INFO - utils.trainer -   Loss: 0.01141
08/20/2026 00:38:36 - INFO - utils.trainer -   MSE: 120.53571
08/20/2026 00:38:36 - INFO - utils.trainer -   MAE: 9.04136
08/20/2026 00:38:36 - INFO - utils.trainer -   RMSE: 10.97888
08/20/2026 00:38:36 - INFO - utils.trainer -   R2: -0.08682
08/20/2026 00:38:36 - INFO - utils.trainer -   PearsonR: 0.32779
08/20/2026 00:38:36 - INFO - utils.trainer -   Epoch: 14, Loss: 0.03034, Val loss: 0.01141, Val Loss: 0.0114, Best val Loss: 0.0097, No improve: 8/10, Time: 50.1s
08/20/2026 00:39:26 - INFO - utils.trainer -   ***** Running regression evaluation on val0 dataset *****
08/20/2026 00:39:33 - INFO - utils.trainer -   Loss: 0.01364
08/20/2026 00:39:33 - INFO - utils.trainer -   MSE: 145.32310
08/20/2026 00:39:33 - INFO - utils.trainer -   MAE: 9.86831
08/20/2026 00:39:33 - INFO - utils.trainer -   RMSE: 12.05500
08/20/2026 00:39:33 - INFO - utils.trainer -   R2: -0.31031
08/20/2026 00:39:33 - INFO - utils.trainer -   PearsonR: 0.30961
08/20/2026 00:39:33 - INFO - utils.trainer -   Epoch: 15, Loss: 0.02653, Val loss: 0.01364, Val Loss: 0.0136, Best val Loss: 0.0097, No improve: 9/10, Time: 50.0s
08/20/2026 00:40:23 - INFO - utils.trainer -   ***** Running regression evaluation on val0 dataset *****
08/20/2026 00:40:28 - INFO - utils.trainer -   Loss: 0.00925
08/20/2026 00:40:28 - INFO - utils.trainer -   MSE: 98.25456
08/20/2026 00:40:28 - INFO - utils.trainer -   MAE: 8.11288
08/20/2026 00:40:28 - INFO - utils.trainer -   RMSE: 9.91234
08/20/2026 00:40:28 - INFO - utils.trainer -   R2: 0.11408
08/20/2026 00:40:28 - INFO - utils.trainer -   PearsonR: 0.36447
08/20/2026 00:40:30 - INFO - utils.trainer -   Model saved to output_dir/TimeLLM_AgeCAUEEG_train
08/20/2026 00:40:30 - INFO - utils.trainer -   Best model saved (val_Loss=0.0093)
08/20/2026 00:40:30 - INFO - utils.trainer -   Epoch: 16, Loss: 0.03421, Val loss: 0.00925, Val Loss: 0.0093, Best val Loss: 0.0093, No improve: 0/10, Time: 50.1s
08/20/2026 00:41:20 - INFO - utils.trainer -   ***** Running regression evaluation on val0 dataset *****
08/20/2026 00:41:26 - INFO - utils.trainer -   Loss: 0.00906
08/20/2026 00:41:26 - INFO - utils.trainer -   MSE: 96.36021
08/20/2026 00:41:26 - INFO - utils.trainer -   MAE: 8.12138
08/20/2026 00:41:26 - INFO - utils.trainer -   RMSE: 9.81632
08/20/2026 00:41:26 - INFO - utils.trainer -   R2: 0.13116
08/20/2026 00:41:26 - INFO - utils.trainer -   PearsonR: 0.38182
08/20/2026 00:41:27 - INFO - utils.trainer -   Model saved to output_dir/TimeLLM_AgeCAUEEG_train
08/20/2026 00:41:27 - INFO - utils.trainer -   Best model saved (val_Loss=0.0091)
08/20/2026 00:41:27 - INFO - utils.trainer -   Epoch: 17, Loss: 0.03234, Val loss: 0.00906, Val Loss: 0.0091, Best val Loss: 0.0091, No improve: 0/10, Time: 50.2s
08/20/2026 00:42:17 - INFO - utils.trainer -   ***** Running regression evaluation on val0 dataset *****
08/20/2026 00:42:22 - INFO - utils.trainer -   Loss: 0.01091
08/20/2026 00:42:22 - INFO - utils.trainer -   MSE: 115.08955
08/20/2026 00:42:22 - INFO - utils.trainer -   MAE: 8.89061
08/20/2026 00:42:22 - INFO - utils.trainer -   RMSE: 10.72798
08/20/2026 00:42:22 - INFO - utils.trainer -   R2: -0.03771
08/20/2026 00:42:22 - INFO - utils.trainer -   PearsonR: 0.23727
08/20/2026 00:42:22 - INFO - utils.trainer -   Epoch: 18, Loss: 0.02863, Val loss: 0.01091, Val Loss: 0.0109, Best val Loss: 0.0091, No improve: 1/10, Time: 50.0s
08/20/2026 00:43:12 - INFO - utils.trainer -   ***** Running regression evaluation on val0 dataset *****
08/20/2026 00:43:18 - INFO - utils.trainer -   Loss: 0.00908
08/20/2026 00:43:18 - INFO - utils.trainer -   MSE: 96.14536
08/20/2026 00:43:18 - INFO - utils.trainer -   MAE: 7.98466
08/20/2026 00:43:18 - INFO - utils.trainer -   RMSE: 9.80537
08/20/2026 00:43:18 - INFO - utils.trainer -   R2: 0.13310
08/20/2026 00:43:18 - INFO - utils.trainer -   PearsonR: 0.36605
08/20/2026 00:43:18 - INFO - utils.trainer -   Epoch: 19, Loss: 0.02704, Val loss: 0.00908, Val Loss: 0.0091, Best val Loss: 0.0091, No improve: 2/10, Time: 50.1s
08/20/2026 00:44:08 - INFO - utils.trainer -   ***** Running regression evaluation on val0 dataset *****
08/20/2026 00:44:14 - INFO - utils.trainer -   Loss: 0.01334
08/20/2026 00:44:14 - INFO - utils.trainer -   MSE: 141.31543
08/20/2026 00:44:14 - INFO - utils.trainer -   MAE: 9.83587
08/20/2026 00:44:14 - INFO - utils.trainer -   RMSE: 11.88762
08/20/2026 00:44:14 - INFO - utils.trainer -   R2: -0.27418
08/20/2026 00:44:14 - INFO - utils.trainer -   PearsonR: 0.36827
08/20/2026 00:44:14 - INFO - utils.trainer -   Epoch: 20, Loss: 0.02998, Val loss: 0.01334, Val Loss: 0.0133, Best val Loss: 0.0091, No improve: 3/10, Time: 50.1s
08/20/2026 00:45:04 - INFO - utils.trainer -   ***** Running regression evaluation on val0 dataset *****
08/20/2026 00:45:10 - INFO - utils.trainer -   Loss: 0.01111
08/20/2026 00:45:10 - INFO - utils.trainer -   MSE: 117.82764
08/20/2026 00:45:10 - INFO - utils.trainer -   MAE: 8.86095
08/20/2026 00:45:10 - INFO - utils.trainer -   RMSE: 10.85484
08/20/2026 00:45:10 - INFO - utils.trainer -   R2: -0.06240
08/20/2026 00:45:10 - INFO - utils.trainer -   PearsonR: 0.31511
08/20/2026 00:45:10 - INFO - utils.trainer -   Epoch: 21, Loss: 0.02400, Val loss: 0.01111, Val Loss: 0.0111, Best val Loss: 0.0091, No improve: 4/10, Time: 50.2s
08/20/2026 00:46:00 - INFO - utils.trainer -   ***** Running regression evaluation on val0 dataset *****
08/20/2026 00:46:06 - INFO - utils.trainer -   Loss: 0.01496
08/20/2026 00:46:06 - INFO - utils.trainer -   MSE: 158.98517
08/20/2026 00:46:06 - INFO - utils.trainer -   MAE: 10.40873
08/20/2026 00:46:06 - INFO - utils.trainer -   RMSE: 12.60893
08/20/2026 00:46:06 - INFO - utils.trainer -   R2: -0.43350
08/20/2026 00:46:06 - INFO - utils.trainer -   PearsonR: 0.33728
08/20/2026 00:46:06 - INFO - utils.trainer -   Epoch: 22, Loss: 0.03202, Val loss: 0.01496, Val Loss: 0.0150, Best val Loss: 0.0091, No improve: 5/10, Time: 50.1s
08/20/2026 00:46:56 - INFO - utils.trainer -   ***** Running regression evaluation on val0 dataset *****
08/20/2026 00:47:02 - INFO - utils.trainer -   Loss: 0.01001
08/20/2026 00:47:02 - INFO - utils.trainer -   MSE: 105.52603
08/20/2026 00:47:02 - INFO - utils.trainer -   MAE: 8.44450
08/20/2026 00:47:02 - INFO - utils.trainer -   RMSE: 10.27259
08/20/2026 00:47:02 - INFO - utils.trainer -   R2: 0.04852
08/20/2026 00:47:02 - INFO - utils.trainer -   PearsonR: 0.32026
08/20/2026 00:47:02 - INFO - utils.trainer -   Epoch: 23, Loss: 0.02337, Val loss: 0.01001, Val Loss: 0.0100, Best val Loss: 0.0091, No improve: 6/10, Time: 50.1s
08/20/2026 00:47:52 - INFO - utils.trainer -   ***** Running regression evaluation on val0 dataset *****
08/20/2026 00:47:58 - INFO - utils.trainer -   Loss: 0.00969
08/20/2026 00:47:58 - INFO - utils.trainer -   MSE: 103.10567
08/20/2026 00:47:58 - INFO - utils.trainer -   MAE: 8.30103
08/20/2026 00:47:58 - INFO - utils.trainer -   RMSE: 10.15410
08/20/2026 00:47:58 - INFO - utils.trainer -   R2: 0.07034
08/20/2026 00:47:58 - INFO - utils.trainer -   PearsonR: 0.35228
08/20/2026 00:47:58 - INFO - utils.trainer -   Epoch: 24, Loss: 0.02970, Val loss: 0.00969, Val Loss: 0.0097, Best val Loss: 0.0091, No improve: 7/10, Time: 50.1s
08/20/2026 00:48:48 - INFO - utils.trainer -   ***** Running regression evaluation on val0 dataset *****
08/20/2026 00:48:54 - INFO - utils.trainer -   Loss: 0.01051
08/20/2026 00:48:54 - INFO - utils.trainer -   MSE: 111.62323
08/20/2026 00:48:54 - INFO - utils.trainer -   MAE: 8.66803
08/20/2026 00:48:54 - INFO - utils.trainer -   RMSE: 10.56519
08/20/2026 00:48:54 - INFO - utils.trainer -   R2: -0.00646
08/20/2026 00:48:54 - INFO - utils.trainer -   PearsonR: 0.34080
08/20/2026 00:48:55 - INFO - utils.trainer -   Model saved to output_dir/TimeLLM_AgeCAUEEG_train/checkpoint-epoch-25
08/20/2026 00:48:55 - INFO - utils.trainer -   Checkpoint saved at epoch 25
08/20/2026 00:48:55 - INFO - utils.trainer -   Epoch: 25, Loss: 0.02771, Val loss: 0.01051, Val Loss: 0.0105, Best val Loss: 0.0091, No improve: 8/10, Time: 50.1s
08/20/2026 00:49:45 - INFO - utils.trainer -   ***** Running regression evaluation on val0 dataset *****
08/20/2026 00:49:51 - INFO - utils.trainer -   Loss: 0.00951
08/20/2026 00:49:51 - INFO - utils.trainer -   MSE: 101.38476
08/20/2026 00:49:51 - INFO - utils.trainer -   MAE: 8.17023
08/20/2026 00:49:51 - INFO - utils.trainer -   RMSE: 10.06900
08/20/2026 00:49:51 - INFO - utils.trainer -   R2: 0.08586
08/20/2026 00:49:51 - INFO - utils.trainer -   PearsonR: 0.34876
08/20/2026 00:49:51 - INFO - utils.trainer -   Epoch: 26, Loss: 0.02999, Val loss: 0.00951, Val Loss: 0.0095, Best val Loss: 0.0091, No improve: 9/10, Time: 50.0s
08/20/2026 00:50:41 - INFO - utils.trainer -   ***** Running regression evaluation on val0 dataset *****
08/20/2026 00:50:47 - INFO - utils.trainer -   Loss: 0.01386
08/20/2026 00:50:47 - INFO - utils.trainer -   MSE: 146.91597
08/20/2026 00:50:47 - INFO - utils.trainer -   MAE: 9.99336
08/20/2026 00:50:47 - INFO - utils.trainer -   RMSE: 12.12089
08/20/2026 00:50:47 - INFO - utils.trainer -   R2: -0.32468
08/20/2026 00:50:47 - INFO - utils.trainer -   PearsonR: 0.35216
08/20/2026 00:50:47 - INFO - utils.trainer -   Epoch: 27, Loss: 0.03060, Val loss: 0.01386, Val Loss: 0.0139, Best val Loss: 0.0091, No improve: 10/10, Time: 50.0s
08/20/2026 00:50:47 - INFO - utils.trainer -   Early stopping triggered at epoch 27
08/20/2026 00:50:47 - INFO - utils.trainer -   Early stopping triggered at epoch 27
08/20/2026 00:50:47 - INFO - utils.trainer -   Early stopping triggered at epoch 27
08/20/2026 00:50:47 - INFO - utils.trainer -   Early stopping triggered at epoch 27
08/20/2026 00:50:47 - INFO - utils.trainer -   Early stopping triggered at epoch 27
08/20/2026 00:50:47 - INFO - utils.trainer -   Early stopping triggered at epoch 27
08/20/2026 00:50:47 - INFO - utils.trainer -     2 prompt-buffer key(s) skipped (kept target-dataset prompt)
08/20/2026 00:50:47 - INFO - utils.trainer -     586 keys not in checkpoint (kept from init)
08/20/2026 00:50:47 - INFO - utils.trainer -   Model loaded from output_dir/TimeLLM_AgeCAUEEG_train/TimeLLM-0.bin (21/23 keys)
08/20/2026 00:50:47 - INFO - utils.trainer -     2 prompt-buffer key(s) skipped (kept target-dataset prompt)
08/20/2026 00:50:47 - INFO - utils.trainer -     586 keys not in checkpoint (kept from init)
08/20/2026 00:50:47 - INFO - utils.trainer -   Model loaded from output_dir/TimeLLM_AgeCAUEEG_train/TimeLLM-0.bin (21/23 keys)
08/20/2026 00:50:47 - INFO - utils.trainer -     2 prompt-buffer key(s) skipped (kept target-dataset prompt)
08/20/2026 00:50:47 - INFO - utils.trainer -     586 keys not in checkpoint (kept from init)
08/20/2026 00:50:47 - INFO - utils.trainer -   Model loaded from output_dir/TimeLLM_AgeCAUEEG_train/TimeLLM-0.bin (21/23 keys)
08/20/2026 00:50:47 - INFO - utils.trainer -     2 prompt-buffer key(s) skipped (kept target-dataset prompt)
08/20/2026 00:50:47 - INFO - utils.trainer -     586 keys not in checkpoint (kept from init)
08/20/2026 00:50:47 - INFO - utils.trainer -   Model loaded from output_dir/TimeLLM_AgeCAUEEG_train/TimeLLM-0.bin (21/23 keys)
08/20/2026 00:50:47 - INFO - utils.trainer -     2 prompt-buffer key(s) skipped (kept target-dataset prompt)
08/20/2026 00:50:47 - INFO - utils.trainer -     586 keys not in checkpoint (kept from init)
08/20/2026 00:50:47 - INFO - utils.trainer -   Model loaded from output_dir/TimeLLM_AgeCAUEEG_train/TimeLLM-0.bin (21/23 keys)
08/20/2026 00:50:47 - INFO - utils.trainer -   ***** Running regression evaluation on test0 dataset *****
08/20/2026 00:50:47 - INFO - utils.trainer -     2 prompt-buffer key(s) skipped (kept target-dataset prompt)
08/20/2026 00:50:47 - INFO - utils.trainer -     586 keys not in checkpoint (kept from init)
08/20/2026 00:50:47 - INFO - utils.trainer -   Model loaded from output_dir/TimeLLM_AgeCAUEEG_train/TimeLLM-0.bin (21/23 keys)
08/20/2026 00:50:53 - INFO - utils.trainer -   Loss: 0.00902
08/20/2026 00:50:53 - INFO - utils.trainer -   MSE: 95.98822
08/20/2026 00:50:53 - INFO - utils.trainer -   MAE: 8.02623
08/20/2026 00:50:53 - INFO - utils.trainer -   RMSE: 9.79736
08/20/2026 00:50:53 - INFO - utils.trainer -   R2: 0.04278
08/20/2026 00:50:53 - INFO - utils.trainer -   PearsonR: 0.27521
08/20/2026 00:50:53 - INFO - utils.trainer -   === Best epoch test result ===
08/20/2026 00:50:53 - INFO - utils.trainer -     Loss: 0.00902
08/20/2026 00:50:53 - INFO - utils.trainer -     MSE: 95.98822
08/20/2026 00:50:53 - INFO - utils.trainer -     MAE: 8.02623
08/20/2026 00:50:53 - INFO - utils.trainer -     RMSE: 9.79736
08/20/2026 00:50:53 - INFO - utils.trainer -     R2: 0.04278
08/20/2026 00:50:53 - INFO - utils.trainer -     PearsonR: 0.27521
08/20/2026 00:50:54 - INFO - utils.trainer -   Model saved to output_dir/TimeLLM_AgeCAUEEG_train/final-epoch-200
08/20/2026 00:50:54 - INFO - utils.trainer -   Final model saved at epoch 200
