07/23/2026 19:26:09 - INFO - __main__ -   ########## Repeat:0 ##########
07/23/2026 19:26:09 - INFO - utils.trainer -   ***** Running training *****
07/23/2026 19:26:09 - INFO - utils.trainer -     Num examples = 635
07/23/2026 19:26:09 - INFO - utils.trainer -     Num Epochs = 100
07/23/2026 19:26:09 - INFO - utils.trainer -     Total train batch size = 4
07/23/2026 19:26:09 - INFO - utils.trainer -     warmup steps = 200
07/23/2026 19:26:09 - INFO - utils.trainer -     Total optimization steps = 63500
07/23/2026 19:26:09 - INFO - utils.trainer -     Save steps = 25
07/23/2026 19:31:00 - INFO - utils.trainer -   ***** Running evaluation on val0 dataset *****
07/23/2026 19:31:26 - INFO - utils.trainer -   Loss: 187.62346
07/23/2026 19:31:26 - INFO - utils.trainer -   AUC: 0.52130
07/23/2026 19:31:26 - INFO - utils.trainer -   Accuracy: 0.16718
07/23/2026 19:31:26 - INFO - utils.trainer -   Precision: 0.04180
07/23/2026 19:31:26 - INFO - utils.trainer -   Recall: 0.25000
07/23/2026 19:31:26 - INFO - utils.trainer -   F_score: 0.07162
07/23/2026 19:31:27 - INFO - utils.trainer -   Model saved to output_dir/TimeLLM
07/23/2026 19:31:27 - INFO - utils.trainer -   Best model saved (val_Accuracy=0.1672)
07/23/2026 19:31:27 - INFO - utils.trainer -   Epoch: 1, Loss: 289.52955, Val Acc: 0.1672, Best: 0.1672, Time: 290.7s
07/23/2026 19:36:17 - INFO - utils.trainer -   ***** Running evaluation on val0 dataset *****
07/23/2026 19:36:44 - INFO - utils.trainer -   Loss: 77.51380
07/23/2026 19:36:44 - INFO - utils.trainer -   AUC: 0.53126
07/23/2026 19:36:44 - INFO - utils.trainer -   Accuracy: 0.39009
07/23/2026 19:36:44 - INFO - utils.trainer -   Precision: 0.20461
07/23/2026 19:36:44 - INFO - utils.trainer -   Recall: 0.25131
07/23/2026 19:36:44 - INFO - utils.trainer -   F_score: 0.14633
07/23/2026 19:36:44 - INFO - utils.trainer -   Model saved to output_dir/TimeLLM
07/23/2026 19:36:44 - INFO - utils.trainer -   Best model saved (val_Accuracy=0.3901)
07/23/2026 19:36:44 - INFO - utils.trainer -   Epoch: 2, Loss: 148.73293, Val Acc: 0.3901, Best: 0.3901, Time: 290.0s
07/23/2026 19:41:37 - INFO - utils.trainer -   ***** Running evaluation on val0 dataset *****
07/23/2026 19:42:05 - INFO - utils.trainer -   Loss: 107.88661
07/23/2026 19:42:05 - INFO - utils.trainer -   AUC: 0.48175
07/23/2026 19:42:05 - INFO - utils.trainer -   Accuracy: 0.33901
07/23/2026 19:42:05 - INFO - utils.trainer -   Precision: 0.15760
07/23/2026 19:42:05 - INFO - utils.trainer -   Recall: 0.24185
07/23/2026 19:42:05 - INFO - utils.trainer -   F_score: 0.19042
07/23/2026 19:42:05 - INFO - utils.trainer -   Epoch: 3, Loss: 145.61644, Val Acc: 0.3390, Best: 0.3901, Time: 292.7s
07/23/2026 19:47:00 - INFO - utils.trainer -   ***** Running evaluation on val0 dataset *****
07/23/2026 19:47:27 - INFO - utils.trainer -   Loss: 120.48766
07/23/2026 19:47:27 - INFO - utils.trainer -   AUC: 0.52143
07/23/2026 19:47:27 - INFO - utils.trainer -   Accuracy: 0.26548
07/23/2026 19:47:27 - INFO - utils.trainer -   Precision: 0.06637
07/23/2026 19:47:27 - INFO - utils.trainer -   Recall: 0.25000
07/23/2026 19:47:27 - INFO - utils.trainer -   F_score: 0.10489
07/23/2026 19:47:27 - INFO - utils.trainer -   Epoch: 4, Loss: 123.83578, Val Acc: 0.2655, Best: 0.3901, Time: 295.1s
07/23/2026 19:52:22 - INFO - utils.trainer -   ***** Running evaluation on val0 dataset *****
07/23/2026 19:52:49 - INFO - utils.trainer -   Loss: 124.43471
07/23/2026 19:52:49 - INFO - utils.trainer -   AUC: 0.53187
07/23/2026 19:52:49 - INFO - utils.trainer -   Accuracy: 0.18111
07/23/2026 19:52:49 - INFO - utils.trainer -   Precision: 0.22494
07/23/2026 19:52:49 - INFO - utils.trainer -   Recall: 0.26456
07/23/2026 19:52:49 - INFO - utils.trainer -   F_score: 0.14071
07/23/2026 19:52:49 - INFO - utils.trainer -   Epoch: 5, Loss: 102.01669, Val Acc: 0.1811, Best: 0.3901, Time: 294.9s
07/23/2026 19:57:43 - INFO - utils.trainer -   ***** Running evaluation on val0 dataset *****
07/23/2026 19:58:11 - INFO - utils.trainer -   Loss: 72.66118
07/23/2026 19:58:11 - INFO - utils.trainer -   AUC: 0.56383
07/23/2026 19:58:11 - INFO - utils.trainer -   Accuracy: 0.31734
07/23/2026 19:58:11 - INFO - utils.trainer -   Precision: 0.26166
07/23/2026 19:58:11 - INFO - utils.trainer -   Recall: 0.32274
07/23/2026 19:58:11 - INFO - utils.trainer -   F_score: 0.23989
07/23/2026 19:58:11 - INFO - utils.trainer -   Epoch: 6, Loss: 87.67488, Val Acc: 0.3173, Best: 0.3901, Time: 293.8s
07/23/2026 20:03:04 - INFO - utils.trainer -   ***** Running evaluation on val0 dataset *****
07/23/2026 20:03:31 - INFO - utils.trainer -   Loss: 75.31863
07/23/2026 20:03:31 - INFO - utils.trainer -   AUC: 0.58386
07/23/2026 20:03:31 - INFO - utils.trainer -   Accuracy: 0.18963
07/23/2026 20:03:31 - INFO - utils.trainer -   Precision: 0.35291
07/23/2026 20:03:31 - INFO - utils.trainer -   Recall: 0.26396
07/23/2026 20:03:31 - INFO - utils.trainer -   F_score: 0.11421
07/23/2026 20:03:31 - INFO - utils.trainer -   Epoch: 7, Loss: 76.71319, Val Acc: 0.1896, Best: 0.3901, Time: 293.6s
07/23/2026 20:08:26 - INFO - utils.trainer -   ***** Running evaluation on val0 dataset *****
07/23/2026 20:08:53 - INFO - utils.trainer -   Loss: 140.59196
07/23/2026 20:08:53 - INFO - utils.trainer -   AUC: 0.50329
07/23/2026 20:08:53 - INFO - utils.trainer -   Accuracy: 0.27322
07/23/2026 20:08:53 - INFO - utils.trainer -   Precision: 0.16316
07/23/2026 20:08:53 - INFO - utils.trainer -   Recall: 0.25425
07/23/2026 20:08:53 - INFO - utils.trainer -   F_score: 0.11824
07/23/2026 20:08:53 - INFO - utils.trainer -   Epoch: 8, Loss: 73.46585, Val Acc: 0.2732, Best: 0.3901, Time: 294.5s
07/23/2026 20:13:46 - INFO - utils.trainer -   ***** Running evaluation on val0 dataset *****
07/23/2026 20:14:14 - INFO - utils.trainer -   Loss: 68.81597
07/23/2026 20:14:14 - INFO - utils.trainer -   AUC: 0.54982
07/23/2026 20:14:14 - INFO - utils.trainer -   Accuracy: 0.39319
07/23/2026 20:14:14 - INFO - utils.trainer -   Precision: 0.41510
07/23/2026 20:14:14 - INFO - utils.trainer -   Recall: 0.25436
07/23/2026 20:14:14 - INFO - utils.trainer -   F_score: 0.15214
07/23/2026 20:14:15 - INFO - utils.trainer -   Model saved to output_dir/TimeLLM
07/23/2026 20:14:15 - INFO - utils.trainer -   Best model saved (val_Accuracy=0.3932)
07/23/2026 20:14:15 - INFO - utils.trainer -   Epoch: 9, Loss: 68.46149, Val Acc: 0.3932, Best: 0.3932, Time: 293.2s
07/23/2026 20:19:09 - INFO - utils.trainer -   ***** Running evaluation on val0 dataset *****
07/23/2026 20:19:36 - INFO - utils.trainer -   Loss: 26.47591
07/23/2026 20:19:36 - INFO - utils.trainer -   AUC: 0.57771
07/23/2026 20:19:36 - INFO - utils.trainer -   Accuracy: 0.32895
07/23/2026 20:19:36 - INFO - utils.trainer -   Precision: 0.35874
07/23/2026 20:19:36 - INFO - utils.trainer -   Recall: 0.31226
07/23/2026 20:19:36 - INFO - utils.trainer -   F_score: 0.26720
07/23/2026 20:19:36 - INFO - utils.trainer -   Epoch: 10, Loss: 69.54476, Val Acc: 0.3289, Best: 0.3932, Time: 294.2s
07/23/2026 20:24:29 - INFO - utils.trainer -   ***** Running evaluation on val0 dataset *****
07/23/2026 20:24:58 - INFO - utils.trainer -   Loss: 67.55872
07/23/2026 20:24:58 - INFO - utils.trainer -   AUC: 0.58510
07/23/2026 20:24:58 - INFO - utils.trainer -   Accuracy: 0.29954
07/23/2026 20:24:58 - INFO - utils.trainer -   Precision: 0.26385
07/23/2026 20:24:58 - INFO - utils.trainer -   Recall: 0.34403
07/23/2026 20:24:58 - INFO - utils.trainer -   F_score: 0.22040
07/23/2026 20:24:58 - INFO - utils.trainer -   Epoch: 11, Loss: 67.36846, Val Acc: 0.2995, Best: 0.3932, Time: 293.6s
07/23/2026 20:29:52 - INFO - utils.trainer -   ***** Running evaluation on val0 dataset *****
07/23/2026 20:30:19 - INFO - utils.trainer -   Loss: 66.89054
07/23/2026 20:30:19 - INFO - utils.trainer -   AUC: 0.52213
07/23/2026 20:30:19 - INFO - utils.trainer -   Accuracy: 0.38777
07/23/2026 20:30:19 - INFO - utils.trainer -   Precision: 0.39859
07/23/2026 20:30:19 - INFO - utils.trainer -   Recall: 0.25082
07/23/2026 20:30:19 - INFO - utils.trainer -   F_score: 0.15143
07/23/2026 20:30:19 - INFO - utils.trainer -   Epoch: 12, Loss: 60.64816, Val Acc: 0.3878, Best: 0.3932, Time: 294.0s
07/23/2026 20:35:14 - INFO - utils.trainer -   ***** Running evaluation on val0 dataset *****
07/23/2026 20:35:42 - INFO - utils.trainer -   Loss: 60.70991
07/23/2026 20:35:42 - INFO - utils.trainer -   AUC: 0.51945
07/23/2026 20:35:42 - INFO - utils.trainer -   Accuracy: 0.29876
07/23/2026 20:35:42 - INFO - utils.trainer -   Precision: 0.20516
07/23/2026 20:35:42 - INFO - utils.trainer -   Recall: 0.22893
07/23/2026 20:35:42 - INFO - utils.trainer -   F_score: 0.18255
07/23/2026 20:35:42 - INFO - utils.trainer -   Epoch: 13, Loss: 69.13619, Val Acc: 0.2988, Best: 0.3932, Time: 294.9s
07/23/2026 20:40:37 - INFO - utils.trainer -   ***** Running evaluation on val0 dataset *****
07/23/2026 20:41:04 - INFO - utils.trainer -   Loss: 67.95252
07/23/2026 20:41:04 - INFO - utils.trainer -   AUC: 0.56458
07/23/2026 20:41:04 - INFO - utils.trainer -   Accuracy: 0.21827
07/23/2026 20:41:04 - INFO - utils.trainer -   Precision: 0.13179
07/23/2026 20:41:04 - INFO - utils.trainer -   Recall: 0.26591
07/23/2026 20:41:04 - INFO - utils.trainer -   F_score: 0.13044
07/23/2026 20:41:04 - INFO - utils.trainer -   Epoch: 14, Loss: 66.01981, Val Acc: 0.2183, Best: 0.3932, Time: 294.3s
07/23/2026 20:45:58 - INFO - utils.trainer -   ***** Running evaluation on val0 dataset *****
07/23/2026 20:46:26 - INFO - utils.trainer -   Loss: 29.97941
07/23/2026 20:46:26 - INFO - utils.trainer -   AUC: 0.55458
07/23/2026 20:46:26 - INFO - utils.trainer -   Accuracy: 0.34830
07/23/2026 20:46:26 - INFO - utils.trainer -   Precision: 0.34291
07/23/2026 20:46:26 - INFO - utils.trainer -   Recall: 0.26358
07/23/2026 20:46:26 - INFO - utils.trainer -   F_score: 0.20934
07/23/2026 20:46:26 - INFO - utils.trainer -   Epoch: 15, Loss: 64.84415, Val Acc: 0.3483, Best: 0.3932, Time: 294.2s
07/23/2026 20:51:23 - INFO - utils.trainer -   ***** Running evaluation on val0 dataset *****
07/23/2026 20:51:51 - INFO - utils.trainer -   Loss: 40.32017
07/23/2026 20:51:51 - INFO - utils.trainer -   AUC: 0.58277
07/23/2026 20:51:51 - INFO - utils.trainer -   Accuracy: 0.29644
07/23/2026 20:51:51 - INFO - utils.trainer -   Precision: 0.39297
07/23/2026 20:51:51 - INFO - utils.trainer -   Recall: 0.32805
07/23/2026 20:51:51 - INFO - utils.trainer -   F_score: 0.20845
07/23/2026 20:51:51 - INFO - utils.trainer -   Epoch: 16, Loss: 60.27456, Val Acc: 0.2964, Best: 0.3932, Time: 297.4s
07/23/2026 20:56:49 - INFO - utils.trainer -   ***** Running evaluation on val0 dataset *****
07/23/2026 20:57:16 - INFO - utils.trainer -   Loss: 35.47831
07/23/2026 20:57:16 - INFO - utils.trainer -   AUC: 0.54034
07/23/2026 20:57:16 - INFO - utils.trainer -   Accuracy: 0.31579
07/23/2026 20:57:16 - INFO - utils.trainer -   Precision: 0.31526
07/23/2026 20:57:16 - INFO - utils.trainer -   Recall: 0.26678
07/23/2026 20:57:16 - INFO - utils.trainer -   F_score: 0.21170
07/23/2026 20:57:16 - INFO - utils.trainer -   Epoch: 17, Loss: 57.56480, Val Acc: 0.3158, Best: 0.3932, Time: 297.4s
07/23/2026 21:02:14 - INFO - utils.trainer -   ***** Running evaluation on val0 dataset *****
07/23/2026 21:02:42 - INFO - utils.trainer -   Loss: 80.79630
07/23/2026 21:02:42 - INFO - utils.trainer -   AUC: 0.49770
07/23/2026 21:02:42 - INFO - utils.trainer -   Accuracy: 0.16950
07/23/2026 21:02:42 - INFO - utils.trainer -   Precision: 0.29189
07/23/2026 21:02:42 - INFO - utils.trainer -   Recall: 0.25219
07/23/2026 21:02:42 - INFO - utils.trainer -   F_score: 0.07610
07/23/2026 21:02:42 - INFO - utils.trainer -   Epoch: 18, Loss: 59.59064, Val Acc: 0.1695, Best: 0.3932, Time: 297.7s
07/23/2026 21:07:40 - INFO - utils.trainer -   ***** Running evaluation on val0 dataset *****
07/23/2026 21:08:08 - INFO - utils.trainer -   Loss: 29.63241
07/23/2026 21:08:08 - INFO - utils.trainer -   AUC: 0.53349
07/23/2026 21:08:08 - INFO - utils.trainer -   Accuracy: 0.34133
07/23/2026 21:08:08 - INFO - utils.trainer -   Precision: 0.28417
07/23/2026 21:08:08 - INFO - utils.trainer -   Recall: 0.26625
07/23/2026 21:08:08 - INFO - utils.trainer -   F_score: 0.22289
07/23/2026 21:08:08 - INFO - utils.trainer -   Epoch: 19, Loss: 63.22340, Val Acc: 0.3413, Best: 0.3932, Time: 298.0s
07/23/2026 21:13:07 - INFO - utils.trainer -   ***** Running evaluation on val0 dataset *****
07/23/2026 21:13:35 - INFO - utils.trainer -   Loss: 69.63749
07/23/2026 21:13:35 - INFO - utils.trainer -   AUC: 0.48733
07/23/2026 21:13:35 - INFO - utils.trainer -   Accuracy: 0.18653
07/23/2026 21:13:35 - INFO - utils.trainer -   Precision: 0.12999
07/23/2026 21:13:35 - INFO - utils.trainer -   Recall: 0.25965
07/23/2026 21:13:35 - INFO - utils.trainer -   F_score: 0.11879
07/23/2026 21:13:35 - INFO - utils.trainer -   Epoch: 20, Loss: 50.45740, Val Acc: 0.1865, Best: 0.3932, Time: 299.4s
07/23/2026 21:18:34 - INFO - utils.trainer -   ***** Running evaluation on val0 dataset *****
07/23/2026 21:19:02 - INFO - utils.trainer -   Loss: 68.26733
07/23/2026 21:19:02 - INFO - utils.trainer -   AUC: 0.54864
07/23/2026 21:19:02 - INFO - utils.trainer -   Accuracy: 0.26780
07/23/2026 21:19:02 - INFO - utils.trainer -   Precision: 0.14417
07/23/2026 21:19:02 - INFO - utils.trainer -   Recall: 0.28977
07/23/2026 21:19:02 - INFO - utils.trainer -   F_score: 0.17005
07/23/2026 21:19:02 - INFO - utils.trainer -   Epoch: 21, Loss: 53.87154, Val Acc: 0.2678, Best: 0.3932, Time: 299.0s
07/23/2026 21:24:00 - INFO - utils.trainer -   ***** Running evaluation on val0 dataset *****
07/23/2026 21:24:28 - INFO - utils.trainer -   Loss: 73.03476
07/23/2026 21:24:28 - INFO - utils.trainer -   AUC: 0.52176
07/23/2026 21:24:28 - INFO - utils.trainer -   Accuracy: 0.39861
07/23/2026 21:24:28 - INFO - utils.trainer -   Precision: 0.22097
07/23/2026 21:24:28 - INFO - utils.trainer -   Recall: 0.25986
07/23/2026 21:24:28 - INFO - utils.trainer -   F_score: 0.16802
07/23/2026 21:24:28 - INFO - utils.trainer -   Model saved to output_dir/TimeLLM
07/23/2026 21:24:28 - INFO - utils.trainer -   Best model saved (val_Accuracy=0.3986)
07/23/2026 21:24:28 - INFO - utils.trainer -   Epoch: 22, Loss: 51.33283, Val Acc: 0.3986, Best: 0.3986, Time: 298.1s
07/23/2026 21:29:26 - INFO - utils.trainer -   ***** Running evaluation on val0 dataset *****
07/23/2026 21:29:54 - INFO - utils.trainer -   Loss: 50.28718
07/23/2026 21:29:54 - INFO - utils.trainer -   AUC: 0.58914
07/23/2026 21:29:54 - INFO - utils.trainer -   Accuracy: 0.26084
07/23/2026 21:29:54 - INFO - utils.trainer -   Precision: 0.55767
07/23/2026 21:29:54 - INFO - utils.trainer -   Recall: 0.29392
07/23/2026 21:29:54 - INFO - utils.trainer -   F_score: 0.17557
07/23/2026 21:29:54 - INFO - utils.trainer -   Epoch: 23, Loss: 50.98551, Val Acc: 0.2608, Best: 0.3986, Time: 298.2s
07/23/2026 21:34:52 - INFO - utils.trainer -   ***** Running evaluation on val0 dataset *****
07/23/2026 21:35:20 - INFO - utils.trainer -   Loss: 49.56753
07/23/2026 21:35:20 - INFO - utils.trainer -   AUC: 0.58160
07/23/2026 21:35:20 - INFO - utils.trainer -   Accuracy: 0.22678
07/23/2026 21:35:20 - INFO - utils.trainer -   Precision: 0.20189
07/23/2026 21:35:20 - INFO - utils.trainer -   Recall: 0.31462
07/23/2026 21:35:20 - INFO - utils.trainer -   F_score: 0.19802
07/23/2026 21:35:20 - INFO - utils.trainer -   Epoch: 24, Loss: 51.25868, Val Acc: 0.2268, Best: 0.3986, Time: 297.4s
07/23/2026 21:40:18 - INFO - utils.trainer -   ***** Running evaluation on val0 dataset *****
07/23/2026 21:40:46 - INFO - utils.trainer -   Loss: 41.52107
07/23/2026 21:40:46 - INFO - utils.trainer -   AUC: 0.55920
07/23/2026 21:40:46 - INFO - utils.trainer -   Accuracy: 0.26471
07/23/2026 21:40:46 - INFO - utils.trainer -   Precision: 0.21357
07/23/2026 21:40:46 - INFO - utils.trainer -   Recall: 0.27709
07/23/2026 21:40:46 - INFO - utils.trainer -   F_score: 0.17780
07/23/2026 21:40:47 - INFO - utils.trainer -   Model saved to output_dir/TimeLLM/checkpoint-epoch-25
07/23/2026 21:40:47 - INFO - utils.trainer -   Checkpoint saved at epoch 25
07/23/2026 21:40:47 - INFO - utils.trainer -   Epoch: 25, Loss: 46.67304, Val Acc: 0.2647, Best: 0.3986, Time: 297.7s
07/23/2026 21:45:44 - INFO - utils.trainer -   ***** Running evaluation on val0 dataset *****
07/23/2026 21:46:12 - INFO - utils.trainer -   Loss: 71.29805
07/23/2026 21:46:12 - INFO - utils.trainer -   AUC: 0.55114
07/23/2026 21:46:12 - INFO - utils.trainer -   Accuracy: 0.20743
07/23/2026 21:46:12 - INFO - utils.trainer -   Precision: 0.25288
07/23/2026 21:46:12 - INFO - utils.trainer -   Recall: 0.26752
07/23/2026 21:46:12 - INFO - utils.trainer -   F_score: 0.12468
07/23/2026 21:46:12 - INFO - utils.trainer -   Epoch: 26, Loss: 49.00285, Val Acc: 0.2074, Best: 0.3986, Time: 297.6s
07/23/2026 21:51:10 - INFO - utils.trainer -   ***** Running evaluation on val0 dataset *****
07/23/2026 21:51:38 - INFO - utils.trainer -   Loss: 67.01560
07/23/2026 21:51:38 - INFO - utils.trainer -   AUC: 0.54137
07/23/2026 21:51:38 - INFO - utils.trainer -   Accuracy: 0.24768
07/23/2026 21:51:38 - INFO - utils.trainer -   Precision: 0.19641
07/23/2026 21:51:38 - INFO - utils.trainer -   Recall: 0.27092
07/23/2026 21:51:38 - INFO - utils.trainer -   F_score: 0.20469
07/23/2026 21:51:38 - INFO - utils.trainer -   Epoch: 27, Loss: 47.86143, Val Acc: 0.2477, Best: 0.3986, Time: 297.4s
07/23/2026 21:56:35 - INFO - utils.trainer -   ***** Running evaluation on val0 dataset *****
07/23/2026 21:57:03 - INFO - utils.trainer -   Loss: 41.78249
07/23/2026 21:57:03 - INFO - utils.trainer -   AUC: 0.56750
07/23/2026 21:57:03 - INFO - utils.trainer -   Accuracy: 0.17879
07/23/2026 21:57:03 - INFO - utils.trainer -   Precision: 0.20490
07/23/2026 21:57:03 - INFO - utils.trainer -   Recall: 0.26180
07/23/2026 21:57:03 - INFO - utils.trainer -   F_score: 0.12024
07/23/2026 21:57:03 - INFO - utils.trainer -   Epoch: 28, Loss: 40.42187, Val Acc: 0.1788, Best: 0.3986, Time: 297.4s
07/23/2026 22:02:00 - INFO - utils.trainer -   ***** Running evaluation on val0 dataset *****
07/23/2026 22:02:29 - INFO - utils.trainer -   Loss: 57.92480
07/23/2026 22:02:29 - INFO - utils.trainer -   AUC: 0.53733
07/23/2026 22:02:29 - INFO - utils.trainer -   Accuracy: 0.35759
07/23/2026 22:02:29 - INFO - utils.trainer -   Precision: 0.25281
07/23/2026 22:02:29 - INFO - utils.trainer -   Recall: 0.27114
07/23/2026 22:02:29 - INFO - utils.trainer -   F_score: 0.21276
07/23/2026 22:02:29 - INFO - utils.trainer -   Epoch: 29, Loss: 43.77351, Val Acc: 0.3576, Best: 0.3986, Time: 297.2s
07/23/2026 22:07:27 - INFO - utils.trainer -   ***** Running evaluation on val0 dataset *****
07/23/2026 22:07:55 - INFO - utils.trainer -   Loss: 47.24769
07/23/2026 22:07:55 - INFO - utils.trainer -   AUC: 0.55504
07/23/2026 22:07:55 - INFO - utils.trainer -   Accuracy: 0.27245
07/23/2026 22:07:55 - INFO - utils.trainer -   Precision: 0.32803
07/23/2026 22:07:55 - INFO - utils.trainer -   Recall: 0.31389
07/23/2026 22:07:55 - INFO - utils.trainer -   F_score: 0.26331
07/23/2026 22:07:55 - INFO - utils.trainer -   Epoch: 30, Loss: 44.62374, Val Acc: 0.2724, Best: 0.3986, Time: 298.2s
07/23/2026 22:12:53 - INFO - utils.trainer -   ***** Running evaluation on val0 dataset *****
07/23/2026 22:13:21 - INFO - utils.trainer -   Loss: 25.73617
07/23/2026 22:13:21 - INFO - utils.trainer -   AUC: 0.57523
07/23/2026 22:13:21 - INFO - utils.trainer -   Accuracy: 0.29644
07/23/2026 22:13:21 - INFO - utils.trainer -   Precision: 0.30362
07/23/2026 22:13:21 - INFO - utils.trainer -   Recall: 0.33063
07/23/2026 22:13:21 - INFO - utils.trainer -   F_score: 0.26579
07/23/2026 22:13:21 - INFO - utils.trainer -   Epoch: 31, Loss: 44.42689, Val Acc: 0.2964, Best: 0.3986, Time: 297.8s
07/23/2026 22:18:18 - INFO - utils.trainer -   ***** Running evaluation on val0 dataset *****
07/23/2026 22:18:46 - INFO - utils.trainer -   Loss: 42.91384
07/23/2026 22:18:46 - INFO - utils.trainer -   AUC: 0.54750
07/23/2026 22:18:46 - INFO - utils.trainer -   Accuracy: 0.22059
07/23/2026 22:18:46 - INFO - utils.trainer -   Precision: 0.25161
07/23/2026 22:18:46 - INFO - utils.trainer -   Recall: 0.27135
07/23/2026 22:18:46 - INFO - utils.trainer -   F_score: 0.15938
07/23/2026 22:18:46 - INFO - utils.trainer -   Epoch: 32, Loss: 49.52028, Val Acc: 0.2206, Best: 0.3986, Time: 297.5s
07/23/2026 22:23:45 - INFO - utils.trainer -   ***** Running evaluation on val0 dataset *****
07/23/2026 22:24:12 - INFO - utils.trainer -   Loss: 70.69133
07/23/2026 22:24:12 - INFO - utils.trainer -   AUC: 0.55259
07/23/2026 22:24:12 - INFO - utils.trainer -   Accuracy: 0.29567
07/23/2026 22:24:12 - INFO - utils.trainer -   Precision: 0.15378
07/23/2026 22:24:12 - INFO - utils.trainer -   Recall: 0.29496
07/23/2026 22:24:12 - INFO - utils.trainer -   F_score: 0.18836
07/23/2026 22:24:12 - INFO - utils.trainer -   Epoch: 33, Loss: 45.69405, Val Acc: 0.2957, Best: 0.3986, Time: 298.3s
07/23/2026 22:29:10 - INFO - utils.trainer -   ***** Running evaluation on val0 dataset *****
07/23/2026 22:29:38 - INFO - utils.trainer -   Loss: 35.27618
07/23/2026 22:29:38 - INFO - utils.trainer -   AUC: 0.57009
07/23/2026 22:29:38 - INFO - utils.trainer -   Accuracy: 0.25077
07/23/2026 22:29:38 - INFO - utils.trainer -   Precision: 0.26574
07/23/2026 22:29:38 - INFO - utils.trainer -   Recall: 0.29104
07/23/2026 22:29:38 - INFO - utils.trainer -   F_score: 0.18328
07/23/2026 22:29:38 - INFO - utils.trainer -   Epoch: 34, Loss: 41.14628, Val Acc: 0.2508, Best: 0.3986, Time: 297.7s
07/23/2026 22:34:35 - INFO - utils.trainer -   ***** Running evaluation on val0 dataset *****
07/23/2026 22:35:03 - INFO - utils.trainer -   Loss: 45.94870
07/23/2026 22:35:03 - INFO - utils.trainer -   AUC: 0.50220
07/23/2026 22:35:03 - INFO - utils.trainer -   Accuracy: 0.35913
07/23/2026 22:35:03 - INFO - utils.trainer -   Precision: 0.23016
07/23/2026 22:35:03 - INFO - utils.trainer -   Recall: 0.25803
07/23/2026 22:35:03 - INFO - utils.trainer -   F_score: 0.20204
07/23/2026 22:35:03 - INFO - utils.trainer -   Epoch: 35, Loss: 43.35390, Val Acc: 0.3591, Best: 0.3986, Time: 297.7s
07/23/2026 22:40:01 - INFO - utils.trainer -   ***** Running evaluation on val0 dataset *****
07/23/2026 22:40:29 - INFO - utils.trainer -   Loss: 31.44789
07/23/2026 22:40:29 - INFO - utils.trainer -   AUC: 0.55882
07/23/2026 22:40:29 - INFO - utils.trainer -   Accuracy: 0.29180
07/23/2026 22:40:29 - INFO - utils.trainer -   Precision: 0.32454
07/23/2026 22:40:29 - INFO - utils.trainer -   Recall: 0.26875
07/23/2026 22:40:29 - INFO - utils.trainer -   F_score: 0.19726
07/23/2026 22:40:29 - INFO - utils.trainer -   Epoch: 36, Loss: 38.46297, Val Acc: 0.2918, Best: 0.3986, Time: 297.9s
07/23/2026 22:45:27 - INFO - utils.trainer -   ***** Running evaluation on val0 dataset *****
07/23/2026 22:45:55 - INFO - utils.trainer -   Loss: 33.90301
07/23/2026 22:45:55 - INFO - utils.trainer -   AUC: 0.59360
07/23/2026 22:45:55 - INFO - utils.trainer -   Accuracy: 0.29954
07/23/2026 22:45:55 - INFO - utils.trainer -   Precision: 0.22666
07/23/2026 22:45:55 - INFO - utils.trainer -   Recall: 0.37254
07/23/2026 22:45:55 - INFO - utils.trainer -   F_score: 0.27610
07/23/2026 22:45:55 - INFO - utils.trainer -   Epoch: 37, Loss: 38.10540, Val Acc: 0.2995, Best: 0.3986, Time: 298.0s
07/23/2026 22:50:53 - INFO - utils.trainer -   ***** Running evaluation on val0 dataset *****
07/23/2026 22:51:21 - INFO - utils.trainer -   Loss: 45.68690
07/23/2026 22:51:21 - INFO - utils.trainer -   AUC: 0.52045
07/23/2026 22:51:21 - INFO - utils.trainer -   Accuracy: 0.24071
07/23/2026 22:51:21 - INFO - utils.trainer -   Precision: 0.15159
07/23/2026 22:51:21 - INFO - utils.trainer -   Recall: 0.24342
07/23/2026 22:51:21 - INFO - utils.trainer -   F_score: 0.15999
07/23/2026 22:51:21 - INFO - utils.trainer -   Epoch: 38, Loss: 35.15065, Val Acc: 0.2407, Best: 0.3986, Time: 297.7s
07/23/2026 22:56:18 - INFO - utils.trainer -   ***** Running evaluation on val0 dataset *****
07/23/2026 22:56:47 - INFO - utils.trainer -   Loss: 50.05595
07/23/2026 22:56:47 - INFO - utils.trainer -   AUC: 0.55314
07/23/2026 22:56:47 - INFO - utils.trainer -   Accuracy: 0.19272
07/23/2026 22:56:47 - INFO - utils.trainer -   Precision: 0.58327
07/23/2026 22:56:47 - INFO - utils.trainer -   Recall: 0.27280
07/23/2026 22:56:47 - INFO - utils.trainer -   F_score: 0.12746
07/23/2026 22:56:47 - INFO - utils.trainer -   Epoch: 39, Loss: 38.87106, Val Acc: 0.1927, Best: 0.3986, Time: 297.3s
07/23/2026 23:01:45 - INFO - utils.trainer -   ***** Running evaluation on val0 dataset *****
07/23/2026 23:02:13 - INFO - utils.trainer -   Loss: 47.35203
07/23/2026 23:02:13 - INFO - utils.trainer -   AUC: 0.56701
07/23/2026 23:02:13 - INFO - utils.trainer -   Accuracy: 0.20588
07/23/2026 23:02:13 - INFO - utils.trainer -   Precision: 0.19476
07/23/2026 23:02:13 - INFO - utils.trainer -   Recall: 0.29275
07/23/2026 23:02:13 - INFO - utils.trainer -   F_score: 0.16629
07/23/2026 23:02:13 - INFO - utils.trainer -   Epoch: 40, Loss: 35.47951, Val Acc: 0.2059, Best: 0.3986, Time: 297.8s
07/23/2026 23:07:11 - INFO - utils.trainer -   ***** Running evaluation on val0 dataset *****
07/23/2026 23:07:38 - INFO - utils.trainer -   Loss: 30.13845
07/23/2026 23:07:38 - INFO - utils.trainer -   AUC: 0.55894
07/23/2026 23:07:38 - INFO - utils.trainer -   Accuracy: 0.30650
07/23/2026 23:07:38 - INFO - utils.trainer -   Precision: 0.34831
07/23/2026 23:07:38 - INFO - utils.trainer -   Recall: 0.31230
07/23/2026 23:07:38 - INFO - utils.trainer -   F_score: 0.23635
07/23/2026 23:07:38 - INFO - utils.trainer -   Epoch: 41, Loss: 34.19334, Val Acc: 0.3065, Best: 0.3986, Time: 297.9s
