07/27/2026 12:59:12 - INFO - __main__ -   ########## Repeat:0 ##########
07/27/2026 12:59:12 - INFO - utils.trainer -   ***** Running training *****
07/27/2026 12:59:12 - INFO - utils.trainer -     Num examples = 216
07/27/2026 12:59:12 - INFO - utils.trainer -     Num Epochs = 200
07/27/2026 12:59:12 - INFO - utils.trainer -     Total train batch size = 4
07/27/2026 12:59:12 - INFO - utils.trainer -     warmup steps = 400
07/27/2026 12:59:12 - INFO - utils.trainer -     Total optimization steps = 43200
07/27/2026 12:59:12 - INFO - utils.trainer -     Save steps = 200
07/27/2026 13:00:55 - INFO - __main__ -   ########## Repeat:0 ##########
07/27/2026 13:00:55 - INFO - utils.trainer -   ***** Running training *****
07/27/2026 13:00:55 - INFO - utils.trainer -     Num examples = 216
07/27/2026 13:00:55 - INFO - utils.trainer -     Num Epochs = 200
07/27/2026 13:00:55 - INFO - utils.trainer -     Total train batch size = 4
07/27/2026 13:00:55 - INFO - utils.trainer -     warmup steps = 400
07/27/2026 13:00:55 - INFO - utils.trainer -     Total optimization steps = 43200
07/27/2026 13:00:55 - INFO - utils.trainer -     Save steps = 200
07/27/2026 13:02:49 - INFO - __main__ -   ########## Repeat:0 ##########
07/27/2026 13:02:49 - INFO - utils.trainer -   ***** Running training *****
07/27/2026 13:02:49 - INFO - utils.trainer -     Num examples = 216
07/27/2026 13:02:49 - INFO - utils.trainer -     Num Epochs = 200
07/27/2026 13:02:49 - INFO - utils.trainer -     Total train batch size = 4
07/27/2026 13:02:49 - INFO - utils.trainer -     warmup steps = 400
07/27/2026 13:02:49 - INFO - utils.trainer -     Total optimization steps = 43200
07/27/2026 13:02:49 - INFO - utils.trainer -     Save steps = 200
07/27/2026 13:04:48 - INFO - __main__ -   ########## Repeat:0 ##########
07/27/2026 13:04:48 - INFO - utils.trainer -   ***** Running training *****
07/27/2026 13:04:48 - INFO - utils.trainer -     Num examples = 216
07/27/2026 13:04:48 - INFO - utils.trainer -     Num Epochs = 200
07/27/2026 13:04:48 - INFO - utils.trainer -     Total train batch size = 4
07/27/2026 13:04:48 - INFO - utils.trainer -     warmup steps = 400
07/27/2026 13:04:48 - INFO - utils.trainer -     Total optimization steps = 43200
07/27/2026 13:04:48 - INFO - utils.trainer -     Save steps = 200
07/27/2026 13:04:52 - INFO - utils.trainer -   ***** Running evaluation on val dataset *****
07/27/2026 13:04:54 - INFO - utils.trainer -   Loss: 0.37056
07/27/2026 13:04:54 - INFO - utils.trainer -   AUC: 0.39760
07/27/2026 13:04:54 - INFO - utils.trainer -   Accuracy: 0.46441
07/27/2026 13:04:54 - INFO - utils.trainer -   Precision: 0.00000
07/27/2026 13:04:54 - INFO - utils.trainer -   Recall: 0.00000
07/27/2026 13:04:54 - INFO - utils.trainer -   F_score: 0.00000
07/27/2026 13:04:54 - INFO - utils.trainer -   Specificity: 0.00000
07/27/2026 13:04:54 - INFO - utils.trainer -   Sensitivity: 0.00000
07/27/2026 13:04:54 - INFO - utils.trainer -   ***** Running evaluation on test dataset *****
07/27/2026 13:04:55 - INFO - utils.trainer -   Loss: 0.37405
07/27/2026 13:04:55 - INFO - utils.trainer -   AUC: 0.38136
07/27/2026 13:04:55 - INFO - utils.trainer -   Accuracy: 0.43158
07/27/2026 13:04:55 - INFO - utils.trainer -   Precision: 0.00000
07/27/2026 13:04:55 - INFO - utils.trainer -   Recall: 0.00000
07/27/2026 13:04:55 - INFO - utils.trainer -   F_score: 0.00000
07/27/2026 13:04:55 - INFO - utils.trainer -   Specificity: 0.00000
07/27/2026 13:04:55 - INFO - utils.trainer -   Sensitivity: 0.00000
07/27/2026 13:04:55 - INFO - utils.trainer -   Model saved to output_dir/GCDGCN
07/27/2026 13:04:55 - INFO - utils.trainer -   Best model saved (val_loss=0.3706, test_acc=0.4316)
07/27/2026 13:04:55 - INFO - utils.trainer -   Epoch: 1, Loss: 4.53686, Val loss: 0.37056, Test loss: 0.37405, Val Acc: 0.4644, Best val loss: 0.3706, No improve: 0/20, Time: 4.3s
