08/19/2026 04:19:22 - INFO - __main__ -   ########## Repeat:0 ##########
08/19/2026 04:19:22 - INFO - utils.trainer -   ***** Running training *****
08/19/2026 04:19:22 - INFO - utils.trainer -     Num examples = 161
08/19/2026 04:19:22 - INFO - utils.trainer -     Num Epochs = 200
08/19/2026 04:19:22 - INFO - utils.trainer -     Total train batch size = 4
08/19/2026 04:19:22 - INFO - utils.trainer -     warmup steps = 400
08/19/2026 04:19:22 - INFO - utils.trainer -     Total optimization steps = 32200
08/19/2026 04:19:22 - INFO - utils.trainer -     Save steps = 25
08/19/2026 04:20:20 - INFO - utils.trainer -   ***** Running regression evaluation on val0 dataset *****
08/19/2026 04:20:25 - INFO - utils.trainer -   Loss: 0.01989
08/19/2026 04:20:25 - INFO - utils.trainer -   MSE: 214.52180
08/19/2026 04:20:25 - INFO - utils.trainer -   MAE: 11.38509
08/19/2026 04:20:25 - INFO - utils.trainer -   RMSE: 14.64656
08/19/2026 04:20:25 - INFO - utils.trainer -   R2: -0.93425
08/19/2026 04:20:25 - INFO - utils.trainer -   PearsonR: 0.02439
08/19/2026 04:20:26 - INFO - utils.trainer -   Model saved to output_dir/TimeLLM_AgeCAUEEG_train
08/19/2026 04:20:26 - INFO - utils.trainer -   Best model saved (val_Loss=0.0199)
08/19/2026 04:20:26 - INFO - utils.trainer -   Epoch: 1, Loss: 0.09483, Val loss: 0.01989, Val Loss: 0.0199, Best val Loss: 0.0199, No improve: 0/10, Time: 58.3s
08/19/2026 04:21:24 - INFO - utils.trainer -   ***** Running regression evaluation on val0 dataset *****
08/19/2026 04:21:29 - INFO - utils.trainer -   Loss: 0.01210
08/19/2026 04:21:29 - INFO - utils.trainer -   MSE: 129.04808
08/19/2026 04:21:29 - INFO - utils.trainer -   MAE: 9.22418
08/19/2026 04:21:29 - INFO - utils.trainer -   RMSE: 11.35993
08/19/2026 04:21:29 - INFO - utils.trainer -   R2: -0.16357
08/19/2026 04:21:29 - INFO - utils.trainer -   PearsonR: 0.04685
08/19/2026 04:21:31 - INFO - utils.trainer -   Model saved to output_dir/TimeLLM_AgeCAUEEG_train
08/19/2026 04:21:31 - INFO - utils.trainer -   Best model saved (val_Loss=0.0121)
08/19/2026 04:21:31 - INFO - utils.trainer -   Epoch: 2, Loss: 0.03935, Val loss: 0.01210, Val Loss: 0.0121, Best val Loss: 0.0121, No improve: 0/10, Time: 57.5s
08/19/2026 04:22:27 - INFO - utils.trainer -   ***** Running regression evaluation on val0 dataset *****
08/19/2026 04:22:33 - INFO - utils.trainer -   Loss: 0.01386
08/19/2026 04:22:33 - INFO - utils.trainer -   MSE: 147.59125
08/19/2026 04:22:33 - INFO - utils.trainer -   MAE: 10.02742
08/19/2026 04:22:33 - INFO - utils.trainer -   RMSE: 12.14871
08/19/2026 04:22:33 - INFO - utils.trainer -   R2: -0.33076
08/19/2026 04:22:33 - INFO - utils.trainer -   PearsonR: 0.23641
08/19/2026 04:22:33 - INFO - utils.trainer -   Epoch: 3, Loss: 0.04019, Val loss: 0.01386, Val Loss: 0.0139, Best val Loss: 0.0121, No improve: 1/10, Time: 56.5s
08/19/2026 04:23:29 - INFO - utils.trainer -   ***** Running regression evaluation on val0 dataset *****
08/19/2026 04:23:35 - INFO - utils.trainer -   Loss: 0.01170
08/19/2026 04:23:35 - INFO - utils.trainer -   MSE: 124.24516
08/19/2026 04:23:35 - INFO - utils.trainer -   MAE: 9.16899
08/19/2026 04:23:35 - INFO - utils.trainer -   RMSE: 11.14653
08/19/2026 04:23:35 - INFO - utils.trainer -   R2: -0.12026
08/19/2026 04:23:35 - INFO - utils.trainer -   PearsonR: 0.16288
08/19/2026 04:23:36 - INFO - utils.trainer -   Model saved to output_dir/TimeLLM_AgeCAUEEG_train
08/19/2026 04:23:36 - INFO - utils.trainer -   Best model saved (val_Loss=0.0117)
08/19/2026 04:23:36 - INFO - utils.trainer -   Epoch: 4, Loss: 0.03981, Val loss: 0.01170, Val Loss: 0.0117, Best val Loss: 0.0117, No improve: 0/10, Time: 56.4s
08/19/2026 04:24:32 - INFO - utils.trainer -   ***** Running regression evaluation on val0 dataset *****
08/19/2026 04:24:39 - INFO - utils.trainer -   Loss: 0.01014
08/19/2026 04:24:39 - INFO - utils.trainer -   MSE: 107.79774
08/19/2026 04:24:39 - INFO - utils.trainer -   MAE: 8.35975
08/19/2026 04:24:39 - INFO - utils.trainer -   RMSE: 10.38257
08/19/2026 04:24:39 - INFO - utils.trainer -   R2: 0.02804
08/19/2026 04:24:39 - INFO - utils.trainer -   PearsonR: 0.21388
08/19/2026 04:24:40 - INFO - utils.trainer -   Model saved to output_dir/TimeLLM_AgeCAUEEG_train
08/19/2026 04:24:40 - INFO - utils.trainer -   Best model saved (val_Loss=0.0101)
08/19/2026 04:24:40 - INFO - utils.trainer -   Epoch: 5, Loss: 0.03001, Val loss: 0.01014, Val Loss: 0.0101, Best val Loss: 0.0101, No improve: 0/10, Time: 56.4s
08/19/2026 04:25:36 - INFO - utils.trainer -   ***** Running regression evaluation on val0 dataset *****
08/19/2026 04:25:42 - INFO - utils.trainer -   Loss: 0.01575
08/19/2026 04:25:42 - INFO - utils.trainer -   MSE: 168.29587
08/19/2026 04:25:42 - INFO - utils.trainer -   MAE: 10.50511
08/19/2026 04:25:42 - INFO - utils.trainer -   RMSE: 12.97289
08/19/2026 04:25:42 - INFO - utils.trainer -   R2: -0.51745
08/19/2026 04:25:42 - INFO - utils.trainer -   PearsonR: 0.15433
08/19/2026 04:25:42 - INFO - utils.trainer -   Epoch: 6, Loss: 0.03450, Val loss: 0.01575, Val Loss: 0.0158, Best val Loss: 0.0101, No improve: 1/10, Time: 56.4s
08/19/2026 04:26:38 - INFO - utils.trainer -   ***** Running regression evaluation on val0 dataset *****
08/19/2026 04:26:44 - INFO - utils.trainer -   Loss: 0.00974
08/19/2026 04:26:44 - INFO - utils.trainer -   MSE: 103.52230
08/19/2026 04:26:44 - INFO - utils.trainer -   MAE: 8.06169
08/19/2026 04:26:44 - INFO - utils.trainer -   RMSE: 10.17459
08/19/2026 04:26:44 - INFO - utils.trainer -   R2: 0.06659
08/19/2026 04:26:44 - INFO - utils.trainer -   PearsonR: 0.29093
08/19/2026 04:26:45 - INFO - utils.trainer -   Model saved to output_dir/TimeLLM_AgeCAUEEG_train
08/19/2026 04:26:45 - INFO - utils.trainer -   Best model saved (val_Loss=0.0097)
08/19/2026 04:26:45 - INFO - utils.trainer -   Epoch: 7, Loss: 0.02981, Val loss: 0.00974, Val Loss: 0.0097, Best val Loss: 0.0097, No improve: 0/10, Time: 56.5s
08/19/2026 04:27:42 - INFO - utils.trainer -   ***** Running regression evaluation on val0 dataset *****
08/19/2026 04:27:47 - INFO - utils.trainer -   Loss: 0.00970
08/19/2026 04:27:47 - INFO - utils.trainer -   MSE: 102.75529
08/19/2026 04:27:47 - INFO - utils.trainer -   MAE: 8.19299
08/19/2026 04:27:47 - INFO - utils.trainer -   RMSE: 10.13683
08/19/2026 04:27:47 - INFO - utils.trainer -   R2: 0.07350
08/19/2026 04:27:47 - INFO - utils.trainer -   PearsonR: 0.27699
08/19/2026 04:27:47 - INFO - utils.trainer -   Epoch: 8, Loss: 0.03346, Val loss: 0.00970, Val Loss: 0.0097, Best val Loss: 0.0097, No improve: 1/10, Time: 56.5s
08/19/2026 04:28:44 - INFO - utils.trainer -   ***** Running regression evaluation on val0 dataset *****
08/19/2026 04:28:49 - INFO - utils.trainer -   Loss: 0.01041
08/19/2026 04:28:49 - INFO - utils.trainer -   MSE: 110.00480
08/19/2026 04:28:49 - INFO - utils.trainer -   MAE: 8.37914
08/19/2026 04:28:49 - INFO - utils.trainer -   RMSE: 10.48832
08/19/2026 04:28:49 - INFO - utils.trainer -   R2: 0.00814
08/19/2026 04:28:49 - INFO - utils.trainer -   PearsonR: 0.17967
08/19/2026 04:28:49 - INFO - utils.trainer -   Epoch: 9, Loss: 0.02827, Val loss: 0.01041, Val Loss: 0.0104, Best val Loss: 0.0097, No improve: 2/10, Time: 56.5s
08/19/2026 04:29:46 - INFO - utils.trainer -   ***** Running regression evaluation on val0 dataset *****
08/19/2026 04:29:52 - INFO - utils.trainer -   Loss: 0.01275
08/19/2026 04:29:52 - INFO - utils.trainer -   MSE: 135.28934
08/19/2026 04:29:52 - INFO - utils.trainer -   MAE: 9.64881
08/19/2026 04:29:52 - INFO - utils.trainer -   RMSE: 11.63139
08/19/2026 04:29:52 - INFO - utils.trainer -   R2: -0.21984
08/19/2026 04:29:52 - INFO - utils.trainer -   PearsonR: 0.34705
08/19/2026 04:29:52 - INFO - utils.trainer -   Epoch: 10, Loss: 0.03297, Val loss: 0.01275, Val Loss: 0.0127, Best val Loss: 0.0097, No improve: 3/10, Time: 56.4s
08/19/2026 04:30:48 - INFO - utils.trainer -   ***** Running regression evaluation on val0 dataset *****
08/19/2026 04:30:54 - INFO - utils.trainer -   Loss: 0.00913
08/19/2026 04:30:54 - INFO - utils.trainer -   MSE: 96.73270
08/19/2026 04:30:54 - INFO - utils.trainer -   MAE: 8.01596
08/19/2026 04:30:54 - INFO - utils.trainer -   RMSE: 9.83528
08/19/2026 04:30:54 - INFO - utils.trainer -   R2: 0.12780
08/19/2026 04:30:54 - INFO - utils.trainer -   PearsonR: 0.36483
08/19/2026 04:30:55 - INFO - utils.trainer -   Model saved to output_dir/TimeLLM_AgeCAUEEG_train
08/19/2026 04:30:55 - INFO - utils.trainer -   Best model saved (val_Loss=0.0091)
08/19/2026 04:30:55 - INFO - utils.trainer -   Epoch: 11, Loss: 0.03344, Val loss: 0.00913, Val Loss: 0.0091, Best val Loss: 0.0091, No improve: 0/10, Time: 56.4s
08/19/2026 04:31:52 - INFO - utils.trainer -   ***** Running regression evaluation on val0 dataset *****
08/19/2026 04:31:58 - INFO - utils.trainer -   Loss: 0.00900
08/19/2026 04:31:58 - INFO - utils.trainer -   MSE: 95.19801
08/19/2026 04:31:58 - INFO - utils.trainer -   MAE: 7.96969
08/19/2026 04:31:58 - INFO - utils.trainer -   RMSE: 9.75695
08/19/2026 04:31:58 - INFO - utils.trainer -   R2: 0.14164
08/19/2026 04:31:58 - INFO - utils.trainer -   PearsonR: 0.38665
08/19/2026 04:31:59 - INFO - utils.trainer -   Model saved to output_dir/TimeLLM_AgeCAUEEG_train
08/19/2026 04:31:59 - INFO - utils.trainer -   Best model saved (val_Loss=0.0090)
08/19/2026 04:31:59 - INFO - utils.trainer -   Epoch: 12, Loss: 0.03063, Val loss: 0.00900, Val Loss: 0.0090, Best val Loss: 0.0090, No improve: 0/10, Time: 56.5s
08/19/2026 04:32:55 - INFO - utils.trainer -   ***** Running regression evaluation on val0 dataset *****
08/19/2026 04:33:01 - INFO - utils.trainer -   Loss: 0.01004
08/19/2026 04:33:01 - INFO - utils.trainer -   MSE: 105.78442
08/19/2026 04:33:01 - INFO - utils.trainer -   MAE: 8.41360
08/19/2026 04:33:01 - INFO - utils.trainer -   RMSE: 10.28516
08/19/2026 04:33:01 - INFO - utils.trainer -   R2: 0.04619
08/19/2026 04:33:01 - INFO - utils.trainer -   PearsonR: 0.26802
08/19/2026 04:33:01 - INFO - utils.trainer -   Epoch: 13, Loss: 0.03186, Val loss: 0.01004, Val Loss: 0.0100, Best val Loss: 0.0090, No improve: 1/10, Time: 56.5s
08/19/2026 04:33:58 - INFO - utils.trainer -   ***** Running regression evaluation on val0 dataset *****
08/19/2026 04:34:04 - INFO - utils.trainer -   Loss: 0.01046
08/19/2026 04:34:04 - INFO - utils.trainer -   MSE: 110.52369
08/19/2026 04:34:04 - INFO - utils.trainer -   MAE: 8.67757
08/19/2026 04:34:04 - INFO - utils.trainer -   RMSE: 10.51303
08/19/2026 04:34:04 - INFO - utils.trainer -   R2: 0.00346
08/19/2026 04:34:04 - INFO - utils.trainer -   PearsonR: 0.36856
08/19/2026 04:34:04 - INFO - utils.trainer -   Epoch: 14, Loss: 0.02443, Val loss: 0.01046, Val Loss: 0.0105, Best val Loss: 0.0090, No improve: 2/10, Time: 57.1s
08/19/2026 04:35:00 - INFO - utils.trainer -   ***** Running regression evaluation on val0 dataset *****
08/19/2026 04:35:06 - INFO - utils.trainer -   Loss: 0.01213
08/19/2026 04:35:06 - INFO - utils.trainer -   MSE: 128.55603
08/19/2026 04:35:06 - INFO - utils.trainer -   MAE: 9.40856
08/19/2026 04:35:06 - INFO - utils.trainer -   RMSE: 11.33825
08/19/2026 04:35:06 - INFO - utils.trainer -   R2: -0.15913
08/19/2026 04:35:06 - INFO - utils.trainer -   PearsonR: 0.32487
08/19/2026 04:35:06 - INFO - utils.trainer -   Epoch: 15, Loss: 0.02714, Val loss: 0.01213, Val Loss: 0.0121, Best val Loss: 0.0090, No improve: 3/10, Time: 56.5s
08/19/2026 04:36:03 - INFO - utils.trainer -   ***** Running regression evaluation on val0 dataset *****
08/19/2026 04:36:10 - INFO - utils.trainer -   Loss: 0.01069
08/19/2026 04:36:10 - INFO - utils.trainer -   MSE: 113.52323
08/19/2026 04:36:10 - INFO - utils.trainer -   MAE: 8.74377
08/19/2026 04:36:10 - INFO - utils.trainer -   RMSE: 10.65473
08/19/2026 04:36:10 - INFO - utils.trainer -   R2: -0.02359
08/19/2026 04:36:10 - INFO - utils.trainer -   PearsonR: 0.35250
08/19/2026 04:36:10 - INFO - utils.trainer -   Epoch: 16, Loss: 0.02608, Val loss: 0.01069, Val Loss: 0.0107, Best val Loss: 0.0090, No improve: 4/10, Time: 56.9s
08/19/2026 04:37:07 - INFO - utils.trainer -   ***** Running regression evaluation on val0 dataset *****
08/19/2026 04:37:12 - INFO - utils.trainer -   Loss: 0.01113
08/19/2026 04:37:12 - INFO - utils.trainer -   MSE: 117.48447
08/19/2026 04:37:12 - INFO - utils.trainer -   MAE: 8.97937
08/19/2026 04:37:12 - INFO - utils.trainer -   RMSE: 10.83903
08/19/2026 04:37:12 - INFO - utils.trainer -   R2: -0.05930
08/19/2026 04:37:12 - INFO - utils.trainer -   PearsonR: 0.37203
08/19/2026 04:37:12 - INFO - utils.trainer -   Epoch: 17, Loss: 0.02898, Val loss: 0.01113, Val Loss: 0.0111, Best val Loss: 0.0090, No improve: 5/10, Time: 56.5s
08/19/2026 04:38:09 - INFO - utils.trainer -   ***** Running regression evaluation on val0 dataset *****
08/19/2026 04:38:14 - INFO - utils.trainer -   Loss: 0.01218
08/19/2026 04:38:14 - INFO - utils.trainer -   MSE: 128.38985
08/19/2026 04:38:14 - INFO - utils.trainer -   MAE: 8.96136
08/19/2026 04:38:14 - INFO - utils.trainer -   RMSE: 11.33092
08/19/2026 04:38:14 - INFO - utils.trainer -   R2: -0.15763
08/19/2026 04:38:14 - INFO - utils.trainer -   PearsonR: 0.18259
08/19/2026 04:38:14 - INFO - utils.trainer -   Epoch: 18, Loss: 0.03666, Val loss: 0.01218, Val Loss: 0.0122, Best val Loss: 0.0090, No improve: 6/10, Time: 56.4s
08/19/2026 04:39:11 - INFO - utils.trainer -   ***** Running regression evaluation on val0 dataset *****
08/19/2026 04:39:17 - INFO - utils.trainer -   Loss: 0.00949
08/19/2026 04:39:17 - INFO - utils.trainer -   MSE: 100.59993
08/19/2026 04:39:17 - INFO - utils.trainer -   MAE: 8.18566
08/19/2026 04:39:17 - INFO - utils.trainer -   RMSE: 10.02995
08/19/2026 04:39:17 - INFO - utils.trainer -   R2: 0.09294
08/19/2026 04:39:17 - INFO - utils.trainer -   PearsonR: 0.32230
08/19/2026 04:39:17 - INFO - utils.trainer -   Epoch: 19, Loss: 0.03361, Val loss: 0.00949, Val Loss: 0.0095, Best val Loss: 0.0090, No improve: 7/10, Time: 56.5s
08/19/2026 04:40:13 - INFO - utils.trainer -   ***** Running regression evaluation on val0 dataset *****
08/19/2026 04:40:19 - INFO - utils.trainer -   Loss: 0.01014
08/19/2026 04:40:19 - INFO - utils.trainer -   MSE: 107.51690
08/19/2026 04:40:19 - INFO - utils.trainer -   MAE: 8.51960
08/19/2026 04:40:19 - INFO - utils.trainer -   RMSE: 10.36904
08/19/2026 04:40:19 - INFO - utils.trainer -   R2: 0.03057
08/19/2026 04:40:19 - INFO - utils.trainer -   PearsonR: 0.32756
08/19/2026 04:40:19 - INFO - utils.trainer -   Epoch: 20, Loss: 0.02273, Val loss: 0.01014, Val Loss: 0.0101, Best val Loss: 0.0090, No improve: 8/10, Time: 56.4s
08/19/2026 04:41:15 - INFO - utils.trainer -   ***** Running regression evaluation on val0 dataset *****
08/19/2026 04:41:21 - INFO - utils.trainer -   Loss: 0.01119
08/19/2026 04:41:21 - INFO - utils.trainer -   MSE: 118.39272
08/19/2026 04:41:21 - INFO - utils.trainer -   MAE: 8.87857
08/19/2026 04:41:21 - INFO - utils.trainer -   RMSE: 10.88084
08/19/2026 04:41:21 - INFO - utils.trainer -   R2: -0.06749
08/19/2026 04:41:21 - INFO - utils.trainer -   PearsonR: 0.27061
08/19/2026 04:41:21 - INFO - utils.trainer -   Epoch: 21, Loss: 0.02699, Val loss: 0.01119, Val Loss: 0.0112, Best val Loss: 0.0090, No improve: 9/10, Time: 56.6s
08/19/2026 04:42:18 - INFO - utils.trainer -   ***** Running regression evaluation on val0 dataset *****
08/19/2026 04:42:23 - INFO - utils.trainer -   Loss: 0.00932
08/19/2026 04:42:23 - INFO - utils.trainer -   MSE: 98.53872
08/19/2026 04:42:23 - INFO - utils.trainer -   MAE: 7.99415
08/19/2026 04:42:23 - INFO - utils.trainer -   RMSE: 9.92667
08/19/2026 04:42:23 - INFO - utils.trainer -   R2: 0.11152
08/19/2026 04:42:23 - INFO - utils.trainer -   PearsonR: 0.33570
08/19/2026 04:42:23 - INFO - utils.trainer -   Epoch: 22, Loss: 0.02950, Val loss: 0.00932, Val Loss: 0.0093, Best val Loss: 0.0090, No improve: 10/10, Time: 56.6s
08/19/2026 04:42:23 - INFO - utils.trainer -   Early stopping triggered at epoch 22
08/19/2026 04:42:23 - INFO - utils.trainer -   Early stopping triggered at epoch 22
08/19/2026 04:42:23 - INFO - utils.trainer -   Early stopping triggered at epoch 22
08/19/2026 04:42:23 - INFO - utils.trainer -   Early stopping triggered at epoch 22
08/19/2026 04:42:23 - INFO - utils.trainer -   Early stopping triggered at epoch 22
08/19/2026 04:42:23 - INFO - utils.trainer -   Early stopping triggered at epoch 22
08/19/2026 04:42:24 - INFO - utils.trainer -     2 prompt-buffer key(s) skipped (kept target-dataset prompt)
08/19/2026 04:42:24 - INFO - utils.trainer -     586 keys not in checkpoint (kept from init)
08/19/2026 04:42:24 - INFO - utils.trainer -   Model loaded from output_dir/TimeLLM_AgeCAUEEG_train/TimeLLM-0.bin (23/25 keys)
08/19/2026 04:42:24 - INFO - utils.trainer -     2 prompt-buffer key(s) skipped (kept target-dataset prompt)
08/19/2026 04:42:24 - INFO - utils.trainer -     586 keys not in checkpoint (kept from init)
08/19/2026 04:42:24 - INFO - utils.trainer -   Model loaded from output_dir/TimeLLM_AgeCAUEEG_train/TimeLLM-0.bin (23/25 keys)
08/19/2026 04:42:24 - INFO - utils.trainer -     2 prompt-buffer key(s) skipped (kept target-dataset prompt)
08/19/2026 04:42:24 - INFO - utils.trainer -     586 keys not in checkpoint (kept from init)
08/19/2026 04:42:24 - INFO - utils.trainer -   Model loaded from output_dir/TimeLLM_AgeCAUEEG_train/TimeLLM-0.bin (23/25 keys)
08/19/2026 04:42:24 - INFO - utils.trainer -     2 prompt-buffer key(s) skipped (kept target-dataset prompt)
08/19/2026 04:42:24 - INFO - utils.trainer -     586 keys not in checkpoint (kept from init)
08/19/2026 04:42:24 - INFO - utils.trainer -   Model loaded from output_dir/TimeLLM_AgeCAUEEG_train/TimeLLM-0.bin (23/25 keys)
08/19/2026 04:42:24 - INFO - utils.trainer -     2 prompt-buffer key(s) skipped (kept target-dataset prompt)
08/19/2026 04:42:24 - INFO - utils.trainer -     586 keys not in checkpoint (kept from init)
08/19/2026 04:42:24 - INFO - utils.trainer -   Model loaded from output_dir/TimeLLM_AgeCAUEEG_train/TimeLLM-0.bin (23/25 keys)
08/19/2026 04:42:24 - INFO - utils.trainer -   ***** Running regression evaluation on test0 dataset *****
08/19/2026 04:42:24 - INFO - utils.trainer -     2 prompt-buffer key(s) skipped (kept target-dataset prompt)
08/19/2026 04:42:24 - INFO - utils.trainer -     586 keys not in checkpoint (kept from init)
08/19/2026 04:42:24 - INFO - utils.trainer -   Model loaded from output_dir/TimeLLM_AgeCAUEEG_train/TimeLLM-0.bin (23/25 keys)
08/19/2026 04:42:29 - INFO - utils.trainer -   Loss: 0.00863
08/19/2026 04:42:29 - INFO - utils.trainer -   MSE: 91.79881
08/19/2026 04:42:29 - INFO - utils.trainer -   MAE: 7.83651
08/19/2026 04:42:29 - INFO - utils.trainer -   RMSE: 9.58117
08/19/2026 04:42:29 - INFO - utils.trainer -   R2: 0.08456
08/19/2026 04:42:29 - INFO - utils.trainer -   PearsonR: 0.33292
08/19/2026 04:42:29 - INFO - utils.trainer -   === Best epoch test result ===
08/19/2026 04:42:29 - INFO - utils.trainer -     Loss: 0.00863
08/19/2026 04:42:29 - INFO - utils.trainer -     MSE: 91.79881
08/19/2026 04:42:29 - INFO - utils.trainer -     MAE: 7.83651
08/19/2026 04:42:29 - INFO - utils.trainer -     RMSE: 9.58117
08/19/2026 04:42:29 - INFO - utils.trainer -     R2: 0.08456
08/19/2026 04:42:29 - INFO - utils.trainer -     PearsonR: 0.33292
08/19/2026 04:42:31 - INFO - utils.trainer -   Model saved to output_dir/TimeLLM_AgeCAUEEG_train/final-epoch-200
08/19/2026 04:42:31 - INFO - utils.trainer -   Final model saved at epoch 200
