07/29/2026 11:27:21 - INFO - __main__ -   ########## Repeat:0 ##########
07/29/2026 11:27:21 - INFO - utils.trainer -   ***** Running training *****
07/29/2026 11:27:21 - INFO - utils.trainer -     Num examples = 192
07/29/2026 11:27:21 - INFO - utils.trainer -     Num Epochs = 200
07/29/2026 11:27:21 - INFO - utils.trainer -     Total train batch size = 3
07/29/2026 11:27:21 - INFO - utils.trainer -     warmup steps = 400
07/29/2026 11:27:21 - INFO - utils.trainer -     Total optimization steps = 38400
07/29/2026 11:27:21 - INFO - utils.trainer -     Save steps = 25
07/29/2026 11:28:38 - INFO - utils.trainer -   ***** Running evaluation on val dataset *****
07/29/2026 11:28:49 - INFO - utils.trainer -   Loss: 0.69507
07/29/2026 11:28:49 - INFO - utils.trainer -   AUC: 0.54114
07/29/2026 11:28:49 - INFO - utils.trainer -   Accuracy: 0.53646
07/29/2026 11:28:49 - INFO - utils.trainer -   Precision: 0.53606
07/29/2026 11:28:49 - INFO - utils.trainer -   Specificity: 0.00187
07/29/2026 11:28:49 - INFO - utils.trainer -   Sensitivity: 1.00000
07/29/2026 11:28:50 - INFO - utils.trainer -   Model saved to output_dir/TimeLLM
07/29/2026 11:28:50 - INFO - utils.trainer -   Best model saved (val_AUC=0.5411)
07/29/2026 11:28:50 - INFO - utils.trainer -   Epoch: 1, Loss: 0.82750, Val loss: 0.69507, Val AUC: 0.5411, Best val AUC: 0.5411, No improve: 0/10, Time: 76.9s
07/29/2026 11:30:06 - INFO - utils.trainer -   ***** Running evaluation on val dataset *****
07/29/2026 11:30:17 - INFO - utils.trainer -   Loss: 0.78989
07/29/2026 11:30:17 - INFO - utils.trainer -   AUC: 0.58195
07/29/2026 11:30:17 - INFO - utils.trainer -   Accuracy: 0.46441
07/29/2026 11:30:17 - INFO - utils.trainer -   Precision: 0.00000
07/29/2026 11:30:17 - INFO - utils.trainer -   Specificity: 1.00000
07/29/2026 11:30:17 - INFO - utils.trainer -   Sensitivity: 0.00000
07/29/2026 11:30:18 - INFO - utils.trainer -   Model saved to output_dir/TimeLLM
07/29/2026 11:30:18 - INFO - utils.trainer -   Best model saved (val_AUC=0.5820)
07/29/2026 11:30:18 - INFO - utils.trainer -   Epoch: 2, Loss: 0.70749, Val loss: 0.78989, Val AUC: 0.5820, Best val AUC: 0.5820, No improve: 0/10, Time: 76.6s
07/29/2026 11:31:34 - INFO - utils.trainer -   ***** Running evaluation on val dataset *****
07/29/2026 11:31:46 - INFO - utils.trainer -   Loss: 0.80774
07/29/2026 11:31:46 - INFO - utils.trainer -   AUC: 0.66292
07/29/2026 11:31:46 - INFO - utils.trainer -   Accuracy: 0.53559
07/29/2026 11:31:46 - INFO - utils.trainer -   Precision: 0.53559
07/29/2026 11:31:46 - INFO - utils.trainer -   Specificity: 0.00000
07/29/2026 11:31:46 - INFO - utils.trainer -   Sensitivity: 1.00000
07/29/2026 11:31:46 - INFO - utils.trainer -   Model saved to output_dir/TimeLLM
07/29/2026 11:31:46 - INFO - utils.trainer -   Best model saved (val_AUC=0.6629)
07/29/2026 11:31:46 - INFO - utils.trainer -   Epoch: 3, Loss: 0.69453, Val loss: 0.80774, Val AUC: 0.6629, Best val AUC: 0.6629, No improve: 0/10, Time: 76.2s
07/29/2026 11:33:03 - INFO - utils.trainer -   ***** Running evaluation on val dataset *****
07/29/2026 11:33:14 - INFO - utils.trainer -   Loss: 0.67216
07/29/2026 11:33:14 - INFO - utils.trainer -   AUC: 0.69195
07/29/2026 11:33:14 - INFO - utils.trainer -   Accuracy: 0.59635
07/29/2026 11:33:14 - INFO - utils.trainer -   Precision: 0.76950
07/29/2026 11:33:14 - INFO - utils.trainer -   Specificity: 0.87850
07/29/2026 11:33:14 - INFO - utils.trainer -   Sensitivity: 0.35170
07/29/2026 11:33:14 - INFO - utils.trainer -   Model saved to output_dir/TimeLLM
07/29/2026 11:33:14 - INFO - utils.trainer -   Best model saved (val_AUC=0.6920)
07/29/2026 11:33:14 - INFO - utils.trainer -   Epoch: 4, Loss: 0.67940, Val loss: 0.67216, Val AUC: 0.6920, Best val AUC: 0.6920, No improve: 0/10, Time: 76.3s
07/29/2026 11:34:31 - INFO - utils.trainer -   ***** Running evaluation on val dataset *****
07/29/2026 11:34:42 - INFO - utils.trainer -   Loss: 0.64725
07/29/2026 11:34:42 - INFO - utils.trainer -   AUC: 0.68949
07/29/2026 11:34:42 - INFO - utils.trainer -   Accuracy: 0.64757
07/29/2026 11:34:42 - INFO - utils.trainer -   Precision: 0.77836
07/29/2026 11:34:42 - INFO - utils.trainer -   Specificity: 0.84299
07/29/2026 11:34:42 - INFO - utils.trainer -   Sensitivity: 0.47812
07/29/2026 11:34:42 - INFO - utils.trainer -   Epoch: 5, Loss: 0.62797, Val loss: 0.64725, Val AUC: 0.6895, Best val AUC: 0.6920, No improve: 1/10, Time: 76.2s
07/29/2026 11:35:58 - INFO - utils.trainer -   ***** Running evaluation on val dataset *****
07/29/2026 11:36:10 - INFO - utils.trainer -   Loss: 0.74285
07/29/2026 11:36:10 - INFO - utils.trainer -   AUC: 0.66644
07/29/2026 11:36:10 - INFO - utils.trainer -   Accuracy: 0.53559
07/29/2026 11:36:10 - INFO - utils.trainer -   Precision: 0.53559
07/29/2026 11:36:10 - INFO - utils.trainer -   Specificity: 0.00000
07/29/2026 11:36:10 - INFO - utils.trainer -   Sensitivity: 1.00000
07/29/2026 11:36:10 - INFO - utils.trainer -   Epoch: 6, Loss: 0.61257, Val loss: 0.74285, Val AUC: 0.6664, Best val AUC: 0.6920, No improve: 2/10, Time: 76.3s
07/29/2026 11:37:27 - INFO - utils.trainer -   ***** Running evaluation on val dataset *****
07/29/2026 11:37:39 - INFO - utils.trainer -   Loss: 0.65930
07/29/2026 11:37:39 - INFO - utils.trainer -   AUC: 0.67711
07/29/2026 11:37:39 - INFO - utils.trainer -   Accuracy: 0.62413
07/29/2026 11:37:39 - INFO - utils.trainer -   Precision: 0.67293
07/29/2026 11:37:39 - INFO - utils.trainer -   Specificity: 0.67477
07/29/2026 11:37:39 - INFO - utils.trainer -   Sensitivity: 0.58023
07/29/2026 11:37:39 - INFO - utils.trainer -   Epoch: 7, Loss: 0.62258, Val loss: 0.65930, Val AUC: 0.6771, Best val AUC: 0.6920, No improve: 3/10, Time: 77.7s
07/29/2026 11:38:55 - INFO - utils.trainer -   ***** Running evaluation on val dataset *****
07/29/2026 11:39:06 - INFO - utils.trainer -   Loss: 0.63919
07/29/2026 11:39:06 - INFO - utils.trainer -   AUC: 0.69794
07/29/2026 11:39:06 - INFO - utils.trainer -   Accuracy: 0.64497
07/29/2026 11:39:06 - INFO - utils.trainer -   Precision: 0.67869
07/29/2026 11:39:06 - INFO - utils.trainer -   Specificity: 0.65047
07/29/2026 11:39:06 - INFO - utils.trainer -   Sensitivity: 0.64019
07/29/2026 11:39:07 - INFO - utils.trainer -   Model saved to output_dir/TimeLLM
07/29/2026 11:39:07 - INFO - utils.trainer -   Best model saved (val_AUC=0.6979)
07/29/2026 11:39:07 - INFO - utils.trainer -   Epoch: 8, Loss: 0.59272, Val loss: 0.63919, Val AUC: 0.6979, Best val AUC: 0.6979, No improve: 0/10, Time: 76.5s
07/29/2026 11:40:23 - INFO - utils.trainer -   ***** Running evaluation on val dataset *****
07/29/2026 11:40:34 - INFO - utils.trainer -   Loss: 0.69284
07/29/2026 11:40:34 - INFO - utils.trainer -   AUC: 0.68516
07/29/2026 11:40:34 - INFO - utils.trainer -   Accuracy: 0.61372
07/29/2026 11:40:34 - INFO - utils.trainer -   Precision: 0.61140
07/29/2026 11:40:34 - INFO - utils.trainer -   Specificity: 0.43925
07/29/2026 11:40:34 - INFO - utils.trainer -   Sensitivity: 0.76499
07/29/2026 11:40:34 - INFO - utils.trainer -   Epoch: 9, Loss: 0.57607, Val loss: 0.69284, Val AUC: 0.6852, Best val AUC: 0.6979, No improve: 1/10, Time: 76.2s
07/29/2026 11:41:51 - INFO - utils.trainer -   ***** Running evaluation on val dataset *****
07/29/2026 11:42:02 - INFO - utils.trainer -   Loss: 0.70171
07/29/2026 11:42:02 - INFO - utils.trainer -   AUC: 0.68484
07/29/2026 11:42:02 - INFO - utils.trainer -   Accuracy: 0.63021
07/29/2026 11:42:02 - INFO - utils.trainer -   Precision: 0.70190
07/29/2026 11:42:02 - INFO - utils.trainer -   Specificity: 0.73645
07/29/2026 11:42:02 - INFO - utils.trainer -   Sensitivity: 0.53809
07/29/2026 11:42:02 - INFO - utils.trainer -   Epoch: 10, Loss: 0.54255, Val loss: 0.70171, Val AUC: 0.6848, Best val AUC: 0.6979, No improve: 2/10, Time: 76.1s
07/29/2026 11:43:18 - INFO - utils.trainer -   ***** Running evaluation on val dataset *****
07/29/2026 11:43:30 - INFO - utils.trainer -   Loss: 0.71304
07/29/2026 11:43:30 - INFO - utils.trainer -   AUC: 0.68347
07/29/2026 11:43:30 - INFO - utils.trainer -   Accuracy: 0.63021
07/29/2026 11:43:30 - INFO - utils.trainer -   Precision: 0.64065
07/29/2026 11:43:30 - INFO - utils.trainer -   Specificity: 0.54393
07/29/2026 11:43:30 - INFO - utils.trainer -   Sensitivity: 0.70502
07/29/2026 11:43:30 - INFO - utils.trainer -   Epoch: 11, Loss: 0.52841, Val loss: 0.71304, Val AUC: 0.6835, Best val AUC: 0.6979, No improve: 3/10, Time: 76.3s
07/29/2026 11:44:46 - INFO - utils.trainer -   ***** Running evaluation on val dataset *****
07/29/2026 11:44:57 - INFO - utils.trainer -   Loss: 0.69221
07/29/2026 11:44:57 - INFO - utils.trainer -   AUC: 0.69397
07/29/2026 11:44:57 - INFO - utils.trainer -   Accuracy: 0.64670
07/29/2026 11:44:57 - INFO - utils.trainer -   Precision: 0.70588
07/29/2026 11:44:57 - INFO - utils.trainer -   Specificity: 0.71963
07/29/2026 11:44:57 - INFO - utils.trainer -   Sensitivity: 0.58347
07/29/2026 11:44:57 - INFO - utils.trainer -   Epoch: 12, Loss: 0.46080, Val loss: 0.69221, Val AUC: 0.6940, Best val AUC: 0.6979, No improve: 4/10, Time: 76.2s
07/29/2026 11:46:13 - INFO - utils.trainer -   ***** Running evaluation on val dataset *****
07/29/2026 11:46:25 - INFO - utils.trainer -   Loss: 0.69189
07/29/2026 11:46:25 - INFO - utils.trainer -   AUC: 0.68911
07/29/2026 11:46:25 - INFO - utils.trainer -   Accuracy: 0.63628
07/29/2026 11:46:25 - INFO - utils.trainer -   Precision: 0.66019
07/29/2026 11:46:25 - INFO - utils.trainer -   Specificity: 0.60748
07/29/2026 11:46:25 - INFO - utils.trainer -   Sensitivity: 0.66126
07/29/2026 11:46:25 - INFO - utils.trainer -   Epoch: 13, Loss: 0.46663, Val loss: 0.69189, Val AUC: 0.6891, Best val AUC: 0.6979, No improve: 5/10, Time: 76.1s
07/29/2026 11:47:41 - INFO - utils.trainer -   ***** Running evaluation on val dataset *****
07/29/2026 11:47:53 - INFO - utils.trainer -   Loss: 0.76354
07/29/2026 11:47:53 - INFO - utils.trainer -   AUC: 0.68646
07/29/2026 11:47:53 - INFO - utils.trainer -   Accuracy: 0.61979
07/29/2026 11:47:53 - INFO - utils.trainer -   Precision: 0.61730
07/29/2026 11:47:53 - INFO - utils.trainer -   Specificity: 0.45421
07/29/2026 11:47:53 - INFO - utils.trainer -   Sensitivity: 0.76337
07/29/2026 11:47:53 - INFO - utils.trainer -   Epoch: 14, Loss: 0.43446, Val loss: 0.76354, Val AUC: 0.6865, Best val AUC: 0.6979, No improve: 6/10, Time: 76.3s
07/29/2026 11:49:09 - INFO - utils.trainer -   ***** Running evaluation on val dataset *****
07/29/2026 11:49:20 - INFO - utils.trainer -   Loss: 0.74639
07/29/2026 11:49:20 - INFO - utils.trainer -   AUC: 0.68062
07/29/2026 11:49:20 - INFO - utils.trainer -   Accuracy: 0.61285
07/29/2026 11:49:20 - INFO - utils.trainer -   Precision: 0.64370
07/29/2026 11:49:20 - INFO - utils.trainer -   Specificity: 0.60374
07/29/2026 11:49:20 - INFO - utils.trainer -   Sensitivity: 0.62075
07/29/2026 11:49:20 - INFO - utils.trainer -   Epoch: 15, Loss: 0.45175, Val loss: 0.74639, Val AUC: 0.6806, Best val AUC: 0.6979, No improve: 7/10, Time: 76.2s
07/29/2026 11:50:36 - INFO - utils.trainer -   ***** Running evaluation on val dataset *****
07/29/2026 11:50:47 - INFO - utils.trainer -   Loss: 0.80042
07/29/2026 11:50:47 - INFO - utils.trainer -   AUC: 0.69986
07/29/2026 11:50:47 - INFO - utils.trainer -   Accuracy: 0.62934
07/29/2026 11:50:47 - INFO - utils.trainer -   Precision: 0.63889
07/29/2026 11:50:47 - INFO - utils.trainer -   Specificity: 0.53832
07/29/2026 11:50:47 - INFO - utils.trainer -   Sensitivity: 0.70827
07/29/2026 11:50:48 - INFO - utils.trainer -   Model saved to output_dir/TimeLLM
07/29/2026 11:50:48 - INFO - utils.trainer -   Best model saved (val_AUC=0.6999)
07/29/2026 11:50:48 - INFO - utils.trainer -   Epoch: 16, Loss: 0.36387, Val loss: 0.80042, Val AUC: 0.6999, Best val AUC: 0.6999, No improve: 0/10, Time: 76.1s
07/29/2026 11:52:04 - INFO - utils.trainer -   ***** Running evaluation on val dataset *****
07/29/2026 11:52:16 - INFO - utils.trainer -   Loss: 0.82956
07/29/2026 11:52:16 - INFO - utils.trainer -   AUC: 0.68178
07/29/2026 11:52:16 - INFO - utils.trainer -   Accuracy: 0.63368
07/29/2026 11:52:16 - INFO - utils.trainer -   Precision: 0.69939
07/29/2026 11:52:16 - INFO - utils.trainer -   Specificity: 0.72523
07/29/2026 11:52:16 - INFO - utils.trainer -   Sensitivity: 0.55429
07/29/2026 11:52:16 - INFO - utils.trainer -   Epoch: 17, Loss: 0.36017, Val loss: 0.82956, Val AUC: 0.6818, Best val AUC: 0.6999, No improve: 1/10, Time: 76.2s
07/29/2026 11:53:34 - INFO - utils.trainer -   ***** Running evaluation on val dataset *****
07/29/2026 11:53:45 - INFO - utils.trainer -   Loss: 0.84610
07/29/2026 11:53:45 - INFO - utils.trainer -   AUC: 0.69347
07/29/2026 11:53:45 - INFO - utils.trainer -   Accuracy: 0.62674
07/29/2026 11:53:45 - INFO - utils.trainer -   Precision: 0.63531
07/29/2026 11:53:45 - INFO - utils.trainer -   Specificity: 0.52897
07/29/2026 11:53:45 - INFO - utils.trainer -   Sensitivity: 0.71151
07/29/2026 11:53:45 - INFO - utils.trainer -   Epoch: 18, Loss: 0.33933, Val loss: 0.84610, Val AUC: 0.6935, Best val AUC: 0.6999, No improve: 2/10, Time: 77.9s
07/29/2026 11:55:01 - INFO - utils.trainer -   ***** Running evaluation on val dataset *****
07/29/2026 11:55:13 - INFO - utils.trainer -   Loss: 0.93978
07/29/2026 11:55:13 - INFO - utils.trainer -   AUC: 0.68572
07/29/2026 11:55:13 - INFO - utils.trainer -   Accuracy: 0.62674
07/29/2026 11:55:13 - INFO - utils.trainer -   Precision: 0.65303
07/29/2026 11:55:13 - INFO - utils.trainer -   Specificity: 0.60374
07/29/2026 11:55:13 - INFO - utils.trainer -   Sensitivity: 0.64668
07/29/2026 11:55:13 - INFO - utils.trainer -   Epoch: 19, Loss: 0.27794, Val loss: 0.93978, Val AUC: 0.6857, Best val AUC: 0.6999, No improve: 3/10, Time: 76.3s
07/29/2026 11:56:29 - INFO - utils.trainer -   ***** Running evaluation on val dataset *****
07/29/2026 11:56:40 - INFO - utils.trainer -   Loss: 0.91166
07/29/2026 11:56:40 - INFO - utils.trainer -   AUC: 0.69979
07/29/2026 11:56:40 - INFO - utils.trainer -   Accuracy: 0.64323
07/29/2026 11:56:40 - INFO - utils.trainer -   Precision: 0.67882
07/29/2026 11:56:40 - INFO - utils.trainer -   Specificity: 0.65421
07/29/2026 11:56:40 - INFO - utils.trainer -   Sensitivity: 0.63371
07/29/2026 11:56:40 - INFO - utils.trainer -   Epoch: 20, Loss: 0.23337, Val loss: 0.91166, Val AUC: 0.6998, Best val AUC: 0.6999, No improve: 4/10, Time: 76.3s
07/29/2026 11:57:57 - INFO - utils.trainer -   ***** Running evaluation on val dataset *****
07/29/2026 11:58:08 - INFO - utils.trainer -   Loss: 1.11460
07/29/2026 11:58:08 - INFO - utils.trainer -   AUC: 0.68913
07/29/2026 11:58:08 - INFO - utils.trainer -   Accuracy: 0.62500
07/29/2026 11:58:08 - INFO - utils.trainer -   Precision: 0.63047
07/29/2026 11:58:08 - INFO - utils.trainer -   Specificity: 0.51028
07/29/2026 11:58:08 - INFO - utils.trainer -   Sensitivity: 0.72447
07/29/2026 11:58:08 - INFO - utils.trainer -   Epoch: 21, Loss: 0.20471, Val loss: 1.11460, Val AUC: 0.6891, Best val AUC: 0.6999, No improve: 5/10, Time: 76.4s
07/29/2026 11:59:24 - INFO - utils.trainer -   ***** Running evaluation on val dataset *****
07/29/2026 11:59:36 - INFO - utils.trainer -   Loss: 1.17214
07/29/2026 11:59:36 - INFO - utils.trainer -   AUC: 0.67967
07/29/2026 11:59:36 - INFO - utils.trainer -   Accuracy: 0.61632
07/29/2026 11:59:36 - INFO - utils.trainer -   Precision: 0.66417
07/29/2026 11:59:36 - INFO - utils.trainer -   Specificity: 0.66542
07/29/2026 11:59:36 - INFO - utils.trainer -   Sensitivity: 0.57374
07/29/2026 11:59:36 - INFO - utils.trainer -   Epoch: 22, Loss: 0.17586, Val loss: 1.17214, Val AUC: 0.6797, Best val AUC: 0.6999, No improve: 6/10, Time: 76.3s
07/29/2026 12:00:52 - INFO - utils.trainer -   ***** Running evaluation on val dataset *****
07/29/2026 12:01:03 - INFO - utils.trainer -   Loss: 1.14813
07/29/2026 12:01:03 - INFO - utils.trainer -   AUC: 0.67087
07/29/2026 12:01:03 - INFO - utils.trainer -   Accuracy: 0.61458
07/29/2026 12:01:03 - INFO - utils.trainer -   Precision: 0.62702
07/29/2026 12:01:03 - INFO - utils.trainer -   Specificity: 0.52523
07/29/2026 12:01:03 - INFO - utils.trainer -   Sensitivity: 0.69206
07/29/2026 12:01:03 - INFO - utils.trainer -   Epoch: 23, Loss: 0.15101, Val loss: 1.14813, Val AUC: 0.6709, Best val AUC: 0.6999, No improve: 7/10, Time: 76.1s
07/29/2026 12:02:19 - INFO - utils.trainer -   ***** Running evaluation on val dataset *****
07/29/2026 12:02:31 - INFO - utils.trainer -   Loss: 1.35464
07/29/2026 12:02:31 - INFO - utils.trainer -   AUC: 0.69126
07/29/2026 12:02:31 - INFO - utils.trainer -   Accuracy: 0.63281
07/29/2026 12:02:31 - INFO - utils.trainer -   Precision: 0.64392
07/29/2026 12:02:31 - INFO - utils.trainer -   Specificity: 0.55140
07/29/2026 12:02:31 - INFO - utils.trainer -   Sensitivity: 0.70340
07/29/2026 12:02:31 - INFO - utils.trainer -   Epoch: 24, Loss: 0.09748, Val loss: 1.35464, Val AUC: 0.6913, Best val AUC: 0.6999, No improve: 8/10, Time: 76.2s
07/29/2026 12:03:47 - INFO - utils.trainer -   ***** Running evaluation on val dataset *****
07/29/2026 12:03:59 - INFO - utils.trainer -   Loss: 1.31099
07/29/2026 12:03:59 - INFO - utils.trainer -   AUC: 0.67020
07/29/2026 12:03:59 - INFO - utils.trainer -   Accuracy: 0.61545
07/29/2026 12:03:59 - INFO - utils.trainer -   Precision: 0.65371
07/29/2026 12:03:59 - INFO - utils.trainer -   Specificity: 0.63364
07/29/2026 12:03:59 - INFO - utils.trainer -   Sensitivity: 0.59968
07/29/2026 12:03:59 - INFO - utils.trainer -   Model saved to output_dir/TimeLLM/checkpoint-epoch-25
07/29/2026 12:03:59 - INFO - utils.trainer -   Checkpoint saved at epoch 25
07/29/2026 12:03:59 - INFO - utils.trainer -   Epoch: 25, Loss: 0.10277, Val loss: 1.31099, Val AUC: 0.6702, Best val AUC: 0.6999, No improve: 9/10, Time: 76.5s
07/29/2026 12:05:16 - INFO - utils.trainer -   ***** Running evaluation on val dataset *****
07/29/2026 12:05:27 - INFO - utils.trainer -   Loss: 1.44553
07/29/2026 12:05:27 - INFO - utils.trainer -   AUC: 0.67527
07/29/2026 12:05:27 - INFO - utils.trainer -   Accuracy: 0.61892
07/29/2026 12:05:27 - INFO - utils.trainer -   Precision: 0.64638
07/29/2026 12:05:27 - INFO - utils.trainer -   Specificity: 0.59813
07/29/2026 12:05:27 - INFO - utils.trainer -   Sensitivity: 0.63695
07/29/2026 12:05:27 - INFO - utils.trainer -   Epoch: 26, Loss: 0.08618, Val loss: 1.44553, Val AUC: 0.6753, Best val AUC: 0.6999, No improve: 10/10, Time: 76.2s
07/29/2026 12:05:27 - INFO - utils.trainer -   Early stopping triggered at epoch 26
07/29/2026 12:05:27 - INFO - utils.trainer -   Early stopping triggered at epoch 26
07/29/2026 12:05:27 - INFO - utils.trainer -   Early stopping triggered at epoch 26
07/29/2026 12:05:27 - INFO - utils.trainer -   Early stopping triggered at epoch 26
07/29/2026 12:05:27 - INFO - utils.trainer -   Early stopping triggered at epoch 26
07/29/2026 12:05:27 - INFO - utils.trainer -   Early stopping triggered at epoch 26
07/29/2026 12:05:27 - INFO - utils.trainer -     582 keys not in checkpoint (kept from init)
07/29/2026 12:05:27 - INFO - utils.trainer -   Model loaded from output_dir/TimeLLM/TimeLLM-0.bin (22/22 keys)
07/29/2026 12:05:27 - INFO - utils.trainer -     582 keys not in checkpoint (kept from init)
07/29/2026 12:05:27 - INFO - utils.trainer -   Model loaded from output_dir/TimeLLM/TimeLLM-0.bin (22/22 keys)
07/29/2026 12:05:27 - INFO - utils.trainer -     582 keys not in checkpoint (kept from init)
07/29/2026 12:05:27 - INFO - utils.trainer -   Model loaded from output_dir/TimeLLM/TimeLLM-0.bin (22/22 keys)
07/29/2026 12:05:27 - INFO - utils.trainer -     582 keys not in checkpoint (kept from init)
07/29/2026 12:05:27 - INFO - utils.trainer -   Model loaded from output_dir/TimeLLM/TimeLLM-0.bin (22/22 keys)
07/29/2026 12:05:27 - INFO - utils.trainer -   ***** Running evaluation on test dataset *****
07/29/2026 12:05:27 - INFO - utils.trainer -     582 keys not in checkpoint (kept from init)
07/29/2026 12:05:27 - INFO - utils.trainer -   Model loaded from output_dir/TimeLLM/TimeLLM-0.bin (22/22 keys)
07/29/2026 12:05:27 - INFO - utils.trainer -     582 keys not in checkpoint (kept from init)
07/29/2026 12:05:27 - INFO - utils.trainer -   Model loaded from output_dir/TimeLLM/TimeLLM-0.bin (22/22 keys)
07/29/2026 12:05:39 - INFO - utils.trainer -   Loss: 0.66988
07/29/2026 12:05:39 - INFO - utils.trainer -   AUC: 0.75101
07/29/2026 12:05:39 - INFO - utils.trainer -   Accuracy: 0.67895
07/29/2026 12:05:39 - INFO - utils.trainer -   Precision: 0.69748
07/29/2026 12:05:39 - INFO - utils.trainer -   Specificity: 0.56098
07/29/2026 12:05:39 - INFO - utils.trainer -   Sensitivity: 0.76852
07/29/2026 12:05:39 - INFO - utils.trainer -   === Best epoch test result ===
07/29/2026 12:05:39 - INFO - utils.trainer -     Loss: 0.66988
07/29/2026 12:05:39 - INFO - utils.trainer -     AUC: 0.75101
07/29/2026 12:05:39 - INFO - utils.trainer -     Accuracy: 0.67895
07/29/2026 12:05:39 - INFO - utils.trainer -     Precision: 0.69748
07/29/2026 12:05:39 - INFO - utils.trainer -     Specificity: 0.56098
07/29/2026 12:05:39 - INFO - utils.trainer -     Sensitivity: 0.76852
07/29/2026 12:05:39 - INFO - utils.trainer -   Model saved to output_dir/TimeLLM/final-epoch-200
07/29/2026 12:05:39 - INFO - utils.trainer -   Final model saved at epoch 200
