07/08/2026 20:33:20 - INFO - __main__ -   ########## Repeat:0 ##########
07/08/2026 20:33:20 - INFO - utils.trainer -   ***** Running training *****
07/08/2026 20:33:20 - INFO - utils.trainer -     Num examples = 635
07/08/2026 20:33:20 - INFO - utils.trainer -     Num Epochs = 200
07/08/2026 20:33:20 - INFO - utils.trainer -     Total train batch size = 16
07/08/2026 20:33:20 - INFO - utils.trainer -     warmup steps = 400
07/08/2026 20:33:20 - INFO - utils.trainer -     Total optimization steps = 127000
07/08/2026 20:33:20 - INFO - utils.trainer -     Save steps = 200
07/08/2026 20:33:20 - INFO - root -   Parameters [normal] length [27]
07/08/2026 20:33:37 - INFO - utils.trainer -   ***** Running evaluation on val0 dataset *****
07/08/2026 20:33:40 - INFO - utils.trainer -   AUC: 0.60474
07/08/2026 20:33:40 - INFO - utils.trainer -   Accuracy: 0.39117
07/08/2026 20:33:40 - INFO - utils.trainer -   Precision: 0.09779
07/08/2026 20:33:40 - INFO - utils.trainer -   Recall: 0.25000
07/08/2026 20:33:40 - INFO - utils.trainer -   F_score: 0.14059
07/08/2026 20:33:40 - INFO - utils.trainer -   Loss: 21.01313
07/08/2026 20:33:40 - INFO - utils.trainer -   Saving model checkpoint to output_dir/ALTER
07/08/2026 20:33:40 - INFO - utils.trainer -   Best model saved (val_Accuracy=0.3912)
07/08/2026 20:33:40 - INFO - utils.trainer -    Train loss: 21.17410, Val loss: 21.01313, Val Accuracy: 0.3912, Best: 0.3912, Time: 16.5s
07/08/2026 20:33:56 - INFO - utils.trainer -   ***** Running evaluation on val0 dataset *****
07/08/2026 20:34:00 - INFO - utils.trainer -   AUC: 0.60213
07/08/2026 20:34:00 - INFO - utils.trainer -   Accuracy: 0.39117
07/08/2026 20:34:00 - INFO - utils.trainer -   Precision: 0.09779
07/08/2026 20:34:00 - INFO - utils.trainer -   Recall: 0.25000
07/08/2026 20:34:00 - INFO - utils.trainer -   F_score: 0.14059
07/08/2026 20:34:00 - INFO - utils.trainer -   Loss: 20.93102
07/08/2026 20:34:00 - INFO - utils.trainer -    Train loss: 21.00752, Val loss: 20.93102, Val Accuracy: 0.3912, Best: 0.3912, Time: 15.8s
07/08/2026 20:34:17 - INFO - utils.trainer -   ***** Running evaluation on val0 dataset *****
07/08/2026 20:34:21 - INFO - utils.trainer -   AUC: 0.58165
07/08/2026 20:34:21 - INFO - utils.trainer -   Accuracy: 0.39117
07/08/2026 20:34:21 - INFO - utils.trainer -   Precision: 0.09779
07/08/2026 20:34:21 - INFO - utils.trainer -   Recall: 0.25000
07/08/2026 20:34:21 - INFO - utils.trainer -   F_score: 0.14059
07/08/2026 20:34:21 - INFO - utils.trainer -   Loss: 21.01541
07/08/2026 20:34:21 - INFO - utils.trainer -    Train loss: 20.91025, Val loss: 21.01541, Val Accuracy: 0.3912, Best: 0.3912, Time: 16.7s
07/08/2026 20:34:37 - INFO - utils.trainer -   ***** Running evaluation on val0 dataset *****
07/08/2026 20:34:41 - INFO - utils.trainer -   AUC: 0.60965
07/08/2026 20:34:41 - INFO - utils.trainer -   Accuracy: 0.39117
07/08/2026 20:34:41 - INFO - utils.trainer -   Precision: 0.09779
07/08/2026 20:34:41 - INFO - utils.trainer -   Recall: 0.25000
07/08/2026 20:34:41 - INFO - utils.trainer -   F_score: 0.14059
07/08/2026 20:34:41 - INFO - utils.trainer -   Loss: 20.93933
07/08/2026 20:34:41 - INFO - utils.trainer -    Train loss: 20.89417, Val loss: 20.93933, Val Accuracy: 0.3912, Best: 0.3912, Time: 16.4s
07/08/2026 20:34:57 - INFO - utils.trainer -   ***** Running evaluation on val0 dataset *****
07/08/2026 20:35:02 - INFO - utils.trainer -   AUC: 0.58608
07/08/2026 20:35:02 - INFO - utils.trainer -   Accuracy: 0.39117
07/08/2026 20:35:02 - INFO - utils.trainer -   Precision: 0.09779
07/08/2026 20:35:02 - INFO - utils.trainer -   Recall: 0.25000
07/08/2026 20:35:02 - INFO - utils.trainer -   F_score: 0.14059
07/08/2026 20:35:02 - INFO - utils.trainer -   Loss: 20.82619
07/08/2026 20:35:02 - INFO - utils.trainer -    Train loss: 20.77674, Val loss: 20.82619, Val Accuracy: 0.3912, Best: 0.3912, Time: 15.9s
07/08/2026 20:35:19 - INFO - utils.trainer -   ***** Running evaluation on val0 dataset *****
07/08/2026 20:35:23 - INFO - utils.trainer -   AUC: 0.61916
07/08/2026 20:35:23 - INFO - utils.trainer -   Accuracy: 0.39117
07/08/2026 20:35:23 - INFO - utils.trainer -   Precision: 0.09779
07/08/2026 20:35:23 - INFO - utils.trainer -   Recall: 0.25000
07/08/2026 20:35:23 - INFO - utils.trainer -   F_score: 0.14059
07/08/2026 20:35:23 - INFO - utils.trainer -   Loss: 20.61308
07/08/2026 20:35:23 - INFO - utils.trainer -    Train loss: 20.81267, Val loss: 20.61308, Val Accuracy: 0.3912, Best: 0.3912, Time: 16.9s
07/08/2026 20:35:39 - INFO - utils.trainer -   ***** Running evaluation on val0 dataset *****
07/08/2026 20:35:43 - INFO - utils.trainer -   AUC: 0.60291
07/08/2026 20:35:43 - INFO - utils.trainer -   Accuracy: 0.38652
07/08/2026 20:35:43 - INFO - utils.trainer -   Precision: 0.41682
07/08/2026 20:35:43 - INFO - utils.trainer -   Recall: 0.26939
07/08/2026 20:35:43 - INFO - utils.trainer -   F_score: 0.19271
07/08/2026 20:35:43 - INFO - utils.trainer -   Loss: 20.70969
07/08/2026 20:35:43 - INFO - utils.trainer -    Train loss: 20.71262, Val loss: 20.70969, Val Accuracy: 0.3865, Best: 0.3912, Time: 15.5s
07/08/2026 20:35:58 - INFO - utils.trainer -   ***** Running evaluation on val0 dataset *****
07/08/2026 20:36:02 - INFO - utils.trainer -   AUC: 0.61000
07/08/2026 20:36:02 - INFO - utils.trainer -   Accuracy: 0.41751
07/08/2026 20:36:02 - INFO - utils.trainer -   Precision: 0.22358
07/08/2026 20:36:02 - INFO - utils.trainer -   Recall: 0.29397
07/08/2026 20:36:02 - INFO - utils.trainer -   F_score: 0.23564
07/08/2026 20:36:02 - INFO - utils.trainer -   Loss: 20.83870
07/08/2026 20:36:02 - INFO - utils.trainer -   Saving model checkpoint to output_dir/ALTER
07/08/2026 20:36:02 - INFO - utils.trainer -   Best model saved (val_Accuracy=0.4175)
07/08/2026 20:36:02 - INFO - utils.trainer -    Train loss: 20.65608, Val loss: 20.83870, Val Accuracy: 0.4175, Best: 0.4175, Time: 15.7s
07/08/2026 20:36:19 - INFO - utils.trainer -   ***** Running evaluation on val0 dataset *****
07/08/2026 20:36:23 - INFO - utils.trainer -   AUC: 0.60428
07/08/2026 20:36:23 - INFO - utils.trainer -   Accuracy: 0.34547
07/08/2026 20:36:23 - INFO - utils.trainer -   Precision: 0.41153
07/08/2026 20:36:23 - INFO - utils.trainer -   Recall: 0.29067
07/08/2026 20:36:23 - INFO - utils.trainer -   F_score: 0.21095
07/08/2026 20:36:23 - INFO - utils.trainer -   Loss: 20.86324
07/08/2026 20:36:23 - INFO - utils.trainer -    Train loss: 20.70793, Val loss: 20.86324, Val Accuracy: 0.3455, Best: 0.4175, Time: 16.6s
07/08/2026 20:36:39 - INFO - utils.trainer -   ***** Running evaluation on val0 dataset *****
07/08/2026 20:36:43 - INFO - utils.trainer -   AUC: 0.62324
07/08/2026 20:36:43 - INFO - utils.trainer -   Accuracy: 0.31526
07/08/2026 20:36:43 - INFO - utils.trainer -   Precision: 0.30737
07/08/2026 20:36:43 - INFO - utils.trainer -   Recall: 0.29608
07/08/2026 20:36:43 - INFO - utils.trainer -   F_score: 0.21526
07/08/2026 20:36:43 - INFO - utils.trainer -   Loss: 20.77125
07/08/2026 20:36:43 - INFO - utils.trainer -    Train loss: 20.59594, Val loss: 20.77125, Val Accuracy: 0.3153, Best: 0.4175, Time: 16.2s
07/08/2026 20:37:00 - INFO - utils.trainer -   ***** Running evaluation on val0 dataset *****
07/08/2026 20:37:04 - INFO - utils.trainer -   AUC: 0.61684
07/08/2026 20:37:04 - INFO - utils.trainer -   Accuracy: 0.32378
07/08/2026 20:37:04 - INFO - utils.trainer -   Precision: 0.28664
07/08/2026 20:37:04 - INFO - utils.trainer -   Recall: 0.31053
07/08/2026 20:37:04 - INFO - utils.trainer -   F_score: 0.25785
07/08/2026 20:37:04 - INFO - utils.trainer -   Loss: 21.03507
07/08/2026 20:37:04 - INFO - utils.trainer -    Train loss: 20.44953, Val loss: 21.03507, Val Accuracy: 0.3238, Best: 0.4175, Time: 17.2s
07/08/2026 20:37:21 - INFO - utils.trainer -   ***** Running evaluation on val0 dataset *****
07/08/2026 20:37:25 - INFO - utils.trainer -   AUC: 0.61271
07/08/2026 20:37:25 - INFO - utils.trainer -   Accuracy: 0.40434
07/08/2026 20:37:25 - INFO - utils.trainer -   Precision: 0.30311
07/08/2026 20:37:25 - INFO - utils.trainer -   Recall: 0.31428
07/08/2026 20:37:25 - INFO - utils.trainer -   F_score: 0.28734
07/08/2026 20:37:25 - INFO - utils.trainer -   Loss: 20.45228
07/08/2026 20:37:25 - INFO - utils.trainer -    Train loss: 20.28600, Val loss: 20.45228, Val Accuracy: 0.4043, Best: 0.4175, Time: 16.4s
07/08/2026 20:37:41 - INFO - utils.trainer -   ***** Running evaluation on val0 dataset *****
07/08/2026 20:37:45 - INFO - utils.trainer -   AUC: 0.62453
07/08/2026 20:37:45 - INFO - utils.trainer -   Accuracy: 0.37723
07/08/2026 20:37:45 - INFO - utils.trainer -   Precision: 0.30542
07/08/2026 20:37:45 - INFO - utils.trainer -   Recall: 0.32212
07/08/2026 20:37:45 - INFO - utils.trainer -   F_score: 0.26244
07/08/2026 20:37:45 - INFO - utils.trainer -   Loss: 20.56551
07/08/2026 20:37:45 - INFO - utils.trainer -    Train loss: 20.18980, Val loss: 20.56551, Val Accuracy: 0.3772, Best: 0.4175, Time: 16.2s
07/08/2026 20:38:01 - INFO - utils.trainer -   ***** Running evaluation on val0 dataset *****
07/08/2026 20:38:05 - INFO - utils.trainer -   AUC: 0.59322
07/08/2026 20:38:05 - INFO - utils.trainer -   Accuracy: 0.37490
07/08/2026 20:38:05 - INFO - utils.trainer -   Precision: 0.28152
07/08/2026 20:38:05 - INFO - utils.trainer -   Recall: 0.27697
07/08/2026 20:38:05 - INFO - utils.trainer -   F_score: 0.23077
07/08/2026 20:38:05 - INFO - utils.trainer -   Loss: 21.01767
07/08/2026 20:38:05 - INFO - utils.trainer -    Train loss: 20.16339, Val loss: 21.01767, Val Accuracy: 0.3749, Best: 0.4175, Time: 16.1s
07/08/2026 20:38:21 - INFO - utils.trainer -   ***** Running evaluation on val0 dataset *****
07/08/2026 20:38:25 - INFO - utils.trainer -   AUC: 0.61473
07/08/2026 20:38:25 - INFO - utils.trainer -   Accuracy: 0.34624
07/08/2026 20:38:25 - INFO - utils.trainer -   Precision: 0.29267
07/08/2026 20:38:25 - INFO - utils.trainer -   Recall: 0.31761
07/08/2026 20:38:25 - INFO - utils.trainer -   F_score: 0.24695
07/08/2026 20:38:25 - INFO - utils.trainer -   Loss: 21.17132
07/08/2026 20:38:25 - INFO - utils.trainer -    Train loss: 20.07221, Val loss: 21.17132, Val Accuracy: 0.3462, Best: 0.4175, Time: 16.1s
07/08/2026 20:38:41 - INFO - utils.trainer -   ***** Running evaluation on val0 dataset *****
07/08/2026 20:38:45 - INFO - utils.trainer -   AUC: 0.60676
07/08/2026 20:38:45 - INFO - utils.trainer -   Accuracy: 0.37103
07/08/2026 20:38:45 - INFO - utils.trainer -   Precision: 0.27939
07/08/2026 20:38:45 - INFO - utils.trainer -   Recall: 0.29397
07/08/2026 20:38:45 - INFO - utils.trainer -   F_score: 0.24813
07/08/2026 20:38:45 - INFO - utils.trainer -   Loss: 20.86114
07/08/2026 20:38:45 - INFO - utils.trainer -    Train loss: 19.97503, Val loss: 20.86114, Val Accuracy: 0.3710, Best: 0.4175, Time: 15.8s
07/08/2026 20:39:02 - INFO - utils.trainer -   ***** Running evaluation on val0 dataset *****
07/08/2026 20:39:06 - INFO - utils.trainer -   AUC: 0.61023
07/08/2026 20:39:06 - INFO - utils.trainer -   Accuracy: 0.37103
07/08/2026 20:39:06 - INFO - utils.trainer -   Precision: 0.27861
07/08/2026 20:39:06 - INFO - utils.trainer -   Recall: 0.30432
07/08/2026 20:39:06 - INFO - utils.trainer -   F_score: 0.26868
07/08/2026 20:39:06 - INFO - utils.trainer -   Loss: 20.62458
07/08/2026 20:39:06 - INFO - utils.trainer -    Train loss: 19.68803, Val loss: 20.62458, Val Accuracy: 0.3710, Best: 0.4175, Time: 16.9s
07/08/2026 20:39:22 - INFO - utils.trainer -   ***** Running evaluation on val0 dataset *****
07/08/2026 20:39:26 - INFO - utils.trainer -   AUC: 0.62489
07/08/2026 20:39:26 - INFO - utils.trainer -   Accuracy: 0.37026
07/08/2026 20:39:26 - INFO - utils.trainer -   Precision: 0.30760
07/08/2026 20:39:26 - INFO - utils.trainer -   Recall: 0.32802
07/08/2026 20:39:26 - INFO - utils.trainer -   F_score: 0.26101
07/08/2026 20:39:26 - INFO - utils.trainer -   Loss: 20.86462
07/08/2026 20:39:26 - INFO - utils.trainer -    Train loss: 19.46952, Val loss: 20.86462, Val Accuracy: 0.3703, Best: 0.4175, Time: 16.4s
07/08/2026 20:39:42 - INFO - utils.trainer -   ***** Running evaluation on val0 dataset *****
07/08/2026 20:39:47 - INFO - utils.trainer -   AUC: 0.61391
07/08/2026 20:39:47 - INFO - utils.trainer -   Accuracy: 0.38110
07/08/2026 20:39:47 - INFO - utils.trainer -   Precision: 0.28424
07/08/2026 20:39:47 - INFO - utils.trainer -   Recall: 0.30703
07/08/2026 20:39:47 - INFO - utils.trainer -   F_score: 0.25970
07/08/2026 20:39:47 - INFO - utils.trainer -   Loss: 21.62072
07/08/2026 20:39:47 - INFO - utils.trainer -    Train loss: 19.36310, Val loss: 21.62072, Val Accuracy: 0.3811, Best: 0.4175, Time: 15.8s
07/08/2026 20:40:03 - INFO - utils.trainer -   ***** Running evaluation on val0 dataset *****
07/08/2026 20:40:07 - INFO - utils.trainer -   AUC: 0.64466
07/08/2026 20:40:07 - INFO - utils.trainer -   Accuracy: 0.39504
07/08/2026 20:40:07 - INFO - utils.trainer -   Precision: 0.30455
07/08/2026 20:40:07 - INFO - utils.trainer -   Recall: 0.33701
07/08/2026 20:40:07 - INFO - utils.trainer -   F_score: 0.29935
07/08/2026 20:40:07 - INFO - utils.trainer -   Loss: 20.44778
07/08/2026 20:40:07 - INFO - utils.trainer -    Train loss: 19.20207, Val loss: 20.44778, Val Accuracy: 0.3950, Best: 0.4175, Time: 16.6s
07/08/2026 20:40:23 - INFO - utils.trainer -   ***** Running evaluation on val0 dataset *****
07/08/2026 20:40:27 - INFO - utils.trainer -   AUC: 0.63238
07/08/2026 20:40:27 - INFO - utils.trainer -   Accuracy: 0.36948
07/08/2026 20:40:27 - INFO - utils.trainer -   Precision: 0.29419
07/08/2026 20:40:27 - INFO - utils.trainer -   Recall: 0.33115
07/08/2026 20:40:27 - INFO - utils.trainer -   F_score: 0.27663
07/08/2026 20:40:27 - INFO - utils.trainer -   Loss: 20.73786
07/08/2026 20:40:27 - INFO - utils.trainer -    Train loss: 19.09499, Val loss: 20.73786, Val Accuracy: 0.3695, Best: 0.4175, Time: 16.3s
07/08/2026 20:40:43 - INFO - utils.trainer -   ***** Running evaluation on val0 dataset *****
07/08/2026 20:40:47 - INFO - utils.trainer -   AUC: 0.64283
07/08/2026 20:40:47 - INFO - utils.trainer -   Accuracy: 0.39504
07/08/2026 20:40:47 - INFO - utils.trainer -   Precision: 0.29770
07/08/2026 20:40:47 - INFO - utils.trainer -   Recall: 0.31527
07/08/2026 20:40:47 - INFO - utils.trainer -   F_score: 0.25638
07/08/2026 20:40:47 - INFO - utils.trainer -   Loss: 20.74047
07/08/2026 20:40:47 - INFO - utils.trainer -    Train loss: 18.94188, Val loss: 20.74047, Val Accuracy: 0.3950, Best: 0.4175, Time: 16.0s
07/08/2026 20:41:04 - INFO - utils.trainer -   ***** Running evaluation on val0 dataset *****
07/08/2026 20:41:08 - INFO - utils.trainer -   AUC: 0.61403
07/08/2026 20:41:08 - INFO - utils.trainer -   Accuracy: 0.38807
07/08/2026 20:41:08 - INFO - utils.trainer -   Precision: 0.41687
07/08/2026 20:41:08 - INFO - utils.trainer -   Recall: 0.33339
07/08/2026 20:41:08 - INFO - utils.trainer -   F_score: 0.30041
07/08/2026 20:41:08 - INFO - utils.trainer -   Loss: 21.66710
07/08/2026 20:41:08 - INFO - utils.trainer -    Train loss: 18.74131, Val loss: 21.66710, Val Accuracy: 0.3881, Best: 0.4175, Time: 16.6s
07/08/2026 20:41:24 - INFO - utils.trainer -   ***** Running evaluation on val0 dataset *****
07/08/2026 20:41:29 - INFO - utils.trainer -   AUC: 0.61789
07/08/2026 20:41:29 - INFO - utils.trainer -   Accuracy: 0.38342
07/08/2026 20:41:29 - INFO - utils.trainer -   Precision: 0.53110
07/08/2026 20:41:29 - INFO - utils.trainer -   Recall: 0.30910
07/08/2026 20:41:29 - INFO - utils.trainer -   F_score: 0.27211
07/08/2026 20:41:29 - INFO - utils.trainer -   Loss: 21.29015
07/08/2026 20:41:29 - INFO - utils.trainer -    Train loss: 18.61397, Val loss: 21.29015, Val Accuracy: 0.3834, Best: 0.4175, Time: 16.4s
07/08/2026 20:41:45 - INFO - utils.trainer -   ***** Running evaluation on val0 dataset *****
07/08/2026 20:41:49 - INFO - utils.trainer -   AUC: 0.61508
07/08/2026 20:41:49 - INFO - utils.trainer -   Accuracy: 0.39194
07/08/2026 20:41:49 - INFO - utils.trainer -   Precision: 0.38915
07/08/2026 20:41:49 - INFO - utils.trainer -   Recall: 0.32065
07/08/2026 20:41:49 - INFO - utils.trainer -   F_score: 0.28464
07/08/2026 20:41:49 - INFO - utils.trainer -   Loss: 21.60042
07/08/2026 20:41:49 - INFO - utils.trainer -    Train loss: 18.43973, Val loss: 21.60042, Val Accuracy: 0.3919, Best: 0.4175, Time: 16.1s
07/08/2026 20:42:06 - INFO - utils.trainer -   ***** Running evaluation on val0 dataset *****
07/08/2026 20:42:11 - INFO - utils.trainer -   AUC: 0.62194
07/08/2026 20:42:11 - INFO - utils.trainer -   Accuracy: 0.39427
07/08/2026 20:42:11 - INFO - utils.trainer -   Precision: 0.40402
07/08/2026 20:42:11 - INFO - utils.trainer -   Recall: 0.33068
07/08/2026 20:42:11 - INFO - utils.trainer -   F_score: 0.29432
07/08/2026 20:42:11 - INFO - utils.trainer -   Loss: 21.28965
07/08/2026 20:42:11 - INFO - utils.trainer -    Train loss: 18.23911, Val loss: 21.28965, Val Accuracy: 0.3943, Best: 0.4175, Time: 17.1s
07/08/2026 20:42:27 - INFO - utils.trainer -   ***** Running evaluation on val0 dataset *****
07/08/2026 20:42:31 - INFO - utils.trainer -   AUC: 0.57733
07/08/2026 20:42:31 - INFO - utils.trainer -   Accuracy: 0.37180
07/08/2026 20:42:31 - INFO - utils.trainer -   Precision: 0.33396
07/08/2026 20:42:31 - INFO - utils.trainer -   Recall: 0.30154
07/08/2026 20:42:31 - INFO - utils.trainer -   F_score: 0.26559
07/08/2026 20:42:31 - INFO - utils.trainer -   Loss: 23.06795
07/08/2026 20:42:31 - INFO - utils.trainer -    Train loss: 17.95768, Val loss: 23.06795, Val Accuracy: 0.3718, Best: 0.4175, Time: 16.2s
07/08/2026 20:42:48 - INFO - utils.trainer -   ***** Running evaluation on val0 dataset *****
07/08/2026 20:42:52 - INFO - utils.trainer -   AUC: 0.62479
07/08/2026 20:42:52 - INFO - utils.trainer -   Accuracy: 0.37490
07/08/2026 20:42:52 - INFO - utils.trainer -   Precision: 0.33811
07/08/2026 20:42:52 - INFO - utils.trainer -   Recall: 0.32222
07/08/2026 20:42:52 - INFO - utils.trainer -   F_score: 0.30226
07/08/2026 20:42:52 - INFO - utils.trainer -   Loss: 21.97773
07/08/2026 20:42:52 - INFO - utils.trainer -    Train loss: 17.84152, Val loss: 21.97773, Val Accuracy: 0.3749, Best: 0.4175, Time: 17.0s
07/08/2026 20:42:52 - INFO - utils.trainer -   Early stopping triggered at epoch 28
07/08/2026 20:42:52 - INFO - utils.trainer -   Model loaded from output_dir/ALTER/ALTER-0.bin (full model)
07/08/2026 20:42:52 - INFO - utils.trainer -   ***** Running evaluation on test0 dataset *****
07/08/2026 20:42:55 - INFO - utils.trainer -   AUC: 0.49146
07/08/2026 20:42:55 - INFO - utils.trainer -   Accuracy: 0.30751
07/08/2026 20:42:55 - INFO - utils.trainer -   Precision: 0.14702
07/08/2026 20:42:55 - INFO - utils.trainer -   Recall: 0.24951
07/08/2026 20:42:55 - INFO - utils.trainer -   F_score: 0.16141
07/08/2026 20:42:55 - INFO - utils.trainer -   Loss: 22.03887
07/08/2026 20:42:55 - INFO - utils.trainer -   === Final test result ===
07/08/2026 20:42:55 - INFO - utils.trainer -     AUC: 0.49146
07/08/2026 20:42:55 - INFO - utils.trainer -     Accuracy: 0.30751
07/08/2026 20:42:55 - INFO - utils.trainer -     Precision: 0.14702
07/08/2026 20:42:55 - INFO - utils.trainer -     Recall: 0.24951
07/08/2026 20:42:55 - INFO - utils.trainer -     F_score: 0.16141
07/08/2026 20:42:55 - INFO - utils.trainer -     Loss: 22.03887
