08/21/2026 16:54:42 - INFO - __main__ -   ########## Repeat:0 ##########
08/21/2026 16:54:42 - INFO - utils.trainer -   ***** Running training *****
08/21/2026 16:54:42 - INFO - utils.trainer -     Num examples = 161
08/21/2026 16:54:42 - INFO - utils.trainer -     Num Epochs = 200
08/21/2026 16:54:42 - INFO - utils.trainer -     Total train batch size = 4
08/21/2026 16:54:42 - INFO - utils.trainer -     warmup steps = 400
08/21/2026 16:54:42 - INFO - utils.trainer -     Total optimization steps = 32200
08/21/2026 16:54:42 - INFO - utils.trainer -     Save steps = 25
08/21/2026 16:55:34 - INFO - utils.trainer -   ***** Running regression evaluation on val0 dataset *****
08/21/2026 16:55:39 - INFO - utils.trainer -   Loss: 0.01361
08/21/2026 16:55:39 - INFO - utils.trainer -   MSE: 144.25705
08/21/2026 16:55:39 - INFO - utils.trainer -   MAE: 9.96342
08/21/2026 16:55:39 - INFO - utils.trainer -   RMSE: 12.01071
08/21/2026 16:55:39 - INFO - utils.trainer -   R2: -0.30070
08/21/2026 16:55:39 - INFO - utils.trainer -   PearsonR: -0.00588
08/21/2026 16:55:40 - INFO - utils.trainer -   Model saved to output_dir/TimeLLM_AgeCAUEEG_train
08/21/2026 16:55:40 - INFO - utils.trainer -   Best model saved (val_Loss=0.0136)
08/21/2026 16:55:40 - INFO - utils.trainer -   Epoch: 1, Loss: 0.07479, Val loss: 0.01361, Val Loss: 0.0136, Best val Loss: 0.0136, No improve: 0/10, Time: 51.5s
08/21/2026 16:56:32 - INFO - utils.trainer -   ***** Running regression evaluation on val0 dataset *****
08/21/2026 16:56:37 - INFO - utils.trainer -   Loss: 0.01088
08/21/2026 16:56:37 - INFO - utils.trainer -   MSE: 115.39314
08/21/2026 16:56:37 - INFO - utils.trainer -   MAE: 8.77668
08/21/2026 16:56:37 - INFO - utils.trainer -   RMSE: 10.74212
08/21/2026 16:56:37 - INFO - utils.trainer -   R2: -0.04045
08/21/2026 16:56:37 - INFO - utils.trainer -   PearsonR: 0.03282
08/21/2026 16:56:38 - INFO - utils.trainer -   Model saved to output_dir/TimeLLM_AgeCAUEEG_train
08/21/2026 16:56:38 - INFO - utils.trainer -   Best model saved (val_Loss=0.0109)
08/21/2026 16:56:38 - INFO - utils.trainer -   Epoch: 2, Loss: 0.03388, Val loss: 0.01088, Val Loss: 0.0109, Best val Loss: 0.0109, No improve: 0/10, Time: 52.0s
08/21/2026 16:57:29 - INFO - utils.trainer -   ***** Running regression evaluation on val0 dataset *****
08/21/2026 16:57:34 - INFO - utils.trainer -   Loss: 0.01343
08/21/2026 16:57:34 - INFO - utils.trainer -   MSE: 143.00488
08/21/2026 16:57:34 - INFO - utils.trainer -   MAE: 9.21797
08/21/2026 16:57:34 - INFO - utils.trainer -   RMSE: 11.95846
08/21/2026 16:57:34 - INFO - utils.trainer -   R2: -0.28941
08/21/2026 16:57:34 - INFO - utils.trainer -   PearsonR: 0.04429
08/21/2026 16:57:34 - INFO - utils.trainer -   Epoch: 3, Loss: 0.03878, Val loss: 0.01343, Val Loss: 0.0134, Best val Loss: 0.0109, No improve: 1/10, Time: 51.2s
08/21/2026 16:58:26 - INFO - utils.trainer -   ***** Running regression evaluation on val0 dataset *****
08/21/2026 16:58:31 - INFO - utils.trainer -   Loss: 0.02111
08/21/2026 16:58:31 - INFO - utils.trainer -   MSE: 225.17433
08/21/2026 16:58:31 - INFO - utils.trainer -   MAE: 11.80675
08/21/2026 16:58:31 - INFO - utils.trainer -   RMSE: 15.00581
08/21/2026 16:58:31 - INFO - utils.trainer -   R2: -1.03030
08/21/2026 16:58:31 - INFO - utils.trainer -   PearsonR: 0.07104
08/21/2026 16:58:31 - INFO - utils.trainer -   Epoch: 4, Loss: 0.04424, Val loss: 0.02111, Val Loss: 0.0211, Best val Loss: 0.0109, No improve: 2/10, Time: 51.3s
08/21/2026 16:59:22 - INFO - utils.trainer -   ***** Running regression evaluation on val0 dataset *****
08/21/2026 16:59:28 - INFO - utils.trainer -   Loss: 0.01149
08/21/2026 16:59:28 - INFO - utils.trainer -   MSE: 122.26909
08/21/2026 16:59:28 - INFO - utils.trainer -   MAE: 8.55216
08/21/2026 16:59:28 - INFO - utils.trainer -   RMSE: 11.05754
08/21/2026 16:59:28 - INFO - utils.trainer -   R2: -0.10245
08/21/2026 16:59:28 - INFO - utils.trainer -   PearsonR: 0.14867
08/21/2026 16:59:28 - INFO - utils.trainer -   Epoch: 5, Loss: 0.03406, Val loss: 0.01149, Val Loss: 0.0115, Best val Loss: 0.0109, No improve: 3/10, Time: 51.2s
08/21/2026 17:00:19 - INFO - utils.trainer -   ***** Running regression evaluation on val0 dataset *****
08/21/2026 17:00:24 - INFO - utils.trainer -   Loss: 0.01289
08/21/2026 17:00:24 - INFO - utils.trainer -   MSE: 137.21425
08/21/2026 17:00:24 - INFO - utils.trainer -   MAE: 9.68278
08/21/2026 17:00:24 - INFO - utils.trainer -   RMSE: 11.71385
08/21/2026 17:00:24 - INFO - utils.trainer -   R2: -0.23720
08/21/2026 17:00:24 - INFO - utils.trainer -   PearsonR: 0.21423
08/21/2026 17:00:24 - INFO - utils.trainer -   Epoch: 6, Loss: 0.03767, Val loss: 0.01289, Val Loss: 0.0129, Best val Loss: 0.0109, No improve: 4/10, Time: 51.2s
08/21/2026 17:01:16 - INFO - utils.trainer -   ***** Running regression evaluation on val0 dataset *****
08/21/2026 17:01:21 - INFO - utils.trainer -   Loss: 0.01274
08/21/2026 17:01:21 - INFO - utils.trainer -   MSE: 135.48888
08/21/2026 17:01:21 - INFO - utils.trainer -   MAE: 9.64519
08/21/2026 17:01:21 - INFO - utils.trainer -   RMSE: 11.63997
08/21/2026 17:01:21 - INFO - utils.trainer -   R2: -0.22164
08/21/2026 17:01:21 - INFO - utils.trainer -   PearsonR: 0.20768
08/21/2026 17:01:21 - INFO - utils.trainer -   Epoch: 7, Loss: 0.03592, Val loss: 0.01274, Val Loss: 0.0127, Best val Loss: 0.0109, No improve: 5/10, Time: 51.4s
08/21/2026 17:02:12 - INFO - utils.trainer -   ***** Running regression evaluation on val0 dataset *****
08/21/2026 17:02:17 - INFO - utils.trainer -   Loss: 0.01209
08/21/2026 17:02:17 - INFO - utils.trainer -   MSE: 128.37962
08/21/2026 17:02:17 - INFO - utils.trainer -   MAE: 9.36585
08/21/2026 17:02:17 - INFO - utils.trainer -   RMSE: 11.33047
08/21/2026 17:02:17 - INFO - utils.trainer -   R2: -0.15754
08/21/2026 17:02:17 - INFO - utils.trainer -   PearsonR: 0.14955
08/21/2026 17:02:17 - INFO - utils.trainer -   Epoch: 8, Loss: 0.03036, Val loss: 0.01209, Val Loss: 0.0121, Best val Loss: 0.0109, No improve: 6/10, Time: 51.2s
08/21/2026 17:03:08 - INFO - utils.trainer -   ***** Running regression evaluation on val0 dataset *****
08/21/2026 17:03:14 - INFO - utils.trainer -   Loss: 0.01021
08/21/2026 17:03:14 - INFO - utils.trainer -   MSE: 108.45386
08/21/2026 17:03:14 - INFO - utils.trainer -   MAE: 8.42333
08/21/2026 17:03:14 - INFO - utils.trainer -   RMSE: 10.41412
08/21/2026 17:03:14 - INFO - utils.trainer -   R2: 0.02212
08/21/2026 17:03:14 - INFO - utils.trainer -   PearsonR: 0.18956
08/21/2026 17:03:15 - INFO - utils.trainer -   Model saved to output_dir/TimeLLM_AgeCAUEEG_train
08/21/2026 17:03:15 - INFO - utils.trainer -   Best model saved (val_Loss=0.0102)
08/21/2026 17:03:15 - INFO - utils.trainer -   Epoch: 9, Loss: 0.03513, Val loss: 0.01021, Val Loss: 0.0102, Best val Loss: 0.0102, No improve: 0/10, Time: 51.4s
08/21/2026 17:04:06 - INFO - utils.trainer -   ***** Running regression evaluation on val0 dataset *****
08/21/2026 17:04:11 - INFO - utils.trainer -   Loss: 0.01866
08/21/2026 17:04:11 - INFO - utils.trainer -   MSE: 198.00639
08/21/2026 17:04:11 - INFO - utils.trainer -   MAE: 11.86623
08/21/2026 17:04:11 - INFO - utils.trainer -   RMSE: 14.07148
08/21/2026 17:04:11 - INFO - utils.trainer -   R2: -0.78534
08/21/2026 17:04:11 - INFO - utils.trainer -   PearsonR: 0.17628
08/21/2026 17:04:11 - INFO - utils.trainer -   Epoch: 10, Loss: 0.03286, Val loss: 0.01866, Val Loss: 0.0187, Best val Loss: 0.0102, No improve: 1/10, Time: 51.2s
08/21/2026 17:05:02 - INFO - utils.trainer -   ***** Running regression evaluation on val0 dataset *****
08/21/2026 17:05:08 - INFO - utils.trainer -   Loss: 0.01055
08/21/2026 17:05:08 - INFO - utils.trainer -   MSE: 111.87581
08/21/2026 17:05:08 - INFO - utils.trainer -   MAE: 8.57650
08/21/2026 17:05:08 - INFO - utils.trainer -   RMSE: 10.57714
08/21/2026 17:05:08 - INFO - utils.trainer -   R2: -0.00873
08/21/2026 17:05:08 - INFO - utils.trainer -   PearsonR: 0.15398
08/21/2026 17:05:08 - INFO - utils.trainer -   Epoch: 11, Loss: 0.03355, Val loss: 0.01055, Val Loss: 0.0106, Best val Loss: 0.0102, No improve: 2/10, Time: 51.3s
08/21/2026 17:05:59 - INFO - utils.trainer -   ***** Running regression evaluation on val0 dataset *****
08/21/2026 17:06:04 - INFO - utils.trainer -   Loss: 0.01241
08/21/2026 17:06:04 - INFO - utils.trainer -   MSE: 131.80443
08/21/2026 17:06:04 - INFO - utils.trainer -   MAE: 9.53345
08/21/2026 17:06:04 - INFO - utils.trainer -   RMSE: 11.48061
08/21/2026 17:06:04 - INFO - utils.trainer -   R2: -0.18842
08/21/2026 17:06:04 - INFO - utils.trainer -   PearsonR: 0.19838
08/21/2026 17:06:04 - INFO - utils.trainer -   Epoch: 12, Loss: 0.03622, Val loss: 0.01241, Val Loss: 0.0124, Best val Loss: 0.0102, No improve: 3/10, Time: 51.2s
08/21/2026 17:06:55 - INFO - utils.trainer -   ***** Running regression evaluation on val0 dataset *****
08/21/2026 17:07:01 - INFO - utils.trainer -   Loss: 0.01097
08/21/2026 17:07:01 - INFO - utils.trainer -   MSE: 116.44138
08/21/2026 17:07:01 - INFO - utils.trainer -   MAE: 8.86412
08/21/2026 17:07:01 - INFO - utils.trainer -   RMSE: 10.79080
08/21/2026 17:07:01 - INFO - utils.trainer -   R2: -0.04990
08/21/2026 17:07:01 - INFO - utils.trainer -   PearsonR: 0.16274
08/21/2026 17:07:01 - INFO - utils.trainer -   Epoch: 13, Loss: 0.03130, Val loss: 0.01097, Val Loss: 0.0110, Best val Loss: 0.0102, No improve: 4/10, Time: 51.1s
08/21/2026 17:07:52 - INFO - utils.trainer -   ***** Running regression evaluation on val0 dataset *****
08/21/2026 17:07:57 - INFO - utils.trainer -   Loss: 0.01069
08/21/2026 17:07:57 - INFO - utils.trainer -   MSE: 113.59551
08/21/2026 17:07:57 - INFO - utils.trainer -   MAE: 8.72758
08/21/2026 17:07:57 - INFO - utils.trainer -   RMSE: 10.65812
08/21/2026 17:07:57 - INFO - utils.trainer -   R2: -0.02424
08/21/2026 17:07:57 - INFO - utils.trainer -   PearsonR: 0.20332
08/21/2026 17:07:57 - INFO - utils.trainer -   Epoch: 14, Loss: 0.02966, Val loss: 0.01069, Val Loss: 0.0107, Best val Loss: 0.0102, No improve: 5/10, Time: 51.2s
08/21/2026 17:08:49 - INFO - utils.trainer -   ***** Running regression evaluation on val0 dataset *****
08/21/2026 17:08:55 - INFO - utils.trainer -   Loss: 0.01710
08/21/2026 17:08:55 - INFO - utils.trainer -   MSE: 181.54208
08/21/2026 17:08:55 - INFO - utils.trainer -   MAE: 11.29274
08/21/2026 17:08:55 - INFO - utils.trainer -   RMSE: 13.47375
08/21/2026 17:08:55 - INFO - utils.trainer -   R2: -0.63688
08/21/2026 17:08:55 - INFO - utils.trainer -   PearsonR: 0.19585
08/21/2026 17:08:55 - INFO - utils.trainer -   Epoch: 15, Loss: 0.02728, Val loss: 0.01710, Val Loss: 0.0171, Best val Loss: 0.0102, No improve: 6/10, Time: 52.2s
08/21/2026 17:09:46 - INFO - utils.trainer -   ***** Running regression evaluation on val0 dataset *****
08/21/2026 17:09:51 - INFO - utils.trainer -   Loss: 0.01311
08/21/2026 17:09:51 - INFO - utils.trainer -   MSE: 139.13782
08/21/2026 17:09:51 - INFO - utils.trainer -   MAE: 9.77217
08/21/2026 17:09:51 - INFO - utils.trainer -   RMSE: 11.79567
08/21/2026 17:09:51 - INFO - utils.trainer -   R2: -0.25454
08/21/2026 17:09:51 - INFO - utils.trainer -   PearsonR: 0.19045
08/21/2026 17:09:51 - INFO - utils.trainer -   Epoch: 16, Loss: 0.03473, Val loss: 0.01311, Val Loss: 0.0131, Best val Loss: 0.0102, No improve: 7/10, Time: 51.2s
08/21/2026 17:10:43 - INFO - utils.trainer -   ***** Running regression evaluation on val0 dataset *****
08/21/2026 17:10:48 - INFO - utils.trainer -   Loss: 0.01001
08/21/2026 17:10:48 - INFO - utils.trainer -   MSE: 106.22017
08/21/2026 17:10:48 - INFO - utils.trainer -   MAE: 8.37331
08/21/2026 17:10:48 - INFO - utils.trainer -   RMSE: 10.30632
08/21/2026 17:10:48 - INFO - utils.trainer -   R2: 0.04226
08/21/2026 17:10:48 - INFO - utils.trainer -   PearsonR: 0.21357
08/21/2026 17:10:49 - INFO - utils.trainer -   Model saved to output_dir/TimeLLM_AgeCAUEEG_train
08/21/2026 17:10:49 - INFO - utils.trainer -   Best model saved (val_Loss=0.0100)
08/21/2026 17:10:49 - INFO - utils.trainer -   Epoch: 17, Loss: 0.03241, Val loss: 0.01001, Val Loss: 0.0100, Best val Loss: 0.0100, No improve: 0/10, Time: 51.2s
08/21/2026 17:11:40 - INFO - utils.trainer -   ***** Running regression evaluation on val0 dataset *****
08/21/2026 17:11:45 - INFO - utils.trainer -   Loss: 0.01148
08/21/2026 17:11:45 - INFO - utils.trainer -   MSE: 121.66824
08/21/2026 17:11:45 - INFO - utils.trainer -   MAE: 9.06329
08/21/2026 17:11:45 - INFO - utils.trainer -   RMSE: 11.03033
08/21/2026 17:11:45 - INFO - utils.trainer -   R2: -0.09703
08/21/2026 17:11:45 - INFO - utils.trainer -   PearsonR: 0.17141
08/21/2026 17:11:45 - INFO - utils.trainer -   Epoch: 18, Loss: 0.02923, Val loss: 0.01148, Val Loss: 0.0115, Best val Loss: 0.0100, No improve: 1/10, Time: 51.3s
08/21/2026 17:12:37 - INFO - utils.trainer -   ***** Running regression evaluation on val0 dataset *****
08/21/2026 17:12:43 - INFO - utils.trainer -   Loss: 0.01084
08/21/2026 17:12:43 - INFO - utils.trainer -   MSE: 115.18328
08/21/2026 17:12:43 - INFO - utils.trainer -   MAE: 8.79792
08/21/2026 17:12:43 - INFO - utils.trainer -   RMSE: 10.73235
08/21/2026 17:12:43 - INFO - utils.trainer -   R2: -0.03856
08/21/2026 17:12:43 - INFO - utils.trainer -   PearsonR: 0.22241
08/21/2026 17:12:43 - INFO - utils.trainer -   Epoch: 19, Loss: 0.02758, Val loss: 0.01084, Val Loss: 0.0108, Best val Loss: 0.0100, No improve: 2/10, Time: 51.3s
08/21/2026 17:13:34 - INFO - utils.trainer -   ***** Running regression evaluation on val0 dataset *****
08/21/2026 17:13:39 - INFO - utils.trainer -   Loss: 0.01054
08/21/2026 17:13:39 - INFO - utils.trainer -   MSE: 111.83589
08/21/2026 17:13:39 - INFO - utils.trainer -   MAE: 8.65948
08/21/2026 17:13:39 - INFO - utils.trainer -   RMSE: 10.57525
08/21/2026 17:13:39 - INFO - utils.trainer -   R2: -0.00837
08/21/2026 17:13:39 - INFO - utils.trainer -   PearsonR: 0.20512
08/21/2026 17:13:39 - INFO - utils.trainer -   Epoch: 20, Loss: 0.03080, Val loss: 0.01054, Val Loss: 0.0105, Best val Loss: 0.0100, No improve: 3/10, Time: 51.3s
08/21/2026 17:14:31 - INFO - utils.trainer -   ***** Running regression evaluation on val0 dataset *****
08/21/2026 17:14:36 - INFO - utils.trainer -   Loss: 0.01387
08/21/2026 17:14:36 - INFO - utils.trainer -   MSE: 147.51967
08/21/2026 17:14:36 - INFO - utils.trainer -   MAE: 10.08467
08/21/2026 17:14:36 - INFO - utils.trainer -   RMSE: 12.14577
08/21/2026 17:14:36 - INFO - utils.trainer -   R2: -0.33012
08/21/2026 17:14:36 - INFO - utils.trainer -   PearsonR: 0.24003
08/21/2026 17:14:36 - INFO - utils.trainer -   Epoch: 21, Loss: 0.02434, Val loss: 0.01387, Val Loss: 0.0139, Best val Loss: 0.0100, No improve: 4/10, Time: 51.2s
08/21/2026 17:15:27 - INFO - utils.trainer -   ***** Running regression evaluation on val0 dataset *****
08/21/2026 17:15:32 - INFO - utils.trainer -   Loss: 0.01305
08/21/2026 17:15:32 - INFO - utils.trainer -   MSE: 138.57759
08/21/2026 17:15:32 - INFO - utils.trainer -   MAE: 9.72256
08/21/2026 17:15:32 - INFO - utils.trainer -   RMSE: 11.77190
08/21/2026 17:15:32 - INFO - utils.trainer -   R2: -0.24949
08/21/2026 17:15:32 - INFO - utils.trainer -   PearsonR: 0.23210
08/21/2026 17:15:32 - INFO - utils.trainer -   Epoch: 22, Loss: 0.03030, Val loss: 0.01305, Val Loss: 0.0131, Best val Loss: 0.0100, No improve: 5/10, Time: 51.3s
08/21/2026 17:16:23 - INFO - utils.trainer -   ***** Running regression evaluation on val0 dataset *****
08/21/2026 17:16:29 - INFO - utils.trainer -   Loss: 0.01071
08/21/2026 17:16:29 - INFO - utils.trainer -   MSE: 114.02194
08/21/2026 17:16:29 - INFO - utils.trainer -   MAE: 8.39084
08/21/2026 17:16:29 - INFO - utils.trainer -   RMSE: 10.67811
08/21/2026 17:16:29 - INFO - utils.trainer -   R2: -0.02808
08/21/2026 17:16:29 - INFO - utils.trainer -   PearsonR: 0.22385
08/21/2026 17:16:29 - INFO - utils.trainer -   Epoch: 23, Loss: 0.02543, Val loss: 0.01071, Val Loss: 0.0107, Best val Loss: 0.0100, No improve: 6/10, Time: 51.1s
08/21/2026 17:17:20 - INFO - utils.trainer -   ***** Running regression evaluation on val0 dataset *****
08/21/2026 17:17:25 - INFO - utils.trainer -   Loss: 0.01087
08/21/2026 17:17:25 - INFO - utils.trainer -   MSE: 115.06487
08/21/2026 17:17:25 - INFO - utils.trainer -   MAE: 8.87209
08/21/2026 17:17:25 - INFO - utils.trainer -   RMSE: 10.72683
08/21/2026 17:17:25 - INFO - utils.trainer -   R2: -0.03749
08/21/2026 17:17:25 - INFO - utils.trainer -   PearsonR: 0.18052
08/21/2026 17:17:25 - INFO - utils.trainer -   Epoch: 24, Loss: 0.03064, Val loss: 0.01087, Val Loss: 0.0109, Best val Loss: 0.0100, No improve: 7/10, Time: 51.1s
08/21/2026 17:18:16 - INFO - utils.trainer -   ***** Running regression evaluation on val0 dataset *****
08/21/2026 17:18:22 - INFO - utils.trainer -   Loss: 0.01200
08/21/2026 17:18:22 - INFO - utils.trainer -   MSE: 127.64141
08/21/2026 17:18:22 - INFO - utils.trainer -   MAE: 9.34396
08/21/2026 17:18:22 - INFO - utils.trainer -   RMSE: 11.29785
08/21/2026 17:18:22 - INFO - utils.trainer -   R2: -0.15089
08/21/2026 17:18:22 - INFO - utils.trainer -   PearsonR: 0.25605
08/21/2026 17:18:23 - INFO - utils.trainer -   Model saved to output_dir/TimeLLM_AgeCAUEEG_train/checkpoint-epoch-25
08/21/2026 17:18:23 - INFO - utils.trainer -   Checkpoint saved at epoch 25
08/21/2026 17:18:23 - INFO - utils.trainer -   Epoch: 25, Loss: 0.02833, Val loss: 0.01200, Val Loss: 0.0120, Best val Loss: 0.0100, No improve: 8/10, Time: 51.0s
08/21/2026 17:19:14 - INFO - utils.trainer -   ***** Running regression evaluation on val0 dataset *****
08/21/2026 17:19:20 - INFO - utils.trainer -   Loss: 0.01022
08/21/2026 17:19:20 - INFO - utils.trainer -   MSE: 108.36919
08/21/2026 17:19:20 - INFO - utils.trainer -   MAE: 8.58681
08/21/2026 17:19:20 - INFO - utils.trainer -   RMSE: 10.41005
08/21/2026 17:19:20 - INFO - utils.trainer -   R2: 0.02288
08/21/2026 17:19:20 - INFO - utils.trainer -   PearsonR: 0.25835
08/21/2026 17:19:20 - INFO - utils.trainer -   Epoch: 26, Loss: 0.03080, Val loss: 0.01022, Val Loss: 0.0102, Best val Loss: 0.0100, No improve: 9/10, Time: 51.0s
08/21/2026 17:20:11 - INFO - utils.trainer -   ***** Running regression evaluation on val0 dataset *****
08/21/2026 17:20:16 - INFO - utils.trainer -   Loss: 0.01017
08/21/2026 17:20:16 - INFO - utils.trainer -   MSE: 108.10273
08/21/2026 17:20:16 - INFO - utils.trainer -   MAE: 8.58292
08/21/2026 17:20:16 - INFO - utils.trainer -   RMSE: 10.39725
08/21/2026 17:20:16 - INFO - utils.trainer -   R2: 0.02529
08/21/2026 17:20:16 - INFO - utils.trainer -   PearsonR: 0.28208
08/21/2026 17:20:16 - INFO - utils.trainer -   Epoch: 27, Loss: 0.03149, Val loss: 0.01017, Val Loss: 0.0102, Best val Loss: 0.0100, No improve: 10/10, Time: 51.1s
08/21/2026 17:20:16 - INFO - utils.trainer -   Early stopping triggered at epoch 27
08/21/2026 17:20:16 - INFO - utils.trainer -   Early stopping triggered at epoch 27
08/21/2026 17:20:16 - INFO - utils.trainer -   Early stopping triggered at epoch 27
08/21/2026 17:20:16 - INFO - utils.trainer -   Early stopping triggered at epoch 27
08/21/2026 17:20:16 - INFO - utils.trainer -   Early stopping triggered at epoch 27
08/21/2026 17:20:16 - INFO - utils.trainer -   Early stopping triggered at epoch 27
08/21/2026 17:20:16 - INFO - utils.trainer -     2 prompt-buffer key(s) skipped (kept target-dataset prompt)
08/21/2026 17:20:16 - INFO - utils.trainer -     582 keys not in checkpoint (kept from init)
08/21/2026 17:20:16 - INFO - utils.trainer -   Model loaded from output_dir/TimeLLM_AgeCAUEEG_train/TimeLLM-0.bin (25/27 keys)
08/21/2026 17:20:16 - INFO - utils.trainer -   ***** Running regression evaluation on test0 dataset *****
08/21/2026 17:20:16 - INFO - utils.trainer -     2 prompt-buffer key(s) skipped (kept target-dataset prompt)
08/21/2026 17:20:16 - INFO - utils.trainer -     582 keys not in checkpoint (kept from init)
08/21/2026 17:20:16 - INFO - utils.trainer -   Model loaded from output_dir/TimeLLM_AgeCAUEEG_train/TimeLLM-0.bin (25/27 keys)
08/21/2026 17:20:16 - INFO - utils.trainer -     2 prompt-buffer key(s) skipped (kept target-dataset prompt)
08/21/2026 17:20:16 - INFO - utils.trainer -     582 keys not in checkpoint (kept from init)
08/21/2026 17:20:16 - INFO - utils.trainer -   Model loaded from output_dir/TimeLLM_AgeCAUEEG_train/TimeLLM-0.bin (25/27 keys)
08/21/2026 17:20:16 - INFO - utils.trainer -     2 prompt-buffer key(s) skipped (kept target-dataset prompt)
08/21/2026 17:20:16 - INFO - utils.trainer -     2 prompt-buffer key(s) skipped (kept target-dataset prompt)
08/21/2026 17:20:16 - INFO - utils.trainer -     582 keys not in checkpoint (kept from init)
08/21/2026 17:20:16 - INFO - utils.trainer -   Model loaded from output_dir/TimeLLM_AgeCAUEEG_train/TimeLLM-0.bin (25/27 keys)
08/21/2026 17:20:16 - INFO - utils.trainer -     582 keys not in checkpoint (kept from init)
08/21/2026 17:20:16 - INFO - utils.trainer -   Model loaded from output_dir/TimeLLM_AgeCAUEEG_train/TimeLLM-0.bin (25/27 keys)
08/21/2026 17:20:16 - INFO - utils.trainer -     2 prompt-buffer key(s) skipped (kept target-dataset prompt)
08/21/2026 17:20:16 - INFO - utils.trainer -     582 keys not in checkpoint (kept from init)
08/21/2026 17:20:16 - INFO - utils.trainer -   Model loaded from output_dir/TimeLLM_AgeCAUEEG_train/TimeLLM-0.bin (25/27 keys)
08/21/2026 17:20:22 - INFO - utils.trainer -   Loss: 0.00949
08/21/2026 17:20:22 - INFO - utils.trainer -   MSE: 101.07922
08/21/2026 17:20:22 - INFO - utils.trainer -   MAE: 8.14454
08/21/2026 17:20:22 - INFO - utils.trainer -   RMSE: 10.05382
08/21/2026 17:20:22 - INFO - utils.trainer -   R2: -0.00798
08/21/2026 17:20:22 - INFO - utils.trainer -   PearsonR: 0.12464
08/21/2026 17:20:22 - INFO - utils.trainer -   === Best epoch test result ===
08/21/2026 17:20:22 - INFO - utils.trainer -     Loss: 0.00949
08/21/2026 17:20:22 - INFO - utils.trainer -     MSE: 101.07922
08/21/2026 17:20:22 - INFO - utils.trainer -     MAE: 8.14454
08/21/2026 17:20:22 - INFO - utils.trainer -     RMSE: 10.05382
08/21/2026 17:20:22 - INFO - utils.trainer -     R2: -0.00798
08/21/2026 17:20:22 - INFO - utils.trainer -     PearsonR: 0.12464
08/21/2026 17:20:23 - INFO - utils.trainer -   Model saved to output_dir/TimeLLM_AgeCAUEEG_train/final-epoch-200
08/21/2026 17:20:23 - INFO - utils.trainer -   Final model saved at epoch 200
