08/07/2026 14:13:04 - INFO - __main__ -   ########## Repeat:0 ##########
08/07/2026 14:13:04 - INFO - utils.trainer -   ***** Running training *****
08/07/2026 14:13:04 - INFO - utils.trainer -     Num examples = 44
08/07/2026 14:13:04 - INFO - utils.trainer -     Num Epochs = 200
08/07/2026 14:13:04 - INFO - utils.trainer -     Total train batch size = 2
08/07/2026 14:13:04 - INFO - utils.trainer -     warmup steps = 400
08/07/2026 14:13:04 - INFO - utils.trainer -     Total optimization steps = 8800
08/07/2026 14:13:04 - INFO - utils.trainer -     Save steps = 25
08/07/2026 14:13:20 - INFO - utils.trainer -   ***** Running evaluation on val dataset *****
08/07/2026 14:13:21 - INFO - utils.trainer -   Loss: 0.69495
08/07/2026 14:13:21 - INFO - utils.trainer -   AUC: 0.58053
08/07/2026 14:13:21 - INFO - utils.trainer -   Accuracy: 0.57018
08/07/2026 14:13:21 - INFO - utils.trainer -   Precision: 0.00000
08/07/2026 14:13:21 - INFO - utils.trainer -   Specificity: 1.00000
08/07/2026 14:13:21 - INFO - utils.trainer -   Sensitivity: 0.00000
08/07/2026 14:13:22 - INFO - utils.trainer -   Model saved to output_dir/TimeLLM_DiseaseDS_train
08/07/2026 14:13:22 - INFO - utils.trainer -   Best model saved (val_Loss=0.6950)
08/07/2026 14:13:22 - INFO - utils.trainer -   Epoch: 1, Loss: 0.86380, Val loss: 0.69495, Val Loss: 0.6950, Best val Loss: 0.6950, No improve: 0/25, Time: 15.6s
08/07/2026 14:13:37 - INFO - utils.trainer -   ***** Running evaluation on val dataset *****
08/07/2026 14:13:39 - INFO - utils.trainer -   Loss: 1.50424
08/07/2026 14:13:39 - INFO - utils.trainer -   AUC: 0.61947
08/07/2026 14:13:39 - INFO - utils.trainer -   Accuracy: 0.42982
08/07/2026 14:13:39 - INFO - utils.trainer -   Precision: 0.42982
08/07/2026 14:13:39 - INFO - utils.trainer -   Specificity: 0.00000
08/07/2026 14:13:39 - INFO - utils.trainer -   Sensitivity: 1.00000
08/07/2026 14:13:39 - INFO - utils.trainer -   Epoch: 2, Loss: 0.82491, Val loss: 1.50424, Val Loss: 1.5042, Best val Loss: 0.6950, No improve: 1/25, Time: 15.0s
08/07/2026 14:13:54 - INFO - utils.trainer -   ***** Running evaluation on val dataset *****
08/07/2026 14:13:56 - INFO - utils.trainer -   Loss: 0.75914
08/07/2026 14:13:56 - INFO - utils.trainer -   AUC: 0.66562
08/07/2026 14:13:56 - INFO - utils.trainer -   Accuracy: 0.42982
08/07/2026 14:13:56 - INFO - utils.trainer -   Precision: 0.42982
08/07/2026 14:13:56 - INFO - utils.trainer -   Specificity: 0.00000
08/07/2026 14:13:56 - INFO - utils.trainer -   Sensitivity: 1.00000
08/07/2026 14:13:56 - INFO - utils.trainer -   Epoch: 3, Loss: 0.82974, Val loss: 0.75914, Val Loss: 0.7591, Best val Loss: 0.6950, No improve: 2/25, Time: 15.1s
08/07/2026 14:14:11 - INFO - utils.trainer -   ***** Running evaluation on val dataset *****
08/07/2026 14:14:12 - INFO - utils.trainer -   Loss: 0.72874
08/07/2026 14:14:12 - INFO - utils.trainer -   AUC: 0.59309
08/07/2026 14:14:12 - INFO - utils.trainer -   Accuracy: 0.42982
08/07/2026 14:14:12 - INFO - utils.trainer -   Precision: 0.42982
08/07/2026 14:14:12 - INFO - utils.trainer -   Specificity: 0.00000
08/07/2026 14:14:12 - INFO - utils.trainer -   Sensitivity: 1.00000
08/07/2026 14:14:12 - INFO - utils.trainer -   Epoch: 4, Loss: 0.78703, Val loss: 0.72874, Val Loss: 0.7287, Best val Loss: 0.6950, No improve: 3/25, Time: 15.0s
08/07/2026 14:14:28 - INFO - utils.trainer -   ***** Running evaluation on val dataset *****
08/07/2026 14:14:30 - INFO - utils.trainer -   Loss: 0.71178
08/07/2026 14:14:30 - INFO - utils.trainer -   AUC: 0.56044
08/07/2026 14:14:30 - INFO - utils.trainer -   Accuracy: 0.42982
08/07/2026 14:14:30 - INFO - utils.trainer -   Precision: 0.42982
08/07/2026 14:14:30 - INFO - utils.trainer -   Specificity: 0.00000
08/07/2026 14:14:30 - INFO - utils.trainer -   Sensitivity: 1.00000
08/07/2026 14:14:30 - INFO - utils.trainer -   Epoch: 5, Loss: 0.76320, Val loss: 0.71178, Val Loss: 0.7118, Best val Loss: 0.6950, No improve: 4/25, Time: 15.8s
08/07/2026 14:14:45 - INFO - utils.trainer -   ***** Running evaluation on val dataset *****
08/07/2026 14:14:47 - INFO - utils.trainer -   Loss: 0.69950
08/07/2026 14:14:47 - INFO - utils.trainer -   AUC: 0.61162
08/07/2026 14:14:47 - INFO - utils.trainer -   Accuracy: 0.57018
08/07/2026 14:14:47 - INFO - utils.trainer -   Precision: 0.00000
08/07/2026 14:14:47 - INFO - utils.trainer -   Specificity: 1.00000
08/07/2026 14:14:47 - INFO - utils.trainer -   Sensitivity: 0.00000
08/07/2026 14:14:47 - INFO - utils.trainer -   Epoch: 6, Loss: 0.71497, Val loss: 0.69950, Val Loss: 0.6995, Best val Loss: 0.6950, No improve: 5/25, Time: 15.0s
08/07/2026 14:15:02 - INFO - utils.trainer -   ***** Running evaluation on val dataset *****
08/07/2026 14:15:03 - INFO - utils.trainer -   Loss: 1.00651
08/07/2026 14:15:03 - INFO - utils.trainer -   AUC: 0.62606
08/07/2026 14:15:03 - INFO - utils.trainer -   Accuracy: 0.42982
08/07/2026 14:15:03 - INFO - utils.trainer -   Precision: 0.42982
08/07/2026 14:15:03 - INFO - utils.trainer -   Specificity: 0.00000
08/07/2026 14:15:03 - INFO - utils.trainer -   Sensitivity: 1.00000
08/07/2026 14:15:03 - INFO - utils.trainer -   Epoch: 7, Loss: 0.78241, Val loss: 1.00651, Val Loss: 1.0065, Best val Loss: 0.6950, No improve: 6/25, Time: 15.0s
08/07/2026 14:15:18 - INFO - utils.trainer -   ***** Running evaluation on val dataset *****
08/07/2026 14:15:20 - INFO - utils.trainer -   Loss: 0.79129
08/07/2026 14:15:20 - INFO - utils.trainer -   AUC: 0.70487
08/07/2026 14:15:20 - INFO - utils.trainer -   Accuracy: 0.42982
08/07/2026 14:15:20 - INFO - utils.trainer -   Precision: 0.42982
08/07/2026 14:15:20 - INFO - utils.trainer -   Specificity: 0.00000
08/07/2026 14:15:20 - INFO - utils.trainer -   Sensitivity: 1.00000
08/07/2026 14:15:20 - INFO - utils.trainer -   Epoch: 8, Loss: 0.75585, Val loss: 0.79129, Val Loss: 0.7913, Best val Loss: 0.6950, No improve: 7/25, Time: 15.1s
08/07/2026 14:15:35 - INFO - utils.trainer -   ***** Running evaluation on val dataset *****
08/07/2026 14:15:37 - INFO - utils.trainer -   Loss: 0.68274
08/07/2026 14:15:37 - INFO - utils.trainer -   AUC: 0.68509
08/07/2026 14:15:37 - INFO - utils.trainer -   Accuracy: 0.58772
08/07/2026 14:15:37 - INFO - utils.trainer -   Precision: 0.66667
08/07/2026 14:15:37 - INFO - utils.trainer -   Specificity: 0.96923
08/07/2026 14:15:37 - INFO - utils.trainer -   Sensitivity: 0.08163
08/07/2026 14:15:38 - INFO - utils.trainer -   Model saved to output_dir/TimeLLM_DiseaseDS_train
08/07/2026 14:15:38 - INFO - utils.trainer -   Best model saved (val_Loss=0.6827)
08/07/2026 14:15:38 - INFO - utils.trainer -   Epoch: 9, Loss: 0.64839, Val loss: 0.68274, Val Loss: 0.6827, Best val Loss: 0.6827, No improve: 0/25, Time: 15.1s
08/07/2026 14:15:53 - INFO - utils.trainer -   ***** Running evaluation on val dataset *****
08/07/2026 14:15:55 - INFO - utils.trainer -   Loss: 0.70051
08/07/2026 14:15:55 - INFO - utils.trainer -   AUC: 0.66625
08/07/2026 14:15:55 - INFO - utils.trainer -   Accuracy: 0.57018
08/07/2026 14:15:55 - INFO - utils.trainer -   Precision: 0.00000
08/07/2026 14:15:55 - INFO - utils.trainer -   Specificity: 1.00000
08/07/2026 14:15:55 - INFO - utils.trainer -   Sensitivity: 0.00000
08/07/2026 14:15:55 - INFO - utils.trainer -   Epoch: 10, Loss: 0.73648, Val loss: 0.70051, Val Loss: 0.7005, Best val Loss: 0.6827, No improve: 1/25, Time: 15.1s
08/07/2026 14:16:10 - INFO - utils.trainer -   ***** Running evaluation on val dataset *****
08/07/2026 14:16:12 - INFO - utils.trainer -   Loss: 0.70516
08/07/2026 14:16:12 - INFO - utils.trainer -   AUC: 0.68603
08/07/2026 14:16:12 - INFO - utils.trainer -   Accuracy: 0.42982
08/07/2026 14:16:12 - INFO - utils.trainer -   Precision: 0.42982
08/07/2026 14:16:12 - INFO - utils.trainer -   Specificity: 0.00000
08/07/2026 14:16:12 - INFO - utils.trainer -   Sensitivity: 1.00000
08/07/2026 14:16:12 - INFO - utils.trainer -   Epoch: 11, Loss: 0.72940, Val loss: 0.70516, Val Loss: 0.7052, Best val Loss: 0.6827, No improve: 2/25, Time: 15.0s
08/07/2026 14:16:27 - INFO - utils.trainer -   ***** Running evaluation on val dataset *****
08/07/2026 14:16:28 - INFO - utils.trainer -   Loss: 0.68204
08/07/2026 14:16:28 - INFO - utils.trainer -   AUC: 0.69451
08/07/2026 14:16:28 - INFO - utils.trainer -   Accuracy: 0.60526
08/07/2026 14:16:28 - INFO - utils.trainer -   Precision: 0.83333
08/07/2026 14:16:28 - INFO - utils.trainer -   Specificity: 0.98462
08/07/2026 14:16:28 - INFO - utils.trainer -   Sensitivity: 0.10204
08/07/2026 14:16:29 - INFO - utils.trainer -   Model saved to output_dir/TimeLLM_DiseaseDS_train
08/07/2026 14:16:29 - INFO - utils.trainer -   Best model saved (val_Loss=0.6820)
08/07/2026 14:16:29 - INFO - utils.trainer -   Epoch: 12, Loss: 0.71324, Val loss: 0.68204, Val Loss: 0.6820, Best val Loss: 0.6820, No improve: 0/25, Time: 15.0s
08/07/2026 14:16:44 - INFO - utils.trainer -   ***** Running evaluation on val dataset *****
08/07/2026 14:16:46 - INFO - utils.trainer -   Loss: 0.68304
08/07/2026 14:16:46 - INFO - utils.trainer -   AUC: 0.69199
08/07/2026 14:16:46 - INFO - utils.trainer -   Accuracy: 0.62281
08/07/2026 14:16:46 - INFO - utils.trainer -   Precision: 0.58824
08/07/2026 14:16:46 - INFO - utils.trainer -   Specificity: 0.78462
08/07/2026 14:16:46 - INFO - utils.trainer -   Sensitivity: 0.40816
08/07/2026 14:16:46 - INFO - utils.trainer -   Epoch: 13, Loss: 0.73338, Val loss: 0.68304, Val Loss: 0.6830, Best val Loss: 0.6820, No improve: 1/25, Time: 15.1s
08/07/2026 14:17:01 - INFO - utils.trainer -   ***** Running evaluation on val dataset *****
08/07/2026 14:17:03 - INFO - utils.trainer -   Loss: 0.73472
08/07/2026 14:17:03 - INFO - utils.trainer -   AUC: 0.69576
08/07/2026 14:17:03 - INFO - utils.trainer -   Accuracy: 0.42982
08/07/2026 14:17:03 - INFO - utils.trainer -   Precision: 0.42982
08/07/2026 14:17:03 - INFO - utils.trainer -   Specificity: 0.00000
08/07/2026 14:17:03 - INFO - utils.trainer -   Sensitivity: 1.00000
08/07/2026 14:17:03 - INFO - utils.trainer -   Epoch: 14, Loss: 0.82933, Val loss: 0.73472, Val Loss: 0.7347, Best val Loss: 0.6820, No improve: 2/25, Time: 15.1s
08/07/2026 14:17:18 - INFO - utils.trainer -   ***** Running evaluation on val dataset *****
08/07/2026 14:17:19 - INFO - utils.trainer -   Loss: 0.77596
08/07/2026 14:17:19 - INFO - utils.trainer -   AUC: 0.67630
08/07/2026 14:17:19 - INFO - utils.trainer -   Accuracy: 0.42982
08/07/2026 14:17:19 - INFO - utils.trainer -   Precision: 0.42982
08/07/2026 14:17:19 - INFO - utils.trainer -   Specificity: 0.00000
08/07/2026 14:17:19 - INFO - utils.trainer -   Sensitivity: 1.00000
08/07/2026 14:17:19 - INFO - utils.trainer -   Epoch: 15, Loss: 0.74788, Val loss: 0.77596, Val Loss: 0.7760, Best val Loss: 0.6820, No improve: 3/25, Time: 15.0s
08/07/2026 14:17:34 - INFO - utils.trainer -   ***** Running evaluation on val dataset *****
08/07/2026 14:17:36 - INFO - utils.trainer -   Loss: 0.74499
08/07/2026 14:17:36 - INFO - utils.trainer -   AUC: 0.66122
08/07/2026 14:17:36 - INFO - utils.trainer -   Accuracy: 0.42982
08/07/2026 14:17:36 - INFO - utils.trainer -   Precision: 0.42982
08/07/2026 14:17:36 - INFO - utils.trainer -   Specificity: 0.00000
08/07/2026 14:17:36 - INFO - utils.trainer -   Sensitivity: 1.00000
08/07/2026 14:17:36 - INFO - utils.trainer -   Epoch: 16, Loss: 0.71972, Val loss: 0.74499, Val Loss: 0.7450, Best val Loss: 0.6820, No improve: 4/25, Time: 15.1s
08/07/2026 14:17:51 - INFO - utils.trainer -   ***** Running evaluation on val dataset *****
08/07/2026 14:17:53 - INFO - utils.trainer -   Loss: 0.73423
08/07/2026 14:17:53 - INFO - utils.trainer -   AUC: 0.65149
08/07/2026 14:17:53 - INFO - utils.trainer -   Accuracy: 0.42982
08/07/2026 14:17:53 - INFO - utils.trainer -   Precision: 0.42982
08/07/2026 14:17:53 - INFO - utils.trainer -   Specificity: 0.00000
08/07/2026 14:17:53 - INFO - utils.trainer -   Sensitivity: 1.00000
08/07/2026 14:17:53 - INFO - utils.trainer -   Epoch: 17, Loss: 0.74626, Val loss: 0.73423, Val Loss: 0.7342, Best val Loss: 0.6820, No improve: 5/25, Time: 15.0s
08/07/2026 14:18:08 - INFO - utils.trainer -   ***** Running evaluation on val dataset *****
08/07/2026 14:18:10 - INFO - utils.trainer -   Loss: 0.69729
08/07/2026 14:18:10 - INFO - utils.trainer -   AUC: 0.65777
08/07/2026 14:18:10 - INFO - utils.trainer -   Accuracy: 0.42982
08/07/2026 14:18:10 - INFO - utils.trainer -   Precision: 0.42982
08/07/2026 14:18:10 - INFO - utils.trainer -   Specificity: 0.00000
08/07/2026 14:18:10 - INFO - utils.trainer -   Sensitivity: 1.00000
08/07/2026 14:18:10 - INFO - utils.trainer -   Epoch: 18, Loss: 0.69501, Val loss: 0.69729, Val Loss: 0.6973, Best val Loss: 0.6820, No improve: 6/25, Time: 15.1s
08/07/2026 14:18:25 - INFO - utils.trainer -   ***** Running evaluation on val dataset *****
08/07/2026 14:18:26 - INFO - utils.trainer -   Loss: 0.72505
08/07/2026 14:18:26 - INFO - utils.trainer -   AUC: 0.65871
08/07/2026 14:18:26 - INFO - utils.trainer -   Accuracy: 0.42982
08/07/2026 14:18:26 - INFO - utils.trainer -   Precision: 0.42982
08/07/2026 14:18:26 - INFO - utils.trainer -   Specificity: 0.00000
08/07/2026 14:18:26 - INFO - utils.trainer -   Sensitivity: 1.00000
08/07/2026 14:18:26 - INFO - utils.trainer -   Epoch: 19, Loss: 0.68880, Val loss: 0.72505, Val Loss: 0.7251, Best val Loss: 0.6820, No improve: 7/25, Time: 15.0s
08/07/2026 14:18:41 - INFO - utils.trainer -   ***** Running evaluation on val dataset *****
08/07/2026 14:18:43 - INFO - utils.trainer -   Loss: 0.82095
08/07/2026 14:18:43 - INFO - utils.trainer -   AUC: 0.65181
08/07/2026 14:18:43 - INFO - utils.trainer -   Accuracy: 0.42982
08/07/2026 14:18:43 - INFO - utils.trainer -   Precision: 0.42982
08/07/2026 14:18:43 - INFO - utils.trainer -   Specificity: 0.00000
08/07/2026 14:18:43 - INFO - utils.trainer -   Sensitivity: 1.00000
08/07/2026 14:18:43 - INFO - utils.trainer -   Epoch: 20, Loss: 0.71204, Val loss: 0.82095, Val Loss: 0.8210, Best val Loss: 0.6820, No improve: 8/25, Time: 15.1s
08/07/2026 14:18:58 - INFO - utils.trainer -   ***** Running evaluation on val dataset *****
08/07/2026 14:19:00 - INFO - utils.trainer -   Loss: 0.67790
08/07/2026 14:19:00 - INFO - utils.trainer -   AUC: 0.64082
08/07/2026 14:19:00 - INFO - utils.trainer -   Accuracy: 0.57895
08/07/2026 14:19:00 - INFO - utils.trainer -   Precision: 0.50847
08/07/2026 14:19:00 - INFO - utils.trainer -   Specificity: 0.55385
08/07/2026 14:19:00 - INFO - utils.trainer -   Sensitivity: 0.61224
08/07/2026 14:19:01 - INFO - utils.trainer -   Model saved to output_dir/TimeLLM_DiseaseDS_train
08/07/2026 14:19:01 - INFO - utils.trainer -   Best model saved (val_Loss=0.6779)
08/07/2026 14:19:01 - INFO - utils.trainer -   Epoch: 21, Loss: 0.71324, Val loss: 0.67790, Val Loss: 0.6779, Best val Loss: 0.6779, No improve: 0/25, Time: 15.1s
08/07/2026 14:19:16 - INFO - utils.trainer -   ***** Running evaluation on val dataset *****
08/07/2026 14:19:17 - INFO - utils.trainer -   Loss: 0.72243
08/07/2026 14:19:17 - INFO - utils.trainer -   AUC: 0.62732
08/07/2026 14:19:17 - INFO - utils.trainer -   Accuracy: 0.45614
08/07/2026 14:19:17 - INFO - utils.trainer -   Precision: 0.43689
08/07/2026 14:19:17 - INFO - utils.trainer -   Specificity: 0.10769
08/07/2026 14:19:17 - INFO - utils.trainer -   Sensitivity: 0.91837
08/07/2026 14:19:17 - INFO - utils.trainer -   Epoch: 22, Loss: 0.70893, Val loss: 0.72243, Val Loss: 0.7224, Best val Loss: 0.6779, No improve: 1/25, Time: 15.1s
08/07/2026 14:19:32 - INFO - utils.trainer -   ***** Running evaluation on val dataset *****
08/07/2026 14:19:34 - INFO - utils.trainer -   Loss: 0.68345
08/07/2026 14:19:34 - INFO - utils.trainer -   AUC: 0.63987
08/07/2026 14:19:34 - INFO - utils.trainer -   Accuracy: 0.62281
08/07/2026 14:19:34 - INFO - utils.trainer -   Precision: 0.54545
08/07/2026 14:19:34 - INFO - utils.trainer -   Specificity: 0.53846
08/07/2026 14:19:34 - INFO - utils.trainer -   Sensitivity: 0.73469
08/07/2026 14:19:34 - INFO - utils.trainer -   Epoch: 23, Loss: 0.66285, Val loss: 0.68345, Val Loss: 0.6834, Best val Loss: 0.6779, No improve: 2/25, Time: 15.1s
08/07/2026 14:19:49 - INFO - utils.trainer -   ***** Running evaluation on val dataset *****
08/07/2026 14:19:51 - INFO - utils.trainer -   Loss: 0.67434
08/07/2026 14:19:51 - INFO - utils.trainer -   AUC: 0.64019
08/07/2026 14:19:51 - INFO - utils.trainer -   Accuracy: 0.63158
08/07/2026 14:19:51 - INFO - utils.trainer -   Precision: 0.59459
08/07/2026 14:19:51 - INFO - utils.trainer -   Specificity: 0.76923
08/07/2026 14:19:51 - INFO - utils.trainer -   Sensitivity: 0.44898
08/07/2026 14:19:52 - INFO - utils.trainer -   Model saved to output_dir/TimeLLM_DiseaseDS_train
08/07/2026 14:19:52 - INFO - utils.trainer -   Best model saved (val_Loss=0.6743)
08/07/2026 14:19:52 - INFO - utils.trainer -   Epoch: 24, Loss: 0.62050, Val loss: 0.67434, Val Loss: 0.6743, Best val Loss: 0.6743, No improve: 0/25, Time: 15.1s
08/07/2026 14:20:07 - INFO - utils.trainer -   ***** Running evaluation on val dataset *****
08/07/2026 14:20:08 - INFO - utils.trainer -   Loss: 0.67561
08/07/2026 14:20:08 - INFO - utils.trainer -   AUC: 0.68163
08/07/2026 14:20:08 - INFO - utils.trainer -   Accuracy: 0.60526
08/07/2026 14:20:08 - INFO - utils.trainer -   Precision: 0.58333
08/07/2026 14:20:08 - INFO - utils.trainer -   Specificity: 0.84615
08/07/2026 14:20:08 - INFO - utils.trainer -   Sensitivity: 0.28571
08/07/2026 14:20:10 - INFO - utils.trainer -   Model saved to output_dir/TimeLLM_DiseaseDS_train/checkpoint-epoch-25
08/07/2026 14:20:10 - INFO - utils.trainer -   Checkpoint saved at epoch 25
08/07/2026 14:20:10 - INFO - utils.trainer -   Epoch: 25, Loss: 0.72572, Val loss: 0.67561, Val Loss: 0.6756, Best val Loss: 0.6743, No improve: 1/25, Time: 15.1s
08/07/2026 14:20:25 - INFO - utils.trainer -   ***** Running evaluation on val dataset *****
08/07/2026 14:20:26 - INFO - utils.trainer -   Loss: 0.64770
08/07/2026 14:20:26 - INFO - utils.trainer -   AUC: 0.68603
08/07/2026 14:20:26 - INFO - utils.trainer -   Accuracy: 0.64035
08/07/2026 14:20:26 - INFO - utils.trainer -   Precision: 0.62500
08/07/2026 14:20:26 - INFO - utils.trainer -   Specificity: 0.81538
08/07/2026 14:20:26 - INFO - utils.trainer -   Sensitivity: 0.40816
08/07/2026 14:20:27 - INFO - utils.trainer -   Model saved to output_dir/TimeLLM_DiseaseDS_train
08/07/2026 14:20:27 - INFO - utils.trainer -   Best model saved (val_Loss=0.6477)
08/07/2026 14:20:27 - INFO - utils.trainer -   Epoch: 26, Loss: 0.59718, Val loss: 0.64770, Val Loss: 0.6477, Best val Loss: 0.6477, No improve: 0/25, Time: 15.2s
08/07/2026 14:20:42 - INFO - utils.trainer -   ***** Running evaluation on val dataset *****
08/07/2026 14:20:44 - INFO - utils.trainer -   Loss: 0.76474
08/07/2026 14:20:44 - INFO - utils.trainer -   AUC: 0.63862
08/07/2026 14:20:44 - INFO - utils.trainer -   Accuracy: 0.61404
08/07/2026 14:20:44 - INFO - utils.trainer -   Precision: 0.58621
08/07/2026 14:20:44 - INFO - utils.trainer -   Specificity: 0.81538
08/07/2026 14:20:44 - INFO - utils.trainer -   Sensitivity: 0.34694
08/07/2026 14:20:44 - INFO - utils.trainer -   Epoch: 27, Loss: 0.63685, Val loss: 0.76474, Val Loss: 0.7647, Best val Loss: 0.6477, No improve: 1/25, Time: 15.0s
08/07/2026 14:20:59 - INFO - utils.trainer -   ***** Running evaluation on val dataset *****
08/07/2026 14:21:01 - INFO - utils.trainer -   Loss: 0.72452
08/07/2026 14:21:01 - INFO - utils.trainer -   AUC: 0.63297
08/07/2026 14:21:01 - INFO - utils.trainer -   Accuracy: 0.65789
08/07/2026 14:21:01 - INFO - utils.trainer -   Precision: 0.60417
08/07/2026 14:21:01 - INFO - utils.trainer -   Specificity: 0.70769
08/07/2026 14:21:01 - INFO - utils.trainer -   Sensitivity: 0.59184
08/07/2026 14:21:01 - INFO - utils.trainer -   Epoch: 28, Loss: 0.57302, Val loss: 0.72452, Val Loss: 0.7245, Best val Loss: 0.6477, No improve: 2/25, Time: 15.1s
08/07/2026 14:21:16 - INFO - utils.trainer -   ***** Running evaluation on val dataset *****
08/07/2026 14:21:18 - INFO - utils.trainer -   Loss: 0.73200
08/07/2026 14:21:18 - INFO - utils.trainer -   AUC: 0.65965
08/07/2026 14:21:18 - INFO - utils.trainer -   Accuracy: 0.64035
08/07/2026 14:21:18 - INFO - utils.trainer -   Precision: 0.61765
08/07/2026 14:21:18 - INFO - utils.trainer -   Specificity: 0.80000
08/07/2026 14:21:18 - INFO - utils.trainer -   Sensitivity: 0.42857
08/07/2026 14:21:18 - INFO - utils.trainer -   Epoch: 29, Loss: 0.54991, Val loss: 0.73200, Val Loss: 0.7320, Best val Loss: 0.6477, No improve: 3/25, Time: 15.1s
08/07/2026 14:21:33 - INFO - utils.trainer -   ***** Running evaluation on val dataset *****
08/07/2026 14:21:34 - INFO - utils.trainer -   Loss: 0.77179
08/07/2026 14:21:34 - INFO - utils.trainer -   AUC: 0.66342
08/07/2026 14:21:34 - INFO - utils.trainer -   Accuracy: 0.57018
08/07/2026 14:21:34 - INFO - utils.trainer -   Precision: 0.50000
08/07/2026 14:21:34 - INFO - utils.trainer -   Specificity: 0.86154
08/07/2026 14:21:34 - INFO - utils.trainer -   Sensitivity: 0.18367
08/07/2026 14:21:34 - INFO - utils.trainer -   Epoch: 30, Loss: 0.52827, Val loss: 0.77179, Val Loss: 0.7718, Best val Loss: 0.6477, No improve: 4/25, Time: 15.1s
08/07/2026 14:21:49 - INFO - utils.trainer -   ***** Running evaluation on val dataset *****
08/07/2026 14:21:51 - INFO - utils.trainer -   Loss: 0.84039
08/07/2026 14:21:51 - INFO - utils.trainer -   AUC: 0.64458
08/07/2026 14:21:51 - INFO - utils.trainer -   Accuracy: 0.59649
08/07/2026 14:21:51 - INFO - utils.trainer -   Precision: 0.52055
08/07/2026 14:21:51 - INFO - utils.trainer -   Specificity: 0.46154
08/07/2026 14:21:51 - INFO - utils.trainer -   Sensitivity: 0.77551
08/07/2026 14:21:51 - INFO - utils.trainer -   Epoch: 31, Loss: 0.55161, Val loss: 0.84039, Val Loss: 0.8404, Best val Loss: 0.6477, No improve: 5/25, Time: 15.1s
08/07/2026 14:22:06 - INFO - utils.trainer -   ***** Running evaluation on val dataset *****
08/07/2026 14:22:08 - INFO - utils.trainer -   Loss: 0.79919
08/07/2026 14:22:08 - INFO - utils.trainer -   AUC: 0.64772
08/07/2026 14:22:08 - INFO - utils.trainer -   Accuracy: 0.65789
08/07/2026 14:22:08 - INFO - utils.trainer -   Precision: 0.60870
08/07/2026 14:22:08 - INFO - utils.trainer -   Specificity: 0.72308
08/07/2026 14:22:08 - INFO - utils.trainer -   Sensitivity: 0.57143
08/07/2026 14:22:08 - INFO - utils.trainer -   Epoch: 32, Loss: 0.49521, Val loss: 0.79919, Val Loss: 0.7992, Best val Loss: 0.6477, No improve: 6/25, Time: 15.1s
08/07/2026 14:22:23 - INFO - utils.trainer -   ***** Running evaluation on val dataset *****
08/07/2026 14:22:25 - INFO - utils.trainer -   Loss: 0.79663
08/07/2026 14:22:25 - INFO - utils.trainer -   AUC: 0.65400
08/07/2026 14:22:25 - INFO - utils.trainer -   Accuracy: 0.68421
08/07/2026 14:22:25 - INFO - utils.trainer -   Precision: 0.61818
08/07/2026 14:22:25 - INFO - utils.trainer -   Specificity: 0.67692
08/07/2026 14:22:25 - INFO - utils.trainer -   Sensitivity: 0.69388
08/07/2026 14:22:25 - INFO - utils.trainer -   Epoch: 33, Loss: 0.51228, Val loss: 0.79663, Val Loss: 0.7966, Best val Loss: 0.6477, No improve: 7/25, Time: 15.1s
08/07/2026 14:22:40 - INFO - utils.trainer -   ***** Running evaluation on val dataset *****
08/07/2026 14:22:41 - INFO - utils.trainer -   Loss: 0.84823
08/07/2026 14:22:41 - INFO - utils.trainer -   AUC: 0.65369
08/07/2026 14:22:41 - INFO - utils.trainer -   Accuracy: 0.62281
08/07/2026 14:22:41 - INFO - utils.trainer -   Precision: 0.59375
08/07/2026 14:22:41 - INFO - utils.trainer -   Specificity: 0.80000
08/07/2026 14:22:41 - INFO - utils.trainer -   Sensitivity: 0.38776
08/07/2026 14:22:41 - INFO - utils.trainer -   Epoch: 34, Loss: 0.45955, Val loss: 0.84823, Val Loss: 0.8482, Best val Loss: 0.6477, No improve: 8/25, Time: 15.1s
08/07/2026 14:22:56 - INFO - utils.trainer -   ***** Running evaluation on val dataset *****
08/07/2026 14:22:58 - INFO - utils.trainer -   Loss: 0.83230
08/07/2026 14:22:58 - INFO - utils.trainer -   AUC: 0.64176
08/07/2026 14:22:58 - INFO - utils.trainer -   Accuracy: 0.64035
08/07/2026 14:22:58 - INFO - utils.trainer -   Precision: 0.58333
08/07/2026 14:22:58 - INFO - utils.trainer -   Specificity: 0.69231
08/07/2026 14:22:58 - INFO - utils.trainer -   Sensitivity: 0.57143
08/07/2026 14:22:58 - INFO - utils.trainer -   Epoch: 35, Loss: 0.41891, Val loss: 0.83230, Val Loss: 0.8323, Best val Loss: 0.6477, No improve: 9/25, Time: 15.0s
08/07/2026 14:23:13 - INFO - utils.trainer -   ***** Running evaluation on val dataset *****
08/07/2026 14:23:15 - INFO - utils.trainer -   Loss: 0.86532
08/07/2026 14:23:15 - INFO - utils.trainer -   AUC: 0.65714
08/07/2026 14:23:15 - INFO - utils.trainer -   Accuracy: 0.64912
08/07/2026 14:23:15 - INFO - utils.trainer -   Precision: 0.60465
08/07/2026 14:23:15 - INFO - utils.trainer -   Specificity: 0.73846
08/07/2026 14:23:15 - INFO - utils.trainer -   Sensitivity: 0.53061
08/07/2026 14:23:15 - INFO - utils.trainer -   Epoch: 36, Loss: 0.43849, Val loss: 0.86532, Val Loss: 0.8653, Best val Loss: 0.6477, No improve: 10/25, Time: 15.0s
08/07/2026 14:23:30 - INFO - utils.trainer -   ***** Running evaluation on val dataset *****
08/07/2026 14:23:31 - INFO - utils.trainer -   Loss: 0.91809
08/07/2026 14:23:31 - INFO - utils.trainer -   AUC: 0.65463
08/07/2026 14:23:31 - INFO - utils.trainer -   Accuracy: 0.66667
08/07/2026 14:23:31 - INFO - utils.trainer -   Precision: 0.59649
08/07/2026 14:23:31 - INFO - utils.trainer -   Specificity: 0.64615
08/07/2026 14:23:31 - INFO - utils.trainer -   Sensitivity: 0.69388
08/07/2026 14:23:31 - INFO - utils.trainer -   Epoch: 37, Loss: 0.46606, Val loss: 0.91809, Val Loss: 0.9181, Best val Loss: 0.6477, No improve: 11/25, Time: 15.1s
08/07/2026 14:23:47 - INFO - utils.trainer -   ***** Running evaluation on val dataset *****
08/07/2026 14:23:48 - INFO - utils.trainer -   Loss: 0.97635
08/07/2026 14:23:48 - INFO - utils.trainer -   AUC: 0.65118
08/07/2026 14:23:48 - INFO - utils.trainer -   Accuracy: 0.63158
08/07/2026 14:23:48 - INFO - utils.trainer -   Precision: 0.55932
08/07/2026 14:23:48 - INFO - utils.trainer -   Specificity: 0.60000
08/07/2026 14:23:48 - INFO - utils.trainer -   Sensitivity: 0.67347
08/07/2026 14:23:48 - INFO - utils.trainer -   Epoch: 38, Loss: 0.43008, Val loss: 0.97635, Val Loss: 0.9763, Best val Loss: 0.6477, No improve: 12/25, Time: 15.0s
08/07/2026 14:24:03 - INFO - utils.trainer -   ***** Running evaluation on val dataset *****
08/07/2026 14:24:05 - INFO - utils.trainer -   Loss: 0.99671
08/07/2026 14:24:05 - INFO - utils.trainer -   AUC: 0.64239
08/07/2026 14:24:05 - INFO - utils.trainer -   Accuracy: 0.61404
08/07/2026 14:24:05 - INFO - utils.trainer -   Precision: 0.55556
08/07/2026 14:24:05 - INFO - utils.trainer -   Specificity: 0.69231
08/07/2026 14:24:05 - INFO - utils.trainer -   Sensitivity: 0.51020
08/07/2026 14:24:05 - INFO - utils.trainer -   Epoch: 39, Loss: 0.38136, Val loss: 0.99671, Val Loss: 0.9967, Best val Loss: 0.6477, No improve: 13/25, Time: 15.0s
08/07/2026 14:24:20 - INFO - utils.trainer -   ***** Running evaluation on val dataset *****
08/07/2026 14:24:22 - INFO - utils.trainer -   Loss: 1.06346
08/07/2026 14:24:22 - INFO - utils.trainer -   AUC: 0.63799
08/07/2026 14:24:22 - INFO - utils.trainer -   Accuracy: 0.63158
08/07/2026 14:24:22 - INFO - utils.trainer -   Precision: 0.60606
08/07/2026 14:24:22 - INFO - utils.trainer -   Specificity: 0.80000
08/07/2026 14:24:22 - INFO - utils.trainer -   Sensitivity: 0.40816
08/07/2026 14:24:22 - INFO - utils.trainer -   Epoch: 40, Loss: 0.35623, Val loss: 1.06346, Val Loss: 1.0635, Best val Loss: 0.6477, No improve: 14/25, Time: 15.1s
08/07/2026 14:24:37 - INFO - utils.trainer -   ***** Running evaluation on val dataset *****
08/07/2026 14:24:38 - INFO - utils.trainer -   Loss: 1.01284
08/07/2026 14:24:38 - INFO - utils.trainer -   AUC: 0.65777
08/07/2026 14:24:38 - INFO - utils.trainer -   Accuracy: 0.62281
08/07/2026 14:24:38 - INFO - utils.trainer -   Precision: 0.56818
08/07/2026 14:24:38 - INFO - utils.trainer -   Specificity: 0.70769
08/07/2026 14:24:38 - INFO - utils.trainer -   Sensitivity: 0.51020
08/07/2026 14:24:38 - INFO - utils.trainer -   Epoch: 41, Loss: 0.45879, Val loss: 1.01284, Val Loss: 1.0128, Best val Loss: 0.6477, No improve: 15/25, Time: 15.1s
08/07/2026 14:24:53 - INFO - utils.trainer -   ***** Running evaluation on val dataset *****
08/07/2026 14:24:55 - INFO - utils.trainer -   Loss: 1.02723
08/07/2026 14:24:55 - INFO - utils.trainer -   AUC: 0.64867
08/07/2026 14:24:55 - INFO - utils.trainer -   Accuracy: 0.64035
08/07/2026 14:24:55 - INFO - utils.trainer -   Precision: 0.58000
08/07/2026 14:24:55 - INFO - utils.trainer -   Specificity: 0.67692
08/07/2026 14:24:55 - INFO - utils.trainer -   Sensitivity: 0.59184
08/07/2026 14:24:55 - INFO - utils.trainer -   Epoch: 42, Loss: 0.35423, Val loss: 1.02723, Val Loss: 1.0272, Best val Loss: 0.6477, No improve: 16/25, Time: 15.0s
08/07/2026 14:25:10 - INFO - utils.trainer -   ***** Running evaluation on val dataset *****
08/07/2026 14:25:12 - INFO - utils.trainer -   Loss: 1.03609
08/07/2026 14:25:12 - INFO - utils.trainer -   AUC: 0.64741
08/07/2026 14:25:12 - INFO - utils.trainer -   Accuracy: 0.62281
08/07/2026 14:25:12 - INFO - utils.trainer -   Precision: 0.56818
08/07/2026 14:25:12 - INFO - utils.trainer -   Specificity: 0.70769
08/07/2026 14:25:12 - INFO - utils.trainer -   Sensitivity: 0.51020
08/07/2026 14:25:12 - INFO - utils.trainer -   Epoch: 43, Loss: 0.43136, Val loss: 1.03609, Val Loss: 1.0361, Best val Loss: 0.6477, No improve: 17/25, Time: 15.0s
08/07/2026 14:25:27 - INFO - utils.trainer -   ***** Running evaluation on val dataset *****
08/07/2026 14:25:29 - INFO - utils.trainer -   Loss: 1.28205
08/07/2026 14:25:29 - INFO - utils.trainer -   AUC: 0.64427
08/07/2026 14:25:29 - INFO - utils.trainer -   Accuracy: 0.60526
08/07/2026 14:25:29 - INFO - utils.trainer -   Precision: 0.55263
08/07/2026 14:25:29 - INFO - utils.trainer -   Specificity: 0.73846
08/07/2026 14:25:29 - INFO - utils.trainer -   Sensitivity: 0.42857
08/07/2026 14:25:29 - INFO - utils.trainer -   Epoch: 44, Loss: 0.28297, Val loss: 1.28205, Val Loss: 1.2820, Best val Loss: 0.6477, No improve: 18/25, Time: 15.0s
08/07/2026 14:25:44 - INFO - utils.trainer -   ***** Running evaluation on val dataset *****
08/07/2026 14:25:46 - INFO - utils.trainer -   Loss: 1.21491
08/07/2026 14:25:46 - INFO - utils.trainer -   AUC: 0.64082
08/07/2026 14:25:46 - INFO - utils.trainer -   Accuracy: 0.64912
08/07/2026 14:25:46 - INFO - utils.trainer -   Precision: 0.58182
08/07/2026 14:25:46 - INFO - utils.trainer -   Specificity: 0.64615
08/07/2026 14:25:46 - INFO - utils.trainer -   Sensitivity: 0.65306
08/07/2026 14:25:46 - INFO - utils.trainer -   Epoch: 45, Loss: 0.31889, Val loss: 1.21491, Val Loss: 1.2149, Best val Loss: 0.6477, No improve: 19/25, Time: 15.9s
08/07/2026 14:26:01 - INFO - utils.trainer -   ***** Running evaluation on val dataset *****
08/07/2026 14:26:03 - INFO - utils.trainer -   Loss: 1.26416
08/07/2026 14:26:03 - INFO - utils.trainer -   AUC: 0.62449
08/07/2026 14:26:03 - INFO - utils.trainer -   Accuracy: 0.62281
08/07/2026 14:26:03 - INFO - utils.trainer -   Precision: 0.54839
08/07/2026 14:26:03 - INFO - utils.trainer -   Specificity: 0.56923
08/07/2026 14:26:03 - INFO - utils.trainer -   Sensitivity: 0.69388
08/07/2026 14:26:03 - INFO - utils.trainer -   Epoch: 46, Loss: 0.26620, Val loss: 1.26416, Val Loss: 1.2642, Best val Loss: 0.6477, No improve: 20/25, Time: 15.0s
08/07/2026 14:26:18 - INFO - utils.trainer -   ***** Running evaluation on val dataset *****
08/07/2026 14:26:20 - INFO - utils.trainer -   Loss: 1.24098
08/07/2026 14:26:20 - INFO - utils.trainer -   AUC: 0.64835
08/07/2026 14:26:20 - INFO - utils.trainer -   Accuracy: 0.62281
08/07/2026 14:26:20 - INFO - utils.trainer -   Precision: 0.55172
08/07/2026 14:26:20 - INFO - utils.trainer -   Specificity: 0.60000
08/07/2026 14:26:20 - INFO - utils.trainer -   Sensitivity: 0.65306
08/07/2026 14:26:20 - INFO - utils.trainer -   Epoch: 47, Loss: 0.27397, Val loss: 1.24098, Val Loss: 1.2410, Best val Loss: 0.6477, No improve: 21/25, Time: 15.0s
08/07/2026 14:26:35 - INFO - utils.trainer -   ***** Running evaluation on val dataset *****
08/07/2026 14:26:37 - INFO - utils.trainer -   Loss: 1.32954
08/07/2026 14:26:37 - INFO - utils.trainer -   AUC: 0.64113
08/07/2026 14:26:37 - INFO - utils.trainer -   Accuracy: 0.62281
08/07/2026 14:26:37 - INFO - utils.trainer -   Precision: 0.55769
08/07/2026 14:26:37 - INFO - utils.trainer -   Specificity: 0.64615
08/07/2026 14:26:37 - INFO - utils.trainer -   Sensitivity: 0.59184
08/07/2026 14:26:37 - INFO - utils.trainer -   Epoch: 48, Loss: 0.22320, Val loss: 1.32954, Val Loss: 1.3295, Best val Loss: 0.6477, No improve: 22/25, Time: 15.0s
08/07/2026 14:26:52 - INFO - utils.trainer -   ***** Running evaluation on val dataset *****
08/07/2026 14:26:53 - INFO - utils.trainer -   Loss: 1.44652
08/07/2026 14:26:53 - INFO - utils.trainer -   AUC: 0.63171
08/07/2026 14:26:53 - INFO - utils.trainer -   Accuracy: 0.60526
08/07/2026 14:26:53 - INFO - utils.trainer -   Precision: 0.55000
08/07/2026 14:26:53 - INFO - utils.trainer -   Specificity: 0.72308
08/07/2026 14:26:53 - INFO - utils.trainer -   Sensitivity: 0.44898
08/07/2026 14:26:53 - INFO - utils.trainer -   Epoch: 49, Loss: 0.25042, Val loss: 1.44652, Val Loss: 1.4465, Best val Loss: 0.6477, No improve: 23/25, Time: 15.1s
08/07/2026 14:27:08 - INFO - utils.trainer -   ***** Running evaluation on val dataset *****
08/07/2026 14:27:10 - INFO - utils.trainer -   Loss: 1.58883
08/07/2026 14:27:10 - INFO - utils.trainer -   AUC: 0.62700
08/07/2026 14:27:10 - INFO - utils.trainer -   Accuracy: 0.62281
08/07/2026 14:27:10 - INFO - utils.trainer -   Precision: 0.57500
08/07/2026 14:27:10 - INFO - utils.trainer -   Specificity: 0.73846
08/07/2026 14:27:10 - INFO - utils.trainer -   Sensitivity: 0.46939
08/07/2026 14:27:11 - INFO - utils.trainer -   Model saved to output_dir/TimeLLM_DiseaseDS_train/checkpoint-epoch-50
08/07/2026 14:27:11 - INFO - utils.trainer -   Checkpoint saved at epoch 50
08/07/2026 14:27:11 - INFO - utils.trainer -   Epoch: 50, Loss: 0.13660, Val loss: 1.58883, Val Loss: 1.5888, Best val Loss: 0.6477, No improve: 24/25, Time: 15.0s
08/07/2026 14:27:26 - INFO - utils.trainer -   ***** Running evaluation on val dataset *****
08/07/2026 14:27:28 - INFO - utils.trainer -   Loss: 1.51527
08/07/2026 14:27:28 - INFO - utils.trainer -   AUC: 0.61476
08/07/2026 14:27:28 - INFO - utils.trainer -   Accuracy: 0.59649
08/07/2026 14:27:28 - INFO - utils.trainer -   Precision: 0.52632
08/07/2026 14:27:28 - INFO - utils.trainer -   Specificity: 0.58462
08/07/2026 14:27:28 - INFO - utils.trainer -   Sensitivity: 0.61224
08/07/2026 14:27:28 - INFO - utils.trainer -   Epoch: 51, Loss: 0.18154, Val loss: 1.51527, Val Loss: 1.5153, Best val Loss: 0.6477, No improve: 25/25, Time: 15.1s
08/07/2026 14:27:28 - INFO - utils.trainer -   Early stopping triggered at epoch 51
08/07/2026 14:27:28 - INFO - utils.trainer -   Early stopping triggered at epoch 51
08/07/2026 14:27:28 - INFO - utils.trainer -   Early stopping triggered at epoch 51
08/07/2026 14:27:28 - INFO - utils.trainer -   Early stopping triggered at epoch 51
08/07/2026 14:27:28 - INFO - utils.trainer -   Early stopping triggered at epoch 51
08/07/2026 14:27:28 - INFO - utils.trainer -   Early stopping triggered at epoch 51
08/07/2026 14:27:28 - INFO - utils.trainer -     2 prompt-buffer key(s) skipped (kept target-dataset prompt)
08/07/2026 14:27:28 - INFO - utils.trainer -     582 keys not in checkpoint (kept from init)
08/07/2026 14:27:28 - INFO - utils.trainer -   Model loaded from output_dir/TimeLLM_DiseaseDS_train/TimeLLM-0.bin (21/23 keys)
08/07/2026 14:27:28 - INFO - utils.trainer -   ***** Running evaluation on test dataset *****
08/07/2026 14:27:28 - INFO - utils.trainer -     2 prompt-buffer key(s) skipped (kept target-dataset prompt)
08/07/2026 14:27:28 - INFO - utils.trainer -     582 keys not in checkpoint (kept from init)
08/07/2026 14:27:28 - INFO - utils.trainer -   Model loaded from output_dir/TimeLLM_DiseaseDS_train/TimeLLM-0.bin (21/23 keys)
08/07/2026 14:27:28 - INFO - utils.trainer -     2 prompt-buffer key(s) skipped (kept target-dataset prompt)
08/07/2026 14:27:28 - INFO - utils.trainer -     582 keys not in checkpoint (kept from init)
08/07/2026 14:27:28 - INFO - utils.trainer -   Model loaded from output_dir/TimeLLM_DiseaseDS_train/TimeLLM-0.bin (21/23 keys)
08/07/2026 14:27:28 - INFO - utils.trainer -     2 prompt-buffer key(s) skipped (kept target-dataset prompt)
08/07/2026 14:27:28 - INFO - utils.trainer -     582 keys not in checkpoint (kept from init)
08/07/2026 14:27:28 - INFO - utils.trainer -   Model loaded from output_dir/TimeLLM_DiseaseDS_train/TimeLLM-0.bin (21/23 keys)
08/07/2026 14:27:28 - INFO - utils.trainer -     2 prompt-buffer key(s) skipped (kept target-dataset prompt)
08/07/2026 14:27:28 - INFO - utils.trainer -     582 keys not in checkpoint (kept from init)
08/07/2026 14:27:28 - INFO - utils.trainer -   Model loaded from output_dir/TimeLLM_DiseaseDS_train/TimeLLM-0.bin (21/23 keys)
08/07/2026 14:27:28 - INFO - utils.trainer -     2 prompt-buffer key(s) skipped (kept target-dataset prompt)
08/07/2026 14:27:28 - INFO - utils.trainer -     582 keys not in checkpoint (kept from init)
08/07/2026 14:27:28 - INFO - utils.trainer -   Model loaded from output_dir/TimeLLM_DiseaseDS_train/TimeLLM-0.bin (21/23 keys)
08/07/2026 14:27:30 - INFO - utils.trainer -   Loss: 0.73578
08/07/2026 14:27:30 - INFO - utils.trainer -   AUC: 0.55627
08/07/2026 14:27:30 - INFO - utils.trainer -   Accuracy: 0.43939
08/07/2026 14:27:30 - INFO - utils.trainer -   Precision: 0.61111
08/07/2026 14:27:30 - INFO - utils.trainer -   Specificity: 0.87037
08/07/2026 14:27:30 - INFO - utils.trainer -   Sensitivity: 0.14103
08/07/2026 14:27:30 - INFO - utils.trainer -   === Best epoch test result ===
08/07/2026 14:27:30 - INFO - utils.trainer -     Loss: 0.73578
08/07/2026 14:27:30 - INFO - utils.trainer -     AUC: 0.55627
08/07/2026 14:27:30 - INFO - utils.trainer -     Accuracy: 0.43939
08/07/2026 14:27:30 - INFO - utils.trainer -     Precision: 0.61111
08/07/2026 14:27:30 - INFO - utils.trainer -     Specificity: 0.87037
08/07/2026 14:27:30 - INFO - utils.trainer -     Sensitivity: 0.14103
08/07/2026 14:27:31 - INFO - utils.trainer -   Model saved to output_dir/TimeLLM_DiseaseDS_train/final-epoch-200
08/07/2026 14:27:31 - INFO - utils.trainer -   Final model saved at epoch 200
