08/01/2026 22:20:01 - INFO - __main__ -   ########## Repeat:0 ##########
08/01/2026 22:20:01 - INFO - utils.trainer -   ***** Running training *****
08/01/2026 22:20:01 - INFO - utils.trainer -     Num examples = 48
08/01/2026 22:20:01 - INFO - utils.trainer -     Num Epochs = 200
08/01/2026 22:20:01 - INFO - utils.trainer -     Total train batch size = 3
08/01/2026 22:20:01 - INFO - utils.trainer -     warmup steps = 400
08/01/2026 22:20:01 - INFO - utils.trainer -     Total optimization steps = 9600
08/01/2026 22:20:01 - INFO - utils.trainer -     Save steps = 25
08/01/2026 22:20:23 - INFO - utils.trainer -   ***** Running evaluation on val dataset *****
08/01/2026 22:20:26 - INFO - utils.trainer -   Loss: 0.69582
08/01/2026 22:20:26 - INFO - utils.trainer -   AUC: 0.50370
08/01/2026 22:20:26 - INFO - utils.trainer -   Accuracy: 0.49479
08/01/2026 22:20:26 - INFO - utils.trainer -   Precision: 0.66667
08/01/2026 22:20:26 - INFO - utils.trainer -   Specificity: 0.94444
08/01/2026 22:20:26 - INFO - utils.trainer -   Sensitivity: 0.09804
08/01/2026 22:20:27 - INFO - utils.trainer -   Model saved to output_dir/TimeLLM_Beirut_train
08/01/2026 22:20:27 - INFO - utils.trainer -   Best model saved (val_AUC=0.5037)
08/01/2026 22:20:27 - INFO - utils.trainer -   Epoch: 1, Loss: 1.01883, Val loss: 0.69582, Val AUC: 0.5037, Best val AUC: 0.5037, No improve: 0/10, Time: 22.1s
08/01/2026 22:20:49 - INFO - utils.trainer -   ***** Running evaluation on val dataset *****
08/01/2026 22:20:51 - INFO - utils.trainer -   Loss: 0.68791
08/01/2026 22:20:51 - INFO - utils.trainer -   AUC: 0.57102
08/01/2026 22:20:51 - INFO - utils.trainer -   Accuracy: 0.53646
08/01/2026 22:20:51 - INFO - utils.trainer -   Precision: 0.54610
08/01/2026 22:20:51 - INFO - utils.trainer -   Specificity: 0.28889
08/01/2026 22:20:51 - INFO - utils.trainer -   Sensitivity: 0.75490
08/01/2026 22:20:52 - INFO - utils.trainer -   Model saved to output_dir/TimeLLM_Beirut_train
08/01/2026 22:20:52 - INFO - utils.trainer -   Best model saved (val_AUC=0.5710)
08/01/2026 22:20:52 - INFO - utils.trainer -   Epoch: 2, Loss: 0.79158, Val loss: 0.68791, Val AUC: 0.5710, Best val AUC: 0.5710, No improve: 0/10, Time: 21.7s
08/01/2026 22:21:14 - INFO - utils.trainer -   ***** Running evaluation on val dataset *****
08/01/2026 22:21:16 - INFO - utils.trainer -   Loss: 0.75524
08/01/2026 22:21:16 - INFO - utils.trainer -   AUC: 0.50632
08/01/2026 22:21:16 - INFO - utils.trainer -   Accuracy: 0.46875
08/01/2026 22:21:16 - INFO - utils.trainer -   Precision: 0.00000
08/01/2026 22:21:16 - INFO - utils.trainer -   Specificity: 1.00000
08/01/2026 22:21:16 - INFO - utils.trainer -   Sensitivity: 0.00000
08/01/2026 22:21:16 - INFO - utils.trainer -   Epoch: 3, Loss: 0.77572, Val loss: 0.75524, Val AUC: 0.5063, Best val AUC: 0.5710, No improve: 1/10, Time: 21.8s
08/01/2026 22:21:38 - INFO - utils.trainer -   ***** Running evaluation on val dataset *****
08/01/2026 22:21:41 - INFO - utils.trainer -   Loss: 0.72879
08/01/2026 22:21:41 - INFO - utils.trainer -   AUC: 0.48301
08/01/2026 22:21:41 - INFO - utils.trainer -   Accuracy: 0.53125
08/01/2026 22:21:41 - INFO - utils.trainer -   Precision: 0.53125
08/01/2026 22:21:41 - INFO - utils.trainer -   Specificity: 0.00000
08/01/2026 22:21:41 - INFO - utils.trainer -   Sensitivity: 1.00000
08/01/2026 22:21:41 - INFO - utils.trainer -   Epoch: 4, Loss: 0.81662, Val loss: 0.72879, Val AUC: 0.4830, Best val AUC: 0.5710, No improve: 2/10, Time: 21.7s
08/01/2026 22:22:02 - INFO - utils.trainer -   ***** Running evaluation on val dataset *****
08/01/2026 22:22:05 - INFO - utils.trainer -   Loss: 0.73855
08/01/2026 22:22:05 - INFO - utils.trainer -   AUC: 0.52865
08/01/2026 22:22:05 - INFO - utils.trainer -   Accuracy: 0.53125
08/01/2026 22:22:05 - INFO - utils.trainer -   Precision: 0.53125
08/01/2026 22:22:05 - INFO - utils.trainer -   Specificity: 0.00000
08/01/2026 22:22:05 - INFO - utils.trainer -   Sensitivity: 1.00000
08/01/2026 22:22:05 - INFO - utils.trainer -   Epoch: 5, Loss: 0.84320, Val loss: 0.73855, Val AUC: 0.5286, Best val AUC: 0.5710, No improve: 3/10, Time: 21.8s
08/01/2026 22:22:27 - INFO - utils.trainer -   ***** Running evaluation on val dataset *****
08/01/2026 22:22:29 - INFO - utils.trainer -   Loss: 0.70914
08/01/2026 22:22:29 - INFO - utils.trainer -   AUC: 0.46492
08/01/2026 22:22:29 - INFO - utils.trainer -   Accuracy: 0.46875
08/01/2026 22:22:29 - INFO - utils.trainer -   Precision: 0.00000
08/01/2026 22:22:29 - INFO - utils.trainer -   Specificity: 1.00000
08/01/2026 22:22:29 - INFO - utils.trainer -   Sensitivity: 0.00000
08/01/2026 22:22:29 - INFO - utils.trainer -   Epoch: 6, Loss: 0.80485, Val loss: 0.70914, Val AUC: 0.4649, Best val AUC: 0.5710, No improve: 4/10, Time: 21.7s
08/01/2026 22:22:51 - INFO - utils.trainer -   ***** Running evaluation on val dataset *****
08/01/2026 22:22:54 - INFO - utils.trainer -   Loss: 0.69930
08/01/2026 22:22:54 - INFO - utils.trainer -   AUC: 0.49804
08/01/2026 22:22:54 - INFO - utils.trainer -   Accuracy: 0.54167
08/01/2026 22:22:54 - INFO - utils.trainer -   Precision: 0.63462
08/01/2026 22:22:54 - INFO - utils.trainer -   Specificity: 0.78889
08/01/2026 22:22:54 - INFO - utils.trainer -   Sensitivity: 0.32353
08/01/2026 22:22:54 - INFO - utils.trainer -   Epoch: 7, Loss: 0.81825, Val loss: 0.69930, Val AUC: 0.4980, Best val AUC: 0.5710, No improve: 5/10, Time: 21.8s
08/01/2026 22:23:15 - INFO - utils.trainer -   ***** Running evaluation on val dataset *****
08/01/2026 22:23:18 - INFO - utils.trainer -   Loss: 0.75303
08/01/2026 22:23:18 - INFO - utils.trainer -   AUC: 0.50959
08/01/2026 22:23:18 - INFO - utils.trainer -   Accuracy: 0.46875
08/01/2026 22:23:18 - INFO - utils.trainer -   Precision: 0.00000
08/01/2026 22:23:18 - INFO - utils.trainer -   Specificity: 1.00000
08/01/2026 22:23:18 - INFO - utils.trainer -   Sensitivity: 0.00000
08/01/2026 22:23:18 - INFO - utils.trainer -   Epoch: 8, Loss: 0.76239, Val loss: 0.75303, Val AUC: 0.5096, Best val AUC: 0.5710, No improve: 6/10, Time: 21.7s
08/01/2026 22:23:40 - INFO - utils.trainer -   ***** Running evaluation on val dataset *****
08/01/2026 22:23:42 - INFO - utils.trainer -   Loss: 0.72210
08/01/2026 22:23:42 - INFO - utils.trainer -   AUC: 0.49325
08/01/2026 22:23:42 - INFO - utils.trainer -   Accuracy: 0.46875
08/01/2026 22:23:42 - INFO - utils.trainer -   Precision: 0.00000
08/01/2026 22:23:42 - INFO - utils.trainer -   Specificity: 1.00000
08/01/2026 22:23:42 - INFO - utils.trainer -   Sensitivity: 0.00000
08/01/2026 22:23:42 - INFO - utils.trainer -   Epoch: 9, Loss: 0.73895, Val loss: 0.72210, Val AUC: 0.4932, Best val AUC: 0.5710, No improve: 7/10, Time: 21.7s
08/01/2026 22:24:04 - INFO - utils.trainer -   ***** Running evaluation on val dataset *****
08/01/2026 22:24:06 - INFO - utils.trainer -   Loss: 0.77202
08/01/2026 22:24:06 - INFO - utils.trainer -   AUC: 0.46710
08/01/2026 22:24:06 - INFO - utils.trainer -   Accuracy: 0.46875
08/01/2026 22:24:06 - INFO - utils.trainer -   Precision: 0.00000
08/01/2026 22:24:06 - INFO - utils.trainer -   Specificity: 1.00000
08/01/2026 22:24:06 - INFO - utils.trainer -   Sensitivity: 0.00000
08/01/2026 22:24:06 - INFO - utils.trainer -   Epoch: 10, Loss: 0.72159, Val loss: 0.77202, Val AUC: 0.4671, Best val AUC: 0.5710, No improve: 8/10, Time: 21.7s
08/01/2026 22:24:28 - INFO - utils.trainer -   ***** Running evaluation on val dataset *****
08/01/2026 22:24:31 - INFO - utils.trainer -   Loss: 0.69442
08/01/2026 22:24:31 - INFO - utils.trainer -   AUC: 0.52734
08/01/2026 22:24:31 - INFO - utils.trainer -   Accuracy: 0.53125
08/01/2026 22:24:31 - INFO - utils.trainer -   Precision: 0.53125
08/01/2026 22:24:31 - INFO - utils.trainer -   Specificity: 0.00000
08/01/2026 22:24:31 - INFO - utils.trainer -   Sensitivity: 1.00000
08/01/2026 22:24:31 - INFO - utils.trainer -   Epoch: 11, Loss: 0.75338, Val loss: 0.69442, Val AUC: 0.5273, Best val AUC: 0.5710, No improve: 9/10, Time: 21.8s
08/01/2026 22:24:53 - INFO - utils.trainer -   ***** Running evaluation on val dataset *****
08/01/2026 22:24:55 - INFO - utils.trainer -   Loss: 0.75108
08/01/2026 22:24:55 - INFO - utils.trainer -   AUC: 0.55381
08/01/2026 22:24:55 - INFO - utils.trainer -   Accuracy: 0.46875
08/01/2026 22:24:55 - INFO - utils.trainer -   Precision: 0.00000
08/01/2026 22:24:55 - INFO - utils.trainer -   Specificity: 1.00000
08/01/2026 22:24:55 - INFO - utils.trainer -   Sensitivity: 0.00000
08/01/2026 22:24:55 - INFO - utils.trainer -   Epoch: 12, Loss: 0.72120, Val loss: 0.75108, Val AUC: 0.5538, Best val AUC: 0.5710, No improve: 10/10, Time: 21.8s
08/01/2026 22:24:55 - INFO - utils.trainer -   Early stopping triggered at epoch 12
08/01/2026 22:24:55 - INFO - utils.trainer -   Early stopping triggered at epoch 12
08/01/2026 22:24:55 - INFO - utils.trainer -   Early stopping triggered at epoch 12
08/01/2026 22:24:55 - INFO - utils.trainer -   Early stopping triggered at epoch 12
08/01/2026 22:24:55 - INFO - utils.trainer -   Early stopping triggered at epoch 12
08/01/2026 22:24:55 - INFO - utils.trainer -   Early stopping triggered at epoch 12
08/01/2026 22:24:55 - INFO - utils.trainer -     582 keys not in checkpoint (kept from init)
08/01/2026 22:24:55 - INFO - utils.trainer -   Model loaded from output_dir/TimeLLM_Beirut_train/TimeLLM-0.bin (22/22 keys)
08/01/2026 22:24:55 - INFO - utils.trainer -   ***** Running evaluation on test dataset *****
08/01/2026 22:24:55 - INFO - utils.trainer -     582 keys not in checkpoint (kept from init)
08/01/2026 22:24:55 - INFO - utils.trainer -   Model loaded from output_dir/TimeLLM_Beirut_train/TimeLLM-0.bin (22/22 keys)
08/01/2026 22:24:55 - INFO - utils.trainer -     582 keys not in checkpoint (kept from init)
08/01/2026 22:24:55 - INFO - utils.trainer -   Model loaded from output_dir/TimeLLM_Beirut_train/TimeLLM-0.bin (22/22 keys)
08/01/2026 22:24:55 - INFO - utils.trainer -     582 keys not in checkpoint (kept from init)
08/01/2026 22:24:55 - INFO - utils.trainer -   Model loaded from output_dir/TimeLLM_Beirut_train/TimeLLM-0.bin (22/22 keys)
08/01/2026 22:24:55 - INFO - utils.trainer -     582 keys not in checkpoint (kept from init)
08/01/2026 22:24:55 - INFO - utils.trainer -   Model loaded from output_dir/TimeLLM_Beirut_train/TimeLLM-0.bin (22/22 keys)
08/01/2026 22:24:55 - INFO - utils.trainer -     582 keys not in checkpoint (kept from init)
08/01/2026 22:24:55 - INFO - utils.trainer -   Model loaded from output_dir/TimeLLM_Beirut_train/TimeLLM-0.bin (22/22 keys)
08/01/2026 22:24:58 - INFO - utils.trainer -   Loss: 0.69672
08/01/2026 22:24:58 - INFO - utils.trainer -   AUC: 0.51485
08/01/2026 22:24:58 - INFO - utils.trainer -   Accuracy: 0.48958
08/01/2026 22:24:58 - INFO - utils.trainer -   Precision: 0.47368
08/01/2026 22:24:58 - INFO - utils.trainer -   Specificity: 0.30693
08/01/2026 22:24:58 - INFO - utils.trainer -   Sensitivity: 0.69231
08/01/2026 22:24:58 - INFO - utils.trainer -   === Best epoch test result ===
08/01/2026 22:24:58 - INFO - utils.trainer -     Loss: 0.69672
08/01/2026 22:24:58 - INFO - utils.trainer -     AUC: 0.51485
08/01/2026 22:24:58 - INFO - utils.trainer -     Accuracy: 0.48958
08/01/2026 22:24:58 - INFO - utils.trainer -     Precision: 0.47368
08/01/2026 22:24:58 - INFO - utils.trainer -     Specificity: 0.30693
08/01/2026 22:24:58 - INFO - utils.trainer -     Sensitivity: 0.69231
08/01/2026 22:24:59 - INFO - utils.trainer -   Model saved to output_dir/TimeLLM_Beirut_train/final-epoch-200
08/01/2026 22:24:59 - INFO - utils.trainer -   Final model saved at epoch 200
