08/06/2026 23:25:00 - INFO - __main__ -   ########## full-data finetune ##########
08/06/2026 23:25:00 - INFO - __main__ -   ########## full-data finetune ##########
08/06/2026 23:25:00 - INFO - __main__ -   ########## full-data finetune ##########
08/06/2026 23:25:00 - INFO - __main__ -   ########## full-data finetune ##########
08/06/2026 23:25:00 - INFO - __main__ -   ########## full-data finetune ##########
08/06/2026 23:25:00 - INFO - __main__ -   ########## full-data finetune ##########
08/06/2026 23:27:33 - INFO - __main__ -   ########## full-data finetune ##########
08/06/2026 23:27:33 - INFO - __main__ -   ########## full-data finetune ##########
08/06/2026 23:27:33 - INFO - __main__ -   ########## full-data finetune ##########
08/06/2026 23:27:33 - INFO - __main__ -   ########## full-data finetune ##########
08/06/2026 23:27:33 - INFO - __main__ -   ########## full-data finetune ##########
08/06/2026 23:27:33 - INFO - __main__ -   ########## full-data finetune ##########
08/06/2026 23:27:43 - INFO - root -   gcc -pthread -B /root/miniconda3/compiler_compat -fno-strict-overflow -DNDEBUG -O2 -Wall -fPIC -O2 -isystem /root/miniconda3/include -fPIC -O2 -isystem /root/miniconda3/include -fPIC -c /tmp/tmpgb470bbg/test.c -o /tmp/tmpgb470bbg/test.o
08/06/2026 23:27:43 - INFO - root -   gcc -pthread -B /root/miniconda3/compiler_compat /tmp/tmpgb470bbg/test.o -laio -o /tmp/tmpgb470bbg/a.out
08/06/2026 23:27:43 - INFO - root -   gcc -pthread -B /root/miniconda3/compiler_compat -fno-strict-overflow -DNDEBUG -O2 -Wall -fPIC -O2 -isystem /root/miniconda3/include -fPIC -O2 -isystem /root/miniconda3/include -fPIC -c /tmp/tmpqechjkbp/test.c -o /tmp/tmpqechjkbp/test.o
08/06/2026 23:27:43 - INFO - root -   gcc -pthread -B /root/miniconda3/compiler_compat /tmp/tmpqechjkbp/test.o -L/usr/local/cuda -L/usr/local/cuda/lib64 -lcufile -o /tmp/tmpqechjkbp/a.out
08/06/2026 23:27:43 - INFO - root -   gcc -pthread -B /root/miniconda3/compiler_compat -fno-strict-overflow -DNDEBUG -O2 -Wall -fPIC -O2 -isystem /root/miniconda3/include -fPIC -O2 -isystem /root/miniconda3/include -fPIC -c /tmp/tmpqr9d4zs4/test.c -o /tmp/tmpqr9d4zs4/test.o
08/06/2026 23:27:43 - INFO - root -   gcc -pthread -B /root/miniconda3/compiler_compat /tmp/tmpqr9d4zs4/test.o -laio -o /tmp/tmpqr9d4zs4/a.out
08/06/2026 23:27:43 - INFO - root -   gcc -pthread -B /root/miniconda3/compiler_compat -fno-strict-overflow -DNDEBUG -O2 -Wall -fPIC -O2 -isystem /root/miniconda3/include -fPIC -O2 -isystem /root/miniconda3/include -fPIC -c /tmp/tmp6dm3lkl6/test.c -o /tmp/tmp6dm3lkl6/test.o
08/06/2026 23:27:43 - INFO - root -   gcc -pthread -B /root/miniconda3/compiler_compat /tmp/tmp6dm3lkl6/test.o -L/usr/local/cuda -L/usr/local/cuda/lib64 -lcufile -o /tmp/tmp6dm3lkl6/a.out
08/06/2026 23:27:43 - INFO - root -   gcc -pthread -B /root/miniconda3/compiler_compat -fno-strict-overflow -DNDEBUG -O2 -Wall -fPIC -O2 -isystem /root/miniconda3/include -fPIC -O2 -isystem /root/miniconda3/include -fPIC -c /tmp/tmpjkmce8jt/test.c -o /tmp/tmpjkmce8jt/test.o
08/06/2026 23:27:43 - INFO - root -   gcc -pthread -B /root/miniconda3/compiler_compat /tmp/tmpjkmce8jt/test.o -laio -o /tmp/tmpjkmce8jt/a.out
08/06/2026 23:27:43 - INFO - root -   gcc -pthread -B /root/miniconda3/compiler_compat -fno-strict-overflow -DNDEBUG -O2 -Wall -fPIC -O2 -isystem /root/miniconda3/include -fPIC -O2 -isystem /root/miniconda3/include -fPIC -c /tmp/tmp9bv0yaeg/test.c -o /tmp/tmp9bv0yaeg/test.o
08/06/2026 23:27:43 - INFO - root -   gcc -pthread -B /root/miniconda3/compiler_compat -fno-strict-overflow -DNDEBUG -O2 -Wall -fPIC -O2 -isystem /root/miniconda3/include -fPIC -O2 -isystem /root/miniconda3/include -fPIC -c /tmp/tmp_yjeh91e/test.c -o /tmp/tmp_yjeh91e/test.o
08/06/2026 23:27:43 - INFO - root -   gcc -pthread -B /root/miniconda3/compiler_compat /tmp/tmp9bv0yaeg/test.o -laio -o /tmp/tmp9bv0yaeg/a.out
08/06/2026 23:27:43 - INFO - root -   gcc -pthread -B /root/miniconda3/compiler_compat /tmp/tmp_yjeh91e/test.o -L/usr/local/cuda -L/usr/local/cuda/lib64 -lcufile -o /tmp/tmp_yjeh91e/a.out
08/06/2026 23:27:43 - INFO - root -   gcc -pthread -B /root/miniconda3/compiler_compat -fno-strict-overflow -DNDEBUG -O2 -Wall -fPIC -O2 -isystem /root/miniconda3/include -fPIC -O2 -isystem /root/miniconda3/include -fPIC -c /tmp/tmp6xfsk6eb/test.c -o /tmp/tmp6xfsk6eb/test.o
08/06/2026 23:27:43 - INFO - root -   gcc -pthread -B /root/miniconda3/compiler_compat /tmp/tmp6xfsk6eb/test.o -L/usr/local/cuda -L/usr/local/cuda/lib64 -lcufile -o /tmp/tmp6xfsk6eb/a.out
08/06/2026 23:27:43 - INFO - root -   gcc -pthread -B /root/miniconda3/compiler_compat -fno-strict-overflow -DNDEBUG -O2 -Wall -fPIC -O2 -isystem /root/miniconda3/include -fPIC -O2 -isystem /root/miniconda3/include -fPIC -c /tmp/tmpc7afcs2t/test.c -o /tmp/tmpc7afcs2t/test.o
08/06/2026 23:27:43 - INFO - root -   gcc -pthread -B /root/miniconda3/compiler_compat /tmp/tmpc7afcs2t/test.o -laio -o /tmp/tmpc7afcs2t/a.out
08/06/2026 23:27:43 - INFO - root -   gcc -pthread -B /root/miniconda3/compiler_compat -fno-strict-overflow -DNDEBUG -O2 -Wall -fPIC -O2 -isystem /root/miniconda3/include -fPIC -O2 -isystem /root/miniconda3/include -fPIC -c /tmp/tmpr9lzgtq8/test.c -o /tmp/tmpr9lzgtq8/test.o
08/06/2026 23:27:44 - INFO - root -   gcc -pthread -B /root/miniconda3/compiler_compat /tmp/tmpr9lzgtq8/test.o -L/usr/local/cuda -L/usr/local/cuda/lib64 -lcufile -o /tmp/tmpr9lzgtq8/a.out
08/06/2026 23:27:44 - INFO - root -   gcc -pthread -B /root/miniconda3/compiler_compat -fno-strict-overflow -DNDEBUG -O2 -Wall -fPIC -O2 -isystem /root/miniconda3/include -fPIC -O2 -isystem /root/miniconda3/include -fPIC -c /tmp/tmp9en4d8r3/test.c -o /tmp/tmp9en4d8r3/test.o
08/06/2026 23:27:44 - INFO - root -   gcc -pthread -B /root/miniconda3/compiler_compat /tmp/tmp9en4d8r3/test.o -laio -o /tmp/tmp9en4d8r3/a.out
08/06/2026 23:27:44 - INFO - root -   gcc -pthread -B /root/miniconda3/compiler_compat -fno-strict-overflow -DNDEBUG -O2 -Wall -fPIC -O2 -isystem /root/miniconda3/include -fPIC -O2 -isystem /root/miniconda3/include -fPIC -c /tmp/tmp7iki_qz6/test.c -o /tmp/tmp7iki_qz6/test.o
08/06/2026 23:27:44 - INFO - root -   gcc -pthread -B /root/miniconda3/compiler_compat /tmp/tmp7iki_qz6/test.o -L/usr/local/cuda -L/usr/local/cuda/lib64 -lcufile -o /tmp/tmp7iki_qz6/a.out
08/06/2026 23:29:17 - INFO - __main__ -   ########## full-data finetune ##########
08/06/2026 23:29:17 - INFO - __main__ -   ########## full-data finetune ##########
08/06/2026 23:29:17 - INFO - __main__ -   ########## full-data finetune ##########
08/06/2026 23:29:17 - INFO - __main__ -   ########## full-data finetune ##########
08/06/2026 23:29:17 - INFO - __main__ -   ########## full-data finetune ##########
08/06/2026 23:29:17 - INFO - __main__ -   ########## full-data finetune ##########
08/06/2026 23:29:26 - INFO - root -   gcc -pthread -B /root/miniconda3/compiler_compat -fno-strict-overflow -DNDEBUG -O2 -Wall -fPIC -O2 -isystem /root/miniconda3/include -fPIC -O2 -isystem /root/miniconda3/include -fPIC -c /tmp/tmpk85s5uie/test.c -o /tmp/tmpk85s5uie/test.o
08/06/2026 23:29:26 - INFO - root -   gcc -pthread -B /root/miniconda3/compiler_compat /tmp/tmpk85s5uie/test.o -laio -o /tmp/tmpk85s5uie/a.out
08/06/2026 23:29:26 - INFO - root -   gcc -pthread -B /root/miniconda3/compiler_compat -fno-strict-overflow -DNDEBUG -O2 -Wall -fPIC -O2 -isystem /root/miniconda3/include -fPIC -O2 -isystem /root/miniconda3/include -fPIC -c /tmp/tmpxwynr5a8/test.c -o /tmp/tmpxwynr5a8/test.o
08/06/2026 23:29:26 - INFO - root -   gcc -pthread -B /root/miniconda3/compiler_compat -fno-strict-overflow -DNDEBUG -O2 -Wall -fPIC -O2 -isystem /root/miniconda3/include -fPIC -O2 -isystem /root/miniconda3/include -fPIC -c /tmp/tmpw31sy8cg/test.c -o /tmp/tmpw31sy8cg/test.o
08/06/2026 23:29:26 - INFO - root -   gcc -pthread -B /root/miniconda3/compiler_compat /tmp/tmpxwynr5a8/test.o -laio -o /tmp/tmpxwynr5a8/a.out
08/06/2026 23:29:26 - INFO - root -   gcc -pthread -B /root/miniconda3/compiler_compat /tmp/tmpw31sy8cg/test.o -L/usr/local/cuda -L/usr/local/cuda/lib64 -lcufile -o /tmp/tmpw31sy8cg/a.out
08/06/2026 23:29:26 - INFO - root -   gcc -pthread -B /root/miniconda3/compiler_compat -fno-strict-overflow -DNDEBUG -O2 -Wall -fPIC -O2 -isystem /root/miniconda3/include -fPIC -O2 -isystem /root/miniconda3/include -fPIC -c /tmp/tmpoh7z_2kk/test.c -o /tmp/tmpoh7z_2kk/test.o
08/06/2026 23:29:26 - INFO - root -   gcc -pthread -B /root/miniconda3/compiler_compat /tmp/tmpoh7z_2kk/test.o -L/usr/local/cuda -L/usr/local/cuda/lib64 -lcufile -o /tmp/tmpoh7z_2kk/a.out
08/06/2026 23:29:26 - INFO - root -   gcc -pthread -B /root/miniconda3/compiler_compat -fno-strict-overflow -DNDEBUG -O2 -Wall -fPIC -O2 -isystem /root/miniconda3/include -fPIC -O2 -isystem /root/miniconda3/include -fPIC -c /tmp/tmpz0kzfcf9/test.c -o /tmp/tmpz0kzfcf9/test.o
08/06/2026 23:29:26 - INFO - root -   gcc -pthread -B /root/miniconda3/compiler_compat /tmp/tmpz0kzfcf9/test.o -laio -o /tmp/tmpz0kzfcf9/a.out
08/06/2026 23:29:26 - INFO - root -   gcc -pthread -B /root/miniconda3/compiler_compat -fno-strict-overflow -DNDEBUG -O2 -Wall -fPIC -O2 -isystem /root/miniconda3/include -fPIC -O2 -isystem /root/miniconda3/include -fPIC -c /tmp/tmpjv9lw4iu/test.c -o /tmp/tmpjv9lw4iu/test.o
08/06/2026 23:29:26 - INFO - root -   gcc -pthread -B /root/miniconda3/compiler_compat /tmp/tmpjv9lw4iu/test.o -L/usr/local/cuda -L/usr/local/cuda/lib64 -lcufile -o /tmp/tmpjv9lw4iu/a.out
08/06/2026 23:29:26 - INFO - root -   gcc -pthread -B /root/miniconda3/compiler_compat -fno-strict-overflow -DNDEBUG -O2 -Wall -fPIC -O2 -isystem /root/miniconda3/include -fPIC -O2 -isystem /root/miniconda3/include -fPIC -c /tmp/tmp2dxt8k0f/test.c -o /tmp/tmp2dxt8k0f/test.o
08/06/2026 23:29:26 - INFO - root -   gcc -pthread -B /root/miniconda3/compiler_compat /tmp/tmp2dxt8k0f/test.o -laio -o /tmp/tmp2dxt8k0f/a.out
08/06/2026 23:29:26 - INFO - root -   gcc -pthread -B /root/miniconda3/compiler_compat -fno-strict-overflow -DNDEBUG -O2 -Wall -fPIC -O2 -isystem /root/miniconda3/include -fPIC -O2 -isystem /root/miniconda3/include -fPIC -c /tmp/tmpea5360zy/test.c -o /tmp/tmpea5360zy/test.o
08/06/2026 23:29:26 - INFO - root -   gcc -pthread -B /root/miniconda3/compiler_compat /tmp/tmpea5360zy/test.o -L/usr/local/cuda -L/usr/local/cuda/lib64 -lcufile -o /tmp/tmpea5360zy/a.out
08/06/2026 23:29:26 - INFO - root -   gcc -pthread -B /root/miniconda3/compiler_compat -fno-strict-overflow -DNDEBUG -O2 -Wall -fPIC -O2 -isystem /root/miniconda3/include -fPIC -O2 -isystem /root/miniconda3/include -fPIC -c /tmp/tmp0qmnkcwt/test.c -o /tmp/tmp0qmnkcwt/test.o
08/06/2026 23:29:26 - INFO - root -   gcc -pthread -B /root/miniconda3/compiler_compat /tmp/tmp0qmnkcwt/test.o -laio -o /tmp/tmp0qmnkcwt/a.out
08/06/2026 23:29:26 - INFO - root -   gcc -pthread -B /root/miniconda3/compiler_compat -fno-strict-overflow -DNDEBUG -O2 -Wall -fPIC -O2 -isystem /root/miniconda3/include -fPIC -O2 -isystem /root/miniconda3/include -fPIC -c /tmp/tmph98iitee/test.c -o /tmp/tmph98iitee/test.o
08/06/2026 23:29:26 - INFO - root -   gcc -pthread -B /root/miniconda3/compiler_compat /tmp/tmph98iitee/test.o -L/usr/local/cuda -L/usr/local/cuda/lib64 -lcufile -o /tmp/tmph98iitee/a.out
08/06/2026 23:29:28 - INFO - root -   gcc -pthread -B /root/miniconda3/compiler_compat -fno-strict-overflow -DNDEBUG -O2 -Wall -fPIC -O2 -isystem /root/miniconda3/include -fPIC -O2 -isystem /root/miniconda3/include -fPIC -c /tmp/tmpvy2fq4p0/test.c -o /tmp/tmpvy2fq4p0/test.o
08/06/2026 23:29:28 - INFO - root -   gcc -pthread -B /root/miniconda3/compiler_compat /tmp/tmpvy2fq4p0/test.o -laio -o /tmp/tmpvy2fq4p0/a.out
08/06/2026 23:29:28 - INFO - root -   gcc -pthread -B /root/miniconda3/compiler_compat -fno-strict-overflow -DNDEBUG -O2 -Wall -fPIC -O2 -isystem /root/miniconda3/include -fPIC -O2 -isystem /root/miniconda3/include -fPIC -c /tmp/tmpd6hhpqqr/test.c -o /tmp/tmpd6hhpqqr/test.o
08/06/2026 23:29:28 - INFO - root -   gcc -pthread -B /root/miniconda3/compiler_compat /tmp/tmpd6hhpqqr/test.o -L/usr/local/cuda -L/usr/local/cuda/lib64 -lcufile -o /tmp/tmpd6hhpqqr/a.out
08/06/2026 23:29:32 - INFO - utils.trainer -   Model checkpoint doesn't exist: ../output_dir/TimeLLM_FutureFCCAUEEG_train/TimeLLM-0.bin — skip loading
08/06/2026 23:29:32 - INFO - utils.trainer -   Model checkpoint doesn't exist: ../output_dir/TimeLLM_FutureFCCAUEEG_train/TimeLLM-0.bin — skip loading
08/06/2026 23:29:32 - INFO - utils.trainer -   Model checkpoint doesn't exist: ../output_dir/TimeLLM_FutureFCCAUEEG_train/TimeLLM-0.bin — skip loading
08/06/2026 23:29:32 - INFO - utils.trainer -   Model checkpoint doesn't exist: ../output_dir/TimeLLM_FutureFCCAUEEG_train/TimeLLM-0.bin — skip loading
08/06/2026 23:29:32 - INFO - utils.trainer -   ***** Running few-shot fine-tune (transfer) *****
08/06/2026 23:29:32 - INFO - utils.trainer -     Num train examples = 296
08/06/2026 23:29:32 - INFO - utils.trainer -     Num val   examples = 62
08/06/2026 23:29:32 - INFO - utils.trainer -     Num test  examples = 65
08/06/2026 23:29:32 - INFO - utils.trainer -     Max fine-tune epochs = 200
08/06/2026 23:29:32 - INFO - utils.trainer -     Fine-tune lr = 1e-05
08/06/2026 23:29:32 - INFO - utils.trainer -   Model checkpoint doesn't exist: ../output_dir/TimeLLM_FutureFCCAUEEG_train/TimeLLM-0.bin — skip loading
08/06/2026 23:29:32 - INFO - utils.trainer -   Model checkpoint doesn't exist: ../output_dir/TimeLLM_FutureFCCAUEEG_train/TimeLLM-0.bin — skip loading
