08/16/2026 15:25:37 - INFO - __main__ -   ########## few-shot seed=42 ##########
08/16/2026 15:25:37 - INFO - __main__ -   ########## few-shot seed=42 ##########
08/16/2026 15:25:37 - INFO - __main__ -   ########## few-shot seed=42 ##########
08/16/2026 15:25:37 - INFO - __main__ -   ########## few-shot seed=42 ##########
08/16/2026 15:25:37 - INFO - __main__ -   ########## few-shot seed=42 ##########
08/16/2026 15:25:37 - INFO - __main__ -   ########## few-shot seed=42 ##########
08/16/2026 15:25:48 - INFO - root -   gcc -pthread -B /root/miniconda3/compiler_compat -fno-strict-overflow -DNDEBUG -O2 -Wall -fPIC -O2 -isystem /root/miniconda3/include -fPIC -O2 -isystem /root/miniconda3/include -fPIC -c /tmp/tmpkr2cfcu3/test.c -o /tmp/tmpkr2cfcu3/test.o
08/16/2026 15:25:48 - INFO - root -   gcc -pthread -B /root/miniconda3/compiler_compat /tmp/tmpkr2cfcu3/test.o -laio -o /tmp/tmpkr2cfcu3/a.out
08/16/2026 15:25:48 - INFO - root -   gcc -pthread -B /root/miniconda3/compiler_compat -fno-strict-overflow -DNDEBUG -O2 -Wall -fPIC -O2 -isystem /root/miniconda3/include -fPIC -O2 -isystem /root/miniconda3/include -fPIC -c /tmp/tmpjtntyyte/test.c -o /tmp/tmpjtntyyte/test.o
08/16/2026 15:25:48 - INFO - root -   gcc -pthread -B /root/miniconda3/compiler_compat /tmp/tmpjtntyyte/test.o -L/usr/local/cuda -L/usr/local/cuda/lib64 -lcufile -o /tmp/tmpjtntyyte/a.out
08/16/2026 15:25:49 - INFO - root -   gcc -pthread -B /root/miniconda3/compiler_compat -fno-strict-overflow -DNDEBUG -O2 -Wall -fPIC -O2 -isystem /root/miniconda3/include -fPIC -O2 -isystem /root/miniconda3/include -fPIC -c /tmp/tmpm1ceszs_/test.c -o /tmp/tmpm1ceszs_/test.o
08/16/2026 15:25:49 - INFO - root -   gcc -pthread -B /root/miniconda3/compiler_compat -fno-strict-overflow -DNDEBUG -O2 -Wall -fPIC -O2 -isystem /root/miniconda3/include -fPIC -O2 -isystem /root/miniconda3/include -fPIC -c /tmp/tmp3b5fir1y/test.c -o /tmp/tmp3b5fir1y/test.o
08/16/2026 15:25:49 - INFO - root -   gcc -pthread -B /root/miniconda3/compiler_compat /tmp/tmp3b5fir1y/test.o -laio -o /tmp/tmp3b5fir1y/a.out
08/16/2026 15:25:49 - INFO - root -   gcc -pthread -B /root/miniconda3/compiler_compat /tmp/tmpm1ceszs_/test.o -laio -o /tmp/tmpm1ceszs_/a.out
08/16/2026 15:25:49 - INFO - root -   gcc -pthread -B /root/miniconda3/compiler_compat -fno-strict-overflow -DNDEBUG -O2 -Wall -fPIC -O2 -isystem /root/miniconda3/include -fPIC -O2 -isystem /root/miniconda3/include -fPIC -c /tmp/tmp55ho88kl/test.c -o /tmp/tmp55ho88kl/test.o
08/16/2026 15:25:49 - INFO - root -   gcc -pthread -B /root/miniconda3/compiler_compat -fno-strict-overflow -DNDEBUG -O2 -Wall -fPIC -O2 -isystem /root/miniconda3/include -fPIC -O2 -isystem /root/miniconda3/include -fPIC -c /tmp/tmp5u95wryb/test.c -o /tmp/tmp5u95wryb/test.o
08/16/2026 15:25:49 - INFO - root -   gcc -pthread -B /root/miniconda3/compiler_compat /tmp/tmp55ho88kl/test.o -L/usr/local/cuda -L/usr/local/cuda/lib64 -lcufile -o /tmp/tmp55ho88kl/a.out
08/16/2026 15:25:49 - INFO - root -   gcc -pthread -B /root/miniconda3/compiler_compat /tmp/tmp5u95wryb/test.o -L/usr/local/cuda -L/usr/local/cuda/lib64 -lcufile -o /tmp/tmp5u95wryb/a.out
08/16/2026 15:25:50 - INFO - root -   gcc -pthread -B /root/miniconda3/compiler_compat -fno-strict-overflow -DNDEBUG -O2 -Wall -fPIC -O2 -isystem /root/miniconda3/include -fPIC -O2 -isystem /root/miniconda3/include -fPIC -c /tmp/tmpu88974r3/test.c -o /tmp/tmpu88974r3/test.o
08/16/2026 15:25:50 - INFO - root -   gcc -pthread -B /root/miniconda3/compiler_compat -fno-strict-overflow -DNDEBUG -O2 -Wall -fPIC -O2 -isystem /root/miniconda3/include -fPIC -O2 -isystem /root/miniconda3/include -fPIC -c /tmp/tmpqmj9bhc6/test.c -o /tmp/tmpqmj9bhc6/test.o
08/16/2026 15:25:50 - INFO - root -   gcc -pthread -B /root/miniconda3/compiler_compat /tmp/tmpu88974r3/test.o -laio -o /tmp/tmpu88974r3/a.out
08/16/2026 15:25:50 - INFO - root -   gcc -pthread -B /root/miniconda3/compiler_compat /tmp/tmpqmj9bhc6/test.o -laio -o /tmp/tmpqmj9bhc6/a.out
08/16/2026 15:25:50 - INFO - root -   gcc -pthread -B /root/miniconda3/compiler_compat -fno-strict-overflow -DNDEBUG -O2 -Wall -fPIC -O2 -isystem /root/miniconda3/include -fPIC -O2 -isystem /root/miniconda3/include -fPIC -c /tmp/tmpuo1xk6m6/test.c -o /tmp/tmpuo1xk6m6/test.o
08/16/2026 15:25:50 - INFO - root -   gcc -pthread -B /root/miniconda3/compiler_compat -fno-strict-overflow -DNDEBUG -O2 -Wall -fPIC -O2 -isystem /root/miniconda3/include -fPIC -O2 -isystem /root/miniconda3/include -fPIC -c /tmp/tmpllbgirfr/test.c -o /tmp/tmpllbgirfr/test.o
08/16/2026 15:25:50 - INFO - root -   gcc -pthread -B /root/miniconda3/compiler_compat /tmp/tmpuo1xk6m6/test.o -L/usr/local/cuda -L/usr/local/cuda/lib64 -lcufile -o /tmp/tmpuo1xk6m6/a.out
08/16/2026 15:25:50 - INFO - root -   gcc -pthread -B /root/miniconda3/compiler_compat /tmp/tmpllbgirfr/test.o -L/usr/local/cuda -L/usr/local/cuda/lib64 -lcufile -o /tmp/tmpllbgirfr/a.out
08/16/2026 15:25:51 - INFO - root -   gcc -pthread -B /root/miniconda3/compiler_compat -fno-strict-overflow -DNDEBUG -O2 -Wall -fPIC -O2 -isystem /root/miniconda3/include -fPIC -O2 -isystem /root/miniconda3/include -fPIC -c /tmp/tmphkrk5q4m/test.c -o /tmp/tmphkrk5q4m/test.o
08/16/2026 15:25:51 - INFO - root -   gcc -pthread -B /root/miniconda3/compiler_compat /tmp/tmphkrk5q4m/test.o -laio -o /tmp/tmphkrk5q4m/a.out
08/16/2026 15:25:51 - INFO - root -   gcc -pthread -B /root/miniconda3/compiler_compat -fno-strict-overflow -DNDEBUG -O2 -Wall -fPIC -O2 -isystem /root/miniconda3/include -fPIC -O2 -isystem /root/miniconda3/include -fPIC -c /tmp/tmpczigdl3f/test.c -o /tmp/tmpczigdl3f/test.o
08/16/2026 15:25:51 - INFO - root -   gcc -pthread -B /root/miniconda3/compiler_compat /tmp/tmpczigdl3f/test.o -L/usr/local/cuda -L/usr/local/cuda/lib64 -lcufile -o /tmp/tmpczigdl3f/a.out
08/16/2026 15:25:56 - INFO - utils.trainer -     2 prompt-buffer key(s) skipped (kept target-dataset prompt)
08/16/2026 15:25:56 - INFO - utils.trainer -     582 keys not in checkpoint (kept from init)
08/16/2026 15:25:56 - INFO - utils.trainer -   Model loaded from ./output_dir/TimeLLM_AgeCAUEEG_train/TimeLLM-0.bin (21/23 keys)
08/16/2026 15:25:56 - INFO - utils.trainer -   ***** Running regression evaluation on test0 dataset *****
08/16/2026 15:25:56 - INFO - utils.trainer -     2 prompt-buffer key(s) skipped (kept target-dataset prompt)
08/16/2026 15:25:56 - INFO - utils.trainer -     582 keys not in checkpoint (kept from init)
08/16/2026 15:25:56 - INFO - utils.trainer -   Model loaded from ./output_dir/TimeLLM_AgeCAUEEG_train/TimeLLM-0.bin (21/23 keys)
08/16/2026 15:25:56 - INFO - utils.trainer -     2 prompt-buffer key(s) skipped (kept target-dataset prompt)
08/16/2026 15:25:56 - INFO - utils.trainer -     582 keys not in checkpoint (kept from init)
08/16/2026 15:25:56 - INFO - utils.trainer -   Model loaded from ./output_dir/TimeLLM_AgeCAUEEG_train/TimeLLM-0.bin (21/23 keys)
08/16/2026 15:25:56 - INFO - utils.trainer -     2 prompt-buffer key(s) skipped (kept target-dataset prompt)
08/16/2026 15:25:56 - INFO - utils.trainer -     582 keys not in checkpoint (kept from init)
08/16/2026 15:25:56 - INFO - utils.trainer -   Model loaded from ./output_dir/TimeLLM_AgeCAUEEG_train/TimeLLM-0.bin (21/23 keys)
08/16/2026 15:25:56 - INFO - utils.trainer -     2 prompt-buffer key(s) skipped (kept target-dataset prompt)
08/16/2026 15:25:56 - INFO - utils.trainer -     582 keys not in checkpoint (kept from init)
08/16/2026 15:25:56 - INFO - utils.trainer -   Model loaded from ./output_dir/TimeLLM_AgeCAUEEG_train/TimeLLM-0.bin (21/23 keys)
08/16/2026 15:25:56 - INFO - utils.trainer -     2 prompt-buffer key(s) skipped (kept target-dataset prompt)
08/16/2026 15:25:56 - INFO - utils.trainer -     582 keys not in checkpoint (kept from init)
08/16/2026 15:25:56 - INFO - utils.trainer -   Model loaded from ./output_dir/TimeLLM_AgeCAUEEG_train/TimeLLM-0.bin (21/23 keys)
08/16/2026 15:26:03 - INFO - utils.trainer -   Loss: 650.52482
08/16/2026 15:26:03 - INFO - utils.trainer -   MSE: 652.41321
08/16/2026 15:26:03 - INFO - utils.trainer -   MAE: 21.43087
08/16/2026 15:26:03 - INFO - utils.trainer -   RMSE: 25.54238
08/16/2026 15:26:03 - INFO - utils.trainer -   R2: -1.02191
08/16/2026 15:26:03 - INFO - utils.trainer -   PearsonR: 0.01270
08/16/2026 15:26:03 - INFO - __main__ -   
============================================================
  Zero-shot (TimeLLM_AgeCAUEEG_train → AgeTUAB)  seed=42
============================================================
08/16/2026 15:26:03 - INFO - __main__ -     Loss           : 650.5248
08/16/2026 15:26:03 - INFO - __main__ -     MSE            : 652.4132
08/16/2026 15:26:03 - INFO - __main__ -     MAE            : 21.4309
08/16/2026 15:26:03 - INFO - __main__ -     RMSE           : 25.5424
08/16/2026 15:26:03 - INFO - __main__ -     R2             : -1.0219
08/16/2026 15:26:03 - INFO - __main__ -     PearsonR       : 0.0127
