08/18/2026 01:07:38 - INFO - __main__ -   ########## few-shot seed=42 ##########
08/18/2026 01:07:39 - INFO - __main__ -   ########## few-shot seed=42 ##########
08/18/2026 01:07:39 - INFO - __main__ -   ########## few-shot seed=42 ##########
08/18/2026 01:07:39 - INFO - __main__ -   ########## few-shot seed=42 ##########
08/18/2026 01:07:39 - INFO - __main__ -   ########## few-shot seed=42 ##########
08/18/2026 01:07:39 - INFO - __main__ -   ########## few-shot seed=42 ##########
08/18/2026 01:07:50 - INFO - root -   gcc -pthread -B /root/miniconda3/compiler_compat -fno-strict-overflow -DNDEBUG -O2 -Wall -fPIC -O2 -isystem /root/miniconda3/include -fPIC -O2 -isystem /root/miniconda3/include -fPIC -c /tmp/tmplb5k7d6z/test.c -o /tmp/tmplb5k7d6z/test.o
08/18/2026 01:07:50 - INFO - root -   gcc -pthread -B /root/miniconda3/compiler_compat /tmp/tmplb5k7d6z/test.o -laio -o /tmp/tmplb5k7d6z/a.out
08/18/2026 01:07:50 - INFO - root -   gcc -pthread -B /root/miniconda3/compiler_compat -fno-strict-overflow -DNDEBUG -O2 -Wall -fPIC -O2 -isystem /root/miniconda3/include -fPIC -O2 -isystem /root/miniconda3/include -fPIC -c /tmp/tmpxfuc8gew/test.c -o /tmp/tmpxfuc8gew/test.o
08/18/2026 01:07:50 - INFO - root -   gcc -pthread -B /root/miniconda3/compiler_compat /tmp/tmpxfuc8gew/test.o -L/usr/local/cuda -L/usr/local/cuda/lib64 -lcufile -o /tmp/tmpxfuc8gew/a.out
08/18/2026 01:07:51 - INFO - root -   gcc -pthread -B /root/miniconda3/compiler_compat -fno-strict-overflow -DNDEBUG -O2 -Wall -fPIC -O2 -isystem /root/miniconda3/include -fPIC -O2 -isystem /root/miniconda3/include -fPIC -c /tmp/tmpghnl1558/test.c -o /tmp/tmpghnl1558/test.o
08/18/2026 01:07:51 - INFO - root -   gcc -pthread -B /root/miniconda3/compiler_compat /tmp/tmpghnl1558/test.o -laio -o /tmp/tmpghnl1558/a.out
08/18/2026 01:07:51 - INFO - root -   gcc -pthread -B /root/miniconda3/compiler_compat -fno-strict-overflow -DNDEBUG -O2 -Wall -fPIC -O2 -isystem /root/miniconda3/include -fPIC -O2 -isystem /root/miniconda3/include -fPIC -c /tmp/tmpup887g_7/test.c -o /tmp/tmpup887g_7/test.o
08/18/2026 01:07:51 - INFO - root -   gcc -pthread -B /root/miniconda3/compiler_compat /tmp/tmpup887g_7/test.o -L/usr/local/cuda -L/usr/local/cuda/lib64 -lcufile -o /tmp/tmpup887g_7/a.out
08/18/2026 01:07:51 - INFO - root -   gcc -pthread -B /root/miniconda3/compiler_compat -fno-strict-overflow -DNDEBUG -O2 -Wall -fPIC -O2 -isystem /root/miniconda3/include -fPIC -O2 -isystem /root/miniconda3/include -fPIC -c /tmp/tmpa2i3cx_f/test.c -o /tmp/tmpa2i3cx_f/test.o
08/18/2026 01:07:51 - INFO - root -   gcc -pthread -B /root/miniconda3/compiler_compat /tmp/tmpa2i3cx_f/test.o -laio -o /tmp/tmpa2i3cx_f/a.out
08/18/2026 01:07:51 - INFO - root -   gcc -pthread -B /root/miniconda3/compiler_compat -fno-strict-overflow -DNDEBUG -O2 -Wall -fPIC -O2 -isystem /root/miniconda3/include -fPIC -O2 -isystem /root/miniconda3/include -fPIC -c /tmp/tmph8yt11jd/test.c -o /tmp/tmph8yt11jd/test.o
08/18/2026 01:07:51 - INFO - root -   gcc -pthread -B /root/miniconda3/compiler_compat /tmp/tmph8yt11jd/test.o -L/usr/local/cuda -L/usr/local/cuda/lib64 -lcufile -o /tmp/tmph8yt11jd/a.out
08/18/2026 01:07:51 - INFO - root -   gcc -pthread -B /root/miniconda3/compiler_compat -fno-strict-overflow -DNDEBUG -O2 -Wall -fPIC -O2 -isystem /root/miniconda3/include -fPIC -O2 -isystem /root/miniconda3/include -fPIC -c /tmp/tmpqlrsjsji/test.c -o /tmp/tmpqlrsjsji/test.o
08/18/2026 01:07:51 - INFO - root -   gcc -pthread -B /root/miniconda3/compiler_compat /tmp/tmpqlrsjsji/test.o -laio -o /tmp/tmpqlrsjsji/a.out
08/18/2026 01:07:51 - INFO - root -   gcc -pthread -B /root/miniconda3/compiler_compat -fno-strict-overflow -DNDEBUG -O2 -Wall -fPIC -O2 -isystem /root/miniconda3/include -fPIC -O2 -isystem /root/miniconda3/include -fPIC -c /tmp/tmp2otoa8cs/test.c -o /tmp/tmp2otoa8cs/test.o
08/18/2026 01:07:51 - INFO - root -   gcc -pthread -B /root/miniconda3/compiler_compat /tmp/tmp2otoa8cs/test.o -L/usr/local/cuda -L/usr/local/cuda/lib64 -lcufile -o /tmp/tmp2otoa8cs/a.out
08/18/2026 01:07:52 - INFO - root -   gcc -pthread -B /root/miniconda3/compiler_compat -fno-strict-overflow -DNDEBUG -O2 -Wall -fPIC -O2 -isystem /root/miniconda3/include -fPIC -O2 -isystem /root/miniconda3/include -fPIC -c /tmp/tmp2k8ogi_k/test.c -o /tmp/tmp2k8ogi_k/test.o
08/18/2026 01:07:52 - INFO - root -   gcc -pthread -B /root/miniconda3/compiler_compat /tmp/tmp2k8ogi_k/test.o -laio -o /tmp/tmp2k8ogi_k/a.out
08/18/2026 01:07:52 - INFO - root -   gcc -pthread -B /root/miniconda3/compiler_compat -fno-strict-overflow -DNDEBUG -O2 -Wall -fPIC -O2 -isystem /root/miniconda3/include -fPIC -O2 -isystem /root/miniconda3/include -fPIC -c /tmp/tmpphfzlnwt/test.c -o /tmp/tmpphfzlnwt/test.o
08/18/2026 01:07:52 - INFO - root -   gcc -pthread -B /root/miniconda3/compiler_compat /tmp/tmpphfzlnwt/test.o -L/usr/local/cuda -L/usr/local/cuda/lib64 -lcufile -o /tmp/tmpphfzlnwt/a.out
08/18/2026 01:07:52 - INFO - root -   gcc -pthread -B /root/miniconda3/compiler_compat -fno-strict-overflow -DNDEBUG -O2 -Wall -fPIC -O2 -isystem /root/miniconda3/include -fPIC -O2 -isystem /root/miniconda3/include -fPIC -c /tmp/tmphxlfmmsh/test.c -o /tmp/tmphxlfmmsh/test.o
08/18/2026 01:07:52 - INFO - root -   gcc -pthread -B /root/miniconda3/compiler_compat /tmp/tmphxlfmmsh/test.o -laio -o /tmp/tmphxlfmmsh/a.out
08/18/2026 01:07:53 - INFO - root -   gcc -pthread -B /root/miniconda3/compiler_compat -fno-strict-overflow -DNDEBUG -O2 -Wall -fPIC -O2 -isystem /root/miniconda3/include -fPIC -O2 -isystem /root/miniconda3/include -fPIC -c /tmp/tmpy46q1k8m/test.c -o /tmp/tmpy46q1k8m/test.o
08/18/2026 01:07:53 - INFO - root -   gcc -pthread -B /root/miniconda3/compiler_compat /tmp/tmpy46q1k8m/test.o -L/usr/local/cuda -L/usr/local/cuda/lib64 -lcufile -o /tmp/tmpy46q1k8m/a.out
08/18/2026 01:07:57 - INFO - utils.trainer -     2 prompt-buffer key(s) skipped (kept target-dataset prompt)
08/18/2026 01:07:57 - INFO - utils.trainer -     582 keys not in checkpoint (kept from init)
08/18/2026 01:07:57 - INFO - utils.trainer -   Model loaded from ./output_dir/TimeLLM_AgeCAUEEG_train/TimeLLM-0.bin (21/23 keys)
08/18/2026 01:07:57 - INFO - utils.trainer -     2 prompt-buffer key(s) skipped (kept target-dataset prompt)
08/18/2026 01:07:57 - INFO - utils.trainer -     582 keys not in checkpoint (kept from init)
08/18/2026 01:07:57 - INFO - utils.trainer -   Model loaded from ./output_dir/TimeLLM_AgeCAUEEG_train/TimeLLM-0.bin (21/23 keys)
08/18/2026 01:07:57 - INFO - utils.trainer -     2 prompt-buffer key(s) skipped (kept target-dataset prompt)
08/18/2026 01:07:57 - INFO - utils.trainer -     582 keys not in checkpoint (kept from init)
08/18/2026 01:07:57 - INFO - utils.trainer -   Model loaded from ./output_dir/TimeLLM_AgeCAUEEG_train/TimeLLM-0.bin (21/23 keys)
08/18/2026 01:07:57 - INFO - utils.trainer -     2 prompt-buffer key(s) skipped (kept target-dataset prompt)
08/18/2026 01:07:57 - INFO - utils.trainer -     582 keys not in checkpoint (kept from init)
08/18/2026 01:07:57 - INFO - utils.trainer -   Model loaded from ./output_dir/TimeLLM_AgeCAUEEG_train/TimeLLM-0.bin (21/23 keys)
08/18/2026 01:07:57 - INFO - utils.trainer -     2 prompt-buffer key(s) skipped (kept target-dataset prompt)
08/18/2026 01:07:57 - INFO - utils.trainer -     2 prompt-buffer key(s) skipped (kept target-dataset prompt)
08/18/2026 01:07:57 - INFO - utils.trainer -     582 keys not in checkpoint (kept from init)
08/18/2026 01:07:57 - INFO - utils.trainer -     582 keys not in checkpoint (kept from init)
08/18/2026 01:07:57 - INFO - utils.trainer -   Model loaded from ./output_dir/TimeLLM_AgeCAUEEG_train/TimeLLM-0.bin (21/23 keys)
08/18/2026 01:07:57 - INFO - utils.trainer -   Model loaded from ./output_dir/TimeLLM_AgeCAUEEG_train/TimeLLM-0.bin (21/23 keys)
08/18/2026 01:07:57 - INFO - utils.trainer -   ***** Running regression evaluation on test0 dataset *****
08/18/2026 01:08:04 - INFO - utils.trainer -   Loss: 0.03158
08/18/2026 01:08:04 - INFO - utils.trainer -   MSE: 502.09717
08/18/2026 01:08:04 - INFO - utils.trainer -   MAE: 18.59031
08/18/2026 01:08:04 - INFO - utils.trainer -   RMSE: 22.40752
08/18/2026 01:08:04 - INFO - utils.trainer -   R2: -0.55809
08/18/2026 01:08:04 - INFO - utils.trainer -   PearsonR: -0.07390
08/18/2026 01:08:04 - INFO - __main__ -   
============================================================
  Zero-shot (TimeLLM_AgeCAUEEG_train → AgeTUAB)  seed=42
============================================================
08/18/2026 01:08:04 - INFO - __main__ -     Loss           : 0.0316
08/18/2026 01:08:04 - INFO - __main__ -     MSE            : 502.0972
08/18/2026 01:08:04 - INFO - __main__ -     MAE            : 18.5903
08/18/2026 01:08:04 - INFO - __main__ -     RMSE           : 22.4075
08/18/2026 01:08:04 - INFO - __main__ -     R2             : -0.5581
08/18/2026 01:08:04 - INFO - __main__ -     PearsonR       : -0.0739
