08/07/2026 19:53:36 - INFO - __main__ -   ########## full-data finetune ##########
08/07/2026 19:53:36 - INFO - __main__ -   ########## full-data finetune ##########
08/07/2026 19:53:36 - INFO - __main__ -   ########## full-data finetune ##########
08/07/2026 19:53:36 - INFO - __main__ -   ########## full-data finetune ##########
08/07/2026 19:53:36 - INFO - __main__ -   ########## full-data finetune ##########
08/07/2026 19:53:36 - INFO - __main__ -   ########## full-data finetune ##########
08/07/2026 19:53:45 - INFO - root -   gcc -pthread -B /root/miniconda3/compiler_compat -fno-strict-overflow -DNDEBUG -O2 -Wall -fPIC -O2 -isystem /root/miniconda3/include -fPIC -O2 -isystem /root/miniconda3/include -fPIC -c /tmp/tmpm4pmb8so/test.c -o /tmp/tmpm4pmb8so/test.o
08/07/2026 19:53:45 - INFO - root -   gcc -pthread -B /root/miniconda3/compiler_compat /tmp/tmpm4pmb8so/test.o -laio -o /tmp/tmpm4pmb8so/a.out
08/07/2026 19:53:45 - INFO - root -   gcc -pthread -B /root/miniconda3/compiler_compat -fno-strict-overflow -DNDEBUG -O2 -Wall -fPIC -O2 -isystem /root/miniconda3/include -fPIC -O2 -isystem /root/miniconda3/include -fPIC -c /tmp/tmp_wjgjpi9/test.c -o /tmp/tmp_wjgjpi9/test.o
08/07/2026 19:53:45 - INFO - root -   gcc -pthread -B /root/miniconda3/compiler_compat /tmp/tmp_wjgjpi9/test.o -L/usr/local/cuda -L/usr/local/cuda/lib64 -lcufile -o /tmp/tmp_wjgjpi9/a.out
08/07/2026 19:53:45 - INFO - root -   gcc -pthread -B /root/miniconda3/compiler_compat -fno-strict-overflow -DNDEBUG -O2 -Wall -fPIC -O2 -isystem /root/miniconda3/include -fPIC -O2 -isystem /root/miniconda3/include -fPIC -c /tmp/tmptwd42vli/test.c -o /tmp/tmptwd42vli/test.o
08/07/2026 19:53:46 - INFO - root -   gcc -pthread -B /root/miniconda3/compiler_compat /tmp/tmptwd42vli/test.o -laio -o /tmp/tmptwd42vli/a.out
08/07/2026 19:53:46 - INFO - root -   gcc -pthread -B /root/miniconda3/compiler_compat -fno-strict-overflow -DNDEBUG -O2 -Wall -fPIC -O2 -isystem /root/miniconda3/include -fPIC -O2 -isystem /root/miniconda3/include -fPIC -c /tmp/tmpba1pgrqe/test.c -o /tmp/tmpba1pgrqe/test.o
08/07/2026 19:53:46 - INFO - root -   gcc -pthread -B /root/miniconda3/compiler_compat /tmp/tmpba1pgrqe/test.o -L/usr/local/cuda -L/usr/local/cuda/lib64 -lcufile -o /tmp/tmpba1pgrqe/a.out
08/07/2026 19:53:46 - INFO - root -   gcc -pthread -B /root/miniconda3/compiler_compat -fno-strict-overflow -DNDEBUG -O2 -Wall -fPIC -O2 -isystem /root/miniconda3/include -fPIC -O2 -isystem /root/miniconda3/include -fPIC -c /tmp/tmpja73pr30/test.c -o /tmp/tmpja73pr30/test.o
08/07/2026 19:53:46 - INFO - root -   gcc -pthread -B /root/miniconda3/compiler_compat /tmp/tmpja73pr30/test.o -laio -o /tmp/tmpja73pr30/a.out
08/07/2026 19:53:46 - INFO - root -   gcc -pthread -B /root/miniconda3/compiler_compat -fno-strict-overflow -DNDEBUG -O2 -Wall -fPIC -O2 -isystem /root/miniconda3/include -fPIC -O2 -isystem /root/miniconda3/include -fPIC -c /tmp/tmp4t1u0l0s/test.c -o /tmp/tmp4t1u0l0s/test.o
08/07/2026 19:53:46 - INFO - root -   gcc -pthread -B /root/miniconda3/compiler_compat /tmp/tmp4t1u0l0s/test.o -L/usr/local/cuda -L/usr/local/cuda/lib64 -lcufile -o /tmp/tmp4t1u0l0s/a.out
08/07/2026 19:53:46 - INFO - root -   gcc -pthread -B /root/miniconda3/compiler_compat -fno-strict-overflow -DNDEBUG -O2 -Wall -fPIC -O2 -isystem /root/miniconda3/include -fPIC -O2 -isystem /root/miniconda3/include -fPIC -c /tmp/tmppk2736_9/test.c -o /tmp/tmppk2736_9/test.o
08/07/2026 19:53:46 - INFO - root -   gcc -pthread -B /root/miniconda3/compiler_compat /tmp/tmppk2736_9/test.o -laio -o /tmp/tmppk2736_9/a.out
08/07/2026 19:53:46 - INFO - root -   gcc -pthread -B /root/miniconda3/compiler_compat -fno-strict-overflow -DNDEBUG -O2 -Wall -fPIC -O2 -isystem /root/miniconda3/include -fPIC -O2 -isystem /root/miniconda3/include -fPIC -c /tmp/tmp5kbl1jkd/test.c -o /tmp/tmp5kbl1jkd/test.o
08/07/2026 19:53:46 - INFO - root -   gcc -pthread -B /root/miniconda3/compiler_compat /tmp/tmp5kbl1jkd/test.o -L/usr/local/cuda -L/usr/local/cuda/lib64 -lcufile -o /tmp/tmp5kbl1jkd/a.out
08/07/2026 19:53:48 - INFO - root -   gcc -pthread -B /root/miniconda3/compiler_compat -fno-strict-overflow -DNDEBUG -O2 -Wall -fPIC -O2 -isystem /root/miniconda3/include -fPIC -O2 -isystem /root/miniconda3/include -fPIC -c /tmp/tmpar8k_8fk/test.c -o /tmp/tmpar8k_8fk/test.o
08/07/2026 19:53:48 - INFO - root -   gcc -pthread -B /root/miniconda3/compiler_compat /tmp/tmpar8k_8fk/test.o -laio -o /tmp/tmpar8k_8fk/a.out
08/07/2026 19:53:48 - INFO - root -   gcc -pthread -B /root/miniconda3/compiler_compat -fno-strict-overflow -DNDEBUG -O2 -Wall -fPIC -O2 -isystem /root/miniconda3/include -fPIC -O2 -isystem /root/miniconda3/include -fPIC -c /tmp/tmp92rop8q2/test.c -o /tmp/tmp92rop8q2/test.o
08/07/2026 19:53:48 - INFO - root -   gcc -pthread -B /root/miniconda3/compiler_compat /tmp/tmp92rop8q2/test.o -L/usr/local/cuda -L/usr/local/cuda/lib64 -lcufile -o /tmp/tmp92rop8q2/a.out
08/07/2026 19:53:48 - INFO - root -   gcc -pthread -B /root/miniconda3/compiler_compat -fno-strict-overflow -DNDEBUG -O2 -Wall -fPIC -O2 -isystem /root/miniconda3/include -fPIC -O2 -isystem /root/miniconda3/include -fPIC -c /tmp/tmpx2dt7q4m/test.c -o /tmp/tmpx2dt7q4m/test.o
08/07/2026 19:53:48 - INFO - root -   gcc -pthread -B /root/miniconda3/compiler_compat /tmp/tmpx2dt7q4m/test.o -laio -o /tmp/tmpx2dt7q4m/a.out
08/07/2026 19:53:48 - INFO - root -   gcc -pthread -B /root/miniconda3/compiler_compat -fno-strict-overflow -DNDEBUG -O2 -Wall -fPIC -O2 -isystem /root/miniconda3/include -fPIC -O2 -isystem /root/miniconda3/include -fPIC -c /tmp/tmplbd7nfrl/test.c -o /tmp/tmplbd7nfrl/test.o
08/07/2026 19:53:48 - INFO - root -   gcc -pthread -B /root/miniconda3/compiler_compat /tmp/tmplbd7nfrl/test.o -L/usr/local/cuda -L/usr/local/cuda/lib64 -lcufile -o /tmp/tmplbd7nfrl/a.out
