08/16/2026 16:52:59 - INFO - __main__ -   ########## few-shot seed=42 ##########
08/16/2026 16:52:59 - INFO - __main__ -   ########## few-shot seed=42 ##########
08/16/2026 16:52:59 - INFO - __main__ -   ########## few-shot seed=42 ##########
08/16/2026 16:53:11 - INFO - root -   gcc -pthread -B /root/miniconda3/compiler_compat -fno-strict-overflow -DNDEBUG -O2 -Wall -fPIC -O2 -isystem /root/miniconda3/include -fPIC -O2 -isystem /root/miniconda3/include -fPIC -c /tmp/tmp_xc7a4po/test.c -o /tmp/tmp_xc7a4po/test.o
08/16/2026 16:53:11 - INFO - root -   gcc -pthread -B /root/miniconda3/compiler_compat /tmp/tmp_xc7a4po/test.o -laio -o /tmp/tmp_xc7a4po/a.out
08/16/2026 16:53:11 - INFO - root -   gcc -pthread -B /root/miniconda3/compiler_compat -fno-strict-overflow -DNDEBUG -O2 -Wall -fPIC -O2 -isystem /root/miniconda3/include -fPIC -O2 -isystem /root/miniconda3/include -fPIC -c /tmp/tmpygbxg9s2/test.c -o /tmp/tmpygbxg9s2/test.o
08/16/2026 16:53:11 - INFO - root -   gcc -pthread -B /root/miniconda3/compiler_compat /tmp/tmpygbxg9s2/test.o -L/usr/local/cuda -L/usr/local/cuda/lib64 -lcufile -o /tmp/tmpygbxg9s2/a.out
08/16/2026 16:53:11 - INFO - root -   gcc -pthread -B /root/miniconda3/compiler_compat -fno-strict-overflow -DNDEBUG -O2 -Wall -fPIC -O2 -isystem /root/miniconda3/include -fPIC -O2 -isystem /root/miniconda3/include -fPIC -c /tmp/tmpuby6qmop/test.c -o /tmp/tmpuby6qmop/test.o
08/16/2026 16:53:11 - INFO - root -   gcc -pthread -B /root/miniconda3/compiler_compat /tmp/tmpuby6qmop/test.o -laio -o /tmp/tmpuby6qmop/a.out
08/16/2026 16:53:11 - INFO - root -   gcc -pthread -B /root/miniconda3/compiler_compat -fno-strict-overflow -DNDEBUG -O2 -Wall -fPIC -O2 -isystem /root/miniconda3/include -fPIC -O2 -isystem /root/miniconda3/include -fPIC -c /tmp/tmprzrty4ok/test.c -o /tmp/tmprzrty4ok/test.o
08/16/2026 16:53:11 - INFO - root -   gcc -pthread -B /root/miniconda3/compiler_compat -fno-strict-overflow -DNDEBUG -O2 -Wall -fPIC -O2 -isystem /root/miniconda3/include -fPIC -O2 -isystem /root/miniconda3/include -fPIC -c /tmp/tmp4mm5jtd7/test.c -o /tmp/tmp4mm5jtd7/test.o
08/16/2026 16:53:11 - INFO - root -   gcc -pthread -B /root/miniconda3/compiler_compat /tmp/tmprzrty4ok/test.o -laio -o /tmp/tmprzrty4ok/a.out
08/16/2026 16:53:11 - INFO - root -   gcc -pthread -B /root/miniconda3/compiler_compat /tmp/tmp4mm5jtd7/test.o -L/usr/local/cuda -L/usr/local/cuda/lib64 -lcufile -o /tmp/tmp4mm5jtd7/a.out
08/16/2026 16:53:11 - INFO - root -   gcc -pthread -B /root/miniconda3/compiler_compat -fno-strict-overflow -DNDEBUG -O2 -Wall -fPIC -O2 -isystem /root/miniconda3/include -fPIC -O2 -isystem /root/miniconda3/include -fPIC -c /tmp/tmpgf1hqfux/test.c -o /tmp/tmpgf1hqfux/test.o
08/16/2026 16:53:11 - INFO - root -   gcc -pthread -B /root/miniconda3/compiler_compat /tmp/tmpgf1hqfux/test.o -L/usr/local/cuda -L/usr/local/cuda/lib64 -lcufile -o /tmp/tmpgf1hqfux/a.out
08/16/2026 16:53:15 - INFO - utils.trainer -     2 prompt-buffer key(s) skipped (kept target-dataset prompt)
08/16/2026 16:53:15 - INFO - utils.trainer -     582 keys not in checkpoint (kept from init)
08/16/2026 16:53:15 - INFO - utils.trainer -   Model loaded from ./output_dir/TimeLLM_AgeCAUEEG_train/TimeLLM-0.bin (21/23 keys)
08/16/2026 16:53:15 - INFO - utils.trainer -     2 prompt-buffer key(s) skipped (kept target-dataset prompt)
08/16/2026 16:53:15 - INFO - utils.trainer -     582 keys not in checkpoint (kept from init)
08/16/2026 16:53:15 - INFO - utils.trainer -   Model loaded from ./output_dir/TimeLLM_AgeCAUEEG_train/TimeLLM-0.bin (21/23 keys)
08/16/2026 16:53:15 - INFO - utils.trainer -     2 prompt-buffer key(s) skipped (kept target-dataset prompt)
08/16/2026 16:53:15 - INFO - utils.trainer -     582 keys not in checkpoint (kept from init)
08/16/2026 16:53:15 - INFO - utils.trainer -   Model loaded from ./output_dir/TimeLLM_AgeCAUEEG_train/TimeLLM-0.bin (21/23 keys)
08/16/2026 16:53:15 - INFO - utils.trainer -   ***** Running few-shot fine-tune (transfer) *****
08/16/2026 16:53:15 - INFO - utils.trainer -     Num train examples = 2
08/16/2026 16:53:15 - INFO - utils.trainer -     Num val   examples = 87
08/16/2026 16:53:15 - INFO - utils.trainer -     Num test  examples = 88
08/16/2026 16:53:15 - INFO - utils.trainer -     Max fine-tune epochs = 200
08/16/2026 16:53:15 - INFO - utils.trainer -     Fine-tune lr = 0.0001
08/16/2026 16:53:18 - INFO - utils.trainer -   ***** Running regression evaluation on val0 dataset *****
08/16/2026 16:53:29 - INFO - utils.trainer -   Loss: 2562.12256
08/16/2026 16:53:29 - INFO - utils.trainer -   MSE: 2554.05054
08/16/2026 16:53:29 - INFO - utils.trainer -   MAE: 47.39521
08/16/2026 16:53:29 - INFO - utils.trainer -   RMSE: 50.53762
08/16/2026 16:53:29 - INFO - utils.trainer -   R2: -7.29909
08/16/2026 16:53:29 - INFO - utils.trainer -   PearsonR: 0.01225
08/16/2026 16:53:30 - INFO - utils.trainer -   Model saved to output_dir/TimeLLM_AgeTUAB_fewshot_best
08/16/2026 16:53:30 - INFO - utils.trainer -   Best model saved (val Loss=2562.1226, epoch=1)
08/16/2026 16:53:30 - INFO - utils.trainer -   FT Epoch: 1/200, Train Loss: 1216.06982, Val Loss: 2562.12256, Val Loss: 2562.1226, Best Loss: 2562.1226, No improve: 0/10, Time: 2.7s
08/16/2026 16:53:32 - INFO - utils.trainer -   ***** Running regression evaluation on val0 dataset *****
08/16/2026 16:53:44 - INFO - utils.trainer -   Loss: 2080.68888
08/16/2026 16:53:44 - INFO - utils.trainer -   MSE: 2073.36646
08/16/2026 16:53:44 - INFO - utils.trainer -   MAE: 42.04899
08/16/2026 16:53:44 - INFO - utils.trainer -   RMSE: 45.53423
08/16/2026 16:53:44 - INFO - utils.trainer -   R2: -5.73717
08/16/2026 16:53:44 - INFO - utils.trainer -   PearsonR: -0.00360
08/16/2026 16:53:45 - INFO - utils.trainer -   Model saved to output_dir/TimeLLM_AgeTUAB_fewshot_best
08/16/2026 16:53:45 - INFO - utils.trainer -   Best model saved (val Loss=2080.6889, epoch=2)
08/16/2026 16:53:45 - INFO - utils.trainer -   FT Epoch: 2/200, Train Loss: 2660.54016, Val Loss: 2080.68888, Val Loss: 2080.6889, Best Loss: 2080.6889, No improve: 0/10, Time: 2.2s
08/16/2026 16:53:47 - INFO - utils.trainer -   ***** Running regression evaluation on val0 dataset *****
08/16/2026 16:53:59 - INFO - utils.trainer -   Loss: 1582.98474
08/16/2026 16:53:59 - INFO - utils.trainer -   MSE: 1576.56702
08/16/2026 16:53:59 - INFO - utils.trainer -   MAE: 35.73306
08/16/2026 16:53:59 - INFO - utils.trainer -   RMSE: 39.70601
08/16/2026 16:53:59 - INFO - utils.trainer -   R2: -4.12287
08/16/2026 16:53:59 - INFO - utils.trainer -   PearsonR: 0.02196
08/16/2026 16:54:00 - INFO - utils.trainer -   Model saved to output_dir/TimeLLM_AgeTUAB_fewshot_best
08/16/2026 16:54:00 - INFO - utils.trainer -   Best model saved (val Loss=1582.9847, epoch=3)
08/16/2026 16:54:00 - INFO - utils.trainer -   FT Epoch: 3/200, Train Loss: 1505.69635, Val Loss: 1582.98474, Val Loss: 1582.9847, Best Loss: 1582.9847, No improve: 0/10, Time: 2.1s
08/16/2026 16:54:02 - INFO - utils.trainer -   ***** Running regression evaluation on val0 dataset *****
08/16/2026 16:54:14 - INFO - utils.trainer -   Loss: 1140.88660
08/16/2026 16:54:14 - INFO - utils.trainer -   MSE: 1135.42529
08/16/2026 16:54:14 - INFO - utils.trainer -   MAE: 29.04478
08/16/2026 16:54:14 - INFO - utils.trainer -   RMSE: 33.69607
08/16/2026 16:54:14 - INFO - utils.trainer -   R2: -2.68943
08/16/2026 16:54:14 - INFO - utils.trainer -   PearsonR: 0.02946
08/16/2026 16:54:15 - INFO - utils.trainer -   Model saved to output_dir/TimeLLM_AgeTUAB_fewshot_best
08/16/2026 16:54:15 - INFO - utils.trainer -   Best model saved (val Loss=1140.8866, epoch=4)
08/16/2026 16:54:15 - INFO - utils.trainer -   FT Epoch: 4/200, Train Loss: 1850.02820, Val Loss: 1140.88660, Val Loss: 1140.8866, Best Loss: 1140.8866, No improve: 0/10, Time: 2.1s
08/16/2026 16:54:17 - INFO - utils.trainer -   ***** Running regression evaluation on val0 dataset *****
08/16/2026 16:54:28 - INFO - utils.trainer -   Loss: 780.11363
08/16/2026 16:54:28 - INFO - utils.trainer -   MSE: 775.65631
08/16/2026 16:54:28 - INFO - utils.trainer -   MAE: 22.93049
08/16/2026 16:54:28 - INFO - utils.trainer -   RMSE: 27.85061
08/16/2026 16:54:28 - INFO - utils.trainer -   R2: -1.52041
08/16/2026 16:54:28 - INFO - utils.trainer -   PearsonR: -0.02249
08/16/2026 16:54:29 - INFO - utils.trainer -   Model saved to output_dir/TimeLLM_AgeTUAB_fewshot_best
08/16/2026 16:54:29 - INFO - utils.trainer -   Best model saved (val Loss=780.1136, epoch=5)
08/16/2026 16:54:29 - INFO - utils.trainer -   FT Epoch: 5/200, Train Loss: 2627.33582, Val Loss: 780.11363, Val Loss: 780.1136, Best Loss: 780.1136, No improve: 0/10, Time: 2.1s
08/16/2026 16:54:32 - INFO - utils.trainer -   ***** Running regression evaluation on val0 dataset *****
08/16/2026 16:54:44 - INFO - utils.trainer -   Loss: 504.13402
08/16/2026 16:54:44 - INFO - utils.trainer -   MSE: 500.76715
08/16/2026 16:54:44 - INFO - utils.trainer -   MAE: 18.11834
08/16/2026 16:54:44 - INFO - utils.trainer -   RMSE: 22.37783
08/16/2026 16:54:44 - INFO - utils.trainer -   R2: -0.62719
08/16/2026 16:54:44 - INFO - utils.trainer -   PearsonR: 0.00998
08/16/2026 16:54:45 - INFO - utils.trainer -   Model saved to output_dir/TimeLLM_AgeTUAB_fewshot_best
08/16/2026 16:54:45 - INFO - utils.trainer -   Best model saved (val Loss=504.1340, epoch=6)
08/16/2026 16:54:45 - INFO - utils.trainer -   FT Epoch: 6/200, Train Loss: 1137.99634, Val Loss: 504.13402, Val Loss: 504.1340, Best Loss: 504.1340, No improve: 0/10, Time: 2.6s
08/16/2026 16:54:48 - INFO - utils.trainer -   ***** Running regression evaluation on val0 dataset *****
08/16/2026 16:55:00 - INFO - utils.trainer -   Loss: 343.24785
08/16/2026 16:55:00 - INFO - utils.trainer -   MSE: 341.01837
08/16/2026 16:55:00 - INFO - utils.trainer -   MAE: 15.01111
08/16/2026 16:55:00 - INFO - utils.trainer -   RMSE: 18.46668
08/16/2026 16:55:00 - INFO - utils.trainer -   R2: -0.10810
08/16/2026 16:55:00 - INFO - utils.trainer -   PearsonR: 0.06262
08/16/2026 16:55:01 - INFO - utils.trainer -   Model saved to output_dir/TimeLLM_AgeTUAB_fewshot_best
08/16/2026 16:55:01 - INFO - utils.trainer -   Best model saved (val Loss=343.2479, epoch=7)
08/16/2026 16:55:01 - INFO - utils.trainer -   FT Epoch: 7/200, Train Loss: 625.38445, Val Loss: 343.24785, Val Loss: 343.2479, Best Loss: 343.2479, No improve: 0/10, Time: 2.6s
08/16/2026 16:55:03 - INFO - utils.trainer -   ***** Running regression evaluation on val0 dataset *****
08/16/2026 16:55:15 - INFO - utils.trainer -   Loss: 313.00993
08/16/2026 16:55:15 - INFO - utils.trainer -   MSE: 311.87997
08/16/2026 16:55:15 - INFO - utils.trainer -   MAE: 14.53605
08/16/2026 16:55:15 - INFO - utils.trainer -   RMSE: 17.66012
08/16/2026 16:55:15 - INFO - utils.trainer -   R2: -0.01342
08/16/2026 16:55:15 - INFO - utils.trainer -   PearsonR: 0.07459
08/16/2026 16:55:16 - INFO - utils.trainer -   Model saved to output_dir/TimeLLM_AgeTUAB_fewshot_best
08/16/2026 16:55:16 - INFO - utils.trainer -   Best model saved (val Loss=313.0099, epoch=8)
08/16/2026 16:55:16 - INFO - utils.trainer -   FT Epoch: 8/200, Train Loss: 1739.04459, Val Loss: 313.00993, Val Loss: 313.0099, Best Loss: 313.0099, No improve: 0/10, Time: 2.5s
08/16/2026 16:55:19 - INFO - utils.trainer -   ***** Running regression evaluation on val0 dataset *****
08/16/2026 16:55:31 - INFO - utils.trainer -   Loss: 368.32503
08/16/2026 16:55:31 - INFO - utils.trainer -   MSE: 368.00305
08/16/2026 16:55:31 - INFO - utils.trainer -   MAE: 15.84494
08/16/2026 16:55:31 - INFO - utils.trainer -   RMSE: 19.18340
08/16/2026 16:55:31 - INFO - utils.trainer -   R2: -0.19578
08/16/2026 16:55:31 - INFO - utils.trainer -   PearsonR: 0.04684
08/16/2026 16:55:31 - INFO - utils.trainer -   FT Epoch: 9/200, Train Loss: 780.92889, Val Loss: 368.32503, Val Loss: 368.3250, Best Loss: 313.0099, No improve: 1/10, Time: 2.6s
08/16/2026 16:55:33 - INFO - utils.trainer -   ***** Running regression evaluation on val0 dataset *****
08/16/2026 16:55:45 - INFO - utils.trainer -   Loss: 346.23306
08/16/2026 16:55:45 - INFO - utils.trainer -   MSE: 345.68097
08/16/2026 16:55:45 - INFO - utils.trainer -   MAE: 15.35751
08/16/2026 16:55:45 - INFO - utils.trainer -   RMSE: 18.59250
08/16/2026 16:55:45 - INFO - utils.trainer -   R2: -0.12325
08/16/2026 16:55:45 - INFO - utils.trainer -   PearsonR: -0.00556
08/16/2026 16:55:45 - INFO - utils.trainer -   FT Epoch: 10/200, Train Loss: 516.30945, Val Loss: 346.23306, Val Loss: 346.2331, Best Loss: 313.0099, No improve: 2/10, Time: 2.5s
08/16/2026 16:55:48 - INFO - utils.trainer -   ***** Running regression evaluation on val0 dataset *****
08/16/2026 16:56:00 - INFO - utils.trainer -   Loss: 309.90102
08/16/2026 16:56:00 - INFO - utils.trainer -   MSE: 308.36438
08/16/2026 16:56:00 - INFO - utils.trainer -   MAE: 14.34775
08/16/2026 16:56:00 - INFO - utils.trainer -   RMSE: 17.56031
08/16/2026 16:56:00 - INFO - utils.trainer -   R2: -0.00199
08/16/2026 16:56:00 - INFO - utils.trainer -   PearsonR: 0.05925
08/16/2026 16:56:01 - INFO - utils.trainer -   Model saved to output_dir/TimeLLM_AgeTUAB_fewshot_best
08/16/2026 16:56:01 - INFO - utils.trainer -   Best model saved (val Loss=309.9010, epoch=11)
08/16/2026 16:56:01 - INFO - utils.trainer -   FT Epoch: 11/200, Train Loss: 594.33743, Val Loss: 309.90102, Val Loss: 309.9010, Best Loss: 309.9010, No improve: 0/10, Time: 2.4s
08/16/2026 16:56:03 - INFO - utils.trainer -   ***** Running regression evaluation on val0 dataset *****
08/16/2026 16:56:15 - INFO - utils.trainer -   Loss: 319.08152
08/16/2026 16:56:15 - INFO - utils.trainer -   MSE: 318.11536
08/16/2026 16:56:15 - INFO - utils.trainer -   MAE: 14.71615
08/16/2026 16:56:15 - INFO - utils.trainer -   RMSE: 17.83579
08/16/2026 16:56:15 - INFO - utils.trainer -   R2: -0.03368
08/16/2026 16:56:15 - INFO - utils.trainer -   PearsonR: -0.04615
08/16/2026 16:56:15 - INFO - utils.trainer -   FT Epoch: 12/200, Train Loss: 185.66585, Val Loss: 319.08152, Val Loss: 319.0815, Best Loss: 309.9010, No improve: 1/10, Time: 2.5s
08/16/2026 16:56:18 - INFO - utils.trainer -   ***** Running regression evaluation on val0 dataset *****
08/16/2026 16:56:30 - INFO - utils.trainer -   Loss: 340.50726
08/16/2026 16:56:30 - INFO - utils.trainer -   MSE: 339.89423
08/16/2026 16:56:30 - INFO - utils.trainer -   MAE: 15.22731
08/16/2026 16:56:30 - INFO - utils.trainer -   RMSE: 18.43622
08/16/2026 16:56:30 - INFO - utils.trainer -   R2: -0.10445
08/16/2026 16:56:30 - INFO - utils.trainer -   PearsonR: 0.01408
08/16/2026 16:56:30 - INFO - utils.trainer -   FT Epoch: 13/200, Train Loss: 1255.48311, Val Loss: 340.50726, Val Loss: 340.5073, Best Loss: 309.9010, No improve: 2/10, Time: 2.4s
08/16/2026 16:56:32 - INFO - utils.trainer -   ***** Running regression evaluation on val0 dataset *****
08/16/2026 16:56:44 - INFO - utils.trainer -   Loss: 343.48342
08/16/2026 16:56:44 - INFO - utils.trainer -   MSE: 342.90759
08/16/2026 16:56:44 - INFO - utils.trainer -   MAE: 15.29403
08/16/2026 16:56:44 - INFO - utils.trainer -   RMSE: 18.51777
08/16/2026 16:56:44 - INFO - utils.trainer -   R2: -0.11424
08/16/2026 16:56:44 - INFO - utils.trainer -   PearsonR: 0.01259
08/16/2026 16:56:44 - INFO - utils.trainer -   FT Epoch: 14/200, Train Loss: 444.75011, Val Loss: 343.48342, Val Loss: 343.4834, Best Loss: 309.9010, No improve: 3/10, Time: 2.6s
08/16/2026 16:56:47 - INFO - utils.trainer -   ***** Running regression evaluation on val0 dataset *****
08/16/2026 16:56:59 - INFO - utils.trainer -   Loss: 354.54228
08/16/2026 16:56:59 - INFO - utils.trainer -   MSE: 354.09125
08/16/2026 16:56:59 - INFO - utils.trainer -   MAE: 15.53971
08/16/2026 16:56:59 - INFO - utils.trainer -   RMSE: 18.81731
08/16/2026 16:56:59 - INFO - utils.trainer -   R2: -0.15058
08/16/2026 16:56:59 - INFO - utils.trainer -   PearsonR: 0.04735
08/16/2026 16:56:59 - INFO - utils.trainer -   FT Epoch: 15/200, Train Loss: 474.71746, Val Loss: 354.54228, Val Loss: 354.5423, Best Loss: 309.9010, No improve: 4/10, Time: 2.4s
08/16/2026 16:57:01 - INFO - utils.trainer -   ***** Running regression evaluation on val0 dataset *****
08/16/2026 16:57:13 - INFO - utils.trainer -   Loss: 387.52514
08/16/2026 16:57:13 - INFO - utils.trainer -   MSE: 387.36618
08/16/2026 16:57:13 - INFO - utils.trainer -   MAE: 16.24721
08/16/2026 16:57:13 - INFO - utils.trainer -   RMSE: 19.68162
08/16/2026 16:57:13 - INFO - utils.trainer -   R2: -0.25870
08/16/2026 16:57:13 - INFO - utils.trainer -   PearsonR: 0.01918
08/16/2026 16:57:13 - INFO - utils.trainer -   FT Epoch: 16/200, Train Loss: 144.45158, Val Loss: 387.52514, Val Loss: 387.5251, Best Loss: 309.9010, No improve: 5/10, Time: 2.5s
08/16/2026 16:57:16 - INFO - utils.trainer -   ***** Running regression evaluation on val0 dataset *****
08/16/2026 16:57:28 - INFO - utils.trainer -   Loss: 374.47287
08/16/2026 16:57:28 - INFO - utils.trainer -   MSE: 374.20386
08/16/2026 16:57:28 - INFO - utils.trainer -   MAE: 15.97690
08/16/2026 16:57:28 - INFO - utils.trainer -   RMSE: 19.34435
08/16/2026 16:57:28 - INFO - utils.trainer -   R2: -0.21593
08/16/2026 16:57:28 - INFO - utils.trainer -   PearsonR: -0.01291
08/16/2026 16:57:28 - INFO - utils.trainer -   FT Epoch: 17/200, Train Loss: 216.37953, Val Loss: 374.47287, Val Loss: 374.4729, Best Loss: 309.9010, No improve: 6/10, Time: 2.5s
08/16/2026 16:57:30 - INFO - utils.trainer -   ***** Running regression evaluation on val0 dataset *****
08/16/2026 16:57:43 - INFO - utils.trainer -   Loss: 309.14914
08/16/2026 16:57:43 - INFO - utils.trainer -   MSE: 307.72723
08/16/2026 16:57:43 - INFO - utils.trainer -   MAE: 14.34062
08/16/2026 16:57:43 - INFO - utils.trainer -   RMSE: 17.54216
08/16/2026 16:57:43 - INFO - utils.trainer -   R2: 0.00008
08/16/2026 16:57:43 - INFO - utils.trainer -   PearsonR: 0.02489
08/16/2026 16:57:43 - INFO - utils.trainer -   Model saved to output_dir/TimeLLM_AgeTUAB_fewshot_best
08/16/2026 16:57:43 - INFO - utils.trainer -   Best model saved (val Loss=309.1491, epoch=18)
08/16/2026 16:57:43 - INFO - utils.trainer -   FT Epoch: 18/200, Train Loss: 224.85288, Val Loss: 309.14914, Val Loss: 309.1491, Best Loss: 309.1491, No improve: 0/10, Time: 2.5s
08/16/2026 16:57:46 - INFO - utils.trainer -   ***** Running regression evaluation on val0 dataset *****
08/16/2026 16:57:58 - INFO - utils.trainer -   Loss: 309.25744
08/16/2026 16:57:58 - INFO - utils.trainer -   MSE: 307.89386
08/16/2026 16:57:58 - INFO - utils.trainer -   MAE: 14.36040
08/16/2026 16:57:58 - INFO - utils.trainer -   RMSE: 17.54691
08/16/2026 16:57:58 - INFO - utils.trainer -   R2: -0.00047
08/16/2026 16:57:58 - INFO - utils.trainer -   PearsonR: -0.00574
08/16/2026 16:57:58 - INFO - utils.trainer -   FT Epoch: 19/200, Train Loss: 1293.95679, Val Loss: 309.25744, Val Loss: 309.2574, Best Loss: 309.1491, No improve: 1/10, Time: 2.5s
08/16/2026 16:58:01 - INFO - utils.trainer -   ***** Running regression evaluation on val0 dataset *****
08/16/2026 16:58:13 - INFO - utils.trainer -   Loss: 325.10559
08/16/2026 16:58:13 - INFO - utils.trainer -   MSE: 324.26093
08/16/2026 16:58:13 - INFO - utils.trainer -   MAE: 14.86720
08/16/2026 16:58:13 - INFO - utils.trainer -   RMSE: 18.00725
08/16/2026 16:58:13 - INFO - utils.trainer -   R2: -0.05365
08/16/2026 16:58:13 - INFO - utils.trainer -   PearsonR: -0.03343
08/16/2026 16:58:13 - INFO - utils.trainer -   FT Epoch: 20/200, Train Loss: 1027.01664, Val Loss: 325.10559, Val Loss: 325.1056, Best Loss: 309.1491, No improve: 2/10, Time: 2.6s
08/16/2026 16:58:15 - INFO - utils.trainer -   ***** Running regression evaluation on val0 dataset *****
08/16/2026 16:58:27 - INFO - utils.trainer -   Loss: 341.14529
08/16/2026 16:58:27 - INFO - utils.trainer -   MSE: 340.53699
08/16/2026 16:58:27 - INFO - utils.trainer -   MAE: 15.24324
08/16/2026 16:58:27 - INFO - utils.trainer -   RMSE: 18.45364
08/16/2026 16:58:27 - INFO - utils.trainer -   R2: -0.10654
08/16/2026 16:58:27 - INFO - utils.trainer -   PearsonR: 0.01173
08/16/2026 16:58:27 - INFO - utils.trainer -   FT Epoch: 21/200, Train Loss: 987.11257, Val Loss: 341.14529, Val Loss: 341.1453, Best Loss: 309.1491, No improve: 3/10, Time: 2.5s
08/16/2026 16:58:30 - INFO - utils.trainer -   ***** Running regression evaluation on val0 dataset *****
08/16/2026 16:58:42 - INFO - utils.trainer -   Loss: 312.16674
08/16/2026 16:58:42 - INFO - utils.trainer -   MSE: 311.00870
08/16/2026 16:58:42 - INFO - utils.trainer -   MAE: 14.50315
08/16/2026 16:58:42 - INFO - utils.trainer -   RMSE: 17.63544
08/16/2026 16:58:42 - INFO - utils.trainer -   R2: -0.01059
08/16/2026 16:58:42 - INFO - utils.trainer -   PearsonR: 0.01395
08/16/2026 16:58:42 - INFO - utils.trainer -   FT Epoch: 22/200, Train Loss: 524.25903, Val Loss: 312.16674, Val Loss: 312.1667, Best Loss: 309.1491, No improve: 4/10, Time: 2.6s
08/16/2026 16:58:45 - INFO - utils.trainer -   ***** Running regression evaluation on val0 dataset *****
08/16/2026 16:58:57 - INFO - utils.trainer -   Loss: 313.06250
08/16/2026 16:58:57 - INFO - utils.trainer -   MSE: 311.37802
08/16/2026 16:58:57 - INFO - utils.trainer -   MAE: 14.40111
08/16/2026 16:58:57 - INFO - utils.trainer -   RMSE: 17.64591
08/16/2026 16:58:57 - INFO - utils.trainer -   R2: -0.01179
08/16/2026 16:58:57 - INFO - utils.trainer -   PearsonR: 0.00989
08/16/2026 16:58:57 - INFO - utils.trainer -   FT Epoch: 23/200, Train Loss: 498.78920, Val Loss: 313.06250, Val Loss: 313.0625, Best Loss: 309.1491, No improve: 5/10, Time: 2.5s
08/16/2026 16:58:59 - INFO - utils.trainer -   ***** Running regression evaluation on val0 dataset *****
08/16/2026 16:59:11 - INFO - utils.trainer -   Loss: 311.86503
08/16/2026 16:59:11 - INFO - utils.trainer -   MSE: 310.23056
08/16/2026 16:59:11 - INFO - utils.trainer -   MAE: 14.38205
08/16/2026 16:59:11 - INFO - utils.trainer -   RMSE: 17.61336
08/16/2026 16:59:11 - INFO - utils.trainer -   R2: -0.00806
08/16/2026 16:59:11 - INFO - utils.trainer -   PearsonR: 0.02089
08/16/2026 16:59:11 - INFO - utils.trainer -   FT Epoch: 24/200, Train Loss: 2573.58341, Val Loss: 311.86503, Val Loss: 311.8650, Best Loss: 309.1491, No improve: 6/10, Time: 2.6s
08/16/2026 16:59:14 - INFO - utils.trainer -   ***** Running regression evaluation on val0 dataset *****
08/16/2026 16:59:26 - INFO - utils.trainer -   Loss: 311.03998
08/16/2026 16:59:26 - INFO - utils.trainer -   MSE: 309.83395
08/16/2026 16:59:26 - INFO - utils.trainer -   MAE: 14.45832
08/16/2026 16:59:26 - INFO - utils.trainer -   RMSE: 17.60210
08/16/2026 16:59:26 - INFO - utils.trainer -   R2: -0.00677
08/16/2026 16:59:26 - INFO - utils.trainer -   PearsonR: 0.05311
08/16/2026 16:59:26 - INFO - utils.trainer -   FT Epoch: 25/200, Train Loss: 542.75262, Val Loss: 311.03998, Val Loss: 311.0400, Best Loss: 309.1491, No improve: 7/10, Time: 2.5s
08/16/2026 16:59:28 - INFO - utils.trainer -   ***** Running regression evaluation on val0 dataset *****
08/16/2026 16:59:40 - INFO - utils.trainer -   Loss: 344.96359
08/16/2026 16:59:40 - INFO - utils.trainer -   MSE: 344.40219
08/16/2026 16:59:40 - INFO - utils.trainer -   MAE: 15.32793
08/16/2026 16:59:40 - INFO - utils.trainer -   RMSE: 18.55808
08/16/2026 16:59:40 - INFO - utils.trainer -   R2: -0.11910
08/16/2026 16:59:40 - INFO - utils.trainer -   PearsonR: 0.05427
08/16/2026 16:59:40 - INFO - utils.trainer -   FT Epoch: 26/200, Train Loss: 475.41238, Val Loss: 344.96359, Val Loss: 344.9636, Best Loss: 309.1491, No improve: 8/10, Time: 2.5s
08/16/2026 16:59:43 - INFO - utils.trainer -   ***** Running regression evaluation on val0 dataset *****
08/16/2026 16:59:55 - INFO - utils.trainer -   Loss: 365.25807
08/16/2026 16:59:55 - INFO - utils.trainer -   MSE: 364.90533
08/16/2026 16:59:55 - INFO - utils.trainer -   MAE: 15.77891
08/16/2026 16:59:55 - INFO - utils.trainer -   RMSE: 19.10250
08/16/2026 16:59:55 - INFO - utils.trainer -   R2: -0.18572
08/16/2026 16:59:55 - INFO - utils.trainer -   PearsonR: 0.03342
08/16/2026 16:59:55 - INFO - utils.trainer -   FT Epoch: 27/200, Train Loss: 589.02573, Val Loss: 365.25807, Val Loss: 365.2581, Best Loss: 309.1491, No improve: 9/10, Time: 2.6s
08/16/2026 16:59:58 - INFO - utils.trainer -   ***** Running regression evaluation on val0 dataset *****
08/16/2026 17:00:10 - INFO - utils.trainer -   Loss: 332.77533
08/16/2026 17:00:10 - INFO - utils.trainer -   MSE: 332.05667
08/16/2026 17:00:10 - INFO - utils.trainer -   MAE: 15.04510
08/16/2026 17:00:10 - INFO - utils.trainer -   RMSE: 18.22242
08/16/2026 17:00:10 - INFO - utils.trainer -   R2: -0.07898
08/16/2026 17:00:10 - INFO - utils.trainer -   PearsonR: 0.10160
08/16/2026 17:00:10 - INFO - utils.trainer -   FT Epoch: 28/200, Train Loss: 455.98964, Val Loss: 332.77533, Val Loss: 332.7753, Best Loss: 309.1491, No improve: 10/10, Time: 2.6s
08/16/2026 17:00:10 - INFO - utils.trainer -   Early stopping triggered at epoch 28
08/16/2026 17:00:10 - INFO - utils.trainer -   Early stopping triggered at epoch 28
08/16/2026 17:00:10 - INFO - utils.trainer -   Early stopping triggered at epoch 28
08/16/2026 17:00:10 - INFO - utils.trainer -     2 prompt-buffer key(s) skipped (kept target-dataset prompt)
08/16/2026 17:00:10 - INFO - utils.trainer -     582 keys not in checkpoint (kept from init)
08/16/2026 17:00:10 - INFO - utils.trainer -   Model loaded from output_dir/TimeLLM_AgeTUAB_fewshot_best/TimeLLM-0.bin (21/23 keys)
08/16/2026 17:00:10 - INFO - utils.trainer -     2 prompt-buffer key(s) skipped (kept target-dataset prompt)
08/16/2026 17:00:10 - INFO - utils.trainer -     582 keys not in checkpoint (kept from init)
08/16/2026 17:00:10 - INFO - utils.trainer -   Model loaded from output_dir/TimeLLM_AgeTUAB_fewshot_best/TimeLLM-0.bin (21/23 keys)
08/16/2026 17:00:10 - INFO - utils.trainer -     2 prompt-buffer key(s) skipped (kept target-dataset prompt)
08/16/2026 17:00:10 - INFO - utils.trainer -     582 keys not in checkpoint (kept from init)
08/16/2026 17:00:10 - INFO - utils.trainer -   Model loaded from output_dir/TimeLLM_AgeTUAB_fewshot_best/TimeLLM-0.bin (21/23 keys)
08/16/2026 17:00:10 - INFO - utils.trainer -   Loaded best checkpoint from output_dir/TimeLLM_AgeTUAB_fewshot_best
08/16/2026 17:00:10 - INFO - utils.trainer -   ***** Running regression evaluation on test0 dataset *****
08/16/2026 17:00:22 - INFO - utils.trainer -   Loss: 323.38978
08/16/2026 17:00:22 - INFO - utils.trainer -   MSE: 323.39117
08/16/2026 17:00:22 - INFO - utils.trainer -   MAE: 14.98436
08/16/2026 17:00:22 - INFO - utils.trainer -   RMSE: 17.98308
08/16/2026 17:00:22 - INFO - utils.trainer -   R2: -0.00145
08/16/2026 17:00:22 - INFO - utils.trainer -   PearsonR: 0.05937
08/16/2026 17:00:22 - INFO - utils.trainer -   === Few-shot fine-tune test result ===
08/16/2026 17:00:22 - INFO - utils.trainer -     Loss: 323.38978
08/16/2026 17:00:22 - INFO - utils.trainer -     MSE: 323.39117
08/16/2026 17:00:22 - INFO - utils.trainer -     MAE: 14.98436
08/16/2026 17:00:22 - INFO - utils.trainer -     RMSE: 17.98308
08/16/2026 17:00:22 - INFO - utils.trainer -     R2: -0.00145
08/16/2026 17:00:22 - INFO - utils.trainer -     PearsonR: 0.05937
08/16/2026 17:00:22 - INFO - __main__ -   
============================================================
  5-shot (TimeLLM_AgeCAUEEG_train → AgeTUAB)  seed=42
============================================================
08/16/2026 17:00:22 - INFO - __main__ -     Loss           : 323.3898
08/16/2026 17:00:22 - INFO - __main__ -     MSE            : 323.3912
08/16/2026 17:00:22 - INFO - __main__ -     MAE            : 14.9844
08/16/2026 17:00:22 - INFO - __main__ -     RMSE           : 17.9831
08/16/2026 17:00:22 - INFO - __main__ -     R2             : -0.0014
08/16/2026 17:00:22 - INFO - __main__ -     PearsonR       : 0.0594
