08/07/2026 12:48:08 - INFO - __main__ -   ########## full-data finetune ##########
08/07/2026 12:48:08 - INFO - __main__ -   ########## full-data finetune ##########
08/07/2026 12:48:08 - INFO - __main__ -   ########## full-data finetune ##########
08/07/2026 12:48:08 - INFO - __main__ -   ########## full-data finetune ##########
08/07/2026 12:48:08 - INFO - __main__ -   ########## full-data finetune ##########
08/07/2026 12:48:08 - INFO - __main__ -   ########## full-data finetune ##########
08/07/2026 12:48:11 - INFO - root -   gcc -pthread -B /root/miniconda3/compiler_compat -fno-strict-overflow -DNDEBUG -O2 -Wall -fPIC -O2 -isystem /root/miniconda3/include -fPIC -O2 -isystem /root/miniconda3/include -fPIC -c /tmp/tmp0sw3hbe4/test.c -o /tmp/tmp0sw3hbe4/test.o
08/07/2026 12:48:11 - INFO - root -   gcc -pthread -B /root/miniconda3/compiler_compat /tmp/tmp0sw3hbe4/test.o -laio -o /tmp/tmp0sw3hbe4/a.out
08/07/2026 12:48:11 - INFO - root -   gcc -pthread -B /root/miniconda3/compiler_compat -fno-strict-overflow -DNDEBUG -O2 -Wall -fPIC -O2 -isystem /root/miniconda3/include -fPIC -O2 -isystem /root/miniconda3/include -fPIC -c /tmp/tmpv32vhbr0/test.c -o /tmp/tmpv32vhbr0/test.o
08/07/2026 12:48:11 - INFO - root -   gcc -pthread -B /root/miniconda3/compiler_compat /tmp/tmpv32vhbr0/test.o -L/usr/local/cuda -L/usr/local/cuda/lib64 -lcufile -o /tmp/tmpv32vhbr0/a.out
08/07/2026 12:48:12 - INFO - root -   gcc -pthread -B /root/miniconda3/compiler_compat -fno-strict-overflow -DNDEBUG -O2 -Wall -fPIC -O2 -isystem /root/miniconda3/include -fPIC -O2 -isystem /root/miniconda3/include -fPIC -c /tmp/tmplhy0ax71/test.c -o /tmp/tmplhy0ax71/test.o
08/07/2026 12:48:12 - INFO - root -   gcc -pthread -B /root/miniconda3/compiler_compat /tmp/tmplhy0ax71/test.o -laio -o /tmp/tmplhy0ax71/a.out
08/07/2026 12:48:12 - INFO - root -   gcc -pthread -B /root/miniconda3/compiler_compat -fno-strict-overflow -DNDEBUG -O2 -Wall -fPIC -O2 -isystem /root/miniconda3/include -fPIC -O2 -isystem /root/miniconda3/include -fPIC -c /tmp/tmp0s61g1p8/test.c -o /tmp/tmp0s61g1p8/test.o
08/07/2026 12:48:12 - INFO - root -   gcc -pthread -B /root/miniconda3/compiler_compat /tmp/tmp0s61g1p8/test.o -L/usr/local/cuda -L/usr/local/cuda/lib64 -lcufile -o /tmp/tmp0s61g1p8/a.out
08/07/2026 12:48:12 - INFO - root -   gcc -pthread -B /root/miniconda3/compiler_compat -fno-strict-overflow -DNDEBUG -O2 -Wall -fPIC -O2 -isystem /root/miniconda3/include -fPIC -O2 -isystem /root/miniconda3/include -fPIC -c /tmp/tmp76mpdfms/test.c -o /tmp/tmp76mpdfms/test.o
08/07/2026 12:48:12 - INFO - root -   gcc -pthread -B /root/miniconda3/compiler_compat -fno-strict-overflow -DNDEBUG -O2 -Wall -fPIC -O2 -isystem /root/miniconda3/include -fPIC -O2 -isystem /root/miniconda3/include -fPIC -c /tmp/tmpy6ejkdeo/test.c -o /tmp/tmpy6ejkdeo/test.o
08/07/2026 12:48:12 - INFO - root -   gcc -pthread -B /root/miniconda3/compiler_compat -fno-strict-overflow -DNDEBUG -O2 -Wall -fPIC -O2 -isystem /root/miniconda3/include -fPIC -O2 -isystem /root/miniconda3/include -fPIC -c /tmp/tmp9p32w48k/test.c -o /tmp/tmp9p32w48k/test.o
08/07/2026 12:48:12 - INFO - root -   gcc -pthread -B /root/miniconda3/compiler_compat /tmp/tmp76mpdfms/test.o -laio -o /tmp/tmp76mpdfms/a.out
08/07/2026 12:48:12 - INFO - root -   gcc -pthread -B /root/miniconda3/compiler_compat /tmp/tmpy6ejkdeo/test.o -laio -o /tmp/tmpy6ejkdeo/a.out
08/07/2026 12:48:12 - INFO - root -   gcc -pthread -B /root/miniconda3/compiler_compat -fno-strict-overflow -DNDEBUG -O2 -Wall -fPIC -O2 -isystem /root/miniconda3/include -fPIC -O2 -isystem /root/miniconda3/include -fPIC -c /tmp/tmpzixn7c9k/test.c -o /tmp/tmpzixn7c9k/test.o
08/07/2026 12:48:12 - INFO - root -   gcc -pthread -B /root/miniconda3/compiler_compat /tmp/tmp9p32w48k/test.o -laio -o /tmp/tmp9p32w48k/a.out
08/07/2026 12:48:12 - INFO - root -   gcc -pthread -B /root/miniconda3/compiler_compat -fno-strict-overflow -DNDEBUG -O2 -Wall -fPIC -O2 -isystem /root/miniconda3/include -fPIC -O2 -isystem /root/miniconda3/include -fPIC -c /tmp/tmphlm2gdfh/test.c -o /tmp/tmphlm2gdfh/test.o
08/07/2026 12:48:12 - INFO - root -   gcc -pthread -B /root/miniconda3/compiler_compat -fno-strict-overflow -DNDEBUG -O2 -Wall -fPIC -O2 -isystem /root/miniconda3/include -fPIC -O2 -isystem /root/miniconda3/include -fPIC -c /tmp/tmprmjw2use/test.c -o /tmp/tmprmjw2use/test.o
08/07/2026 12:48:12 - INFO - root -   gcc -pthread -B /root/miniconda3/compiler_compat /tmp/tmpzixn7c9k/test.o -laio -o /tmp/tmpzixn7c9k/a.out
08/07/2026 12:48:12 - INFO - root -   gcc -pthread -B /root/miniconda3/compiler_compat -fno-strict-overflow -DNDEBUG -O2 -Wall -fPIC -O2 -isystem /root/miniconda3/include -fPIC -O2 -isystem /root/miniconda3/include -fPIC -c /tmp/tmplkwhw2hd/test.c -o /tmp/tmplkwhw2hd/test.o
08/07/2026 12:48:12 - INFO - root -   gcc -pthread -B /root/miniconda3/compiler_compat /tmp/tmphlm2gdfh/test.o -L/usr/local/cuda -L/usr/local/cuda/lib64 -lcufile -o /tmp/tmphlm2gdfh/a.out
08/07/2026 12:48:12 - INFO - root -   gcc -pthread -B /root/miniconda3/compiler_compat /tmp/tmprmjw2use/test.o -L/usr/local/cuda -L/usr/local/cuda/lib64 -lcufile -o /tmp/tmprmjw2use/a.out
08/07/2026 12:48:12 - INFO - root -   gcc -pthread -B /root/miniconda3/compiler_compat -fno-strict-overflow -DNDEBUG -O2 -Wall -fPIC -O2 -isystem /root/miniconda3/include -fPIC -O2 -isystem /root/miniconda3/include -fPIC -c /tmp/tmpiua_9xqj/test.c -o /tmp/tmpiua_9xqj/test.o
08/07/2026 12:48:12 - INFO - root -   gcc -pthread -B /root/miniconda3/compiler_compat /tmp/tmplkwhw2hd/test.o -L/usr/local/cuda -L/usr/local/cuda/lib64 -lcufile -o /tmp/tmplkwhw2hd/a.out
08/07/2026 12:48:12 - INFO - root -   gcc -pthread -B /root/miniconda3/compiler_compat /tmp/tmpiua_9xqj/test.o -L/usr/local/cuda -L/usr/local/cuda/lib64 -lcufile -o /tmp/tmpiua_9xqj/a.out
08/07/2026 12:48:17 - INFO - utils.trainer -   Model checkpoint doesn't exist: TimeLLM_FutureFCDS_train/TimeLLM-0.bin — skip loading
08/07/2026 12:48:17 - INFO - utils.trainer -   Model checkpoint doesn't exist: TimeLLM_FutureFCDS_train/TimeLLM-0.bin — skip loading
08/07/2026 12:48:17 - INFO - utils.trainer -   Model checkpoint doesn't exist: TimeLLM_FutureFCDS_train/TimeLLM-0.bin — skip loading
08/07/2026 12:48:17 - INFO - utils.trainer -   Model checkpoint doesn't exist: TimeLLM_FutureFCDS_train/TimeLLM-0.bin — skip loading
08/07/2026 12:48:17 - INFO - utils.trainer -   Model checkpoint doesn't exist: TimeLLM_FutureFCDS_train/TimeLLM-0.bin — skip loading
08/07/2026 12:48:17 - INFO - utils.trainer -   ***** Running few-shot fine-tune (transfer) *****
08/07/2026 12:48:17 - INFO - utils.trainer -     Num train examples = 44
08/07/2026 12:48:17 - INFO - utils.trainer -     Num val   examples = 10
08/07/2026 12:48:17 - INFO - utils.trainer -     Num test  examples = 11
08/07/2026 12:48:17 - INFO - utils.trainer -     Max fine-tune epochs = 200
08/07/2026 12:48:17 - INFO - utils.trainer -     Fine-tune lr = 1e-05
08/07/2026 12:48:17 - INFO - utils.trainer -   Model checkpoint doesn't exist: TimeLLM_FutureFCDS_train/TimeLLM-0.bin — skip loading
08/07/2026 12:48:32 - INFO - utils.trainer -   ***** Running evaluation on val dataset *****
08/07/2026 12:48:34 - INFO - utils.trainer -   Loss: 0.68859
08/07/2026 12:48:34 - INFO - utils.trainer -   AUC: 0.64176
08/07/2026 12:48:34 - INFO - utils.trainer -   Accuracy: 0.57018
08/07/2026 12:48:34 - INFO - utils.trainer -   Precision: 0.50000
08/07/2026 12:48:34 - INFO - utils.trainer -   Specificity: 0.41538
08/07/2026 12:48:34 - INFO - utils.trainer -   Sensitivity: 0.77551
08/07/2026 12:48:35 - INFO - utils.trainer -   Model saved to output_dir/TimeLLM_DiseaseDS_fulldata_best
08/07/2026 12:48:35 - INFO - utils.trainer -   Best model saved (val AUC=0.6418, epoch=1)
08/07/2026 12:48:35 - INFO - utils.trainer -   FT Epoch: 1/200, Train Loss: 0.71363, Val Loss: 0.68859, Val AUC: 0.6418, Best AUC: 0.6418, No improve: 0/25, Time: 15.5s
08/07/2026 12:48:50 - INFO - utils.trainer -   ***** Running evaluation on val dataset *****
08/07/2026 12:48:51 - INFO - utils.trainer -   Loss: 0.70902
08/07/2026 12:48:51 - INFO - utils.trainer -   AUC: 0.64458
08/07/2026 12:48:51 - INFO - utils.trainer -   Accuracy: 0.42982
08/07/2026 12:48:51 - INFO - utils.trainer -   Precision: 0.42982
08/07/2026 12:48:51 - INFO - utils.trainer -   Specificity: 0.00000
08/07/2026 12:48:51 - INFO - utils.trainer -   Sensitivity: 1.00000
08/07/2026 12:48:52 - INFO - utils.trainer -   Model saved to output_dir/TimeLLM_DiseaseDS_fulldata_best
08/07/2026 12:48:52 - INFO - utils.trainer -   Best model saved (val AUC=0.6446, epoch=2)
08/07/2026 12:48:52 - INFO - utils.trainer -   FT Epoch: 2/200, Train Loss: 0.69576, Val Loss: 0.70902, Val AUC: 0.6446, Best AUC: 0.6446, No improve: 0/25, Time: 15.0s
08/07/2026 12:49:07 - INFO - utils.trainer -   ***** Running evaluation on val dataset *****
08/07/2026 12:49:09 - INFO - utils.trainer -   Loss: 0.71519
08/07/2026 12:49:09 - INFO - utils.trainer -   AUC: 0.68038
08/07/2026 12:49:09 - INFO - utils.trainer -   Accuracy: 0.42982
08/07/2026 12:49:09 - INFO - utils.trainer -   Precision: 0.42982
08/07/2026 12:49:09 - INFO - utils.trainer -   Specificity: 0.00000
08/07/2026 12:49:09 - INFO - utils.trainer -   Sensitivity: 1.00000
08/07/2026 12:49:10 - INFO - utils.trainer -   Model saved to output_dir/TimeLLM_DiseaseDS_fulldata_best
08/07/2026 12:49:10 - INFO - utils.trainer -   Best model saved (val AUC=0.6804, epoch=3)
08/07/2026 12:49:10 - INFO - utils.trainer -   FT Epoch: 3/200, Train Loss: 0.75418, Val Loss: 0.71519, Val AUC: 0.6804, Best AUC: 0.6804, No improve: 0/25, Time: 15.1s
08/07/2026 12:49:25 - INFO - utils.trainer -   ***** Running evaluation on val dataset *****
08/07/2026 12:49:27 - INFO - utils.trainer -   Loss: 0.66982
08/07/2026 12:49:27 - INFO - utils.trainer -   AUC: 0.71868
08/07/2026 12:49:27 - INFO - utils.trainer -   Accuracy: 0.59649
08/07/2026 12:49:27 - INFO - utils.trainer -   Precision: 0.61538
08/07/2026 12:49:27 - INFO - utils.trainer -   Specificity: 0.92308
08/07/2026 12:49:27 - INFO - utils.trainer -   Sensitivity: 0.16327
08/07/2026 12:49:28 - INFO - utils.trainer -   Model saved to output_dir/TimeLLM_DiseaseDS_fulldata_best
08/07/2026 12:49:28 - INFO - utils.trainer -   Best model saved (val AUC=0.7187, epoch=4)
08/07/2026 12:49:28 - INFO - utils.trainer -   FT Epoch: 4/200, Train Loss: 0.68786, Val Loss: 0.66982, Val AUC: 0.7187, Best AUC: 0.7187, No improve: 0/25, Time: 15.2s
08/07/2026 12:49:44 - INFO - utils.trainer -   ***** Running evaluation on val dataset *****
08/07/2026 12:49:45 - INFO - utils.trainer -   Loss: 0.68680
08/07/2026 12:49:45 - INFO - utils.trainer -   AUC: 0.73218
08/07/2026 12:49:45 - INFO - utils.trainer -   Accuracy: 0.57018
08/07/2026 12:49:45 - INFO - utils.trainer -   Precision: 0.00000
08/07/2026 12:49:45 - INFO - utils.trainer -   Specificity: 1.00000
08/07/2026 12:49:45 - INFO - utils.trainer -   Sensitivity: 0.00000
08/07/2026 12:49:46 - INFO - utils.trainer -   Model saved to output_dir/TimeLLM_DiseaseDS_fulldata_best
08/07/2026 12:49:46 - INFO - utils.trainer -   Best model saved (val AUC=0.7322, epoch=5)
08/07/2026 12:49:46 - INFO - utils.trainer -   FT Epoch: 5/200, Train Loss: 0.68322, Val Loss: 0.68680, Val AUC: 0.7322, Best AUC: 0.7322, No improve: 0/25, Time: 15.8s
08/07/2026 12:50:01 - INFO - utils.trainer -   ***** Running evaluation on val dataset *****
08/07/2026 12:50:03 - INFO - utils.trainer -   Loss: 0.67189
08/07/2026 12:50:03 - INFO - utils.trainer -   AUC: 0.68728
08/07/2026 12:50:03 - INFO - utils.trainer -   Accuracy: 0.59649
08/07/2026 12:50:03 - INFO - utils.trainer -   Precision: 0.54054
08/07/2026 12:50:03 - INFO - utils.trainer -   Specificity: 0.73846
08/07/2026 12:50:03 - INFO - utils.trainer -   Sensitivity: 0.40816
08/07/2026 12:50:03 - INFO - utils.trainer -   FT Epoch: 6/200, Train Loss: 0.65977, Val Loss: 0.67189, Val AUC: 0.6873, Best AUC: 0.7322, No improve: 1/25, Time: 15.0s
08/07/2026 12:50:18 - INFO - utils.trainer -   ***** Running evaluation on val dataset *****
08/07/2026 12:50:20 - INFO - utils.trainer -   Loss: 0.70544
08/07/2026 12:50:20 - INFO - utils.trainer -   AUC: 0.70549
08/07/2026 12:50:20 - INFO - utils.trainer -   Accuracy: 0.42982
08/07/2026 12:50:20 - INFO - utils.trainer -   Precision: 0.42982
08/07/2026 12:50:20 - INFO - utils.trainer -   Specificity: 0.00000
08/07/2026 12:50:20 - INFO - utils.trainer -   Sensitivity: 1.00000
08/07/2026 12:50:20 - INFO - utils.trainer -   FT Epoch: 7/200, Train Loss: 0.70667, Val Loss: 0.70544, Val AUC: 0.7055, Best AUC: 0.7322, No improve: 2/25, Time: 15.0s
08/07/2026 12:50:35 - INFO - utils.trainer -   ***** Running evaluation on val dataset *****
08/07/2026 12:50:36 - INFO - utils.trainer -   Loss: 0.70182
08/07/2026 12:50:36 - INFO - utils.trainer -   AUC: 0.68006
08/07/2026 12:50:36 - INFO - utils.trainer -   Accuracy: 0.47368
08/07/2026 12:50:36 - INFO - utils.trainer -   Precision: 0.44954
08/07/2026 12:50:36 - INFO - utils.trainer -   Specificity: 0.07692
08/07/2026 12:50:36 - INFO - utils.trainer -   Sensitivity: 1.00000
08/07/2026 12:50:36 - INFO - utils.trainer -   FT Epoch: 8/200, Train Loss: 0.69057, Val Loss: 0.70182, Val AUC: 0.6801, Best AUC: 0.7322, No improve: 3/25, Time: 15.0s
08/07/2026 12:50:51 - INFO - utils.trainer -   ***** Running evaluation on val dataset *****
08/07/2026 12:50:53 - INFO - utils.trainer -   Loss: 0.67673
08/07/2026 12:50:53 - INFO - utils.trainer -   AUC: 0.69765
08/07/2026 12:50:53 - INFO - utils.trainer -   Accuracy: 0.62281
08/07/2026 12:50:53 - INFO - utils.trainer -   Precision: 0.53488
08/07/2026 12:50:53 - INFO - utils.trainer -   Specificity: 0.38462
08/07/2026 12:50:53 - INFO - utils.trainer -   Sensitivity: 0.93878
08/07/2026 12:50:53 - INFO - utils.trainer -   FT Epoch: 9/200, Train Loss: 0.63627, Val Loss: 0.67673, Val AUC: 0.6976, Best AUC: 0.7322, No improve: 4/25, Time: 15.1s
08/07/2026 12:51:08 - INFO - utils.trainer -   ***** Running evaluation on val dataset *****
08/07/2026 12:51:10 - INFO - utils.trainer -   Loss: 0.66141
08/07/2026 12:51:10 - INFO - utils.trainer -   AUC: 0.69262
08/07/2026 12:51:10 - INFO - utils.trainer -   Accuracy: 0.61404
08/07/2026 12:51:10 - INFO - utils.trainer -   Precision: 0.56410
08/07/2026 12:51:10 - INFO - utils.trainer -   Specificity: 0.73846
08/07/2026 12:51:10 - INFO - utils.trainer -   Sensitivity: 0.44898
08/07/2026 12:51:10 - INFO - utils.trainer -   FT Epoch: 10/200, Train Loss: 0.68819, Val Loss: 0.66141, Val AUC: 0.6926, Best AUC: 0.7322, No improve: 5/25, Time: 15.1s
08/07/2026 12:51:25 - INFO - utils.trainer -   ***** Running evaluation on val dataset *****
08/07/2026 12:51:27 - INFO - utils.trainer -   Loss: 0.66629
08/07/2026 12:51:27 - INFO - utils.trainer -   AUC: 0.69482
08/07/2026 12:51:27 - INFO - utils.trainer -   Accuracy: 0.63158
08/07/2026 12:51:27 - INFO - utils.trainer -   Precision: 0.54667
08/07/2026 12:51:27 - INFO - utils.trainer -   Specificity: 0.47692
08/07/2026 12:51:27 - INFO - utils.trainer -   Sensitivity: 0.83673
08/07/2026 12:51:27 - INFO - utils.trainer -   FT Epoch: 11/200, Train Loss: 0.66479, Val Loss: 0.66629, Val AUC: 0.6948, Best AUC: 0.7322, No improve: 6/25, Time: 15.1s
08/07/2026 12:51:42 - INFO - utils.trainer -   ***** Running evaluation on val dataset *****
08/07/2026 12:51:43 - INFO - utils.trainer -   Loss: 0.65147
08/07/2026 12:51:43 - INFO - utils.trainer -   AUC: 0.71523
08/07/2026 12:51:43 - INFO - utils.trainer -   Accuracy: 0.59649
08/07/2026 12:51:43 - INFO - utils.trainer -   Precision: 0.58824
08/07/2026 12:51:43 - INFO - utils.trainer -   Specificity: 0.89231
08/07/2026 12:51:43 - INFO - utils.trainer -   Sensitivity: 0.20408
08/07/2026 12:51:43 - INFO - utils.trainer -   FT Epoch: 12/200, Train Loss: 0.68346, Val Loss: 0.65147, Val AUC: 0.7152, Best AUC: 0.7322, No improve: 7/25, Time: 15.2s
08/07/2026 12:51:58 - INFO - utils.trainer -   ***** Running evaluation on val dataset *****
08/07/2026 12:52:00 - INFO - utils.trainer -   Loss: 0.64886
08/07/2026 12:52:00 - INFO - utils.trainer -   AUC: 0.70392
08/07/2026 12:52:00 - INFO - utils.trainer -   Accuracy: 0.60526
08/07/2026 12:52:00 - INFO - utils.trainer -   Precision: 0.60000
08/07/2026 12:52:00 - INFO - utils.trainer -   Specificity: 0.87692
08/07/2026 12:52:00 - INFO - utils.trainer -   Sensitivity: 0.24490
08/07/2026 12:52:00 - INFO - utils.trainer -   FT Epoch: 13/200, Train Loss: 0.67896, Val Loss: 0.64886, Val AUC: 0.7039, Best AUC: 0.7322, No improve: 8/25, Time: 15.1s
08/07/2026 12:52:15 - INFO - utils.trainer -   ***** Running evaluation on val dataset *****
08/07/2026 12:52:17 - INFO - utils.trainer -   Loss: 0.67412
08/07/2026 12:52:17 - INFO - utils.trainer -   AUC: 0.71020
08/07/2026 12:52:17 - INFO - utils.trainer -   Accuracy: 0.61404
08/07/2026 12:52:17 - INFO - utils.trainer -   Precision: 0.53086
08/07/2026 12:52:17 - INFO - utils.trainer -   Specificity: 0.41538
08/07/2026 12:52:17 - INFO - utils.trainer -   Sensitivity: 0.87755
08/07/2026 12:52:17 - INFO - utils.trainer -   FT Epoch: 14/200, Train Loss: 0.65776, Val Loss: 0.67412, Val AUC: 0.7102, Best AUC: 0.7322, No improve: 9/25, Time: 15.0s
08/07/2026 12:52:32 - INFO - utils.trainer -   ***** Running evaluation on val dataset *****
08/07/2026 12:52:33 - INFO - utils.trainer -   Loss: 0.69052
08/07/2026 12:52:33 - INFO - utils.trainer -   AUC: 0.71429
08/07/2026 12:52:33 - INFO - utils.trainer -   Accuracy: 0.55263
08/07/2026 12:52:33 - INFO - utils.trainer -   Precision: 0.49000
08/07/2026 12:52:33 - INFO - utils.trainer -   Specificity: 0.21538
08/07/2026 12:52:33 - INFO - utils.trainer -   Sensitivity: 1.00000
08/07/2026 12:52:33 - INFO - utils.trainer -   FT Epoch: 15/200, Train Loss: 0.68332, Val Loss: 0.69052, Val AUC: 0.7143, Best AUC: 0.7322, No improve: 10/25, Time: 15.0s
08/07/2026 12:52:48 - INFO - utils.trainer -   ***** Running evaluation on val dataset *****
08/07/2026 12:52:50 - INFO - utils.trainer -   Loss: 0.64608
08/07/2026 12:52:50 - INFO - utils.trainer -   AUC: 0.69325
08/07/2026 12:52:50 - INFO - utils.trainer -   Accuracy: 0.64035
08/07/2026 12:52:50 - INFO - utils.trainer -   Precision: 0.58000
08/07/2026 12:52:50 - INFO - utils.trainer -   Specificity: 0.67692
08/07/2026 12:52:50 - INFO - utils.trainer -   Sensitivity: 0.59184
08/07/2026 12:52:50 - INFO - utils.trainer -   FT Epoch: 16/200, Train Loss: 0.67060, Val Loss: 0.64608, Val AUC: 0.6932, Best AUC: 0.7322, No improve: 11/25, Time: 15.1s
08/07/2026 12:53:05 - INFO - utils.trainer -   ***** Running evaluation on val dataset *****
08/07/2026 12:53:07 - INFO - utils.trainer -   Loss: 0.65690
08/07/2026 12:53:07 - INFO - utils.trainer -   AUC: 0.71272
08/07/2026 12:53:07 - INFO - utils.trainer -   Accuracy: 0.64912
08/07/2026 12:53:07 - INFO - utils.trainer -   Precision: 0.56000
08/07/2026 12:53:07 - INFO - utils.trainer -   Specificity: 0.49231
08/07/2026 12:53:07 - INFO - utils.trainer -   Sensitivity: 0.85714
08/07/2026 12:53:07 - INFO - utils.trainer -   FT Epoch: 17/200, Train Loss: 0.66397, Val Loss: 0.65690, Val AUC: 0.7127, Best AUC: 0.7322, No improve: 12/25, Time: 15.0s
08/07/2026 12:53:22 - INFO - utils.trainer -   ***** Running evaluation on val dataset *****
08/07/2026 12:53:23 - INFO - utils.trainer -   Loss: 0.64222
08/07/2026 12:53:23 - INFO - utils.trainer -   AUC: 0.70016
08/07/2026 12:53:23 - INFO - utils.trainer -   Accuracy: 0.64912
08/07/2026 12:53:23 - INFO - utils.trainer -   Precision: 0.58491
08/07/2026 12:53:23 - INFO - utils.trainer -   Specificity: 0.66154
08/07/2026 12:53:23 - INFO - utils.trainer -   Sensitivity: 0.63265
08/07/2026 12:53:23 - INFO - utils.trainer -   FT Epoch: 18/200, Train Loss: 0.65313, Val Loss: 0.64222, Val AUC: 0.7002, Best AUC: 0.7322, No improve: 13/25, Time: 15.0s
08/07/2026 12:53:38 - INFO - utils.trainer -   ***** Running evaluation on val dataset *****
08/07/2026 12:53:40 - INFO - utils.trainer -   Loss: 0.69955
08/07/2026 12:53:40 - INFO - utils.trainer -   AUC: 0.70298
08/07/2026 12:53:40 - INFO - utils.trainer -   Accuracy: 0.51754
08/07/2026 12:53:40 - INFO - utils.trainer -   Precision: 0.47115
08/07/2026 12:53:40 - INFO - utils.trainer -   Specificity: 0.15385
08/07/2026 12:53:40 - INFO - utils.trainer -   Sensitivity: 1.00000
08/07/2026 12:53:40 - INFO - utils.trainer -   FT Epoch: 19/200, Train Loss: 0.63689, Val Loss: 0.69955, Val AUC: 0.7030, Best AUC: 0.7322, No improve: 14/25, Time: 15.0s
08/07/2026 12:53:55 - INFO - utils.trainer -   ***** Running evaluation on val dataset *****
08/07/2026 12:53:57 - INFO - utils.trainer -   Loss: 0.68477
08/07/2026 12:53:57 - INFO - utils.trainer -   AUC: 0.70424
08/07/2026 12:53:57 - INFO - utils.trainer -   Accuracy: 0.58772
08/07/2026 12:53:57 - INFO - utils.trainer -   Precision: 0.51087
08/07/2026 12:53:57 - INFO - utils.trainer -   Specificity: 0.30769
08/07/2026 12:53:57 - INFO - utils.trainer -   Sensitivity: 0.95918
08/07/2026 12:53:57 - INFO - utils.trainer -   FT Epoch: 20/200, Train Loss: 0.67074, Val Loss: 0.68477, Val AUC: 0.7042, Best AUC: 0.7322, No improve: 15/25, Time: 15.1s
08/07/2026 12:54:12 - INFO - utils.trainer -   ***** Running evaluation on val dataset *****
08/07/2026 12:54:13 - INFO - utils.trainer -   Loss: 0.64143
08/07/2026 12:54:13 - INFO - utils.trainer -   AUC: 0.71240
08/07/2026 12:54:13 - INFO - utils.trainer -   Accuracy: 0.68421
08/07/2026 12:54:13 - INFO - utils.trainer -   Precision: 0.59701
08/07/2026 12:54:13 - INFO - utils.trainer -   Specificity: 0.58462
08/07/2026 12:54:13 - INFO - utils.trainer -   Sensitivity: 0.81633
08/07/2026 12:54:13 - INFO - utils.trainer -   FT Epoch: 21/200, Train Loss: 0.66497, Val Loss: 0.64143, Val AUC: 0.7124, Best AUC: 0.7322, No improve: 16/25, Time: 15.0s
08/07/2026 12:54:28 - INFO - utils.trainer -   ***** Running evaluation on val dataset *****
08/07/2026 12:54:30 - INFO - utils.trainer -   Loss: 0.64830
08/07/2026 12:54:30 - INFO - utils.trainer -   AUC: 0.71052
08/07/2026 12:54:30 - INFO - utils.trainer -   Accuracy: 0.55263
08/07/2026 12:54:30 - INFO - utils.trainer -   Precision: 0.40000
08/07/2026 12:54:30 - INFO - utils.trainer -   Specificity: 0.90769
08/07/2026 12:54:30 - INFO - utils.trainer -   Sensitivity: 0.08163
08/07/2026 12:54:30 - INFO - utils.trainer -   FT Epoch: 22/200, Train Loss: 0.60607, Val Loss: 0.64830, Val AUC: 0.7105, Best AUC: 0.7322, No improve: 17/25, Time: 15.0s
08/07/2026 12:54:45 - INFO - utils.trainer -   ***** Running evaluation on val dataset *****
08/07/2026 12:54:47 - INFO - utils.trainer -   Loss: 0.65542
08/07/2026 12:54:47 - INFO - utils.trainer -   AUC: 0.70926
08/07/2026 12:54:47 - INFO - utils.trainer -   Accuracy: 0.66667
08/07/2026 12:54:47 - INFO - utils.trainer -   Precision: 0.57333
08/07/2026 12:54:47 - INFO - utils.trainer -   Specificity: 0.50769
08/07/2026 12:54:47 - INFO - utils.trainer -   Sensitivity: 0.87755
08/07/2026 12:54:47 - INFO - utils.trainer -   FT Epoch: 23/200, Train Loss: 0.66648, Val Loss: 0.65542, Val AUC: 0.7093, Best AUC: 0.7322, No improve: 18/25, Time: 15.0s
08/07/2026 12:55:02 - INFO - utils.trainer -   ***** Running evaluation on val dataset *****
08/07/2026 12:55:04 - INFO - utils.trainer -   Loss: 0.62716
08/07/2026 12:55:04 - INFO - utils.trainer -   AUC: 0.71146
08/07/2026 12:55:04 - INFO - utils.trainer -   Accuracy: 0.64035
08/07/2026 12:55:04 - INFO - utils.trainer -   Precision: 0.58333
08/07/2026 12:55:04 - INFO - utils.trainer -   Specificity: 0.69231
08/07/2026 12:55:04 - INFO - utils.trainer -   Sensitivity: 0.57143
08/07/2026 12:55:04 - INFO - utils.trainer -   FT Epoch: 24/200, Train Loss: 0.66271, Val Loss: 0.62716, Val AUC: 0.7115, Best AUC: 0.7322, No improve: 19/25, Time: 15.0s
08/07/2026 12:55:19 - INFO - utils.trainer -   ***** Running evaluation on val dataset *****
08/07/2026 12:55:20 - INFO - utils.trainer -   Loss: 0.63201
08/07/2026 12:55:20 - INFO - utils.trainer -   AUC: 0.70110
08/07/2026 12:55:20 - INFO - utils.trainer -   Accuracy: 0.62281
08/07/2026 12:55:20 - INFO - utils.trainer -   Precision: 0.57500
08/07/2026 12:55:20 - INFO - utils.trainer -   Specificity: 0.73846
08/07/2026 12:55:20 - INFO - utils.trainer -   Sensitivity: 0.46939
08/07/2026 12:55:20 - INFO - utils.trainer -   FT Epoch: 25/200, Train Loss: 0.66000, Val Loss: 0.63201, Val AUC: 0.7011, Best AUC: 0.7322, No improve: 20/25, Time: 15.0s
08/07/2026 12:55:35 - INFO - utils.trainer -   ***** Running evaluation on val dataset *****
08/07/2026 12:55:37 - INFO - utils.trainer -   Loss: 0.65458
08/07/2026 12:55:37 - INFO - utils.trainer -   AUC: 0.70675
08/07/2026 12:55:37 - INFO - utils.trainer -   Accuracy: 0.67544
08/07/2026 12:55:37 - INFO - utils.trainer -   Precision: 0.58108
08/07/2026 12:55:37 - INFO - utils.trainer -   Specificity: 0.52308
08/07/2026 12:55:37 - INFO - utils.trainer -   Sensitivity: 0.87755
08/07/2026 12:55:37 - INFO - utils.trainer -   FT Epoch: 26/200, Train Loss: 0.64410, Val Loss: 0.65458, Val AUC: 0.7068, Best AUC: 0.7322, No improve: 21/25, Time: 15.1s
08/07/2026 12:55:52 - INFO - utils.trainer -   ***** Running evaluation on val dataset *****
08/07/2026 12:55:54 - INFO - utils.trainer -   Loss: 0.65585
08/07/2026 12:55:54 - INFO - utils.trainer -   AUC: 0.71052
08/07/2026 12:55:54 - INFO - utils.trainer -   Accuracy: 0.56140
08/07/2026 12:55:54 - INFO - utils.trainer -   Precision: 0.40000
08/07/2026 12:55:54 - INFO - utils.trainer -   Specificity: 0.95385
08/07/2026 12:55:54 - INFO - utils.trainer -   Sensitivity: 0.04082
08/07/2026 12:55:54 - INFO - utils.trainer -   FT Epoch: 27/200, Train Loss: 0.64371, Val Loss: 0.65585, Val AUC: 0.7105, Best AUC: 0.7322, No improve: 22/25, Time: 15.0s
08/07/2026 12:56:09 - INFO - utils.trainer -   ***** Running evaluation on val dataset *****
08/07/2026 12:56:10 - INFO - utils.trainer -   Loss: 0.64325
08/07/2026 12:56:10 - INFO - utils.trainer -   AUC: 0.71774
08/07/2026 12:56:10 - INFO - utils.trainer -   Accuracy: 0.56140
08/07/2026 12:56:10 - INFO - utils.trainer -   Precision: 0.46154
08/07/2026 12:56:10 - INFO - utils.trainer -   Specificity: 0.89231
08/07/2026 12:56:10 - INFO - utils.trainer -   Sensitivity: 0.12245
08/07/2026 12:56:10 - INFO - utils.trainer -   FT Epoch: 28/200, Train Loss: 0.63222, Val Loss: 0.64325, Val AUC: 0.7177, Best AUC: 0.7322, No improve: 23/25, Time: 15.0s
08/07/2026 12:56:25 - INFO - utils.trainer -   ***** Running evaluation on val dataset *****
08/07/2026 12:56:27 - INFO - utils.trainer -   Loss: 0.61951
08/07/2026 12:56:27 - INFO - utils.trainer -   AUC: 0.72747
08/07/2026 12:56:27 - INFO - utils.trainer -   Accuracy: 0.71053
08/07/2026 12:56:27 - INFO - utils.trainer -   Precision: 0.64286
08/07/2026 12:56:27 - INFO - utils.trainer -   Specificity: 0.69231
08/07/2026 12:56:27 - INFO - utils.trainer -   Sensitivity: 0.73469
08/07/2026 12:56:27 - INFO - utils.trainer -   FT Epoch: 29/200, Train Loss: 0.67822, Val Loss: 0.61951, Val AUC: 0.7275, Best AUC: 0.7322, No improve: 24/25, Time: 15.1s
08/07/2026 12:56:42 - INFO - utils.trainer -   ***** Running evaluation on val dataset *****
08/07/2026 12:56:44 - INFO - utils.trainer -   Loss: 0.61106
08/07/2026 12:56:44 - INFO - utils.trainer -   AUC: 0.73030
08/07/2026 12:56:44 - INFO - utils.trainer -   Accuracy: 0.66667
08/07/2026 12:56:44 - INFO - utils.trainer -   Precision: 0.60377
08/07/2026 12:56:44 - INFO - utils.trainer -   Specificity: 0.67692
08/07/2026 12:56:44 - INFO - utils.trainer -   Sensitivity: 0.65306
08/07/2026 12:56:44 - INFO - utils.trainer -   FT Epoch: 30/200, Train Loss: 0.60507, Val Loss: 0.61106, Val AUC: 0.7303, Best AUC: 0.7322, No improve: 25/25, Time: 15.0s
08/07/2026 12:56:44 - INFO - utils.trainer -   Early stopping triggered at epoch 30
08/07/2026 12:56:44 - INFO - utils.trainer -   Early stopping triggered at epoch 30
08/07/2026 12:56:44 - INFO - utils.trainer -   Early stopping triggered at epoch 30
08/07/2026 12:56:44 - INFO - utils.trainer -   Early stopping triggered at epoch 30
08/07/2026 12:56:44 - INFO - utils.trainer -   Early stopping triggered at epoch 30
08/07/2026 12:56:44 - INFO - utils.trainer -   Early stopping triggered at epoch 30
08/07/2026 12:56:44 - INFO - utils.trainer -     2 prompt-buffer key(s) skipped (kept target-dataset prompt)
08/07/2026 12:56:44 - INFO - utils.trainer -     582 keys not in checkpoint (kept from init)
08/07/2026 12:56:44 - INFO - utils.trainer -   Model loaded from output_dir/TimeLLM_DiseaseDS_fulldata_best/TimeLLM-0.bin (21/23 keys)
08/07/2026 12:56:44 - INFO - utils.trainer -   Loaded best checkpoint from output_dir/TimeLLM_DiseaseDS_fulldata_best
08/07/2026 12:56:44 - INFO - utils.trainer -     2 prompt-buffer key(s) skipped (kept target-dataset prompt)
08/07/2026 12:56:44 - INFO - utils.trainer -     582 keys not in checkpoint (kept from init)
08/07/2026 12:56:44 - INFO - utils.trainer -   Model loaded from output_dir/TimeLLM_DiseaseDS_fulldata_best/TimeLLM-0.bin (21/23 keys)
08/07/2026 12:56:44 - INFO - utils.trainer -     2 prompt-buffer key(s) skipped (kept target-dataset prompt)
08/07/2026 12:56:44 - INFO - utils.trainer -     582 keys not in checkpoint (kept from init)
08/07/2026 12:56:44 - INFO - utils.trainer -   Model loaded from output_dir/TimeLLM_DiseaseDS_fulldata_best/TimeLLM-0.bin (21/23 keys)
08/07/2026 12:56:44 - INFO - utils.trainer -     2 prompt-buffer key(s) skipped (kept target-dataset prompt)
08/07/2026 12:56:44 - INFO - utils.trainer -     582 keys not in checkpoint (kept from init)
08/07/2026 12:56:44 - INFO - utils.trainer -   Model loaded from output_dir/TimeLLM_DiseaseDS_fulldata_best/TimeLLM-0.bin (21/23 keys)
08/07/2026 12:56:44 - INFO - utils.trainer -     2 prompt-buffer key(s) skipped (kept target-dataset prompt)
08/07/2026 12:56:44 - INFO - utils.trainer -     582 keys not in checkpoint (kept from init)
08/07/2026 12:56:44 - INFO - utils.trainer -   Model loaded from output_dir/TimeLLM_DiseaseDS_fulldata_best/TimeLLM-0.bin (21/23 keys)
08/07/2026 12:56:44 - INFO - utils.trainer -     2 prompt-buffer key(s) skipped (kept target-dataset prompt)
08/07/2026 12:56:44 - INFO - utils.trainer -     582 keys not in checkpoint (kept from init)
08/07/2026 12:56:44 - INFO - utils.trainer -   Model loaded from output_dir/TimeLLM_DiseaseDS_fulldata_best/TimeLLM-0.bin (21/23 keys)
08/07/2026 12:56:45 - INFO - utils.trainer -   Model saved to output_dir/TimeLLM_DiseaseDS_fulldata
08/07/2026 12:56:45 - INFO - utils.trainer -   Fine-tuned model saved to output_dir/TimeLLM_DiseaseDS_fulldata
08/07/2026 12:56:45 - INFO - utils.trainer -   ***** Running evaluation on test dataset *****
08/07/2026 12:56:47 - INFO - utils.trainer -   Loss: 0.78304
08/07/2026 12:56:47 - INFO - utils.trainer -   AUC: 0.56553
08/07/2026 12:56:47 - INFO - utils.trainer -   Accuracy: 0.40909
08/07/2026 12:56:47 - INFO - utils.trainer -   Precision: 0.00000
08/07/2026 12:56:47 - INFO - utils.trainer -   Specificity: 1.00000
08/07/2026 12:56:47 - INFO - utils.trainer -   Sensitivity: 0.00000
08/07/2026 12:56:47 - INFO - utils.trainer -   === Few-shot fine-tune test result ===
08/07/2026 12:56:47 - INFO - utils.trainer -     Loss: 0.78304
08/07/2026 12:56:47 - INFO - utils.trainer -     AUC: 0.56553
08/07/2026 12:56:47 - INFO - utils.trainer -     Accuracy: 0.40909
08/07/2026 12:56:47 - INFO - utils.trainer -     Precision: 0.00000
08/07/2026 12:56:47 - INFO - utils.trainer -     Specificity: 1.00000
08/07/2026 12:56:47 - INFO - utils.trainer -     Sensitivity: 0.00000
08/07/2026 12:56:47 - INFO - __main__ -   
============================================================
  Full-data finetune (TimeLLM_FutureFCDS_train → DiseaseDS)  seed=42
============================================================
08/07/2026 12:56:47 - INFO - __main__ -     Loss           : 0.7830
08/07/2026 12:56:47 - INFO - __main__ -     AUC            : 0.5655
08/07/2026 12:56:47 - INFO - __main__ -     Accuracy       : 0.4091
08/07/2026 12:56:47 - INFO - __main__ -     Precision      : 0.0000
08/07/2026 12:56:47 - INFO - __main__ -     Specificity    : 1.0000
08/07/2026 12:56:47 - INFO - __main__ -     Sensitivity    : 0.0000
