08/13/2026 23:32:05 - INFO - __main__ -   ########## few-shot seed=42 ##########
08/13/2026 23:32:06 - INFO - __main__ -   ########## few-shot seed=42 ##########
08/13/2026 23:32:06 - INFO - __main__ -   ########## few-shot seed=42 ##########
08/13/2026 23:32:06 - INFO - __main__ -   ########## few-shot seed=42 ##########
08/13/2026 23:32:06 - INFO - __main__ -   ########## few-shot seed=42 ##########
08/13/2026 23:32:06 - INFO - __main__ -   ########## few-shot seed=42 ##########
08/13/2026 23:32:16 - INFO - root -   gcc -pthread -B /root/miniconda3/compiler_compat -fno-strict-overflow -DNDEBUG -O2 -Wall -fPIC -O2 -isystem /root/miniconda3/include -fPIC -O2 -isystem /root/miniconda3/include -fPIC -c /tmp/tmpaldl2rln/test.c -o /tmp/tmpaldl2rln/test.o
08/13/2026 23:32:16 - INFO - root -   gcc -pthread -B /root/miniconda3/compiler_compat /tmp/tmpaldl2rln/test.o -laio -o /tmp/tmpaldl2rln/a.out
08/13/2026 23:32:16 - INFO - root -   gcc -pthread -B /root/miniconda3/compiler_compat -fno-strict-overflow -DNDEBUG -O2 -Wall -fPIC -O2 -isystem /root/miniconda3/include -fPIC -O2 -isystem /root/miniconda3/include -fPIC -c /tmp/tmphoa372ja/test.c -o /tmp/tmphoa372ja/test.o
08/13/2026 23:32:16 - INFO - root -   gcc -pthread -B /root/miniconda3/compiler_compat /tmp/tmphoa372ja/test.o -L/usr/local/cuda -L/usr/local/cuda/lib64 -lcufile -o /tmp/tmphoa372ja/a.out
08/13/2026 23:32:16 - INFO - root -   gcc -pthread -B /root/miniconda3/compiler_compat -fno-strict-overflow -DNDEBUG -O2 -Wall -fPIC -O2 -isystem /root/miniconda3/include -fPIC -O2 -isystem /root/miniconda3/include -fPIC -c /tmp/tmpstbbnrul/test.c -o /tmp/tmpstbbnrul/test.o
08/13/2026 23:32:16 - INFO - root -   gcc -pthread -B /root/miniconda3/compiler_compat /tmp/tmpstbbnrul/test.o -laio -o /tmp/tmpstbbnrul/a.out
08/13/2026 23:32:16 - INFO - root -   gcc -pthread -B /root/miniconda3/compiler_compat -fno-strict-overflow -DNDEBUG -O2 -Wall -fPIC -O2 -isystem /root/miniconda3/include -fPIC -O2 -isystem /root/miniconda3/include -fPIC -c /tmp/tmpjv_bl3or/test.c -o /tmp/tmpjv_bl3or/test.o
08/13/2026 23:32:16 - INFO - root -   gcc -pthread -B /root/miniconda3/compiler_compat /tmp/tmpjv_bl3or/test.o -L/usr/local/cuda -L/usr/local/cuda/lib64 -lcufile -o /tmp/tmpjv_bl3or/a.out
08/13/2026 23:32:16 - INFO - root -   gcc -pthread -B /root/miniconda3/compiler_compat -fno-strict-overflow -DNDEBUG -O2 -Wall -fPIC -O2 -isystem /root/miniconda3/include -fPIC -O2 -isystem /root/miniconda3/include -fPIC -c /tmp/tmpa9upik4x/test.c -o /tmp/tmpa9upik4x/test.o
08/13/2026 23:32:16 - INFO - root -   gcc -pthread -B /root/miniconda3/compiler_compat /tmp/tmpa9upik4x/test.o -laio -o /tmp/tmpa9upik4x/a.out
08/13/2026 23:32:16 - INFO - root -   gcc -pthread -B /root/miniconda3/compiler_compat -fno-strict-overflow -DNDEBUG -O2 -Wall -fPIC -O2 -isystem /root/miniconda3/include -fPIC -O2 -isystem /root/miniconda3/include -fPIC -c /tmp/tmpvmgr_o39/test.c -o /tmp/tmpvmgr_o39/test.o
08/13/2026 23:32:16 - INFO - root -   gcc -pthread -B /root/miniconda3/compiler_compat /tmp/tmpvmgr_o39/test.o -L/usr/local/cuda -L/usr/local/cuda/lib64 -lcufile -o /tmp/tmpvmgr_o39/a.out
08/13/2026 23:32:17 - INFO - root -   gcc -pthread -B /root/miniconda3/compiler_compat -fno-strict-overflow -DNDEBUG -O2 -Wall -fPIC -O2 -isystem /root/miniconda3/include -fPIC -O2 -isystem /root/miniconda3/include -fPIC -c /tmp/tmp1p4hhl2b/test.c -o /tmp/tmp1p4hhl2b/test.o
08/13/2026 23:32:17 - INFO - root -   gcc -pthread -B /root/miniconda3/compiler_compat /tmp/tmp1p4hhl2b/test.o -laio -o /tmp/tmp1p4hhl2b/a.out
08/13/2026 23:32:17 - INFO - root -   gcc -pthread -B /root/miniconda3/compiler_compat -fno-strict-overflow -DNDEBUG -O2 -Wall -fPIC -O2 -isystem /root/miniconda3/include -fPIC -O2 -isystem /root/miniconda3/include -fPIC -c /tmp/tmp0pbw_n4b/test.c -o /tmp/tmp0pbw_n4b/test.o
08/13/2026 23:32:17 - INFO - root -   gcc -pthread -B /root/miniconda3/compiler_compat /tmp/tmp0pbw_n4b/test.o -L/usr/local/cuda -L/usr/local/cuda/lib64 -lcufile -o /tmp/tmp0pbw_n4b/a.out
08/13/2026 23:32:17 - INFO - root -   gcc -pthread -B /root/miniconda3/compiler_compat -fno-strict-overflow -DNDEBUG -O2 -Wall -fPIC -O2 -isystem /root/miniconda3/include -fPIC -O2 -isystem /root/miniconda3/include -fPIC -c /tmp/tmpguuv7pym/test.c -o /tmp/tmpguuv7pym/test.o
08/13/2026 23:32:17 - INFO - root -   gcc -pthread -B /root/miniconda3/compiler_compat /tmp/tmpguuv7pym/test.o -laio -o /tmp/tmpguuv7pym/a.out
08/13/2026 23:32:17 - INFO - root -   gcc -pthread -B /root/miniconda3/compiler_compat -fno-strict-overflow -DNDEBUG -O2 -Wall -fPIC -O2 -isystem /root/miniconda3/include -fPIC -O2 -isystem /root/miniconda3/include -fPIC -c /tmp/tmpp3ifuhv5/test.c -o /tmp/tmpp3ifuhv5/test.o
08/13/2026 23:32:17 - INFO - root -   gcc -pthread -B /root/miniconda3/compiler_compat /tmp/tmpp3ifuhv5/test.o -L/usr/local/cuda -L/usr/local/cuda/lib64 -lcufile -o /tmp/tmpp3ifuhv5/a.out
08/13/2026 23:32:19 - INFO - root -   gcc -pthread -B /root/miniconda3/compiler_compat -fno-strict-overflow -DNDEBUG -O2 -Wall -fPIC -O2 -isystem /root/miniconda3/include -fPIC -O2 -isystem /root/miniconda3/include -fPIC -c /tmp/tmpz7kahuyw/test.c -o /tmp/tmpz7kahuyw/test.o
08/13/2026 23:32:19 - INFO - root -   gcc -pthread -B /root/miniconda3/compiler_compat /tmp/tmpz7kahuyw/test.o -laio -o /tmp/tmpz7kahuyw/a.out
08/13/2026 23:32:19 - INFO - root -   gcc -pthread -B /root/miniconda3/compiler_compat -fno-strict-overflow -DNDEBUG -O2 -Wall -fPIC -O2 -isystem /root/miniconda3/include -fPIC -O2 -isystem /root/miniconda3/include -fPIC -c /tmp/tmpfu0rjzv2/test.c -o /tmp/tmpfu0rjzv2/test.o
08/13/2026 23:32:19 - INFO - root -   gcc -pthread -B /root/miniconda3/compiler_compat /tmp/tmpfu0rjzv2/test.o -L/usr/local/cuda -L/usr/local/cuda/lib64 -lcufile -o /tmp/tmpfu0rjzv2/a.out
08/13/2026 23:32:20 - INFO - utils.trainer -   Model checkpoint doesn't exist: ALTER_AgeCAUEEG_train/ALTER-0.bin — skip loading
08/13/2026 23:32:20 - INFO - utils.trainer -   Model checkpoint doesn't exist: ALTER_AgeCAUEEG_train/ALTER-0.bin — skip loading
08/13/2026 23:32:20 - INFO - utils.trainer -   Model checkpoint doesn't exist: ALTER_AgeCAUEEG_train/ALTER-0.bin — skip loading
08/13/2026 23:32:20 - INFO - utils.trainer -   Model checkpoint doesn't exist: ALTER_AgeCAUEEG_train/ALTER-0.bin — skip loading
08/13/2026 23:32:20 - INFO - utils.trainer -   Model checkpoint doesn't exist: ALTER_AgeCAUEEG_train/ALTER-0.bin — skip loading
08/13/2026 23:32:20 - INFO - utils.trainer -   ***** Running few-shot fine-tune (transfer) *****
08/13/2026 23:32:20 - INFO - utils.trainer -     Num train examples = 2
08/13/2026 23:32:20 - INFO - utils.trainer -     Num val   examples = 44
08/13/2026 23:32:20 - INFO - utils.trainer -     Num test  examples = 44
08/13/2026 23:32:20 - INFO - utils.trainer -     Max fine-tune epochs = 200
08/13/2026 23:32:20 - INFO - utils.trainer -     Fine-tune lr = 0.0001
08/13/2026 23:32:20 - INFO - utils.trainer -   Model checkpoint doesn't exist: ALTER_AgeCAUEEG_train/ALTER-0.bin — skip loading
08/13/2026 23:32:22 - INFO - utils.trainer -   ***** Running regression evaluation on val0 dataset *****
08/13/2026 23:32:24 - INFO - utils.trainer -   Loss: 2662.50480
08/13/2026 23:32:24 - INFO - utils.trainer -   MSE: 2635.12109
08/13/2026 23:32:24 - INFO - utils.trainer -   MAE: 48.24706
08/13/2026 23:32:24 - INFO - utils.trainer -   RMSE: 51.33343
08/13/2026 23:32:24 - INFO - utils.trainer -   R2: -7.57390
08/13/2026 23:32:24 - INFO - utils.trainer -   PearsonR: -0.13039
08/13/2026 23:32:24 - INFO - utils.trainer -   Model saved to output_dir/ALTER_AgeTUAB_fewshot_best
08/13/2026 23:32:24 - INFO - utils.trainer -   Best model saved (val Loss=2662.5048, epoch=1)
08/13/2026 23:32:24 - INFO - utils.trainer -   FT Epoch: 1/200, Train Loss: 2582.80481, Val Loss: 2662.50480, Val Loss: 2662.5048, Best Loss: 2662.5048, No improve: 0/10, Time: 1.8s
08/13/2026 23:32:25 - INFO - utils.trainer -   ***** Running regression evaluation on val0 dataset *****
08/13/2026 23:32:27 - INFO - utils.trainer -   Loss: 2660.98246
08/13/2026 23:32:27 - INFO - utils.trainer -   MSE: 2633.60645
08/13/2026 23:32:27 - INFO - utils.trainer -   MAE: 48.23136
08/13/2026 23:32:27 - INFO - utils.trainer -   RMSE: 51.31868
08/13/2026 23:32:27 - INFO - utils.trainer -   R2: -7.56897
08/13/2026 23:32:27 - INFO - utils.trainer -   PearsonR: -0.09752
08/13/2026 23:32:27 - INFO - utils.trainer -   Model saved to output_dir/ALTER_AgeTUAB_fewshot_best
08/13/2026 23:32:27 - INFO - utils.trainer -   Best model saved (val Loss=2660.9825, epoch=2)
08/13/2026 23:32:27 - INFO - utils.trainer -   FT Epoch: 2/200, Train Loss: 2088.37610, Val Loss: 2660.98246, Val Loss: 2660.9825, Best Loss: 2660.9825, No improve: 0/10, Time: 1.4s
08/13/2026 23:32:28 - INFO - utils.trainer -   ***** Running regression evaluation on val0 dataset *****
08/13/2026 23:32:30 - INFO - utils.trainer -   Loss: 2659.57613
08/13/2026 23:32:30 - INFO - utils.trainer -   MSE: 2632.20728
08/13/2026 23:32:30 - INFO - utils.trainer -   MAE: 48.21685
08/13/2026 23:32:30 - INFO - utils.trainer -   RMSE: 51.30504
08/13/2026 23:32:30 - INFO - utils.trainer -   R2: -7.56442
08/13/2026 23:32:30 - INFO - utils.trainer -   PearsonR: -0.04472
08/13/2026 23:32:30 - INFO - utils.trainer -   Model saved to output_dir/ALTER_AgeTUAB_fewshot_best
08/13/2026 23:32:30 - INFO - utils.trainer -   Best model saved (val Loss=2659.5761, epoch=3)
08/13/2026 23:32:30 - INFO - utils.trainer -   FT Epoch: 3/200, Train Loss: 2598.30554, Val Loss: 2659.57613, Val Loss: 2659.5761, Best Loss: 2659.5761, No improve: 0/10, Time: 1.2s
08/13/2026 23:32:31 - INFO - utils.trainer -   ***** Running regression evaluation on val0 dataset *****
08/13/2026 23:32:33 - INFO - utils.trainer -   Loss: 2658.48954
08/13/2026 23:32:33 - INFO - utils.trainer -   MSE: 2631.12622
08/13/2026 23:32:33 - INFO - utils.trainer -   MAE: 48.20564
08/13/2026 23:32:33 - INFO - utils.trainer -   RMSE: 51.29451
08/13/2026 23:32:33 - INFO - utils.trainer -   R2: -7.56090
08/13/2026 23:32:33 - INFO - utils.trainer -   PearsonR: -0.03977
08/13/2026 23:32:33 - INFO - utils.trainer -   Model saved to output_dir/ALTER_AgeTUAB_fewshot_best
08/13/2026 23:32:33 - INFO - utils.trainer -   Best model saved (val Loss=2658.4895, epoch=4)
08/13/2026 23:32:33 - INFO - utils.trainer -   FT Epoch: 4/200, Train Loss: 2388.56445, Val Loss: 2658.48954, Val Loss: 2658.4895, Best Loss: 2658.4895, No improve: 0/10, Time: 1.3s
08/13/2026 23:32:34 - INFO - utils.trainer -   ***** Running regression evaluation on val0 dataset *****
08/13/2026 23:32:36 - INFO - utils.trainer -   Loss: 2657.21224
08/13/2026 23:32:36 - INFO - utils.trainer -   MSE: 2629.85547
08/13/2026 23:32:36 - INFO - utils.trainer -   MAE: 48.19245
08/13/2026 23:32:36 - INFO - utils.trainer -   RMSE: 51.28212
08/13/2026 23:32:36 - INFO - utils.trainer -   R2: -7.55677
08/13/2026 23:32:36 - INFO - utils.trainer -   PearsonR: -0.04359
08/13/2026 23:32:36 - INFO - utils.trainer -   Model saved to output_dir/ALTER_AgeTUAB_fewshot_best
08/13/2026 23:32:36 - INFO - utils.trainer -   Best model saved (val Loss=2657.2122, epoch=5)
08/13/2026 23:32:36 - INFO - utils.trainer -   FT Epoch: 5/200, Train Loss: 3453.67480, Val Loss: 2657.21224, Val Loss: 2657.2122, Best Loss: 2657.2122, No improve: 0/10, Time: 1.2s
08/13/2026 23:32:38 - INFO - utils.trainer -   ***** Running regression evaluation on val0 dataset *****
08/13/2026 23:32:40 - INFO - utils.trainer -   Loss: 2655.72262
08/13/2026 23:32:40 - INFO - utils.trainer -   MSE: 2628.37329
08/13/2026 23:32:40 - INFO - utils.trainer -   MAE: 48.17707
08/13/2026 23:32:40 - INFO - utils.trainer -   RMSE: 51.26766
08/13/2026 23:32:40 - INFO - utils.trainer -   R2: -7.55194
08/13/2026 23:32:40 - INFO - utils.trainer -   PearsonR: -0.04854
08/13/2026 23:32:40 - INFO - utils.trainer -   Model saved to output_dir/ALTER_AgeTUAB_fewshot_best
08/13/2026 23:32:40 - INFO - utils.trainer -   Best model saved (val Loss=2655.7226, epoch=6)
08/13/2026 23:32:40 - INFO - utils.trainer -   FT Epoch: 6/200, Train Loss: 3358.71313, Val Loss: 2655.72262, Val Loss: 2655.7226, Best Loss: 2655.7226, No improve: 0/10, Time: 2.1s
08/13/2026 23:32:41 - INFO - utils.trainer -   ***** Running regression evaluation on val0 dataset *****
08/13/2026 23:32:43 - INFO - utils.trainer -   Loss: 2654.04085
08/13/2026 23:32:43 - INFO - utils.trainer -   MSE: 2626.69971
08/13/2026 23:32:43 - INFO - utils.trainer -   MAE: 48.15969
08/13/2026 23:32:43 - INFO - utils.trainer -   RMSE: 51.25134
08/13/2026 23:32:43 - INFO - utils.trainer -   R2: -7.54650
08/13/2026 23:32:43 - INFO - utils.trainer -   PearsonR: -0.04746
08/13/2026 23:32:43 - INFO - utils.trainer -   Model saved to output_dir/ALTER_AgeTUAB_fewshot_best
08/13/2026 23:32:43 - INFO - utils.trainer -   Best model saved (val Loss=2654.0409, epoch=7)
08/13/2026 23:32:43 - INFO - utils.trainer -   FT Epoch: 7/200, Train Loss: 3549.45105, Val Loss: 2654.04085, Val Loss: 2654.0409, Best Loss: 2654.0409, No improve: 0/10, Time: 1.3s
08/13/2026 23:32:44 - INFO - utils.trainer -   ***** Running regression evaluation on val0 dataset *****
08/13/2026 23:32:46 - INFO - utils.trainer -   Loss: 2652.20182
08/13/2026 23:32:46 - INFO - utils.trainer -   MSE: 2624.86987
08/13/2026 23:32:46 - INFO - utils.trainer -   MAE: 48.14069
08/13/2026 23:32:46 - INFO - utils.trainer -   RMSE: 51.23348
08/13/2026 23:32:46 - INFO - utils.trainer -   R2: -7.54054
08/13/2026 23:32:46 - INFO - utils.trainer -   PearsonR: -0.04302
08/13/2026 23:32:46 - INFO - utils.trainer -   Model saved to output_dir/ALTER_AgeTUAB_fewshot_best
08/13/2026 23:32:46 - INFO - utils.trainer -   Best model saved (val Loss=2652.2018, epoch=8)
08/13/2026 23:32:46 - INFO - utils.trainer -   FT Epoch: 8/200, Train Loss: 2529.94788, Val Loss: 2652.20182, Val Loss: 2652.2018, Best Loss: 2652.2018, No improve: 0/10, Time: 1.2s
08/13/2026 23:32:47 - INFO - utils.trainer -   ***** Running regression evaluation on val0 dataset *****
08/13/2026 23:32:49 - INFO - utils.trainer -   Loss: 2650.12557
08/13/2026 23:32:49 - INFO - utils.trainer -   MSE: 2622.80371
08/13/2026 23:32:49 - INFO - utils.trainer -   MAE: 48.11921
08/13/2026 23:32:49 - INFO - utils.trainer -   RMSE: 51.21331
08/13/2026 23:32:49 - INFO - utils.trainer -   R2: -7.53382
08/13/2026 23:32:49 - INFO - utils.trainer -   PearsonR: -0.04321
08/13/2026 23:32:49 - INFO - utils.trainer -   Model saved to output_dir/ALTER_AgeTUAB_fewshot_best
08/13/2026 23:32:49 - INFO - utils.trainer -   Best model saved (val Loss=2650.1256, epoch=9)
08/13/2026 23:32:49 - INFO - utils.trainer -   FT Epoch: 9/200, Train Loss: 2227.56396, Val Loss: 2650.12557, Val Loss: 2650.1256, Best Loss: 2650.1256, No improve: 0/10, Time: 1.2s
08/13/2026 23:32:51 - INFO - utils.trainer -   ***** Running regression evaluation on val0 dataset *****
08/13/2026 23:32:52 - INFO - utils.trainer -   Loss: 2647.85091
08/13/2026 23:32:52 - INFO - utils.trainer -   MSE: 2620.54053
08/13/2026 23:32:52 - INFO - utils.trainer -   MAE: 48.09567
08/13/2026 23:32:52 - INFO - utils.trainer -   RMSE: 51.19122
08/13/2026 23:32:52 - INFO - utils.trainer -   R2: -7.52646
08/13/2026 23:32:52 - INFO - utils.trainer -   PearsonR: -0.04401
08/13/2026 23:32:52 - INFO - utils.trainer -   Model saved to output_dir/ALTER_AgeTUAB_fewshot_best
08/13/2026 23:32:52 - INFO - utils.trainer -   Best model saved (val Loss=2647.8509, epoch=10)
08/13/2026 23:32:52 - INFO - utils.trainer -   FT Epoch: 10/200, Train Loss: 2358.49921, Val Loss: 2647.85091, Val Loss: 2647.8509, Best Loss: 2647.8509, No improve: 0/10, Time: 1.4s
08/13/2026 23:32:54 - INFO - utils.trainer -   ***** Running regression evaluation on val0 dataset *****
08/13/2026 23:32:56 - INFO - utils.trainer -   Loss: 2645.31348
08/13/2026 23:32:56 - INFO - utils.trainer -   MSE: 2618.01587
08/13/2026 23:32:56 - INFO - utils.trainer -   MAE: 48.06940
08/13/2026 23:32:56 - INFO - utils.trainer -   RMSE: 51.16655
08/13/2026 23:32:56 - INFO - utils.trainer -   R2: -7.51824
08/13/2026 23:32:56 - INFO - utils.trainer -   PearsonR: -0.04429
08/13/2026 23:32:56 - INFO - utils.trainer -   Model saved to output_dir/ALTER_AgeTUAB_fewshot_best
08/13/2026 23:32:56 - INFO - utils.trainer -   Best model saved (val Loss=2645.3135, epoch=11)
08/13/2026 23:32:56 - INFO - utils.trainer -   FT Epoch: 11/200, Train Loss: 3076.07654, Val Loss: 2645.31348, Val Loss: 2645.3135, Best Loss: 2645.3135, No improve: 0/10, Time: 1.3s
08/13/2026 23:32:57 - INFO - utils.trainer -   ***** Running regression evaluation on val0 dataset *****
08/13/2026 23:32:59 - INFO - utils.trainer -   Loss: 2642.50155
08/13/2026 23:32:59 - INFO - utils.trainer -   MSE: 2615.21753
08/13/2026 23:32:59 - INFO - utils.trainer -   MAE: 48.04026
08/13/2026 23:32:59 - INFO - utils.trainer -   RMSE: 51.13920
08/13/2026 23:32:59 - INFO - utils.trainer -   R2: -7.50914
08/13/2026 23:32:59 - INFO - utils.trainer -   PearsonR: -0.04408
08/13/2026 23:32:59 - INFO - utils.trainer -   Model saved to output_dir/ALTER_AgeTUAB_fewshot_best
08/13/2026 23:32:59 - INFO - utils.trainer -   Best model saved (val Loss=2642.5015, epoch=12)
08/13/2026 23:32:59 - INFO - utils.trainer -   FT Epoch: 12/200, Train Loss: 2087.51428, Val Loss: 2642.50155, Val Loss: 2642.5015, Best Loss: 2642.5015, No improve: 0/10, Time: 1.2s
08/13/2026 23:33:00 - INFO - utils.trainer -   ***** Running regression evaluation on val0 dataset *****
08/13/2026 23:33:02 - INFO - utils.trainer -   Loss: 2639.18913
08/13/2026 23:33:02 - INFO - utils.trainer -   MSE: 2611.92139
08/13/2026 23:33:02 - INFO - utils.trainer -   MAE: 48.00592
08/13/2026 23:33:02 - INFO - utils.trainer -   RMSE: 51.10696
08/13/2026 23:33:02 - INFO - utils.trainer -   R2: -7.49841
08/13/2026 23:33:02 - INFO - utils.trainer -   PearsonR: -0.04488
08/13/2026 23:33:02 - INFO - utils.trainer -   Model saved to output_dir/ALTER_AgeTUAB_fewshot_best
08/13/2026 23:33:02 - INFO - utils.trainer -   Best model saved (val Loss=2639.1891, epoch=13)
08/13/2026 23:33:02 - INFO - utils.trainer -   FT Epoch: 13/200, Train Loss: 2803.96851, Val Loss: 2639.18913, Val Loss: 2639.1891, Best Loss: 2639.1891, No improve: 0/10, Time: 1.2s
08/13/2026 23:33:03 - INFO - utils.trainer -   ***** Running regression evaluation on val0 dataset *****
08/13/2026 23:33:05 - INFO - utils.trainer -   Loss: 2635.39872
08/13/2026 23:33:05 - INFO - utils.trainer -   MSE: 2608.14941
08/13/2026 23:33:05 - INFO - utils.trainer -   MAE: 47.96659
08/13/2026 23:33:05 - INFO - utils.trainer -   RMSE: 51.07005
08/13/2026 23:33:05 - INFO - utils.trainer -   R2: -7.48614
08/13/2026 23:33:05 - INFO - utils.trainer -   PearsonR: -0.04411
08/13/2026 23:33:05 - INFO - utils.trainer -   Model saved to output_dir/ALTER_AgeTUAB_fewshot_best
08/13/2026 23:33:05 - INFO - utils.trainer -   Best model saved (val Loss=2635.3987, epoch=14)
08/13/2026 23:33:05 - INFO - utils.trainer -   FT Epoch: 14/200, Train Loss: 2216.33069, Val Loss: 2635.39872, Val Loss: 2635.3987, Best Loss: 2635.3987, No improve: 0/10, Time: 1.1s
08/13/2026 23:33:06 - INFO - utils.trainer -   ***** Running regression evaluation on val0 dataset *****
08/13/2026 23:33:08 - INFO - utils.trainer -   Loss: 2631.07182
08/13/2026 23:33:08 - INFO - utils.trainer -   MSE: 2603.84375
08/13/2026 23:33:08 - INFO - utils.trainer -   MAE: 47.92165
08/13/2026 23:33:08 - INFO - utils.trainer -   RMSE: 51.02787
08/13/2026 23:33:08 - INFO - utils.trainer -   R2: -7.47213
08/13/2026 23:33:08 - INFO - utils.trainer -   PearsonR: -0.04266
08/13/2026 23:33:08 - INFO - utils.trainer -   Model saved to output_dir/ALTER_AgeTUAB_fewshot_best
08/13/2026 23:33:08 - INFO - utils.trainer -   Best model saved (val Loss=2631.0718, epoch=15)
08/13/2026 23:33:08 - INFO - utils.trainer -   FT Epoch: 15/200, Train Loss: 1516.37323, Val Loss: 2631.07182, Val Loss: 2631.0718, Best Loss: 2631.0718, No improve: 0/10, Time: 1.3s
08/13/2026 23:33:09 - INFO - utils.trainer -   ***** Running regression evaluation on val0 dataset *****
08/13/2026 23:33:11 - INFO - utils.trainer -   Loss: 2625.97673
08/13/2026 23:33:11 - INFO - utils.trainer -   MSE: 2598.77295
08/13/2026 23:33:11 - INFO - utils.trainer -   MAE: 47.86867
08/13/2026 23:33:11 - INFO - utils.trainer -   RMSE: 50.97816
08/13/2026 23:33:11 - INFO - utils.trainer -   R2: -7.45563
08/13/2026 23:33:11 - INFO - utils.trainer -   PearsonR: -0.04000
08/13/2026 23:33:11 - INFO - utils.trainer -   Model saved to output_dir/ALTER_AgeTUAB_fewshot_best
08/13/2026 23:33:11 - INFO - utils.trainer -   Best model saved (val Loss=2625.9767, epoch=16)
08/13/2026 23:33:11 - INFO - utils.trainer -   FT Epoch: 16/200, Train Loss: 2163.83075, Val Loss: 2625.97673, Val Loss: 2625.9767, Best Loss: 2625.9767, No improve: 0/10, Time: 1.3s
08/13/2026 23:33:12 - INFO - utils.trainer -   ***** Running regression evaluation on val0 dataset *****
08/13/2026 23:33:14 - INFO - utils.trainer -   Loss: 2620.03341
08/13/2026 23:33:14 - INFO - utils.trainer -   MSE: 2592.85767
08/13/2026 23:33:14 - INFO - utils.trainer -   MAE: 47.80679
08/13/2026 23:33:14 - INFO - utils.trainer -   RMSE: 50.92011
08/13/2026 23:33:14 - INFO - utils.trainer -   R2: -7.43639
08/13/2026 23:33:14 - INFO - utils.trainer -   PearsonR: -0.03808
08/13/2026 23:33:14 - INFO - utils.trainer -   Model saved to output_dir/ALTER_AgeTUAB_fewshot_best
08/13/2026 23:33:14 - INFO - utils.trainer -   Best model saved (val Loss=2620.0334, epoch=17)
08/13/2026 23:33:14 - INFO - utils.trainer -   FT Epoch: 17/200, Train Loss: 2958.07239, Val Loss: 2620.03341, Val Loss: 2620.0334, Best Loss: 2620.0334, No improve: 0/10, Time: 1.3s
08/13/2026 23:33:16 - INFO - utils.trainer -   ***** Running regression evaluation on val0 dataset *****
08/13/2026 23:33:17 - INFO - utils.trainer -   Loss: 2613.03691
08/13/2026 23:33:17 - INFO - utils.trainer -   MSE: 2585.89380
08/13/2026 23:33:17 - INFO - utils.trainer -   MAE: 47.73383
08/13/2026 23:33:17 - INFO - utils.trainer -   RMSE: 50.85168
08/13/2026 23:33:17 - INFO - utils.trainer -   R2: -7.41373
08/13/2026 23:33:17 - INFO - utils.trainer -   PearsonR: -0.03598
08/13/2026 23:33:17 - INFO - utils.trainer -   Model saved to output_dir/ALTER_AgeTUAB_fewshot_best
08/13/2026 23:33:17 - INFO - utils.trainer -   Best model saved (val Loss=2613.0369, epoch=18)
08/13/2026 23:33:17 - INFO - utils.trainer -   FT Epoch: 18/200, Train Loss: 3762.24353, Val Loss: 2613.03691, Val Loss: 2613.0369, Best Loss: 2613.0369, No improve: 0/10, Time: 1.6s
08/13/2026 23:33:19 - INFO - utils.trainer -   ***** Running regression evaluation on val0 dataset *****
08/13/2026 23:33:20 - INFO - utils.trainer -   Loss: 2604.79016
08/13/2026 23:33:20 - INFO - utils.trainer -   MSE: 2577.68530
08/13/2026 23:33:20 - INFO - utils.trainer -   MAE: 47.64767
08/13/2026 23:33:20 - INFO - utils.trainer -   RMSE: 50.77091
08/13/2026 23:33:20 - INFO - utils.trainer -   R2: -7.38702
08/13/2026 23:33:20 - INFO - utils.trainer -   PearsonR: -0.03356
08/13/2026 23:33:20 - INFO - utils.trainer -   Model saved to output_dir/ALTER_AgeTUAB_fewshot_best
08/13/2026 23:33:20 - INFO - utils.trainer -   Best model saved (val Loss=2604.7902, epoch=19)
08/13/2026 23:33:20 - INFO - utils.trainer -   FT Epoch: 19/200, Train Loss: 2543.79224, Val Loss: 2604.79016, Val Loss: 2604.7902, Best Loss: 2604.7902, No improve: 0/10, Time: 1.4s
08/13/2026 23:33:22 - INFO - utils.trainer -   ***** Running regression evaluation on val0 dataset *****
08/13/2026 23:33:24 - INFO - utils.trainer -   Loss: 2595.14087
08/13/2026 23:33:24 - INFO - utils.trainer -   MSE: 2568.08105
08/13/2026 23:33:24 - INFO - utils.trainer -   MAE: 47.54666
08/13/2026 23:33:24 - INFO - utils.trainer -   RMSE: 50.67624
08/13/2026 23:33:24 - INFO - utils.trainer -   R2: -7.35577
08/13/2026 23:33:24 - INFO - utils.trainer -   PearsonR: -0.03217
08/13/2026 23:33:24 - INFO - utils.trainer -   Model saved to output_dir/ALTER_AgeTUAB_fewshot_best
08/13/2026 23:33:24 - INFO - utils.trainer -   Best model saved (val Loss=2595.1409, epoch=20)
08/13/2026 23:33:24 - INFO - utils.trainer -   FT Epoch: 20/200, Train Loss: 2137.66675, Val Loss: 2595.14087, Val Loss: 2595.1409, Best Loss: 2595.1409, No improve: 0/10, Time: 1.2s
08/13/2026 23:33:25 - INFO - utils.trainer -   ***** Running regression evaluation on val0 dataset *****
08/13/2026 23:33:29 - INFO - utils.trainer -   Loss: 2583.88342
08/13/2026 23:33:29 - INFO - utils.trainer -   MSE: 2556.87720
08/13/2026 23:33:29 - INFO - utils.trainer -   MAE: 47.42854
08/13/2026 23:33:29 - INFO - utils.trainer -   RMSE: 50.56557
08/13/2026 23:33:29 - INFO - utils.trainer -   R2: -7.31932
08/13/2026 23:33:29 - INFO - utils.trainer -   PearsonR: -0.03125
08/13/2026 23:33:29 - INFO - utils.trainer -   Model saved to output_dir/ALTER_AgeTUAB_fewshot_best
08/13/2026 23:33:29 - INFO - utils.trainer -   Best model saved (val Loss=2583.8834, epoch=21)
08/13/2026 23:33:29 - INFO - utils.trainer -   FT Epoch: 21/200, Train Loss: 1965.08191, Val Loss: 2583.88342, Val Loss: 2583.8834, Best Loss: 2583.8834, No improve: 0/10, Time: 1.2s
08/13/2026 23:33:30 - INFO - utils.trainer -   ***** Running regression evaluation on val0 dataset *****
08/13/2026 23:33:32 - INFO - utils.trainer -   Loss: 2570.75175
08/13/2026 23:33:32 - INFO - utils.trainer -   MSE: 2543.80811
08/13/2026 23:33:32 - INFO - utils.trainer -   MAE: 47.29038
08/13/2026 23:33:32 - INFO - utils.trainer -   RMSE: 50.43618
08/13/2026 23:33:32 - INFO - utils.trainer -   R2: -7.27679
08/13/2026 23:33:32 - INFO - utils.trainer -   PearsonR: -0.03067
08/13/2026 23:33:32 - INFO - utils.trainer -   Model saved to output_dir/ALTER_AgeTUAB_fewshot_best
08/13/2026 23:33:32 - INFO - utils.trainer -   Best model saved (val Loss=2570.7517, epoch=22)
08/13/2026 23:33:32 - INFO - utils.trainer -   FT Epoch: 22/200, Train Loss: 2513.02271, Val Loss: 2570.75175, Val Loss: 2570.7517, Best Loss: 2570.7517, No improve: 0/10, Time: 1.2s
08/13/2026 23:33:33 - INFO - utils.trainer -   ***** Running regression evaluation on val0 dataset *****
08/13/2026 23:33:35 - INFO - utils.trainer -   Loss: 2555.77759
08/13/2026 23:33:35 - INFO - utils.trainer -   MSE: 2528.90625
08/13/2026 23:33:35 - INFO - utils.trainer -   MAE: 47.13231
08/13/2026 23:33:35 - INFO - utils.trainer -   RMSE: 50.28823
08/13/2026 23:33:35 - INFO - utils.trainer -   R2: -7.22831
08/13/2026 23:33:35 - INFO - utils.trainer -   PearsonR: -0.03174
08/13/2026 23:33:35 - INFO - utils.trainer -   Model saved to output_dir/ALTER_AgeTUAB_fewshot_best
08/13/2026 23:33:35 - INFO - utils.trainer -   Best model saved (val Loss=2555.7776, epoch=23)
08/13/2026 23:33:35 - INFO - utils.trainer -   FT Epoch: 23/200, Train Loss: 3279.13013, Val Loss: 2555.77759, Val Loss: 2555.7776, Best Loss: 2555.7776, No improve: 0/10, Time: 1.5s
08/13/2026 23:33:37 - INFO - utils.trainer -   ***** Running regression evaluation on val0 dataset *****
08/13/2026 23:33:38 - INFO - utils.trainer -   Loss: 2538.71765
08/13/2026 23:33:38 - INFO - utils.trainer -   MSE: 2511.92896
08/13/2026 23:33:38 - INFO - utils.trainer -   MAE: 46.95155
08/13/2026 23:33:38 - INFO - utils.trainer -   RMSE: 50.11915
08/13/2026 23:33:38 - INFO - utils.trainer -   R2: -7.17307
08/13/2026 23:33:38 - INFO - utils.trainer -   PearsonR: -0.03331
08/13/2026 23:33:38 - INFO - utils.trainer -   Model saved to output_dir/ALTER_AgeTUAB_fewshot_best
08/13/2026 23:33:38 - INFO - utils.trainer -   Best model saved (val Loss=2538.7177, epoch=24)
08/13/2026 23:33:38 - INFO - utils.trainer -   FT Epoch: 24/200, Train Loss: 3068.82654, Val Loss: 2538.71765, Val Loss: 2538.7177, Best Loss: 2538.7177, No improve: 0/10, Time: 1.2s
08/13/2026 23:33:40 - INFO - utils.trainer -   ***** Running regression evaluation on val0 dataset *****
08/13/2026 23:33:42 - INFO - utils.trainer -   Loss: 2519.24601
08/13/2026 23:33:42 - INFO - utils.trainer -   MSE: 2492.55151
08/13/2026 23:33:42 - INFO - utils.trainer -   MAE: 46.74438
08/13/2026 23:33:42 - INFO - utils.trainer -   RMSE: 49.92546
08/13/2026 23:33:42 - INFO - utils.trainer -   R2: -7.11002
08/13/2026 23:33:42 - INFO - utils.trainer -   PearsonR: -0.03506
08/13/2026 23:33:42 - INFO - utils.trainer -   Model saved to output_dir/ALTER_AgeTUAB_fewshot_best
08/13/2026 23:33:42 - INFO - utils.trainer -   Best model saved (val Loss=2519.2460, epoch=25)
08/13/2026 23:33:42 - INFO - utils.trainer -   FT Epoch: 25/200, Train Loss: 3585.45325, Val Loss: 2519.24601, Val Loss: 2519.2460, Best Loss: 2519.2460, No improve: 0/10, Time: 1.4s
08/13/2026 23:33:43 - INFO - utils.trainer -   ***** Running regression evaluation on val0 dataset *****
08/13/2026 23:33:46 - INFO - utils.trainer -   Loss: 2497.21724
08/13/2026 23:33:46 - INFO - utils.trainer -   MSE: 2470.63037
08/13/2026 23:33:46 - INFO - utils.trainer -   MAE: 46.50891
08/13/2026 23:33:46 - INFO - utils.trainer -   RMSE: 49.70544
08/13/2026 23:33:46 - INFO - utils.trainer -   R2: -7.03869
08/13/2026 23:33:46 - INFO - utils.trainer -   PearsonR: -0.03657
08/13/2026 23:33:46 - INFO - utils.trainer -   Model saved to output_dir/ALTER_AgeTUAB_fewshot_best
08/13/2026 23:33:46 - INFO - utils.trainer -   Best model saved (val Loss=2497.2172, epoch=26)
08/13/2026 23:33:46 - INFO - utils.trainer -   FT Epoch: 26/200, Train Loss: 3794.63672, Val Loss: 2497.21724, Val Loss: 2497.2172, Best Loss: 2497.2172, No improve: 0/10, Time: 1.5s
08/13/2026 23:33:47 - INFO - utils.trainer -   ***** Running regression evaluation on val0 dataset *****
08/13/2026 23:33:49 - INFO - utils.trainer -   Loss: 2472.74333
08/13/2026 23:33:49 - INFO - utils.trainer -   MSE: 2446.27783
08/13/2026 23:33:49 - INFO - utils.trainer -   MAE: 46.24598
08/13/2026 23:33:49 - INFO - utils.trainer -   RMSE: 49.45986
08/13/2026 23:33:49 - INFO - utils.trainer -   R2: -6.95946
08/13/2026 23:33:49 - INFO - utils.trainer -   PearsonR: -0.03730
08/13/2026 23:33:49 - INFO - utils.trainer -   Model saved to output_dir/ALTER_AgeTUAB_fewshot_best
08/13/2026 23:33:49 - INFO - utils.trainer -   Best model saved (val Loss=2472.7433, epoch=27)
08/13/2026 23:33:49 - INFO - utils.trainer -   FT Epoch: 27/200, Train Loss: 2830.71332, Val Loss: 2472.74333, Val Loss: 2472.7433, Best Loss: 2472.7433, No improve: 0/10, Time: 1.4s
08/13/2026 23:33:50 - INFO - utils.trainer -   ***** Running regression evaluation on val0 dataset *****
08/13/2026 23:33:52 - INFO - utils.trainer -   Loss: 2445.93091
08/13/2026 23:33:52 - INFO - utils.trainer -   MSE: 2419.59912
08/13/2026 23:33:52 - INFO - utils.trainer -   MAE: 45.95620
08/13/2026 23:33:52 - INFO - utils.trainer -   RMSE: 49.18942
08/13/2026 23:33:52 - INFO - utils.trainer -   R2: -6.87265
08/13/2026 23:33:52 - INFO - utils.trainer -   PearsonR: -0.03824
08/13/2026 23:33:52 - INFO - utils.trainer -   Model saved to output_dir/ALTER_AgeTUAB_fewshot_best
08/13/2026 23:33:52 - INFO - utils.trainer -   Best model saved (val Loss=2445.9309, epoch=28)
08/13/2026 23:33:52 - INFO - utils.trainer -   FT Epoch: 28/200, Train Loss: 912.10410, Val Loss: 2445.93091, Val Loss: 2445.9309, Best Loss: 2445.9309, No improve: 0/10, Time: 1.5s
08/13/2026 23:33:53 - INFO - utils.trainer -   ***** Running regression evaluation on val0 dataset *****
08/13/2026 23:33:55 - INFO - utils.trainer -   Loss: 2416.61104
08/13/2026 23:33:55 - INFO - utils.trainer -   MSE: 2390.42578
08/13/2026 23:33:55 - INFO - utils.trainer -   MAE: 45.63726
08/13/2026 23:33:55 - INFO - utils.trainer -   RMSE: 48.89198
08/13/2026 23:33:55 - INFO - utils.trainer -   R2: -6.77773
08/13/2026 23:33:55 - INFO - utils.trainer -   PearsonR: -0.03892
08/13/2026 23:33:55 - INFO - utils.trainer -   Model saved to output_dir/ALTER_AgeTUAB_fewshot_best
08/13/2026 23:33:55 - INFO - utils.trainer -   Best model saved (val Loss=2416.6110, epoch=29)
08/13/2026 23:33:55 - INFO - utils.trainer -   FT Epoch: 29/200, Train Loss: 1896.18152, Val Loss: 2416.61104, Val Loss: 2416.6110, Best Loss: 2416.6110, No improve: 0/10, Time: 1.3s
08/13/2026 23:33:57 - INFO - utils.trainer -   ***** Running regression evaluation on val0 dataset *****
08/13/2026 23:33:59 - INFO - utils.trainer -   Loss: 2384.45154
08/13/2026 23:33:59 - INFO - utils.trainer -   MSE: 2358.42798
08/13/2026 23:33:59 - INFO - utils.trainer -   MAE: 45.28491
08/13/2026 23:33:59 - INFO - utils.trainer -   RMSE: 48.56365
08/13/2026 23:33:59 - INFO - utils.trainer -   R2: -6.67362
08/13/2026 23:33:59 - INFO - utils.trainer -   PearsonR: -0.03935
08/13/2026 23:33:59 - INFO - utils.trainer -   Model saved to output_dir/ALTER_AgeTUAB_fewshot_best
08/13/2026 23:33:59 - INFO - utils.trainer -   Best model saved (val Loss=2384.4515, epoch=30)
08/13/2026 23:33:59 - INFO - utils.trainer -   FT Epoch: 30/200, Train Loss: 1889.42798, Val Loss: 2384.45154, Val Loss: 2384.4515, Best Loss: 2384.4515, No improve: 0/10, Time: 1.4s
08/13/2026 23:34:00 - INFO - utils.trainer -   ***** Running regression evaluation on val0 dataset *****
08/13/2026 23:34:02 - INFO - utils.trainer -   Loss: 2349.10364
08/13/2026 23:34:02 - INFO - utils.trainer -   MSE: 2323.25952
08/13/2026 23:34:02 - INFO - utils.trainer -   MAE: 44.89597
08/13/2026 23:34:02 - INFO - utils.trainer -   RMSE: 48.20020
08/13/2026 23:34:02 - INFO - utils.trainer -   R2: -6.55919
08/13/2026 23:34:02 - INFO - utils.trainer -   PearsonR: -0.03956
08/13/2026 23:34:02 - INFO - utils.trainer -   Model saved to output_dir/ALTER_AgeTUAB_fewshot_best
08/13/2026 23:34:02 - INFO - utils.trainer -   Best model saved (val Loss=2349.1036, epoch=31)
08/13/2026 23:34:02 - INFO - utils.trainer -   FT Epoch: 31/200, Train Loss: 2020.41968, Val Loss: 2349.10364, Val Loss: 2349.1036, Best Loss: 2349.1036, No improve: 0/10, Time: 1.4s
08/13/2026 23:34:03 - INFO - utils.trainer -   ***** Running regression evaluation on val0 dataset *****
08/13/2026 23:34:05 - INFO - utils.trainer -   Loss: 2310.15544
08/13/2026 23:34:05 - INFO - utils.trainer -   MSE: 2284.51099
08/13/2026 23:34:05 - INFO - utils.trainer -   MAE: 44.46425
08/13/2026 23:34:05 - INFO - utils.trainer -   RMSE: 47.79656
08/13/2026 23:34:05 - INFO - utils.trainer -   R2: -6.43312
08/13/2026 23:34:05 - INFO - utils.trainer -   PearsonR: -0.03929
08/13/2026 23:34:05 - INFO - utils.trainer -   Model saved to output_dir/ALTER_AgeTUAB_fewshot_best
08/13/2026 23:34:05 - INFO - utils.trainer -   Best model saved (val Loss=2310.1554, epoch=32)
08/13/2026 23:34:05 - INFO - utils.trainer -   FT Epoch: 32/200, Train Loss: 2031.35983, Val Loss: 2310.15544, Val Loss: 2310.1554, Best Loss: 2310.1554, No improve: 0/10, Time: 1.4s
08/13/2026 23:34:07 - INFO - utils.trainer -   ***** Running regression evaluation on val0 dataset *****
08/13/2026 23:34:09 - INFO - utils.trainer -   Loss: 2267.20190
08/13/2026 23:34:09 - INFO - utils.trainer -   MSE: 2241.78052
08/13/2026 23:34:09 - INFO - utils.trainer -   MAE: 43.98494
08/13/2026 23:34:09 - INFO - utils.trainer -   RMSE: 47.34745
08/13/2026 23:34:09 - INFO - utils.trainer -   R2: -6.29409
08/13/2026 23:34:09 - INFO - utils.trainer -   PearsonR: -0.03891
08/13/2026 23:34:09 - INFO - utils.trainer -   Model saved to output_dir/ALTER_AgeTUAB_fewshot_best
08/13/2026 23:34:09 - INFO - utils.trainer -   Best model saved (val Loss=2267.2019, epoch=33)
08/13/2026 23:34:09 - INFO - utils.trainer -   FT Epoch: 33/200, Train Loss: 3526.82617, Val Loss: 2267.20190, Val Loss: 2267.2019, Best Loss: 2267.2019, No improve: 0/10, Time: 1.5s
08/13/2026 23:34:10 - INFO - utils.trainer -   ***** Running regression evaluation on val0 dataset *****
08/13/2026 23:34:12 - INFO - utils.trainer -   Loss: 2219.86348
08/13/2026 23:34:12 - INFO - utils.trainer -   MSE: 2194.69116
08/13/2026 23:34:12 - INFO - utils.trainer -   MAE: 43.45174
08/13/2026 23:34:12 - INFO - utils.trainer -   RMSE: 46.84753
08/13/2026 23:34:12 - INFO - utils.trainer -   R2: -6.14087
08/13/2026 23:34:12 - INFO - utils.trainer -   PearsonR: -0.03847
08/13/2026 23:34:12 - INFO - utils.trainer -   Model saved to output_dir/ALTER_AgeTUAB_fewshot_best
08/13/2026 23:34:12 - INFO - utils.trainer -   Best model saved (val Loss=2219.8635, epoch=34)
08/13/2026 23:34:12 - INFO - utils.trainer -   FT Epoch: 34/200, Train Loss: 3236.19775, Val Loss: 2219.86348, Val Loss: 2219.8635, Best Loss: 2219.8635, No improve: 0/10, Time: 1.3s
08/13/2026 23:34:13 - INFO - utils.trainer -   ***** Running regression evaluation on val0 dataset *****
08/13/2026 23:34:15 - INFO - utils.trainer -   Loss: 2167.75793
08/13/2026 23:34:15 - INFO - utils.trainer -   MSE: 2142.86255
08/13/2026 23:34:15 - INFO - utils.trainer -   MAE: 42.85701
08/13/2026 23:34:15 - INFO - utils.trainer -   RMSE: 46.29107
08/13/2026 23:34:15 - INFO - utils.trainer -   R2: -5.97224
08/13/2026 23:34:15 - INFO - utils.trainer -   PearsonR: -0.03843
08/13/2026 23:34:15 - INFO - utils.trainer -   Model saved to output_dir/ALTER_AgeTUAB_fewshot_best
08/13/2026 23:34:15 - INFO - utils.trainer -   Best model saved (val Loss=2167.7579, epoch=35)
08/13/2026 23:34:15 - INFO - utils.trainer -   FT Epoch: 35/200, Train Loss: 2089.90955, Val Loss: 2167.75793, Val Loss: 2167.7579, Best Loss: 2167.7579, No improve: 0/10, Time: 1.4s
08/13/2026 23:34:16 - INFO - utils.trainer -   ***** Running regression evaluation on val0 dataset *****
08/13/2026 23:34:18 - INFO - utils.trainer -   Loss: 2110.56608
08/13/2026 23:34:18 - INFO - utils.trainer -   MSE: 2085.97925
08/13/2026 23:34:18 - INFO - utils.trainer -   MAE: 42.19435
08/13/2026 23:34:18 - INFO - utils.trainer -   RMSE: 45.67252
08/13/2026 23:34:18 - INFO - utils.trainer -   R2: -5.78715
08/13/2026 23:34:18 - INFO - utils.trainer -   PearsonR: -0.03902
08/13/2026 23:34:18 - INFO - utils.trainer -   Model saved to output_dir/ALTER_AgeTUAB_fewshot_best
08/13/2026 23:34:18 - INFO - utils.trainer -   Best model saved (val Loss=2110.5661, epoch=36)
08/13/2026 23:34:18 - INFO - utils.trainer -   FT Epoch: 36/200, Train Loss: 2613.50610, Val Loss: 2110.56608, Val Loss: 2110.5661, Best Loss: 2110.5661, No improve: 0/10, Time: 1.3s
08/13/2026 23:34:20 - INFO - utils.trainer -   ***** Running regression evaluation on val0 dataset *****
08/13/2026 23:34:22 - INFO - utils.trainer -   Loss: 2048.01955
08/13/2026 23:34:22 - INFO - utils.trainer -   MSE: 2023.77710
08/13/2026 23:34:22 - INFO - utils.trainer -   MAE: 41.45743
08/13/2026 23:34:22 - INFO - utils.trainer -   RMSE: 44.98641
08/13/2026 23:34:22 - INFO - utils.trainer -   R2: -5.58477
08/13/2026 23:34:22 - INFO - utils.trainer -   PearsonR: -0.03925
08/13/2026 23:34:22 - INFO - utils.trainer -   Model saved to output_dir/ALTER_AgeTUAB_fewshot_best
08/13/2026 23:34:22 - INFO - utils.trainer -   Best model saved (val Loss=2048.0196, epoch=37)
08/13/2026 23:34:22 - INFO - utils.trainer -   FT Epoch: 37/200, Train Loss: 1738.86621, Val Loss: 2048.01955, Val Loss: 2048.0196, Best Loss: 2048.0196, No improve: 0/10, Time: 1.5s
08/13/2026 23:34:23 - INFO - utils.trainer -   ***** Running regression evaluation on val0 dataset *****
08/13/2026 23:34:25 - INFO - utils.trainer -   Loss: 1980.00431
08/13/2026 23:34:25 - INFO - utils.trainer -   MSE: 1956.14392
08/13/2026 23:34:25 - INFO - utils.trainer -   MAE: 40.64065
08/13/2026 23:34:25 - INFO - utils.trainer -   RMSE: 44.22832
08/13/2026 23:34:25 - INFO - utils.trainer -   R2: -5.36471
08/13/2026 23:34:25 - INFO - utils.trainer -   PearsonR: -0.03967
08/13/2026 23:34:25 - INFO - utils.trainer -   Model saved to output_dir/ALTER_AgeTUAB_fewshot_best
08/13/2026 23:34:25 - INFO - utils.trainer -   Best model saved (val Loss=1980.0043, epoch=38)
08/13/2026 23:34:25 - INFO - utils.trainer -   FT Epoch: 38/200, Train Loss: 2254.36243, Val Loss: 1980.00431, Val Loss: 1980.0043, Best Loss: 1980.0043, No improve: 0/10, Time: 1.4s
08/13/2026 23:34:27 - INFO - utils.trainer -   ***** Running regression evaluation on val0 dataset *****
08/13/2026 23:34:28 - INFO - utils.trainer -   Loss: 1906.23311
08/13/2026 23:34:28 - INFO - utils.trainer -   MSE: 1882.79651
08/13/2026 23:34:28 - INFO - utils.trainer -   MAE: 39.73557
08/13/2026 23:34:28 - INFO - utils.trainer -   RMSE: 43.39120
08/13/2026 23:34:28 - INFO - utils.trainer -   R2: -5.12606
08/13/2026 23:34:28 - INFO - utils.trainer -   PearsonR: -0.03968
08/13/2026 23:34:28 - INFO - utils.trainer -   Model saved to output_dir/ALTER_AgeTUAB_fewshot_best
08/13/2026 23:34:28 - INFO - utils.trainer -   Best model saved (val Loss=1906.2331, epoch=39)
08/13/2026 23:34:28 - INFO - utils.trainer -   FT Epoch: 39/200, Train Loss: 1399.46368, Val Loss: 1906.23311, Val Loss: 1906.2331, Best Loss: 1906.2331, No improve: 0/10, Time: 1.4s
08/13/2026 23:34:30 - INFO - utils.trainer -   ***** Running regression evaluation on val0 dataset *****
08/13/2026 23:34:32 - INFO - utils.trainer -   Loss: 1826.26202
08/13/2026 23:34:32 - INFO - utils.trainer -   MSE: 1803.29614
08/13/2026 23:34:32 - INFO - utils.trainer -   MAE: 38.73014
08/13/2026 23:34:32 - INFO - utils.trainer -   RMSE: 42.46523
08/13/2026 23:34:32 - INFO - utils.trainer -   R2: -4.86739
08/13/2026 23:34:32 - INFO - utils.trainer -   PearsonR: -0.03938
08/13/2026 23:34:32 - INFO - utils.trainer -   Model saved to output_dir/ALTER_AgeTUAB_fewshot_best
08/13/2026 23:34:32 - INFO - utils.trainer -   Best model saved (val Loss=1826.2620, epoch=40)
08/13/2026 23:34:32 - INFO - utils.trainer -   FT Epoch: 40/200, Train Loss: 2566.96460, Val Loss: 1826.26202, Val Loss: 1826.2620, Best Loss: 1826.2620, No improve: 0/10, Time: 1.4s
08/13/2026 23:34:33 - INFO - utils.trainer -   ***** Running regression evaluation on val0 dataset *****
08/13/2026 23:34:35 - INFO - utils.trainer -   Loss: 1740.70158
08/13/2026 23:34:35 - INFO - utils.trainer -   MSE: 1718.25256
08/13/2026 23:34:35 - INFO - utils.trainer -   MAE: 37.62424
08/13/2026 23:34:35 - INFO - utils.trainer -   RMSE: 41.45181
08/13/2026 23:34:35 - INFO - utils.trainer -   R2: -4.59068
08/13/2026 23:34:35 - INFO - utils.trainer -   PearsonR: -0.03909
08/13/2026 23:34:35 - INFO - utils.trainer -   Model saved to output_dir/ALTER_AgeTUAB_fewshot_best
08/13/2026 23:34:35 - INFO - utils.trainer -   Best model saved (val Loss=1740.7016, epoch=41)
08/13/2026 23:34:35 - INFO - utils.trainer -   FT Epoch: 41/200, Train Loss: 2104.49951, Val Loss: 1740.70158, Val Loss: 1740.7016, Best Loss: 1740.7016, No improve: 0/10, Time: 1.4s
08/13/2026 23:34:37 - INFO - utils.trainer -   ***** Running regression evaluation on val0 dataset *****
08/13/2026 23:34:38 - INFO - utils.trainer -   Loss: 1649.34155
08/13/2026 23:34:38 - INFO - utils.trainer -   MSE: 1627.46509
08/13/2026 23:34:38 - INFO - utils.trainer -   MAE: 36.41292
08/13/2026 23:34:38 - INFO - utils.trainer -   RMSE: 40.34185
08/13/2026 23:34:38 - INFO - utils.trainer -   R2: -4.29529
08/13/2026 23:34:38 - INFO - utils.trainer -   PearsonR: -0.03908
08/13/2026 23:34:38 - INFO - utils.trainer -   Model saved to output_dir/ALTER_AgeTUAB_fewshot_best
08/13/2026 23:34:38 - INFO - utils.trainer -   Best model saved (val Loss=1649.3416, epoch=42)
08/13/2026 23:34:38 - INFO - utils.trainer -   FT Epoch: 42/200, Train Loss: 2656.20837, Val Loss: 1649.34155, Val Loss: 1649.3416, Best Loss: 1649.3416, No improve: 0/10, Time: 1.4s
08/13/2026 23:34:40 - INFO - utils.trainer -   ***** Running regression evaluation on val0 dataset *****
08/13/2026 23:34:42 - INFO - utils.trainer -   Loss: 1552.50517
08/13/2026 23:34:42 - INFO - utils.trainer -   MSE: 1531.26074
08/13/2026 23:34:42 - INFO - utils.trainer -   MAE: 35.08229
08/13/2026 23:34:42 - INFO - utils.trainer -   RMSE: 39.13133
08/13/2026 23:34:42 - INFO - utils.trainer -   R2: -3.98227
08/13/2026 23:34:42 - INFO - utils.trainer -   PearsonR: -0.03941
08/13/2026 23:34:42 - INFO - utils.trainer -   Model saved to output_dir/ALTER_AgeTUAB_fewshot_best
08/13/2026 23:34:42 - INFO - utils.trainer -   Best model saved (val Loss=1552.5052, epoch=43)
08/13/2026 23:34:42 - INFO - utils.trainer -   FT Epoch: 43/200, Train Loss: 1535.71265, Val Loss: 1552.50517, Val Loss: 1552.5052, Best Loss: 1552.5052, No improve: 0/10, Time: 1.4s
08/13/2026 23:34:44 - INFO - utils.trainer -   ***** Running regression evaluation on val0 dataset *****
08/13/2026 23:34:46 - INFO - utils.trainer -   Loss: 1450.21177
08/13/2026 23:34:46 - INFO - utils.trainer -   MSE: 1429.66553
08/13/2026 23:34:46 - INFO - utils.trainer -   MAE: 33.61847
08/13/2026 23:34:46 - INFO - utils.trainer -   RMSE: 37.81092
08/13/2026 23:34:46 - INFO - utils.trainer -   R2: -3.65171
08/13/2026 23:34:46 - INFO - utils.trainer -   PearsonR: -0.03919
08/13/2026 23:34:46 - INFO - utils.trainer -   Model saved to output_dir/ALTER_AgeTUAB_fewshot_best
08/13/2026 23:34:46 - INFO - utils.trainer -   Best model saved (val Loss=1450.2118, epoch=44)
08/13/2026 23:34:46 - INFO - utils.trainer -   FT Epoch: 44/200, Train Loss: 1986.83856, Val Loss: 1450.21177, Val Loss: 1450.2118, Best Loss: 1450.2118, No improve: 0/10, Time: 1.5s
08/13/2026 23:34:47 - INFO - utils.trainer -   ***** Running regression evaluation on val0 dataset *****
08/13/2026 23:34:49 - INFO - utils.trainer -   Loss: 1344.52199
08/13/2026 23:34:49 - INFO - utils.trainer -   MSE: 1324.73328
08/13/2026 23:34:49 - INFO - utils.trainer -   MAE: 32.03487
08/13/2026 23:34:49 - INFO - utils.trainer -   RMSE: 36.39688
08/13/2026 23:34:49 - INFO - utils.trainer -   R2: -3.31029
08/13/2026 23:34:49 - INFO - utils.trainer -   PearsonR: -0.03912
08/13/2026 23:34:49 - INFO - utils.trainer -   Model saved to output_dir/ALTER_AgeTUAB_fewshot_best
08/13/2026 23:34:49 - INFO - utils.trainer -   Best model saved (val Loss=1344.5220, epoch=45)
08/13/2026 23:34:49 - INFO - utils.trainer -   FT Epoch: 45/200, Train Loss: 1486.45605, Val Loss: 1344.52199, Val Loss: 1344.5220, Best Loss: 1344.5220, No improve: 0/10, Time: 1.4s
08/13/2026 23:34:51 - INFO - utils.trainer -   ***** Running regression evaluation on val0 dataset *****
08/13/2026 23:34:52 - INFO - utils.trainer -   Loss: 1235.44208
08/13/2026 23:34:52 - INFO - utils.trainer -   MSE: 1216.47839
08/13/2026 23:34:52 - INFO - utils.trainer -   MAE: 30.32985
08/13/2026 23:34:52 - INFO - utils.trainer -   RMSE: 34.87805
08/13/2026 23:34:52 - INFO - utils.trainer -   R2: -2.95806
08/13/2026 23:34:52 - INFO - utils.trainer -   PearsonR: -0.03895
08/13/2026 23:34:52 - INFO - utils.trainer -   Model saved to output_dir/ALTER_AgeTUAB_fewshot_best
08/13/2026 23:34:52 - INFO - utils.trainer -   Best model saved (val Loss=1235.4421, epoch=46)
08/13/2026 23:34:52 - INFO - utils.trainer -   FT Epoch: 46/200, Train Loss: 872.61092, Val Loss: 1235.44208, Val Loss: 1235.4421, Best Loss: 1235.4421, No improve: 0/10, Time: 1.4s
08/13/2026 23:34:54 - INFO - utils.trainer -   ***** Running regression evaluation on val0 dataset *****
08/13/2026 23:34:56 - INFO - utils.trainer -   Loss: 1124.10388
08/13/2026 23:34:56 - INFO - utils.trainer -   MSE: 1106.03845
08/13/2026 23:34:56 - INFO - utils.trainer -   MAE: 28.52837
08/13/2026 23:34:56 - INFO - utils.trainer -   RMSE: 33.25716
08/13/2026 23:34:56 - INFO - utils.trainer -   R2: -2.59872
08/13/2026 23:34:56 - INFO - utils.trainer -   PearsonR: -0.03892
08/13/2026 23:34:56 - INFO - utils.trainer -   Model saved to output_dir/ALTER_AgeTUAB_fewshot_best
08/13/2026 23:34:56 - INFO - utils.trainer -   Best model saved (val Loss=1124.1039, epoch=47)
08/13/2026 23:34:56 - INFO - utils.trainer -   FT Epoch: 47/200, Train Loss: 1380.66339, Val Loss: 1124.10388, Val Loss: 1124.1039, Best Loss: 1124.1039, No improve: 0/10, Time: 1.5s
08/13/2026 23:34:57 - INFO - utils.trainer -   ***** Running regression evaluation on val0 dataset *****
08/13/2026 23:34:59 - INFO - utils.trainer -   Loss: 1011.38367
08/13/2026 23:34:59 - INFO - utils.trainer -   MSE: 994.29681
08/13/2026 23:34:59 - INFO - utils.trainer -   MAE: 26.67687
08/13/2026 23:34:59 - INFO - utils.trainer -   RMSE: 31.53247
08/13/2026 23:34:59 - INFO - utils.trainer -   R2: -2.23515
08/13/2026 23:34:59 - INFO - utils.trainer -   PearsonR: -0.03868
08/13/2026 23:34:59 - INFO - utils.trainer -   Model saved to output_dir/ALTER_AgeTUAB_fewshot_best
08/13/2026 23:34:59 - INFO - utils.trainer -   Best model saved (val Loss=1011.3837, epoch=48)
08/13/2026 23:34:59 - INFO - utils.trainer -   FT Epoch: 48/200, Train Loss: 1712.16132, Val Loss: 1011.38367, Val Loss: 1011.3837, Best Loss: 1011.3837, No improve: 0/10, Time: 1.4s
08/13/2026 23:35:00 - INFO - utils.trainer -   ***** Running regression evaluation on val0 dataset *****
08/13/2026 23:35:02 - INFO - utils.trainer -   Loss: 900.90560
08/13/2026 23:35:02 - INFO - utils.trainer -   MSE: 884.86566
08/13/2026 23:35:02 - INFO - utils.trainer -   MAE: 24.83468
08/13/2026 23:35:02 - INFO - utils.trainer -   RMSE: 29.74669
08/13/2026 23:35:02 - INFO - utils.trainer -   R2: -1.87909
08/13/2026 23:35:02 - INFO - utils.trainer -   PearsonR: -0.03892
08/13/2026 23:35:02 - INFO - utils.trainer -   Model saved to output_dir/ALTER_AgeTUAB_fewshot_best
08/13/2026 23:35:02 - INFO - utils.trainer -   Best model saved (val Loss=900.9056, epoch=49)
08/13/2026 23:35:02 - INFO - utils.trainer -   FT Epoch: 49/200, Train Loss: 385.07149, Val Loss: 900.90560, Val Loss: 900.9056, Best Loss: 900.9056, No improve: 0/10, Time: 1.4s
08/13/2026 23:35:04 - INFO - utils.trainer -   ***** Running regression evaluation on val0 dataset *****
08/13/2026 23:35:06 - INFO - utils.trainer -   Loss: 792.57078
08/13/2026 23:35:06 - INFO - utils.trainer -   MSE: 777.66602
08/13/2026 23:35:06 - INFO - utils.trainer -   MAE: 23.03335
08/13/2026 23:35:06 - INFO - utils.trainer -   RMSE: 27.88666
08/13/2026 23:35:06 - INFO - utils.trainer -   R2: -1.53029
08/13/2026 23:35:06 - INFO - utils.trainer -   PearsonR: -0.03894
08/13/2026 23:35:06 - INFO - utils.trainer -   Model saved to output_dir/ALTER_AgeTUAB_fewshot_best
08/13/2026 23:35:06 - INFO - utils.trainer -   Best model saved (val Loss=792.5708, epoch=50)
08/13/2026 23:35:06 - INFO - utils.trainer -   FT Epoch: 50/200, Train Loss: 498.45792, Val Loss: 792.57078, Val Loss: 792.5708, Best Loss: 792.5708, No improve: 0/10, Time: 1.5s
08/13/2026 23:35:08 - INFO - utils.trainer -   ***** Running regression evaluation on val0 dataset *****
08/13/2026 23:35:10 - INFO - utils.trainer -   Loss: 688.93938
08/13/2026 23:35:10 - INFO - utils.trainer -   MSE: 675.25757
08/13/2026 23:35:10 - INFO - utils.trainer -   MAE: 21.25806
08/13/2026 23:35:10 - INFO - utils.trainer -   RMSE: 25.98572
08/13/2026 23:35:10 - INFO - utils.trainer -   R2: -1.19709
08/13/2026 23:35:10 - INFO - utils.trainer -   PearsonR: -0.03908
08/13/2026 23:35:10 - INFO - utils.trainer -   Model saved to output_dir/ALTER_AgeTUAB_fewshot_best
08/13/2026 23:35:10 - INFO - utils.trainer -   Best model saved (val Loss=688.9394, epoch=51)
08/13/2026 23:35:10 - INFO - utils.trainer -   FT Epoch: 51/200, Train Loss: 282.72473, Val Loss: 688.93938, Val Loss: 688.9394, Best Loss: 688.9394, No improve: 0/10, Time: 1.4s
08/13/2026 23:35:11 - INFO - utils.trainer -   ***** Running regression evaluation on val0 dataset *****
08/13/2026 23:35:13 - INFO - utils.trainer -   Loss: 593.97858
08/13/2026 23:35:13 - INFO - utils.trainer -   MSE: 581.58740
08/13/2026 23:35:13 - INFO - utils.trainer -   MAE: 19.58746
08/13/2026 23:35:13 - INFO - utils.trainer -   RMSE: 24.11612
08/13/2026 23:35:13 - INFO - utils.trainer -   R2: -0.89231
08/13/2026 23:35:13 - INFO - utils.trainer -   PearsonR: -0.03883
08/13/2026 23:35:13 - INFO - utils.trainer -   Model saved to output_dir/ALTER_AgeTUAB_fewshot_best
08/13/2026 23:35:13 - INFO - utils.trainer -   Best model saved (val Loss=593.9786, epoch=52)
08/13/2026 23:35:13 - INFO - utils.trainer -   FT Epoch: 52/200, Train Loss: 452.11346, Val Loss: 593.97858, Val Loss: 593.9786, Best Loss: 593.9786, No improve: 0/10, Time: 1.5s
08/13/2026 23:35:15 - INFO - utils.trainer -   ***** Running regression evaluation on val0 dataset *****
08/13/2026 23:35:16 - INFO - utils.trainer -   Loss: 512.86565
08/13/2026 23:35:16 - INFO - utils.trainer -   MSE: 501.78036
08/13/2026 23:35:16 - INFO - utils.trainer -   MAE: 18.12020
08/13/2026 23:35:16 - INFO - utils.trainer -   RMSE: 22.40046
08/13/2026 23:35:16 - INFO - utils.trainer -   R2: -0.63264
08/13/2026 23:35:16 - INFO - utils.trainer -   PearsonR: -0.03840
08/13/2026 23:35:16 - INFO - utils.trainer -   Model saved to output_dir/ALTER_AgeTUAB_fewshot_best
08/13/2026 23:35:16 - INFO - utils.trainer -   Best model saved (val Loss=512.8656, epoch=53)
08/13/2026 23:35:16 - INFO - utils.trainer -   FT Epoch: 53/200, Train Loss: 159.78008, Val Loss: 512.86565, Val Loss: 512.8656, Best Loss: 512.8656, No improve: 0/10, Time: 1.5s
08/13/2026 23:35:18 - INFO - utils.trainer -   ***** Running regression evaluation on val0 dataset *****
08/13/2026 23:35:20 - INFO - utils.trainer -   Loss: 443.35753
08/13/2026 23:35:20 - INFO - utils.trainer -   MSE: 433.65015
08/13/2026 23:35:20 - INFO - utils.trainer -   MAE: 16.84583
08/13/2026 23:35:20 - INFO - utils.trainer -   RMSE: 20.82427
08/13/2026 23:35:20 - INFO - utils.trainer -   R2: -0.41097
08/13/2026 23:35:20 - INFO - utils.trainer -   PearsonR: -0.03777
08/13/2026 23:35:20 - INFO - utils.trainer -   Model saved to output_dir/ALTER_AgeTUAB_fewshot_best
08/13/2026 23:35:20 - INFO - utils.trainer -   Best model saved (val Loss=443.3575, epoch=54)
08/13/2026 23:35:20 - INFO - utils.trainer -   FT Epoch: 54/200, Train Loss: 271.38964, Val Loss: 443.35753, Val Loss: 443.3575, Best Loss: 443.3575, No improve: 0/10, Time: 1.4s
08/13/2026 23:35:21 - INFO - utils.trainer -   ***** Running regression evaluation on val0 dataset *****
08/13/2026 23:35:23 - INFO - utils.trainer -   Loss: 389.14555
08/13/2026 23:35:23 - INFO - utils.trainer -   MSE: 380.85080
08/13/2026 23:35:23 - INFO - utils.trainer -   MAE: 15.81927
08/13/2026 23:35:23 - INFO - utils.trainer -   RMSE: 19.51540
08/13/2026 23:35:23 - INFO - utils.trainer -   R2: -0.23918
08/13/2026 23:35:23 - INFO - utils.trainer -   PearsonR: -0.03720
08/13/2026 23:35:23 - INFO - utils.trainer -   Model saved to output_dir/ALTER_AgeTUAB_fewshot_best
08/13/2026 23:35:23 - INFO - utils.trainer -   Best model saved (val Loss=389.1456, epoch=55)
08/13/2026 23:35:23 - INFO - utils.trainer -   FT Epoch: 55/200, Train Loss: 703.01605, Val Loss: 389.14555, Val Loss: 389.1456, Best Loss: 389.1456, No improve: 0/10, Time: 1.5s
08/13/2026 23:35:25 - INFO - utils.trainer -   ***** Running regression evaluation on val0 dataset *****
08/13/2026 23:35:27 - INFO - utils.trainer -   Loss: 352.50583
08/13/2026 23:35:27 - INFO - utils.trainer -   MSE: 345.61301
08/13/2026 23:35:27 - INFO - utils.trainer -   MAE: 15.11899
08/13/2026 23:35:27 - INFO - utils.trainer -   RMSE: 18.59067
08/13/2026 23:35:27 - INFO - utils.trainer -   R2: -0.12452
08/13/2026 23:35:27 - INFO - utils.trainer -   PearsonR: -0.03685
08/13/2026 23:35:27 - INFO - utils.trainer -   Model saved to output_dir/ALTER_AgeTUAB_fewshot_best
08/13/2026 23:35:27 - INFO - utils.trainer -   Best model saved (val Loss=352.5058, epoch=56)
08/13/2026 23:35:27 - INFO - utils.trainer -   FT Epoch: 56/200, Train Loss: 272.99862, Val Loss: 352.50583, Val Loss: 352.5058, Best Loss: 352.5058, No improve: 0/10, Time: 1.6s
08/13/2026 23:35:28 - INFO - utils.trainer -   ***** Running regression evaluation on val0 dataset *****
08/13/2026 23:35:30 - INFO - utils.trainer -   Loss: 333.44791
08/13/2026 23:35:30 - INFO - utils.trainer -   MSE: 327.82077
08/13/2026 23:35:30 - INFO - utils.trainer -   MAE: 14.77971
08/13/2026 23:35:30 - INFO - utils.trainer -   RMSE: 18.10582
08/13/2026 23:35:30 - INFO - utils.trainer -   R2: -0.06663
08/13/2026 23:35:30 - INFO - utils.trainer -   PearsonR: -0.03544
08/13/2026 23:35:30 - INFO - utils.trainer -   Model saved to output_dir/ALTER_AgeTUAB_fewshot_best
08/13/2026 23:35:30 - INFO - utils.trainer -   Best model saved (val Loss=333.4479, epoch=57)
08/13/2026 23:35:30 - INFO - utils.trainer -   FT Epoch: 57/200, Train Loss: 509.06322, Val Loss: 333.44791, Val Loss: 333.4479, Best Loss: 333.4479, No improve: 0/10, Time: 1.5s
08/13/2026 23:35:31 - INFO - utils.trainer -   ***** Running regression evaluation on val0 dataset *****
08/13/2026 23:35:33 - INFO - utils.trainer -   Loss: 328.37710
08/13/2026 23:35:33 - INFO - utils.trainer -   MSE: 323.81027
08/13/2026 23:35:33 - INFO - utils.trainer -   MAE: 14.70981
08/13/2026 23:35:33 - INFO - utils.trainer -   RMSE: 17.99473
08/13/2026 23:35:33 - INFO - utils.trainer -   R2: -0.05358
08/13/2026 23:35:33 - INFO - utils.trainer -   PearsonR: -0.03228
08/13/2026 23:35:33 - INFO - utils.trainer -   Model saved to output_dir/ALTER_AgeTUAB_fewshot_best
08/13/2026 23:35:33 - INFO - utils.trainer -   Best model saved (val Loss=328.3771, epoch=58)
08/13/2026 23:35:33 - INFO - utils.trainer -   FT Epoch: 58/200, Train Loss: 153.29452, Val Loss: 328.37710, Val Loss: 328.3771, Best Loss: 328.3771, No improve: 0/10, Time: 1.4s
08/13/2026 23:35:35 - INFO - utils.trainer -   ***** Running regression evaluation on val0 dataset *****
08/13/2026 23:35:37 - INFO - utils.trainer -   Loss: 328.04283
08/13/2026 23:35:37 - INFO - utils.trainer -   MSE: 323.93512
08/13/2026 23:35:37 - INFO - utils.trainer -   MAE: 14.71471
08/13/2026 23:35:37 - INFO - utils.trainer -   RMSE: 17.99820
08/13/2026 23:35:37 - INFO - utils.trainer -   R2: -0.05399
08/13/2026 23:35:37 - INFO - utils.trainer -   PearsonR: -0.02643
08/13/2026 23:35:37 - INFO - utils.trainer -   Model saved to output_dir/ALTER_AgeTUAB_fewshot_best
08/13/2026 23:35:37 - INFO - utils.trainer -   Best model saved (val Loss=328.0428, epoch=59)
08/13/2026 23:35:37 - INFO - utils.trainer -   FT Epoch: 59/200, Train Loss: 118.44279, Val Loss: 328.04283, Val Loss: 328.0428, Best Loss: 328.0428, No improve: 0/10, Time: 1.4s
08/13/2026 23:35:38 - INFO - utils.trainer -   ***** Running regression evaluation on val0 dataset *****
08/13/2026 23:35:40 - INFO - utils.trainer -   Loss: 328.63471
08/13/2026 23:35:40 - INFO - utils.trainer -   MSE: 324.65173
08/13/2026 23:35:40 - INFO - utils.trainer -   MAE: 14.72804
08/13/2026 23:35:40 - INFO - utils.trainer -   RMSE: 18.01810
08/13/2026 23:35:40 - INFO - utils.trainer -   R2: -0.05632
08/13/2026 23:35:40 - INFO - utils.trainer -   PearsonR: -0.02559
08/13/2026 23:35:40 - INFO - utils.trainer -   FT Epoch: 60/200, Train Loss: 313.47412, Val Loss: 328.63471, Val Loss: 328.6347, Best Loss: 328.0428, No improve: 1/10, Time: 1.4s
08/13/2026 23:35:42 - INFO - utils.trainer -   ***** Running regression evaluation on val0 dataset *****
08/13/2026 23:35:44 - INFO - utils.trainer -   Loss: 326.85653
08/13/2026 23:35:44 - INFO - utils.trainer -   MSE: 322.57944
08/13/2026 23:35:44 - INFO - utils.trainer -   MAE: 14.67056
08/13/2026 23:35:44 - INFO - utils.trainer -   RMSE: 17.96050
08/13/2026 23:35:44 - INFO - utils.trainer -   R2: -0.04958
08/13/2026 23:35:44 - INFO - utils.trainer -   PearsonR: -0.01951
08/13/2026 23:35:44 - INFO - utils.trainer -   Model saved to output_dir/ALTER_AgeTUAB_fewshot_best
08/13/2026 23:35:44 - INFO - utils.trainer -   Best model saved (val Loss=326.8565, epoch=61)
08/13/2026 23:35:44 - INFO - utils.trainer -   FT Epoch: 61/200, Train Loss: 312.09492, Val Loss: 326.85653, Val Loss: 326.8565, Best Loss: 326.8565, No improve: 0/10, Time: 1.4s
08/13/2026 23:35:45 - INFO - utils.trainer -   ***** Running regression evaluation on val0 dataset *****
08/13/2026 23:35:47 - INFO - utils.trainer -   Loss: 331.52818
08/13/2026 23:35:47 - INFO - utils.trainer -   MSE: 327.50748
08/13/2026 23:35:47 - INFO - utils.trainer -   MAE: 14.77756
08/13/2026 23:35:47 - INFO - utils.trainer -   RMSE: 18.09717
08/13/2026 23:35:47 - INFO - utils.trainer -   R2: -0.06561
08/13/2026 23:35:47 - INFO - utils.trainer -   PearsonR: -0.02112
08/13/2026 23:35:47 - INFO - utils.trainer -   FT Epoch: 62/200, Train Loss: 943.57379, Val Loss: 331.52818, Val Loss: 331.5282, Best Loss: 326.8565, No improve: 1/10, Time: 1.4s
08/13/2026 23:35:48 - INFO - utils.trainer -   ***** Running regression evaluation on val0 dataset *****
08/13/2026 23:35:50 - INFO - utils.trainer -   Loss: 330.49111
08/13/2026 23:35:50 - INFO - utils.trainer -   MSE: 326.13049
08/13/2026 23:35:50 - INFO - utils.trainer -   MAE: 14.74179
08/13/2026 23:35:50 - INFO - utils.trainer -   RMSE: 18.05908
08/13/2026 23:35:50 - INFO - utils.trainer -   R2: -0.06113
08/13/2026 23:35:50 - INFO - utils.trainer -   PearsonR: -0.01260
08/13/2026 23:35:50 - INFO - utils.trainer -   FT Epoch: 63/200, Train Loss: 312.98508, Val Loss: 330.49111, Val Loss: 330.4911, Best Loss: 326.8565, No improve: 2/10, Time: 1.3s
08/13/2026 23:35:51 - INFO - utils.trainer -   ***** Running regression evaluation on val0 dataset *****
08/13/2026 23:35:53 - INFO - utils.trainer -   Loss: 330.98358
08/13/2026 23:35:53 - INFO - utils.trainer -   MSE: 326.50851
08/13/2026 23:35:53 - INFO - utils.trainer -   MAE: 14.74579
08/13/2026 23:35:53 - INFO - utils.trainer -   RMSE: 18.06955
08/13/2026 23:35:53 - INFO - utils.trainer -   R2: -0.06236
08/13/2026 23:35:53 - INFO - utils.trainer -   PearsonR: -0.00895
08/13/2026 23:35:53 - INFO - utils.trainer -   FT Epoch: 64/200, Train Loss: 234.03218, Val Loss: 330.98358, Val Loss: 330.9836, Best Loss: 326.8565, No improve: 3/10, Time: 1.5s
08/13/2026 23:35:55 - INFO - utils.trainer -   ***** Running regression evaluation on val0 dataset *****
08/13/2026 23:35:57 - INFO - utils.trainer -   Loss: 332.16348
08/13/2026 23:35:57 - INFO - utils.trainer -   MSE: 327.42325
08/13/2026 23:35:57 - INFO - utils.trainer -   MAE: 14.74683
08/13/2026 23:35:57 - INFO - utils.trainer -   RMSE: 18.09484
08/13/2026 23:35:57 - INFO - utils.trainer -   R2: -0.06534
08/13/2026 23:35:57 - INFO - utils.trainer -   PearsonR: -0.00273
08/13/2026 23:35:57 - INFO - utils.trainer -   FT Epoch: 65/200, Train Loss: 490.84686, Val Loss: 332.16348, Val Loss: 332.1635, Best Loss: 326.8565, No improve: 4/10, Time: 1.5s
08/13/2026 23:35:58 - INFO - utils.trainer -   ***** Running regression evaluation on val0 dataset *****
08/13/2026 23:36:00 - INFO - utils.trainer -   Loss: 334.21015
08/13/2026 23:36:00 - INFO - utils.trainer -   MSE: 329.23950
08/13/2026 23:36:00 - INFO - utils.trainer -   MAE: 14.76451
08/13/2026 23:36:00 - INFO - utils.trainer -   RMSE: 18.14496
08/13/2026 23:36:00 - INFO - utils.trainer -   R2: -0.07125
08/13/2026 23:36:00 - INFO - utils.trainer -   PearsonR: 0.00193
08/13/2026 23:36:00 - INFO - utils.trainer -   FT Epoch: 66/200, Train Loss: 183.68167, Val Loss: 334.21015, Val Loss: 334.2101, Best Loss: 326.8565, No improve: 5/10, Time: 1.4s
08/13/2026 23:36:01 - INFO - utils.trainer -   ***** Running regression evaluation on val0 dataset *****
08/13/2026 23:36:03 - INFO - utils.trainer -   Loss: 336.09425
08/13/2026 23:36:03 - INFO - utils.trainer -   MSE: 330.74899
08/13/2026 23:36:03 - INFO - utils.trainer -   MAE: 14.78197
08/13/2026 23:36:03 - INFO - utils.trainer -   RMSE: 18.18651
08/13/2026 23:36:03 - INFO - utils.trainer -   R2: -0.07616
08/13/2026 23:36:03 - INFO - utils.trainer -   PearsonR: 0.00398
08/13/2026 23:36:03 - INFO - utils.trainer -   FT Epoch: 67/200, Train Loss: 481.48047, Val Loss: 336.09425, Val Loss: 336.0942, Best Loss: 326.8565, No improve: 6/10, Time: 1.5s
08/13/2026 23:36:05 - INFO - utils.trainer -   ***** Running regression evaluation on val0 dataset *****
08/13/2026 23:36:07 - INFO - utils.trainer -   Loss: 338.59878
08/13/2026 23:36:07 - INFO - utils.trainer -   MSE: 332.93408
08/13/2026 23:36:07 - INFO - utils.trainer -   MAE: 14.80865
08/13/2026 23:36:07 - INFO - utils.trainer -   RMSE: 18.24648
08/13/2026 23:36:07 - INFO - utils.trainer -   R2: -0.08327
08/13/2026 23:36:07 - INFO - utils.trainer -   PearsonR: 0.01104
08/13/2026 23:36:07 - INFO - utils.trainer -   FT Epoch: 68/200, Train Loss: 298.46559, Val Loss: 338.59878, Val Loss: 338.5988, Best Loss: 326.8565, No improve: 7/10, Time: 1.3s
08/13/2026 23:36:08 - INFO - utils.trainer -   ***** Running regression evaluation on val0 dataset *****
08/13/2026 23:36:10 - INFO - utils.trainer -   Loss: 342.41613
08/13/2026 23:36:10 - INFO - utils.trainer -   MSE: 336.15524
08/13/2026 23:36:10 - INFO - utils.trainer -   MAE: 14.86790
08/13/2026 23:36:10 - INFO - utils.trainer -   RMSE: 18.33454
08/13/2026 23:36:10 - INFO - utils.trainer -   R2: -0.09375
08/13/2026 23:36:10 - INFO - utils.trainer -   PearsonR: 0.01839
08/13/2026 23:36:10 - INFO - utils.trainer -   FT Epoch: 69/200, Train Loss: 267.28830, Val Loss: 342.41613, Val Loss: 342.4161, Best Loss: 326.8565, No improve: 8/10, Time: 1.6s
08/13/2026 23:36:11 - INFO - utils.trainer -   ***** Running regression evaluation on val0 dataset *****
08/13/2026 23:36:13 - INFO - utils.trainer -   Loss: 346.33355
08/13/2026 23:36:13 - INFO - utils.trainer -   MSE: 339.69745
08/13/2026 23:36:13 - INFO - utils.trainer -   MAE: 14.93438
08/13/2026 23:36:13 - INFO - utils.trainer -   RMSE: 18.43088
08/13/2026 23:36:13 - INFO - utils.trainer -   R2: -0.10527
08/13/2026 23:36:13 - INFO - utils.trainer -   PearsonR: 0.02461
08/13/2026 23:36:13 - INFO - utils.trainer -   FT Epoch: 70/200, Train Loss: 351.38293, Val Loss: 346.33355, Val Loss: 346.3335, Best Loss: 326.8565, No improve: 9/10, Time: 1.3s
08/13/2026 23:36:15 - INFO - utils.trainer -   ***** Running regression evaluation on val0 dataset *****
08/13/2026 23:36:16 - INFO - utils.trainer -   Loss: 344.77973
08/13/2026 23:36:16 - INFO - utils.trainer -   MSE: 338.86057
08/13/2026 23:36:16 - INFO - utils.trainer -   MAE: 14.91681
08/13/2026 23:36:16 - INFO - utils.trainer -   RMSE: 18.40816
08/13/2026 23:36:16 - INFO - utils.trainer -   R2: -0.10255
08/13/2026 23:36:16 - INFO - utils.trainer -   PearsonR: 0.01814
08/13/2026 23:36:16 - INFO - utils.trainer -   FT Epoch: 71/200, Train Loss: 513.94319, Val Loss: 344.77973, Val Loss: 344.7797, Best Loss: 326.8565, No improve: 10/10, Time: 1.6s
08/13/2026 23:36:16 - INFO - utils.trainer -   Early stopping triggered at epoch 71
08/13/2026 23:36:16 - INFO - utils.trainer -   Early stopping triggered at epoch 71
08/13/2026 23:36:16 - INFO - utils.trainer -   Early stopping triggered at epoch 71
08/13/2026 23:36:16 - INFO - utils.trainer -   Early stopping triggered at epoch 71
08/13/2026 23:36:16 - INFO - utils.trainer -   Early stopping triggered at epoch 71
08/13/2026 23:36:16 - INFO - utils.trainer -   Early stopping triggered at epoch 71
08/13/2026 23:36:16 - INFO - utils.trainer -     6 keys not in checkpoint (kept from init)
08/13/2026 23:36:16 - INFO - utils.trainer -   Model loaded from output_dir/ALTER_AgeTUAB_fewshot_best/ALTER-0.bin (27/27 keys)
08/13/2026 23:36:16 - INFO - utils.trainer -   Loaded best checkpoint from output_dir/ALTER_AgeTUAB_fewshot_best
08/13/2026 23:36:16 - INFO - utils.trainer -   ***** Running regression evaluation on test0 dataset *****
08/13/2026 23:36:16 - INFO - utils.trainer -     6 keys not in checkpoint (kept from init)
08/13/2026 23:36:16 - INFO - utils.trainer -     6 keys not in checkpoint (kept from init)
08/13/2026 23:36:16 - INFO - utils.trainer -     6 keys not in checkpoint (kept from init)
08/13/2026 23:36:16 - INFO - utils.trainer -   Model loaded from output_dir/ALTER_AgeTUAB_fewshot_best/ALTER-0.bin (27/27 keys)
08/13/2026 23:36:16 - INFO - utils.trainer -   Model loaded from output_dir/ALTER_AgeTUAB_fewshot_best/ALTER-0.bin (27/27 keys)
08/13/2026 23:36:16 - INFO - utils.trainer -     6 keys not in checkpoint (kept from init)
08/13/2026 23:36:16 - INFO - utils.trainer -   Model loaded from output_dir/ALTER_AgeTUAB_fewshot_best/ALTER-0.bin (27/27 keys)
08/13/2026 23:36:16 - INFO - utils.trainer -   Model loaded from output_dir/ALTER_AgeTUAB_fewshot_best/ALTER-0.bin (27/27 keys)
08/13/2026 23:36:16 - INFO - utils.trainer -     6 keys not in checkpoint (kept from init)
08/13/2026 23:36:16 - INFO - utils.trainer -   Model loaded from output_dir/ALTER_AgeTUAB_fewshot_best/ALTER-0.bin (27/27 keys)
08/13/2026 23:36:18 - INFO - utils.trainer -   Loss: 330.81072
08/13/2026 23:36:18 - INFO - utils.trainer -   MSE: 330.47391
08/13/2026 23:36:18 - INFO - utils.trainer -   MAE: 15.04864
08/13/2026 23:36:18 - INFO - utils.trainer -   RMSE: 18.17894
08/13/2026 23:36:18 - INFO - utils.trainer -   R2: -0.02418
08/13/2026 23:36:18 - INFO - utils.trainer -   PearsonR: 0.05720
08/13/2026 23:36:18 - INFO - utils.trainer -   === Few-shot fine-tune test result ===
08/13/2026 23:36:18 - INFO - utils.trainer -     Loss: 330.81072
08/13/2026 23:36:18 - INFO - utils.trainer -     MSE: 330.47391
08/13/2026 23:36:18 - INFO - utils.trainer -     MAE: 15.04864
08/13/2026 23:36:18 - INFO - utils.trainer -     RMSE: 18.17894
08/13/2026 23:36:18 - INFO - utils.trainer -     R2: -0.02418
08/13/2026 23:36:18 - INFO - utils.trainer -     PearsonR: 0.05720
08/13/2026 23:36:18 - INFO - __main__ -   
============================================================
  20-shot (ALTER_AgeCAUEEG_train → AgeTUAB)  seed=42
============================================================
08/13/2026 23:36:18 - INFO - __main__ -     Loss           : 330.8107
08/13/2026 23:36:18 - INFO - __main__ -     MSE            : 330.4739
08/13/2026 23:36:18 - INFO - __main__ -     MAE            : 15.0486
08/13/2026 23:36:18 - INFO - __main__ -     RMSE           : 18.1789
08/13/2026 23:36:18 - INFO - __main__ -     R2             : -0.0242
08/13/2026 23:36:18 - INFO - __main__ -     PearsonR       : 0.0572
