08/07/2026 10:33:13 - INFO - __main__ -   ########## full-data finetune ##########
08/07/2026 10:33:13 - INFO - __main__ -   ########## full-data finetune ##########
08/07/2026 10:33:13 - INFO - __main__ -   ########## full-data finetune ##########
08/07/2026 10:33:13 - INFO - __main__ -   ########## full-data finetune ##########
08/07/2026 10:33:13 - INFO - __main__ -   ########## full-data finetune ##########
08/07/2026 10:33:13 - INFO - __main__ -   ########## full-data finetune ##########
08/07/2026 10:33:16 - INFO - root -   gcc -pthread -B /root/miniconda3/compiler_compat -fno-strict-overflow -DNDEBUG -O2 -Wall -fPIC -O2 -isystem /root/miniconda3/include -fPIC -O2 -isystem /root/miniconda3/include -fPIC -c /tmp/tmpichxx_kz/test.c -o /tmp/tmpichxx_kz/test.o
08/07/2026 10:33:16 - INFO - root -   gcc -pthread -B /root/miniconda3/compiler_compat /tmp/tmpichxx_kz/test.o -laio -o /tmp/tmpichxx_kz/a.out
08/07/2026 10:33:16 - INFO - root -   gcc -pthread -B /root/miniconda3/compiler_compat -fno-strict-overflow -DNDEBUG -O2 -Wall -fPIC -O2 -isystem /root/miniconda3/include -fPIC -O2 -isystem /root/miniconda3/include -fPIC -c /tmp/tmpqwsj9lzb/test.c -o /tmp/tmpqwsj9lzb/test.o
08/07/2026 10:33:16 - INFO - root -   gcc -pthread -B /root/miniconda3/compiler_compat -fno-strict-overflow -DNDEBUG -O2 -Wall -fPIC -O2 -isystem /root/miniconda3/include -fPIC -O2 -isystem /root/miniconda3/include -fPIC -c /tmp/tmpyp_wtsum/test.c -o /tmp/tmpyp_wtsum/test.o
08/07/2026 10:33:16 - INFO - root -   gcc -pthread -B /root/miniconda3/compiler_compat -fno-strict-overflow -DNDEBUG -O2 -Wall -fPIC -O2 -isystem /root/miniconda3/include -fPIC -O2 -isystem /root/miniconda3/include -fPIC -c /tmp/tmpd8cpi8q9/test.c -o /tmp/tmpd8cpi8q9/test.o
08/07/2026 10:33:16 - INFO - root -   gcc -pthread -B /root/miniconda3/compiler_compat -fno-strict-overflow -DNDEBUG -O2 -Wall -fPIC -O2 -isystem /root/miniconda3/include -fPIC -O2 -isystem /root/miniconda3/include -fPIC -c /tmp/tmpw333vhv1/test.c -o /tmp/tmpw333vhv1/test.o
08/07/2026 10:33:16 - INFO - root -   gcc -pthread -B /root/miniconda3/compiler_compat /tmp/tmpqwsj9lzb/test.o -laio -o /tmp/tmpqwsj9lzb/a.out
08/07/2026 10:33:16 - INFO - root -   gcc -pthread -B /root/miniconda3/compiler_compat /tmp/tmpyp_wtsum/test.o -L/usr/local/cuda -L/usr/local/cuda/lib64 -lcufile -o /tmp/tmpyp_wtsum/a.out
08/07/2026 10:33:16 - INFO - root -   gcc -pthread -B /root/miniconda3/compiler_compat /tmp/tmpd8cpi8q9/test.o -laio -o /tmp/tmpd8cpi8q9/a.out
08/07/2026 10:33:16 - INFO - root -   gcc -pthread -B /root/miniconda3/compiler_compat -fno-strict-overflow -DNDEBUG -O2 -Wall -fPIC -O2 -isystem /root/miniconda3/include -fPIC -O2 -isystem /root/miniconda3/include -fPIC -c /tmp/tmpa5ve_bwk/test.c -o /tmp/tmpa5ve_bwk/test.o
08/07/2026 10:33:16 - INFO - root -   gcc -pthread -B /root/miniconda3/compiler_compat -fno-strict-overflow -DNDEBUG -O2 -Wall -fPIC -O2 -isystem /root/miniconda3/include -fPIC -O2 -isystem /root/miniconda3/include -fPIC -c /tmp/tmpx9xv1uwz/test.c -o /tmp/tmpx9xv1uwz/test.o
08/07/2026 10:33:16 - INFO - root -   gcc -pthread -B /root/miniconda3/compiler_compat /tmp/tmpw333vhv1/test.o -laio -o /tmp/tmpw333vhv1/a.out
08/07/2026 10:33:16 - INFO - root -   gcc -pthread -B /root/miniconda3/compiler_compat -fno-strict-overflow -DNDEBUG -O2 -Wall -fPIC -O2 -isystem /root/miniconda3/include -fPIC -O2 -isystem /root/miniconda3/include -fPIC -c /tmp/tmpfpak331k/test.c -o /tmp/tmpfpak331k/test.o
08/07/2026 10:33:16 - INFO - root -   gcc -pthread -B /root/miniconda3/compiler_compat /tmp/tmpx9xv1uwz/test.o -L/usr/local/cuda -L/usr/local/cuda/lib64 -lcufile -o /tmp/tmpx9xv1uwz/a.out
08/07/2026 10:33:16 - INFO - root -   gcc -pthread -B /root/miniconda3/compiler_compat -fno-strict-overflow -DNDEBUG -O2 -Wall -fPIC -O2 -isystem /root/miniconda3/include -fPIC -O2 -isystem /root/miniconda3/include -fPIC -c /tmp/tmp52ttxftx/test.c -o /tmp/tmp52ttxftx/test.o
08/07/2026 10:33:16 - INFO - root -   gcc -pthread -B /root/miniconda3/compiler_compat /tmp/tmpa5ve_bwk/test.o -laio -o /tmp/tmpa5ve_bwk/a.out
08/07/2026 10:33:16 - INFO - root -   gcc -pthread -B /root/miniconda3/compiler_compat /tmp/tmpfpak331k/test.o -L/usr/local/cuda -L/usr/local/cuda/lib64 -lcufile -o /tmp/tmpfpak331k/a.out
08/07/2026 10:33:16 - INFO - root -   gcc -pthread -B /root/miniconda3/compiler_compat -fno-strict-overflow -DNDEBUG -O2 -Wall -fPIC -O2 -isystem /root/miniconda3/include -fPIC -O2 -isystem /root/miniconda3/include -fPIC -c /tmp/tmpxcm4qmm6/test.c -o /tmp/tmpxcm4qmm6/test.o
08/07/2026 10:33:16 - INFO - root -   gcc -pthread -B /root/miniconda3/compiler_compat /tmp/tmp52ttxftx/test.o -L/usr/local/cuda -L/usr/local/cuda/lib64 -lcufile -o /tmp/tmp52ttxftx/a.out
08/07/2026 10:33:16 - INFO - root -   gcc -pthread -B /root/miniconda3/compiler_compat /tmp/tmpxcm4qmm6/test.o -L/usr/local/cuda -L/usr/local/cuda/lib64 -lcufile -o /tmp/tmpxcm4qmm6/a.out
08/07/2026 10:33:16 - INFO - root -   gcc -pthread -B /root/miniconda3/compiler_compat -fno-strict-overflow -DNDEBUG -O2 -Wall -fPIC -O2 -isystem /root/miniconda3/include -fPIC -O2 -isystem /root/miniconda3/include -fPIC -c /tmp/tmp2ijbte3d/test.c -o /tmp/tmp2ijbte3d/test.o
08/07/2026 10:33:16 - INFO - root -   gcc -pthread -B /root/miniconda3/compiler_compat /tmp/tmp2ijbte3d/test.o -laio -o /tmp/tmp2ijbte3d/a.out
08/07/2026 10:33:16 - INFO - root -   gcc -pthread -B /root/miniconda3/compiler_compat -fno-strict-overflow -DNDEBUG -O2 -Wall -fPIC -O2 -isystem /root/miniconda3/include -fPIC -O2 -isystem /root/miniconda3/include -fPIC -c /tmp/tmpvch3wov9/test.c -o /tmp/tmpvch3wov9/test.o
08/07/2026 10:33:16 - INFO - root -   gcc -pthread -B /root/miniconda3/compiler_compat /tmp/tmpvch3wov9/test.o -L/usr/local/cuda -L/usr/local/cuda/lib64 -lcufile -o /tmp/tmpvch3wov9/a.out
08/07/2026 10:33:21 - INFO - utils.trainer -     2 prompt-buffer key(s) skipped (kept target-dataset prompt)
08/07/2026 10:33:21 - INFO - utils.trainer -     584 keys not in checkpoint (kept from init)
08/07/2026 10:33:21 - INFO - utils.trainer -   Model loaded from ./output_dir/TimeLLM_FutureFCDS_train/TimeLLM-0.bin (19/21 keys)
08/07/2026 10:33:21 - INFO - utils.trainer -     2 prompt-buffer key(s) skipped (kept target-dataset prompt)
08/07/2026 10:33:21 - INFO - utils.trainer -     584 keys not in checkpoint (kept from init)
08/07/2026 10:33:21 - INFO - utils.trainer -   Model loaded from ./output_dir/TimeLLM_FutureFCDS_train/TimeLLM-0.bin (19/21 keys)
08/07/2026 10:33:21 - INFO - utils.trainer -     2 prompt-buffer key(s) skipped (kept target-dataset prompt)
08/07/2026 10:33:21 - INFO - utils.trainer -     584 keys not in checkpoint (kept from init)
08/07/2026 10:33:21 - INFO - utils.trainer -   Model loaded from ./output_dir/TimeLLM_FutureFCDS_train/TimeLLM-0.bin (19/21 keys)
08/07/2026 10:33:21 - INFO - utils.trainer -     2 prompt-buffer key(s) skipped (kept target-dataset prompt)
08/07/2026 10:33:21 - INFO - utils.trainer -     584 keys not in checkpoint (kept from init)
08/07/2026 10:33:21 - INFO - utils.trainer -   Model loaded from ./output_dir/TimeLLM_FutureFCDS_train/TimeLLM-0.bin (19/21 keys)
08/07/2026 10:33:21 - INFO - utils.trainer -     2 prompt-buffer key(s) skipped (kept target-dataset prompt)
08/07/2026 10:33:21 - INFO - utils.trainer -     584 keys not in checkpoint (kept from init)
08/07/2026 10:33:21 - INFO - utils.trainer -   Model loaded from ./output_dir/TimeLLM_FutureFCDS_train/TimeLLM-0.bin (19/21 keys)
08/07/2026 10:33:21 - INFO - utils.trainer -   ***** Running few-shot fine-tune (transfer) *****
08/07/2026 10:33:21 - INFO - utils.trainer -     Num train examples = 44
08/07/2026 10:33:21 - INFO - utils.trainer -     Num val   examples = 10
08/07/2026 10:33:21 - INFO - utils.trainer -     Num test  examples = 11
08/07/2026 10:33:21 - INFO - utils.trainer -     Max fine-tune epochs = 200
08/07/2026 10:33:21 - INFO - utils.trainer -     Fine-tune lr = 1e-05
08/07/2026 10:33:21 - INFO - utils.trainer -     2 prompt-buffer key(s) skipped (kept target-dataset prompt)
08/07/2026 10:33:21 - INFO - utils.trainer -     584 keys not in checkpoint (kept from init)
08/07/2026 10:33:21 - INFO - utils.trainer -   Model loaded from ./output_dir/TimeLLM_FutureFCDS_train/TimeLLM-0.bin (19/21 keys)
08/07/2026 10:33:37 - INFO - utils.trainer -   ***** Running evaluation on val dataset *****
08/07/2026 10:33:38 - INFO - utils.trainer -   Loss: 0.69036
08/07/2026 10:33:38 - INFO - utils.trainer -   AUC: 0.66217
08/07/2026 10:33:38 - INFO - utils.trainer -   Accuracy: 0.49123
08/07/2026 10:33:38 - INFO - utils.trainer -   Precision: 0.45545
08/07/2026 10:33:38 - INFO - utils.trainer -   Specificity: 0.15385
08/07/2026 10:33:38 - INFO - utils.trainer -   Sensitivity: 0.93878
08/07/2026 10:33:39 - INFO - utils.trainer -   Model saved to output_dir/TimeLLM_DiseaseDS_fulldata_best
08/07/2026 10:33:39 - INFO - utils.trainer -   Best model saved (val Loss=0.6904, epoch=1)
08/07/2026 10:33:39 - INFO - utils.trainer -   FT Epoch: 1/200, Train Loss: 0.72894, Val Loss: 0.69036, Val Loss: 0.6904, Best Loss: 0.6904, No improve: 0/25, Time: 15.5s
08/07/2026 10:33:54 - INFO - utils.trainer -   ***** Running evaluation on val dataset *****
08/07/2026 10:33:55 - INFO - utils.trainer -   Loss: 0.71380
08/07/2026 10:33:55 - INFO - utils.trainer -   AUC: 0.67190
08/07/2026 10:33:55 - INFO - utils.trainer -   Accuracy: 0.42982
08/07/2026 10:33:55 - INFO - utils.trainer -   Precision: 0.42982
08/07/2026 10:33:55 - INFO - utils.trainer -   Specificity: 0.00000
08/07/2026 10:33:55 - INFO - utils.trainer -   Sensitivity: 1.00000
08/07/2026 10:33:55 - INFO - utils.trainer -   FT Epoch: 2/200, Train Loss: 0.69158, Val Loss: 0.71380, Val Loss: 0.7138, Best Loss: 0.6904, No improve: 1/25, Time: 15.0s
08/07/2026 10:34:10 - INFO - utils.trainer -   ***** Running evaluation on val dataset *****
08/07/2026 10:34:12 - INFO - utils.trainer -   Loss: 0.71213
08/07/2026 10:34:12 - INFO - utils.trainer -   AUC: 0.63014
08/07/2026 10:34:12 - INFO - utils.trainer -   Accuracy: 0.42982
08/07/2026 10:34:12 - INFO - utils.trainer -   Precision: 0.42982
08/07/2026 10:34:12 - INFO - utils.trainer -   Specificity: 0.00000
08/07/2026 10:34:12 - INFO - utils.trainer -   Sensitivity: 1.00000
08/07/2026 10:34:12 - INFO - utils.trainer -   FT Epoch: 3/200, Train Loss: 0.75788, Val Loss: 0.71213, Val Loss: 0.7121, Best Loss: 0.6904, No improve: 2/25, Time: 15.0s
08/07/2026 10:34:27 - INFO - utils.trainer -   ***** Running evaluation on val dataset *****
08/07/2026 10:34:29 - INFO - utils.trainer -   Loss: 0.67182
08/07/2026 10:34:29 - INFO - utils.trainer -   AUC: 0.69765
08/07/2026 10:34:29 - INFO - utils.trainer -   Accuracy: 0.60526
08/07/2026 10:34:29 - INFO - utils.trainer -   Precision: 0.62500
08/07/2026 10:34:29 - INFO - utils.trainer -   Specificity: 0.90769
08/07/2026 10:34:29 - INFO - utils.trainer -   Sensitivity: 0.20408
08/07/2026 10:34:30 - INFO - utils.trainer -   Model saved to output_dir/TimeLLM_DiseaseDS_fulldata_best
08/07/2026 10:34:30 - INFO - utils.trainer -   Best model saved (val Loss=0.6718, epoch=4)
08/07/2026 10:34:30 - INFO - utils.trainer -   FT Epoch: 4/200, Train Loss: 0.68841, Val Loss: 0.67182, Val Loss: 0.6718, Best Loss: 0.6718, No improve: 0/25, Time: 15.2s
08/07/2026 10:34:45 - INFO - utils.trainer -   ***** Running evaluation on val dataset *****
08/07/2026 10:34:47 - INFO - utils.trainer -   Loss: 0.69392
08/07/2026 10:34:47 - INFO - utils.trainer -   AUC: 0.68728
08/07/2026 10:34:47 - INFO - utils.trainer -   Accuracy: 0.57018
08/07/2026 10:34:47 - INFO - utils.trainer -   Precision: 0.00000
08/07/2026 10:34:47 - INFO - utils.trainer -   Specificity: 1.00000
08/07/2026 10:34:47 - INFO - utils.trainer -   Sensitivity: 0.00000
08/07/2026 10:34:47 - INFO - utils.trainer -   FT Epoch: 5/200, Train Loss: 0.68337, Val Loss: 0.69392, Val Loss: 0.6939, Best Loss: 0.6718, No improve: 1/25, Time: 15.3s
08/07/2026 10:35:02 - INFO - utils.trainer -   ***** Running evaluation on val dataset *****
08/07/2026 10:35:04 - INFO - utils.trainer -   Loss: 0.67515
08/07/2026 10:35:04 - INFO - utils.trainer -   AUC: 0.67347
08/07/2026 10:35:04 - INFO - utils.trainer -   Accuracy: 0.63158
08/07/2026 10:35:04 - INFO - utils.trainer -   Precision: 0.58537
08/07/2026 10:35:04 - INFO - utils.trainer -   Specificity: 0.73846
08/07/2026 10:35:04 - INFO - utils.trainer -   Sensitivity: 0.48980
08/07/2026 10:35:04 - INFO - utils.trainer -   FT Epoch: 6/200, Train Loss: 0.66326, Val Loss: 0.67515, Val Loss: 0.6751, Best Loss: 0.6718, No improve: 2/25, Time: 15.0s
08/07/2026 10:35:19 - INFO - utils.trainer -   ***** Running evaluation on val dataset *****
08/07/2026 10:35:20 - INFO - utils.trainer -   Loss: 0.72377
08/07/2026 10:35:20 - INFO - utils.trainer -   AUC: 0.66750
08/07/2026 10:35:20 - INFO - utils.trainer -   Accuracy: 0.42982
08/07/2026 10:35:20 - INFO - utils.trainer -   Precision: 0.42982
08/07/2026 10:35:20 - INFO - utils.trainer -   Specificity: 0.00000
08/07/2026 10:35:20 - INFO - utils.trainer -   Sensitivity: 1.00000
08/07/2026 10:35:20 - INFO - utils.trainer -   FT Epoch: 7/200, Train Loss: 0.70713, Val Loss: 0.72377, Val Loss: 0.7238, Best Loss: 0.6718, No improve: 3/25, Time: 15.0s
08/07/2026 10:35:35 - INFO - utils.trainer -   ***** Running evaluation on val dataset *****
08/07/2026 10:35:37 - INFO - utils.trainer -   Loss: 0.70862
08/07/2026 10:35:37 - INFO - utils.trainer -   AUC: 0.67378
08/07/2026 10:35:37 - INFO - utils.trainer -   Accuracy: 0.43860
08/07/2026 10:35:37 - INFO - utils.trainer -   Precision: 0.43363
08/07/2026 10:35:37 - INFO - utils.trainer -   Specificity: 0.01538
08/07/2026 10:35:37 - INFO - utils.trainer -   Sensitivity: 1.00000
08/07/2026 10:35:37 - INFO - utils.trainer -   FT Epoch: 8/200, Train Loss: 0.69354, Val Loss: 0.70862, Val Loss: 0.7086, Best Loss: 0.6718, No improve: 4/25, Time: 15.0s
08/07/2026 10:35:52 - INFO - utils.trainer -   ***** Running evaluation on val dataset *****
08/07/2026 10:35:54 - INFO - utils.trainer -   Loss: 0.67811
08/07/2026 10:35:54 - INFO - utils.trainer -   AUC: 0.71083
08/07/2026 10:35:54 - INFO - utils.trainer -   Accuracy: 0.57895
08/07/2026 10:35:54 - INFO - utils.trainer -   Precision: 0.50549
08/07/2026 10:35:54 - INFO - utils.trainer -   Specificity: 0.30769
08/07/2026 10:35:54 - INFO - utils.trainer -   Sensitivity: 0.93878
08/07/2026 10:35:54 - INFO - utils.trainer -   FT Epoch: 9/200, Train Loss: 0.63670, Val Loss: 0.67811, Val Loss: 0.6781, Best Loss: 0.6718, No improve: 5/25, Time: 15.0s
08/07/2026 10:36:09 - INFO - utils.trainer -   ***** Running evaluation on val dataset *****
08/07/2026 10:36:10 - INFO - utils.trainer -   Loss: 0.66415
08/07/2026 10:36:10 - INFO - utils.trainer -   AUC: 0.68414
08/07/2026 10:36:10 - INFO - utils.trainer -   Accuracy: 0.59649
08/07/2026 10:36:10 - INFO - utils.trainer -   Precision: 0.53846
08/07/2026 10:36:10 - INFO - utils.trainer -   Specificity: 0.72308
08/07/2026 10:36:10 - INFO - utils.trainer -   Sensitivity: 0.42857
08/07/2026 10:36:11 - INFO - utils.trainer -   Model saved to output_dir/TimeLLM_DiseaseDS_fulldata_best
08/07/2026 10:36:11 - INFO - utils.trainer -   Best model saved (val Loss=0.6642, epoch=10)
08/07/2026 10:36:11 - INFO - utils.trainer -   FT Epoch: 10/200, Train Loss: 0.69141, Val Loss: 0.66415, Val Loss: 0.6642, Best Loss: 0.6642, No improve: 0/25, Time: 15.0s
08/07/2026 10:36:26 - INFO - utils.trainer -   ***** Running evaluation on val dataset *****
08/07/2026 10:36:28 - INFO - utils.trainer -   Loss: 0.67100
08/07/2026 10:36:28 - INFO - utils.trainer -   AUC: 0.67661
08/07/2026 10:36:28 - INFO - utils.trainer -   Accuracy: 0.64912
08/07/2026 10:36:28 - INFO - utils.trainer -   Precision: 0.55556
08/07/2026 10:36:28 - INFO - utils.trainer -   Specificity: 0.44615
08/07/2026 10:36:28 - INFO - utils.trainer -   Sensitivity: 0.91837
08/07/2026 10:36:28 - INFO - utils.trainer -   FT Epoch: 11/200, Train Loss: 0.67208, Val Loss: 0.67100, Val Loss: 0.6710, Best Loss: 0.6642, No improve: 1/25, Time: 15.0s
08/07/2026 10:36:43 - INFO - utils.trainer -   ***** Running evaluation on val dataset *****
08/07/2026 10:36:44 - INFO - utils.trainer -   Loss: 0.65557
08/07/2026 10:36:44 - INFO - utils.trainer -   AUC: 0.70487
08/07/2026 10:36:44 - INFO - utils.trainer -   Accuracy: 0.61404
08/07/2026 10:36:44 - INFO - utils.trainer -   Precision: 0.64706
08/07/2026 10:36:44 - INFO - utils.trainer -   Specificity: 0.90769
08/07/2026 10:36:44 - INFO - utils.trainer -   Sensitivity: 0.22449
08/07/2026 10:36:45 - INFO - utils.trainer -   Model saved to output_dir/TimeLLM_DiseaseDS_fulldata_best
08/07/2026 10:36:45 - INFO - utils.trainer -   Best model saved (val Loss=0.6556, epoch=12)
08/07/2026 10:36:45 - INFO - utils.trainer -   FT Epoch: 12/200, Train Loss: 0.68803, Val Loss: 0.65557, Val Loss: 0.6556, Best Loss: 0.6556, No improve: 0/25, Time: 15.0s
08/07/2026 10:37:00 - INFO - utils.trainer -   ***** Running evaluation on val dataset *****
08/07/2026 10:37:02 - INFO - utils.trainer -   Loss: 0.64905
08/07/2026 10:37:02 - INFO - utils.trainer -   AUC: 0.71648
08/07/2026 10:37:02 - INFO - utils.trainer -   Accuracy: 0.62281
08/07/2026 10:37:02 - INFO - utils.trainer -   Precision: 0.66667
08/07/2026 10:37:02 - INFO - utils.trainer -   Specificity: 0.90769
08/07/2026 10:37:02 - INFO - utils.trainer -   Sensitivity: 0.24490
08/07/2026 10:37:03 - INFO - utils.trainer -   Model saved to output_dir/TimeLLM_DiseaseDS_fulldata_best
08/07/2026 10:37:03 - INFO - utils.trainer -   Best model saved (val Loss=0.6490, epoch=13)
08/07/2026 10:37:03 - INFO - utils.trainer -   FT Epoch: 13/200, Train Loss: 0.68572, Val Loss: 0.64905, Val Loss: 0.6490, Best Loss: 0.6490, No improve: 0/25, Time: 15.0s
08/07/2026 10:37:18 - INFO - utils.trainer -   ***** Running evaluation on val dataset *****
08/07/2026 10:37:20 - INFO - utils.trainer -   Loss: 0.67858
08/07/2026 10:37:20 - INFO - utils.trainer -   AUC: 0.71177
08/07/2026 10:37:20 - INFO - utils.trainer -   Accuracy: 0.57018
08/07/2026 10:37:20 - INFO - utils.trainer -   Precision: 0.50000
08/07/2026 10:37:20 - INFO - utils.trainer -   Specificity: 0.30769
08/07/2026 10:37:20 - INFO - utils.trainer -   Sensitivity: 0.91837
08/07/2026 10:37:20 - INFO - utils.trainer -   FT Epoch: 14/200, Train Loss: 0.66196, Val Loss: 0.67858, Val Loss: 0.6786, Best Loss: 0.6490, No improve: 1/25, Time: 15.0s
08/07/2026 10:37:34 - INFO - utils.trainer -   ***** Running evaluation on val dataset *****
08/07/2026 10:37:36 - INFO - utils.trainer -   Loss: 0.70103
08/07/2026 10:37:36 - INFO - utils.trainer -   AUC: 0.70612
08/07/2026 10:37:36 - INFO - utils.trainer -   Accuracy: 0.50000
08/07/2026 10:37:36 - INFO - utils.trainer -   Precision: 0.46226
08/07/2026 10:37:36 - INFO - utils.trainer -   Specificity: 0.12308
08/07/2026 10:37:36 - INFO - utils.trainer -   Sensitivity: 1.00000
08/07/2026 10:37:36 - INFO - utils.trainer -   FT Epoch: 15/200, Train Loss: 0.68466, Val Loss: 0.70103, Val Loss: 0.7010, Best Loss: 0.6490, No improve: 2/25, Time: 15.0s
08/07/2026 10:37:51 - INFO - utils.trainer -   ***** Running evaluation on val dataset *****
08/07/2026 10:37:53 - INFO - utils.trainer -   Loss: 0.65176
08/07/2026 10:37:53 - INFO - utils.trainer -   AUC: 0.68257
08/07/2026 10:37:53 - INFO - utils.trainer -   Accuracy: 0.61404
08/07/2026 10:37:53 - INFO - utils.trainer -   Precision: 0.55102
08/07/2026 10:37:53 - INFO - utils.trainer -   Specificity: 0.66154
08/07/2026 10:37:53 - INFO - utils.trainer -   Sensitivity: 0.55102
08/07/2026 10:37:53 - INFO - utils.trainer -   FT Epoch: 16/200, Train Loss: 0.67209, Val Loss: 0.65176, Val Loss: 0.6518, Best Loss: 0.6490, No improve: 3/25, Time: 15.0s
08/07/2026 10:38:08 - INFO - utils.trainer -   ***** Running evaluation on val dataset *****
08/07/2026 10:38:10 - INFO - utils.trainer -   Loss: 0.66384
08/07/2026 10:38:10 - INFO - utils.trainer -   AUC: 0.70424
08/07/2026 10:38:10 - INFO - utils.trainer -   Accuracy: 0.64912
08/07/2026 10:38:10 - INFO - utils.trainer -   Precision: 0.56000
08/07/2026 10:38:10 - INFO - utils.trainer -   Specificity: 0.49231
08/07/2026 10:38:10 - INFO - utils.trainer -   Sensitivity: 0.85714
08/07/2026 10:38:10 - INFO - utils.trainer -   FT Epoch: 17/200, Train Loss: 0.67133, Val Loss: 0.66384, Val Loss: 0.6638, Best Loss: 0.6490, No improve: 4/25, Time: 15.1s
08/07/2026 10:38:25 - INFO - utils.trainer -   ***** Running evaluation on val dataset *****
08/07/2026 10:38:27 - INFO - utils.trainer -   Loss: 0.64399
08/07/2026 10:38:27 - INFO - utils.trainer -   AUC: 0.69953
08/07/2026 10:38:27 - INFO - utils.trainer -   Accuracy: 0.64035
08/07/2026 10:38:27 - INFO - utils.trainer -   Precision: 0.58333
08/07/2026 10:38:27 - INFO - utils.trainer -   Specificity: 0.69231
08/07/2026 10:38:27 - INFO - utils.trainer -   Sensitivity: 0.57143
08/07/2026 10:38:27 - INFO - utils.trainer -   Model saved to output_dir/TimeLLM_DiseaseDS_fulldata_best
08/07/2026 10:38:27 - INFO - utils.trainer -   Best model saved (val Loss=0.6440, epoch=18)
08/07/2026 10:38:27 - INFO - utils.trainer -   FT Epoch: 18/200, Train Loss: 0.66088, Val Loss: 0.64399, Val Loss: 0.6440, Best Loss: 0.6440, No improve: 0/25, Time: 15.0s
08/07/2026 10:38:43 - INFO - utils.trainer -   ***** Running evaluation on val dataset *****
08/07/2026 10:38:44 - INFO - utils.trainer -   Loss: 0.69978
08/07/2026 10:38:44 - INFO - utils.trainer -   AUC: 0.70330
08/07/2026 10:38:44 - INFO - utils.trainer -   Accuracy: 0.52632
08/07/2026 10:38:44 - INFO - utils.trainer -   Precision: 0.47525
08/07/2026 10:38:44 - INFO - utils.trainer -   Specificity: 0.18462
08/07/2026 10:38:44 - INFO - utils.trainer -   Sensitivity: 0.97959
08/07/2026 10:38:44 - INFO - utils.trainer -   FT Epoch: 19/200, Train Loss: 0.63835, Val Loss: 0.69978, Val Loss: 0.6998, Best Loss: 0.6440, No improve: 1/25, Time: 15.1s
08/07/2026 10:38:59 - INFO - utils.trainer -   ***** Running evaluation on val dataset *****
08/07/2026 10:39:01 - INFO - utils.trainer -   Loss: 0.69328
08/07/2026 10:39:01 - INFO - utils.trainer -   AUC: 0.69639
08/07/2026 10:39:01 - INFO - utils.trainer -   Accuracy: 0.53509
08/07/2026 10:39:01 - INFO - utils.trainer -   Precision: 0.47959
08/07/2026 10:39:01 - INFO - utils.trainer -   Specificity: 0.21538
08/07/2026 10:39:01 - INFO - utils.trainer -   Sensitivity: 0.95918
08/07/2026 10:39:01 - INFO - utils.trainer -   FT Epoch: 20/200, Train Loss: 0.66954, Val Loss: 0.69328, Val Loss: 0.6933, Best Loss: 0.6440, No improve: 2/25, Time: 15.0s
08/07/2026 10:39:16 - INFO - utils.trainer -   ***** Running evaluation on val dataset *****
08/07/2026 10:39:18 - INFO - utils.trainer -   Loss: 0.64547
08/07/2026 10:39:18 - INFO - utils.trainer -   AUC: 0.70863
08/07/2026 10:39:18 - INFO - utils.trainer -   Accuracy: 0.65789
08/07/2026 10:39:18 - INFO - utils.trainer -   Precision: 0.57143
08/07/2026 10:39:18 - INFO - utils.trainer -   Specificity: 0.53846
08/07/2026 10:39:18 - INFO - utils.trainer -   Sensitivity: 0.81633
08/07/2026 10:39:18 - INFO - utils.trainer -   FT Epoch: 21/200, Train Loss: 0.67025, Val Loss: 0.64547, Val Loss: 0.6455, Best Loss: 0.6440, No improve: 3/25, Time: 15.0s
08/07/2026 10:39:33 - INFO - utils.trainer -   ***** Running evaluation on val dataset *****
08/07/2026 10:39:35 - INFO - utils.trainer -   Loss: 0.65366
08/07/2026 10:39:35 - INFO - utils.trainer -   AUC: 0.70330
08/07/2026 10:39:35 - INFO - utils.trainer -   Accuracy: 0.57018
08/07/2026 10:39:35 - INFO - utils.trainer -   Precision: 0.50000
08/07/2026 10:39:35 - INFO - utils.trainer -   Specificity: 0.92308
08/07/2026 10:39:35 - INFO - utils.trainer -   Sensitivity: 0.10204
08/07/2026 10:39:35 - INFO - utils.trainer -   FT Epoch: 22/200, Train Loss: 0.60640, Val Loss: 0.65366, Val Loss: 0.6537, Best Loss: 0.6440, No improve: 4/25, Time: 15.1s
08/07/2026 10:39:50 - INFO - utils.trainer -   ***** Running evaluation on val dataset *****
08/07/2026 10:39:51 - INFO - utils.trainer -   Loss: 0.66545
08/07/2026 10:39:51 - INFO - utils.trainer -   AUC: 0.70644
08/07/2026 10:39:51 - INFO - utils.trainer -   Accuracy: 0.64035
08/07/2026 10:39:51 - INFO - utils.trainer -   Precision: 0.55405
08/07/2026 10:39:51 - INFO - utils.trainer -   Specificity: 0.49231
08/07/2026 10:39:51 - INFO - utils.trainer -   Sensitivity: 0.83673
08/07/2026 10:39:51 - INFO - utils.trainer -   FT Epoch: 23/200, Train Loss: 0.67467, Val Loss: 0.66545, Val Loss: 0.6654, Best Loss: 0.6440, No improve: 5/25, Time: 15.0s
08/07/2026 10:40:06 - INFO - utils.trainer -   ***** Running evaluation on val dataset *****
08/07/2026 10:40:08 - INFO - utils.trainer -   Loss: 0.63339
08/07/2026 10:40:08 - INFO - utils.trainer -   AUC: 0.70675
08/07/2026 10:40:08 - INFO - utils.trainer -   Accuracy: 0.65789
08/07/2026 10:40:08 - INFO - utils.trainer -   Precision: 0.60870
08/07/2026 10:40:08 - INFO - utils.trainer -   Specificity: 0.72308
08/07/2026 10:40:08 - INFO - utils.trainer -   Sensitivity: 0.57143
08/07/2026 10:40:09 - INFO - utils.trainer -   Model saved to output_dir/TimeLLM_DiseaseDS_fulldata_best
08/07/2026 10:40:09 - INFO - utils.trainer -   Best model saved (val Loss=0.6334, epoch=24)
08/07/2026 10:40:09 - INFO - utils.trainer -   FT Epoch: 24/200, Train Loss: 0.66405, Val Loss: 0.63339, Val Loss: 0.6334, Best Loss: 0.6334, No improve: 0/25, Time: 15.1s
08/07/2026 10:40:24 - INFO - utils.trainer -   ***** Running evaluation on val dataset *****
08/07/2026 10:40:26 - INFO - utils.trainer -   Loss: 0.63452
08/07/2026 10:40:26 - INFO - utils.trainer -   AUC: 0.70863
08/07/2026 10:40:26 - INFO - utils.trainer -   Accuracy: 0.60526
08/07/2026 10:40:26 - INFO - utils.trainer -   Precision: 0.55556
08/07/2026 10:40:26 - INFO - utils.trainer -   Specificity: 0.75385
08/07/2026 10:40:26 - INFO - utils.trainer -   Sensitivity: 0.40816
08/07/2026 10:40:26 - INFO - utils.trainer -   FT Epoch: 25/200, Train Loss: 0.66719, Val Loss: 0.63452, Val Loss: 0.6345, Best Loss: 0.6334, No improve: 1/25, Time: 15.1s
08/07/2026 10:40:41 - INFO - utils.trainer -   ***** Running evaluation on val dataset *****
08/07/2026 10:40:43 - INFO - utils.trainer -   Loss: 0.65490
08/07/2026 10:40:43 - INFO - utils.trainer -   AUC: 0.70361
08/07/2026 10:40:43 - INFO - utils.trainer -   Accuracy: 0.67544
08/07/2026 10:40:43 - INFO - utils.trainer -   Precision: 0.58108
08/07/2026 10:40:43 - INFO - utils.trainer -   Specificity: 0.52308
08/07/2026 10:40:43 - INFO - utils.trainer -   Sensitivity: 0.87755
08/07/2026 10:40:43 - INFO - utils.trainer -   FT Epoch: 26/200, Train Loss: 0.64574, Val Loss: 0.65490, Val Loss: 0.6549, Best Loss: 0.6334, No improve: 2/25, Time: 15.0s
08/07/2026 10:40:58 - INFO - utils.trainer -   ***** Running evaluation on val dataset *****
08/07/2026 10:40:59 - INFO - utils.trainer -   Loss: 0.66275
08/07/2026 10:40:59 - INFO - utils.trainer -   AUC: 0.71240
08/07/2026 10:40:59 - INFO - utils.trainer -   Accuracy: 0.56140
08/07/2026 10:40:59 - INFO - utils.trainer -   Precision: 0.42857
08/07/2026 10:40:59 - INFO - utils.trainer -   Specificity: 0.93846
08/07/2026 10:40:59 - INFO - utils.trainer -   Sensitivity: 0.06122
08/07/2026 10:40:59 - INFO - utils.trainer -   FT Epoch: 27/200, Train Loss: 0.64389, Val Loss: 0.66275, Val Loss: 0.6628, Best Loss: 0.6334, No improve: 3/25, Time: 15.1s
08/07/2026 10:41:14 - INFO - utils.trainer -   ***** Running evaluation on val dataset *****
08/07/2026 10:41:16 - INFO - utils.trainer -   Loss: 0.65146
08/07/2026 10:41:16 - INFO - utils.trainer -   AUC: 0.70989
08/07/2026 10:41:16 - INFO - utils.trainer -   Accuracy: 0.57018
08/07/2026 10:41:16 - INFO - utils.trainer -   Precision: 0.50000
08/07/2026 10:41:16 - INFO - utils.trainer -   Specificity: 0.89231
08/07/2026 10:41:16 - INFO - utils.trainer -   Sensitivity: 0.14286
08/07/2026 10:41:16 - INFO - utils.trainer -   FT Epoch: 28/200, Train Loss: 0.63449, Val Loss: 0.65146, Val Loss: 0.6515, Best Loss: 0.6334, No improve: 4/25, Time: 15.1s
08/07/2026 10:41:31 - INFO - utils.trainer -   ***** Running evaluation on val dataset *****
08/07/2026 10:41:33 - INFO - utils.trainer -   Loss: 0.62563
08/07/2026 10:41:33 - INFO - utils.trainer -   AUC: 0.71868
08/07/2026 10:41:33 - INFO - utils.trainer -   Accuracy: 0.70175
08/07/2026 10:41:33 - INFO - utils.trainer -   Precision: 0.62712
08/07/2026 10:41:33 - INFO - utils.trainer -   Specificity: 0.66154
08/07/2026 10:41:33 - INFO - utils.trainer -   Sensitivity: 0.75510
08/07/2026 10:41:34 - INFO - utils.trainer -   Model saved to output_dir/TimeLLM_DiseaseDS_fulldata_best
08/07/2026 10:41:34 - INFO - utils.trainer -   Best model saved (val Loss=0.6256, epoch=29)
08/07/2026 10:41:34 - INFO - utils.trainer -   FT Epoch: 29/200, Train Loss: 0.67749, Val Loss: 0.62563, Val Loss: 0.6256, Best Loss: 0.6256, No improve: 0/25, Time: 15.1s
08/07/2026 10:41:49 - INFO - utils.trainer -   ***** Running evaluation on val dataset *****
08/07/2026 10:41:51 - INFO - utils.trainer -   Loss: 0.61451
08/07/2026 10:41:51 - INFO - utils.trainer -   AUC: 0.72684
08/07/2026 10:41:51 - INFO - utils.trainer -   Accuracy: 0.70175
08/07/2026 10:41:51 - INFO - utils.trainer -   Precision: 0.64151
08/07/2026 10:41:51 - INFO - utils.trainer -   Specificity: 0.70769
08/07/2026 10:41:51 - INFO - utils.trainer -   Sensitivity: 0.69388
08/07/2026 10:41:52 - INFO - utils.trainer -   Model saved to output_dir/TimeLLM_DiseaseDS_fulldata_best
08/07/2026 10:41:52 - INFO - utils.trainer -   Best model saved (val Loss=0.6145, epoch=30)
08/07/2026 10:41:52 - INFO - utils.trainer -   FT Epoch: 30/200, Train Loss: 0.61057, Val Loss: 0.61451, Val Loss: 0.6145, Best Loss: 0.6145, No improve: 0/25, Time: 15.1s
08/07/2026 10:42:07 - INFO - utils.trainer -   ***** Running evaluation on val dataset *****
08/07/2026 10:42:08 - INFO - utils.trainer -   Loss: 0.69823
08/07/2026 10:42:08 - INFO - utils.trainer -   AUC: 0.72025
08/07/2026 10:42:08 - INFO - utils.trainer -   Accuracy: 0.55263
08/07/2026 10:42:08 - INFO - utils.trainer -   Precision: 0.48889
08/07/2026 10:42:08 - INFO - utils.trainer -   Specificity: 0.29231
08/07/2026 10:42:08 - INFO - utils.trainer -   Sensitivity: 0.89796
08/07/2026 10:42:08 - INFO - utils.trainer -   FT Epoch: 31/200, Train Loss: 0.58024, Val Loss: 0.69823, Val Loss: 0.6982, Best Loss: 0.6145, No improve: 1/25, Time: 15.1s
08/07/2026 10:42:23 - INFO - utils.trainer -   ***** Running evaluation on val dataset *****
08/07/2026 10:42:25 - INFO - utils.trainer -   Loss: 0.60973
08/07/2026 10:42:25 - INFO - utils.trainer -   AUC: 0.73909
08/07/2026 10:42:25 - INFO - utils.trainer -   Accuracy: 0.70175
08/07/2026 10:42:25 - INFO - utils.trainer -   Precision: 0.62712
08/07/2026 10:42:25 - INFO - utils.trainer -   Specificity: 0.66154
08/07/2026 10:42:25 - INFO - utils.trainer -   Sensitivity: 0.75510
08/07/2026 10:42:26 - INFO - utils.trainer -   Model saved to output_dir/TimeLLM_DiseaseDS_fulldata_best
08/07/2026 10:42:26 - INFO - utils.trainer -   Best model saved (val Loss=0.6097, epoch=32)
08/07/2026 10:42:26 - INFO - utils.trainer -   FT Epoch: 32/200, Train Loss: 0.60001, Val Loss: 0.60973, Val Loss: 0.6097, Best Loss: 0.6097, No improve: 0/25, Time: 15.0s
08/07/2026 10:42:41 - INFO - utils.trainer -   ***** Running evaluation on val dataset *****
08/07/2026 10:42:43 - INFO - utils.trainer -   Loss: 0.61084
08/07/2026 10:42:43 - INFO - utils.trainer -   AUC: 0.73155
08/07/2026 10:42:43 - INFO - utils.trainer -   Accuracy: 0.65789
08/07/2026 10:42:43 - INFO - utils.trainer -   Precision: 0.63889
08/07/2026 10:42:43 - INFO - utils.trainer -   Specificity: 0.80000
08/07/2026 10:42:43 - INFO - utils.trainer -   Sensitivity: 0.46939
08/07/2026 10:42:43 - INFO - utils.trainer -   FT Epoch: 33/200, Train Loss: 0.66992, Val Loss: 0.61084, Val Loss: 0.6108, Best Loss: 0.6097, No improve: 1/25, Time: 15.1s
08/07/2026 10:42:58 - INFO - utils.trainer -   ***** Running evaluation on val dataset *****
08/07/2026 10:43:00 - INFO - utils.trainer -   Loss: 0.60503
08/07/2026 10:43:00 - INFO - utils.trainer -   AUC: 0.73783
08/07/2026 10:43:00 - INFO - utils.trainer -   Accuracy: 0.63158
08/07/2026 10:43:00 - INFO - utils.trainer -   Precision: 0.58537
08/07/2026 10:43:00 - INFO - utils.trainer -   Specificity: 0.73846
08/07/2026 10:43:00 - INFO - utils.trainer -   Sensitivity: 0.48980
08/07/2026 10:43:01 - INFO - utils.trainer -   Model saved to output_dir/TimeLLM_DiseaseDS_fulldata_best
08/07/2026 10:43:01 - INFO - utils.trainer -   Best model saved (val Loss=0.6050, epoch=34)
08/07/2026 10:43:01 - INFO - utils.trainer -   FT Epoch: 34/200, Train Loss: 0.65575, Val Loss: 0.60503, Val Loss: 0.6050, Best Loss: 0.6050, No improve: 0/25, Time: 15.0s
08/07/2026 10:43:16 - INFO - utils.trainer -   ***** Running evaluation on val dataset *****
08/07/2026 10:43:17 - INFO - utils.trainer -   Loss: 0.60209
08/07/2026 10:43:17 - INFO - utils.trainer -   AUC: 0.73878
08/07/2026 10:43:17 - INFO - utils.trainer -   Accuracy: 0.70175
08/07/2026 10:43:17 - INFO - utils.trainer -   Precision: 0.64151
08/07/2026 10:43:17 - INFO - utils.trainer -   Specificity: 0.70769
08/07/2026 10:43:17 - INFO - utils.trainer -   Sensitivity: 0.69388
08/07/2026 10:43:18 - INFO - utils.trainer -   Model saved to output_dir/TimeLLM_DiseaseDS_fulldata_best
08/07/2026 10:43:18 - INFO - utils.trainer -   Best model saved (val Loss=0.6021, epoch=35)
08/07/2026 10:43:18 - INFO - utils.trainer -   FT Epoch: 35/200, Train Loss: 0.60297, Val Loss: 0.60209, Val Loss: 0.6021, Best Loss: 0.6021, No improve: 0/25, Time: 15.1s
08/07/2026 10:43:33 - INFO - utils.trainer -   ***** Running evaluation on val dataset *****
08/07/2026 10:43:35 - INFO - utils.trainer -   Loss: 0.66196
08/07/2026 10:43:35 - INFO - utils.trainer -   AUC: 0.74851
08/07/2026 10:43:35 - INFO - utils.trainer -   Accuracy: 0.59649
08/07/2026 10:43:35 - INFO - utils.trainer -   Precision: 0.66667
08/07/2026 10:43:35 - INFO - utils.trainer -   Specificity: 0.95385
08/07/2026 10:43:35 - INFO - utils.trainer -   Sensitivity: 0.12245
08/07/2026 10:43:35 - INFO - utils.trainer -   FT Epoch: 36/200, Train Loss: 0.53822, Val Loss: 0.66196, Val Loss: 0.6620, Best Loss: 0.6021, No improve: 1/25, Time: 15.1s
08/07/2026 10:43:50 - INFO - utils.trainer -   ***** Running evaluation on val dataset *****
08/07/2026 10:43:52 - INFO - utils.trainer -   Loss: 0.63035
08/07/2026 10:43:52 - INFO - utils.trainer -   AUC: 0.74317
08/07/2026 10:43:52 - INFO - utils.trainer -   Accuracy: 0.71053
08/07/2026 10:43:52 - INFO - utils.trainer -   Precision: 0.62121
08/07/2026 10:43:52 - INFO - utils.trainer -   Specificity: 0.61538
08/07/2026 10:43:52 - INFO - utils.trainer -   Sensitivity: 0.83673
08/07/2026 10:43:52 - INFO - utils.trainer -   FT Epoch: 37/200, Train Loss: 0.58887, Val Loss: 0.63035, Val Loss: 0.6304, Best Loss: 0.6021, No improve: 2/25, Time: 15.0s
08/07/2026 10:44:07 - INFO - utils.trainer -   ***** Running evaluation on val dataset *****
08/07/2026 10:44:09 - INFO - utils.trainer -   Loss: 0.60098
08/07/2026 10:44:09 - INFO - utils.trainer -   AUC: 0.74788
08/07/2026 10:44:09 - INFO - utils.trainer -   Accuracy: 0.72807
08/07/2026 10:44:09 - INFO - utils.trainer -   Precision: 0.66071
08/07/2026 10:44:09 - INFO - utils.trainer -   Specificity: 0.70769
08/07/2026 10:44:09 - INFO - utils.trainer -   Sensitivity: 0.75510
08/07/2026 10:44:10 - INFO - utils.trainer -   Model saved to output_dir/TimeLLM_DiseaseDS_fulldata_best
08/07/2026 10:44:10 - INFO - utils.trainer -   Best model saved (val Loss=0.6010, epoch=38)
08/07/2026 10:44:10 - INFO - utils.trainer -   FT Epoch: 38/200, Train Loss: 0.62803, Val Loss: 0.60098, Val Loss: 0.6010, Best Loss: 0.6010, No improve: 0/25, Time: 15.0s
08/07/2026 10:44:25 - INFO - utils.trainer -   ***** Running evaluation on val dataset *****
08/07/2026 10:44:27 - INFO - utils.trainer -   Loss: 0.60003
08/07/2026 10:44:27 - INFO - utils.trainer -   AUC: 0.74725
08/07/2026 10:44:27 - INFO - utils.trainer -   Accuracy: 0.72807
08/07/2026 10:44:27 - INFO - utils.trainer -   Precision: 0.65517
08/07/2026 10:44:27 - INFO - utils.trainer -   Specificity: 0.69231
08/07/2026 10:44:27 - INFO - utils.trainer -   Sensitivity: 0.77551
08/07/2026 10:44:27 - INFO - utils.trainer -   Model saved to output_dir/TimeLLM_DiseaseDS_fulldata_best
08/07/2026 10:44:27 - INFO - utils.trainer -   Best model saved (val Loss=0.6000, epoch=39)
08/07/2026 10:44:27 - INFO - utils.trainer -   FT Epoch: 39/200, Train Loss: 0.57406, Val Loss: 0.60003, Val Loss: 0.6000, Best Loss: 0.6000, No improve: 0/25, Time: 15.1s
08/07/2026 10:44:43 - INFO - utils.trainer -   ***** Running evaluation on val dataset *****
08/07/2026 10:44:44 - INFO - utils.trainer -   Loss: 0.58861
08/07/2026 10:44:44 - INFO - utils.trainer -   AUC: 0.76107
08/07/2026 10:44:44 - INFO - utils.trainer -   Accuracy: 0.68421
08/07/2026 10:44:44 - INFO - utils.trainer -   Precision: 0.63265
08/07/2026 10:44:44 - INFO - utils.trainer -   Specificity: 0.72308
08/07/2026 10:44:44 - INFO - utils.trainer -   Sensitivity: 0.63265
08/07/2026 10:44:45 - INFO - utils.trainer -   Model saved to output_dir/TimeLLM_DiseaseDS_fulldata_best
08/07/2026 10:44:45 - INFO - utils.trainer -   Best model saved (val Loss=0.5886, epoch=40)
08/07/2026 10:44:45 - INFO - utils.trainer -   FT Epoch: 40/200, Train Loss: 0.60434, Val Loss: 0.58861, Val Loss: 0.5886, Best Loss: 0.5886, No improve: 0/25, Time: 15.1s
08/07/2026 10:45:00 - INFO - utils.trainer -   ***** Running evaluation on val dataset *****
08/07/2026 10:45:02 - INFO - utils.trainer -   Loss: 0.61455
08/07/2026 10:45:02 - INFO - utils.trainer -   AUC: 0.75322
08/07/2026 10:45:02 - INFO - utils.trainer -   Accuracy: 0.72807
08/07/2026 10:45:02 - INFO - utils.trainer -   Precision: 0.64062
08/07/2026 10:45:02 - INFO - utils.trainer -   Specificity: 0.64615
08/07/2026 10:45:02 - INFO - utils.trainer -   Sensitivity: 0.83673
08/07/2026 10:45:02 - INFO - utils.trainer -   FT Epoch: 41/200, Train Loss: 0.65341, Val Loss: 0.61455, Val Loss: 0.6146, Best Loss: 0.5886, No improve: 1/25, Time: 15.1s
08/07/2026 10:45:17 - INFO - utils.trainer -   ***** Running evaluation on val dataset *****
08/07/2026 10:45:19 - INFO - utils.trainer -   Loss: 0.60636
08/07/2026 10:45:19 - INFO - utils.trainer -   AUC: 0.76484
08/07/2026 10:45:19 - INFO - utils.trainer -   Accuracy: 0.72807
08/07/2026 10:45:19 - INFO - utils.trainer -   Precision: 0.64062
08/07/2026 10:45:19 - INFO - utils.trainer -   Specificity: 0.64615
08/07/2026 10:45:19 - INFO - utils.trainer -   Sensitivity: 0.83673
08/07/2026 10:45:19 - INFO - utils.trainer -   FT Epoch: 42/200, Train Loss: 0.60537, Val Loss: 0.60636, Val Loss: 0.6064, Best Loss: 0.5886, No improve: 2/25, Time: 15.0s
08/07/2026 10:45:34 - INFO - utils.trainer -   ***** Running evaluation on val dataset *****
08/07/2026 10:45:35 - INFO - utils.trainer -   Loss: 0.66822
08/07/2026 10:45:35 - INFO - utils.trainer -   AUC: 0.75479
08/07/2026 10:45:35 - INFO - utils.trainer -   Accuracy: 0.64035
08/07/2026 10:45:35 - INFO - utils.trainer -   Precision: 0.55128
08/07/2026 10:45:35 - INFO - utils.trainer -   Specificity: 0.46154
08/07/2026 10:45:35 - INFO - utils.trainer -   Sensitivity: 0.87755
08/07/2026 10:45:35 - INFO - utils.trainer -   FT Epoch: 43/200, Train Loss: 0.68544, Val Loss: 0.66822, Val Loss: 0.6682, Best Loss: 0.5886, No improve: 3/25, Time: 15.0s
08/07/2026 10:45:50 - INFO - utils.trainer -   ***** Running evaluation on val dataset *****
08/07/2026 10:45:52 - INFO - utils.trainer -   Loss: 0.58239
08/07/2026 10:45:52 - INFO - utils.trainer -   AUC: 0.76295
08/07/2026 10:45:52 - INFO - utils.trainer -   Accuracy: 0.72807
08/07/2026 10:45:52 - INFO - utils.trainer -   Precision: 0.65517
08/07/2026 10:45:52 - INFO - utils.trainer -   Specificity: 0.69231
08/07/2026 10:45:52 - INFO - utils.trainer -   Sensitivity: 0.77551
08/07/2026 10:45:53 - INFO - utils.trainer -   Model saved to output_dir/TimeLLM_DiseaseDS_fulldata_best
08/07/2026 10:45:53 - INFO - utils.trainer -   Best model saved (val Loss=0.5824, epoch=44)
08/07/2026 10:45:53 - INFO - utils.trainer -   FT Epoch: 44/200, Train Loss: 0.62692, Val Loss: 0.58239, Val Loss: 0.5824, Best Loss: 0.5824, No improve: 0/25, Time: 15.0s
08/07/2026 10:46:09 - INFO - utils.trainer -   ***** Running evaluation on val dataset *****
08/07/2026 10:46:11 - INFO - utils.trainer -   Loss: 0.57179
08/07/2026 10:46:11 - INFO - utils.trainer -   AUC: 0.77206
08/07/2026 10:46:11 - INFO - utils.trainer -   Accuracy: 0.69298
08/07/2026 10:46:11 - INFO - utils.trainer -   Precision: 0.62963
08/07/2026 10:46:11 - INFO - utils.trainer -   Specificity: 0.69231
08/07/2026 10:46:11 - INFO - utils.trainer -   Sensitivity: 0.69388
08/07/2026 10:46:11 - INFO - utils.trainer -   Model saved to output_dir/TimeLLM_DiseaseDS_fulldata_best
08/07/2026 10:46:11 - INFO - utils.trainer -   Best model saved (val Loss=0.5718, epoch=45)
08/07/2026 10:46:11 - INFO - utils.trainer -   FT Epoch: 45/200, Train Loss: 0.62207, Val Loss: 0.57179, Val Loss: 0.5718, Best Loss: 0.5718, No improve: 0/25, Time: 15.9s
08/07/2026 10:46:26 - INFO - utils.trainer -   ***** Running evaluation on val dataset *****
08/07/2026 10:46:28 - INFO - utils.trainer -   Loss: 0.56591
08/07/2026 10:46:28 - INFO - utils.trainer -   AUC: 0.78242
08/07/2026 10:46:28 - INFO - utils.trainer -   Accuracy: 0.69298
08/07/2026 10:46:28 - INFO - utils.trainer -   Precision: 0.64000
08/07/2026 10:46:28 - INFO - utils.trainer -   Specificity: 0.72308
08/07/2026 10:46:28 - INFO - utils.trainer -   Sensitivity: 0.65306
08/07/2026 10:46:29 - INFO - utils.trainer -   Model saved to output_dir/TimeLLM_DiseaseDS_fulldata_best
08/07/2026 10:46:29 - INFO - utils.trainer -   Best model saved (val Loss=0.5659, epoch=46)
08/07/2026 10:46:29 - INFO - utils.trainer -   FT Epoch: 46/200, Train Loss: 0.62820, Val Loss: 0.56591, Val Loss: 0.5659, Best Loss: 0.5659, No improve: 0/25, Time: 15.0s
08/07/2026 10:46:44 - INFO - utils.trainer -   ***** Running evaluation on val dataset *****
08/07/2026 10:46:46 - INFO - utils.trainer -   Loss: 0.58296
08/07/2026 10:46:46 - INFO - utils.trainer -   AUC: 0.76358
08/07/2026 10:46:46 - INFO - utils.trainer -   Accuracy: 0.71053
08/07/2026 10:46:46 - INFO - utils.trainer -   Precision: 0.63793
08/07/2026 10:46:46 - INFO - utils.trainer -   Specificity: 0.67692
08/07/2026 10:46:46 - INFO - utils.trainer -   Sensitivity: 0.75510
08/07/2026 10:46:46 - INFO - utils.trainer -   FT Epoch: 47/200, Train Loss: 0.71344, Val Loss: 0.58296, Val Loss: 0.5830, Best Loss: 0.5659, No improve: 1/25, Time: 15.0s
08/07/2026 10:47:01 - INFO - utils.trainer -   ***** Running evaluation on val dataset *****
08/07/2026 10:47:03 - INFO - utils.trainer -   Loss: 0.58800
08/07/2026 10:47:03 - INFO - utils.trainer -   AUC: 0.76138
08/07/2026 10:47:03 - INFO - utils.trainer -   Accuracy: 0.71930
08/07/2026 10:47:03 - INFO - utils.trainer -   Precision: 0.63934
08/07/2026 10:47:03 - INFO - utils.trainer -   Specificity: 0.66154
08/07/2026 10:47:03 - INFO - utils.trainer -   Sensitivity: 0.79592
08/07/2026 10:47:03 - INFO - utils.trainer -   FT Epoch: 48/200, Train Loss: 0.63198, Val Loss: 0.58800, Val Loss: 0.5880, Best Loss: 0.5659, No improve: 2/25, Time: 15.0s
08/07/2026 10:47:18 - INFO - utils.trainer -   ***** Running evaluation on val dataset *****
08/07/2026 10:47:19 - INFO - utils.trainer -   Loss: 0.59401
08/07/2026 10:47:19 - INFO - utils.trainer -   AUC: 0.78085
08/07/2026 10:47:19 - INFO - utils.trainer -   Accuracy: 0.72807
08/07/2026 10:47:19 - INFO - utils.trainer -   Precision: 0.63636
08/07/2026 10:47:19 - INFO - utils.trainer -   Specificity: 0.63077
08/07/2026 10:47:19 - INFO - utils.trainer -   Sensitivity: 0.85714
08/07/2026 10:47:19 - INFO - utils.trainer -   FT Epoch: 49/200, Train Loss: 0.55788, Val Loss: 0.59401, Val Loss: 0.5940, Best Loss: 0.5659, No improve: 3/25, Time: 15.0s
08/07/2026 10:47:34 - INFO - utils.trainer -   ***** Running evaluation on val dataset *****
08/07/2026 10:47:36 - INFO - utils.trainer -   Loss: 0.62362
08/07/2026 10:47:36 - INFO - utils.trainer -   AUC: 0.77582
08/07/2026 10:47:36 - INFO - utils.trainer -   Accuracy: 0.71053
08/07/2026 10:47:36 - INFO - utils.trainer -   Precision: 0.61429
08/07/2026 10:47:36 - INFO - utils.trainer -   Specificity: 0.58462
08/07/2026 10:47:36 - INFO - utils.trainer -   Sensitivity: 0.87755
08/07/2026 10:47:36 - INFO - utils.trainer -   FT Epoch: 50/200, Train Loss: 0.57467, Val Loss: 0.62362, Val Loss: 0.6236, Best Loss: 0.5659, No improve: 4/25, Time: 15.1s
08/07/2026 10:47:51 - INFO - utils.trainer -   ***** Running evaluation on val dataset *****
08/07/2026 10:47:53 - INFO - utils.trainer -   Loss: 0.57356
08/07/2026 10:47:53 - INFO - utils.trainer -   AUC: 0.76515
08/07/2026 10:47:53 - INFO - utils.trainer -   Accuracy: 0.70175
08/07/2026 10:47:53 - INFO - utils.trainer -   Precision: 0.63158
08/07/2026 10:47:53 - INFO - utils.trainer -   Specificity: 0.67692
08/07/2026 10:47:53 - INFO - utils.trainer -   Sensitivity: 0.73469
08/07/2026 10:47:53 - INFO - utils.trainer -   FT Epoch: 51/200, Train Loss: 0.54303, Val Loss: 0.57356, Val Loss: 0.5736, Best Loss: 0.5659, No improve: 5/25, Time: 15.0s
08/07/2026 10:48:08 - INFO - utils.trainer -   ***** Running evaluation on val dataset *****
08/07/2026 10:48:09 - INFO - utils.trainer -   Loss: 0.56580
08/07/2026 10:48:09 - INFO - utils.trainer -   AUC: 0.78524
08/07/2026 10:48:09 - INFO - utils.trainer -   Accuracy: 0.69298
08/07/2026 10:48:09 - INFO - utils.trainer -   Precision: 0.61667
08/07/2026 10:48:09 - INFO - utils.trainer -   Specificity: 0.64615
08/07/2026 10:48:09 - INFO - utils.trainer -   Sensitivity: 0.75510
08/07/2026 10:48:10 - INFO - utils.trainer -   Model saved to output_dir/TimeLLM_DiseaseDS_fulldata_best
08/07/2026 10:48:10 - INFO - utils.trainer -   Best model saved (val Loss=0.5658, epoch=52)
08/07/2026 10:48:10 - INFO - utils.trainer -   FT Epoch: 52/200, Train Loss: 0.63618, Val Loss: 0.56580, Val Loss: 0.5658, Best Loss: 0.5658, No improve: 0/25, Time: 15.0s
08/07/2026 10:48:25 - INFO - utils.trainer -   ***** Running evaluation on val dataset *****
08/07/2026 10:48:27 - INFO - utils.trainer -   Loss: 0.56936
08/07/2026 10:48:27 - INFO - utils.trainer -   AUC: 0.77017
08/07/2026 10:48:27 - INFO - utils.trainer -   Accuracy: 0.70175
08/07/2026 10:48:27 - INFO - utils.trainer -   Precision: 0.63158
08/07/2026 10:48:27 - INFO - utils.trainer -   Specificity: 0.67692
08/07/2026 10:48:27 - INFO - utils.trainer -   Sensitivity: 0.73469
08/07/2026 10:48:27 - INFO - utils.trainer -   FT Epoch: 53/200, Train Loss: 0.57000, Val Loss: 0.56936, Val Loss: 0.5694, Best Loss: 0.5658, No improve: 1/25, Time: 15.0s
08/07/2026 10:48:42 - INFO - utils.trainer -   ***** Running evaluation on val dataset *****
08/07/2026 10:48:44 - INFO - utils.trainer -   Loss: 0.59753
08/07/2026 10:48:44 - INFO - utils.trainer -   AUC: 0.76578
08/07/2026 10:48:44 - INFO - utils.trainer -   Accuracy: 0.73684
08/07/2026 10:48:44 - INFO - utils.trainer -   Precision: 0.64615
08/07/2026 10:48:44 - INFO - utils.trainer -   Specificity: 0.64615
08/07/2026 10:48:44 - INFO - utils.trainer -   Sensitivity: 0.85714
08/07/2026 10:48:44 - INFO - utils.trainer -   FT Epoch: 54/200, Train Loss: 0.55924, Val Loss: 0.59753, Val Loss: 0.5975, Best Loss: 0.5658, No improve: 2/25, Time: 15.0s
08/07/2026 10:48:59 - INFO - utils.trainer -   ***** Running evaluation on val dataset *****
08/07/2026 10:49:01 - INFO - utils.trainer -   Loss: 0.58900
08/07/2026 10:49:01 - INFO - utils.trainer -   AUC: 0.77457
08/07/2026 10:49:01 - INFO - utils.trainer -   Accuracy: 0.73684
08/07/2026 10:49:01 - INFO - utils.trainer -   Precision: 0.64615
08/07/2026 10:49:01 - INFO - utils.trainer -   Specificity: 0.64615
08/07/2026 10:49:01 - INFO - utils.trainer -   Sensitivity: 0.85714
08/07/2026 10:49:01 - INFO - utils.trainer -   FT Epoch: 55/200, Train Loss: 0.54465, Val Loss: 0.58900, Val Loss: 0.5890, Best Loss: 0.5658, No improve: 3/25, Time: 15.0s
08/07/2026 10:49:16 - INFO - utils.trainer -   ***** Running evaluation on val dataset *****
08/07/2026 10:49:17 - INFO - utils.trainer -   Loss: 0.57617
08/07/2026 10:49:17 - INFO - utils.trainer -   AUC: 0.76986
08/07/2026 10:49:17 - INFO - utils.trainer -   Accuracy: 0.71053
08/07/2026 10:49:17 - INFO - utils.trainer -   Precision: 0.63793
08/07/2026 10:49:17 - INFO - utils.trainer -   Specificity: 0.67692
08/07/2026 10:49:17 - INFO - utils.trainer -   Sensitivity: 0.75510
08/07/2026 10:49:17 - INFO - utils.trainer -   FT Epoch: 56/200, Train Loss: 0.57336, Val Loss: 0.57617, Val Loss: 0.5762, Best Loss: 0.5658, No improve: 4/25, Time: 15.0s
08/07/2026 10:49:32 - INFO - utils.trainer -   ***** Running evaluation on val dataset *****
08/07/2026 10:49:34 - INFO - utils.trainer -   Loss: 0.58353
08/07/2026 10:49:34 - INFO - utils.trainer -   AUC: 0.78116
08/07/2026 10:49:34 - INFO - utils.trainer -   Accuracy: 0.71053
08/07/2026 10:49:34 - INFO - utils.trainer -   Precision: 0.62121
08/07/2026 10:49:34 - INFO - utils.trainer -   Specificity: 0.61538
08/07/2026 10:49:34 - INFO - utils.trainer -   Sensitivity: 0.83673
08/07/2026 10:49:34 - INFO - utils.trainer -   FT Epoch: 57/200, Train Loss: 0.55497, Val Loss: 0.58353, Val Loss: 0.5835, Best Loss: 0.5658, No improve: 5/25, Time: 15.0s
08/07/2026 10:49:49 - INFO - utils.trainer -   ***** Running evaluation on val dataset *****
08/07/2026 10:49:51 - INFO - utils.trainer -   Loss: 0.58184
08/07/2026 10:49:51 - INFO - utils.trainer -   AUC: 0.76327
08/07/2026 10:49:51 - INFO - utils.trainer -   Accuracy: 0.73684
08/07/2026 10:49:51 - INFO - utils.trainer -   Precision: 0.65574
08/07/2026 10:49:51 - INFO - utils.trainer -   Specificity: 0.67692
08/07/2026 10:49:51 - INFO - utils.trainer -   Sensitivity: 0.81633
08/07/2026 10:49:51 - INFO - utils.trainer -   FT Epoch: 58/200, Train Loss: 0.56108, Val Loss: 0.58184, Val Loss: 0.5818, Best Loss: 0.5658, No improve: 6/25, Time: 15.0s
08/07/2026 10:50:06 - INFO - utils.trainer -   ***** Running evaluation on val dataset *****
08/07/2026 10:50:07 - INFO - utils.trainer -   Loss: 0.57729
08/07/2026 10:50:07 - INFO - utils.trainer -   AUC: 0.76515
08/07/2026 10:50:07 - INFO - utils.trainer -   Accuracy: 0.72807
08/07/2026 10:50:07 - INFO - utils.trainer -   Precision: 0.65000
08/07/2026 10:50:07 - INFO - utils.trainer -   Specificity: 0.67692
08/07/2026 10:50:07 - INFO - utils.trainer -   Sensitivity: 0.79592
08/07/2026 10:50:07 - INFO - utils.trainer -   FT Epoch: 59/200, Train Loss: 0.50276, Val Loss: 0.57729, Val Loss: 0.5773, Best Loss: 0.5658, No improve: 7/25, Time: 15.0s
08/07/2026 10:50:22 - INFO - utils.trainer -   ***** Running evaluation on val dataset *****
08/07/2026 10:50:24 - INFO - utils.trainer -   Loss: 0.58152
08/07/2026 10:50:24 - INFO - utils.trainer -   AUC: 0.77834
08/07/2026 10:50:24 - INFO - utils.trainer -   Accuracy: 0.72807
08/07/2026 10:50:24 - INFO - utils.trainer -   Precision: 0.64062
08/07/2026 10:50:24 - INFO - utils.trainer -   Specificity: 0.64615
08/07/2026 10:50:24 - INFO - utils.trainer -   Sensitivity: 0.83673
08/07/2026 10:50:24 - INFO - utils.trainer -   FT Epoch: 60/200, Train Loss: 0.58977, Val Loss: 0.58152, Val Loss: 0.5815, Best Loss: 0.5658, No improve: 8/25, Time: 15.0s
08/07/2026 10:50:39 - INFO - utils.trainer -   ***** Running evaluation on val dataset *****
08/07/2026 10:50:41 - INFO - utils.trainer -   Loss: 0.62767
08/07/2026 10:50:41 - INFO - utils.trainer -   AUC: 0.77834
08/07/2026 10:50:41 - INFO - utils.trainer -   Accuracy: 0.67544
08/07/2026 10:50:41 - INFO - utils.trainer -   Precision: 0.58333
08/07/2026 10:50:41 - INFO - utils.trainer -   Specificity: 0.53846
08/07/2026 10:50:41 - INFO - utils.trainer -   Sensitivity: 0.85714
08/07/2026 10:50:41 - INFO - utils.trainer -   FT Epoch: 61/200, Train Loss: 0.51521, Val Loss: 0.62767, Val Loss: 0.6277, Best Loss: 0.5658, No improve: 9/25, Time: 15.0s
08/07/2026 10:50:56 - INFO - utils.trainer -   ***** Running evaluation on val dataset *****
08/07/2026 10:50:57 - INFO - utils.trainer -   Loss: 0.60552
08/07/2026 10:50:57 - INFO - utils.trainer -   AUC: 0.76672
08/07/2026 10:50:57 - INFO - utils.trainer -   Accuracy: 0.70175
08/07/2026 10:50:57 - INFO - utils.trainer -   Precision: 0.61538
08/07/2026 10:50:57 - INFO - utils.trainer -   Specificity: 0.61538
08/07/2026 10:50:57 - INFO - utils.trainer -   Sensitivity: 0.81633
08/07/2026 10:50:57 - INFO - utils.trainer -   FT Epoch: 62/200, Train Loss: 0.56169, Val Loss: 0.60552, Val Loss: 0.6055, Best Loss: 0.5658, No improve: 10/25, Time: 15.0s
08/07/2026 10:51:12 - INFO - utils.trainer -   ***** Running evaluation on val dataset *****
08/07/2026 10:51:14 - INFO - utils.trainer -   Loss: 0.57141
08/07/2026 10:51:14 - INFO - utils.trainer -   AUC: 0.76923
08/07/2026 10:51:14 - INFO - utils.trainer -   Accuracy: 0.71053
08/07/2026 10:51:14 - INFO - utils.trainer -   Precision: 0.66000
08/07/2026 10:51:14 - INFO - utils.trainer -   Specificity: 0.73846
08/07/2026 10:51:14 - INFO - utils.trainer -   Sensitivity: 0.67347
08/07/2026 10:51:14 - INFO - utils.trainer -   FT Epoch: 63/200, Train Loss: 0.53151, Val Loss: 0.57141, Val Loss: 0.5714, Best Loss: 0.5658, No improve: 11/25, Time: 15.0s
08/07/2026 10:51:29 - INFO - utils.trainer -   ***** Running evaluation on val dataset *****
08/07/2026 10:51:31 - INFO - utils.trainer -   Loss: 0.58342
08/07/2026 10:51:31 - INFO - utils.trainer -   AUC: 0.76264
08/07/2026 10:51:31 - INFO - utils.trainer -   Accuracy: 0.67544
08/07/2026 10:51:31 - INFO - utils.trainer -   Precision: 0.63636
08/07/2026 10:51:31 - INFO - utils.trainer -   Specificity: 0.75385
08/07/2026 10:51:31 - INFO - utils.trainer -   Sensitivity: 0.57143
08/07/2026 10:51:31 - INFO - utils.trainer -   FT Epoch: 64/200, Train Loss: 0.61403, Val Loss: 0.58342, Val Loss: 0.5834, Best Loss: 0.5658, No improve: 12/25, Time: 15.1s
08/07/2026 10:51:46 - INFO - utils.trainer -   ***** Running evaluation on val dataset *****
08/07/2026 10:51:48 - INFO - utils.trainer -   Loss: 0.58500
08/07/2026 10:51:48 - INFO - utils.trainer -   AUC: 0.75950
08/07/2026 10:51:48 - INFO - utils.trainer -   Accuracy: 0.70175
08/07/2026 10:51:48 - INFO - utils.trainer -   Precision: 0.62712
08/07/2026 10:51:48 - INFO - utils.trainer -   Specificity: 0.66154
08/07/2026 10:51:48 - INFO - utils.trainer -   Sensitivity: 0.75510
08/07/2026 10:51:48 - INFO - utils.trainer -   FT Epoch: 65/200, Train Loss: 0.52523, Val Loss: 0.58500, Val Loss: 0.5850, Best Loss: 0.5658, No improve: 13/25, Time: 15.0s
08/07/2026 10:52:03 - INFO - utils.trainer -   ***** Running evaluation on val dataset *****
08/07/2026 10:52:04 - INFO - utils.trainer -   Loss: 0.58764
08/07/2026 10:52:04 - INFO - utils.trainer -   AUC: 0.75699
08/07/2026 10:52:04 - INFO - utils.trainer -   Accuracy: 0.69298
08/07/2026 10:52:04 - INFO - utils.trainer -   Precision: 0.64000
08/07/2026 10:52:04 - INFO - utils.trainer -   Specificity: 0.72308
08/07/2026 10:52:04 - INFO - utils.trainer -   Sensitivity: 0.65306
08/07/2026 10:52:04 - INFO - utils.trainer -   FT Epoch: 66/200, Train Loss: 0.48476, Val Loss: 0.58764, Val Loss: 0.5876, Best Loss: 0.5658, No improve: 14/25, Time: 15.0s
08/07/2026 10:52:19 - INFO - utils.trainer -   ***** Running evaluation on val dataset *****
08/07/2026 10:52:21 - INFO - utils.trainer -   Loss: 0.61601
08/07/2026 10:52:21 - INFO - utils.trainer -   AUC: 0.76075
08/07/2026 10:52:21 - INFO - utils.trainer -   Accuracy: 0.69298
08/07/2026 10:52:21 - INFO - utils.trainer -   Precision: 0.60294
08/07/2026 10:52:21 - INFO - utils.trainer -   Specificity: 0.58462
08/07/2026 10:52:21 - INFO - utils.trainer -   Sensitivity: 0.83673
08/07/2026 10:52:21 - INFO - utils.trainer -   FT Epoch: 67/200, Train Loss: 0.52615, Val Loss: 0.61601, Val Loss: 0.6160, Best Loss: 0.5658, No improve: 15/25, Time: 15.0s
08/07/2026 10:52:36 - INFO - utils.trainer -   ***** Running evaluation on val dataset *****
08/07/2026 10:52:38 - INFO - utils.trainer -   Loss: 0.58187
08/07/2026 10:52:38 - INFO - utils.trainer -   AUC: 0.75824
08/07/2026 10:52:38 - INFO - utils.trainer -   Accuracy: 0.71930
08/07/2026 10:52:38 - INFO - utils.trainer -   Precision: 0.65455
08/07/2026 10:52:38 - INFO - utils.trainer -   Specificity: 0.70769
08/07/2026 10:52:38 - INFO - utils.trainer -   Sensitivity: 0.73469
08/07/2026 10:52:38 - INFO - utils.trainer -   FT Epoch: 68/200, Train Loss: 0.57556, Val Loss: 0.58187, Val Loss: 0.5819, Best Loss: 0.5658, No improve: 16/25, Time: 15.0s
08/07/2026 10:52:53 - INFO - utils.trainer -   ***** Running evaluation on val dataset *****
08/07/2026 10:52:54 - INFO - utils.trainer -   Loss: 0.58370
08/07/2026 10:52:54 - INFO - utils.trainer -   AUC: 0.75416
08/07/2026 10:52:54 - INFO - utils.trainer -   Accuracy: 0.71053
08/07/2026 10:52:54 - INFO - utils.trainer -   Precision: 0.67391
08/07/2026 10:52:54 - INFO - utils.trainer -   Specificity: 0.76923
08/07/2026 10:52:54 - INFO - utils.trainer -   Sensitivity: 0.63265
08/07/2026 10:52:54 - INFO - utils.trainer -   FT Epoch: 69/200, Train Loss: 0.44737, Val Loss: 0.58370, Val Loss: 0.5837, Best Loss: 0.5658, No improve: 17/25, Time: 15.0s
08/07/2026 10:53:09 - INFO - utils.trainer -   ***** Running evaluation on val dataset *****
08/07/2026 10:53:11 - INFO - utils.trainer -   Loss: 0.58782
08/07/2026 10:53:11 - INFO - utils.trainer -   AUC: 0.76013
08/07/2026 10:53:11 - INFO - utils.trainer -   Accuracy: 0.71930
08/07/2026 10:53:11 - INFO - utils.trainer -   Precision: 0.65455
08/07/2026 10:53:11 - INFO - utils.trainer -   Specificity: 0.70769
08/07/2026 10:53:11 - INFO - utils.trainer -   Sensitivity: 0.73469
08/07/2026 10:53:11 - INFO - utils.trainer -   FT Epoch: 70/200, Train Loss: 0.57656, Val Loss: 0.58782, Val Loss: 0.5878, Best Loss: 0.5658, No improve: 18/25, Time: 15.0s
08/07/2026 10:53:26 - INFO - utils.trainer -   ***** Running evaluation on val dataset *****
08/07/2026 10:53:28 - INFO - utils.trainer -   Loss: 0.59736
08/07/2026 10:53:28 - INFO - utils.trainer -   AUC: 0.75510
08/07/2026 10:53:28 - INFO - utils.trainer -   Accuracy: 0.71053
08/07/2026 10:53:28 - INFO - utils.trainer -   Precision: 0.67391
08/07/2026 10:53:28 - INFO - utils.trainer -   Specificity: 0.76923
08/07/2026 10:53:28 - INFO - utils.trainer -   Sensitivity: 0.63265
08/07/2026 10:53:28 - INFO - utils.trainer -   FT Epoch: 71/200, Train Loss: 0.56273, Val Loss: 0.59736, Val Loss: 0.5974, Best Loss: 0.5658, No improve: 19/25, Time: 15.0s
08/07/2026 10:53:43 - INFO - utils.trainer -   ***** Running evaluation on val dataset *****
08/07/2026 10:53:45 - INFO - utils.trainer -   Loss: 0.66206
08/07/2026 10:53:45 - INFO - utils.trainer -   AUC: 0.75165
08/07/2026 10:53:45 - INFO - utils.trainer -   Accuracy: 0.66667
08/07/2026 10:53:45 - INFO - utils.trainer -   Precision: 0.57746
08/07/2026 10:53:45 - INFO - utils.trainer -   Specificity: 0.53846
08/07/2026 10:53:45 - INFO - utils.trainer -   Sensitivity: 0.83673
08/07/2026 10:53:45 - INFO - utils.trainer -   FT Epoch: 72/200, Train Loss: 0.53529, Val Loss: 0.66206, Val Loss: 0.6621, Best Loss: 0.5658, No improve: 20/25, Time: 15.0s
08/07/2026 10:54:00 - INFO - utils.trainer -   ***** Running evaluation on val dataset *****
08/07/2026 10:54:01 - INFO - utils.trainer -   Loss: 0.65768
08/07/2026 10:54:01 - INFO - utils.trainer -   AUC: 0.74945
08/07/2026 10:54:01 - INFO - utils.trainer -   Accuracy: 0.65789
08/07/2026 10:54:01 - INFO - utils.trainer -   Precision: 0.57143
08/07/2026 10:54:01 - INFO - utils.trainer -   Specificity: 0.53846
08/07/2026 10:54:01 - INFO - utils.trainer -   Sensitivity: 0.81633
08/07/2026 10:54:01 - INFO - utils.trainer -   FT Epoch: 73/200, Train Loss: 0.55145, Val Loss: 0.65768, Val Loss: 0.6577, Best Loss: 0.5658, No improve: 21/25, Time: 15.0s
08/07/2026 10:54:16 - INFO - utils.trainer -   ***** Running evaluation on val dataset *****
08/07/2026 10:54:18 - INFO - utils.trainer -   Loss: 0.62112
08/07/2026 10:54:18 - INFO - utils.trainer -   AUC: 0.75918
08/07/2026 10:54:18 - INFO - utils.trainer -   Accuracy: 0.70175
08/07/2026 10:54:18 - INFO - utils.trainer -   Precision: 0.72727
08/07/2026 10:54:18 - INFO - utils.trainer -   Specificity: 0.86154
08/07/2026 10:54:18 - INFO - utils.trainer -   Sensitivity: 0.48980
08/07/2026 10:54:18 - INFO - utils.trainer -   FT Epoch: 74/200, Train Loss: 0.58884, Val Loss: 0.62112, Val Loss: 0.6211, Best Loss: 0.5658, No improve: 22/25, Time: 15.1s
08/07/2026 10:54:33 - INFO - utils.trainer -   ***** Running evaluation on val dataset *****
08/07/2026 10:54:35 - INFO - utils.trainer -   Loss: 0.60305
08/07/2026 10:54:35 - INFO - utils.trainer -   AUC: 0.75824
08/07/2026 10:54:35 - INFO - utils.trainer -   Accuracy: 0.71930
08/07/2026 10:54:35 - INFO - utils.trainer -   Precision: 0.68889
08/07/2026 10:54:35 - INFO - utils.trainer -   Specificity: 0.78462
08/07/2026 10:54:35 - INFO - utils.trainer -   Sensitivity: 0.63265
08/07/2026 10:54:35 - INFO - utils.trainer -   FT Epoch: 75/200, Train Loss: 0.61104, Val Loss: 0.60305, Val Loss: 0.6031, Best Loss: 0.5658, No improve: 23/25, Time: 15.1s
08/07/2026 10:54:50 - INFO - utils.trainer -   ***** Running evaluation on val dataset *****
08/07/2026 10:54:51 - INFO - utils.trainer -   Loss: 0.60350
08/07/2026 10:54:51 - INFO - utils.trainer -   AUC: 0.74725
08/07/2026 10:54:51 - INFO - utils.trainer -   Accuracy: 0.71930
08/07/2026 10:54:51 - INFO - utils.trainer -   Precision: 0.65455
08/07/2026 10:54:51 - INFO - utils.trainer -   Specificity: 0.70769
08/07/2026 10:54:51 - INFO - utils.trainer -   Sensitivity: 0.73469
08/07/2026 10:54:51 - INFO - utils.trainer -   FT Epoch: 76/200, Train Loss: 0.54210, Val Loss: 0.60350, Val Loss: 0.6035, Best Loss: 0.5658, No improve: 24/25, Time: 15.0s
08/07/2026 10:55:06 - INFO - utils.trainer -   ***** Running evaluation on val dataset *****
08/07/2026 10:55:08 - INFO - utils.trainer -   Loss: 0.59649
08/07/2026 10:55:08 - INFO - utils.trainer -   AUC: 0.74851
08/07/2026 10:55:08 - INFO - utils.trainer -   Accuracy: 0.71930
08/07/2026 10:55:08 - INFO - utils.trainer -   Precision: 0.66667
08/07/2026 10:55:08 - INFO - utils.trainer -   Specificity: 0.73846
08/07/2026 10:55:08 - INFO - utils.trainer -   Sensitivity: 0.69388
08/07/2026 10:55:08 - INFO - utils.trainer -   FT Epoch: 77/200, Train Loss: 0.50711, Val Loss: 0.59649, Val Loss: 0.5965, Best Loss: 0.5658, No improve: 25/25, Time: 15.0s
08/07/2026 10:55:08 - INFO - utils.trainer -   Early stopping triggered at epoch 77
08/07/2026 10:55:08 - INFO - utils.trainer -   Early stopping triggered at epoch 77
08/07/2026 10:55:08 - INFO - utils.trainer -   Early stopping triggered at epoch 77
08/07/2026 10:55:08 - INFO - utils.trainer -   Early stopping triggered at epoch 77
08/07/2026 10:55:08 - INFO - utils.trainer -   Early stopping triggered at epoch 77
08/07/2026 10:55:08 - INFO - utils.trainer -   Early stopping triggered at epoch 77
08/07/2026 10:55:09 - INFO - utils.trainer -     2 prompt-buffer key(s) skipped (kept target-dataset prompt)
08/07/2026 10:55:09 - INFO - utils.trainer -     582 keys not in checkpoint (kept from init)
08/07/2026 10:55:09 - INFO - utils.trainer -   Model loaded from output_dir/TimeLLM_DiseaseDS_fulldata_best/TimeLLM-0.bin (21/23 keys)
08/07/2026 10:55:09 - INFO - utils.trainer -   Loaded best checkpoint from output_dir/TimeLLM_DiseaseDS_fulldata_best
08/07/2026 10:55:09 - INFO - utils.trainer -     2 prompt-buffer key(s) skipped (kept target-dataset prompt)
08/07/2026 10:55:09 - INFO - utils.trainer -     582 keys not in checkpoint (kept from init)
08/07/2026 10:55:09 - INFO - utils.trainer -   Model loaded from output_dir/TimeLLM_DiseaseDS_fulldata_best/TimeLLM-0.bin (21/23 keys)
08/07/2026 10:55:09 - INFO - utils.trainer -     2 prompt-buffer key(s) skipped (kept target-dataset prompt)
08/07/2026 10:55:09 - INFO - utils.trainer -     582 keys not in checkpoint (kept from init)
08/07/2026 10:55:09 - INFO - utils.trainer -   Model loaded from output_dir/TimeLLM_DiseaseDS_fulldata_best/TimeLLM-0.bin (21/23 keys)
08/07/2026 10:55:09 - INFO - utils.trainer -     2 prompt-buffer key(s) skipped (kept target-dataset prompt)
08/07/2026 10:55:09 - INFO - utils.trainer -     582 keys not in checkpoint (kept from init)
08/07/2026 10:55:09 - INFO - utils.trainer -   Model loaded from output_dir/TimeLLM_DiseaseDS_fulldata_best/TimeLLM-0.bin (21/23 keys)
08/07/2026 10:55:09 - INFO - utils.trainer -     2 prompt-buffer key(s) skipped (kept target-dataset prompt)
08/07/2026 10:55:09 - INFO - utils.trainer -     582 keys not in checkpoint (kept from init)
08/07/2026 10:55:09 - INFO - utils.trainer -   Model loaded from output_dir/TimeLLM_DiseaseDS_fulldata_best/TimeLLM-0.bin (21/23 keys)
08/07/2026 10:55:09 - INFO - utils.trainer -     2 prompt-buffer key(s) skipped (kept target-dataset prompt)
08/07/2026 10:55:09 - INFO - utils.trainer -     582 keys not in checkpoint (kept from init)
08/07/2026 10:55:09 - INFO - utils.trainer -   Model loaded from output_dir/TimeLLM_DiseaseDS_fulldata_best/TimeLLM-0.bin (21/23 keys)
08/07/2026 10:55:09 - INFO - utils.trainer -   Model saved to output_dir/TimeLLM_DiseaseDS_fulldata
08/07/2026 10:55:09 - INFO - utils.trainer -   Fine-tuned model saved to output_dir/TimeLLM_DiseaseDS_fulldata
08/07/2026 10:55:09 - INFO - utils.trainer -   ***** Running evaluation on test dataset *****
08/07/2026 10:55:11 - INFO - utils.trainer -   Loss: 0.72769
08/07/2026 10:55:11 - INFO - utils.trainer -   AUC: 0.56458
08/07/2026 10:55:11 - INFO - utils.trainer -   Accuracy: 0.58333
08/07/2026 10:55:11 - INFO - utils.trainer -   Precision: 0.67164
08/07/2026 10:55:11 - INFO - utils.trainer -   Specificity: 0.59259
08/07/2026 10:55:11 - INFO - utils.trainer -   Sensitivity: 0.57692
08/07/2026 10:55:11 - INFO - utils.trainer -   === Few-shot fine-tune test result ===
08/07/2026 10:55:11 - INFO - utils.trainer -     Loss: 0.72769
08/07/2026 10:55:11 - INFO - utils.trainer -     AUC: 0.56458
08/07/2026 10:55:11 - INFO - utils.trainer -     Accuracy: 0.58333
08/07/2026 10:55:11 - INFO - utils.trainer -     Precision: 0.67164
08/07/2026 10:55:11 - INFO - utils.trainer -     Specificity: 0.59259
08/07/2026 10:55:11 - INFO - utils.trainer -     Sensitivity: 0.57692
08/07/2026 10:55:11 - INFO - __main__ -   
============================================================
  Full-data finetune (TimeLLM_FutureFCDS_train → DiseaseDS)  seed=42
============================================================
08/07/2026 10:55:11 - INFO - __main__ -     Loss           : 0.7277
08/07/2026 10:55:11 - INFO - __main__ -     AUC            : 0.5646
08/07/2026 10:55:11 - INFO - __main__ -     Accuracy       : 0.5833
08/07/2026 10:55:11 - INFO - __main__ -     Precision      : 0.6716
08/07/2026 10:55:11 - INFO - __main__ -     Specificity    : 0.5926
08/07/2026 10:55:11 - INFO - __main__ -     Sensitivity    : 0.5769
