08/16/2026 15:24:27 - INFO - __main__ -   ########## few-shot seed=42 ##########
08/16/2026 15:24:28 - INFO - __main__ -   ########## few-shot seed=42 ##########
08/16/2026 15:24:28 - INFO - __main__ -   ########## few-shot seed=42 ##########
08/16/2026 15:24:28 - INFO - __main__ -   ########## few-shot seed=42 ##########
08/16/2026 15:24:28 - INFO - __main__ -   ########## few-shot seed=42 ##########
08/16/2026 15:24:28 - INFO - __main__ -   ########## few-shot seed=42 ##########
08/16/2026 15:24:38 - INFO - root -   gcc -pthread -B /root/miniconda3/compiler_compat -fno-strict-overflow -DNDEBUG -O2 -Wall -fPIC -O2 -isystem /root/miniconda3/include -fPIC -O2 -isystem /root/miniconda3/include -fPIC -c /tmp/tmpbhh0fxlf/test.c -o /tmp/tmpbhh0fxlf/test.o
08/16/2026 15:24:38 - INFO - root -   gcc -pthread -B /root/miniconda3/compiler_compat /tmp/tmpbhh0fxlf/test.o -laio -o /tmp/tmpbhh0fxlf/a.out
08/16/2026 15:24:38 - INFO - root -   gcc -pthread -B /root/miniconda3/compiler_compat -fno-strict-overflow -DNDEBUG -O2 -Wall -fPIC -O2 -isystem /root/miniconda3/include -fPIC -O2 -isystem /root/miniconda3/include -fPIC -c /tmp/tmp7ssmbvga/test.c -o /tmp/tmp7ssmbvga/test.o
08/16/2026 15:24:38 - INFO - root -   gcc -pthread -B /root/miniconda3/compiler_compat /tmp/tmp7ssmbvga/test.o -L/usr/local/cuda -L/usr/local/cuda/lib64 -lcufile -o /tmp/tmp7ssmbvga/a.out
08/16/2026 15:24:39 - INFO - root -   gcc -pthread -B /root/miniconda3/compiler_compat -fno-strict-overflow -DNDEBUG -O2 -Wall -fPIC -O2 -isystem /root/miniconda3/include -fPIC -O2 -isystem /root/miniconda3/include -fPIC -c /tmp/tmpcgqau7g2/test.c -o /tmp/tmpcgqau7g2/test.o
08/16/2026 15:24:39 - INFO - root -   gcc -pthread -B /root/miniconda3/compiler_compat /tmp/tmpcgqau7g2/test.o -laio -o /tmp/tmpcgqau7g2/a.out
08/16/2026 15:24:39 - INFO - root -   gcc -pthread -B /root/miniconda3/compiler_compat -fno-strict-overflow -DNDEBUG -O2 -Wall -fPIC -O2 -isystem /root/miniconda3/include -fPIC -O2 -isystem /root/miniconda3/include -fPIC -c /tmp/tmp3ybnj62n/test.c -o /tmp/tmp3ybnj62n/test.o
08/16/2026 15:24:39 - INFO - root -   gcc -pthread -B /root/miniconda3/compiler_compat -fno-strict-overflow -DNDEBUG -O2 -Wall -fPIC -O2 -isystem /root/miniconda3/include -fPIC -O2 -isystem /root/miniconda3/include -fPIC -c /tmp/tmp14t0co97/test.c -o /tmp/tmp14t0co97/test.o
08/16/2026 15:24:39 - INFO - root -   gcc -pthread -B /root/miniconda3/compiler_compat -fno-strict-overflow -DNDEBUG -O2 -Wall -fPIC -O2 -isystem /root/miniconda3/include -fPIC -O2 -isystem /root/miniconda3/include -fPIC -c /tmp/tmpr6ajze4u/test.c -o /tmp/tmpr6ajze4u/test.o
08/16/2026 15:24:39 - INFO - root -   gcc -pthread -B /root/miniconda3/compiler_compat /tmp/tmp3ybnj62n/test.o -laio -o /tmp/tmp3ybnj62n/a.out
08/16/2026 15:24:39 - INFO - root -   gcc -pthread -B /root/miniconda3/compiler_compat /tmp/tmp14t0co97/test.o -laio -o /tmp/tmp14t0co97/a.out
08/16/2026 15:24:39 - INFO - root -   gcc -pthread -B /root/miniconda3/compiler_compat /tmp/tmpr6ajze4u/test.o -L/usr/local/cuda -L/usr/local/cuda/lib64 -lcufile -o /tmp/tmpr6ajze4u/a.out
08/16/2026 15:24:39 - INFO - root -   gcc -pthread -B /root/miniconda3/compiler_compat -fno-strict-overflow -DNDEBUG -O2 -Wall -fPIC -O2 -isystem /root/miniconda3/include -fPIC -O2 -isystem /root/miniconda3/include -fPIC -c /tmp/tmpjz6g_fv4/test.c -o /tmp/tmpjz6g_fv4/test.o
08/16/2026 15:24:39 - INFO - root -   gcc -pthread -B /root/miniconda3/compiler_compat -fno-strict-overflow -DNDEBUG -O2 -Wall -fPIC -O2 -isystem /root/miniconda3/include -fPIC -O2 -isystem /root/miniconda3/include -fPIC -c /tmp/tmpplstdtwu/test.c -o /tmp/tmpplstdtwu/test.o
08/16/2026 15:24:39 - INFO - root -   gcc -pthread -B /root/miniconda3/compiler_compat /tmp/tmpjz6g_fv4/test.o -L/usr/local/cuda -L/usr/local/cuda/lib64 -lcufile -o /tmp/tmpjz6g_fv4/a.out
08/16/2026 15:24:39 - INFO - root -   gcc -pthread -B /root/miniconda3/compiler_compat /tmp/tmpplstdtwu/test.o -L/usr/local/cuda -L/usr/local/cuda/lib64 -lcufile -o /tmp/tmpplstdtwu/a.out
08/16/2026 15:24:39 - INFO - root -   gcc -pthread -B /root/miniconda3/compiler_compat -fno-strict-overflow -DNDEBUG -O2 -Wall -fPIC -O2 -isystem /root/miniconda3/include -fPIC -O2 -isystem /root/miniconda3/include -fPIC -c /tmp/tmp3qkr96js/test.c -o /tmp/tmp3qkr96js/test.o
08/16/2026 15:24:39 - INFO - root -   gcc -pthread -B /root/miniconda3/compiler_compat /tmp/tmp3qkr96js/test.o -laio -o /tmp/tmp3qkr96js/a.out
08/16/2026 15:24:39 - INFO - root -   gcc -pthread -B /root/miniconda3/compiler_compat -fno-strict-overflow -DNDEBUG -O2 -Wall -fPIC -O2 -isystem /root/miniconda3/include -fPIC -O2 -isystem /root/miniconda3/include -fPIC -c /tmp/tmp4lsq_q47/test.c -o /tmp/tmp4lsq_q47/test.o
08/16/2026 15:24:39 - INFO - root -   gcc -pthread -B /root/miniconda3/compiler_compat /tmp/tmp4lsq_q47/test.o -L/usr/local/cuda -L/usr/local/cuda/lib64 -lcufile -o /tmp/tmp4lsq_q47/a.out
08/16/2026 15:24:40 - INFO - root -   gcc -pthread -B /root/miniconda3/compiler_compat -fno-strict-overflow -DNDEBUG -O2 -Wall -fPIC -O2 -isystem /root/miniconda3/include -fPIC -O2 -isystem /root/miniconda3/include -fPIC -c /tmp/tmprgvl0qzp/test.c -o /tmp/tmprgvl0qzp/test.o
08/16/2026 15:24:40 - INFO - root -   gcc -pthread -B /root/miniconda3/compiler_compat /tmp/tmprgvl0qzp/test.o -laio -o /tmp/tmprgvl0qzp/a.out
08/16/2026 15:24:40 - INFO - root -   gcc -pthread -B /root/miniconda3/compiler_compat -fno-strict-overflow -DNDEBUG -O2 -Wall -fPIC -O2 -isystem /root/miniconda3/include -fPIC -O2 -isystem /root/miniconda3/include -fPIC -c /tmp/tmpkk0wy2qg/test.c -o /tmp/tmpkk0wy2qg/test.o
08/16/2026 15:24:40 - INFO - root -   gcc -pthread -B /root/miniconda3/compiler_compat /tmp/tmpkk0wy2qg/test.o -L/usr/local/cuda -L/usr/local/cuda/lib64 -lcufile -o /tmp/tmpkk0wy2qg/a.out
08/16/2026 15:24:41 - INFO - utils.trainer -     6 keys not in checkpoint (kept from init)
08/16/2026 15:24:41 - INFO - utils.trainer -   Model loaded from ./output_dir/ALTER_AgeCAUEEG_train/ALTER-0.bin (27/27 keys)
08/16/2026 15:24:41 - INFO - utils.trainer -     6 keys not in checkpoint (kept from init)
08/16/2026 15:24:41 - INFO - utils.trainer -   Model loaded from ./output_dir/ALTER_AgeCAUEEG_train/ALTER-0.bin (27/27 keys)
08/16/2026 15:24:41 - INFO - utils.trainer -     6 keys not in checkpoint (kept from init)
08/16/2026 15:24:41 - INFO - utils.trainer -   Model loaded from ./output_dir/ALTER_AgeCAUEEG_train/ALTER-0.bin (27/27 keys)
08/16/2026 15:24:41 - INFO - utils.trainer -     6 keys not in checkpoint (kept from init)
08/16/2026 15:24:41 - INFO - utils.trainer -   Model loaded from ./output_dir/ALTER_AgeCAUEEG_train/ALTER-0.bin (27/27 keys)
08/16/2026 15:24:41 - INFO - utils.trainer -     6 keys not in checkpoint (kept from init)
08/16/2026 15:24:41 - INFO - utils.trainer -   Model loaded from ./output_dir/ALTER_AgeCAUEEG_train/ALTER-0.bin (27/27 keys)
08/16/2026 15:24:41 - INFO - utils.trainer -     6 keys not in checkpoint (kept from init)
08/16/2026 15:24:41 - INFO - utils.trainer -   Model loaded from ./output_dir/ALTER_AgeCAUEEG_train/ALTER-0.bin (27/27 keys)
08/16/2026 15:24:41 - INFO - utils.trainer -   ***** Running regression evaluation on test0 dataset *****
08/16/2026 15:24:43 - INFO - utils.trainer -   Loss: 874.02791
08/16/2026 15:24:43 - INFO - utils.trainer -   MSE: 877.20886
08/16/2026 15:24:43 - INFO - utils.trainer -   MAE: 25.33085
08/16/2026 15:24:43 - INFO - utils.trainer -   RMSE: 29.61771
08/16/2026 15:24:43 - INFO - utils.trainer -   R2: -1.71858
08/16/2026 15:24:43 - INFO - utils.trainer -   PearsonR: 0.13233
08/16/2026 15:24:43 - INFO - __main__ -   
============================================================
  Zero-shot (ALTER_AgeCAUEEG_train → AgeTUAB)  seed=42
============================================================
08/16/2026 15:24:43 - INFO - __main__ -     Loss           : 874.0279
08/16/2026 15:24:43 - INFO - __main__ -     MSE            : 877.2089
08/16/2026 15:24:43 - INFO - __main__ -     MAE            : 25.3308
08/16/2026 15:24:43 - INFO - __main__ -     RMSE           : 29.6177
08/16/2026 15:24:43 - INFO - __main__ -     R2             : -1.7186
08/16/2026 15:24:43 - INFO - __main__ -     PearsonR       : 0.1323
