08/12/2026 16:26:56 - INFO - __main__ -   ########## Repeat:0 ##########
08/12/2026 16:26:56 - INFO - utils.trainer -   ***** Running training *****
08/12/2026 16:26:56 - INFO - utils.trainer -     Num examples = 296
08/12/2026 16:26:56 - INFO - utils.trainer -     Num Epochs = 200
08/12/2026 16:26:56 - INFO - utils.trainer -     Total train batch size = 2
08/12/2026 16:26:56 - INFO - utils.trainer -     warmup steps = 400
08/12/2026 16:26:56 - INFO - utils.trainer -     Total optimization steps = 59200
08/12/2026 16:26:56 - INFO - utils.trainer -     Save steps = 25
08/12/2026 16:28:21 - INFO - utils.trainer -   ***** Running evaluation on val dataset *****
08/12/2026 16:28:28 - INFO - utils.trainer -   Loss: 0.99423
08/12/2026 16:28:28 - INFO - utils.trainer -   AUC: 0.64061
08/12/2026 16:28:28 - INFO - utils.trainer -   Accuracy: 0.60887
08/12/2026 16:28:28 - INFO - utils.trainer -   Precision: 0.63861
08/12/2026 16:28:28 - INFO - utils.trainer -   Specificity: 0.57185
08/12/2026 16:28:28 - INFO - utils.trainer -   Sensitivity: 0.64020
08/12/2026 16:28:29 - INFO - utils.trainer -   Model saved to output_dir/TimeLLM_DiseaseCAUEEG_train
08/12/2026 16:28:29 - INFO - utils.trainer -   Best model saved (val_AUC=0.6406)
08/12/2026 16:28:29 - INFO - utils.trainer -   Epoch: 1, Loss: 1.85162, Val loss: 0.99423, Val AUC: 0.6406, Best val AUC: 0.6406, No improve: 0/10, Time: 85.4s
08/12/2026 16:29:54 - INFO - utils.trainer -   ***** Running evaluation on val dataset *****
08/12/2026 16:30:01 - INFO - utils.trainer -   Loss: 0.93287
08/12/2026 16:30:01 - INFO - utils.trainer -   AUC: 0.66223
08/12/2026 16:30:01 - INFO - utils.trainer -   Accuracy: 0.57392
08/12/2026 16:30:01 - INFO - utils.trainer -   Precision: 0.69369
08/12/2026 16:30:01 - INFO - utils.trainer -   Specificity: 0.80059
08/12/2026 16:30:01 - INFO - utils.trainer -   Sensitivity: 0.38213
08/12/2026 16:30:02 - INFO - utils.trainer -   Model saved to output_dir/TimeLLM_DiseaseCAUEEG_train
08/12/2026 16:30:02 - INFO - utils.trainer -   Best model saved (val_AUC=0.6622)
08/12/2026 16:30:02 - INFO - utils.trainer -   Epoch: 2, Loss: 1.00945, Val loss: 0.93287, Val AUC: 0.6622, Best val AUC: 0.6622, No improve: 0/10, Time: 84.7s
