07/29/2026 10:31:43 - INFO - __main__ -   ########## Repeat:0 ##########
07/29/2026 10:31:43 - INFO - utils.trainer -   ***** Running training *****
07/29/2026 10:31:43 - INFO - utils.trainer -     Num examples = 192
07/29/2026 10:31:43 - INFO - utils.trainer -     Num Epochs = 200
07/29/2026 10:31:43 - INFO - utils.trainer -     Total train batch size = 3
07/29/2026 10:31:43 - INFO - utils.trainer -     warmup steps = 400
07/29/2026 10:31:43 - INFO - utils.trainer -     Total optimization steps = 38400
07/29/2026 10:31:43 - INFO - utils.trainer -     Save steps = 25
07/29/2026 10:32:59 - INFO - utils.trainer -   ***** Running evaluation on val dataset *****
07/29/2026 10:33:10 - INFO - utils.trainer -   Loss: 0.69078
07/29/2026 10:33:10 - INFO - utils.trainer -   AUC: 0.53820
07/29/2026 10:33:10 - INFO - utils.trainer -   Accuracy: 0.53559
07/29/2026 10:33:10 - INFO - utils.trainer -   Precision: 0.53571
07/29/2026 10:33:10 - INFO - utils.trainer -   Specificity: 0.00374
07/29/2026 10:33:10 - INFO - utils.trainer -   Sensitivity: 0.99676
07/29/2026 10:33:10 - INFO - utils.trainer -   Model saved to output_dir/TimeLLM
07/29/2026 10:33:10 - INFO - utils.trainer -   Best model saved (val_AUC=0.5382)
07/29/2026 10:33:10 - INFO - utils.trainer -   Epoch: 1, Loss: 0.82456, Val loss: 0.69078, Val AUC: 0.5382, Best val AUC: 0.5382, No improve: 0/10, Time: 76.0s
07/29/2026 10:34:26 - INFO - utils.trainer -   ***** Running evaluation on val dataset *****
07/29/2026 10:34:38 - INFO - utils.trainer -   Loss: 0.89549
07/29/2026 10:34:38 - INFO - utils.trainer -   AUC: 0.58098
07/29/2026 10:34:38 - INFO - utils.trainer -   Accuracy: 0.46441
07/29/2026 10:34:38 - INFO - utils.trainer -   Precision: 0.00000
07/29/2026 10:34:38 - INFO - utils.trainer -   Specificity: 1.00000
07/29/2026 10:34:38 - INFO - utils.trainer -   Sensitivity: 0.00000
07/29/2026 10:34:38 - INFO - utils.trainer -   Model saved to output_dir/TimeLLM
07/29/2026 10:34:38 - INFO - utils.trainer -   Best model saved (val_AUC=0.5810)
07/29/2026 10:34:38 - INFO - utils.trainer -   Epoch: 2, Loss: 0.73232, Val loss: 0.89549, Val AUC: 0.5810, Best val AUC: 0.5810, No improve: 0/10, Time: 75.9s
07/29/2026 10:35:54 - INFO - utils.trainer -   ***** Running evaluation on val dataset *****
07/29/2026 10:36:05 - INFO - utils.trainer -   Loss: 0.84612
07/29/2026 10:36:05 - INFO - utils.trainer -   AUC: 0.61970
07/29/2026 10:36:05 - INFO - utils.trainer -   Accuracy: 0.53559
07/29/2026 10:36:05 - INFO - utils.trainer -   Precision: 0.53559
07/29/2026 10:36:05 - INFO - utils.trainer -   Specificity: 0.00000
07/29/2026 10:36:05 - INFO - utils.trainer -   Sensitivity: 1.00000
07/29/2026 10:36:05 - INFO - utils.trainer -   Model saved to output_dir/TimeLLM
07/29/2026 10:36:05 - INFO - utils.trainer -   Best model saved (val_AUC=0.6197)
07/29/2026 10:36:05 - INFO - utils.trainer -   Epoch: 3, Loss: 0.72142, Val loss: 0.84612, Val AUC: 0.6197, Best val AUC: 0.6197, No improve: 0/10, Time: 76.0s
07/29/2026 10:37:22 - INFO - utils.trainer -   ***** Running evaluation on val dataset *****
07/29/2026 10:37:32 - INFO - utils.trainer -   Loss: 0.73823
07/29/2026 10:37:32 - INFO - utils.trainer -   AUC: 0.64374
07/29/2026 10:37:32 - INFO - utils.trainer -   Accuracy: 0.46441
07/29/2026 10:37:32 - INFO - utils.trainer -   Precision: 0.00000
07/29/2026 10:37:32 - INFO - utils.trainer -   Specificity: 1.00000
07/29/2026 10:37:32 - INFO - utils.trainer -   Sensitivity: 0.00000
07/29/2026 10:37:33 - INFO - utils.trainer -   Model saved to output_dir/TimeLLM
07/29/2026 10:37:33 - INFO - utils.trainer -   Best model saved (val_AUC=0.6437)
07/29/2026 10:37:33 - INFO - utils.trainer -   Epoch: 4, Loss: 0.71037, Val loss: 0.73823, Val AUC: 0.6437, Best val AUC: 0.6437, No improve: 0/10, Time: 76.2s
07/29/2026 10:38:49 - INFO - utils.trainer -   ***** Running evaluation on val dataset *****
07/29/2026 10:39:00 - INFO - utils.trainer -   Loss: 0.66855
07/29/2026 10:39:00 - INFO - utils.trainer -   AUC: 0.66467
07/29/2026 10:39:00 - INFO - utils.trainer -   Accuracy: 0.61111
07/29/2026 10:39:00 - INFO - utils.trainer -   Precision: 0.72900
07/29/2026 10:39:00 - INFO - utils.trainer -   Specificity: 0.81308
07/29/2026 10:39:00 - INFO - utils.trainer -   Sensitivity: 0.43598
07/29/2026 10:39:00 - INFO - utils.trainer -   Model saved to output_dir/TimeLLM
07/29/2026 10:39:00 - INFO - utils.trainer -   Best model saved (val_AUC=0.6647)
07/29/2026 10:39:00 - INFO - utils.trainer -   Epoch: 5, Loss: 0.68427, Val loss: 0.66855, Val AUC: 0.6647, Best val AUC: 0.6647, No improve: 0/10, Time: 75.6s
07/29/2026 10:40:16 - INFO - utils.trainer -   ***** Running evaluation on val dataset *****
07/29/2026 10:40:27 - INFO - utils.trainer -   Loss: 0.73700
07/29/2026 10:40:27 - INFO - utils.trainer -   AUC: 0.68860
07/29/2026 10:40:27 - INFO - utils.trainer -   Accuracy: 0.53559
07/29/2026 10:40:27 - INFO - utils.trainer -   Precision: 0.53559
07/29/2026 10:40:27 - INFO - utils.trainer -   Specificity: 0.00000
07/29/2026 10:40:27 - INFO - utils.trainer -   Sensitivity: 1.00000
07/29/2026 10:40:27 - INFO - utils.trainer -   Model saved to output_dir/TimeLLM
07/29/2026 10:40:27 - INFO - utils.trainer -   Best model saved (val_AUC=0.6886)
07/29/2026 10:40:27 - INFO - utils.trainer -   Epoch: 6, Loss: 0.63999, Val loss: 0.73700, Val AUC: 0.6886, Best val AUC: 0.6886, No improve: 0/10, Time: 75.7s
07/29/2026 10:41:44 - INFO - utils.trainer -   ***** Running evaluation on val dataset *****
07/29/2026 10:41:55 - INFO - utils.trainer -   Loss: 0.66372
07/29/2026 10:41:55 - INFO - utils.trainer -   AUC: 0.68987
07/29/2026 10:41:55 - INFO - utils.trainer -   Accuracy: 0.61719
07/29/2026 10:41:55 - INFO - utils.trainer -   Precision: 0.77673
07/29/2026 10:41:55 - INFO - utils.trainer -   Specificity: 0.86729
07/29/2026 10:41:55 - INFO - utils.trainer -   Sensitivity: 0.40032
07/29/2026 10:41:55 - INFO - utils.trainer -   Model saved to output_dir/TimeLLM
07/29/2026 10:41:55 - INFO - utils.trainer -   Best model saved (val_AUC=0.6899)
07/29/2026 10:41:55 - INFO - utils.trainer -   Epoch: 7, Loss: 0.64991, Val loss: 0.66372, Val AUC: 0.6899, Best val AUC: 0.6899, No improve: 0/10, Time: 76.5s
07/29/2026 10:43:11 - INFO - utils.trainer -   ***** Running evaluation on val dataset *****
07/29/2026 10:43:22 - INFO - utils.trainer -   Loss: 0.64275
07/29/2026 10:43:22 - INFO - utils.trainer -   AUC: 0.68248
07/29/2026 10:43:22 - INFO - utils.trainer -   Accuracy: 0.63542
07/29/2026 10:43:22 - INFO - utils.trainer -   Precision: 0.66838
07/29/2026 10:43:22 - INFO - utils.trainer -   Specificity: 0.63738
07/29/2026 10:43:22 - INFO - utils.trainer -   Sensitivity: 0.63371
07/29/2026 10:43:22 - INFO - utils.trainer -   Epoch: 8, Loss: 0.65327, Val loss: 0.64275, Val AUC: 0.6825, Best val AUC: 0.6899, No improve: 1/10, Time: 76.2s
07/29/2026 10:44:38 - INFO - utils.trainer -   ***** Running evaluation on val dataset *****
07/29/2026 10:44:49 - INFO - utils.trainer -   Loss: 0.72900
07/29/2026 10:44:49 - INFO - utils.trainer -   AUC: 0.69011
07/29/2026 10:44:49 - INFO - utils.trainer -   Accuracy: 0.53299
07/29/2026 10:44:49 - INFO - utils.trainer -   Precision: 0.53450
07/29/2026 10:44:49 - INFO - utils.trainer -   Specificity: 0.00374
07/29/2026 10:44:49 - INFO - utils.trainer -   Sensitivity: 0.99190
07/29/2026 10:44:49 - INFO - utils.trainer -   Epoch: 9, Loss: 0.63952, Val loss: 0.72900, Val AUC: 0.6901, Best val AUC: 0.6899, No improve: 2/10, Time: 75.7s
07/29/2026 10:46:05 - INFO - utils.trainer -   ***** Running evaluation on val dataset *****
07/29/2026 10:46:16 - INFO - utils.trainer -   Loss: 0.64408
07/29/2026 10:46:16 - INFO - utils.trainer -   AUC: 0.67994
07/29/2026 10:46:16 - INFO - utils.trainer -   Accuracy: 0.63889
07/29/2026 10:46:16 - INFO - utils.trainer -   Precision: 0.71991
07/29/2026 10:46:16 - INFO - utils.trainer -   Specificity: 0.76075
07/29/2026 10:46:16 - INFO - utils.trainer -   Sensitivity: 0.53323
07/29/2026 10:46:16 - INFO - utils.trainer -   Epoch: 10, Loss: 0.63575, Val loss: 0.64408, Val AUC: 0.6799, Best val AUC: 0.6899, No improve: 3/10, Time: 75.8s
07/29/2026 10:47:32 - INFO - utils.trainer -   ***** Running evaluation on val dataset *****
07/29/2026 10:47:43 - INFO - utils.trainer -   Loss: 0.66887
07/29/2026 10:47:43 - INFO - utils.trainer -   AUC: 0.69397
07/29/2026 10:47:43 - INFO - utils.trainer -   Accuracy: 0.62153
07/29/2026 10:47:43 - INFO - utils.trainer -   Precision: 0.78193
07/29/2026 10:47:43 - INFO - utils.trainer -   Specificity: 0.86916
07/29/2026 10:47:43 - INFO - utils.trainer -   Sensitivity: 0.40681
07/29/2026 10:47:44 - INFO - utils.trainer -   Model saved to output_dir/TimeLLM
07/29/2026 10:47:44 - INFO - utils.trainer -   Best model saved (val_AUC=0.6940)
07/29/2026 10:47:44 - INFO - utils.trainer -   Epoch: 11, Loss: 0.62317, Val loss: 0.66887, Val AUC: 0.6940, Best val AUC: 0.6940, No improve: 0/10, Time: 75.9s
07/29/2026 10:48:59 - INFO - utils.trainer -   ***** Running evaluation on val dataset *****
07/29/2026 10:49:11 - INFO - utils.trainer -   Loss: 0.65740
07/29/2026 10:49:11 - INFO - utils.trainer -   AUC: 0.69608
07/29/2026 10:49:11 - INFO - utils.trainer -   Accuracy: 0.65365
07/29/2026 10:49:11 - INFO - utils.trainer -   Precision: 0.73093
07/29/2026 10:49:11 - INFO - utils.trainer -   Specificity: 0.76262
07/29/2026 10:49:11 - INFO - utils.trainer -   Sensitivity: 0.55916
07/29/2026 10:49:11 - INFO - utils.trainer -   Model saved to output_dir/TimeLLM
07/29/2026 10:49:11 - INFO - utils.trainer -   Best model saved (val_AUC=0.6961)
07/29/2026 10:49:11 - INFO - utils.trainer -   Epoch: 12, Loss: 0.56490, Val loss: 0.65740, Val AUC: 0.6961, Best val AUC: 0.6961, No improve: 0/10, Time: 75.7s
07/29/2026 10:50:27 - INFO - utils.trainer -   ***** Running evaluation on val dataset *****
07/29/2026 10:50:38 - INFO - utils.trainer -   Loss: 0.70077
07/29/2026 10:50:38 - INFO - utils.trainer -   AUC: 0.67539
07/29/2026 10:50:38 - INFO - utils.trainer -   Accuracy: 0.63194
07/29/2026 10:50:38 - INFO - utils.trainer -   Precision: 0.65590
07/29/2026 10:50:38 - INFO - utils.trainer -   Specificity: 0.60187
07/29/2026 10:50:38 - INFO - utils.trainer -   Sensitivity: 0.65802
07/29/2026 10:50:38 - INFO - utils.trainer -   Epoch: 13, Loss: 0.55663, Val loss: 0.70077, Val AUC: 0.6754, Best val AUC: 0.6961, No improve: 1/10, Time: 75.6s
07/29/2026 10:51:54 - INFO - utils.trainer -   ***** Running evaluation on val dataset *****
07/29/2026 10:52:05 - INFO - utils.trainer -   Loss: 0.68564
07/29/2026 10:52:05 - INFO - utils.trainer -   AUC: 0.68949
07/29/2026 10:52:05 - INFO - utils.trainer -   Accuracy: 0.60590
07/29/2026 10:52:05 - INFO - utils.trainer -   Precision: 0.59951
07/29/2026 10:52:05 - INFO - utils.trainer -   Specificity: 0.38692
07/29/2026 10:52:05 - INFO - utils.trainer -   Sensitivity: 0.79579
07/29/2026 10:52:05 - INFO - utils.trainer -   Epoch: 14, Loss: 0.51090, Val loss: 0.68564, Val AUC: 0.6895, Best val AUC: 0.6961, No improve: 2/10, Time: 76.1s
07/29/2026 10:53:21 - INFO - utils.trainer -   ***** Running evaluation on val dataset *****
07/29/2026 10:53:32 - INFO - utils.trainer -   Loss: 0.73128
07/29/2026 10:53:32 - INFO - utils.trainer -   AUC: 0.68537
07/29/2026 10:53:32 - INFO - utils.trainer -   Accuracy: 0.63802
07/29/2026 10:53:32 - INFO - utils.trainer -   Precision: 0.66340
07/29/2026 10:53:32 - INFO - utils.trainer -   Specificity: 0.61495
07/29/2026 10:53:32 - INFO - utils.trainer -   Sensitivity: 0.65802
07/29/2026 10:53:32 - INFO - utils.trainer -   Epoch: 15, Loss: 0.51896, Val loss: 0.73128, Val AUC: 0.6854, Best val AUC: 0.6961, No improve: 3/10, Time: 75.8s
07/29/2026 10:54:48 - INFO - utils.trainer -   ***** Running evaluation on val dataset *****
07/29/2026 10:54:59 - INFO - utils.trainer -   Loss: 0.64769
07/29/2026 10:54:59 - INFO - utils.trainer -   AUC: 0.70811
07/29/2026 10:54:59 - INFO - utils.trainer -   Accuracy: 0.66927
07/29/2026 10:54:59 - INFO - utils.trainer -   Precision: 0.73047
07/29/2026 10:54:59 - INFO - utils.trainer -   Specificity: 0.74206
07/29/2026 10:54:59 - INFO - utils.trainer -   Sensitivity: 0.60616
07/29/2026 10:54:59 - INFO - utils.trainer -   Model saved to output_dir/TimeLLM
07/29/2026 10:54:59 - INFO - utils.trainer -   Best model saved (val_AUC=0.7081)
07/29/2026 10:54:59 - INFO - utils.trainer -   Epoch: 16, Loss: 0.50221, Val loss: 0.64769, Val AUC: 0.7081, Best val AUC: 0.7081, No improve: 0/10, Time: 75.5s
07/29/2026 10:56:15 - INFO - utils.trainer -   ***** Running evaluation on val dataset *****
07/29/2026 10:56:27 - INFO - utils.trainer -   Loss: 0.70855
07/29/2026 10:56:27 - INFO - utils.trainer -   AUC: 0.68483
07/29/2026 10:56:27 - INFO - utils.trainer -   Accuracy: 0.63715
07/29/2026 10:56:27 - INFO - utils.trainer -   Precision: 0.72160
07/29/2026 10:56:27 - INFO - utils.trainer -   Specificity: 0.76636
07/29/2026 10:56:27 - INFO - utils.trainer -   Sensitivity: 0.52512
07/29/2026 10:56:27 - INFO - utils.trainer -   Epoch: 17, Loss: 0.48363, Val loss: 0.70855, Val AUC: 0.6848, Best val AUC: 0.7081, No improve: 1/10, Time: 75.9s
07/29/2026 10:57:44 - INFO - utils.trainer -   ***** Running evaluation on val dataset *****
07/29/2026 10:57:55 - INFO - utils.trainer -   Loss: 0.71763
07/29/2026 10:57:55 - INFO - utils.trainer -   AUC: 0.69975
07/29/2026 10:57:55 - INFO - utils.trainer -   Accuracy: 0.65712
07/29/2026 10:57:55 - INFO - utils.trainer -   Precision: 0.69964
07/29/2026 10:57:55 - INFO - utils.trainer -   Specificity: 0.68785
07/29/2026 10:57:55 - INFO - utils.trainer -   Sensitivity: 0.63047
07/29/2026 10:57:55 - INFO - utils.trainer -   Epoch: 18, Loss: 0.48074, Val loss: 0.71763, Val AUC: 0.6997, Best val AUC: 0.7081, No improve: 2/10, Time: 76.9s
07/29/2026 10:59:11 - INFO - utils.trainer -   ***** Running evaluation on val dataset *****
07/29/2026 10:59:23 - INFO - utils.trainer -   Loss: 0.75845
07/29/2026 10:59:23 - INFO - utils.trainer -   AUC: 0.68309
07/29/2026 10:59:23 - INFO - utils.trainer -   Accuracy: 0.63108
07/29/2026 10:59:23 - INFO - utils.trainer -   Precision: 0.66842
07/29/2026 10:59:23 - INFO - utils.trainer -   Specificity: 0.64673
07/29/2026 10:59:23 - INFO - utils.trainer -   Sensitivity: 0.61750
07/29/2026 10:59:23 - INFO - utils.trainer -   Epoch: 19, Loss: 0.45689, Val loss: 0.75845, Val AUC: 0.6831, Best val AUC: 0.7081, No improve: 3/10, Time: 76.5s
07/29/2026 11:00:38 - INFO - utils.trainer -   ***** Running evaluation on val dataset *****
07/29/2026 11:00:49 - INFO - utils.trainer -   Loss: 0.70185
07/29/2026 11:00:49 - INFO - utils.trainer -   AUC: 0.69515
07/29/2026 11:00:49 - INFO - utils.trainer -   Accuracy: 0.64844
07/29/2026 11:00:49 - INFO - utils.trainer -   Precision: 0.68794
07/29/2026 11:00:49 - INFO - utils.trainer -   Specificity: 0.67103
07/29/2026 11:00:49 - INFO - utils.trainer -   Sensitivity: 0.62885
07/29/2026 11:00:49 - INFO - utils.trainer -   Epoch: 20, Loss: 0.45182, Val loss: 0.70185, Val AUC: 0.6951, Best val AUC: 0.7081, No improve: 4/10, Time: 75.7s
07/29/2026 11:02:05 - INFO - utils.trainer -   ***** Running evaluation on val dataset *****
07/29/2026 11:02:16 - INFO - utils.trainer -   Loss: 0.76762
07/29/2026 11:02:16 - INFO - utils.trainer -   AUC: 0.68681
07/29/2026 11:02:16 - INFO - utils.trainer -   Accuracy: 0.62153
07/29/2026 11:02:16 - INFO - utils.trainer -   Precision: 0.62984
07/29/2026 11:02:16 - INFO - utils.trainer -   Specificity: 0.51776
07/29/2026 11:02:16 - INFO - utils.trainer -   Sensitivity: 0.71151
07/29/2026 11:02:16 - INFO - utils.trainer -   Epoch: 21, Loss: 0.47151, Val loss: 0.76762, Val AUC: 0.6868, Best val AUC: 0.7081, No improve: 5/10, Time: 75.7s
07/29/2026 11:03:32 - INFO - utils.trainer -   ***** Running evaluation on val dataset *****
07/29/2026 11:03:43 - INFO - utils.trainer -   Loss: 0.70252
07/29/2026 11:03:43 - INFO - utils.trainer -   AUC: 0.69520
07/29/2026 11:03:43 - INFO - utils.trainer -   Accuracy: 0.64844
07/29/2026 11:03:43 - INFO - utils.trainer -   Precision: 0.72845
07/29/2026 11:03:43 - INFO - utils.trainer -   Specificity: 0.76449
07/29/2026 11:03:43 - INFO - utils.trainer -   Sensitivity: 0.54781
07/29/2026 11:03:43 - INFO - utils.trainer -   Epoch: 22, Loss: 0.44888, Val loss: 0.70252, Val AUC: 0.6952, Best val AUC: 0.7081, No improve: 6/10, Time: 75.5s
07/29/2026 11:04:59 - INFO - utils.trainer -   ***** Running evaluation on val dataset *****
07/29/2026 11:05:10 - INFO - utils.trainer -   Loss: 0.79887
07/29/2026 11:05:10 - INFO - utils.trainer -   AUC: 0.69139
07/29/2026 11:05:10 - INFO - utils.trainer -   Accuracy: 0.64844
07/29/2026 11:05:10 - INFO - utils.trainer -   Precision: 0.68662
07/29/2026 11:05:10 - INFO - utils.trainer -   Specificity: 0.66729
07/29/2026 11:05:10 - INFO - utils.trainer -   Sensitivity: 0.63209
07/29/2026 11:05:10 - INFO - utils.trainer -   Epoch: 23, Loss: 0.40858, Val loss: 0.79887, Val AUC: 0.6914, Best val AUC: 0.7081, No improve: 7/10, Time: 75.5s
07/29/2026 11:06:26 - INFO - utils.trainer -   ***** Running evaluation on val dataset *****
07/29/2026 11:06:37 - INFO - utils.trainer -   Loss: 0.79376
07/29/2026 11:06:37 - INFO - utils.trainer -   AUC: 0.68669
07/29/2026 11:06:37 - INFO - utils.trainer -   Accuracy: 0.64236
07/29/2026 11:06:37 - INFO - utils.trainer -   Precision: 0.69088
07/29/2026 11:06:37 - INFO - utils.trainer -   Specificity: 0.68972
07/29/2026 11:06:37 - INFO - utils.trainer -   Sensitivity: 0.60130
07/29/2026 11:06:37 - INFO - utils.trainer -   Epoch: 24, Loss: 0.33808, Val loss: 0.79376, Val AUC: 0.6867, Best val AUC: 0.7081, No improve: 8/10, Time: 75.8s
07/29/2026 11:07:53 - INFO - utils.trainer -   ***** Running evaluation on val dataset *****
07/29/2026 11:08:04 - INFO - utils.trainer -   Loss: 0.95369
07/29/2026 11:08:04 - INFO - utils.trainer -   AUC: 0.67533
07/29/2026 11:08:04 - INFO - utils.trainer -   Accuracy: 0.62500
07/29/2026 11:08:04 - INFO - utils.trainer -   Precision: 0.65546
07/29/2026 11:08:04 - INFO - utils.trainer -   Specificity: 0.61682
07/29/2026 11:08:04 - INFO - utils.trainer -   Sensitivity: 0.63209
07/29/2026 11:08:05 - INFO - utils.trainer -   Model saved to output_dir/TimeLLM/checkpoint-epoch-25
07/29/2026 11:08:05 - INFO - utils.trainer -   Checkpoint saved at epoch 25
07/29/2026 11:08:05 - INFO - utils.trainer -   Epoch: 25, Loss: 0.30208, Val loss: 0.95369, Val AUC: 0.6753, Best val AUC: 0.7081, No improve: 9/10, Time: 76.0s
07/29/2026 11:09:21 - INFO - utils.trainer -   ***** Running evaluation on val dataset *****
07/29/2026 11:09:32 - INFO - utils.trainer -   Loss: 0.95751
07/29/2026 11:09:32 - INFO - utils.trainer -   AUC: 0.67561
07/29/2026 11:09:32 - INFO - utils.trainer -   Accuracy: 0.62760
07/29/2026 11:09:32 - INFO - utils.trainer -   Precision: 0.65113
07/29/2026 11:09:32 - INFO - utils.trainer -   Specificity: 0.59439
07/29/2026 11:09:32 - INFO - utils.trainer -   Sensitivity: 0.65640
07/29/2026 11:09:32 - INFO - utils.trainer -   Epoch: 26, Loss: 0.24787, Val loss: 0.95751, Val AUC: 0.6756, Best val AUC: 0.7081, No improve: 10/10, Time: 75.9s
07/29/2026 11:09:32 - INFO - utils.trainer -   Early stopping triggered at epoch 26
07/29/2026 11:09:32 - INFO - utils.trainer -   Early stopping triggered at epoch 26
07/29/2026 11:09:32 - INFO - utils.trainer -   Early stopping triggered at epoch 26
07/29/2026 11:09:32 - INFO - utils.trainer -   Early stopping triggered at epoch 26
07/29/2026 11:09:32 - INFO - utils.trainer -   Early stopping triggered at epoch 26
07/29/2026 11:09:32 - INFO - utils.trainer -   Early stopping triggered at epoch 26
07/29/2026 11:09:32 - INFO - utils.trainer -     582 keys not in checkpoint (kept from init)
07/29/2026 11:09:32 - INFO - utils.trainer -   Model loaded from output_dir/TimeLLM/TimeLLM-0.bin (22/22 keys)
07/29/2026 11:09:32 - INFO - utils.trainer -     582 keys not in checkpoint (kept from init)
07/29/2026 11:09:32 - INFO - utils.trainer -   Model loaded from output_dir/TimeLLM/TimeLLM-0.bin (22/22 keys)
07/29/2026 11:09:32 - INFO - utils.trainer -     582 keys not in checkpoint (kept from init)
07/29/2026 11:09:32 - INFO - utils.trainer -   Model loaded from output_dir/TimeLLM/TimeLLM-0.bin (22/22 keys)
07/29/2026 11:09:32 - INFO - utils.trainer -     582 keys not in checkpoint (kept from init)
07/29/2026 11:09:32 - INFO - utils.trainer -   Model loaded from output_dir/TimeLLM/TimeLLM-0.bin (22/22 keys)
07/29/2026 11:09:32 - INFO - utils.trainer -   ***** Running evaluation on test dataset *****
07/29/2026 11:09:32 - INFO - utils.trainer -     582 keys not in checkpoint (kept from init)
07/29/2026 11:09:32 - INFO - utils.trainer -   Model loaded from output_dir/TimeLLM/TimeLLM-0.bin (22/22 keys)
07/29/2026 11:09:32 - INFO - utils.trainer -     582 keys not in checkpoint (kept from init)
07/29/2026 11:09:32 - INFO - utils.trainer -   Model loaded from output_dir/TimeLLM/TimeLLM-0.bin (22/22 keys)
07/29/2026 11:09:43 - INFO - utils.trainer -   Loss: 0.59790
07/29/2026 11:09:43 - INFO - utils.trainer -   AUC: 0.74475
07/29/2026 11:09:43 - INFO - utils.trainer -   Accuracy: 0.68158
07/29/2026 11:09:43 - INFO - utils.trainer -   Precision: 0.75132
07/29/2026 11:09:43 - INFO - utils.trainer -   Specificity: 0.71341
07/29/2026 11:09:43 - INFO - utils.trainer -   Sensitivity: 0.65741
07/29/2026 11:09:43 - INFO - utils.trainer -   === Best epoch test result ===
07/29/2026 11:09:43 - INFO - utils.trainer -     Loss: 0.59790
07/29/2026 11:09:43 - INFO - utils.trainer -     AUC: 0.74475
07/29/2026 11:09:43 - INFO - utils.trainer -     Accuracy: 0.68158
07/29/2026 11:09:43 - INFO - utils.trainer -     Precision: 0.75132
07/29/2026 11:09:43 - INFO - utils.trainer -     Specificity: 0.71341
07/29/2026 11:09:43 - INFO - utils.trainer -     Sensitivity: 0.65741
07/29/2026 11:09:44 - INFO - utils.trainer -   Model saved to output_dir/TimeLLM/final-epoch-200
07/29/2026 11:09:44 - INFO - utils.trainer -   Final model saved at epoch 200
