08/10/2026 23:45:05 - INFO - __main__ -   ########## Repeat:0 ##########
08/10/2026 23:45:05 - INFO - utils.trainer -   ***** Running training *****
08/10/2026 23:45:05 - INFO - utils.trainer -     Num examples = 296
08/10/2026 23:45:05 - INFO - utils.trainer -     Num Epochs = 200
08/10/2026 23:45:05 - INFO - utils.trainer -     Total train batch size = 2
08/10/2026 23:45:05 - INFO - utils.trainer -     warmup steps = 400
08/10/2026 23:45:05 - INFO - utils.trainer -     Total optimization steps = 59200
08/10/2026 23:45:05 - INFO - utils.trainer -     Save steps = 25
08/10/2026 23:46:32 - INFO - utils.trainer -   ***** Running evaluation on val dataset *****
08/10/2026 23:46:39 - INFO - utils.trainer -   Loss: 0.81419
08/10/2026 23:46:39 - INFO - utils.trainer -   AUC: 0.65849
08/10/2026 23:46:39 - INFO - utils.trainer -   Accuracy: 0.60887
08/10/2026 23:46:39 - INFO - utils.trainer -   Precision: 0.69858
08/10/2026 23:46:39 - INFO - utils.trainer -   Specificity: 0.75073
08/10/2026 23:46:39 - INFO - utils.trainer -   Sensitivity: 0.48883
08/10/2026 23:46:40 - INFO - utils.trainer -   Model saved to output_dir/TimeLLM_DiseaseCAUEEG_train
08/10/2026 23:46:40 - INFO - utils.trainer -   Best model saved (val_AUC=0.6585)
08/10/2026 23:46:40 - INFO - utils.trainer -   Epoch: 1, Loss: 1.05679, Val loss: 0.81419, Val AUC: 0.6585, Best val AUC: 0.6585, No improve: 0/10, Time: 87.1s
08/10/2026 23:48:06 - INFO - utils.trainer -   ***** Running evaluation on val dataset *****
08/10/2026 23:48:14 - INFO - utils.trainer -   Loss: 0.69719
08/10/2026 23:48:14 - INFO - utils.trainer -   AUC: 0.72371
08/10/2026 23:48:14 - INFO - utils.trainer -   Accuracy: 0.68548
08/10/2026 23:48:14 - INFO - utils.trainer -   Precision: 0.67641
08/10/2026 23:48:14 - INFO - utils.trainer -   Specificity: 0.54545
08/10/2026 23:48:14 - INFO - utils.trainer -   Sensitivity: 0.80397
08/10/2026 23:48:15 - INFO - utils.trainer -   Model saved to output_dir/TimeLLM_DiseaseCAUEEG_train
08/10/2026 23:48:15 - INFO - utils.trainer -   Best model saved (val_AUC=0.7237)
08/10/2026 23:48:15 - INFO - utils.trainer -   Epoch: 2, Loss: 0.78087, Val loss: 0.69719, Val AUC: 0.7237, Best val AUC: 0.7237, No improve: 0/10, Time: 86.0s
08/10/2026 23:49:41 - INFO - utils.trainer -   ***** Running evaluation on val dataset *****
08/10/2026 23:49:48 - INFO - utils.trainer -   Loss: 0.72954
08/10/2026 23:49:48 - INFO - utils.trainer -   AUC: 0.71150
08/10/2026 23:49:48 - INFO - utils.trainer -   Accuracy: 0.62634
08/10/2026 23:49:48 - INFO - utils.trainer -   Precision: 0.71478
08/10/2026 23:49:48 - INFO - utils.trainer -   Specificity: 0.75660
08/10/2026 23:49:48 - INFO - utils.trainer -   Sensitivity: 0.51613
08/10/2026 23:49:48 - INFO - utils.trainer -   Epoch: 3, Loss: 0.67087, Val loss: 0.72954, Val AUC: 0.7115, Best val AUC: 0.7237, No improve: 1/10, Time: 85.9s
08/10/2026 23:51:14 - INFO - utils.trainer -   ***** Running evaluation on val dataset *****
08/10/2026 23:51:21 - INFO - utils.trainer -   Loss: 0.77735
08/10/2026 23:51:21 - INFO - utils.trainer -   AUC: 0.70548
08/10/2026 23:51:21 - INFO - utils.trainer -   Accuracy: 0.63038
08/10/2026 23:51:21 - INFO - utils.trainer -   Precision: 0.75197
08/10/2026 23:51:21 - INFO - utils.trainer -   Specificity: 0.81525
08/10/2026 23:51:21 - INFO - utils.trainer -   Sensitivity: 0.47395
08/10/2026 23:51:21 - INFO - utils.trainer -   Epoch: 4, Loss: 0.60529, Val loss: 0.77735, Val AUC: 0.7055, Best val AUC: 0.7237, No improve: 2/10, Time: 86.0s
08/10/2026 23:52:47 - INFO - utils.trainer -   ***** Running evaluation on val dataset *****
08/10/2026 23:52:55 - INFO - utils.trainer -   Loss: 0.76671
08/10/2026 23:52:55 - INFO - utils.trainer -   AUC: 0.74005
08/10/2026 23:52:55 - INFO - utils.trainer -   Accuracy: 0.68414
08/10/2026 23:52:55 - INFO - utils.trainer -   Precision: 0.73333
08/10/2026 23:52:55 - INFO - utils.trainer -   Specificity: 0.71848
08/10/2026 23:52:55 - INFO - utils.trainer -   Sensitivity: 0.65509
08/10/2026 23:52:56 - INFO - utils.trainer -   Model saved to output_dir/TimeLLM_DiseaseCAUEEG_train
08/10/2026 23:52:56 - INFO - utils.trainer -   Best model saved (val_AUC=0.7401)
08/10/2026 23:52:56 - INFO - utils.trainer -   Epoch: 5, Loss: 0.55440, Val loss: 0.76671, Val AUC: 0.7401, Best val AUC: 0.7401, No improve: 0/10, Time: 85.8s
08/10/2026 23:54:22 - INFO - utils.trainer -   ***** Running evaluation on val dataset *****
08/10/2026 23:54:29 - INFO - utils.trainer -   Loss: 0.73214
08/10/2026 23:54:29 - INFO - utils.trainer -   AUC: 0.74088
08/10/2026 23:54:29 - INFO - utils.trainer -   Accuracy: 0.69624
08/10/2026 23:54:29 - INFO - utils.trainer -   Precision: 0.72868
08/10/2026 23:54:29 - INFO - utils.trainer -   Specificity: 0.69208
08/10/2026 23:54:29 - INFO - utils.trainer -   Sensitivity: 0.69975
08/10/2026 23:54:29 - INFO - utils.trainer -   Epoch: 6, Loss: 0.52087, Val loss: 0.73214, Val AUC: 0.7409, Best val AUC: 0.7401, No improve: 1/10, Time: 86.0s
08/10/2026 23:55:55 - INFO - utils.trainer -   ***** Running evaluation on val dataset *****
08/10/2026 23:56:02 - INFO - utils.trainer -   Loss: 0.77031
08/10/2026 23:56:02 - INFO - utils.trainer -   AUC: 0.74787
08/10/2026 23:56:02 - INFO - utils.trainer -   Accuracy: 0.67608
08/10/2026 23:56:02 - INFO - utils.trainer -   Precision: 0.74847
08/10/2026 23:56:02 - INFO - utils.trainer -   Specificity: 0.75953
08/10/2026 23:56:02 - INFO - utils.trainer -   Sensitivity: 0.60546
08/10/2026 23:56:03 - INFO - utils.trainer -   Model saved to output_dir/TimeLLM_DiseaseCAUEEG_train
08/10/2026 23:56:03 - INFO - utils.trainer -   Best model saved (val_AUC=0.7479)
08/10/2026 23:56:03 - INFO - utils.trainer -   Epoch: 7, Loss: 0.49558, Val loss: 0.77031, Val AUC: 0.7479, Best val AUC: 0.7479, No improve: 0/10, Time: 85.8s
08/10/2026 23:57:29 - INFO - utils.trainer -   ***** Running evaluation on val dataset *****
08/10/2026 23:57:36 - INFO - utils.trainer -   Loss: 0.89714
08/10/2026 23:57:36 - INFO - utils.trainer -   AUC: 0.72636
08/10/2026 23:57:36 - INFO - utils.trainer -   Accuracy: 0.64651
08/10/2026 23:57:36 - INFO - utils.trainer -   Precision: 0.74138
08/10/2026 23:57:36 - INFO - utils.trainer -   Specificity: 0.78006
08/10/2026 23:57:36 - INFO - utils.trainer -   Sensitivity: 0.53350
08/10/2026 23:57:36 - INFO - utils.trainer -   Epoch: 8, Loss: 0.38114, Val loss: 0.89714, Val AUC: 0.7264, Best val AUC: 0.7479, No improve: 1/10, Time: 85.8s
08/10/2026 23:59:03 - INFO - utils.trainer -   ***** Running evaluation on val dataset *****
08/10/2026 23:59:10 - INFO - utils.trainer -   Loss: 0.84871
08/10/2026 23:59:10 - INFO - utils.trainer -   AUC: 0.73598
08/10/2026 23:59:10 - INFO - utils.trainer -   Accuracy: 0.67070
08/10/2026 23:59:10 - INFO - utils.trainer -   Precision: 0.72191
08/10/2026 23:59:10 - INFO - utils.trainer -   Specificity: 0.70968
08/10/2026 23:59:10 - INFO - utils.trainer -   Sensitivity: 0.63772
08/10/2026 23:59:10 - INFO - utils.trainer -   Epoch: 9, Loss: 0.35307, Val loss: 0.84871, Val AUC: 0.7360, Best val AUC: 0.7479, No improve: 2/10, Time: 86.9s
08/11/2026 00:00:36 - INFO - utils.trainer -   ***** Running evaluation on val dataset *****
08/11/2026 00:00:43 - INFO - utils.trainer -   Loss: 0.98125
08/11/2026 00:00:43 - INFO - utils.trainer -   AUC: 0.70752
08/11/2026 00:00:43 - INFO - utils.trainer -   Accuracy: 0.65457
08/11/2026 00:00:43 - INFO - utils.trainer -   Precision: 0.66441
08/11/2026 00:00:43 - INFO - utils.trainer -   Specificity: 0.56305
08/11/2026 00:00:43 - INFO - utils.trainer -   Sensitivity: 0.73201
08/11/2026 00:00:43 - INFO - utils.trainer -   Epoch: 10, Loss: 0.27527, Val loss: 0.98125, Val AUC: 0.7075, Best val AUC: 0.7479, No improve: 3/10, Time: 85.9s
08/11/2026 00:02:09 - INFO - utils.trainer -   ***** Running evaluation on val dataset *****
08/11/2026 00:02:16 - INFO - utils.trainer -   Loss: 1.08800
08/11/2026 00:02:16 - INFO - utils.trainer -   AUC: 0.72051
08/11/2026 00:02:16 - INFO - utils.trainer -   Accuracy: 0.66263
08/11/2026 00:02:16 - INFO - utils.trainer -   Precision: 0.66170
08/11/2026 00:02:16 - INFO - utils.trainer -   Specificity: 0.53372
08/11/2026 00:02:16 - INFO - utils.trainer -   Sensitivity: 0.77171
08/11/2026 00:02:16 - INFO - utils.trainer -   Epoch: 11, Loss: 0.28432, Val loss: 1.08800, Val AUC: 0.7205, Best val AUC: 0.7479, No improve: 4/10, Time: 85.6s
08/11/2026 00:03:42 - INFO - utils.trainer -   ***** Running evaluation on val dataset *****
08/11/2026 00:03:49 - INFO - utils.trainer -   Loss: 1.06438
08/11/2026 00:03:49 - INFO - utils.trainer -   AUC: 0.73718
08/11/2026 00:03:49 - INFO - utils.trainer -   Accuracy: 0.67742
08/11/2026 00:03:49 - INFO - utils.trainer -   Precision: 0.72829
08/11/2026 00:03:49 - INFO - utils.trainer -   Specificity: 0.71554
08/11/2026 00:03:49 - INFO - utils.trainer -   Sensitivity: 0.64516
08/11/2026 00:03:49 - INFO - utils.trainer -   Epoch: 12, Loss: 0.25695, Val loss: 1.06438, Val AUC: 0.7372, Best val AUC: 0.7479, No improve: 5/10, Time: 85.8s
08/11/2026 00:05:15 - INFO - utils.trainer -   ***** Running evaluation on val dataset *****
08/11/2026 00:05:23 - INFO - utils.trainer -   Loss: 1.18357
08/11/2026 00:05:23 - INFO - utils.trainer -   AUC: 0.71435
08/11/2026 00:05:23 - INFO - utils.trainer -   Accuracy: 0.67608
08/11/2026 00:05:23 - INFO - utils.trainer -   Precision: 0.69104
08/11/2026 00:05:23 - INFO - utils.trainer -   Specificity: 0.61584
08/11/2026 00:05:23 - INFO - utils.trainer -   Sensitivity: 0.72705
08/11/2026 00:05:23 - INFO - utils.trainer -   Epoch: 13, Loss: 0.21741, Val loss: 1.18357, Val AUC: 0.7143, Best val AUC: 0.7479, No improve: 6/10, Time: 86.0s
08/11/2026 00:06:48 - INFO - utils.trainer -   ***** Running evaluation on val dataset *****
08/11/2026 00:06:56 - INFO - utils.trainer -   Loss: 1.33963
08/11/2026 00:06:56 - INFO - utils.trainer -   AUC: 0.71144
08/11/2026 00:06:56 - INFO - utils.trainer -   Accuracy: 0.66801
08/11/2026 00:06:56 - INFO - utils.trainer -   Precision: 0.68140
08/11/2026 00:06:56 - INFO - utils.trainer -   Specificity: 0.59824
08/11/2026 00:06:56 - INFO - utils.trainer -   Sensitivity: 0.72705
08/11/2026 00:06:56 - INFO - utils.trainer -   Epoch: 14, Loss: 0.18071, Val loss: 1.33963, Val AUC: 0.7114, Best val AUC: 0.7479, No improve: 7/10, Time: 85.9s
08/11/2026 00:08:22 - INFO - utils.trainer -   ***** Running evaluation on val dataset *****
08/11/2026 00:08:29 - INFO - utils.trainer -   Loss: 1.50207
08/11/2026 00:08:29 - INFO - utils.trainer -   AUC: 0.70673
08/11/2026 00:08:29 - INFO - utils.trainer -   Accuracy: 0.63575
08/11/2026 00:08:29 - INFO - utils.trainer -   Precision: 0.73913
08/11/2026 00:08:29 - INFO - utils.trainer -   Specificity: 0.78886
08/11/2026 00:08:29 - INFO - utils.trainer -   Sensitivity: 0.50620
08/11/2026 00:08:29 - INFO - utils.trainer -   Epoch: 15, Loss: 0.21258, Val loss: 1.50207, Val AUC: 0.7067, Best val AUC: 0.7479, No improve: 8/10, Time: 85.8s
08/11/2026 00:09:55 - INFO - utils.trainer -   ***** Running evaluation on val dataset *****
08/11/2026 00:10:03 - INFO - utils.trainer -   Loss: 1.62058
08/11/2026 00:10:03 - INFO - utils.trainer -   AUC: 0.69550
08/11/2026 00:10:03 - INFO - utils.trainer -   Accuracy: 0.64651
08/11/2026 00:10:03 - INFO - utils.trainer -   Precision: 0.74823
08/11/2026 00:10:03 - INFO - utils.trainer -   Specificity: 0.79179
08/11/2026 00:10:03 - INFO - utils.trainer -   Sensitivity: 0.52357
08/11/2026 00:10:03 - INFO - utils.trainer -   Epoch: 16, Loss: 0.15550, Val loss: 1.62058, Val AUC: 0.6955, Best val AUC: 0.7479, No improve: 9/10, Time: 86.1s
08/11/2026 00:11:29 - INFO - utils.trainer -   ***** Running evaluation on val dataset *****
08/11/2026 00:11:36 - INFO - utils.trainer -   Loss: 1.38500
08/11/2026 00:11:36 - INFO - utils.trainer -   AUC: 0.73739
08/11/2026 00:11:36 - INFO - utils.trainer -   Accuracy: 0.68414
08/11/2026 00:11:36 - INFO - utils.trainer -   Precision: 0.74419
08/11/2026 00:11:36 - INFO - utils.trainer -   Specificity: 0.74194
08/11/2026 00:11:36 - INFO - utils.trainer -   Sensitivity: 0.63524
08/11/2026 00:11:36 - INFO - utils.trainer -   Epoch: 17, Loss: 0.15456, Val loss: 1.38500, Val AUC: 0.7374, Best val AUC: 0.7479, No improve: 10/10, Time: 86.4s
08/11/2026 00:11:36 - INFO - utils.trainer -   Early stopping triggered at epoch 17
08/11/2026 00:11:36 - INFO - utils.trainer -   Early stopping triggered at epoch 17
08/11/2026 00:11:36 - INFO - utils.trainer -   Early stopping triggered at epoch 17
08/11/2026 00:11:36 - INFO - utils.trainer -   Early stopping triggered at epoch 17
08/11/2026 00:11:36 - INFO - utils.trainer -   Early stopping triggered at epoch 17
08/11/2026 00:11:36 - INFO - utils.trainer -   Early stopping triggered at epoch 17
08/11/2026 00:11:36 - INFO - utils.trainer -     2 prompt-buffer key(s) skipped (kept target-dataset prompt)
08/11/2026 00:11:36 - INFO - utils.trainer -     710 keys not in checkpoint (kept from init)
08/11/2026 00:11:36 - INFO - utils.trainer -   Model loaded from output_dir/TimeLLM_DiseaseCAUEEG_train/TimeLLM-0.bin (149/151 keys)
08/11/2026 00:11:36 - INFO - utils.trainer -   ***** Running evaluation on test dataset *****
08/11/2026 00:11:37 - INFO - utils.trainer -     2 prompt-buffer key(s) skipped (kept target-dataset prompt)
08/11/2026 00:11:37 - INFO - utils.trainer -     710 keys not in checkpoint (kept from init)
08/11/2026 00:11:37 - INFO - utils.trainer -   Model loaded from output_dir/TimeLLM_DiseaseCAUEEG_train/TimeLLM-0.bin (149/151 keys)
08/11/2026 00:11:37 - INFO - utils.trainer -     2 prompt-buffer key(s) skipped (kept target-dataset prompt)
08/11/2026 00:11:37 - INFO - utils.trainer -     710 keys not in checkpoint (kept from init)
08/11/2026 00:11:37 - INFO - utils.trainer -   Model loaded from output_dir/TimeLLM_DiseaseCAUEEG_train/TimeLLM-0.bin (149/151 keys)
08/11/2026 00:11:37 - INFO - utils.trainer -     2 prompt-buffer key(s) skipped (kept target-dataset prompt)
08/11/2026 00:11:37 - INFO - utils.trainer -     710 keys not in checkpoint (kept from init)
08/11/2026 00:11:37 - INFO - utils.trainer -   Model loaded from output_dir/TimeLLM_DiseaseCAUEEG_train/TimeLLM-0.bin (149/151 keys)
08/11/2026 00:11:37 - INFO - utils.trainer -     2 prompt-buffer key(s) skipped (kept target-dataset prompt)
08/11/2026 00:11:37 - INFO - utils.trainer -     710 keys not in checkpoint (kept from init)
08/11/2026 00:11:37 - INFO - utils.trainer -   Model loaded from output_dir/TimeLLM_DiseaseCAUEEG_train/TimeLLM-0.bin (149/151 keys)
08/11/2026 00:11:37 - INFO - utils.trainer -     2 prompt-buffer key(s) skipped (kept target-dataset prompt)
08/11/2026 00:11:37 - INFO - utils.trainer -     710 keys not in checkpoint (kept from init)
08/11/2026 00:11:37 - INFO - utils.trainer -   Model loaded from output_dir/TimeLLM_DiseaseCAUEEG_train/TimeLLM-0.bin (149/151 keys)
08/11/2026 00:11:44 - INFO - utils.trainer -   Loss: 0.69474
08/11/2026 00:11:44 - INFO - utils.trainer -   AUC: 0.75753
08/11/2026 00:11:44 - INFO - utils.trainer -   Accuracy: 0.69231
08/11/2026 00:11:44 - INFO - utils.trainer -   Precision: 0.68401
08/11/2026 00:11:44 - INFO - utils.trainer -   Specificity: 0.80726
08/11/2026 00:11:44 - INFO - utils.trainer -   Sensitivity: 0.54277
08/11/2026 00:11:44 - INFO - utils.trainer -   === Best epoch test result ===
08/11/2026 00:11:44 - INFO - utils.trainer -     Loss: 0.69474
08/11/2026 00:11:44 - INFO - utils.trainer -     AUC: 0.75753
08/11/2026 00:11:44 - INFO - utils.trainer -     Accuracy: 0.69231
08/11/2026 00:11:44 - INFO - utils.trainer -     Precision: 0.68401
08/11/2026 00:11:44 - INFO - utils.trainer -     Specificity: 0.80726
08/11/2026 00:11:44 - INFO - utils.trainer -     Sensitivity: 0.54277
08/11/2026 00:11:45 - INFO - utils.trainer -   Model saved to output_dir/TimeLLM_DiseaseCAUEEG_train/final-epoch-200
08/11/2026 00:11:45 - INFO - utils.trainer -   Final model saved at epoch 200
