08/20/2026 19:22:22 - INFO - __main__ -   ########## Repeat:0 ##########
08/20/2026 19:22:22 - INFO - utils.trainer -   ***** Running training *****
08/20/2026 19:22:22 - INFO - utils.trainer -     Num examples = 161
08/20/2026 19:22:22 - INFO - utils.trainer -     Num Epochs = 200
08/20/2026 19:22:22 - INFO - utils.trainer -     Total train batch size = 4
08/20/2026 19:22:22 - INFO - utils.trainer -     warmup steps = 400
08/20/2026 19:22:22 - INFO - utils.trainer -     Total optimization steps = 32200
08/20/2026 19:22:22 - INFO - utils.trainer -     Save steps = 25
08/20/2026 19:23:14 - INFO - utils.trainer -   ***** Running regression evaluation on val0 dataset *****
08/20/2026 19:23:19 - INFO - utils.trainer -   Loss: 0.01879
08/20/2026 19:23:19 - INFO - utils.trainer -   MSE: 199.65906
08/20/2026 19:23:19 - INFO - utils.trainer -   MAE: 11.88556
08/20/2026 19:23:19 - INFO - utils.trainer -   RMSE: 14.13008
08/20/2026 19:23:19 - INFO - utils.trainer -   R2: -0.80024
08/20/2026 19:23:19 - INFO - utils.trainer -   PearsonR: 0.04321
08/20/2026 19:23:20 - INFO - utils.trainer -   Model saved to output_dir/TimeLLM_AgeCAUEEG_train
08/20/2026 19:23:20 - INFO - utils.trainer -   Best model saved (val_Loss=0.0188)
08/20/2026 19:23:20 - INFO - utils.trainer -   Epoch: 1, Loss: 0.07300, Val loss: 0.01879, Val Loss: 0.0188, Best val Loss: 0.0188, No improve: 0/10, Time: 51.9s
08/20/2026 19:24:12 - INFO - utils.trainer -   ***** Running regression evaluation on val0 dataset *****
08/20/2026 19:24:18 - INFO - utils.trainer -   Loss: 0.01159
08/20/2026 19:24:18 - INFO - utils.trainer -   MSE: 123.14233
08/20/2026 19:24:18 - INFO - utils.trainer -   MAE: 9.13147
08/20/2026 19:24:18 - INFO - utils.trainer -   RMSE: 11.09695
08/20/2026 19:24:18 - INFO - utils.trainer -   R2: -0.11032
08/20/2026 19:24:18 - INFO - utils.trainer -   PearsonR: -0.04033
08/20/2026 19:24:19 - INFO - utils.trainer -   Model saved to output_dir/TimeLLM_AgeCAUEEG_train
08/20/2026 19:24:19 - INFO - utils.trainer -   Best model saved (val_Loss=0.0116)
08/20/2026 19:24:19 - INFO - utils.trainer -   Epoch: 2, Loss: 0.03419, Val loss: 0.01159, Val Loss: 0.0116, Best val Loss: 0.0116, No improve: 0/10, Time: 52.3s
08/20/2026 19:25:11 - INFO - utils.trainer -   ***** Running regression evaluation on val0 dataset *****
08/20/2026 19:25:16 - INFO - utils.trainer -   Loss: 0.01375
08/20/2026 19:25:16 - INFO - utils.trainer -   MSE: 145.86551
08/20/2026 19:25:16 - INFO - utils.trainer -   MAE: 10.03214
08/20/2026 19:25:16 - INFO - utils.trainer -   RMSE: 12.07748
08/20/2026 19:25:16 - INFO - utils.trainer -   R2: -0.31520
08/20/2026 19:25:16 - INFO - utils.trainer -   PearsonR: 0.09104
08/20/2026 19:25:16 - INFO - utils.trainer -   Epoch: 3, Loss: 0.03719, Val loss: 0.01375, Val Loss: 0.0137, Best val Loss: 0.0116, No improve: 1/10, Time: 51.7s
08/20/2026 19:26:08 - INFO - utils.trainer -   ***** Running regression evaluation on val0 dataset *****
08/20/2026 19:26:13 - INFO - utils.trainer -   Loss: 0.01079
08/20/2026 19:26:13 - INFO - utils.trainer -   MSE: 114.47599
08/20/2026 19:26:13 - INFO - utils.trainer -   MAE: 8.78024
08/20/2026 19:26:13 - INFO - utils.trainer -   RMSE: 10.69935
08/20/2026 19:26:13 - INFO - utils.trainer -   R2: -0.03218
08/20/2026 19:26:13 - INFO - utils.trainer -   PearsonR: 0.22255
08/20/2026 19:26:14 - INFO - utils.trainer -   Model saved to output_dir/TimeLLM_AgeCAUEEG_train
08/20/2026 19:26:14 - INFO - utils.trainer -   Best model saved (val_Loss=0.0108)
08/20/2026 19:26:14 - INFO - utils.trainer -   Epoch: 4, Loss: 0.03977, Val loss: 0.01079, Val Loss: 0.0108, Best val Loss: 0.0108, No improve: 0/10, Time: 51.5s
08/20/2026 19:27:06 - INFO - utils.trainer -   ***** Running regression evaluation on val0 dataset *****
08/20/2026 19:27:11 - INFO - utils.trainer -   Loss: 0.01705
08/20/2026 19:27:11 - INFO - utils.trainer -   MSE: 181.09505
08/20/2026 19:27:11 - INFO - utils.trainer -   MAE: 11.23518
08/20/2026 19:27:11 - INFO - utils.trainer -   RMSE: 13.45716
08/20/2026 19:27:11 - INFO - utils.trainer -   R2: -0.63285
08/20/2026 19:27:11 - INFO - utils.trainer -   PearsonR: 0.18289
08/20/2026 19:27:11 - INFO - utils.trainer -   Epoch: 5, Loss: 0.04007, Val loss: 0.01705, Val Loss: 0.0171, Best val Loss: 0.0108, No improve: 1/10, Time: 51.6s
08/20/2026 19:28:03 - INFO - utils.trainer -   ***** Running regression evaluation on val0 dataset *****
08/20/2026 19:28:08 - INFO - utils.trainer -   Loss: 0.01454
08/20/2026 19:28:08 - INFO - utils.trainer -   MSE: 154.37601
08/20/2026 19:28:08 - INFO - utils.trainer -   MAE: 10.32568
08/20/2026 19:28:08 - INFO - utils.trainer -   RMSE: 12.42481
08/20/2026 19:28:08 - INFO - utils.trainer -   R2: -0.39194
08/20/2026 19:28:08 - INFO - utils.trainer -   PearsonR: 0.29523
08/20/2026 19:28:08 - INFO - utils.trainer -   Epoch: 6, Loss: 0.03850, Val loss: 0.01454, Val Loss: 0.0145, Best val Loss: 0.0108, No improve: 2/10, Time: 51.5s
08/20/2026 19:29:00 - INFO - utils.trainer -   ***** Running regression evaluation on val0 dataset *****
08/20/2026 19:29:05 - INFO - utils.trainer -   Loss: 0.01075
08/20/2026 19:29:05 - INFO - utils.trainer -   MSE: 114.03496
08/20/2026 19:29:05 - INFO - utils.trainer -   MAE: 8.69841
08/20/2026 19:29:05 - INFO - utils.trainer -   RMSE: 10.67872
08/20/2026 19:29:05 - INFO - utils.trainer -   R2: -0.02820
08/20/2026 19:29:05 - INFO - utils.trainer -   PearsonR: 0.25557
08/20/2026 19:29:06 - INFO - utils.trainer -   Model saved to output_dir/TimeLLM_AgeCAUEEG_train
08/20/2026 19:29:06 - INFO - utils.trainer -   Best model saved (val_Loss=0.0107)
08/20/2026 19:29:06 - INFO - utils.trainer -   Epoch: 7, Loss: 0.03564, Val loss: 0.01075, Val Loss: 0.0107, Best val Loss: 0.0107, No improve: 0/10, Time: 52.3s
08/20/2026 19:29:58 - INFO - utils.trainer -   ***** Running regression evaluation on val0 dataset *****
08/20/2026 19:30:04 - INFO - utils.trainer -   Loss: 0.01195
08/20/2026 19:30:04 - INFO - utils.trainer -   MSE: 126.86699
08/20/2026 19:30:04 - INFO - utils.trainer -   MAE: 9.31081
08/20/2026 19:30:04 - INFO - utils.trainer -   RMSE: 11.26353
08/20/2026 19:30:04 - INFO - utils.trainer -   R2: -0.14390
08/20/2026 19:30:04 - INFO - utils.trainer -   PearsonR: 0.26979
08/20/2026 19:30:04 - INFO - utils.trainer -   Epoch: 8, Loss: 0.03562, Val loss: 0.01195, Val Loss: 0.0120, Best val Loss: 0.0107, No improve: 1/10, Time: 51.7s
08/20/2026 19:30:55 - INFO - utils.trainer -   ***** Running regression evaluation on val0 dataset *****
08/20/2026 19:31:00 - INFO - utils.trainer -   Loss: 0.01236
08/20/2026 19:31:00 - INFO - utils.trainer -   MSE: 131.07571
08/20/2026 19:31:00 - INFO - utils.trainer -   MAE: 9.47399
08/20/2026 19:31:00 - INFO - utils.trainer -   RMSE: 11.44883
08/20/2026 19:31:00 - INFO - utils.trainer -   R2: -0.18185
08/20/2026 19:31:00 - INFO - utils.trainer -   PearsonR: 0.30043
08/20/2026 19:31:00 - INFO - utils.trainer -   Epoch: 9, Loss: 0.03175, Val loss: 0.01236, Val Loss: 0.0124, Best val Loss: 0.0107, No improve: 2/10, Time: 51.5s
08/20/2026 19:31:52 - INFO - utils.trainer -   ***** Running regression evaluation on val0 dataset *****
08/20/2026 19:31:58 - INFO - utils.trainer -   Loss: 0.01052
08/20/2026 19:31:58 - INFO - utils.trainer -   MSE: 111.61890
08/20/2026 19:31:58 - INFO - utils.trainer -   MAE: 8.67300
08/20/2026 19:31:58 - INFO - utils.trainer -   RMSE: 10.56498
08/20/2026 19:31:58 - INFO - utils.trainer -   R2: -0.00642
08/20/2026 19:31:58 - INFO - utils.trainer -   PearsonR: 0.36805
08/20/2026 19:31:58 - INFO - utils.trainer -   Model saved to output_dir/TimeLLM_AgeCAUEEG_train
08/20/2026 19:31:58 - INFO - utils.trainer -   Best model saved (val_Loss=0.0105)
08/20/2026 19:31:58 - INFO - utils.trainer -   Epoch: 10, Loss: 0.03413, Val loss: 0.01052, Val Loss: 0.0105, Best val Loss: 0.0105, No improve: 0/10, Time: 51.7s
08/20/2026 19:32:50 - INFO - utils.trainer -   ***** Running regression evaluation on val0 dataset *****
08/20/2026 19:32:55 - INFO - utils.trainer -   Loss: 0.00985
08/20/2026 19:32:55 - INFO - utils.trainer -   MSE: 104.55824
08/20/2026 19:32:55 - INFO - utils.trainer -   MAE: 8.09247
08/20/2026 19:32:55 - INFO - utils.trainer -   RMSE: 10.22537
08/20/2026 19:32:55 - INFO - utils.trainer -   R2: 0.05725
08/20/2026 19:32:55 - INFO - utils.trainer -   PearsonR: 0.34772
08/20/2026 19:32:56 - INFO - utils.trainer -   Model saved to output_dir/TimeLLM_AgeCAUEEG_train
08/20/2026 19:32:56 - INFO - utils.trainer -   Best model saved (val_Loss=0.0098)
08/20/2026 19:32:56 - INFO - utils.trainer -   Epoch: 11, Loss: 0.03671, Val loss: 0.00985, Val Loss: 0.0098, Best val Loss: 0.0098, No improve: 0/10, Time: 51.5s
08/20/2026 19:33:48 - INFO - utils.trainer -   ***** Running regression evaluation on val0 dataset *****
08/20/2026 19:33:54 - INFO - utils.trainer -   Loss: 0.00917
08/20/2026 19:33:54 - INFO - utils.trainer -   MSE: 96.93068
08/20/2026 19:33:54 - INFO - utils.trainer -   MAE: 7.92497
08/20/2026 19:33:54 - INFO - utils.trainer -   RMSE: 9.84534
08/20/2026 19:33:54 - INFO - utils.trainer -   R2: 0.12602
08/20/2026 19:33:54 - INFO - utils.trainer -   PearsonR: 0.35537
08/20/2026 19:33:55 - INFO - utils.trainer -   Model saved to output_dir/TimeLLM_AgeCAUEEG_train
08/20/2026 19:33:55 - INFO - utils.trainer -   Best model saved (val_Loss=0.0092)
08/20/2026 19:33:55 - INFO - utils.trainer -   Epoch: 12, Loss: 0.03234, Val loss: 0.00917, Val Loss: 0.0092, Best val Loss: 0.0092, No improve: 0/10, Time: 51.8s
08/20/2026 19:34:46 - INFO - utils.trainer -   ***** Running regression evaluation on val0 dataset *****
08/20/2026 19:34:52 - INFO - utils.trainer -   Loss: 0.00951
08/20/2026 19:34:52 - INFO - utils.trainer -   MSE: 100.86121
08/20/2026 19:34:52 - INFO - utils.trainer -   MAE: 8.17362
08/20/2026 19:34:52 - INFO - utils.trainer -   RMSE: 10.04297
08/20/2026 19:34:52 - INFO - utils.trainer -   R2: 0.09058
08/20/2026 19:34:52 - INFO - utils.trainer -   PearsonR: 0.38642
08/20/2026 19:34:52 - INFO - utils.trainer -   Epoch: 13, Loss: 0.02942, Val loss: 0.00951, Val Loss: 0.0095, Best val Loss: 0.0092, No improve: 1/10, Time: 51.6s
08/20/2026 19:35:43 - INFO - utils.trainer -   ***** Running regression evaluation on val0 dataset *****
08/20/2026 19:35:49 - INFO - utils.trainer -   Loss: 0.01222
08/20/2026 19:35:49 - INFO - utils.trainer -   MSE: 129.25160
08/20/2026 19:35:49 - INFO - utils.trainer -   MAE: 9.34302
08/20/2026 19:35:49 - INFO - utils.trainer -   RMSE: 11.36889
08/20/2026 19:35:49 - INFO - utils.trainer -   R2: -0.16540
08/20/2026 19:35:49 - INFO - utils.trainer -   PearsonR: 0.39961
08/20/2026 19:35:49 - INFO - utils.trainer -   Epoch: 14, Loss: 0.03077, Val loss: 0.01222, Val Loss: 0.0122, Best val Loss: 0.0092, No improve: 2/10, Time: 51.5s
08/20/2026 19:36:41 - INFO - utils.trainer -   ***** Running regression evaluation on val0 dataset *****
08/20/2026 19:36:46 - INFO - utils.trainer -   Loss: 0.01112
08/20/2026 19:36:46 - INFO - utils.trainer -   MSE: 117.93814
08/20/2026 19:36:46 - INFO - utils.trainer -   MAE: 8.96552
08/20/2026 19:36:46 - INFO - utils.trainer -   RMSE: 10.85993
08/20/2026 19:36:46 - INFO - utils.trainer -   R2: -0.06340
08/20/2026 19:36:46 - INFO - utils.trainer -   PearsonR: 0.36708
08/20/2026 19:36:46 - INFO - utils.trainer -   Epoch: 15, Loss: 0.02849, Val loss: 0.01112, Val Loss: 0.0111, Best val Loss: 0.0092, No improve: 3/10, Time: 51.9s
08/20/2026 19:37:38 - INFO - utils.trainer -   ***** Running regression evaluation on val0 dataset *****
08/20/2026 19:37:43 - INFO - utils.trainer -   Loss: 0.00977
08/20/2026 19:37:43 - INFO - utils.trainer -   MSE: 103.53815
08/20/2026 19:37:43 - INFO - utils.trainer -   MAE: 8.35815
08/20/2026 19:37:43 - INFO - utils.trainer -   RMSE: 10.17537
08/20/2026 19:37:43 - INFO - utils.trainer -   R2: 0.06644
08/20/2026 19:37:43 - INFO - utils.trainer -   PearsonR: 0.38424
08/20/2026 19:37:43 - INFO - utils.trainer -   Epoch: 16, Loss: 0.03054, Val loss: 0.00977, Val Loss: 0.0098, Best val Loss: 0.0092, No improve: 4/10, Time: 51.5s
08/20/2026 19:38:35 - INFO - utils.trainer -   ***** Running regression evaluation on val0 dataset *****
08/20/2026 19:38:41 - INFO - utils.trainer -   Loss: 0.00936
08/20/2026 19:38:41 - INFO - utils.trainer -   MSE: 99.14156
08/20/2026 19:38:41 - INFO - utils.trainer -   MAE: 8.14718
08/20/2026 19:38:41 - INFO - utils.trainer -   RMSE: 9.95699
08/20/2026 19:38:41 - INFO - utils.trainer -   R2: 0.10608
08/20/2026 19:38:41 - INFO - utils.trainer -   PearsonR: 0.40774
08/20/2026 19:38:41 - INFO - utils.trainer -   Epoch: 17, Loss: 0.03200, Val loss: 0.00936, Val Loss: 0.0094, Best val Loss: 0.0092, No improve: 5/10, Time: 51.5s
08/20/2026 19:39:32 - INFO - utils.trainer -   ***** Running regression evaluation on val0 dataset *****
08/20/2026 19:39:38 - INFO - utils.trainer -   Loss: 0.00928
08/20/2026 19:39:38 - INFO - utils.trainer -   MSE: 98.54263
08/20/2026 19:39:38 - INFO - utils.trainer -   MAE: 7.93631
08/20/2026 19:39:38 - INFO - utils.trainer -   RMSE: 9.92686
08/20/2026 19:39:38 - INFO - utils.trainer -   R2: 0.11149
08/20/2026 19:39:38 - INFO - utils.trainer -   PearsonR: 0.36436
08/20/2026 19:39:38 - INFO - utils.trainer -   Epoch: 18, Loss: 0.03722, Val loss: 0.00928, Val Loss: 0.0093, Best val Loss: 0.0092, No improve: 6/10, Time: 51.6s
08/20/2026 19:40:29 - INFO - utils.trainer -   ***** Running regression evaluation on val0 dataset *****
08/20/2026 19:40:35 - INFO - utils.trainer -   Loss: 0.00904
08/20/2026 19:40:35 - INFO - utils.trainer -   MSE: 96.04170
08/20/2026 19:40:35 - INFO - utils.trainer -   MAE: 7.91372
08/20/2026 19:40:35 - INFO - utils.trainer -   RMSE: 9.80009
08/20/2026 19:40:35 - INFO - utils.trainer -   R2: 0.13403
08/20/2026 19:40:35 - INFO - utils.trainer -   PearsonR: 0.38714
08/20/2026 19:40:36 - INFO - utils.trainer -   Model saved to output_dir/TimeLLM_AgeCAUEEG_train
08/20/2026 19:40:36 - INFO - utils.trainer -   Best model saved (val_Loss=0.0090)
08/20/2026 19:40:36 - INFO - utils.trainer -   Epoch: 19, Loss: 0.03380, Val loss: 0.00904, Val Loss: 0.0090, Best val Loss: 0.0090, No improve: 0/10, Time: 51.6s
08/20/2026 19:41:27 - INFO - utils.trainer -   ***** Running regression evaluation on val0 dataset *****
08/20/2026 19:41:33 - INFO - utils.trainer -   Loss: 0.01194
08/20/2026 19:41:33 - INFO - utils.trainer -   MSE: 126.63954
08/20/2026 19:41:33 - INFO - utils.trainer -   MAE: 9.29647
08/20/2026 19:41:33 - INFO - utils.trainer -   RMSE: 11.25342
08/20/2026 19:41:33 - INFO - utils.trainer -   R2: -0.14185
08/20/2026 19:41:33 - INFO - utils.trainer -   PearsonR: 0.40563
08/20/2026 19:41:33 - INFO - utils.trainer -   Epoch: 20, Loss: 0.03493, Val loss: 0.01194, Val Loss: 0.0119, Best val Loss: 0.0090, No improve: 1/10, Time: 51.7s
08/20/2026 19:42:24 - INFO - utils.trainer -   ***** Running regression evaluation on val0 dataset *****
08/20/2026 19:42:29 - INFO - utils.trainer -   Loss: 0.01266
08/20/2026 19:42:29 - INFO - utils.trainer -   MSE: 134.31535
08/20/2026 19:42:29 - INFO - utils.trainer -   MAE: 9.60840
08/20/2026 19:42:29 - INFO - utils.trainer -   RMSE: 11.58945
08/20/2026 19:42:29 - INFO - utils.trainer -   R2: -0.21106
08/20/2026 19:42:29 - INFO - utils.trainer -   PearsonR: 0.41553
08/20/2026 19:42:29 - INFO - utils.trainer -   Epoch: 21, Loss: 0.03067, Val loss: 0.01266, Val Loss: 0.0127, Best val Loss: 0.0090, No improve: 2/10, Time: 51.6s
08/20/2026 19:43:22 - INFO - utils.trainer -   ***** Running regression evaluation on val0 dataset *****
08/20/2026 19:43:27 - INFO - utils.trainer -   Loss: 0.01103
08/20/2026 19:43:27 - INFO - utils.trainer -   MSE: 116.98820
08/20/2026 19:43:27 - INFO - utils.trainer -   MAE: 8.91485
08/20/2026 19:43:27 - INFO - utils.trainer -   RMSE: 10.81611
08/20/2026 19:43:27 - INFO - utils.trainer -   R2: -0.05483
08/20/2026 19:43:27 - INFO - utils.trainer -   PearsonR: 0.40271
08/20/2026 19:43:27 - INFO - utils.trainer -   Epoch: 22, Loss: 0.03091, Val loss: 0.01103, Val Loss: 0.0110, Best val Loss: 0.0090, No improve: 3/10, Time: 52.2s
08/20/2026 19:44:19 - INFO - utils.trainer -   ***** Running regression evaluation on val0 dataset *****
08/20/2026 19:44:24 - INFO - utils.trainer -   Loss: 0.00916
08/20/2026 19:44:24 - INFO - utils.trainer -   MSE: 97.29868
08/20/2026 19:44:24 - INFO - utils.trainer -   MAE: 8.02914
08/20/2026 19:44:24 - INFO - utils.trainer -   RMSE: 9.86401
08/20/2026 19:44:24 - INFO - utils.trainer -   R2: 0.12270
08/20/2026 19:44:24 - INFO - utils.trainer -   PearsonR: 0.40138
08/20/2026 19:44:24 - INFO - utils.trainer -   Epoch: 23, Loss: 0.03143, Val loss: 0.00916, Val Loss: 0.0092, Best val Loss: 0.0090, No improve: 4/10, Time: 51.6s
08/20/2026 19:45:16 - INFO - utils.trainer -   ***** Running regression evaluation on val0 dataset *****
08/20/2026 19:45:21 - INFO - utils.trainer -   Loss: 0.01062
08/20/2026 19:45:21 - INFO - utils.trainer -   MSE: 112.59720
08/20/2026 19:45:21 - INFO - utils.trainer -   MAE: 8.75124
08/20/2026 19:45:21 - INFO - utils.trainer -   RMSE: 10.61118
08/20/2026 19:45:21 - INFO - utils.trainer -   R2: -0.01524
08/20/2026 19:45:21 - INFO - utils.trainer -   PearsonR: 0.41250
08/20/2026 19:45:21 - INFO - utils.trainer -   Epoch: 24, Loss: 0.02657, Val loss: 0.01062, Val Loss: 0.0106, Best val Loss: 0.0090, No improve: 5/10, Time: 51.5s
08/20/2026 19:46:13 - INFO - utils.trainer -   ***** Running regression evaluation on val0 dataset *****
08/20/2026 19:46:18 - INFO - utils.trainer -   Loss: 0.01156
08/20/2026 19:46:18 - INFO - utils.trainer -   MSE: 122.82058
08/20/2026 19:46:18 - INFO - utils.trainer -   MAE: 9.19349
08/20/2026 19:46:18 - INFO - utils.trainer -   RMSE: 11.08245
08/20/2026 19:46:18 - INFO - utils.trainer -   R2: -0.10742
08/20/2026 19:46:18 - INFO - utils.trainer -   PearsonR: 0.40107
08/20/2026 19:46:19 - INFO - utils.trainer -   Model saved to output_dir/TimeLLM_AgeCAUEEG_train/checkpoint-epoch-25
08/20/2026 19:46:19 - INFO - utils.trainer -   Checkpoint saved at epoch 25
08/20/2026 19:46:19 - INFO - utils.trainer -   Epoch: 25, Loss: 0.03362, Val loss: 0.01156, Val Loss: 0.0116, Best val Loss: 0.0090, No improve: 6/10, Time: 51.7s
08/20/2026 19:47:11 - INFO - utils.trainer -   ***** Running regression evaluation on val0 dataset *****
08/20/2026 19:47:16 - INFO - utils.trainer -   Loss: 0.00896
08/20/2026 19:47:16 - INFO - utils.trainer -   MSE: 95.07111
08/20/2026 19:47:16 - INFO - utils.trainer -   MAE: 7.89427
08/20/2026 19:47:16 - INFO - utils.trainer -   RMSE: 9.75044
08/20/2026 19:47:16 - INFO - utils.trainer -   R2: 0.14279
08/20/2026 19:47:16 - INFO - utils.trainer -   PearsonR: 0.38457
08/20/2026 19:47:17 - INFO - utils.trainer -   Model saved to output_dir/TimeLLM_AgeCAUEEG_train
08/20/2026 19:47:17 - INFO - utils.trainer -   Best model saved (val_Loss=0.0090)
08/20/2026 19:47:17 - INFO - utils.trainer -   Epoch: 26, Loss: 0.02750, Val loss: 0.00896, Val Loss: 0.0090, Best val Loss: 0.0090, No improve: 0/10, Time: 51.5s
08/20/2026 19:48:09 - INFO - utils.trainer -   ***** Running regression evaluation on val0 dataset *****
08/20/2026 19:48:14 - INFO - utils.trainer -   Loss: 0.01049
08/20/2026 19:48:14 - INFO - utils.trainer -   MSE: 111.21562
08/20/2026 19:48:14 - INFO - utils.trainer -   MAE: 8.71225
08/20/2026 19:48:14 - INFO - utils.trainer -   RMSE: 10.54588
08/20/2026 19:48:14 - INFO - utils.trainer -   R2: -0.00278
08/20/2026 19:48:14 - INFO - utils.trainer -   PearsonR: 0.41293
08/20/2026 19:48:14 - INFO - utils.trainer -   Epoch: 27, Loss: 0.02671, Val loss: 0.01049, Val Loss: 0.0105, Best val Loss: 0.0090, No improve: 1/10, Time: 51.6s
08/20/2026 19:49:06 - INFO - utils.trainer -   ***** Running regression evaluation on val0 dataset *****
08/20/2026 19:49:11 - INFO - utils.trainer -   Loss: 0.00884
08/20/2026 19:49:11 - INFO - utils.trainer -   MSE: 93.83335
08/20/2026 19:49:11 - INFO - utils.trainer -   MAE: 7.72989
08/20/2026 19:49:11 - INFO - utils.trainer -   RMSE: 9.68676
08/20/2026 19:49:11 - INFO - utils.trainer -   R2: 0.15395
08/20/2026 19:49:11 - INFO - utils.trainer -   PearsonR: 0.41610
08/20/2026 19:49:12 - INFO - utils.trainer -   Model saved to output_dir/TimeLLM_AgeCAUEEG_train
08/20/2026 19:49:12 - INFO - utils.trainer -   Best model saved (val_Loss=0.0088)
08/20/2026 19:49:12 - INFO - utils.trainer -   Epoch: 28, Loss: 0.02825, Val loss: 0.00884, Val Loss: 0.0088, Best val Loss: 0.0088, No improve: 0/10, Time: 51.6s
08/20/2026 19:50:05 - INFO - utils.trainer -   ***** Running regression evaluation on val0 dataset *****
08/20/2026 19:50:10 - INFO - utils.trainer -   Loss: 0.01047
08/20/2026 19:50:10 - INFO - utils.trainer -   MSE: 110.83757
08/20/2026 19:50:10 - INFO - utils.trainer -   MAE: 8.67091
08/20/2026 19:50:10 - INFO - utils.trainer -   RMSE: 10.52794
08/20/2026 19:50:10 - INFO - utils.trainer -   R2: 0.00063
08/20/2026 19:50:10 - INFO - utils.trainer -   PearsonR: 0.42496
08/20/2026 19:50:10 - INFO - utils.trainer -   Epoch: 29, Loss: 0.03235, Val loss: 0.01047, Val Loss: 0.0105, Best val Loss: 0.0088, No improve: 1/10, Time: 52.9s
08/20/2026 19:51:02 - INFO - utils.trainer -   ***** Running regression evaluation on val0 dataset *****
08/20/2026 19:51:08 - INFO - utils.trainer -   Loss: 0.00933
08/20/2026 19:51:08 - INFO - utils.trainer -   MSE: 98.87469
08/20/2026 19:51:08 - INFO - utils.trainer -   MAE: 8.11344
08/20/2026 19:51:08 - INFO - utils.trainer -   RMSE: 9.94358
08/20/2026 19:51:08 - INFO - utils.trainer -   R2: 0.10849
08/20/2026 19:51:08 - INFO - utils.trainer -   PearsonR: 0.36315
08/20/2026 19:51:08 - INFO - utils.trainer -   Epoch: 30, Loss: 0.03608, Val loss: 0.00933, Val Loss: 0.0093, Best val Loss: 0.0088, No improve: 2/10, Time: 51.5s
08/20/2026 19:51:59 - INFO - utils.trainer -   ***** Running regression evaluation on val0 dataset *****
08/20/2026 19:52:05 - INFO - utils.trainer -   Loss: 0.00951
08/20/2026 19:52:05 - INFO - utils.trainer -   MSE: 100.93727
08/20/2026 19:52:05 - INFO - utils.trainer -   MAE: 8.27577
08/20/2026 19:52:05 - INFO - utils.trainer -   RMSE: 10.04675
08/20/2026 19:52:05 - INFO - utils.trainer -   R2: 0.08989
08/20/2026 19:52:05 - INFO - utils.trainer -   PearsonR: 0.39412
08/20/2026 19:52:05 - INFO - utils.trainer -   Epoch: 31, Loss: 0.02481, Val loss: 0.00951, Val Loss: 0.0095, Best val Loss: 0.0088, No improve: 3/10, Time: 51.7s
08/20/2026 19:52:56 - INFO - utils.trainer -   ***** Running regression evaluation on val0 dataset *****
08/20/2026 19:53:02 - INFO - utils.trainer -   Loss: 0.00897
08/20/2026 19:53:02 - INFO - utils.trainer -   MSE: 95.22797
08/20/2026 19:53:02 - INFO - utils.trainer -   MAE: 7.98043
08/20/2026 19:53:02 - INFO - utils.trainer -   RMSE: 9.75848
08/20/2026 19:53:02 - INFO - utils.trainer -   R2: 0.14137
08/20/2026 19:53:02 - INFO - utils.trainer -   PearsonR: 0.39767
08/20/2026 19:53:02 - INFO - utils.trainer -   Epoch: 32, Loss: 0.03235, Val loss: 0.00897, Val Loss: 0.0090, Best val Loss: 0.0088, No improve: 4/10, Time: 51.6s
08/20/2026 19:53:53 - INFO - utils.trainer -   ***** Running regression evaluation on val0 dataset *****
08/20/2026 19:53:59 - INFO - utils.trainer -   Loss: 0.01043
08/20/2026 19:53:59 - INFO - utils.trainer -   MSE: 110.67186
08/20/2026 19:53:59 - INFO - utils.trainer -   MAE: 8.70331
08/20/2026 19:53:59 - INFO - utils.trainer -   RMSE: 10.52007
08/20/2026 19:53:59 - INFO - utils.trainer -   R2: 0.00212
08/20/2026 19:53:59 - INFO - utils.trainer -   PearsonR: 0.40385
08/20/2026 19:53:59 - INFO - utils.trainer -   Epoch: 33, Loss: 0.03121, Val loss: 0.01043, Val Loss: 0.0104, Best val Loss: 0.0088, No improve: 5/10, Time: 51.5s
08/20/2026 19:54:51 - INFO - utils.trainer -   ***** Running regression evaluation on val0 dataset *****
08/20/2026 19:54:56 - INFO - utils.trainer -   Loss: 0.01173
08/20/2026 19:54:56 - INFO - utils.trainer -   MSE: 124.64217
08/20/2026 19:54:56 - INFO - utils.trainer -   MAE: 9.26098
08/20/2026 19:54:56 - INFO - utils.trainer -   RMSE: 11.16433
08/20/2026 19:54:56 - INFO - utils.trainer -   R2: -0.12384
08/20/2026 19:54:56 - INFO - utils.trainer -   PearsonR: 0.39890
08/20/2026 19:54:56 - INFO - utils.trainer -   Epoch: 34, Loss: 0.03096, Val loss: 0.01173, Val Loss: 0.0117, Best val Loss: 0.0088, No improve: 6/10, Time: 51.6s
08/20/2026 19:55:48 - INFO - utils.trainer -   ***** Running regression evaluation on val0 dataset *****
08/20/2026 19:55:53 - INFO - utils.trainer -   Loss: 0.01185
08/20/2026 19:55:53 - INFO - utils.trainer -   MSE: 125.72911
08/20/2026 19:55:53 - INFO - utils.trainer -   MAE: 9.28984
08/20/2026 19:55:53 - INFO - utils.trainer -   RMSE: 11.21290
08/20/2026 19:55:53 - INFO - utils.trainer -   R2: -0.13364
08/20/2026 19:55:53 - INFO - utils.trainer -   PearsonR: 0.39689
08/20/2026 19:55:53 - INFO - utils.trainer -   Epoch: 35, Loss: 0.03003, Val loss: 0.01185, Val Loss: 0.0118, Best val Loss: 0.0088, No improve: 7/10, Time: 51.5s
08/20/2026 19:56:44 - INFO - utils.trainer -   ***** Running regression evaluation on val0 dataset *****
08/20/2026 19:56:50 - INFO - utils.trainer -   Loss: 0.00931
08/20/2026 19:56:50 - INFO - utils.trainer -   MSE: 99.07239
08/20/2026 19:56:50 - INFO - utils.trainer -   MAE: 7.86157
08/20/2026 19:56:50 - INFO - utils.trainer -   RMSE: 9.95351
08/20/2026 19:56:50 - INFO - utils.trainer -   R2: 0.10671
08/20/2026 19:56:50 - INFO - utils.trainer -   PearsonR: 0.40914
08/20/2026 19:56:50 - INFO - utils.trainer -   Epoch: 36, Loss: 0.02323, Val loss: 0.00931, Val Loss: 0.0093, Best val Loss: 0.0088, No improve: 8/10, Time: 51.6s
08/20/2026 19:57:41 - INFO - utils.trainer -   ***** Running regression evaluation on val0 dataset *****
08/20/2026 19:57:47 - INFO - utils.trainer -   Loss: 0.01100
08/20/2026 19:57:47 - INFO - utils.trainer -   MSE: 116.72030
08/20/2026 19:57:47 - INFO - utils.trainer -   MAE: 8.95881
08/20/2026 19:57:47 - INFO - utils.trainer -   RMSE: 10.80372
08/20/2026 19:57:47 - INFO - utils.trainer -   R2: -0.05241
08/20/2026 19:57:47 - INFO - utils.trainer -   PearsonR: 0.39865
08/20/2026 19:57:47 - INFO - utils.trainer -   Epoch: 37, Loss: 0.02922, Val loss: 0.01100, Val Loss: 0.0110, Best val Loss: 0.0088, No improve: 9/10, Time: 51.4s
08/20/2026 19:58:38 - INFO - utils.trainer -   ***** Running regression evaluation on val0 dataset *****
08/20/2026 19:58:44 - INFO - utils.trainer -   Loss: 0.01039
08/20/2026 19:58:44 - INFO - utils.trainer -   MSE: 110.47871
08/20/2026 19:58:44 - INFO - utils.trainer -   MAE: 8.67888
08/20/2026 19:58:44 - INFO - utils.trainer -   RMSE: 10.51089
08/20/2026 19:58:44 - INFO - utils.trainer -   R2: 0.00386
08/20/2026 19:58:44 - INFO - utils.trainer -   PearsonR: 0.40378
08/20/2026 19:58:44 - INFO - utils.trainer -   Epoch: 38, Loss: 0.02642, Val loss: 0.01039, Val Loss: 0.0104, Best val Loss: 0.0088, No improve: 10/10, Time: 51.5s
08/20/2026 19:58:44 - INFO - utils.trainer -   Early stopping triggered at epoch 38
08/20/2026 19:58:44 - INFO - utils.trainer -   Early stopping triggered at epoch 38
08/20/2026 19:58:44 - INFO - utils.trainer -   Early stopping triggered at epoch 38
08/20/2026 19:58:44 - INFO - utils.trainer -   Early stopping triggered at epoch 38
08/20/2026 19:58:44 - INFO - utils.trainer -   Early stopping triggered at epoch 38
08/20/2026 19:58:44 - INFO - utils.trainer -   Early stopping triggered at epoch 38
08/20/2026 19:58:44 - INFO - utils.trainer -     2 prompt-buffer key(s) skipped (kept target-dataset prompt)
08/20/2026 19:58:44 - INFO - utils.trainer -     582 keys not in checkpoint (kept from init)
08/20/2026 19:58:44 - INFO - utils.trainer -   Model loaded from output_dir/TimeLLM_AgeCAUEEG_train/TimeLLM-0.bin (25/27 keys)
08/20/2026 19:58:44 - INFO - utils.trainer -     2 prompt-buffer key(s) skipped (kept target-dataset prompt)
08/20/2026 19:58:44 - INFO - utils.trainer -     582 keys not in checkpoint (kept from init)
08/20/2026 19:58:44 - INFO - utils.trainer -   Model loaded from output_dir/TimeLLM_AgeCAUEEG_train/TimeLLM-0.bin (25/27 keys)
08/20/2026 19:58:44 - INFO - utils.trainer -     2 prompt-buffer key(s) skipped (kept target-dataset prompt)
08/20/2026 19:58:44 - INFO - utils.trainer -     582 keys not in checkpoint (kept from init)
08/20/2026 19:58:44 - INFO - utils.trainer -   Model loaded from output_dir/TimeLLM_AgeCAUEEG_train/TimeLLM-0.bin (25/27 keys)
08/20/2026 19:58:44 - INFO - utils.trainer -   ***** Running regression evaluation on test0 dataset *****
08/20/2026 19:58:44 - INFO - utils.trainer -     2 prompt-buffer key(s) skipped (kept target-dataset prompt)
08/20/2026 19:58:44 - INFO - utils.trainer -     582 keys not in checkpoint (kept from init)
08/20/2026 19:58:44 - INFO - utils.trainer -   Model loaded from output_dir/TimeLLM_AgeCAUEEG_train/TimeLLM-0.bin (25/27 keys)
08/20/2026 19:58:44 - INFO - utils.trainer -     2 prompt-buffer key(s) skipped (kept target-dataset prompt)
08/20/2026 19:58:44 - INFO - utils.trainer -     582 keys not in checkpoint (kept from init)
08/20/2026 19:58:44 - INFO - utils.trainer -   Model loaded from output_dir/TimeLLM_AgeCAUEEG_train/TimeLLM-0.bin (25/27 keys)
08/20/2026 19:58:44 - INFO - utils.trainer -     2 prompt-buffer key(s) skipped (kept target-dataset prompt)
08/20/2026 19:58:44 - INFO - utils.trainer -     582 keys not in checkpoint (kept from init)
08/20/2026 19:58:44 - INFO - utils.trainer -   Model loaded from output_dir/TimeLLM_AgeCAUEEG_train/TimeLLM-0.bin (25/27 keys)
08/20/2026 19:58:49 - INFO - utils.trainer -   Loss: 0.00869
08/20/2026 19:58:49 - INFO - utils.trainer -   MSE: 92.61246
08/20/2026 19:58:49 - INFO - utils.trainer -   MAE: 7.68801
08/20/2026 19:58:49 - INFO - utils.trainer -   RMSE: 9.62354
08/20/2026 19:58:49 - INFO - utils.trainer -   R2: 0.07645
08/20/2026 19:58:49 - INFO - utils.trainer -   PearsonR: 0.30108
08/20/2026 19:58:49 - INFO - utils.trainer -   === Best epoch test result ===
08/20/2026 19:58:49 - INFO - utils.trainer -     Loss: 0.00869
08/20/2026 19:58:49 - INFO - utils.trainer -     MSE: 92.61246
08/20/2026 19:58:49 - INFO - utils.trainer -     MAE: 7.68801
08/20/2026 19:58:49 - INFO - utils.trainer -     RMSE: 9.62354
08/20/2026 19:58:49 - INFO - utils.trainer -     R2: 0.07645
08/20/2026 19:58:49 - INFO - utils.trainer -     PearsonR: 0.30108
08/20/2026 19:58:51 - INFO - utils.trainer -   Model saved to output_dir/TimeLLM_AgeCAUEEG_train/final-epoch-200
08/20/2026 19:58:51 - INFO - utils.trainer -   Final model saved at epoch 200
