07/28/2026 13:00:56 - INFO - __main__ -   ########## Repeat:0 ##########
07/28/2026 13:00:56 - INFO - utils.trainer -   ***** Running training *****
07/28/2026 13:00:56 - INFO - utils.trainer -     Num examples = 635
07/28/2026 13:00:56 - INFO - utils.trainer -     Num Epochs = 200
07/28/2026 13:00:56 - INFO - utils.trainer -     Total train batch size = 3
07/28/2026 13:00:56 - INFO - utils.trainer -     warmup steps = 400
07/28/2026 13:00:56 - INFO - utils.trainer -     Total optimization steps = 127000
07/28/2026 13:00:56 - INFO - utils.trainer -     Save steps = 200
07/28/2026 13:01:06 - INFO - utils.trainer -   ***** Running evaluation on val0 dataset *****
07/28/2026 13:01:10 - INFO - utils.trainer -   Loss: 1.34069
07/28/2026 13:01:10 - INFO - utils.trainer -   AUC: 0.58367
07/28/2026 13:01:10 - INFO - utils.trainer -   Accuracy: 0.34938
07/28/2026 13:01:10 - INFO - utils.trainer -   Precision: 0.34477
07/28/2026 13:01:10 - INFO - utils.trainer -   Recall: 0.27469
07/28/2026 13:01:10 - INFO - utils.trainer -   F_score: 0.23353
07/28/2026 13:01:10 - INFO - utils.trainer -   ***** Running evaluation on test0 dataset *****
07/28/2026 13:01:13 - INFO - utils.trainer -   Loss: 1.36655
07/28/2026 13:01:13 - INFO - utils.trainer -   AUC: 0.53645
07/28/2026 13:01:13 - INFO - utils.trainer -   Accuracy: 0.28233
07/28/2026 13:01:13 - INFO - utils.trainer -   Precision: 0.22698
07/28/2026 13:01:13 - INFO - utils.trainer -   Recall: 0.23647
07/28/2026 13:01:13 - INFO - utils.trainer -   F_score: 0.19095
07/28/2026 13:01:13 - INFO - utils.trainer -   Model saved to output_dir/BrainNetCNN
07/28/2026 13:01:13 - INFO - utils.trainer -   Best model saved (val_F_score=0.2335, test_acc=0.2823)
07/28/2026 13:01:13 - INFO - utils.trainer -   Epoch: 1, Loss: 1.36894, Val loss: 1.34069, Test loss: 1.36655, Val F_score: 0.2335, Best val F_score: 0.2335, No improve: 0/10, Time: 9.9s
