08/18/2026 05:21:17 - INFO - __main__ -   ########## Repeat:0 ##########
08/18/2026 05:21:17 - INFO - utils.trainer -   ***** Running training *****
08/18/2026 05:21:17 - INFO - utils.trainer -     Num examples = 161
08/18/2026 05:21:17 - INFO - utils.trainer -     Num Epochs = 200
08/18/2026 05:21:17 - INFO - utils.trainer -     Total train batch size = 4
08/18/2026 05:21:17 - INFO - utils.trainer -     warmup steps = 400
08/18/2026 05:21:17 - INFO - utils.trainer -     Total optimization steps = 32200
08/18/2026 05:21:17 - INFO - utils.trainer -     Save steps = 25
08/18/2026 05:22:09 - INFO - utils.trainer -   ***** Running regression evaluation on val0 dataset *****
08/18/2026 05:22:15 - INFO - utils.trainer -   Loss: 0.05619
08/18/2026 05:22:15 - INFO - utils.trainer -   MSE: 597.35828
08/18/2026 05:22:15 - INFO - utils.trainer -   MAE: 22.42328
08/18/2026 05:22:15 - INFO - utils.trainer -   RMSE: 24.44091
08/18/2026 05:22:15 - INFO - utils.trainer -   R2: -4.38611
08/18/2026 05:22:15 - INFO - utils.trainer -   PearsonR: -0.07235
08/18/2026 05:22:16 - INFO - utils.trainer -   Model saved to output_dir/TimeLLM_AgeCAUEEG_train
08/18/2026 05:22:16 - INFO - utils.trainer -   Best model saved (val_Loss=0.0562)
08/18/2026 05:22:16 - INFO - utils.trainer -   Epoch: 1, Loss: 0.08548, Val loss: 0.05619, Val Loss: 0.0562, Best val Loss: 0.0562, No improve: 0/10, Time: 52.4s
08/18/2026 05:23:09 - INFO - utils.trainer -   ***** Running regression evaluation on val0 dataset *****
08/18/2026 05:23:14 - INFO - utils.trainer -   Loss: 0.01888
08/18/2026 05:23:14 - INFO - utils.trainer -   MSE: 201.50842
08/18/2026 05:23:14 - INFO - utils.trainer -   MAE: 11.06663
08/18/2026 05:23:14 - INFO - utils.trainer -   RMSE: 14.19537
08/18/2026 05:23:14 - INFO - utils.trainer -   R2: -0.81691
08/18/2026 05:23:14 - INFO - utils.trainer -   PearsonR: 0.07905
08/18/2026 05:23:15 - INFO - utils.trainer -   Model saved to output_dir/TimeLLM_AgeCAUEEG_train
08/18/2026 05:23:15 - INFO - utils.trainer -   Best model saved (val_Loss=0.0189)
08/18/2026 05:23:15 - INFO - utils.trainer -   Epoch: 2, Loss: 0.04276, Val loss: 0.01888, Val Loss: 0.0189, Best val Loss: 0.0189, No improve: 0/10, Time: 52.9s
08/18/2026 05:24:07 - INFO - utils.trainer -   ***** Running regression evaluation on val0 dataset *****
08/18/2026 05:24:13 - INFO - utils.trainer -   Loss: 0.01343
08/18/2026 05:24:13 - INFO - utils.trainer -   MSE: 142.45917
08/18/2026 05:24:13 - INFO - utils.trainer -   MAE: 9.91653
08/18/2026 05:24:13 - INFO - utils.trainer -   RMSE: 11.93563
08/18/2026 05:24:13 - INFO - utils.trainer -   R2: -0.28449
08/18/2026 05:24:13 - INFO - utils.trainer -   PearsonR: 0.30485
08/18/2026 05:24:14 - INFO - utils.trainer -   Model saved to output_dir/TimeLLM_AgeCAUEEG_train
08/18/2026 05:24:14 - INFO - utils.trainer -   Best model saved (val_Loss=0.0134)
08/18/2026 05:24:14 - INFO - utils.trainer -   Epoch: 3, Loss: 0.04056, Val loss: 0.01343, Val Loss: 0.0134, Best val Loss: 0.0134, No improve: 0/10, Time: 51.9s
08/18/2026 05:25:06 - INFO - utils.trainer -   ***** Running regression evaluation on val0 dataset *****
08/18/2026 05:25:12 - INFO - utils.trainer -   Loss: 0.00998
08/18/2026 05:25:12 - INFO - utils.trainer -   MSE: 105.73524
08/18/2026 05:25:12 - INFO - utils.trainer -   MAE: 8.19374
08/18/2026 05:25:12 - INFO - utils.trainer -   RMSE: 10.28276
08/18/2026 05:25:12 - INFO - utils.trainer -   R2: 0.04663
08/18/2026 05:25:12 - INFO - utils.trainer -   PearsonR: 0.25686
08/18/2026 05:25:13 - INFO - utils.trainer -   Model saved to output_dir/TimeLLM_AgeCAUEEG_train
08/18/2026 05:25:13 - INFO - utils.trainer -   Best model saved (val_Loss=0.0100)
08/18/2026 05:25:13 - INFO - utils.trainer -   Epoch: 4, Loss: 0.03899, Val loss: 0.00998, Val Loss: 0.0100, Best val Loss: 0.0100, No improve: 0/10, Time: 51.9s
08/18/2026 05:26:05 - INFO - utils.trainer -   ***** Running regression evaluation on val0 dataset *****
08/18/2026 05:26:10 - INFO - utils.trainer -   Loss: 0.00944
08/18/2026 05:26:10 - INFO - utils.trainer -   MSE: 100.12966
08/18/2026 05:26:10 - INFO - utils.trainer -   MAE: 8.11225
08/18/2026 05:26:10 - INFO - utils.trainer -   RMSE: 10.00648
08/18/2026 05:26:10 - INFO - utils.trainer -   R2: 0.09718
08/18/2026 05:26:10 - INFO - utils.trainer -   PearsonR: 0.32428
08/18/2026 05:26:11 - INFO - utils.trainer -   Model saved to output_dir/TimeLLM_AgeCAUEEG_train
08/18/2026 05:26:11 - INFO - utils.trainer -   Best model saved (val_Loss=0.0094)
08/18/2026 05:26:11 - INFO - utils.trainer -   Epoch: 5, Loss: 0.03943, Val loss: 0.00944, Val Loss: 0.0094, Best val Loss: 0.0094, No improve: 0/10, Time: 51.9s
08/18/2026 05:27:03 - INFO - utils.trainer -   ***** Running regression evaluation on val0 dataset *****
08/18/2026 05:27:09 - INFO - utils.trainer -   Loss: 0.00993
08/18/2026 05:27:09 - INFO - utils.trainer -   MSE: 105.17965
08/18/2026 05:27:09 - INFO - utils.trainer -   MAE: 8.42066
08/18/2026 05:27:09 - INFO - utils.trainer -   RMSE: 10.25571
08/18/2026 05:27:09 - INFO - utils.trainer -   R2: 0.05164
08/18/2026 05:27:09 - INFO - utils.trainer -   PearsonR: 0.34760
08/18/2026 05:27:09 - INFO - utils.trainer -   Epoch: 6, Loss: 0.03407, Val loss: 0.00993, Val Loss: 0.0099, Best val Loss: 0.0094, No improve: 1/10, Time: 51.7s
08/18/2026 05:28:00 - INFO - utils.trainer -   ***** Running regression evaluation on val0 dataset *****
08/18/2026 05:28:06 - INFO - utils.trainer -   Loss: 0.00960
08/18/2026 05:28:06 - INFO - utils.trainer -   MSE: 101.70731
08/18/2026 05:28:06 - INFO - utils.trainer -   MAE: 8.28667
08/18/2026 05:28:06 - INFO - utils.trainer -   RMSE: 10.08500
08/18/2026 05:28:06 - INFO - utils.trainer -   R2: 0.08295
08/18/2026 05:28:06 - INFO - utils.trainer -   PearsonR: 0.37633
08/18/2026 05:28:06 - INFO - utils.trainer -   Epoch: 7, Loss: 0.03735, Val loss: 0.00960, Val Loss: 0.0096, Best val Loss: 0.0094, No improve: 2/10, Time: 51.9s
08/18/2026 05:28:58 - INFO - utils.trainer -   ***** Running regression evaluation on val0 dataset *****
08/18/2026 05:29:04 - INFO - utils.trainer -   Loss: 0.01224
08/18/2026 05:29:04 - INFO - utils.trainer -   MSE: 129.52643
08/18/2026 05:29:04 - INFO - utils.trainer -   MAE: 9.45442
08/18/2026 05:29:04 - INFO - utils.trainer -   RMSE: 11.38097
08/18/2026 05:29:04 - INFO - utils.trainer -   R2: -0.16788
08/18/2026 05:29:04 - INFO - utils.trainer -   PearsonR: 0.37004
08/18/2026 05:29:04 - INFO - utils.trainer -   Epoch: 8, Loss: 0.03578, Val loss: 0.01224, Val Loss: 0.0122, Best val Loss: 0.0094, No improve: 3/10, Time: 51.8s
08/18/2026 05:29:56 - INFO - utils.trainer -   ***** Running regression evaluation on val0 dataset *****
08/18/2026 05:30:02 - INFO - utils.trainer -   Loss: 0.01541
08/18/2026 05:30:02 - INFO - utils.trainer -   MSE: 162.96292
08/18/2026 05:30:02 - INFO - utils.trainer -   MAE: 10.70870
08/18/2026 05:30:02 - INFO - utils.trainer -   RMSE: 12.76569
08/18/2026 05:30:02 - INFO - utils.trainer -   R2: -0.46936
08/18/2026 05:30:02 - INFO - utils.trainer -   PearsonR: 0.37958
08/18/2026 05:30:02 - INFO - utils.trainer -   Epoch: 9, Loss: 0.03440, Val loss: 0.01541, Val Loss: 0.0154, Best val Loss: 0.0094, No improve: 4/10, Time: 51.9s
08/18/2026 05:30:53 - INFO - utils.trainer -   ***** Running regression evaluation on val0 dataset *****
08/18/2026 05:30:59 - INFO - utils.trainer -   Loss: 0.01631
08/18/2026 05:30:59 - INFO - utils.trainer -   MSE: 172.67630
08/18/2026 05:30:59 - INFO - utils.trainer -   MAE: 10.97740
08/18/2026 05:30:59 - INFO - utils.trainer -   RMSE: 13.14064
08/18/2026 05:30:59 - INFO - utils.trainer -   R2: -0.55694
08/18/2026 05:30:59 - INFO - utils.trainer -   PearsonR: 0.37683
08/18/2026 05:30:59 - INFO - utils.trainer -   Epoch: 10, Loss: 0.03582, Val loss: 0.01631, Val Loss: 0.0163, Best val Loss: 0.0094, No improve: 5/10, Time: 51.9s
08/18/2026 05:31:51 - INFO - utils.trainer -   ***** Running regression evaluation on val0 dataset *****
08/18/2026 05:31:57 - INFO - utils.trainer -   Loss: 0.01250
08/18/2026 05:31:57 - INFO - utils.trainer -   MSE: 132.37695
08/18/2026 05:31:57 - INFO - utils.trainer -   MAE: 9.56462
08/18/2026 05:31:57 - INFO - utils.trainer -   RMSE: 11.50552
08/18/2026 05:31:57 - INFO - utils.trainer -   R2: -0.19358
08/18/2026 05:31:57 - INFO - utils.trainer -   PearsonR: 0.40334
08/18/2026 05:31:57 - INFO - utils.trainer -   Epoch: 11, Loss: 0.03750, Val loss: 0.01250, Val Loss: 0.0125, Best val Loss: 0.0094, No improve: 6/10, Time: 51.9s
08/18/2026 05:32:49 - INFO - utils.trainer -   ***** Running regression evaluation on val0 dataset *****
08/18/2026 05:32:55 - INFO - utils.trainer -   Loss: 0.01091
08/18/2026 05:32:55 - INFO - utils.trainer -   MSE: 115.56411
08/18/2026 05:32:55 - INFO - utils.trainer -   MAE: 8.83561
08/18/2026 05:32:55 - INFO - utils.trainer -   RMSE: 10.75008
08/18/2026 05:32:55 - INFO - utils.trainer -   R2: -0.04199
08/18/2026 05:32:55 - INFO - utils.trainer -   PearsonR: 0.41410
08/18/2026 05:32:55 - INFO - utils.trainer -   Epoch: 12, Loss: 0.02598, Val loss: 0.01091, Val Loss: 0.0109, Best val Loss: 0.0094, No improve: 7/10, Time: 51.9s
08/18/2026 05:33:47 - INFO - utils.trainer -   ***** Running regression evaluation on val0 dataset *****
08/18/2026 05:33:52 - INFO - utils.trainer -   Loss: 0.01204
08/18/2026 05:33:52 - INFO - utils.trainer -   MSE: 127.87736
08/18/2026 05:33:52 - INFO - utils.trainer -   MAE: 8.71150
08/18/2026 05:33:52 - INFO - utils.trainer -   RMSE: 11.30829
08/18/2026 05:33:52 - INFO - utils.trainer -   R2: -0.15301
08/18/2026 05:33:52 - INFO - utils.trainer -   PearsonR: 0.40850
08/18/2026 05:33:52 - INFO - utils.trainer -   Epoch: 13, Loss: 0.02967, Val loss: 0.01204, Val Loss: 0.0120, Best val Loss: 0.0094, No improve: 8/10, Time: 51.8s
08/18/2026 05:34:44 - INFO - utils.trainer -   ***** Running regression evaluation on val0 dataset *****
08/18/2026 05:34:50 - INFO - utils.trainer -   Loss: 0.01470
08/18/2026 05:34:50 - INFO - utils.trainer -   MSE: 155.34631
08/18/2026 05:34:50 - INFO - utils.trainer -   MAE: 10.35750
08/18/2026 05:34:50 - INFO - utils.trainer -   RMSE: 12.46380
08/18/2026 05:34:50 - INFO - utils.trainer -   R2: -0.40069
08/18/2026 05:34:50 - INFO - utils.trainer -   PearsonR: 0.40196
08/18/2026 05:34:50 - INFO - utils.trainer -   Epoch: 14, Loss: 0.02543, Val loss: 0.01470, Val Loss: 0.0147, Best val Loss: 0.0094, No improve: 9/10, Time: 51.9s
08/18/2026 05:35:42 - INFO - utils.trainer -   ***** Running regression evaluation on val0 dataset *****
08/18/2026 05:35:48 - INFO - utils.trainer -   Loss: 0.01215
08/18/2026 05:35:48 - INFO - utils.trainer -   MSE: 128.50500
08/18/2026 05:35:48 - INFO - utils.trainer -   MAE: 9.38089
08/18/2026 05:35:48 - INFO - utils.trainer -   RMSE: 11.33601
08/18/2026 05:35:48 - INFO - utils.trainer -   R2: -0.15867
08/18/2026 05:35:48 - INFO - utils.trainer -   PearsonR: 0.39444
08/18/2026 05:35:48 - INFO - utils.trainer -   Epoch: 15, Loss: 0.03162, Val loss: 0.01215, Val Loss: 0.0122, Best val Loss: 0.0094, No improve: 10/10, Time: 51.9s
08/18/2026 05:35:48 - INFO - utils.trainer -   Early stopping triggered at epoch 15
08/18/2026 05:35:48 - INFO - utils.trainer -   Early stopping triggered at epoch 15
08/18/2026 05:35:48 - INFO - utils.trainer -   Early stopping triggered at epoch 15
08/18/2026 05:35:48 - INFO - utils.trainer -   Early stopping triggered at epoch 15
08/18/2026 05:35:48 - INFO - utils.trainer -   Early stopping triggered at epoch 15
08/18/2026 05:35:48 - INFO - utils.trainer -   Early stopping triggered at epoch 15
08/18/2026 05:35:48 - INFO - utils.trainer -     2 prompt-buffer key(s) skipped (kept target-dataset prompt)
08/18/2026 05:35:48 - INFO - utils.trainer -     582 keys not in checkpoint (kept from init)
08/18/2026 05:35:48 - INFO - utils.trainer -   Model loaded from output_dir/TimeLLM_AgeCAUEEG_train/TimeLLM-0.bin (22/24 keys)
08/18/2026 05:35:48 - INFO - utils.trainer -     2 prompt-buffer key(s) skipped (kept target-dataset prompt)
08/18/2026 05:35:48 - INFO - utils.trainer -     582 keys not in checkpoint (kept from init)
08/18/2026 05:35:48 - INFO - utils.trainer -   Model loaded from output_dir/TimeLLM_AgeCAUEEG_train/TimeLLM-0.bin (22/24 keys)
08/18/2026 05:35:48 - INFO - utils.trainer -     2 prompt-buffer key(s) skipped (kept target-dataset prompt)
08/18/2026 05:35:48 - INFO - utils.trainer -     582 keys not in checkpoint (kept from init)
08/18/2026 05:35:48 - INFO - utils.trainer -   Model loaded from output_dir/TimeLLM_AgeCAUEEG_train/TimeLLM-0.bin (22/24 keys)
08/18/2026 05:35:48 - INFO - utils.trainer -     2 prompt-buffer key(s) skipped (kept target-dataset prompt)
08/18/2026 05:35:48 - INFO - utils.trainer -     582 keys not in checkpoint (kept from init)
08/18/2026 05:35:48 - INFO - utils.trainer -   Model loaded from output_dir/TimeLLM_AgeCAUEEG_train/TimeLLM-0.bin (22/24 keys)
08/18/2026 05:35:48 - INFO - utils.trainer -   ***** Running regression evaluation on test0 dataset *****
08/18/2026 05:35:48 - INFO - utils.trainer -     2 prompt-buffer key(s) skipped (kept target-dataset prompt)
08/18/2026 05:35:48 - INFO - utils.trainer -     582 keys not in checkpoint (kept from init)
08/18/2026 05:35:48 - INFO - utils.trainer -   Model loaded from output_dir/TimeLLM_AgeCAUEEG_train/TimeLLM-0.bin (22/24 keys)
08/18/2026 05:35:48 - INFO - utils.trainer -     2 prompt-buffer key(s) skipped (kept target-dataset prompt)
08/18/2026 05:35:48 - INFO - utils.trainer -     582 keys not in checkpoint (kept from init)
08/18/2026 05:35:48 - INFO - utils.trainer -   Model loaded from output_dir/TimeLLM_AgeCAUEEG_train/TimeLLM-0.bin (22/24 keys)
08/18/2026 05:35:54 - INFO - utils.trainer -   Loss: 0.00889
08/18/2026 05:35:54 - INFO - utils.trainer -   MSE: 94.74364
08/18/2026 05:35:54 - INFO - utils.trainer -   MAE: 7.85050
08/18/2026 05:35:54 - INFO - utils.trainer -   RMSE: 9.73363
08/18/2026 05:35:54 - INFO - utils.trainer -   R2: 0.05519
08/18/2026 05:35:54 - INFO - utils.trainer -   PearsonR: 0.23631
08/18/2026 05:35:54 - INFO - utils.trainer -   === Best epoch test result ===
08/18/2026 05:35:54 - INFO - utils.trainer -     Loss: 0.00889
08/18/2026 05:35:54 - INFO - utils.trainer -     MSE: 94.74364
08/18/2026 05:35:54 - INFO - utils.trainer -     MAE: 7.85050
08/18/2026 05:35:54 - INFO - utils.trainer -     RMSE: 9.73363
08/18/2026 05:35:54 - INFO - utils.trainer -     R2: 0.05519
08/18/2026 05:35:54 - INFO - utils.trainer -     PearsonR: 0.23631
08/18/2026 05:35:55 - INFO - utils.trainer -   Model saved to output_dir/TimeLLM_AgeCAUEEG_train/final-epoch-200
08/18/2026 05:35:55 - INFO - utils.trainer -   Final model saved at epoch 200
