08/01/2026 12:57:33 - INFO - __main__ -   ########## Repeat:0 ##########
08/01/2026 12:57:33 - INFO - utils.trainer -   ***** Running training *****
08/01/2026 12:57:33 - INFO - utils.trainer -     Num examples = 48
08/01/2026 12:57:33 - INFO - utils.trainer -     Num Epochs = 200
08/01/2026 12:57:33 - INFO - utils.trainer -     Total train batch size = 3
08/01/2026 12:57:33 - INFO - utils.trainer -     warmup steps = 400
08/01/2026 12:57:33 - INFO - utils.trainer -     Total optimization steps = 9600
08/01/2026 12:57:33 - INFO - utils.trainer -     Save steps = 200
08/01/2026 12:57:35 - INFO - utils.trainer -   ***** Running evaluation on val dataset *****
08/01/2026 12:57:36 - INFO - utils.trainer -   Loss: 2.01927
08/01/2026 12:57:36 - INFO - utils.trainer -   AUC: 0.63889
08/01/2026 12:57:36 - INFO - utils.trainer -   Accuracy: 0.46875
08/01/2026 12:57:36 - INFO - utils.trainer -   Precision: 0.00000
08/01/2026 12:57:36 - INFO - utils.trainer -   Specificity: 1.00000
08/01/2026 12:57:36 - INFO - utils.trainer -   Sensitivity: 0.00000
08/01/2026 12:57:36 - INFO - utils.trainer -   Model saved to output_dir/ALTER_Beirut_train
08/01/2026 12:57:36 - INFO - utils.trainer -   Best model saved (val_AUC=0.6389)
08/01/2026 12:57:36 - INFO - utils.trainer -   Epoch: 1, Loss: 2.09007, Val loss: 2.01927, Val AUC: 0.6389, Best val AUC: 0.6389, No improve: 0/10, Time: 1.9s
08/01/2026 12:57:37 - INFO - utils.trainer -   ***** Running evaluation on val dataset *****
08/01/2026 12:57:38 - INFO - utils.trainer -   Loss: 2.01729
08/01/2026 12:57:38 - INFO - utils.trainer -   AUC: 0.66481
08/01/2026 12:57:38 - INFO - utils.trainer -   Accuracy: 0.46875
08/01/2026 12:57:38 - INFO - utils.trainer -   Precision: 0.00000
08/01/2026 12:57:38 - INFO - utils.trainer -   Specificity: 1.00000
08/01/2026 12:57:38 - INFO - utils.trainer -   Sensitivity: 0.00000
08/01/2026 12:57:38 - INFO - utils.trainer -   Model saved to output_dir/ALTER_Beirut_train
08/01/2026 12:57:38 - INFO - utils.trainer -   Best model saved (val_AUC=0.6648)
08/01/2026 12:57:38 - INFO - utils.trainer -   Epoch: 2, Loss: 2.07887, Val loss: 2.01729, Val AUC: 0.6648, Best val AUC: 0.6648, No improve: 0/10, Time: 1.4s
08/01/2026 12:57:39 - INFO - utils.trainer -   ***** Running evaluation on val dataset *****
08/01/2026 12:57:40 - INFO - utils.trainer -   Loss: 2.00830
08/01/2026 12:57:40 - INFO - utils.trainer -   AUC: 0.67810
08/01/2026 12:57:40 - INFO - utils.trainer -   Accuracy: 0.60938
08/01/2026 12:57:40 - INFO - utils.trainer -   Precision: 0.78723
08/01/2026 12:57:40 - INFO - utils.trainer -   Specificity: 0.88889
08/01/2026 12:57:40 - INFO - utils.trainer -   Sensitivity: 0.36275
08/01/2026 12:57:40 - INFO - utils.trainer -   Model saved to output_dir/ALTER_Beirut_train
08/01/2026 12:57:40 - INFO - utils.trainer -   Best model saved (val_AUC=0.6781)
08/01/2026 12:57:40 - INFO - utils.trainer -   Epoch: 3, Loss: 2.07591, Val loss: 2.00830, Val AUC: 0.6781, Best val AUC: 0.6781, No improve: 0/10, Time: 1.6s
08/01/2026 12:57:42 - INFO - utils.trainer -   ***** Running evaluation on val dataset *****
08/01/2026 12:57:42 - INFO - utils.trainer -   Loss: 1.98422
08/01/2026 12:57:42 - INFO - utils.trainer -   AUC: 0.70458
08/01/2026 12:57:42 - INFO - utils.trainer -   Accuracy: 0.61458
08/01/2026 12:57:42 - INFO - utils.trainer -   Precision: 0.78000
08/01/2026 12:57:42 - INFO - utils.trainer -   Specificity: 0.87778
08/01/2026 12:57:42 - INFO - utils.trainer -   Sensitivity: 0.38235
08/01/2026 12:57:42 - INFO - utils.trainer -   Model saved to output_dir/ALTER_Beirut_train
08/01/2026 12:57:42 - INFO - utils.trainer -   Best model saved (val_AUC=0.7046)
08/01/2026 12:57:42 - INFO - utils.trainer -   Epoch: 4, Loss: 2.06736, Val loss: 1.98422, Val AUC: 0.7046, Best val AUC: 0.7046, No improve: 0/10, Time: 1.4s
08/01/2026 12:57:44 - INFO - utils.trainer -   ***** Running evaluation on val dataset *****
08/01/2026 12:57:45 - INFO - utils.trainer -   Loss: 1.93005
08/01/2026 12:57:45 - INFO - utils.trainer -   AUC: 0.69205
08/01/2026 12:57:45 - INFO - utils.trainer -   Accuracy: 0.60417
08/01/2026 12:57:45 - INFO - utils.trainer -   Precision: 0.73214
08/01/2026 12:57:45 - INFO - utils.trainer -   Specificity: 0.83333
08/01/2026 12:57:45 - INFO - utils.trainer -   Sensitivity: 0.40196
08/01/2026 12:57:45 - INFO - utils.trainer -   Epoch: 5, Loss: 2.04560, Val loss: 1.93005, Val AUC: 0.6920, Best val AUC: 0.7046, No improve: 1/10, Time: 1.6s
08/01/2026 12:57:46 - INFO - utils.trainer -   ***** Running evaluation on val dataset *****
08/01/2026 12:57:47 - INFO - utils.trainer -   Loss: 1.89204
08/01/2026 12:57:47 - INFO - utils.trainer -   AUC: 0.68638
08/01/2026 12:57:47 - INFO - utils.trainer -   Accuracy: 0.61458
08/01/2026 12:57:47 - INFO - utils.trainer -   Precision: 0.75000
08/01/2026 12:57:47 - INFO - utils.trainer -   Specificity: 0.84444
08/01/2026 12:57:47 - INFO - utils.trainer -   Sensitivity: 0.41176
08/01/2026 12:57:47 - INFO - utils.trainer -   Epoch: 6, Loss: 2.00852, Val loss: 1.89204, Val AUC: 0.6864, Best val AUC: 0.7046, No improve: 2/10, Time: 1.4s
08/01/2026 12:57:49 - INFO - utils.trainer -   ***** Running evaluation on val dataset *****
08/01/2026 12:57:50 - INFO - utils.trainer -   Loss: 1.86676
08/01/2026 12:57:50 - INFO - utils.trainer -   AUC: 0.68377
08/01/2026 12:57:50 - INFO - utils.trainer -   Accuracy: 0.62500
08/01/2026 12:57:50 - INFO - utils.trainer -   Precision: 0.70270
08/01/2026 12:57:50 - INFO - utils.trainer -   Specificity: 0.75556
08/01/2026 12:57:50 - INFO - utils.trainer -   Sensitivity: 0.50980
08/01/2026 12:57:50 - INFO - utils.trainer -   Epoch: 7, Loss: 1.93646, Val loss: 1.86676, Val AUC: 0.6838, Best val AUC: 0.7046, No improve: 3/10, Time: 1.5s
08/01/2026 12:57:51 - INFO - utils.trainer -   ***** Running evaluation on val dataset *****
08/01/2026 12:57:52 - INFO - utils.trainer -   Loss: 1.85736
08/01/2026 12:57:52 - INFO - utils.trainer -   AUC: 0.69641
08/01/2026 12:57:52 - INFO - utils.trainer -   Accuracy: 0.64062
08/01/2026 12:57:52 - INFO - utils.trainer -   Precision: 0.71429
08/01/2026 12:57:52 - INFO - utils.trainer -   Specificity: 0.75556
08/01/2026 12:57:52 - INFO - utils.trainer -   Sensitivity: 0.53922
08/01/2026 12:57:52 - INFO - utils.trainer -   Epoch: 8, Loss: 1.90317, Val loss: 1.85736, Val AUC: 0.6964, Best val AUC: 0.7046, No improve: 4/10, Time: 1.6s
08/01/2026 12:57:53 - INFO - utils.trainer -   ***** Running evaluation on val dataset *****
08/01/2026 12:57:54 - INFO - utils.trainer -   Loss: 1.87304
08/01/2026 12:57:54 - INFO - utils.trainer -   AUC: 0.71514
08/01/2026 12:57:54 - INFO - utils.trainer -   Accuracy: 0.62500
08/01/2026 12:57:54 - INFO - utils.trainer -   Precision: 0.77778
08/01/2026 12:57:54 - INFO - utils.trainer -   Specificity: 0.86667
08/01/2026 12:57:54 - INFO - utils.trainer -   Sensitivity: 0.41176
08/01/2026 12:57:54 - INFO - utils.trainer -   Model saved to output_dir/ALTER_Beirut_train
08/01/2026 12:57:54 - INFO - utils.trainer -   Best model saved (val_AUC=0.7151)
08/01/2026 12:57:54 - INFO - utils.trainer -   Epoch: 9, Loss: 1.82950, Val loss: 1.87304, Val AUC: 0.7151, Best val AUC: 0.7151, No improve: 0/10, Time: 1.5s
08/01/2026 12:57:56 - INFO - utils.trainer -   ***** Running evaluation on val dataset *****
08/01/2026 12:57:56 - INFO - utils.trainer -   Loss: 1.88433
08/01/2026 12:57:56 - INFO - utils.trainer -   AUC: 0.70828
08/01/2026 12:57:56 - INFO - utils.trainer -   Accuracy: 0.64583
08/01/2026 12:57:56 - INFO - utils.trainer -   Precision: 0.80357
08/01/2026 12:57:56 - INFO - utils.trainer -   Specificity: 0.87778
08/01/2026 12:57:56 - INFO - utils.trainer -   Sensitivity: 0.44118
08/01/2026 12:57:56 - INFO - utils.trainer -   Epoch: 10, Loss: 1.78766, Val loss: 1.88433, Val AUC: 0.7083, Best val AUC: 0.7151, No improve: 1/10, Time: 1.5s
08/01/2026 12:57:58 - INFO - utils.trainer -   ***** Running evaluation on val dataset *****
08/01/2026 12:57:59 - INFO - utils.trainer -   Loss: 1.82656
08/01/2026 12:57:59 - INFO - utils.trainer -   AUC: 0.71830
08/01/2026 12:57:59 - INFO - utils.trainer -   Accuracy: 0.65104
08/01/2026 12:57:59 - INFO - utils.trainer -   Precision: 0.72727
08/01/2026 12:57:59 - INFO - utils.trainer -   Specificity: 0.76667
08/01/2026 12:57:59 - INFO - utils.trainer -   Sensitivity: 0.54902
08/01/2026 12:57:59 - INFO - utils.trainer -   Model saved to output_dir/ALTER_Beirut_train
08/01/2026 12:57:59 - INFO - utils.trainer -   Best model saved (val_AUC=0.7183)
08/01/2026 12:57:59 - INFO - utils.trainer -   Epoch: 11, Loss: 1.44840, Val loss: 1.82656, Val AUC: 0.7183, Best val AUC: 0.7183, No improve: 0/10, Time: 1.6s
08/01/2026 12:58:00 - INFO - utils.trainer -   ***** Running evaluation on val dataset *****
08/01/2026 12:58:01 - INFO - utils.trainer -   Loss: 1.86086
08/01/2026 12:58:01 - INFO - utils.trainer -   AUC: 0.74760
08/01/2026 12:58:01 - INFO - utils.trainer -   Accuracy: 0.65104
08/01/2026 12:58:01 - INFO - utils.trainer -   Precision: 0.81818
08/01/2026 12:58:01 - INFO - utils.trainer -   Specificity: 0.88889
08/01/2026 12:58:01 - INFO - utils.trainer -   Sensitivity: 0.44118
08/01/2026 12:58:01 - INFO - utils.trainer -   Model saved to output_dir/ALTER_Beirut_train
08/01/2026 12:58:01 - INFO - utils.trainer -   Best model saved (val_AUC=0.7476)
08/01/2026 12:58:01 - INFO - utils.trainer -   Epoch: 12, Loss: 1.65244, Val loss: 1.86086, Val AUC: 0.7476, Best val AUC: 0.7476, No improve: 0/10, Time: 1.4s
08/01/2026 12:58:02 - INFO - utils.trainer -   ***** Running evaluation on val dataset *****
08/01/2026 12:58:03 - INFO - utils.trainer -   Loss: 1.70338
08/01/2026 12:58:03 - INFO - utils.trainer -   AUC: 0.77353
08/01/2026 12:58:03 - INFO - utils.trainer -   Accuracy: 0.72917
08/01/2026 12:58:03 - INFO - utils.trainer -   Precision: 0.78409
08/01/2026 12:58:03 - INFO - utils.trainer -   Specificity: 0.78889
08/01/2026 12:58:03 - INFO - utils.trainer -   Sensitivity: 0.67647
08/01/2026 12:58:03 - INFO - utils.trainer -   Model saved to output_dir/ALTER_Beirut_train
08/01/2026 12:58:03 - INFO - utils.trainer -   Best model saved (val_AUC=0.7735)
08/01/2026 12:58:03 - INFO - utils.trainer -   Epoch: 13, Loss: 1.36285, Val loss: 1.70338, Val AUC: 0.7735, Best val AUC: 0.7735, No improve: 0/10, Time: 1.6s
08/01/2026 12:58:05 - INFO - utils.trainer -   ***** Running evaluation on val dataset *****
08/01/2026 12:58:05 - INFO - utils.trainer -   Loss: 1.79539
08/01/2026 12:58:05 - INFO - utils.trainer -   AUC: 0.75054
08/01/2026 12:58:05 - INFO - utils.trainer -   Accuracy: 0.67708
08/01/2026 12:58:05 - INFO - utils.trainer -   Precision: 0.65873
08/01/2026 12:58:05 - INFO - utils.trainer -   Specificity: 0.52222
08/01/2026 12:58:05 - INFO - utils.trainer -   Sensitivity: 0.81373
08/01/2026 12:58:05 - INFO - utils.trainer -   Epoch: 14, Loss: 1.49870, Val loss: 1.79539, Val AUC: 0.7505, Best val AUC: 0.7735, No improve: 1/10, Time: 1.4s
08/01/2026 12:58:07 - INFO - utils.trainer -   ***** Running evaluation on val dataset *****
08/01/2026 12:58:08 - INFO - utils.trainer -   Loss: 1.67835
08/01/2026 12:58:08 - INFO - utils.trainer -   AUC: 0.78453
08/01/2026 12:58:08 - INFO - utils.trainer -   Accuracy: 0.73438
08/01/2026 12:58:08 - INFO - utils.trainer -   Precision: 0.77419
08/01/2026 12:58:08 - INFO - utils.trainer -   Specificity: 0.76667
08/01/2026 12:58:08 - INFO - utils.trainer -   Sensitivity: 0.70588
08/01/2026 12:58:08 - INFO - utils.trainer -   Model saved to output_dir/ALTER_Beirut_train
08/01/2026 12:58:08 - INFO - utils.trainer -   Best model saved (val_AUC=0.7845)
08/01/2026 12:58:08 - INFO - utils.trainer -   Epoch: 15, Loss: 1.42083, Val loss: 1.67835, Val AUC: 0.7845, Best val AUC: 0.7845, No improve: 0/10, Time: 1.5s
08/01/2026 12:58:09 - INFO - utils.trainer -   ***** Running evaluation on val dataset *****
08/01/2026 12:58:10 - INFO - utils.trainer -   Loss: 1.63326
08/01/2026 12:58:10 - INFO - utils.trainer -   AUC: 0.79913
08/01/2026 12:58:10 - INFO - utils.trainer -   Accuracy: 0.76042
08/01/2026 12:58:10 - INFO - utils.trainer -   Precision: 0.79167
08/01/2026 12:58:10 - INFO - utils.trainer -   Specificity: 0.77778
08/01/2026 12:58:10 - INFO - utils.trainer -   Sensitivity: 0.74510
08/01/2026 12:58:10 - INFO - utils.trainer -   Model saved to output_dir/ALTER_Beirut_train
08/01/2026 12:58:10 - INFO - utils.trainer -   Best model saved (val_AUC=0.7991)
08/01/2026 12:58:10 - INFO - utils.trainer -   Epoch: 16, Loss: 1.57168, Val loss: 1.63326, Val AUC: 0.7991, Best val AUC: 0.7991, No improve: 0/10, Time: 1.4s
08/01/2026 12:58:11 - INFO - utils.trainer -   ***** Running evaluation on val dataset *****
08/01/2026 12:58:12 - INFO - utils.trainer -   Loss: 1.71687
08/01/2026 12:58:12 - INFO - utils.trainer -   AUC: 0.78867
08/01/2026 12:58:12 - INFO - utils.trainer -   Accuracy: 0.70312
08/01/2026 12:58:12 - INFO - utils.trainer -   Precision: 0.67717
08/01/2026 12:58:12 - INFO - utils.trainer -   Specificity: 0.54444
08/01/2026 12:58:12 - INFO - utils.trainer -   Sensitivity: 0.84314
08/01/2026 12:58:12 - INFO - utils.trainer -   Epoch: 17, Loss: 1.41599, Val loss: 1.71687, Val AUC: 0.7887, Best val AUC: 0.7991, No improve: 1/10, Time: 1.6s
08/01/2026 12:58:13 - INFO - utils.trainer -   ***** Running evaluation on val dataset *****
08/01/2026 12:58:14 - INFO - utils.trainer -   Loss: 1.59919
08/01/2026 12:58:14 - INFO - utils.trainer -   AUC: 0.81383
08/01/2026 12:58:14 - INFO - utils.trainer -   Accuracy: 0.75521
08/01/2026 12:58:14 - INFO - utils.trainer -   Precision: 0.75229
08/01/2026 12:58:14 - INFO - utils.trainer -   Specificity: 0.70000
08/01/2026 12:58:14 - INFO - utils.trainer -   Sensitivity: 0.80392
08/01/2026 12:58:14 - INFO - utils.trainer -   Model saved to output_dir/ALTER_Beirut_train
08/01/2026 12:58:14 - INFO - utils.trainer -   Best model saved (val_AUC=0.8138)
08/01/2026 12:58:14 - INFO - utils.trainer -   Epoch: 18, Loss: 1.44650, Val loss: 1.59919, Val AUC: 0.8138, Best val AUC: 0.8138, No improve: 0/10, Time: 1.6s
08/01/2026 12:58:16 - INFO - utils.trainer -   ***** Running evaluation on val dataset *****
08/01/2026 12:58:17 - INFO - utils.trainer -   Loss: 1.68898
08/01/2026 12:58:17 - INFO - utils.trainer -   AUC: 0.79118
08/01/2026 12:58:17 - INFO - utils.trainer -   Accuracy: 0.74479
08/01/2026 12:58:17 - INFO - utils.trainer -   Precision: 0.83544
08/01/2026 12:58:17 - INFO - utils.trainer -   Specificity: 0.85556
08/01/2026 12:58:17 - INFO - utils.trainer -   Sensitivity: 0.64706
08/01/2026 12:58:17 - INFO - utils.trainer -   Epoch: 19, Loss: 1.20321, Val loss: 1.68898, Val AUC: 0.7912, Best val AUC: 0.8138, No improve: 1/10, Time: 1.5s
08/01/2026 12:58:18 - INFO - utils.trainer -   ***** Running evaluation on val dataset *****
08/01/2026 12:58:19 - INFO - utils.trainer -   Loss: 1.65181
08/01/2026 12:58:19 - INFO - utils.trainer -   AUC: 0.80283
08/01/2026 12:58:19 - INFO - utils.trainer -   Accuracy: 0.75000
08/01/2026 12:58:19 - INFO - utils.trainer -   Precision: 0.82143
08/01/2026 12:58:19 - INFO - utils.trainer -   Specificity: 0.83333
08/01/2026 12:58:19 - INFO - utils.trainer -   Sensitivity: 0.67647
08/01/2026 12:58:19 - INFO - utils.trainer -   Epoch: 20, Loss: 1.26687, Val loss: 1.65181, Val AUC: 0.8028, Best val AUC: 0.8138, No improve: 2/10, Time: 1.5s
08/01/2026 12:58:20 - INFO - utils.trainer -   ***** Running evaluation on val dataset *****
08/01/2026 12:58:21 - INFO - utils.trainer -   Loss: 1.55294
08/01/2026 12:58:21 - INFO - utils.trainer -   AUC: 0.82974
08/01/2026 12:58:21 - INFO - utils.trainer -   Accuracy: 0.77604
08/01/2026 12:58:21 - INFO - utils.trainer -   Precision: 0.78095
08/01/2026 12:58:21 - INFO - utils.trainer -   Specificity: 0.74444
08/01/2026 12:58:21 - INFO - utils.trainer -   Sensitivity: 0.80392
08/01/2026 12:58:21 - INFO - utils.trainer -   Model saved to output_dir/ALTER_Beirut_train
08/01/2026 12:58:21 - INFO - utils.trainer -   Best model saved (val_AUC=0.8297)
08/01/2026 12:58:21 - INFO - utils.trainer -   Epoch: 21, Loss: 1.33355, Val loss: 1.55294, Val AUC: 0.8297, Best val AUC: 0.8297, No improve: 0/10, Time: 1.6s
08/01/2026 12:58:23 - INFO - utils.trainer -   ***** Running evaluation on val dataset *****
08/01/2026 12:58:23 - INFO - utils.trainer -   Loss: 1.66632
08/01/2026 12:58:23 - INFO - utils.trainer -   AUC: 0.80599
08/01/2026 12:58:23 - INFO - utils.trainer -   Accuracy: 0.72917
08/01/2026 12:58:23 - INFO - utils.trainer -   Precision: 0.80488
08/01/2026 12:58:23 - INFO - utils.trainer -   Specificity: 0.82222
08/01/2026 12:58:23 - INFO - utils.trainer -   Sensitivity: 0.64706
08/01/2026 12:58:23 - INFO - utils.trainer -   Epoch: 22, Loss: 1.07227, Val loss: 1.66632, Val AUC: 0.8060, Best val AUC: 0.8297, No improve: 1/10, Time: 1.6s
08/01/2026 12:58:25 - INFO - utils.trainer -   ***** Running evaluation on val dataset *****
08/01/2026 12:58:26 - INFO - utils.trainer -   Loss: 1.51929
08/01/2026 12:58:26 - INFO - utils.trainer -   AUC: 0.84619
08/01/2026 12:58:26 - INFO - utils.trainer -   Accuracy: 0.76562
08/01/2026 12:58:26 - INFO - utils.trainer -   Precision: 0.76147
08/01/2026 12:58:26 - INFO - utils.trainer -   Specificity: 0.71111
08/01/2026 12:58:26 - INFO - utils.trainer -   Sensitivity: 0.81373
08/01/2026 12:58:26 - INFO - utils.trainer -   Model saved to output_dir/ALTER_Beirut_train
08/01/2026 12:58:26 - INFO - utils.trainer -   Best model saved (val_AUC=0.8462)
08/01/2026 12:58:26 - INFO - utils.trainer -   Epoch: 23, Loss: 1.08552, Val loss: 1.51929, Val AUC: 0.8462, Best val AUC: 0.8462, No improve: 0/10, Time: 1.5s
08/01/2026 12:58:27 - INFO - utils.trainer -   ***** Running evaluation on val dataset *****
08/01/2026 12:58:28 - INFO - utils.trainer -   Loss: 1.48834
08/01/2026 12:58:28 - INFO - utils.trainer -   AUC: 0.84074
08/01/2026 12:58:28 - INFO - utils.trainer -   Accuracy: 0.78646
08/01/2026 12:58:28 - INFO - utils.trainer -   Precision: 0.81443
08/01/2026 12:58:28 - INFO - utils.trainer -   Specificity: 0.80000
08/01/2026 12:58:28 - INFO - utils.trainer -   Sensitivity: 0.77451
08/01/2026 12:58:28 - INFO - utils.trainer -   Epoch: 24, Loss: 1.17697, Val loss: 1.48834, Val AUC: 0.8407, Best val AUC: 0.8462, No improve: 1/10, Time: 1.6s
08/01/2026 12:58:29 - INFO - utils.trainer -   ***** Running evaluation on val dataset *****
08/01/2026 12:58:30 - INFO - utils.trainer -   Loss: 1.65228
08/01/2026 12:58:30 - INFO - utils.trainer -   AUC: 0.81928
08/01/2026 12:58:30 - INFO - utils.trainer -   Accuracy: 0.77604
08/01/2026 12:58:30 - INFO - utils.trainer -   Precision: 0.85542
08/01/2026 12:58:30 - INFO - utils.trainer -   Specificity: 0.86667
08/01/2026 12:58:30 - INFO - utils.trainer -   Sensitivity: 0.69608
08/01/2026 12:58:30 - INFO - utils.trainer -   Epoch: 25, Loss: 1.30422, Val loss: 1.65228, Val AUC: 0.8193, Best val AUC: 0.8462, No improve: 2/10, Time: 1.5s
08/01/2026 12:58:31 - INFO - utils.trainer -   ***** Running evaluation on val dataset *****
08/01/2026 12:58:32 - INFO - utils.trainer -   Loss: 1.60102
08/01/2026 12:58:32 - INFO - utils.trainer -   AUC: 0.84172
08/01/2026 12:58:32 - INFO - utils.trainer -   Accuracy: 0.75000
08/01/2026 12:58:32 - INFO - utils.trainer -   Precision: 0.72500
08/01/2026 12:58:32 - INFO - utils.trainer -   Specificity: 0.63333
08/01/2026 12:58:32 - INFO - utils.trainer -   Sensitivity: 0.85294
08/01/2026 12:58:32 - INFO - utils.trainer -   Epoch: 26, Loss: 1.30787, Val loss: 1.60102, Val AUC: 0.8417, Best val AUC: 0.8462, No improve: 3/10, Time: 1.4s
08/01/2026 12:58:34 - INFO - utils.trainer -   ***** Running evaluation on val dataset *****
08/01/2026 12:58:34 - INFO - utils.trainer -   Loss: 1.52393
08/01/2026 12:58:34 - INFO - utils.trainer -   AUC: 0.83584
08/01/2026 12:58:34 - INFO - utils.trainer -   Accuracy: 0.77083
08/01/2026 12:58:34 - INFO - utils.trainer -   Precision: 0.79000
08/01/2026 12:58:34 - INFO - utils.trainer -   Specificity: 0.76667
08/01/2026 12:58:34 - INFO - utils.trainer -   Sensitivity: 0.77451
08/01/2026 12:58:34 - INFO - utils.trainer -   Epoch: 27, Loss: 1.08845, Val loss: 1.52393, Val AUC: 0.8358, Best val AUC: 0.8462, No improve: 4/10, Time: 1.5s
08/01/2026 12:58:36 - INFO - utils.trainer -   ***** Running evaluation on val dataset *****
08/01/2026 12:58:37 - INFO - utils.trainer -   Loss: 1.61385
08/01/2026 12:58:37 - INFO - utils.trainer -   AUC: 0.81993
08/01/2026 12:58:37 - INFO - utils.trainer -   Accuracy: 0.71354
08/01/2026 12:58:37 - INFO - utils.trainer -   Precision: 0.71171
08/01/2026 12:58:37 - INFO - utils.trainer -   Specificity: 0.64444
08/01/2026 12:58:37 - INFO - utils.trainer -   Sensitivity: 0.77451
08/01/2026 12:58:37 - INFO - utils.trainer -   Epoch: 28, Loss: 1.20466, Val loss: 1.61385, Val AUC: 0.8199, Best val AUC: 0.8462, No improve: 5/10, Time: 1.6s
08/01/2026 12:58:38 - INFO - utils.trainer -   ***** Running evaluation on val dataset *****
08/01/2026 12:58:39 - INFO - utils.trainer -   Loss: 1.53458
08/01/2026 12:58:39 - INFO - utils.trainer -   AUC: 0.83736
08/01/2026 12:58:39 - INFO - utils.trainer -   Accuracy: 0.75521
08/01/2026 12:58:39 - INFO - utils.trainer -   Precision: 0.75701
08/01/2026 12:58:39 - INFO - utils.trainer -   Specificity: 0.71111
08/01/2026 12:58:39 - INFO - utils.trainer -   Sensitivity: 0.79412
08/01/2026 12:58:39 - INFO - utils.trainer -   Epoch: 29, Loss: 0.99649, Val loss: 1.53458, Val AUC: 0.8374, Best val AUC: 0.8462, No improve: 6/10, Time: 1.5s
08/01/2026 12:58:41 - INFO - utils.trainer -   ***** Running evaluation on val dataset *****
08/01/2026 12:58:41 - INFO - utils.trainer -   Loss: 1.70991
08/01/2026 12:58:41 - INFO - utils.trainer -   AUC: 0.82919
08/01/2026 12:58:41 - INFO - utils.trainer -   Accuracy: 0.70833
08/01/2026 12:58:41 - INFO - utils.trainer -   Precision: 0.67969
08/01/2026 12:58:41 - INFO - utils.trainer -   Specificity: 0.54444
08/01/2026 12:58:41 - INFO - utils.trainer -   Sensitivity: 0.85294
08/01/2026 12:58:41 - INFO - utils.trainer -   Epoch: 30, Loss: 1.24068, Val loss: 1.70991, Val AUC: 0.8292, Best val AUC: 0.8462, No improve: 7/10, Time: 1.6s
08/01/2026 12:58:43 - INFO - utils.trainer -   ***** Running evaluation on val dataset *****
08/01/2026 12:58:44 - INFO - utils.trainer -   Loss: 1.77609
08/01/2026 12:58:44 - INFO - utils.trainer -   AUC: 0.80556
08/01/2026 12:58:44 - INFO - utils.trainer -   Accuracy: 0.73958
08/01/2026 12:58:44 - INFO - utils.trainer -   Precision: 0.79545
08/01/2026 12:58:44 - INFO - utils.trainer -   Specificity: 0.80000
08/01/2026 12:58:44 - INFO - utils.trainer -   Sensitivity: 0.68627
08/01/2026 12:58:44 - INFO - utils.trainer -   Epoch: 31, Loss: 1.09855, Val loss: 1.77609, Val AUC: 0.8056, Best val AUC: 0.8462, No improve: 8/10, Time: 1.6s
08/01/2026 12:58:45 - INFO - utils.trainer -   ***** Running evaluation on val dataset *****
08/01/2026 12:58:46 - INFO - utils.trainer -   Loss: 2.16528
08/01/2026 12:58:46 - INFO - utils.trainer -   AUC: 0.77854
08/01/2026 12:58:46 - INFO - utils.trainer -   Accuracy: 0.72917
08/01/2026 12:58:46 - INFO - utils.trainer -   Precision: 0.82895
08/01/2026 12:58:46 - INFO - utils.trainer -   Specificity: 0.85556
08/01/2026 12:58:46 - INFO - utils.trainer -   Sensitivity: 0.61765
08/01/2026 12:58:46 - INFO - utils.trainer -   Epoch: 32, Loss: 1.06674, Val loss: 2.16528, Val AUC: 0.7785, Best val AUC: 0.8462, No improve: 9/10, Time: 1.6s
08/01/2026 12:58:48 - INFO - utils.trainer -   ***** Running evaluation on val dataset *****
08/01/2026 12:58:48 - INFO - utils.trainer -   Loss: 1.57045
08/01/2026 12:58:48 - INFO - utils.trainer -   AUC: 0.85044
08/01/2026 12:58:48 - INFO - utils.trainer -   Accuracy: 0.77604
08/01/2026 12:58:48 - INFO - utils.trainer -   Precision: 0.86420
08/01/2026 12:58:48 - INFO - utils.trainer -   Specificity: 0.87778
08/01/2026 12:58:48 - INFO - utils.trainer -   Sensitivity: 0.68627
08/01/2026 12:58:48 - INFO - utils.trainer -   Model saved to output_dir/ALTER_Beirut_train
08/01/2026 12:58:48 - INFO - utils.trainer -   Best model saved (val_AUC=0.8504)
08/01/2026 12:58:48 - INFO - utils.trainer -   Epoch: 33, Loss: 1.06912, Val loss: 1.57045, Val AUC: 0.8504, Best val AUC: 0.8504, No improve: 0/10, Time: 1.5s
08/01/2026 12:58:50 - INFO - utils.trainer -   ***** Running evaluation on val dataset *****
08/01/2026 12:58:51 - INFO - utils.trainer -   Loss: 1.56552
08/01/2026 12:58:51 - INFO - utils.trainer -   AUC: 0.84303
08/01/2026 12:58:51 - INFO - utils.trainer -   Accuracy: 0.80729
08/01/2026 12:58:51 - INFO - utils.trainer -   Precision: 0.84946
08/01/2026 12:58:51 - INFO - utils.trainer -   Specificity: 0.84444
08/01/2026 12:58:51 - INFO - utils.trainer -   Sensitivity: 0.77451
08/01/2026 12:58:51 - INFO - utils.trainer -   Epoch: 34, Loss: 0.84037, Val loss: 1.56552, Val AUC: 0.8430, Best val AUC: 0.8504, No improve: 1/10, Time: 1.5s
08/01/2026 12:58:52 - INFO - utils.trainer -   ***** Running evaluation on val dataset *****
08/01/2026 12:58:53 - INFO - utils.trainer -   Loss: 1.84649
08/01/2026 12:58:53 - INFO - utils.trainer -   AUC: 0.80991
08/01/2026 12:58:53 - INFO - utils.trainer -   Accuracy: 0.74479
08/01/2026 12:58:53 - INFO - utils.trainer -   Precision: 0.76238
08/01/2026 12:58:53 - INFO - utils.trainer -   Specificity: 0.73333
08/01/2026 12:58:53 - INFO - utils.trainer -   Sensitivity: 0.75490
08/01/2026 12:58:53 - INFO - utils.trainer -   Epoch: 35, Loss: 0.99458, Val loss: 1.84649, Val AUC: 0.8099, Best val AUC: 0.8504, No improve: 2/10, Time: 1.5s
08/01/2026 12:58:54 - INFO - utils.trainer -   ***** Running evaluation on val dataset *****
08/01/2026 12:58:55 - INFO - utils.trainer -   Loss: 1.66227
08/01/2026 12:58:55 - INFO - utils.trainer -   AUC: 0.82930
08/01/2026 12:58:55 - INFO - utils.trainer -   Accuracy: 0.73958
08/01/2026 12:58:55 - INFO - utils.trainer -   Precision: 0.76000
08/01/2026 12:58:55 - INFO - utils.trainer -   Specificity: 0.73333
08/01/2026 12:58:55 - INFO - utils.trainer -   Sensitivity: 0.74510
08/01/2026 12:58:55 - INFO - utils.trainer -   Epoch: 36, Loss: 1.17290, Val loss: 1.66227, Val AUC: 0.8293, Best val AUC: 0.8504, No improve: 3/10, Time: 1.4s
08/01/2026 12:58:57 - INFO - utils.trainer -   ***** Running evaluation on val dataset *****
08/01/2026 12:58:57 - INFO - utils.trainer -   Loss: 1.58045
08/01/2026 12:58:57 - INFO - utils.trainer -   AUC: 0.85839
08/01/2026 12:58:57 - INFO - utils.trainer -   Accuracy: 0.81250
08/01/2026 12:58:57 - INFO - utils.trainer -   Precision: 0.86667
08/01/2026 12:58:57 - INFO - utils.trainer -   Specificity: 0.86667
08/01/2026 12:58:57 - INFO - utils.trainer -   Sensitivity: 0.76471
08/01/2026 12:58:57 - INFO - utils.trainer -   Model saved to output_dir/ALTER_Beirut_train
08/01/2026 12:58:57 - INFO - utils.trainer -   Best model saved (val_AUC=0.8584)
08/01/2026 12:58:57 - INFO - utils.trainer -   Epoch: 37, Loss: 0.91215, Val loss: 1.58045, Val AUC: 0.8584, Best val AUC: 0.8584, No improve: 0/10, Time: 1.5s
08/01/2026 12:58:59 - INFO - utils.trainer -   ***** Running evaluation on val dataset *****
08/01/2026 12:59:00 - INFO - utils.trainer -   Loss: 1.69741
08/01/2026 12:59:00 - INFO - utils.trainer -   AUC: 0.85523
08/01/2026 12:59:00 - INFO - utils.trainer -   Accuracy: 0.78646
08/01/2026 12:59:00 - INFO - utils.trainer -   Precision: 0.88608
08/01/2026 12:59:00 - INFO - utils.trainer -   Specificity: 0.90000
08/01/2026 12:59:00 - INFO - utils.trainer -   Sensitivity: 0.68627
08/01/2026 12:59:00 - INFO - utils.trainer -   Epoch: 38, Loss: 0.99957, Val loss: 1.69741, Val AUC: 0.8552, Best val AUC: 0.8584, No improve: 1/10, Time: 1.5s
08/01/2026 12:59:01 - INFO - utils.trainer -   ***** Running evaluation on val dataset *****
08/01/2026 12:59:02 - INFO - utils.trainer -   Loss: 1.68967
08/01/2026 12:59:02 - INFO - utils.trainer -   AUC: 0.82996
08/01/2026 12:59:02 - INFO - utils.trainer -   Accuracy: 0.77083
08/01/2026 12:59:02 - INFO - utils.trainer -   Precision: 0.77885
08/01/2026 12:59:02 - INFO - utils.trainer -   Specificity: 0.74444
08/01/2026 12:59:02 - INFO - utils.trainer -   Sensitivity: 0.79412
08/01/2026 12:59:02 - INFO - utils.trainer -   Epoch: 39, Loss: 1.05530, Val loss: 1.68967, Val AUC: 0.8300, Best val AUC: 0.8584, No improve: 2/10, Time: 1.4s
08/01/2026 12:59:04 - INFO - utils.trainer -   ***** Running evaluation on val dataset *****
08/01/2026 12:59:04 - INFO - utils.trainer -   Loss: 1.72412
08/01/2026 12:59:04 - INFO - utils.trainer -   AUC: 0.82462
08/01/2026 12:59:04 - INFO - utils.trainer -   Accuracy: 0.75000
08/01/2026 12:59:04 - INFO - utils.trainer -   Precision: 0.75472
08/01/2026 12:59:04 - INFO - utils.trainer -   Specificity: 0.71111
08/01/2026 12:59:04 - INFO - utils.trainer -   Sensitivity: 0.78431
08/01/2026 12:59:04 - INFO - utils.trainer -   Epoch: 40, Loss: 1.03751, Val loss: 1.72412, Val AUC: 0.8246, Best val AUC: 0.8584, No improve: 3/10, Time: 1.6s
08/01/2026 12:59:06 - INFO - utils.trainer -   ***** Running evaluation on val dataset *****
08/01/2026 12:59:07 - INFO - utils.trainer -   Loss: 2.43291
08/01/2026 12:59:07 - INFO - utils.trainer -   AUC: 0.83170
08/01/2026 12:59:07 - INFO - utils.trainer -   Accuracy: 0.73438
08/01/2026 12:59:07 - INFO - utils.trainer -   Precision: 0.89231
08/01/2026 12:59:07 - INFO - utils.trainer -   Specificity: 0.92222
08/01/2026 12:59:07 - INFO - utils.trainer -   Sensitivity: 0.56863
08/01/2026 12:59:07 - INFO - utils.trainer -   Epoch: 41, Loss: 0.82724, Val loss: 2.43291, Val AUC: 0.8317, Best val AUC: 0.8584, No improve: 4/10, Time: 1.5s
08/01/2026 12:59:08 - INFO - utils.trainer -   ***** Running evaluation on val dataset *****
08/01/2026 12:59:09 - INFO - utils.trainer -   Loss: 1.65552
08/01/2026 12:59:09 - INFO - utils.trainer -   AUC: 0.84673
08/01/2026 12:59:09 - INFO - utils.trainer -   Accuracy: 0.78646
08/01/2026 12:59:09 - INFO - utils.trainer -   Precision: 0.80198
08/01/2026 12:59:09 - INFO - utils.trainer -   Specificity: 0.77778
08/01/2026 12:59:09 - INFO - utils.trainer -   Sensitivity: 0.79412
08/01/2026 12:59:09 - INFO - utils.trainer -   Epoch: 42, Loss: 0.94548, Val loss: 1.65552, Val AUC: 0.8467, Best val AUC: 0.8584, No improve: 5/10, Time: 1.5s
08/01/2026 12:59:10 - INFO - utils.trainer -   ***** Running evaluation on val dataset *****
08/01/2026 12:59:11 - INFO - utils.trainer -   Loss: 1.92157
08/01/2026 12:59:11 - INFO - utils.trainer -   AUC: 0.84532
08/01/2026 12:59:11 - INFO - utils.trainer -   Accuracy: 0.78125
08/01/2026 12:59:11 - INFO - utils.trainer -   Precision: 0.89474
08/01/2026 12:59:11 - INFO - utils.trainer -   Specificity: 0.91111
08/01/2026 12:59:11 - INFO - utils.trainer -   Sensitivity: 0.66667
08/01/2026 12:59:11 - INFO - utils.trainer -   Epoch: 43, Loss: 0.80841, Val loss: 1.92157, Val AUC: 0.8453, Best val AUC: 0.8584, No improve: 6/10, Time: 1.5s
08/01/2026 12:59:13 - INFO - utils.trainer -   ***** Running evaluation on val dataset *****
08/01/2026 12:59:14 - INFO - utils.trainer -   Loss: 1.61164
08/01/2026 12:59:14 - INFO - utils.trainer -   AUC: 0.84913
08/01/2026 12:59:14 - INFO - utils.trainer -   Accuracy: 0.80208
08/01/2026 12:59:14 - INFO - utils.trainer -   Precision: 0.82000
08/01/2026 12:59:14 - INFO - utils.trainer -   Specificity: 0.80000
08/01/2026 12:59:14 - INFO - utils.trainer -   Sensitivity: 0.80392
08/01/2026 12:59:14 - INFO - utils.trainer -   Epoch: 44, Loss: 0.80522, Val loss: 1.61164, Val AUC: 0.8491, Best val AUC: 0.8584, No improve: 7/10, Time: 1.7s
08/01/2026 12:59:15 - INFO - utils.trainer -   ***** Running evaluation on val dataset *****
08/01/2026 12:59:16 - INFO - utils.trainer -   Loss: 1.76962
08/01/2026 12:59:16 - INFO - utils.trainer -   AUC: 0.83998
08/01/2026 12:59:16 - INFO - utils.trainer -   Accuracy: 0.75521
08/01/2026 12:59:16 - INFO - utils.trainer -   Precision: 0.73504
08/01/2026 12:59:16 - INFO - utils.trainer -   Specificity: 0.65556
08/01/2026 12:59:16 - INFO - utils.trainer -   Sensitivity: 0.84314
08/01/2026 12:59:16 - INFO - utils.trainer -   Epoch: 45, Loss: 0.85476, Val loss: 1.76962, Val AUC: 0.8400, Best val AUC: 0.8584, No improve: 8/10, Time: 1.5s
08/01/2026 12:59:17 - INFO - utils.trainer -   ***** Running evaluation on val dataset *****
08/01/2026 12:59:18 - INFO - utils.trainer -   Loss: 1.70935
08/01/2026 12:59:18 - INFO - utils.trainer -   AUC: 0.84346
08/01/2026 12:59:18 - INFO - utils.trainer -   Accuracy: 0.79167
08/01/2026 12:59:18 - INFO - utils.trainer -   Precision: 0.82979
08/01/2026 12:59:18 - INFO - utils.trainer -   Specificity: 0.82222
08/01/2026 12:59:18 - INFO - utils.trainer -   Sensitivity: 0.76471
08/01/2026 12:59:18 - INFO - utils.trainer -   Epoch: 46, Loss: 0.95844, Val loss: 1.70935, Val AUC: 0.8435, Best val AUC: 0.8584, No improve: 9/10, Time: 1.5s
08/01/2026 12:59:20 - INFO - utils.trainer -   ***** Running evaluation on val dataset *****
08/01/2026 12:59:20 - INFO - utils.trainer -   Loss: 1.98480
08/01/2026 12:59:20 - INFO - utils.trainer -   AUC: 0.83377
08/01/2026 12:59:20 - INFO - utils.trainer -   Accuracy: 0.78125
08/01/2026 12:59:20 - INFO - utils.trainer -   Precision: 0.86585
08/01/2026 12:59:20 - INFO - utils.trainer -   Specificity: 0.87778
08/01/2026 12:59:20 - INFO - utils.trainer -   Sensitivity: 0.69608
08/01/2026 12:59:20 - INFO - utils.trainer -   Epoch: 47, Loss: 0.62701, Val loss: 1.98480, Val AUC: 0.8338, Best val AUC: 0.8584, No improve: 10/10, Time: 1.5s
08/01/2026 12:59:20 - INFO - utils.trainer -   Early stopping triggered at epoch 47
08/01/2026 12:59:20 - INFO - utils.trainer -   Early stopping triggered at epoch 47
08/01/2026 12:59:20 - INFO - utils.trainer -   Early stopping triggered at epoch 47
08/01/2026 12:59:20 - INFO - utils.trainer -   Early stopping triggered at epoch 47
08/01/2026 12:59:20 - INFO - utils.trainer -   Early stopping triggered at epoch 47
08/01/2026 12:59:20 - INFO - utils.trainer -   Early stopping triggered at epoch 47
08/01/2026 12:59:20 - INFO - utils.trainer -     6 keys not in checkpoint (kept from init)
08/01/2026 12:59:20 - INFO - utils.trainer -   Model loaded from output_dir/ALTER_Beirut_train/ALTER-0.bin (27/27 keys)
08/01/2026 12:59:20 - INFO - utils.trainer -   ***** Running evaluation on test dataset *****
08/01/2026 12:59:20 - INFO - utils.trainer -     6 keys not in checkpoint (kept from init)
08/01/2026 12:59:20 - INFO - utils.trainer -     6 keys not in checkpoint (kept from init)
08/01/2026 12:59:20 - INFO - utils.trainer -   Model loaded from output_dir/ALTER_Beirut_train/ALTER-0.bin (27/27 keys)
08/01/2026 12:59:20 - INFO - utils.trainer -   Model loaded from output_dir/ALTER_Beirut_train/ALTER-0.bin (27/27 keys)
08/01/2026 12:59:20 - INFO - utils.trainer -     6 keys not in checkpoint (kept from init)
08/01/2026 12:59:20 - INFO - utils.trainer -   Model loaded from output_dir/ALTER_Beirut_train/ALTER-0.bin (27/27 keys)
08/01/2026 12:59:20 - INFO - utils.trainer -     6 keys not in checkpoint (kept from init)
08/01/2026 12:59:20 - INFO - utils.trainer -   Model loaded from output_dir/ALTER_Beirut_train/ALTER-0.bin (27/27 keys)
08/01/2026 12:59:20 - INFO - utils.trainer -     6 keys not in checkpoint (kept from init)
08/01/2026 12:59:20 - INFO - utils.trainer -   Model loaded from output_dir/ALTER_Beirut_train/ALTER-0.bin (27/27 keys)
08/01/2026 12:59:21 - INFO - utils.trainer -   Loss: 1.55178
08/01/2026 12:59:21 - INFO - utils.trainer -   AUC: 0.84474
08/01/2026 12:59:21 - INFO - utils.trainer -   Accuracy: 0.76562
08/01/2026 12:59:21 - INFO - utils.trainer -   Precision: 0.70909
08/01/2026 12:59:21 - INFO - utils.trainer -   Specificity: 0.68317
08/01/2026 12:59:21 - INFO - utils.trainer -   Sensitivity: 0.85714
08/01/2026 12:59:21 - INFO - utils.trainer -   === Best epoch test result ===
08/01/2026 12:59:21 - INFO - utils.trainer -     Loss: 1.55178
08/01/2026 12:59:21 - INFO - utils.trainer -     AUC: 0.84474
08/01/2026 12:59:21 - INFO - utils.trainer -     Accuracy: 0.76562
08/01/2026 12:59:21 - INFO - utils.trainer -     Precision: 0.70909
08/01/2026 12:59:21 - INFO - utils.trainer -     Specificity: 0.68317
08/01/2026 12:59:21 - INFO - utils.trainer -     Sensitivity: 0.85714
08/01/2026 12:59:21 - INFO - utils.trainer -   Model saved to output_dir/ALTER_Beirut_train/final-epoch-200
08/01/2026 12:59:21 - INFO - utils.trainer -   Final model saved at epoch 200
