07/30/2026 20:35:03 - INFO - __main__ -   ########## Repeat:0 ##########
07/30/2026 20:35:03 - INFO - utils.trainer -   ***** Running training *****
07/30/2026 20:35:03 - INFO - utils.trainer -     Num examples = 192
07/30/2026 20:35:03 - INFO - utils.trainer -     Num Epochs = 200
07/30/2026 20:35:03 - INFO - utils.trainer -     Total train batch size = 3
07/30/2026 20:35:03 - INFO - utils.trainer -     warmup steps = 400
07/30/2026 20:35:03 - INFO - utils.trainer -     Total optimization steps = 38400
07/30/2026 20:35:03 - INFO - utils.trainer -     Save steps = 25
07/30/2026 20:36:32 - INFO - utils.trainer -   ***** Running evaluation on val dataset *****
07/30/2026 20:36:43 - INFO - utils.trainer -   Loss: 0.70008
07/30/2026 20:36:43 - INFO - utils.trainer -   AUC: 0.55030
07/30/2026 20:36:43 - INFO - utils.trainer -   Accuracy: 0.55903
07/30/2026 20:36:43 - INFO - utils.trainer -   Precision: 0.57315
07/30/2026 20:36:43 - INFO - utils.trainer -   Specificity: 0.40561
07/30/2026 20:36:43 - INFO - utils.trainer -   Sensitivity: 0.69206
07/30/2026 20:36:44 - INFO - utils.trainer -   Model saved to output_dir/TimeLLM_CAUEEG2_train
07/30/2026 20:36:44 - INFO - utils.trainer -   Best model saved (val_AUC=0.5503)
07/30/2026 20:36:44 - INFO - utils.trainer -   Epoch: 1, Loss: 0.83249, Val loss: 0.70008, Val AUC: 0.5503, Best val AUC: 0.5503, No improve: 0/10, Time: 88.8s
07/30/2026 20:38:13 - INFO - utils.trainer -   ***** Running evaluation on val dataset *****
07/30/2026 20:38:24 - INFO - utils.trainer -   Loss: 0.68834
07/30/2026 20:38:24 - INFO - utils.trainer -   AUC: 0.65179
07/30/2026 20:38:24 - INFO - utils.trainer -   Accuracy: 0.60677
07/30/2026 20:38:24 - INFO - utils.trainer -   Precision: 0.83607
07/30/2026 20:38:24 - INFO - utils.trainer -   Specificity: 0.92523
07/30/2026 20:38:24 - INFO - utils.trainer -   Sensitivity: 0.33063
07/30/2026 20:38:25 - INFO - utils.trainer -   Model saved to output_dir/TimeLLM_CAUEEG2_train
07/30/2026 20:38:25 - INFO - utils.trainer -   Best model saved (val_AUC=0.6518)
07/30/2026 20:38:25 - INFO - utils.trainer -   Epoch: 2, Loss: 0.63297, Val loss: 0.68834, Val AUC: 0.6518, Best val AUC: 0.6518, No improve: 0/10, Time: 88.3s
07/30/2026 20:39:54 - INFO - utils.trainer -   ***** Running evaluation on val dataset *****
07/30/2026 20:40:06 - INFO - utils.trainer -   Loss: 0.72474
07/30/2026 20:40:06 - INFO - utils.trainer -   AUC: 0.69588
07/30/2026 20:40:06 - INFO - utils.trainer -   Accuracy: 0.56076
07/30/2026 20:40:06 - INFO - utils.trainer -   Precision: 0.55321
07/30/2026 20:40:06 - INFO - utils.trainer -   Specificity: 0.12897
07/30/2026 20:40:06 - INFO - utils.trainer -   Sensitivity: 0.93517
07/30/2026 20:40:07 - INFO - utils.trainer -   Model saved to output_dir/TimeLLM_CAUEEG2_train
07/30/2026 20:40:07 - INFO - utils.trainer -   Best model saved (val_AUC=0.6959)
07/30/2026 20:40:07 - INFO - utils.trainer -   Epoch: 3, Loss: 0.59776, Val loss: 0.72474, Val AUC: 0.6959, Best val AUC: 0.6959, No improve: 0/10, Time: 88.3s
07/30/2026 20:41:35 - INFO - utils.trainer -   ***** Running evaluation on val dataset *****
07/30/2026 20:41:47 - INFO - utils.trainer -   Loss: 0.67011
07/30/2026 20:41:47 - INFO - utils.trainer -   AUC: 0.68943
07/30/2026 20:41:47 - INFO - utils.trainer -   Accuracy: 0.62240
07/30/2026 20:41:47 - INFO - utils.trainer -   Precision: 0.62331
07/30/2026 20:41:47 - INFO - utils.trainer -   Specificity: 0.48037
07/30/2026 20:41:47 - INFO - utils.trainer -   Sensitivity: 0.74554
07/30/2026 20:41:47 - INFO - utils.trainer -   Epoch: 4, Loss: 0.61243, Val loss: 0.67011, Val AUC: 0.6894, Best val AUC: 0.6959, No improve: 1/10, Time: 88.3s
07/30/2026 20:43:15 - INFO - utils.trainer -   ***** Running evaluation on val dataset *****
07/30/2026 20:43:27 - INFO - utils.trainer -   Loss: 0.69415
07/30/2026 20:43:27 - INFO - utils.trainer -   AUC: 0.73861
07/30/2026 20:43:27 - INFO - utils.trainer -   Accuracy: 0.62674
07/30/2026 20:43:27 - INFO - utils.trainer -   Precision: 0.90476
07/30/2026 20:43:27 - INFO - utils.trainer -   Specificity: 0.95888
07/30/2026 20:43:27 - INFO - utils.trainer -   Sensitivity: 0.33874
07/30/2026 20:43:28 - INFO - utils.trainer -   Model saved to output_dir/TimeLLM_CAUEEG2_train
07/30/2026 20:43:28 - INFO - utils.trainer -   Best model saved (val_AUC=0.7386)
07/30/2026 20:43:28 - INFO - utils.trainer -   Epoch: 5, Loss: 0.52130, Val loss: 0.69415, Val AUC: 0.7386, Best val AUC: 0.7386, No improve: 0/10, Time: 88.2s
07/30/2026 20:44:57 - INFO - utils.trainer -   ***** Running evaluation on val dataset *****
07/30/2026 20:45:09 - INFO - utils.trainer -   Loss: 0.79235
07/30/2026 20:45:09 - INFO - utils.trainer -   AUC: 0.74795
07/30/2026 20:45:09 - INFO - utils.trainer -   Accuracy: 0.62500
07/30/2026 20:45:09 - INFO - utils.trainer -   Precision: 0.59851
07/30/2026 20:45:09 - INFO - utils.trainer -   Specificity: 0.29533
07/30/2026 20:45:09 - INFO - utils.trainer -   Sensitivity: 0.91086
07/30/2026 20:45:10 - INFO - utils.trainer -   Model saved to output_dir/TimeLLM_CAUEEG2_train
07/30/2026 20:45:10 - INFO - utils.trainer -   Best model saved (val_AUC=0.7479)
07/30/2026 20:45:10 - INFO - utils.trainer -   Epoch: 6, Loss: 0.51516, Val loss: 0.79235, Val AUC: 0.7479, Best val AUC: 0.7479, No improve: 0/10, Time: 88.4s
07/30/2026 20:46:39 - INFO - utils.trainer -   ***** Running evaluation on val dataset *****
07/30/2026 20:46:51 - INFO - utils.trainer -   Loss: 0.69254
07/30/2026 20:46:51 - INFO - utils.trainer -   AUC: 0.74841
07/30/2026 20:46:51 - INFO - utils.trainer -   Accuracy: 0.67361
07/30/2026 20:46:51 - INFO - utils.trainer -   Precision: 0.71790
07/30/2026 20:46:51 - INFO - utils.trainer -   Specificity: 0.70841
07/30/2026 20:46:51 - INFO - utils.trainer -   Sensitivity: 0.64344
07/30/2026 20:46:51 - INFO - utils.trainer -   Epoch: 7, Loss: 0.46290, Val loss: 0.69254, Val AUC: 0.7484, Best val AUC: 0.7479, No improve: 1/10, Time: 89.0s
07/30/2026 20:48:20 - INFO - utils.trainer -   ***** Running evaluation on val dataset *****
07/30/2026 20:48:32 - INFO - utils.trainer -   Loss: 0.80636
07/30/2026 20:48:32 - INFO - utils.trainer -   AUC: 0.75945
07/30/2026 20:48:32 - INFO - utils.trainer -   Accuracy: 0.63542
07/30/2026 20:48:32 - INFO - utils.trainer -   Precision: 0.80685
07/30/2026 20:48:32 - INFO - utils.trainer -   Specificity: 0.88411
07/30/2026 20:48:32 - INFO - utils.trainer -   Sensitivity: 0.41977
07/30/2026 20:48:33 - INFO - utils.trainer -   Model saved to output_dir/TimeLLM_CAUEEG2_train
07/30/2026 20:48:33 - INFO - utils.trainer -   Best model saved (val_AUC=0.7595)
07/30/2026 20:48:33 - INFO - utils.trainer -   Epoch: 8, Loss: 0.43856, Val loss: 0.80636, Val AUC: 0.7595, Best val AUC: 0.7595, No improve: 0/10, Time: 89.1s
07/30/2026 20:50:02 - INFO - utils.trainer -   ***** Running evaluation on val dataset *****
07/30/2026 20:50:14 - INFO - utils.trainer -   Loss: 0.83077
07/30/2026 20:50:14 - INFO - utils.trainer -   AUC: 0.77290
07/30/2026 20:50:14 - INFO - utils.trainer -   Accuracy: 0.63455
07/30/2026 20:50:14 - INFO - utils.trainer -   Precision: 0.60166
07/30/2026 20:50:14 - INFO - utils.trainer -   Specificity: 0.28224
07/30/2026 20:50:14 - INFO - utils.trainer -   Sensitivity: 0.94003
07/30/2026 20:50:15 - INFO - utils.trainer -   Model saved to output_dir/TimeLLM_CAUEEG2_train
07/30/2026 20:50:15 - INFO - utils.trainer -   Best model saved (val_AUC=0.7729)
07/30/2026 20:50:15 - INFO - utils.trainer -   Epoch: 9, Loss: 0.41869, Val loss: 0.83077, Val AUC: 0.7729, Best val AUC: 0.7729, No improve: 0/10, Time: 88.5s
07/30/2026 20:51:43 - INFO - utils.trainer -   ***** Running evaluation on val dataset *****
07/30/2026 20:51:55 - INFO - utils.trainer -   Loss: 0.72409
07/30/2026 20:51:55 - INFO - utils.trainer -   AUC: 0.75994
07/30/2026 20:51:55 - INFO - utils.trainer -   Accuracy: 0.67535
07/30/2026 20:51:55 - INFO - utils.trainer -   Precision: 0.70420
07/30/2026 20:51:55 - INFO - utils.trainer -   Specificity: 0.67103
07/30/2026 20:51:55 - INFO - utils.trainer -   Sensitivity: 0.67909
07/30/2026 20:51:55 - INFO - utils.trainer -   Epoch: 10, Loss: 0.44500, Val loss: 0.72409, Val AUC: 0.7599, Best val AUC: 0.7729, No improve: 1/10, Time: 88.3s
07/30/2026 20:53:23 - INFO - utils.trainer -   ***** Running evaluation on val dataset *****
07/30/2026 20:53:35 - INFO - utils.trainer -   Loss: 0.81399
07/30/2026 20:53:35 - INFO - utils.trainer -   AUC: 0.76718
07/30/2026 20:53:35 - INFO - utils.trainer -   Accuracy: 0.68750
07/30/2026 20:53:35 - INFO - utils.trainer -   Precision: 0.83905
07/30/2026 20:53:35 - INFO - utils.trainer -   Specificity: 0.88598
07/30/2026 20:53:35 - INFO - utils.trainer -   Sensitivity: 0.51540
07/30/2026 20:53:35 - INFO - utils.trainer -   Epoch: 11, Loss: 0.37556, Val loss: 0.81399, Val AUC: 0.7672, Best val AUC: 0.7729, No improve: 2/10, Time: 88.4s
07/30/2026 20:55:03 - INFO - utils.trainer -   ***** Running evaluation on val dataset *****
07/30/2026 20:55:15 - INFO - utils.trainer -   Loss: 0.81106
07/30/2026 20:55:15 - INFO - utils.trainer -   AUC: 0.76735
07/30/2026 20:55:15 - INFO - utils.trainer -   Accuracy: 0.67535
07/30/2026 20:55:15 - INFO - utils.trainer -   Precision: 0.78060
07/30/2026 20:55:15 - INFO - utils.trainer -   Specificity: 0.82243
07/30/2026 20:55:15 - INFO - utils.trainer -   Sensitivity: 0.54781
07/30/2026 20:55:15 - INFO - utils.trainer -   Epoch: 12, Loss: 0.37242, Val loss: 0.81106, Val AUC: 0.7673, Best val AUC: 0.7729, No improve: 3/10, Time: 88.2s
07/30/2026 20:56:43 - INFO - utils.trainer -   ***** Running evaluation on val dataset *****
07/30/2026 20:56:55 - INFO - utils.trainer -   Loss: 0.79605
07/30/2026 20:56:55 - INFO - utils.trainer -   AUC: 0.77247
07/30/2026 20:56:55 - INFO - utils.trainer -   Accuracy: 0.69358
07/30/2026 20:56:55 - INFO - utils.trainer -   Precision: 0.75984
07/30/2026 20:56:55 - INFO - utils.trainer -   Specificity: 0.77196
07/30/2026 20:56:55 - INFO - utils.trainer -   Sensitivity: 0.62561
07/30/2026 20:56:55 - INFO - utils.trainer -   Epoch: 13, Loss: 0.35314, Val loss: 0.79605, Val AUC: 0.7725, Best val AUC: 0.7729, No improve: 4/10, Time: 88.2s
07/30/2026 20:58:24 - INFO - utils.trainer -   ***** Running evaluation on val dataset *****
07/30/2026 20:58:36 - INFO - utils.trainer -   Loss: 0.84808
07/30/2026 20:58:36 - INFO - utils.trainer -   AUC: 0.74880
07/30/2026 20:58:36 - INFO - utils.trainer -   Accuracy: 0.63802
07/30/2026 20:58:36 - INFO - utils.trainer -   Precision: 0.61287
07/30/2026 20:58:36 - INFO - utils.trainer -   Specificity: 0.35888
07/30/2026 20:58:36 - INFO - utils.trainer -   Sensitivity: 0.88006
07/30/2026 20:58:36 - INFO - utils.trainer -   Epoch: 14, Loss: 0.26864, Val loss: 0.84808, Val AUC: 0.7488, Best val AUC: 0.7729, No improve: 5/10, Time: 88.7s
07/30/2026 21:00:04 - INFO - utils.trainer -   ***** Running evaluation on val dataset *****
07/30/2026 21:00:16 - INFO - utils.trainer -   Loss: 0.83935
07/30/2026 21:00:16 - INFO - utils.trainer -   AUC: 0.77403
07/30/2026 21:00:16 - INFO - utils.trainer -   Accuracy: 0.69358
07/30/2026 21:00:16 - INFO - utils.trainer -   Precision: 0.77273
07/30/2026 21:00:16 - INFO - utils.trainer -   Specificity: 0.79439
07/30/2026 21:00:16 - INFO - utils.trainer -   Sensitivity: 0.60616
07/30/2026 21:00:17 - INFO - utils.trainer -   Model saved to output_dir/TimeLLM_CAUEEG2_train
07/30/2026 21:00:17 - INFO - utils.trainer -   Best model saved (val_AUC=0.7740)
07/30/2026 21:00:17 - INFO - utils.trainer -   Epoch: 15, Loss: 0.30432, Val loss: 0.83935, Val AUC: 0.7740, Best val AUC: 0.7740, No improve: 0/10, Time: 88.2s
07/30/2026 21:01:45 - INFO - utils.trainer -   ***** Running evaluation on val dataset *****
07/30/2026 21:01:57 - INFO - utils.trainer -   Loss: 0.82480
07/30/2026 21:01:57 - INFO - utils.trainer -   AUC: 0.76310
07/30/2026 21:01:57 - INFO - utils.trainer -   Accuracy: 0.68056
07/30/2026 21:01:57 - INFO - utils.trainer -   Precision: 0.71355
07/30/2026 21:01:57 - INFO - utils.trainer -   Specificity: 0.68785
07/30/2026 21:01:57 - INFO - utils.trainer -   Sensitivity: 0.67423
07/30/2026 21:01:57 - INFO - utils.trainer -   Epoch: 16, Loss: 0.28741, Val loss: 0.82480, Val AUC: 0.7631, Best val AUC: 0.7740, No improve: 1/10, Time: 88.1s
07/30/2026 21:03:25 - INFO - utils.trainer -   ***** Running evaluation on val dataset *****
07/30/2026 21:03:37 - INFO - utils.trainer -   Loss: 1.00444
07/30/2026 21:03:37 - INFO - utils.trainer -   AUC: 0.76763
07/30/2026 21:03:37 - INFO - utils.trainer -   Accuracy: 0.68316
07/30/2026 21:03:37 - INFO - utils.trainer -   Precision: 0.79167
07/30/2026 21:03:37 - INFO - utils.trainer -   Specificity: 0.83178
07/30/2026 21:03:37 - INFO - utils.trainer -   Sensitivity: 0.55429
07/30/2026 21:03:37 - INFO - utils.trainer -   Epoch: 17, Loss: 0.24636, Val loss: 1.00444, Val AUC: 0.7676, Best val AUC: 0.7740, No improve: 2/10, Time: 88.4s
07/30/2026 21:05:05 - INFO - utils.trainer -   ***** Running evaluation on val dataset *****
07/30/2026 21:05:18 - INFO - utils.trainer -   Loss: 0.93808
07/30/2026 21:05:18 - INFO - utils.trainer -   AUC: 0.77015
07/30/2026 21:05:18 - INFO - utils.trainer -   Accuracy: 0.68056
07/30/2026 21:05:18 - INFO - utils.trainer -   Precision: 0.73184
07/30/2026 21:05:18 - INFO - utils.trainer -   Specificity: 0.73084
07/30/2026 21:05:18 - INFO - utils.trainer -   Sensitivity: 0.63695
07/30/2026 21:05:18 - INFO - utils.trainer -   Epoch: 18, Loss: 0.23982, Val loss: 0.93808, Val AUC: 0.7701, Best val AUC: 0.7740, No improve: 3/10, Time: 88.3s
07/30/2026 21:06:47 - INFO - utils.trainer -   ***** Running evaluation on val dataset *****
07/30/2026 21:06:59 - INFO - utils.trainer -   Loss: 1.06480
07/30/2026 21:06:59 - INFO - utils.trainer -   AUC: 0.75366
07/30/2026 21:06:59 - INFO - utils.trainer -   Accuracy: 0.68490
07/30/2026 21:06:59 - INFO - utils.trainer -   Precision: 0.74237
07/30/2026 21:06:59 - INFO - utils.trainer -   Specificity: 0.74766
07/30/2026 21:06:59 - INFO - utils.trainer -   Sensitivity: 0.63047
07/30/2026 21:06:59 - INFO - utils.trainer -   Epoch: 19, Loss: 0.18378, Val loss: 1.06480, Val AUC: 0.7537, Best val AUC: 0.7740, No improve: 4/10, Time: 89.1s
07/30/2026 21:08:27 - INFO - utils.trainer -   ***** Running evaluation on val dataset *****
07/30/2026 21:08:39 - INFO - utils.trainer -   Loss: 0.93974
07/30/2026 21:08:39 - INFO - utils.trainer -   AUC: 0.77590
07/30/2026 21:08:39 - INFO - utils.trainer -   Accuracy: 0.68924
07/30/2026 21:08:39 - INFO - utils.trainer -   Precision: 0.69832
07/30/2026 21:08:39 - INFO - utils.trainer -   Specificity: 0.63178
07/30/2026 21:08:39 - INFO - utils.trainer -   Sensitivity: 0.73906
07/30/2026 21:08:40 - INFO - utils.trainer -   Model saved to output_dir/TimeLLM_CAUEEG2_train
07/30/2026 21:08:40 - INFO - utils.trainer -   Best model saved (val_AUC=0.7759)
07/30/2026 21:08:40 - INFO - utils.trainer -   Epoch: 20, Loss: 0.16592, Val loss: 0.93974, Val AUC: 0.7759, Best val AUC: 0.7759, No improve: 0/10, Time: 88.3s
07/30/2026 21:10:08 - INFO - utils.trainer -   ***** Running evaluation on val dataset *****
07/30/2026 21:10:20 - INFO - utils.trainer -   Loss: 1.18003
07/30/2026 21:10:20 - INFO - utils.trainer -   AUC: 0.74341
07/30/2026 21:10:20 - INFO - utils.trainer -   Accuracy: 0.64931
07/30/2026 21:10:20 - INFO - utils.trainer -   Precision: 0.63707
07/30/2026 21:10:20 - INFO - utils.trainer -   Specificity: 0.47290
07/30/2026 21:10:20 - INFO - utils.trainer -   Sensitivity: 0.80227
07/30/2026 21:10:20 - INFO - utils.trainer -   Epoch: 21, Loss: 0.15087, Val loss: 1.18003, Val AUC: 0.7434, Best val AUC: 0.7759, No improve: 1/10, Time: 88.3s
07/30/2026 21:11:49 - INFO - utils.trainer -   ***** Running evaluation on val dataset *****
07/30/2026 21:12:00 - INFO - utils.trainer -   Loss: 1.10863
07/30/2026 21:12:00 - INFO - utils.trainer -   AUC: 0.76271
07/30/2026 21:12:00 - INFO - utils.trainer -   Accuracy: 0.67535
07/30/2026 21:12:00 - INFO - utils.trainer -   Precision: 0.68721
07/30/2026 21:12:00 - INFO - utils.trainer -   Specificity: 0.62056
07/30/2026 21:12:00 - INFO - utils.trainer -   Sensitivity: 0.72285
07/30/2026 21:12:00 - INFO - utils.trainer -   Epoch: 22, Loss: 0.16378, Val loss: 1.10863, Val AUC: 0.7627, Best val AUC: 0.7759, No improve: 2/10, Time: 88.3s
07/30/2026 21:13:29 - INFO - utils.trainer -   ***** Running evaluation on val dataset *****
07/30/2026 21:13:41 - INFO - utils.trainer -   Loss: 1.05365
07/30/2026 21:13:41 - INFO - utils.trainer -   AUC: 0.75458
07/30/2026 21:13:41 - INFO - utils.trainer -   Accuracy: 0.67188
07/30/2026 21:13:41 - INFO - utils.trainer -   Precision: 0.68300
07/30/2026 21:13:41 - INFO - utils.trainer -   Specificity: 0.61308
07/30/2026 21:13:41 - INFO - utils.trainer -   Sensitivity: 0.72285
07/30/2026 21:13:41 - INFO - utils.trainer -   Epoch: 23, Loss: 0.12585, Val loss: 1.05365, Val AUC: 0.7546, Best val AUC: 0.7759, No improve: 3/10, Time: 88.3s
07/30/2026 21:15:09 - INFO - utils.trainer -   ***** Running evaluation on val dataset *****
07/30/2026 21:15:21 - INFO - utils.trainer -   Loss: 1.12793
07/30/2026 21:15:21 - INFO - utils.trainer -   AUC: 0.76162
07/30/2026 21:15:21 - INFO - utils.trainer -   Accuracy: 0.69097
07/30/2026 21:15:21 - INFO - utils.trainer -   Precision: 0.71151
07/30/2026 21:15:21 - INFO - utils.trainer -   Specificity: 0.66729
07/30/2026 21:15:21 - INFO - utils.trainer -   Sensitivity: 0.71151
07/30/2026 21:15:21 - INFO - utils.trainer -   Epoch: 24, Loss: 0.12801, Val loss: 1.12793, Val AUC: 0.7616, Best val AUC: 0.7759, No improve: 4/10, Time: 88.4s
07/30/2026 21:16:50 - INFO - utils.trainer -   ***** Running evaluation on val dataset *****
07/30/2026 21:17:02 - INFO - utils.trainer -   Loss: 1.13454
07/30/2026 21:17:02 - INFO - utils.trainer -   AUC: 0.76403
07/30/2026 21:17:02 - INFO - utils.trainer -   Accuracy: 0.68663
07/30/2026 21:17:02 - INFO - utils.trainer -   Precision: 0.72222
07/30/2026 21:17:02 - INFO - utils.trainer -   Specificity: 0.70093
07/30/2026 21:17:02 - INFO - utils.trainer -   Sensitivity: 0.67423
07/30/2026 21:17:03 - INFO - utils.trainer -   Model saved to output_dir/TimeLLM_CAUEEG2_train/checkpoint-epoch-25
07/30/2026 21:17:03 - INFO - utils.trainer -   Checkpoint saved at epoch 25
07/30/2026 21:17:03 - INFO - utils.trainer -   Epoch: 25, Loss: 0.11380, Val loss: 1.13454, Val AUC: 0.7640, Best val AUC: 0.7759, No improve: 5/10, Time: 88.6s
07/30/2026 21:18:31 - INFO - utils.trainer -   ***** Running evaluation on val dataset *****
07/30/2026 21:18:43 - INFO - utils.trainer -   Loss: 1.19557
07/30/2026 21:18:43 - INFO - utils.trainer -   AUC: 0.78919
07/30/2026 21:18:43 - INFO - utils.trainer -   Accuracy: 0.70486
07/30/2026 21:18:43 - INFO - utils.trainer -   Precision: 0.73277
07/30/2026 21:18:43 - INFO - utils.trainer -   Specificity: 0.70280
07/30/2026 21:18:43 - INFO - utils.trainer -   Sensitivity: 0.70665
07/30/2026 21:18:44 - INFO - utils.trainer -   Model saved to output_dir/TimeLLM_CAUEEG2_train
07/30/2026 21:18:44 - INFO - utils.trainer -   Best model saved (val_AUC=0.7892)
07/30/2026 21:18:44 - INFO - utils.trainer -   Epoch: 26, Loss: 0.10898, Val loss: 1.19557, Val AUC: 0.7892, Best val AUC: 0.7892, No improve: 0/10, Time: 88.4s
07/30/2026 21:20:13 - INFO - utils.trainer -   ***** Running evaluation on val dataset *****
07/30/2026 21:20:25 - INFO - utils.trainer -   Loss: 1.28376
07/30/2026 21:20:25 - INFO - utils.trainer -   AUC: 0.76707
07/30/2026 21:20:25 - INFO - utils.trainer -   Accuracy: 0.68750
07/30/2026 21:20:25 - INFO - utils.trainer -   Precision: 0.72906
07/30/2026 21:20:25 - INFO - utils.trainer -   Specificity: 0.71589
07/30/2026 21:20:25 - INFO - utils.trainer -   Sensitivity: 0.66288
07/30/2026 21:20:25 - INFO - utils.trainer -   Epoch: 27, Loss: 0.08531, Val loss: 1.28376, Val AUC: 0.7671, Best val AUC: 0.7892, No improve: 1/10, Time: 88.4s
07/30/2026 21:21:53 - INFO - utils.trainer -   ***** Running evaluation on val dataset *****
07/30/2026 21:22:05 - INFO - utils.trainer -   Loss: 1.24657
07/30/2026 21:22:05 - INFO - utils.trainer -   AUC: 0.77375
07/30/2026 21:22:05 - INFO - utils.trainer -   Accuracy: 0.70399
07/30/2026 21:22:05 - INFO - utils.trainer -   Precision: 0.73630
07/30/2026 21:22:05 - INFO - utils.trainer -   Specificity: 0.71215
07/30/2026 21:22:05 - INFO - utils.trainer -   Sensitivity: 0.69692
07/30/2026 21:22:05 - INFO - utils.trainer -   Epoch: 28, Loss: 0.07482, Val loss: 1.24657, Val AUC: 0.7737, Best val AUC: 0.7892, No improve: 2/10, Time: 88.4s
07/30/2026 21:23:33 - INFO - utils.trainer -   ***** Running evaluation on val dataset *****
07/30/2026 21:23:45 - INFO - utils.trainer -   Loss: 1.26090
07/30/2026 21:23:45 - INFO - utils.trainer -   AUC: 0.76690
07/30/2026 21:23:45 - INFO - utils.trainer -   Accuracy: 0.68837
07/30/2026 21:23:45 - INFO - utils.trainer -   Precision: 0.69139
07/30/2026 21:23:45 - INFO - utils.trainer -   Specificity: 0.61121
07/30/2026 21:23:45 - INFO - utils.trainer -   Sensitivity: 0.75527
07/30/2026 21:23:45 - INFO - utils.trainer -   Epoch: 29, Loss: 0.06731, Val loss: 1.26090, Val AUC: 0.7669, Best val AUC: 0.7892, No improve: 3/10, Time: 88.5s
07/30/2026 21:25:15 - INFO - utils.trainer -   ***** Running evaluation on val dataset *****
07/30/2026 21:25:27 - INFO - utils.trainer -   Loss: 1.35810
07/30/2026 21:25:27 - INFO - utils.trainer -   AUC: 0.77473
07/30/2026 21:25:27 - INFO - utils.trainer -   Accuracy: 0.69184
07/30/2026 21:25:27 - INFO - utils.trainer -   Precision: 0.72432
07/30/2026 21:25:27 - INFO - utils.trainer -   Specificity: 0.69907
07/30/2026 21:25:27 - INFO - utils.trainer -   Sensitivity: 0.68558
07/30/2026 21:25:27 - INFO - utils.trainer -   Epoch: 30, Loss: 0.04851, Val loss: 1.35810, Val AUC: 0.7747, Best val AUC: 0.7892, No improve: 4/10, Time: 89.8s
07/30/2026 21:26:55 - INFO - utils.trainer -   ***** Running evaluation on val dataset *****
07/30/2026 21:27:07 - INFO - utils.trainer -   Loss: 1.43022
07/30/2026 21:27:07 - INFO - utils.trainer -   AUC: 0.76420
07/30/2026 21:27:07 - INFO - utils.trainer -   Accuracy: 0.67448
07/30/2026 21:27:07 - INFO - utils.trainer -   Precision: 0.73450
07/30/2026 21:27:07 - INFO - utils.trainer -   Specificity: 0.74393
07/30/2026 21:27:07 - INFO - utils.trainer -   Sensitivity: 0.61426
07/30/2026 21:27:07 - INFO - utils.trainer -   Epoch: 31, Loss: 0.04535, Val loss: 1.43022, Val AUC: 0.7642, Best val AUC: 0.7892, No improve: 5/10, Time: 88.1s
07/30/2026 21:28:35 - INFO - utils.trainer -   ***** Running evaluation on val dataset *****
07/30/2026 21:28:47 - INFO - utils.trainer -   Loss: 1.46471
07/30/2026 21:28:47 - INFO - utils.trainer -   AUC: 0.75246
07/30/2026 21:28:47 - INFO - utils.trainer -   Accuracy: 0.67882
07/30/2026 21:28:47 - INFO - utils.trainer -   Precision: 0.68029
07/30/2026 21:28:47 - INFO - utils.trainer -   Specificity: 0.59065
07/30/2026 21:28:47 - INFO - utils.trainer -   Sensitivity: 0.75527
07/30/2026 21:28:47 - INFO - utils.trainer -   Epoch: 32, Loss: 0.06435, Val loss: 1.46471, Val AUC: 0.7525, Best val AUC: 0.7892, No improve: 6/10, Time: 88.3s
07/30/2026 21:30:16 - INFO - utils.trainer -   ***** Running evaluation on val dataset *****
07/30/2026 21:30:27 - INFO - utils.trainer -   Loss: 1.55936
07/30/2026 21:30:27 - INFO - utils.trainer -   AUC: 0.77235
07/30/2026 21:30:27 - INFO - utils.trainer -   Accuracy: 0.69184
07/30/2026 21:30:27 - INFO - utils.trainer -   Precision: 0.75686
07/30/2026 21:30:27 - INFO - utils.trainer -   Specificity: 0.76822
07/30/2026 21:30:27 - INFO - utils.trainer -   Sensitivity: 0.62561
07/30/2026 21:30:27 - INFO - utils.trainer -   Epoch: 33, Loss: 0.06468, Val loss: 1.55936, Val AUC: 0.7724, Best val AUC: 0.7892, No improve: 7/10, Time: 88.5s
07/30/2026 21:31:56 - INFO - utils.trainer -   ***** Running evaluation on val dataset *****
07/30/2026 21:32:08 - INFO - utils.trainer -   Loss: 1.51117
07/30/2026 21:32:08 - INFO - utils.trainer -   AUC: 0.76875
07/30/2026 21:32:08 - INFO - utils.trainer -   Accuracy: 0.67622
07/30/2026 21:32:08 - INFO - utils.trainer -   Precision: 0.71404
07/30/2026 21:32:08 - INFO - utils.trainer -   Specificity: 0.69533
07/30/2026 21:32:08 - INFO - utils.trainer -   Sensitivity: 0.65964
07/30/2026 21:32:08 - INFO - utils.trainer -   Epoch: 34, Loss: 0.06601, Val loss: 1.51117, Val AUC: 0.7688, Best val AUC: 0.7892, No improve: 8/10, Time: 88.5s
07/30/2026 21:33:36 - INFO - utils.trainer -   ***** Running evaluation on val dataset *****
07/30/2026 21:33:48 - INFO - utils.trainer -   Loss: 1.57968
07/30/2026 21:33:48 - INFO - utils.trainer -   AUC: 0.76613
07/30/2026 21:33:48 - INFO - utils.trainer -   Accuracy: 0.69271
07/30/2026 21:33:48 - INFO - utils.trainer -   Precision: 0.71522
07/30/2026 21:33:48 - INFO - utils.trainer -   Specificity: 0.67477
07/30/2026 21:33:48 - INFO - utils.trainer -   Sensitivity: 0.70827
07/30/2026 21:33:48 - INFO - utils.trainer -   Epoch: 35, Loss: 0.05811, Val loss: 1.57968, Val AUC: 0.7661, Best val AUC: 0.7892, No improve: 9/10, Time: 88.4s
07/30/2026 21:35:16 - INFO - utils.trainer -   ***** Running evaluation on val dataset *****
07/30/2026 21:35:28 - INFO - utils.trainer -   Loss: 1.63622
07/30/2026 21:35:28 - INFO - utils.trainer -   AUC: 0.75938
07/30/2026 21:35:28 - INFO - utils.trainer -   Accuracy: 0.68403
07/30/2026 21:35:28 - INFO - utils.trainer -   Precision: 0.72958
07/30/2026 21:35:28 - INFO - utils.trainer -   Specificity: 0.72150
07/30/2026 21:35:28 - INFO - utils.trainer -   Sensitivity: 0.65154
07/30/2026 21:35:28 - INFO - utils.trainer -   Epoch: 36, Loss: 0.05373, Val loss: 1.63622, Val AUC: 0.7594, Best val AUC: 0.7892, No improve: 10/10, Time: 88.1s
07/30/2026 21:35:28 - INFO - utils.trainer -   Early stopping triggered at epoch 36
07/30/2026 21:35:28 - INFO - utils.trainer -   Early stopping triggered at epoch 36
07/30/2026 21:35:28 - INFO - utils.trainer -   Early stopping triggered at epoch 36
07/30/2026 21:35:28 - INFO - utils.trainer -   Early stopping triggered at epoch 36
07/30/2026 21:35:28 - INFO - utils.trainer -   Early stopping triggered at epoch 36
07/30/2026 21:35:28 - INFO - utils.trainer -   Early stopping triggered at epoch 36
07/30/2026 21:35:28 - INFO - utils.trainer -     582 keys not in checkpoint (kept from init)
07/30/2026 21:35:28 - INFO - utils.trainer -   Model loaded from output_dir/TimeLLM_CAUEEG2_train/TimeLLM-0.bin (22/22 keys)
07/30/2026 21:35:28 - INFO - utils.trainer -   ***** Running evaluation on test dataset *****
07/30/2026 21:35:29 - INFO - utils.trainer -     582 keys not in checkpoint (kept from init)
07/30/2026 21:35:29 - INFO - utils.trainer -   Model loaded from output_dir/TimeLLM_CAUEEG2_train/TimeLLM-0.bin (22/22 keys)
07/30/2026 21:35:29 - INFO - utils.trainer -     582 keys not in checkpoint (kept from init)
07/30/2026 21:35:29 - INFO - utils.trainer -   Model loaded from output_dir/TimeLLM_CAUEEG2_train/TimeLLM-0.bin (22/22 keys)
07/30/2026 21:35:29 - INFO - utils.trainer -     582 keys not in checkpoint (kept from init)
07/30/2026 21:35:29 - INFO - utils.trainer -   Model loaded from output_dir/TimeLLM_CAUEEG2_train/TimeLLM-0.bin (22/22 keys)
07/30/2026 21:35:29 - INFO - utils.trainer -     582 keys not in checkpoint (kept from init)
07/30/2026 21:35:29 - INFO - utils.trainer -   Model loaded from output_dir/TimeLLM_CAUEEG2_train/TimeLLM-0.bin (22/22 keys)
07/30/2026 21:35:29 - INFO - utils.trainer -     582 keys not in checkpoint (kept from init)
07/30/2026 21:35:29 - INFO - utils.trainer -   Model loaded from output_dir/TimeLLM_CAUEEG2_train/TimeLLM-0.bin (22/22 keys)
07/30/2026 21:35:40 - INFO - utils.trainer -   Loss: 1.13835
07/30/2026 21:35:40 - INFO - utils.trainer -   AUC: 0.80333
07/30/2026 21:35:40 - INFO - utils.trainer -   Accuracy: 0.71579
07/30/2026 21:35:40 - INFO - utils.trainer -   Precision: 0.74695
07/30/2026 21:35:40 - INFO - utils.trainer -   Specificity: 0.66260
07/30/2026 21:35:40 - INFO - utils.trainer -   Sensitivity: 0.75617
07/30/2026 21:35:40 - INFO - utils.trainer -   === Best epoch test result ===
07/30/2026 21:35:40 - INFO - utils.trainer -     Loss: 1.13835
07/30/2026 21:35:40 - INFO - utils.trainer -     AUC: 0.80333
07/30/2026 21:35:40 - INFO - utils.trainer -     Accuracy: 0.71579
07/30/2026 21:35:40 - INFO - utils.trainer -     Precision: 0.74695
07/30/2026 21:35:40 - INFO - utils.trainer -     Specificity: 0.66260
07/30/2026 21:35:40 - INFO - utils.trainer -     Sensitivity: 0.75617
07/30/2026 21:35:41 - INFO - utils.trainer -   Model saved to output_dir/TimeLLM_CAUEEG2_train/final-epoch-200
07/30/2026 21:35:41 - INFO - utils.trainer -   Final model saved at epoch 200
