08/19/2026 02:42:53 - INFO - __main__ -   ########## Repeat:0 ##########
08/19/2026 02:42:53 - INFO - utils.trainer -   ***** Running training *****
08/19/2026 02:42:53 - INFO - utils.trainer -     Num examples = 161
08/19/2026 02:42:53 - INFO - utils.trainer -     Num Epochs = 200
08/19/2026 02:42:53 - INFO - utils.trainer -     Total train batch size = 4
08/19/2026 02:42:53 - INFO - utils.trainer -     warmup steps = 400
08/19/2026 02:42:53 - INFO - utils.trainer -     Total optimization steps = 32200
08/19/2026 02:42:53 - INFO - utils.trainer -     Save steps = 25
08/19/2026 02:43:50 - INFO - utils.trainer -   ***** Running regression evaluation on val0 dataset *****
08/19/2026 02:43:56 - INFO - utils.trainer -   Loss: 0.01248
08/19/2026 02:43:56 - INFO - utils.trainer -   MSE: 132.24911
08/19/2026 02:43:56 - INFO - utils.trainer -   MAE: 8.95149
08/19/2026 02:43:56 - INFO - utils.trainer -   RMSE: 11.49996
08/19/2026 02:43:56 - INFO - utils.trainer -   R2: -0.19243
08/19/2026 02:43:56 - INFO - utils.trainer -   PearsonR: -0.02602
08/19/2026 02:43:57 - INFO - utils.trainer -   Model saved to output_dir/TimeLLM_AgeCAUEEG_train
08/19/2026 02:43:57 - INFO - utils.trainer -   Best model saved (val_Loss=0.0125)
08/19/2026 02:43:57 - INFO - utils.trainer -   Epoch: 1, Loss: 0.08623, Val loss: 0.01248, Val Loss: 0.0125, Best val Loss: 0.0125, No improve: 0/10, Time: 56.7s
08/19/2026 02:44:54 - INFO - utils.trainer -   ***** Running regression evaluation on val0 dataset *****
08/19/2026 02:44:59 - INFO - utils.trainer -   Loss: 0.01187
08/19/2026 02:44:59 - INFO - utils.trainer -   MSE: 126.45332
08/19/2026 02:44:59 - INFO - utils.trainer -   MAE: 8.72290
08/19/2026 02:44:59 - INFO - utils.trainer -   RMSE: 11.24515
08/19/2026 02:44:59 - INFO - utils.trainer -   R2: -0.14017
08/19/2026 02:44:59 - INFO - utils.trainer -   PearsonR: 0.27314
08/19/2026 02:45:00 - INFO - utils.trainer -   Model saved to output_dir/TimeLLM_AgeCAUEEG_train
08/19/2026 02:45:00 - INFO - utils.trainer -   Best model saved (val_Loss=0.0119)
08/19/2026 02:45:00 - INFO - utils.trainer -   Epoch: 2, Loss: 0.04147, Val loss: 0.01187, Val Loss: 0.0119, Best val Loss: 0.0119, No improve: 0/10, Time: 57.2s
08/19/2026 02:45:57 - INFO - utils.trainer -   ***** Running regression evaluation on val0 dataset *****
08/19/2026 02:46:02 - INFO - utils.trainer -   Loss: 0.01661
08/19/2026 02:46:02 - INFO - utils.trainer -   MSE: 176.91063
08/19/2026 02:46:02 - INFO - utils.trainer -   MAE: 10.89900
08/19/2026 02:46:02 - INFO - utils.trainer -   RMSE: 13.30078
08/19/2026 02:46:02 - INFO - utils.trainer -   R2: -0.59512
08/19/2026 02:46:02 - INFO - utils.trainer -   PearsonR: 0.22705
08/19/2026 02:46:02 - INFO - utils.trainer -   Epoch: 3, Loss: 0.04088, Val loss: 0.01661, Val Loss: 0.0166, Best val Loss: 0.0119, No improve: 1/10, Time: 56.2s
08/19/2026 02:46:58 - INFO - utils.trainer -   ***** Running regression evaluation on val0 dataset *****
08/19/2026 02:47:04 - INFO - utils.trainer -   Loss: 0.01422
08/19/2026 02:47:04 - INFO - utils.trainer -   MSE: 150.49100
08/19/2026 02:47:04 - INFO - utils.trainer -   MAE: 10.22812
08/19/2026 02:47:04 - INFO - utils.trainer -   RMSE: 12.26748
08/19/2026 02:47:04 - INFO - utils.trainer -   R2: -0.35691
08/19/2026 02:47:04 - INFO - utils.trainer -   PearsonR: 0.18490
08/19/2026 02:47:04 - INFO - utils.trainer -   Epoch: 4, Loss: 0.03843, Val loss: 0.01422, Val Loss: 0.0142, Best val Loss: 0.0119, No improve: 2/10, Time: 56.2s
08/19/2026 02:48:00 - INFO - utils.trainer -   ***** Running regression evaluation on val0 dataset *****
08/19/2026 02:48:06 - INFO - utils.trainer -   Loss: 0.02240
08/19/2026 02:48:06 - INFO - utils.trainer -   MSE: 238.23537
08/19/2026 02:48:06 - INFO - utils.trainer -   MAE: 13.15330
08/19/2026 02:48:06 - INFO - utils.trainer -   RMSE: 15.43488
08/19/2026 02:48:06 - INFO - utils.trainer -   R2: -1.14806
08/19/2026 02:48:06 - INFO - utils.trainer -   PearsonR: 0.24841
08/19/2026 02:48:06 - INFO - utils.trainer -   Epoch: 5, Loss: 0.03256, Val loss: 0.02240, Val Loss: 0.0224, Best val Loss: 0.0119, No improve: 3/10, Time: 56.2s
08/19/2026 02:49:02 - INFO - utils.trainer -   ***** Running regression evaluation on val0 dataset *****
08/19/2026 02:49:08 - INFO - utils.trainer -   Loss: 0.01271
08/19/2026 02:49:08 - INFO - utils.trainer -   MSE: 135.45732
08/19/2026 02:49:08 - INFO - utils.trainer -   MAE: 9.69166
08/19/2026 02:49:08 - INFO - utils.trainer -   RMSE: 11.63861
08/19/2026 02:49:08 - INFO - utils.trainer -   R2: -0.22136
08/19/2026 02:49:08 - INFO - utils.trainer -   PearsonR: 0.25301
08/19/2026 02:49:08 - INFO - utils.trainer -   Epoch: 6, Loss: 0.03817, Val loss: 0.01271, Val Loss: 0.0127, Best val Loss: 0.0119, No improve: 4/10, Time: 56.3s
08/19/2026 02:50:04 - INFO - utils.trainer -   ***** Running regression evaluation on val0 dataset *****
08/19/2026 02:50:10 - INFO - utils.trainer -   Loss: 0.00966
08/19/2026 02:50:10 - INFO - utils.trainer -   MSE: 102.92864
08/19/2026 02:50:10 - INFO - utils.trainer -   MAE: 8.20761
08/19/2026 02:50:10 - INFO - utils.trainer -   RMSE: 10.14538
08/19/2026 02:50:10 - INFO - utils.trainer -   R2: 0.07194
08/19/2026 02:50:10 - INFO - utils.trainer -   PearsonR: 0.28405
08/19/2026 02:50:11 - INFO - utils.trainer -   Model saved to output_dir/TimeLLM_AgeCAUEEG_train
08/19/2026 02:50:11 - INFO - utils.trainer -   Best model saved (val_Loss=0.0097)
08/19/2026 02:50:11 - INFO - utils.trainer -   Epoch: 7, Loss: 0.02947, Val loss: 0.00966, Val Loss: 0.0097, Best val Loss: 0.0097, No improve: 0/10, Time: 56.2s
08/19/2026 02:51:07 - INFO - utils.trainer -   ***** Running regression evaluation on val0 dataset *****
08/19/2026 02:51:13 - INFO - utils.trainer -   Loss: 0.01442
08/19/2026 02:51:13 - INFO - utils.trainer -   MSE: 153.26366
08/19/2026 02:51:13 - INFO - utils.trainer -   MAE: 10.30522
08/19/2026 02:51:13 - INFO - utils.trainer -   RMSE: 12.37997
08/19/2026 02:51:13 - INFO - utils.trainer -   R2: -0.38191
08/19/2026 02:51:13 - INFO - utils.trainer -   PearsonR: 0.30052
08/19/2026 02:51:13 - INFO - utils.trainer -   Epoch: 8, Loss: 0.03369, Val loss: 0.01442, Val Loss: 0.0144, Best val Loss: 0.0097, No improve: 1/10, Time: 56.3s
08/19/2026 02:52:09 - INFO - utils.trainer -   ***** Running regression evaluation on val0 dataset *****
08/19/2026 02:52:15 - INFO - utils.trainer -   Loss: 0.01058
08/19/2026 02:52:15 - INFO - utils.trainer -   MSE: 112.10585
08/19/2026 02:52:15 - INFO - utils.trainer -   MAE: 8.76259
08/19/2026 02:52:15 - INFO - utils.trainer -   RMSE: 10.58801
08/19/2026 02:52:15 - INFO - utils.trainer -   R2: -0.01081
08/19/2026 02:52:15 - INFO - utils.trainer -   PearsonR: 0.24942
08/19/2026 02:52:15 - INFO - utils.trainer -   Epoch: 9, Loss: 0.03555, Val loss: 0.01058, Val Loss: 0.0106, Best val Loss: 0.0097, No improve: 2/10, Time: 56.1s
08/19/2026 02:53:11 - INFO - utils.trainer -   ***** Running regression evaluation on val0 dataset *****
08/19/2026 02:53:16 - INFO - utils.trainer -   Loss: 0.01016
08/19/2026 02:53:16 - INFO - utils.trainer -   MSE: 107.58678
08/19/2026 02:53:16 - INFO - utils.trainer -   MAE: 8.59382
08/19/2026 02:53:16 - INFO - utils.trainer -   RMSE: 10.37241
08/19/2026 02:53:16 - INFO - utils.trainer -   R2: 0.02994
08/19/2026 02:53:16 - INFO - utils.trainer -   PearsonR: 0.27842
08/19/2026 02:53:16 - INFO - utils.trainer -   Epoch: 10, Loss: 0.03108, Val loss: 0.01016, Val Loss: 0.0102, Best val Loss: 0.0097, No improve: 3/10, Time: 56.1s
08/19/2026 02:54:13 - INFO - utils.trainer -   ***** Running regression evaluation on val0 dataset *****
08/19/2026 02:54:18 - INFO - utils.trainer -   Loss: 0.00909
08/19/2026 02:54:18 - INFO - utils.trainer -   MSE: 96.44151
08/19/2026 02:54:18 - INFO - utils.trainer -   MAE: 7.99175
08/19/2026 02:54:18 - INFO - utils.trainer -   RMSE: 9.82046
08/19/2026 02:54:18 - INFO - utils.trainer -   R2: 0.13043
08/19/2026 02:54:18 - INFO - utils.trainer -   PearsonR: 0.38839
08/19/2026 02:54:19 - INFO - utils.trainer -   Model saved to output_dir/TimeLLM_AgeCAUEEG_train
08/19/2026 02:54:19 - INFO - utils.trainer -   Best model saved (val_Loss=0.0091)
08/19/2026 02:54:19 - INFO - utils.trainer -   Epoch: 11, Loss: 0.03317, Val loss: 0.00909, Val Loss: 0.0091, Best val Loss: 0.0091, No improve: 0/10, Time: 56.2s
08/19/2026 02:55:16 - INFO - utils.trainer -   ***** Running regression evaluation on val0 dataset *****
08/19/2026 02:55:21 - INFO - utils.trainer -   Loss: 0.01135
08/19/2026 02:55:21 - INFO - utils.trainer -   MSE: 120.15268
08/19/2026 02:55:21 - INFO - utils.trainer -   MAE: 9.07909
08/19/2026 02:55:21 - INFO - utils.trainer -   RMSE: 10.96142
08/19/2026 02:55:21 - INFO - utils.trainer -   R2: -0.08336
08/19/2026 02:55:21 - INFO - utils.trainer -   PearsonR: 0.32794
08/19/2026 02:55:21 - INFO - utils.trainer -   Epoch: 12, Loss: 0.02674, Val loss: 0.01135, Val Loss: 0.0113, Best val Loss: 0.0091, No improve: 1/10, Time: 56.3s
08/19/2026 02:56:18 - INFO - utils.trainer -   ***** Running regression evaluation on val0 dataset *****
08/19/2026 02:56:23 - INFO - utils.trainer -   Loss: 0.00977
08/19/2026 02:56:23 - INFO - utils.trainer -   MSE: 103.22296
08/19/2026 02:56:23 - INFO - utils.trainer -   MAE: 8.40996
08/19/2026 02:56:23 - INFO - utils.trainer -   RMSE: 10.15987
08/19/2026 02:56:23 - INFO - utils.trainer -   R2: 0.06928
08/19/2026 02:56:23 - INFO - utils.trainer -   PearsonR: 0.31929
08/19/2026 02:56:23 - INFO - utils.trainer -   Epoch: 13, Loss: 0.02744, Val loss: 0.00977, Val Loss: 0.0098, Best val Loss: 0.0091, No improve: 2/10, Time: 56.2s
08/19/2026 02:57:19 - INFO - utils.trainer -   ***** Running regression evaluation on val0 dataset *****
08/19/2026 02:57:25 - INFO - utils.trainer -   Loss: 0.01152
08/19/2026 02:57:25 - INFO - utils.trainer -   MSE: 122.05934
08/19/2026 02:57:25 - INFO - utils.trainer -   MAE: 9.11322
08/19/2026 02:57:25 - INFO - utils.trainer -   RMSE: 11.04805
08/19/2026 02:57:25 - INFO - utils.trainer -   R2: -0.10055
08/19/2026 02:57:25 - INFO - utils.trainer -   PearsonR: 0.36757
08/19/2026 02:57:25 - INFO - utils.trainer -   Epoch: 14, Loss: 0.03058, Val loss: 0.01152, Val Loss: 0.0115, Best val Loss: 0.0091, No improve: 3/10, Time: 56.2s
08/19/2026 02:58:21 - INFO - utils.trainer -   ***** Running regression evaluation on val0 dataset *****
08/19/2026 02:58:27 - INFO - utils.trainer -   Loss: 0.01465
08/19/2026 02:58:27 - INFO - utils.trainer -   MSE: 155.66452
08/19/2026 02:58:27 - INFO - utils.trainer -   MAE: 10.36856
08/19/2026 02:58:27 - INFO - utils.trainer -   RMSE: 12.47656
08/19/2026 02:58:27 - INFO - utils.trainer -   R2: -0.40356
08/19/2026 02:58:27 - INFO - utils.trainer -   PearsonR: 0.26690
08/19/2026 02:58:27 - INFO - utils.trainer -   Epoch: 15, Loss: 0.03099, Val loss: 0.01465, Val Loss: 0.0147, Best val Loss: 0.0091, No improve: 4/10, Time: 56.2s
08/19/2026 02:59:24 - INFO - utils.trainer -   ***** Running regression evaluation on val0 dataset *****
08/19/2026 02:59:30 - INFO - utils.trainer -   Loss: 0.01177
08/19/2026 02:59:30 - INFO - utils.trainer -   MSE: 124.53078
08/19/2026 02:59:30 - INFO - utils.trainer -   MAE: 9.22768
08/19/2026 02:59:30 - INFO - utils.trainer -   RMSE: 11.15934
08/19/2026 02:59:30 - INFO - utils.trainer -   R2: -0.12284
08/19/2026 02:59:30 - INFO - utils.trainer -   PearsonR: 0.35193
08/19/2026 02:59:30 - INFO - utils.trainer -   Epoch: 16, Loss: 0.03120, Val loss: 0.01177, Val Loss: 0.0118, Best val Loss: 0.0091, No improve: 5/10, Time: 56.7s
08/19/2026 03:00:26 - INFO - utils.trainer -   ***** Running regression evaluation on val0 dataset *****
08/19/2026 03:00:31 - INFO - utils.trainer -   Loss: 0.01020
08/19/2026 03:00:31 - INFO - utils.trainer -   MSE: 107.62659
08/19/2026 03:00:31 - INFO - utils.trainer -   MAE: 8.64130
08/19/2026 03:00:31 - INFO - utils.trainer -   RMSE: 10.37432
08/19/2026 03:00:31 - INFO - utils.trainer -   R2: 0.02958
08/19/2026 03:00:31 - INFO - utils.trainer -   PearsonR: 0.33406
08/19/2026 03:00:31 - INFO - utils.trainer -   Epoch: 17, Loss: 0.02829, Val loss: 0.01020, Val Loss: 0.0102, Best val Loss: 0.0091, No improve: 6/10, Time: 56.1s
08/19/2026 03:01:28 - INFO - utils.trainer -   ***** Running regression evaluation on val0 dataset *****
08/19/2026 03:01:33 - INFO - utils.trainer -   Loss: 0.01340
08/19/2026 03:01:33 - INFO - utils.trainer -   MSE: 140.48853
08/19/2026 03:01:33 - INFO - utils.trainer -   MAE: 9.78388
08/19/2026 03:01:33 - INFO - utils.trainer -   RMSE: 11.85279
08/19/2026 03:01:33 - INFO - utils.trainer -   R2: -0.26672
08/19/2026 03:01:33 - INFO - utils.trainer -   PearsonR: 0.22116
08/19/2026 03:01:33 - INFO - utils.trainer -   Epoch: 18, Loss: 0.02521, Val loss: 0.01340, Val Loss: 0.0134, Best val Loss: 0.0091, No improve: 7/10, Time: 56.1s
08/19/2026 03:02:29 - INFO - utils.trainer -   ***** Running regression evaluation on val0 dataset *****
08/19/2026 03:02:35 - INFO - utils.trainer -   Loss: 0.00933
08/19/2026 03:02:35 - INFO - utils.trainer -   MSE: 99.10738
08/19/2026 03:02:35 - INFO - utils.trainer -   MAE: 8.19733
08/19/2026 03:02:35 - INFO - utils.trainer -   RMSE: 9.95527
08/19/2026 03:02:35 - INFO - utils.trainer -   R2: 0.10639
08/19/2026 03:02:35 - INFO - utils.trainer -   PearsonR: 0.33785
08/19/2026 03:02:35 - INFO - utils.trainer -   Epoch: 19, Loss: 0.03034, Val loss: 0.00933, Val Loss: 0.0093, Best val Loss: 0.0091, No improve: 8/10, Time: 56.1s
08/19/2026 03:03:31 - INFO - utils.trainer -   ***** Running regression evaluation on val0 dataset *****
08/19/2026 03:03:37 - INFO - utils.trainer -   Loss: 0.00908
08/19/2026 03:03:37 - INFO - utils.trainer -   MSE: 96.63223
08/19/2026 03:03:37 - INFO - utils.trainer -   MAE: 8.00121
08/19/2026 03:03:37 - INFO - utils.trainer -   RMSE: 9.83017
08/19/2026 03:03:37 - INFO - utils.trainer -   R2: 0.12871
08/19/2026 03:03:37 - INFO - utils.trainer -   PearsonR: 0.36747
08/19/2026 03:03:37 - INFO - utils.trainer -   Epoch: 20, Loss: 0.02679, Val loss: 0.00908, Val Loss: 0.0091, Best val Loss: 0.0091, No improve: 9/10, Time: 56.3s
08/19/2026 03:04:33 - INFO - utils.trainer -   ***** Running regression evaluation on val0 dataset *****
08/19/2026 03:04:39 - INFO - utils.trainer -   Loss: 0.01123
08/19/2026 03:04:39 - INFO - utils.trainer -   MSE: 119.24870
08/19/2026 03:04:39 - INFO - utils.trainer -   MAE: 9.05705
08/19/2026 03:04:39 - INFO - utils.trainer -   RMSE: 10.92011
08/19/2026 03:04:39 - INFO - utils.trainer -   R2: -0.07521
08/19/2026 03:04:39 - INFO - utils.trainer -   PearsonR: 0.35571
08/19/2026 03:04:39 - INFO - utils.trainer -   Epoch: 21, Loss: 0.02807, Val loss: 0.01123, Val Loss: 0.0112, Best val Loss: 0.0091, No improve: 10/10, Time: 56.2s
08/19/2026 03:04:39 - INFO - utils.trainer -   Early stopping triggered at epoch 21
08/19/2026 03:04:39 - INFO - utils.trainer -   Early stopping triggered at epoch 21
08/19/2026 03:04:39 - INFO - utils.trainer -   Early stopping triggered at epoch 21
08/19/2026 03:04:39 - INFO - utils.trainer -   Early stopping triggered at epoch 21
08/19/2026 03:04:39 - INFO - utils.trainer -   Early stopping triggered at epoch 21
08/19/2026 03:04:39 - INFO - utils.trainer -   Early stopping triggered at epoch 21
08/19/2026 03:04:39 - INFO - utils.trainer -     2 prompt-buffer key(s) skipped (kept target-dataset prompt)
08/19/2026 03:04:39 - INFO - utils.trainer -     584 keys not in checkpoint (kept from init)
08/19/2026 03:04:39 - INFO - utils.trainer -   Model loaded from output_dir/TimeLLM_AgeCAUEEG_train/TimeLLM-0.bin (21/23 keys)
08/19/2026 03:04:39 - INFO - utils.trainer -   ***** Running regression evaluation on test0 dataset *****
08/19/2026 03:04:39 - INFO - utils.trainer -     2 prompt-buffer key(s) skipped (kept target-dataset prompt)
08/19/2026 03:04:39 - INFO - utils.trainer -     584 keys not in checkpoint (kept from init)
08/19/2026 03:04:39 - INFO - utils.trainer -   Model loaded from output_dir/TimeLLM_AgeCAUEEG_train/TimeLLM-0.bin (21/23 keys)
08/19/2026 03:04:39 - INFO - utils.trainer -     2 prompt-buffer key(s) skipped (kept target-dataset prompt)
08/19/2026 03:04:39 - INFO - utils.trainer -     584 keys not in checkpoint (kept from init)
08/19/2026 03:04:39 - INFO - utils.trainer -   Model loaded from output_dir/TimeLLM_AgeCAUEEG_train/TimeLLM-0.bin (21/23 keys)
08/19/2026 03:04:39 - INFO - utils.trainer -     2 prompt-buffer key(s) skipped (kept target-dataset prompt)
08/19/2026 03:04:39 - INFO - utils.trainer -     584 keys not in checkpoint (kept from init)
08/19/2026 03:04:39 - INFO - utils.trainer -   Model loaded from output_dir/TimeLLM_AgeCAUEEG_train/TimeLLM-0.bin (21/23 keys)
08/19/2026 03:04:39 - INFO - utils.trainer -     2 prompt-buffer key(s) skipped (kept target-dataset prompt)
08/19/2026 03:04:39 - INFO - utils.trainer -     584 keys not in checkpoint (kept from init)
08/19/2026 03:04:39 - INFO - utils.trainer -   Model loaded from output_dir/TimeLLM_AgeCAUEEG_train/TimeLLM-0.bin (21/23 keys)
08/19/2026 03:04:39 - INFO - utils.trainer -     2 prompt-buffer key(s) skipped (kept target-dataset prompt)
08/19/2026 03:04:39 - INFO - utils.trainer -     584 keys not in checkpoint (kept from init)
08/19/2026 03:04:39 - INFO - utils.trainer -   Model loaded from output_dir/TimeLLM_AgeCAUEEG_train/TimeLLM-0.bin (21/23 keys)
08/19/2026 03:04:45 - INFO - utils.trainer -   Loss: 0.00902
08/19/2026 03:04:45 - INFO - utils.trainer -   MSE: 96.08672
08/19/2026 03:04:45 - INFO - utils.trainer -   MAE: 8.06148
08/19/2026 03:04:45 - INFO - utils.trainer -   RMSE: 9.80238
08/19/2026 03:04:45 - INFO - utils.trainer -   R2: 0.04180
08/19/2026 03:04:45 - INFO - utils.trainer -   PearsonR: 0.24951
08/19/2026 03:04:45 - INFO - utils.trainer -   === Best epoch test result ===
08/19/2026 03:04:45 - INFO - utils.trainer -     Loss: 0.00902
08/19/2026 03:04:45 - INFO - utils.trainer -     MSE: 96.08672
08/19/2026 03:04:45 - INFO - utils.trainer -     MAE: 8.06148
08/19/2026 03:04:45 - INFO - utils.trainer -     RMSE: 9.80238
08/19/2026 03:04:45 - INFO - utils.trainer -     R2: 0.04180
08/19/2026 03:04:45 - INFO - utils.trainer -     PearsonR: 0.24951
08/19/2026 03:04:46 - INFO - utils.trainer -   Model saved to output_dir/TimeLLM_AgeCAUEEG_train/final-epoch-200
08/19/2026 03:04:46 - INFO - utils.trainer -   Final model saved at epoch 200
