07/29/2026 19:27:41 - INFO - __main__ -   ########## Repeat:0 ##########
07/29/2026 19:27:41 - INFO - utils.trainer -   ***** Running training *****
07/29/2026 19:27:41 - INFO - utils.trainer -     Num examples = 19
07/29/2026 19:27:41 - INFO - utils.trainer -     Num Epochs = 200
07/29/2026 19:27:41 - INFO - utils.trainer -     Total train batch size = 3
07/29/2026 19:27:41 - INFO - utils.trainer -     warmup steps = 400
07/29/2026 19:27:41 - INFO - utils.trainer -     Total optimization steps = 3800
07/29/2026 19:27:41 - INFO - utils.trainer -     Save steps = 200
07/29/2026 19:27:43 - INFO - utils.trainer -   ***** Running evaluation on val dataset *****
07/29/2026 19:27:45 - INFO - utils.trainer -   Loss: 2.07377
07/29/2026 19:27:45 - INFO - utils.trainer -   AUC: 0.71079
07/29/2026 19:27:45 - INFO - utils.trainer -   Accuracy: 0.53559
07/29/2026 19:27:45 - INFO - utils.trainer -   Precision: 0.53559
07/29/2026 19:27:45 - INFO - utils.trainer -   Specificity: 0.00000
07/29/2026 19:27:45 - INFO - utils.trainer -   Sensitivity: 1.00000
07/29/2026 19:27:45 - INFO - utils.trainer -   Model saved to output_dir/ALTER
07/29/2026 19:27:45 - INFO - utils.trainer -   Best model saved (val_AUC=0.7108)
07/29/2026 19:27:45 - INFO - utils.trainer -   Epoch: 1, Loss: 2.07010, Val loss: 2.07377, Val AUC: 0.7108, Best val AUC: 0.7108, No improve: 0/10, Time: 2.3s
07/29/2026 19:27:47 - INFO - utils.trainer -   ***** Running evaluation on val dataset *****
07/29/2026 19:27:49 - INFO - utils.trainer -   Loss: 2.06547
07/29/2026 19:27:49 - INFO - utils.trainer -   AUC: 0.71500
07/29/2026 19:27:49 - INFO - utils.trainer -   Accuracy: 0.53559
07/29/2026 19:27:49 - INFO - utils.trainer -   Precision: 0.53559
07/29/2026 19:27:49 - INFO - utils.trainer -   Specificity: 0.00000
07/29/2026 19:27:49 - INFO - utils.trainer -   Sensitivity: 1.00000
07/29/2026 19:27:49 - INFO - utils.trainer -   Model saved to output_dir/ALTER
07/29/2026 19:27:49 - INFO - utils.trainer -   Best model saved (val_AUC=0.7150)
07/29/2026 19:27:49 - INFO - utils.trainer -   Epoch: 2, Loss: 2.07013, Val loss: 2.06547, Val AUC: 0.7150, Best val AUC: 0.7150, No improve: 0/10, Time: 1.8s
07/29/2026 19:27:50 - INFO - utils.trainer -   ***** Running evaluation on val dataset *****
07/29/2026 19:27:53 - INFO - utils.trainer -   Loss: 2.03760
07/29/2026 19:27:53 - INFO - utils.trainer -   AUC: 0.71356
07/29/2026 19:27:53 - INFO - utils.trainer -   Accuracy: 0.53559
07/29/2026 19:27:53 - INFO - utils.trainer -   Precision: 0.53559
07/29/2026 19:27:53 - INFO - utils.trainer -   Specificity: 0.00000
07/29/2026 19:27:53 - INFO - utils.trainer -   Sensitivity: 1.00000
07/29/2026 19:27:53 - INFO - utils.trainer -   Epoch: 3, Loss: 2.01768, Val loss: 2.03760, Val AUC: 0.7136, Best val AUC: 0.7150, No improve: 1/10, Time: 1.8s
07/29/2026 19:27:54 - INFO - utils.trainer -   ***** Running evaluation on val dataset *****
07/29/2026 19:27:56 - INFO - utils.trainer -   Loss: 1.97927
07/29/2026 19:27:56 - INFO - utils.trainer -   AUC: 0.71562
07/29/2026 19:27:56 - INFO - utils.trainer -   Accuracy: 0.53559
07/29/2026 19:27:56 - INFO - utils.trainer -   Precision: 0.53559
07/29/2026 19:27:56 - INFO - utils.trainer -   Specificity: 0.00000
07/29/2026 19:27:56 - INFO - utils.trainer -   Sensitivity: 1.00000
07/29/2026 19:27:56 - INFO - utils.trainer -   Epoch: 4, Loss: 1.94953, Val loss: 1.97927, Val AUC: 0.7156, Best val AUC: 0.7150, No improve: 2/10, Time: 1.8s
07/29/2026 19:27:58 - INFO - utils.trainer -   ***** Running evaluation on val dataset *****
07/29/2026 19:28:00 - INFO - utils.trainer -   Loss: 1.96993
07/29/2026 19:28:00 - INFO - utils.trainer -   AUC: 0.70932
07/29/2026 19:28:00 - INFO - utils.trainer -   Accuracy: 0.53559
07/29/2026 19:28:00 - INFO - utils.trainer -   Precision: 0.53559
07/29/2026 19:28:00 - INFO - utils.trainer -   Specificity: 0.00000
07/29/2026 19:28:00 - INFO - utils.trainer -   Sensitivity: 1.00000
07/29/2026 19:28:00 - INFO - utils.trainer -   Epoch: 5, Loss: 1.75105, Val loss: 1.96993, Val AUC: 0.7093, Best val AUC: 0.7150, No improve: 3/10, Time: 1.8s
07/29/2026 19:28:02 - INFO - utils.trainer -   ***** Running evaluation on val dataset *****
07/29/2026 19:28:04 - INFO - utils.trainer -   Loss: 1.95887
07/29/2026 19:28:04 - INFO - utils.trainer -   AUC: 0.71718
07/29/2026 19:28:04 - INFO - utils.trainer -   Accuracy: 0.53559
07/29/2026 19:28:04 - INFO - utils.trainer -   Precision: 0.53559
07/29/2026 19:28:04 - INFO - utils.trainer -   Specificity: 0.00000
07/29/2026 19:28:04 - INFO - utils.trainer -   Sensitivity: 1.00000
07/29/2026 19:28:04 - INFO - utils.trainer -   Model saved to output_dir/ALTER
07/29/2026 19:28:04 - INFO - utils.trainer -   Best model saved (val_AUC=0.7172)
07/29/2026 19:28:04 - INFO - utils.trainer -   Epoch: 6, Loss: 1.66679, Val loss: 1.95887, Val AUC: 0.7172, Best val AUC: 0.7172, No improve: 0/10, Time: 1.9s
07/29/2026 19:28:06 - INFO - utils.trainer -   ***** Running evaluation on val dataset *****
07/29/2026 19:28:07 - INFO - utils.trainer -   Loss: 1.97164
07/29/2026 19:28:07 - INFO - utils.trainer -   AUC: 0.72153
07/29/2026 19:28:07 - INFO - utils.trainer -   Accuracy: 0.53559
07/29/2026 19:28:07 - INFO - utils.trainer -   Precision: 0.53559
07/29/2026 19:28:07 - INFO - utils.trainer -   Specificity: 0.00000
07/29/2026 19:28:07 - INFO - utils.trainer -   Sensitivity: 1.00000
07/29/2026 19:28:07 - INFO - utils.trainer -   Model saved to output_dir/ALTER
07/29/2026 19:28:07 - INFO - utils.trainer -   Best model saved (val_AUC=0.7215)
07/29/2026 19:28:07 - INFO - utils.trainer -   Epoch: 7, Loss: 1.66992, Val loss: 1.97164, Val AUC: 0.7215, Best val AUC: 0.7215, No improve: 0/10, Time: 2.0s
07/29/2026 19:28:09 - INFO - utils.trainer -   ***** Running evaluation on val dataset *****
07/29/2026 19:28:11 - INFO - utils.trainer -   Loss: 1.99048
07/29/2026 19:28:11 - INFO - utils.trainer -   AUC: 0.65039
07/29/2026 19:28:11 - INFO - utils.trainer -   Accuracy: 0.63802
07/29/2026 19:28:11 - INFO - utils.trainer -   Precision: 0.78571
07/29/2026 19:28:11 - INFO - utils.trainer -   Specificity: 0.85981
07/29/2026 19:28:11 - INFO - utils.trainer -   Sensitivity: 0.44571
07/29/2026 19:28:11 - INFO - utils.trainer -   Epoch: 8, Loss: 1.56811, Val loss: 1.99048, Val AUC: 0.6504, Best val AUC: 0.7215, No improve: 1/10, Time: 1.8s
07/29/2026 19:28:13 - INFO - utils.trainer -   ***** Running evaluation on val dataset *****
07/29/2026 19:28:15 - INFO - utils.trainer -   Loss: 2.00247
07/29/2026 19:28:15 - INFO - utils.trainer -   AUC: 0.63594
07/29/2026 19:28:15 - INFO - utils.trainer -   Accuracy: 0.65104
07/29/2026 19:28:15 - INFO - utils.trainer -   Precision: 0.76156
07/29/2026 19:28:15 - INFO - utils.trainer -   Specificity: 0.81682
07/29/2026 19:28:15 - INFO - utils.trainer -   Sensitivity: 0.50729
07/29/2026 19:28:15 - INFO - utils.trainer -   Epoch: 9, Loss: 1.72042, Val loss: 2.00247, Val AUC: 0.6359, Best val AUC: 0.7215, No improve: 2/10, Time: 1.8s
07/29/2026 19:28:17 - INFO - utils.trainer -   ***** Running evaluation on val dataset *****
07/29/2026 19:28:19 - INFO - utils.trainer -   Loss: 1.98761
07/29/2026 19:28:19 - INFO - utils.trainer -   AUC: 0.63941
07/29/2026 19:28:19 - INFO - utils.trainer -   Accuracy: 0.65017
07/29/2026 19:28:19 - INFO - utils.trainer -   Precision: 0.75598
07/29/2026 19:28:19 - INFO - utils.trainer -   Specificity: 0.80935
07/29/2026 19:28:19 - INFO - utils.trainer -   Sensitivity: 0.51216
07/29/2026 19:28:19 - INFO - utils.trainer -   Epoch: 10, Loss: 1.58393, Val loss: 1.98761, Val AUC: 0.6394, Best val AUC: 0.7215, No improve: 3/10, Time: 1.7s
07/29/2026 19:28:21 - INFO - utils.trainer -   ***** Running evaluation on val dataset *****
07/29/2026 19:28:23 - INFO - utils.trainer -   Loss: 1.98665
07/29/2026 19:28:23 - INFO - utils.trainer -   AUC: 0.62562
07/29/2026 19:28:23 - INFO - utils.trainer -   Accuracy: 0.64757
07/29/2026 19:28:23 - INFO - utils.trainer -   Precision: 0.76574
07/29/2026 19:28:23 - INFO - utils.trainer -   Specificity: 0.82617
07/29/2026 19:28:23 - INFO - utils.trainer -   Sensitivity: 0.49271
07/29/2026 19:28:23 - INFO - utils.trainer -   Epoch: 11, Loss: 1.63115, Val loss: 1.98665, Val AUC: 0.6256, Best val AUC: 0.7215, No improve: 4/10, Time: 1.8s
07/29/2026 19:28:25 - INFO - utils.trainer -   ***** Running evaluation on val dataset *****
07/29/2026 19:28:27 - INFO - utils.trainer -   Loss: 2.01994
07/29/2026 19:28:27 - INFO - utils.trainer -   AUC: 0.61603
07/29/2026 19:28:27 - INFO - utils.trainer -   Accuracy: 0.64670
07/29/2026 19:28:27 - INFO - utils.trainer -   Precision: 0.77344
07/29/2026 19:28:27 - INFO - utils.trainer -   Specificity: 0.83738
07/29/2026 19:28:27 - INFO - utils.trainer -   Sensitivity: 0.48136
07/29/2026 19:28:27 - INFO - utils.trainer -   Epoch: 12, Loss: 1.48704, Val loss: 2.01994, Val AUC: 0.6160, Best val AUC: 0.7215, No improve: 5/10, Time: 1.8s
07/29/2026 19:28:29 - INFO - utils.trainer -   ***** Running evaluation on val dataset *****
07/29/2026 19:28:31 - INFO - utils.trainer -   Loss: 2.01539
07/29/2026 19:28:31 - INFO - utils.trainer -   AUC: 0.61604
07/29/2026 19:28:31 - INFO - utils.trainer -   Accuracy: 0.65017
07/29/2026 19:28:31 - INFO - utils.trainer -   Precision: 0.78763
07/29/2026 19:28:31 - INFO - utils.trainer -   Specificity: 0.85234
07/29/2026 19:28:31 - INFO - utils.trainer -   Sensitivity: 0.47488
07/29/2026 19:28:31 - INFO - utils.trainer -   Epoch: 13, Loss: 1.37095, Val loss: 2.01539, Val AUC: 0.6160, Best val AUC: 0.7215, No improve: 6/10, Time: 1.8s
07/29/2026 19:28:32 - INFO - utils.trainer -   ***** Running evaluation on val dataset *****
07/29/2026 19:28:35 - INFO - utils.trainer -   Loss: 1.92994
07/29/2026 19:28:35 - INFO - utils.trainer -   AUC: 0.62929
07/29/2026 19:28:35 - INFO - utils.trainer -   Accuracy: 0.64236
07/29/2026 19:28:35 - INFO - utils.trainer -   Precision: 0.82748
07/29/2026 19:28:35 - INFO - utils.trainer -   Specificity: 0.89907
07/29/2026 19:28:35 - INFO - utils.trainer -   Sensitivity: 0.41977
07/29/2026 19:28:35 - INFO - utils.trainer -   Epoch: 14, Loss: 1.54151, Val loss: 1.92994, Val AUC: 0.6293, Best val AUC: 0.7215, No improve: 7/10, Time: 1.7s
07/29/2026 19:28:37 - INFO - utils.trainer -   ***** Running evaluation on val dataset *****
07/29/2026 19:28:38 - INFO - utils.trainer -   Loss: 2.01727
07/29/2026 19:28:38 - INFO - utils.trainer -   AUC: 0.66923
07/29/2026 19:28:38 - INFO - utils.trainer -   Accuracy: 0.66580
07/29/2026 19:28:38 - INFO - utils.trainer -   Precision: 0.75778
07/29/2026 19:28:38 - INFO - utils.trainer -   Specificity: 0.79626
07/29/2026 19:28:38 - INFO - utils.trainer -   Sensitivity: 0.55267
07/29/2026 19:28:38 - INFO - utils.trainer -   Epoch: 15, Loss: 1.46869, Val loss: 2.01727, Val AUC: 0.6692, Best val AUC: 0.7215, No improve: 8/10, Time: 1.9s
07/29/2026 19:28:40 - INFO - utils.trainer -   ***** Running evaluation on val dataset *****
07/29/2026 19:28:42 - INFO - utils.trainer -   Loss: 2.11771
07/29/2026 19:28:42 - INFO - utils.trainer -   AUC: 0.69117
07/29/2026 19:28:42 - INFO - utils.trainer -   Accuracy: 0.63281
07/29/2026 19:28:42 - INFO - utils.trainer -   Precision: 0.64392
07/29/2026 19:28:42 - INFO - utils.trainer -   Specificity: 0.55140
07/29/2026 19:28:42 - INFO - utils.trainer -   Sensitivity: 0.70340
07/29/2026 19:28:42 - INFO - utils.trainer -   Epoch: 16, Loss: 1.38675, Val loss: 2.11771, Val AUC: 0.6912, Best val AUC: 0.7215, No improve: 9/10, Time: 1.7s
07/29/2026 19:28:44 - INFO - utils.trainer -   ***** Running evaluation on val dataset *****
07/29/2026 19:28:46 - INFO - utils.trainer -   Loss: 2.08731
07/29/2026 19:28:46 - INFO - utils.trainer -   AUC: 0.67921
07/29/2026 19:28:46 - INFO - utils.trainer -   Accuracy: 0.62066
07/29/2026 19:28:46 - INFO - utils.trainer -   Precision: 0.63932
07/29/2026 19:28:46 - INFO - utils.trainer -   Specificity: 0.56449
07/29/2026 19:28:46 - INFO - utils.trainer -   Sensitivity: 0.66937
07/29/2026 19:28:46 - INFO - utils.trainer -   Epoch: 17, Loss: 1.30139, Val loss: 2.08731, Val AUC: 0.6792, Best val AUC: 0.7215, No improve: 10/10, Time: 2.0s
07/29/2026 19:28:46 - INFO - utils.trainer -   Early stopping triggered at epoch 17
07/29/2026 19:28:46 - INFO - utils.trainer -   Early stopping triggered at epoch 17
07/29/2026 19:28:46 - INFO - utils.trainer -   Early stopping triggered at epoch 17
07/29/2026 19:28:46 - INFO - utils.trainer -   Early stopping triggered at epoch 17
07/29/2026 19:28:46 - INFO - utils.trainer -   Early stopping triggered at epoch 17
07/29/2026 19:28:46 - INFO - utils.trainer -   Early stopping triggered at epoch 17
07/29/2026 19:28:46 - INFO - utils.trainer -     7 keys not in checkpoint (kept from init)
07/29/2026 19:28:46 - INFO - utils.trainer -   Model loaded from output_dir/ALTER/ALTER-0.bin (26/26 keys)
07/29/2026 19:28:46 - INFO - utils.trainer -   ***** Running evaluation on test dataset *****
07/29/2026 19:28:46 - INFO - utils.trainer -     7 keys not in checkpoint (kept from init)
07/29/2026 19:28:46 - INFO - utils.trainer -   Model loaded from output_dir/ALTER/ALTER-0.bin (26/26 keys)
07/29/2026 19:28:46 - INFO - utils.trainer -     7 keys not in checkpoint (kept from init)
07/29/2026 19:28:46 - INFO - utils.trainer -   Model loaded from output_dir/ALTER/ALTER-0.bin (26/26 keys)
07/29/2026 19:28:46 - INFO - utils.trainer -     7 keys not in checkpoint (kept from init)
07/29/2026 19:28:46 - INFO - utils.trainer -     7 keys not in checkpoint (kept from init)
07/29/2026 19:28:46 - INFO - utils.trainer -   Model loaded from output_dir/ALTER/ALTER-0.bin (26/26 keys)
07/29/2026 19:28:46 - INFO - utils.trainer -   Model loaded from output_dir/ALTER/ALTER-0.bin (26/26 keys)
07/29/2026 19:28:46 - INFO - utils.trainer -     7 keys not in checkpoint (kept from init)
07/29/2026 19:28:46 - INFO - utils.trainer -   Model loaded from output_dir/ALTER/ALTER-0.bin (26/26 keys)
07/29/2026 19:28:48 - INFO - utils.trainer -   Loss: 1.88278
07/29/2026 19:28:48 - INFO - utils.trainer -   AUC: 0.69980
07/29/2026 19:28:48 - INFO - utils.trainer -   Accuracy: 0.56842
07/29/2026 19:28:48 - INFO - utils.trainer -   Precision: 0.56842
07/29/2026 19:28:48 - INFO - utils.trainer -   Specificity: 0.00000
07/29/2026 19:28:48 - INFO - utils.trainer -   Sensitivity: 1.00000
07/29/2026 19:28:48 - INFO - utils.trainer -   === Best epoch test result ===
07/29/2026 19:28:48 - INFO - utils.trainer -     Loss: 1.88278
07/29/2026 19:28:48 - INFO - utils.trainer -     AUC: 0.69980
07/29/2026 19:28:48 - INFO - utils.trainer -     Accuracy: 0.56842
07/29/2026 19:28:48 - INFO - utils.trainer -     Precision: 0.56842
07/29/2026 19:28:48 - INFO - utils.trainer -     Specificity: 0.00000
07/29/2026 19:28:48 - INFO - utils.trainer -     Sensitivity: 1.00000
07/29/2026 19:28:48 - INFO - utils.trainer -   Model saved to output_dir/ALTER/final-epoch-200
07/29/2026 19:28:48 - INFO - utils.trainer -   Final model saved at epoch 200
