08/11/2026 00:14:32 - INFO - __main__ -   ########## Repeat:0 ##########
08/11/2026 00:14:32 - INFO - utils.trainer -   ***** Running training *****
08/11/2026 00:14:32 - INFO - utils.trainer -     Num examples = 296
08/11/2026 00:14:32 - INFO - utils.trainer -     Num Epochs = 200
08/11/2026 00:14:32 - INFO - utils.trainer -     Total train batch size = 2
08/11/2026 00:14:32 - INFO - utils.trainer -     warmup steps = 400
08/11/2026 00:14:32 - INFO - utils.trainer -     Total optimization steps = 59200
08/11/2026 00:14:32 - INFO - utils.trainer -     Save steps = 25
08/11/2026 00:16:03 - INFO - utils.trainer -   ***** Running evaluation on val dataset *****
08/11/2026 00:16:10 - INFO - utils.trainer -   Loss: 0.82756
08/11/2026 00:16:10 - INFO - utils.trainer -   AUC: 0.68903
08/11/2026 00:16:10 - INFO - utils.trainer -   Accuracy: 0.64785
08/11/2026 00:16:10 - INFO - utils.trainer -   Precision: 0.72100
08/11/2026 00:16:10 - INFO - utils.trainer -   Specificity: 0.73900
08/11/2026 00:16:10 - INFO - utils.trainer -   Sensitivity: 0.57072
08/11/2026 00:16:11 - INFO - utils.trainer -   Model saved to output_dir/TimeLLM_DiseaseCAUEEG_train
08/11/2026 00:16:11 - INFO - utils.trainer -   Best model saved (val_AUC=0.6890)
08/11/2026 00:16:11 - INFO - utils.trainer -   Epoch: 1, Loss: 1.40697, Val loss: 0.82756, Val AUC: 0.6890, Best val AUC: 0.6890, No improve: 0/10, Time: 91.0s
08/11/2026 00:17:41 - INFO - utils.trainer -   ***** Running evaluation on val dataset *****
08/11/2026 00:17:48 - INFO - utils.trainer -   Loss: 0.69131
08/11/2026 00:17:48 - INFO - utils.trainer -   AUC: 0.71097
08/11/2026 00:17:48 - INFO - utils.trainer -   Accuracy: 0.67070
08/11/2026 00:17:48 - INFO - utils.trainer -   Precision: 0.67634
08/11/2026 00:17:48 - INFO - utils.trainer -   Specificity: 0.57478
08/11/2026 00:17:48 - INFO - utils.trainer -   Sensitivity: 0.75186
08/11/2026 00:17:49 - INFO - utils.trainer -   Model saved to output_dir/TimeLLM_DiseaseCAUEEG_train
08/11/2026 00:17:49 - INFO - utils.trainer -   Best model saved (val_AUC=0.7110)
08/11/2026 00:17:49 - INFO - utils.trainer -   Epoch: 2, Loss: 0.77150, Val loss: 0.69131, Val AUC: 0.7110, Best val AUC: 0.7110, No improve: 0/10, Time: 89.8s
08/11/2026 00:19:19 - INFO - utils.trainer -   ***** Running evaluation on val dataset *****
08/11/2026 00:19:26 - INFO - utils.trainer -   Loss: 0.68467
08/11/2026 00:19:26 - INFO - utils.trainer -   AUC: 0.73297
08/11/2026 00:19:26 - INFO - utils.trainer -   Accuracy: 0.65860
08/11/2026 00:19:26 - INFO - utils.trainer -   Precision: 0.73955
08/11/2026 00:19:26 - INFO - utils.trainer -   Specificity: 0.76246
08/11/2026 00:19:26 - INFO - utils.trainer -   Sensitivity: 0.57072
08/11/2026 00:19:27 - INFO - utils.trainer -   Model saved to output_dir/TimeLLM_DiseaseCAUEEG_train
08/11/2026 00:19:27 - INFO - utils.trainer -   Best model saved (val_AUC=0.7330)
08/11/2026 00:19:27 - INFO - utils.trainer -   Epoch: 3, Loss: 0.63867, Val loss: 0.68467, Val AUC: 0.7330, Best val AUC: 0.7330, No improve: 0/10, Time: 90.0s
08/11/2026 00:20:57 - INFO - utils.trainer -   ***** Running evaluation on val dataset *****
08/11/2026 00:21:04 - INFO - utils.trainer -   Loss: 0.72849
08/11/2026 00:21:04 - INFO - utils.trainer -   AUC: 0.73823
08/11/2026 00:21:04 - INFO - utils.trainer -   Accuracy: 0.66129
08/11/2026 00:21:04 - INFO - utils.trainer -   Precision: 0.75251
08/11/2026 00:21:04 - INFO - utils.trainer -   Specificity: 0.78299
08/11/2026 00:21:04 - INFO - utils.trainer -   Sensitivity: 0.55831
08/11/2026 00:21:05 - INFO - utils.trainer -   Model saved to output_dir/TimeLLM_DiseaseCAUEEG_train
08/11/2026 00:21:05 - INFO - utils.trainer -   Best model saved (val_AUC=0.7382)
08/11/2026 00:21:05 - INFO - utils.trainer -   Epoch: 4, Loss: 0.53641, Val loss: 0.72849, Val AUC: 0.7382, Best val AUC: 0.7382, No improve: 0/10, Time: 89.8s
08/11/2026 00:22:35 - INFO - utils.trainer -   ***** Running evaluation on val dataset *****
08/11/2026 00:22:42 - INFO - utils.trainer -   Loss: 0.74621
08/11/2026 00:22:42 - INFO - utils.trainer -   AUC: 0.74649
08/11/2026 00:22:42 - INFO - utils.trainer -   Accuracy: 0.67876
08/11/2026 00:22:42 - INFO - utils.trainer -   Precision: 0.70398
08/11/2026 00:22:42 - INFO - utils.trainer -   Specificity: 0.65103
08/11/2026 00:22:42 - INFO - utils.trainer -   Sensitivity: 0.70223
08/11/2026 00:22:43 - INFO - utils.trainer -   Model saved to output_dir/TimeLLM_DiseaseCAUEEG_train
08/11/2026 00:22:43 - INFO - utils.trainer -   Best model saved (val_AUC=0.7465)
08/11/2026 00:22:43 - INFO - utils.trainer -   Epoch: 5, Loss: 0.53704, Val loss: 0.74621, Val AUC: 0.7465, Best val AUC: 0.7465, No improve: 0/10, Time: 89.9s
08/11/2026 00:24:13 - INFO - utils.trainer -   ***** Running evaluation on val dataset *****
08/11/2026 00:24:21 - INFO - utils.trainer -   Loss: 0.82352
08/11/2026 00:24:21 - INFO - utils.trainer -   AUC: 0.71747
08/11/2026 00:24:21 - INFO - utils.trainer -   Accuracy: 0.64919
08/11/2026 00:24:21 - INFO - utils.trainer -   Precision: 0.77308
08/11/2026 00:24:21 - INFO - utils.trainer -   Specificity: 0.82698
08/11/2026 00:24:21 - INFO - utils.trainer -   Sensitivity: 0.49876
08/11/2026 00:24:21 - INFO - utils.trainer -   Epoch: 6, Loss: 0.47364, Val loss: 0.82352, Val AUC: 0.7175, Best val AUC: 0.7465, No improve: 1/10, Time: 89.9s
08/11/2026 00:25:51 - INFO - utils.trainer -   ***** Running evaluation on val dataset *****
08/11/2026 00:25:58 - INFO - utils.trainer -   Loss: 0.86490
08/11/2026 00:25:58 - INFO - utils.trainer -   AUC: 0.72220
08/11/2026 00:25:58 - INFO - utils.trainer -   Accuracy: 0.65591
08/11/2026 00:25:58 - INFO - utils.trainer -   Precision: 0.73482
08/11/2026 00:25:58 - INFO - utils.trainer -   Specificity: 0.75660
08/11/2026 00:25:58 - INFO - utils.trainer -   Sensitivity: 0.57072
08/11/2026 00:25:58 - INFO - utils.trainer -   Epoch: 7, Loss: 0.48619, Val loss: 0.86490, Val AUC: 0.7222, Best val AUC: 0.7465, No improve: 2/10, Time: 89.9s
08/11/2026 00:27:28 - INFO - utils.trainer -   ***** Running evaluation on val dataset *****
08/11/2026 00:27:35 - INFO - utils.trainer -   Loss: 0.96881
08/11/2026 00:27:35 - INFO - utils.trainer -   AUC: 0.71817
08/11/2026 00:27:35 - INFO - utils.trainer -   Accuracy: 0.65323
08/11/2026 00:27:35 - INFO - utils.trainer -   Precision: 0.72586
08/11/2026 00:27:35 - INFO - utils.trainer -   Specificity: 0.74194
08/11/2026 00:27:35 - INFO - utils.trainer -   Sensitivity: 0.57816
08/11/2026 00:27:35 - INFO - utils.trainer -   Epoch: 8, Loss: 0.38059, Val loss: 0.96881, Val AUC: 0.7182, Best val AUC: 0.7465, No improve: 3/10, Time: 90.1s
08/11/2026 00:29:06 - INFO - utils.trainer -   ***** Running evaluation on val dataset *****
08/11/2026 00:29:14 - INFO - utils.trainer -   Loss: 0.96793
08/11/2026 00:29:14 - INFO - utils.trainer -   AUC: 0.74566
08/11/2026 00:29:14 - INFO - utils.trainer -   Accuracy: 0.66398
08/11/2026 00:29:14 - INFO - utils.trainer -   Precision: 0.76289
08/11/2026 00:29:14 - INFO - utils.trainer -   Specificity: 0.79765
08/11/2026 00:29:14 - INFO - utils.trainer -   Sensitivity: 0.55087
08/11/2026 00:29:14 - INFO - utils.trainer -   Epoch: 9, Loss: 0.33469, Val loss: 0.96793, Val AUC: 0.7457, Best val AUC: 0.7465, No improve: 4/10, Time: 91.2s
08/11/2026 00:30:44 - INFO - utils.trainer -   ***** Running evaluation on val dataset *****
08/11/2026 00:30:51 - INFO - utils.trainer -   Loss: 0.84587
08/11/2026 00:30:51 - INFO - utils.trainer -   AUC: 0.74995
08/11/2026 00:30:51 - INFO - utils.trainer -   Accuracy: 0.69086
08/11/2026 00:30:51 - INFO - utils.trainer -   Precision: 0.73569
08/11/2026 00:30:51 - INFO - utils.trainer -   Specificity: 0.71554
08/11/2026 00:30:51 - INFO - utils.trainer -   Sensitivity: 0.66998
08/11/2026 00:30:52 - INFO - utils.trainer -   Model saved to output_dir/TimeLLM_DiseaseCAUEEG_train
08/11/2026 00:30:52 - INFO - utils.trainer -   Best model saved (val_AUC=0.7499)
08/11/2026 00:30:52 - INFO - utils.trainer -   Epoch: 10, Loss: 0.32143, Val loss: 0.84587, Val AUC: 0.7499, Best val AUC: 0.7499, No improve: 0/10, Time: 90.1s
08/11/2026 00:32:22 - INFO - utils.trainer -   ***** Running evaluation on val dataset *****
08/11/2026 00:32:29 - INFO - utils.trainer -   Loss: 1.02708
08/11/2026 00:32:29 - INFO - utils.trainer -   AUC: 0.72281
08/11/2026 00:32:29 - INFO - utils.trainer -   Accuracy: 0.65054
08/11/2026 00:32:29 - INFO - utils.trainer -   Precision: 0.63415
08/11/2026 00:32:29 - INFO - utils.trainer -   Specificity: 0.42815
08/11/2026 00:32:29 - INFO - utils.trainer -   Sensitivity: 0.83871
08/11/2026 00:32:29 - INFO - utils.trainer -   Epoch: 11, Loss: 0.29951, Val loss: 1.02708, Val AUC: 0.7228, Best val AUC: 0.7499, No improve: 1/10, Time: 90.1s
08/11/2026 00:33:59 - INFO - utils.trainer -   ***** Running evaluation on val dataset *****
08/11/2026 00:34:07 - INFO - utils.trainer -   Loss: 0.97701
08/11/2026 00:34:07 - INFO - utils.trainer -   AUC: 0.74455
08/11/2026 00:34:07 - INFO - utils.trainer -   Accuracy: 0.68548
08/11/2026 00:34:07 - INFO - utils.trainer -   Precision: 0.70167
08/11/2026 00:34:07 - INFO - utils.trainer -   Specificity: 0.63343
08/11/2026 00:34:07 - INFO - utils.trainer -   Sensitivity: 0.72953
08/11/2026 00:34:07 - INFO - utils.trainer -   Epoch: 12, Loss: 0.24726, Val loss: 0.97701, Val AUC: 0.7446, Best val AUC: 0.7499, No improve: 2/10, Time: 89.9s
08/11/2026 00:35:37 - INFO - utils.trainer -   ***** Running evaluation on val dataset *****
08/11/2026 00:35:44 - INFO - utils.trainer -   Loss: 1.24108
08/11/2026 00:35:44 - INFO - utils.trainer -   AUC: 0.69800
08/11/2026 00:35:44 - INFO - utils.trainer -   Accuracy: 0.64651
08/11/2026 00:35:44 - INFO - utils.trainer -   Precision: 0.67073
08/11/2026 00:35:44 - INFO - utils.trainer -   Specificity: 0.60411
08/11/2026 00:35:44 - INFO - utils.trainer -   Sensitivity: 0.68238
08/11/2026 00:35:44 - INFO - utils.trainer -   Epoch: 13, Loss: 0.21512, Val loss: 1.24108, Val AUC: 0.6980, Best val AUC: 0.7499, No improve: 3/10, Time: 90.1s
08/11/2026 00:37:14 - INFO - utils.trainer -   ***** Running evaluation on val dataset *****
08/11/2026 00:37:22 - INFO - utils.trainer -   Loss: 1.16574
08/11/2026 00:37:22 - INFO - utils.trainer -   AUC: 0.75000
08/11/2026 00:37:22 - INFO - utils.trainer -   Accuracy: 0.68280
08/11/2026 00:37:22 - INFO - utils.trainer -   Precision: 0.74925
08/11/2026 00:37:22 - INFO - utils.trainer -   Specificity: 0.75367
08/11/2026 00:37:22 - INFO - utils.trainer -   Sensitivity: 0.62283
08/11/2026 00:37:22 - INFO - utils.trainer -   Epoch: 14, Loss: 0.21670, Val loss: 1.16574, Val AUC: 0.7500, Best val AUC: 0.7499, No improve: 4/10, Time: 90.2s
08/11/2026 00:38:52 - INFO - utils.trainer -   ***** Running evaluation on val dataset *****
08/11/2026 00:38:59 - INFO - utils.trainer -   Loss: 1.17819
08/11/2026 00:38:59 - INFO - utils.trainer -   AUC: 0.73252
08/11/2026 00:38:59 - INFO - utils.trainer -   Accuracy: 0.67204
08/11/2026 00:38:59 - INFO - utils.trainer -   Precision: 0.71314
08/11/2026 00:38:59 - INFO - utils.trainer -   Specificity: 0.68622
08/11/2026 00:38:59 - INFO - utils.trainer -   Sensitivity: 0.66005
08/11/2026 00:38:59 - INFO - utils.trainer -   Epoch: 15, Loss: 0.17373, Val loss: 1.17819, Val AUC: 0.7325, Best val AUC: 0.7499, No improve: 5/10, Time: 89.9s
08/11/2026 00:40:29 - INFO - utils.trainer -   ***** Running evaluation on val dataset *****
08/11/2026 00:40:36 - INFO - utils.trainer -   Loss: 1.52645
08/11/2026 00:40:36 - INFO - utils.trainer -   AUC: 0.72738
08/11/2026 00:40:36 - INFO - utils.trainer -   Accuracy: 0.66263
08/11/2026 00:40:36 - INFO - utils.trainer -   Precision: 0.76027
08/11/2026 00:40:36 - INFO - utils.trainer -   Specificity: 0.79472
08/11/2026 00:40:36 - INFO - utils.trainer -   Sensitivity: 0.55087
08/11/2026 00:40:36 - INFO - utils.trainer -   Epoch: 16, Loss: 0.18845, Val loss: 1.52645, Val AUC: 0.7274, Best val AUC: 0.7499, No improve: 6/10, Time: 90.0s
08/11/2026 00:42:07 - INFO - utils.trainer -   ***** Running evaluation on val dataset *****
08/11/2026 00:42:14 - INFO - utils.trainer -   Loss: 1.40637
08/11/2026 00:42:14 - INFO - utils.trainer -   AUC: 0.72280
08/11/2026 00:42:14 - INFO - utils.trainer -   Accuracy: 0.67608
08/11/2026 00:42:14 - INFO - utils.trainer -   Precision: 0.75313
08/11/2026 00:42:14 - INFO - utils.trainer -   Specificity: 0.76833
08/11/2026 00:42:14 - INFO - utils.trainer -   Sensitivity: 0.59801
08/11/2026 00:42:14 - INFO - utils.trainer -   Epoch: 17, Loss: 0.16480, Val loss: 1.40637, Val AUC: 0.7228, Best val AUC: 0.7499, No improve: 7/10, Time: 90.6s
08/11/2026 00:43:44 - INFO - utils.trainer -   ***** Running evaluation on val dataset *****
08/11/2026 00:43:52 - INFO - utils.trainer -   Loss: 1.40703
08/11/2026 00:43:52 - INFO - utils.trainer -   AUC: 0.73555
08/11/2026 00:43:52 - INFO - utils.trainer -   Accuracy: 0.67070
08/11/2026 00:43:52 - INFO - utils.trainer -   Precision: 0.68372
08/11/2026 00:43:52 - INFO - utils.trainer -   Specificity: 0.60117
08/11/2026 00:43:52 - INFO - utils.trainer -   Sensitivity: 0.72953
08/11/2026 00:43:52 - INFO - utils.trainer -   Epoch: 18, Loss: 0.15173, Val loss: 1.40703, Val AUC: 0.7355, Best val AUC: 0.7499, No improve: 8/10, Time: 89.7s
08/11/2026 00:45:22 - INFO - utils.trainer -   ***** Running evaluation on val dataset *****
08/11/2026 00:45:29 - INFO - utils.trainer -   Loss: 1.32809
08/11/2026 00:45:29 - INFO - utils.trainer -   AUC: 0.73773
08/11/2026 00:45:29 - INFO - utils.trainer -   Accuracy: 0.67876
08/11/2026 00:45:29 - INFO - utils.trainer -   Precision: 0.71244
08/11/2026 00:45:29 - INFO - utils.trainer -   Specificity: 0.67449
08/11/2026 00:45:29 - INFO - utils.trainer -   Sensitivity: 0.68238
08/11/2026 00:45:29 - INFO - utils.trainer -   Epoch: 19, Loss: 0.16416, Val loss: 1.32809, Val AUC: 0.7377, Best val AUC: 0.7499, No improve: 9/10, Time: 90.0s
08/11/2026 00:46:59 - INFO - utils.trainer -   ***** Running evaluation on val dataset *****
08/11/2026 00:47:06 - INFO - utils.trainer -   Loss: 1.49336
08/11/2026 00:47:06 - INFO - utils.trainer -   AUC: 0.75313
08/11/2026 00:47:06 - INFO - utils.trainer -   Accuracy: 0.68548
08/11/2026 00:47:06 - INFO - utils.trainer -   Precision: 0.75529
08/11/2026 00:47:06 - INFO - utils.trainer -   Specificity: 0.76246
08/11/2026 00:47:06 - INFO - utils.trainer -   Sensitivity: 0.62035
08/11/2026 00:47:07 - INFO - utils.trainer -   Model saved to output_dir/TimeLLM_DiseaseCAUEEG_train
08/11/2026 00:47:07 - INFO - utils.trainer -   Best model saved (val_AUC=0.7531)
08/11/2026 00:47:07 - INFO - utils.trainer -   Epoch: 20, Loss: 0.13176, Val loss: 1.49336, Val AUC: 0.7531, Best val AUC: 0.7531, No improve: 0/10, Time: 90.1s
08/11/2026 00:48:37 - INFO - utils.trainer -   ***** Running evaluation on val dataset *****
08/11/2026 00:48:44 - INFO - utils.trainer -   Loss: 1.56863
08/11/2026 00:48:44 - INFO - utils.trainer -   AUC: 0.74461
08/11/2026 00:48:44 - INFO - utils.trainer -   Accuracy: 0.67608
08/11/2026 00:48:44 - INFO - utils.trainer -   Precision: 0.72881
08/11/2026 00:48:44 - INFO - utils.trainer -   Specificity: 0.71848
08/11/2026 00:48:44 - INFO - utils.trainer -   Sensitivity: 0.64020
08/11/2026 00:48:44 - INFO - utils.trainer -   Epoch: 21, Loss: 0.10584, Val loss: 1.56863, Val AUC: 0.7446, Best val AUC: 0.7531, No improve: 1/10, Time: 89.9s
08/11/2026 00:50:14 - INFO - utils.trainer -   ***** Running evaluation on val dataset *****
08/11/2026 00:50:21 - INFO - utils.trainer -   Loss: 1.65698
08/11/2026 00:50:21 - INFO - utils.trainer -   AUC: 0.72463
08/11/2026 00:50:21 - INFO - utils.trainer -   Accuracy: 0.67070
08/11/2026 00:50:21 - INFO - utils.trainer -   Precision: 0.69750
08/11/2026 00:50:21 - INFO - utils.trainer -   Specificity: 0.64516
08/11/2026 00:50:21 - INFO - utils.trainer -   Sensitivity: 0.69231
08/11/2026 00:50:21 - INFO - utils.trainer -   Epoch: 22, Loss: 0.13299, Val loss: 1.65698, Val AUC: 0.7246, Best val AUC: 0.7531, No improve: 2/10, Time: 89.8s
08/11/2026 00:51:51 - INFO - utils.trainer -   ***** Running evaluation on val dataset *****
08/11/2026 00:51:59 - INFO - utils.trainer -   Loss: 1.57485
08/11/2026 00:51:59 - INFO - utils.trainer -   AUC: 0.76529
08/11/2026 00:51:59 - INFO - utils.trainer -   Accuracy: 0.69220
08/11/2026 00:51:59 - INFO - utils.trainer -   Precision: 0.72194
08/11/2026 00:51:59 - INFO - utils.trainer -   Specificity: 0.68035
08/11/2026 00:51:59 - INFO - utils.trainer -   Sensitivity: 0.70223
08/11/2026 00:52:00 - INFO - utils.trainer -   Model saved to output_dir/TimeLLM_DiseaseCAUEEG_train
08/11/2026 00:52:00 - INFO - utils.trainer -   Best model saved (val_AUC=0.7653)
08/11/2026 00:52:00 - INFO - utils.trainer -   Epoch: 23, Loss: 0.12534, Val loss: 1.57485, Val AUC: 0.7653, Best val AUC: 0.7653, No improve: 0/10, Time: 89.9s
08/11/2026 00:53:31 - INFO - utils.trainer -   ***** Running evaluation on val dataset *****
08/11/2026 00:53:38 - INFO - utils.trainer -   Loss: 1.71594
08/11/2026 00:53:38 - INFO - utils.trainer -   AUC: 0.72709
08/11/2026 00:53:38 - INFO - utils.trainer -   Accuracy: 0.65591
08/11/2026 00:53:38 - INFO - utils.trainer -   Precision: 0.71810
08/11/2026 00:53:38 - INFO - utils.trainer -   Specificity: 0.72141
08/11/2026 00:53:38 - INFO - utils.trainer -   Sensitivity: 0.60050
08/11/2026 00:53:38 - INFO - utils.trainer -   Epoch: 24, Loss: 0.12833, Val loss: 1.71594, Val AUC: 0.7271, Best val AUC: 0.7653, No improve: 1/10, Time: 91.3s
08/11/2026 00:55:08 - INFO - utils.trainer -   ***** Running evaluation on val dataset *****
08/11/2026 00:55:15 - INFO - utils.trainer -   Loss: 1.69390
08/11/2026 00:55:15 - INFO - utils.trainer -   AUC: 0.74564
08/11/2026 00:55:15 - INFO - utils.trainer -   Accuracy: 0.68817
08/11/2026 00:55:15 - INFO - utils.trainer -   Precision: 0.72093
08/11/2026 00:55:15 - INFO - utils.trainer -   Specificity: 0.68328
08/11/2026 00:55:15 - INFO - utils.trainer -   Sensitivity: 0.69231
08/11/2026 00:55:16 - INFO - utils.trainer -   Model saved to output_dir/TimeLLM_DiseaseCAUEEG_train/checkpoint-epoch-25
08/11/2026 00:55:16 - INFO - utils.trainer -   Checkpoint saved at epoch 25
08/11/2026 00:55:16 - INFO - utils.trainer -   Epoch: 25, Loss: 0.11470, Val loss: 1.69390, Val AUC: 0.7456, Best val AUC: 0.7653, No improve: 2/10, Time: 90.0s
08/11/2026 00:56:46 - INFO - utils.trainer -   ***** Running evaluation on val dataset *****
08/11/2026 00:56:53 - INFO - utils.trainer -   Loss: 1.72685
08/11/2026 00:56:53 - INFO - utils.trainer -   AUC: 0.74559
08/11/2026 00:56:53 - INFO - utils.trainer -   Accuracy: 0.69086
08/11/2026 00:56:53 - INFO - utils.trainer -   Precision: 0.72585
08/11/2026 00:56:53 - INFO - utils.trainer -   Specificity: 0.69208
08/11/2026 00:56:53 - INFO - utils.trainer -   Sensitivity: 0.68983
08/11/2026 00:56:53 - INFO - utils.trainer -   Epoch: 26, Loss: 0.13595, Val loss: 1.72685, Val AUC: 0.7456, Best val AUC: 0.7653, No improve: 3/10, Time: 90.0s
08/11/2026 00:58:23 - INFO - utils.trainer -   ***** Running evaluation on val dataset *****
08/11/2026 00:58:30 - INFO - utils.trainer -   Loss: 1.58096
08/11/2026 00:58:30 - INFO - utils.trainer -   AUC: 0.74939
08/11/2026 00:58:30 - INFO - utils.trainer -   Accuracy: 0.68683
08/11/2026 00:58:30 - INFO - utils.trainer -   Precision: 0.68640
08/11/2026 00:58:30 - INFO - utils.trainer -   Specificity: 0.58065
08/11/2026 00:58:30 - INFO - utils.trainer -   Sensitivity: 0.77667
08/11/2026 00:58:30 - INFO - utils.trainer -   Epoch: 27, Loss: 0.11736, Val loss: 1.58096, Val AUC: 0.7494, Best val AUC: 0.7653, No improve: 4/10, Time: 90.0s
08/11/2026 01:00:00 - INFO - utils.trainer -   ***** Running evaluation on val dataset *****
08/11/2026 01:00:08 - INFO - utils.trainer -   Loss: 1.84136
08/11/2026 01:00:08 - INFO - utils.trainer -   AUC: 0.71798
08/11/2026 01:00:08 - INFO - utils.trainer -   Accuracy: 0.65188
08/11/2026 01:00:08 - INFO - utils.trainer -   Precision: 0.68367
08/11/2026 01:00:08 - INFO - utils.trainer -   Specificity: 0.63636
08/11/2026 01:00:08 - INFO - utils.trainer -   Sensitivity: 0.66501
08/11/2026 01:00:08 - INFO - utils.trainer -   Epoch: 28, Loss: 0.10359, Val loss: 1.84136, Val AUC: 0.7180, Best val AUC: 0.7653, No improve: 5/10, Time: 90.1s
08/11/2026 01:01:38 - INFO - utils.trainer -   ***** Running evaluation on val dataset *****
08/11/2026 01:01:45 - INFO - utils.trainer -   Loss: 1.82664
08/11/2026 01:01:45 - INFO - utils.trainer -   AUC: 0.74331
08/11/2026 01:01:45 - INFO - utils.trainer -   Accuracy: 0.69355
08/11/2026 01:01:45 - INFO - utils.trainer -   Precision: 0.70883
08/11/2026 01:01:45 - INFO - utils.trainer -   Specificity: 0.64223
08/11/2026 01:01:45 - INFO - utils.trainer -   Sensitivity: 0.73697
08/11/2026 01:01:45 - INFO - utils.trainer -   Epoch: 29, Loss: 0.07748, Val loss: 1.82664, Val AUC: 0.7433, Best val AUC: 0.7653, No improve: 6/10, Time: 89.9s
08/11/2026 01:03:15 - INFO - utils.trainer -   ***** Running evaluation on val dataset *****
08/11/2026 01:03:22 - INFO - utils.trainer -   Loss: 1.94874
08/11/2026 01:03:22 - INFO - utils.trainer -   AUC: 0.74371
08/11/2026 01:03:22 - INFO - utils.trainer -   Accuracy: 0.68145
08/11/2026 01:03:22 - INFO - utils.trainer -   Precision: 0.69037
08/11/2026 01:03:22 - INFO - utils.trainer -   Specificity: 0.60411
08/11/2026 01:03:22 - INFO - utils.trainer -   Sensitivity: 0.74690
08/11/2026 01:03:22 - INFO - utils.trainer -   Epoch: 30, Loss: 0.09366, Val loss: 1.94874, Val AUC: 0.7437, Best val AUC: 0.7653, No improve: 7/10, Time: 90.0s
08/11/2026 01:04:53 - INFO - utils.trainer -   ***** Running evaluation on val dataset *****
08/11/2026 01:05:00 - INFO - utils.trainer -   Loss: 1.96267
08/11/2026 01:05:00 - INFO - utils.trainer -   AUC: 0.72469
08/11/2026 01:05:00 - INFO - utils.trainer -   Accuracy: 0.65860
08/11/2026 01:05:00 - INFO - utils.trainer -   Precision: 0.69867
08/11/2026 01:05:00 - INFO - utils.trainer -   Specificity: 0.66862
08/11/2026 01:05:00 - INFO - utils.trainer -   Sensitivity: 0.65012
08/11/2026 01:05:00 - INFO - utils.trainer -   Epoch: 31, Loss: 0.09084, Val loss: 1.96267, Val AUC: 0.7247, Best val AUC: 0.7653, No improve: 8/10, Time: 90.6s
08/11/2026 01:06:32 - INFO - utils.trainer -   ***** Running evaluation on val dataset *****
08/11/2026 01:06:39 - INFO - utils.trainer -   Loss: 2.03260
08/11/2026 01:06:39 - INFO - utils.trainer -   AUC: 0.73577
08/11/2026 01:06:39 - INFO - utils.trainer -   Accuracy: 0.67876
08/11/2026 01:06:39 - INFO - utils.trainer -   Precision: 0.72404
08/11/2026 01:06:39 - INFO - utils.trainer -   Specificity: 0.70381
08/11/2026 01:06:39 - INFO - utils.trainer -   Sensitivity: 0.65757
08/11/2026 01:06:39 - INFO - utils.trainer -   Epoch: 32, Loss: 0.07303, Val loss: 2.03260, Val AUC: 0.7358, Best val AUC: 0.7653, No improve: 9/10, Time: 91.5s
08/11/2026 01:08:09 - INFO - utils.trainer -   ***** Running evaluation on val dataset *****
08/11/2026 01:08:17 - INFO - utils.trainer -   Loss: 1.88501
08/11/2026 01:08:17 - INFO - utils.trainer -   AUC: 0.75358
08/11/2026 01:08:17 - INFO - utils.trainer -   Accuracy: 0.68414
08/11/2026 01:08:17 - INFO - utils.trainer -   Precision: 0.73204
08/11/2026 01:08:17 - INFO - utils.trainer -   Specificity: 0.71554
08/11/2026 01:08:17 - INFO - utils.trainer -   Sensitivity: 0.65757
08/11/2026 01:08:17 - INFO - utils.trainer -   Epoch: 33, Loss: 0.07441, Val loss: 1.88501, Val AUC: 0.7536, Best val AUC: 0.7653, No improve: 10/10, Time: 90.2s
08/11/2026 01:08:17 - INFO - utils.trainer -   Early stopping triggered at epoch 33
08/11/2026 01:08:17 - INFO - utils.trainer -   Early stopping triggered at epoch 33
08/11/2026 01:08:17 - INFO - utils.trainer -   Early stopping triggered at epoch 33
08/11/2026 01:08:17 - INFO - utils.trainer -   Early stopping triggered at epoch 33
08/11/2026 01:08:17 - INFO - utils.trainer -   Early stopping triggered at epoch 33
08/11/2026 01:08:17 - INFO - utils.trainer -   Early stopping triggered at epoch 33
08/11/2026 01:08:17 - INFO - utils.trainer -     2 prompt-buffer key(s) skipped (kept target-dataset prompt)
08/11/2026 01:08:17 - INFO - utils.trainer -     646 keys not in checkpoint (kept from init)
08/11/2026 01:08:17 - INFO - utils.trainer -   Model loaded from output_dir/TimeLLM_DiseaseCAUEEG_train/TimeLLM-0.bin (85/87 keys)
08/11/2026 01:08:17 - INFO - utils.trainer -   ***** Running evaluation on test dataset *****
08/11/2026 01:08:17 - INFO - utils.trainer -     2 prompt-buffer key(s) skipped (kept target-dataset prompt)
08/11/2026 01:08:17 - INFO - utils.trainer -     646 keys not in checkpoint (kept from init)
08/11/2026 01:08:17 - INFO - utils.trainer -   Model loaded from output_dir/TimeLLM_DiseaseCAUEEG_train/TimeLLM-0.bin (85/87 keys)
08/11/2026 01:08:17 - INFO - utils.trainer -     2 prompt-buffer key(s) skipped (kept target-dataset prompt)
08/11/2026 01:08:17 - INFO - utils.trainer -     646 keys not in checkpoint (kept from init)
08/11/2026 01:08:17 - INFO - utils.trainer -   Model loaded from output_dir/TimeLLM_DiseaseCAUEEG_train/TimeLLM-0.bin (85/87 keys)
08/11/2026 01:08:17 - INFO - utils.trainer -     2 prompt-buffer key(s) skipped (kept target-dataset prompt)
08/11/2026 01:08:17 - INFO - utils.trainer -     646 keys not in checkpoint (kept from init)
08/11/2026 01:08:17 - INFO - utils.trainer -   Model loaded from output_dir/TimeLLM_DiseaseCAUEEG_train/TimeLLM-0.bin (85/87 keys)
08/11/2026 01:08:17 - INFO - utils.trainer -     2 prompt-buffer key(s) skipped (kept target-dataset prompt)
08/11/2026 01:08:17 - INFO - utils.trainer -     646 keys not in checkpoint (kept from init)
08/11/2026 01:08:17 - INFO - utils.trainer -   Model loaded from output_dir/TimeLLM_DiseaseCAUEEG_train/TimeLLM-0.bin (85/87 keys)
08/11/2026 01:08:17 - INFO - utils.trainer -     2 prompt-buffer key(s) skipped (kept target-dataset prompt)
08/11/2026 01:08:17 - INFO - utils.trainer -     646 keys not in checkpoint (kept from init)
08/11/2026 01:08:17 - INFO - utils.trainer -   Model loaded from output_dir/TimeLLM_DiseaseCAUEEG_train/TimeLLM-0.bin (85/87 keys)
08/11/2026 01:08:25 - INFO - utils.trainer -   Loss: 1.51372
08/11/2026 01:08:25 - INFO - utils.trainer -   AUC: 0.74510
08/11/2026 01:08:25 - INFO - utils.trainer -   Accuracy: 0.67949
08/11/2026 01:08:25 - INFO - utils.trainer -   Precision: 0.63609
08/11/2026 01:08:25 - INFO - utils.trainer -   Specificity: 0.73016
08/11/2026 01:08:25 - INFO - utils.trainer -   Sensitivity: 0.61357
08/11/2026 01:08:25 - INFO - utils.trainer -   === Best epoch test result ===
08/11/2026 01:08:25 - INFO - utils.trainer -     Loss: 1.51372
08/11/2026 01:08:25 - INFO - utils.trainer -     AUC: 0.74510
08/11/2026 01:08:25 - INFO - utils.trainer -     Accuracy: 0.67949
08/11/2026 01:08:25 - INFO - utils.trainer -     Precision: 0.63609
08/11/2026 01:08:25 - INFO - utils.trainer -     Specificity: 0.73016
08/11/2026 01:08:25 - INFO - utils.trainer -     Sensitivity: 0.61357
08/11/2026 01:08:26 - INFO - utils.trainer -   Model saved to output_dir/TimeLLM_DiseaseCAUEEG_train/final-epoch-200
08/11/2026 01:08:26 - INFO - utils.trainer -   Final model saved at epoch 200
