08/21/2026 00:49:40 - INFO - __main__ -   ########## Repeat:0 ##########
08/21/2026 00:49:40 - INFO - utils.trainer -   ***** Running training *****
08/21/2026 00:49:40 - INFO - utils.trainer -     Num examples = 161
08/21/2026 00:49:40 - INFO - utils.trainer -     Num Epochs = 200
08/21/2026 00:49:40 - INFO - utils.trainer -     Total train batch size = 4
08/21/2026 00:49:40 - INFO - utils.trainer -     warmup steps = 400
08/21/2026 00:49:40 - INFO - utils.trainer -     Total optimization steps = 32200
08/21/2026 00:49:40 - INFO - utils.trainer -     Save steps = 25
08/21/2026 00:50:32 - INFO - utils.trainer -   ***** Running regression evaluation on val0 dataset *****
08/21/2026 00:50:37 - INFO - utils.trainer -   Loss: 0.04090
08/21/2026 00:50:37 - INFO - utils.trainer -   MSE: 435.12970
08/21/2026 00:50:37 - INFO - utils.trainer -   MAE: 18.59880
08/21/2026 00:50:37 - INFO - utils.trainer -   RMSE: 20.85976
08/21/2026 00:50:37 - INFO - utils.trainer -   R2: -2.92337
08/21/2026 00:50:37 - INFO - utils.trainer -   PearsonR: -0.01028
08/21/2026 00:50:38 - INFO - utils.trainer -   Model saved to output_dir/TimeLLM_AgeCAUEEG_train
08/21/2026 00:50:38 - INFO - utils.trainer -   Best model saved (val_Loss=0.0409)
08/21/2026 00:50:38 - INFO - utils.trainer -   Epoch: 1, Loss: 0.10771, Val loss: 0.04090, Val Loss: 0.0409, Best val Loss: 0.0409, No improve: 0/10, Time: 51.5s
08/21/2026 00:51:29 - INFO - utils.trainer -   ***** Running regression evaluation on val0 dataset *****
08/21/2026 00:51:34 - INFO - utils.trainer -   Loss: 0.01059
08/21/2026 00:51:34 - INFO - utils.trainer -   MSE: 112.55154
08/21/2026 00:51:34 - INFO - utils.trainer -   MAE: 8.29273
08/21/2026 00:51:34 - INFO - utils.trainer -   RMSE: 10.60903
08/21/2026 00:51:34 - INFO - utils.trainer -   R2: -0.01483
08/21/2026 00:51:34 - INFO - utils.trainer -   PearsonR: 0.05199
08/21/2026 00:51:35 - INFO - utils.trainer -   Model saved to output_dir/TimeLLM_AgeCAUEEG_train
08/21/2026 00:51:35 - INFO - utils.trainer -   Best model saved (val_Loss=0.0106)
08/21/2026 00:51:35 - INFO - utils.trainer -   Epoch: 2, Loss: 0.04934, Val loss: 0.01059, Val Loss: 0.0106, Best val Loss: 0.0106, No improve: 0/10, Time: 51.5s
08/21/2026 00:52:26 - INFO - utils.trainer -   ***** Running regression evaluation on val0 dataset *****
08/21/2026 00:52:31 - INFO - utils.trainer -   Loss: 0.01506
08/21/2026 00:52:31 - INFO - utils.trainer -   MSE: 160.95537
08/21/2026 00:52:31 - INFO - utils.trainer -   MAE: 9.85713
08/21/2026 00:52:31 - INFO - utils.trainer -   RMSE: 12.68682
08/21/2026 00:52:31 - INFO - utils.trainer -   R2: -0.45126
08/21/2026 00:52:31 - INFO - utils.trainer -   PearsonR: 0.16426
08/21/2026 00:52:31 - INFO - utils.trainer -   Epoch: 3, Loss: 0.03675, Val loss: 0.01506, Val Loss: 0.0151, Best val Loss: 0.0106, No improve: 1/10, Time: 50.9s
08/21/2026 00:53:22 - INFO - utils.trainer -   ***** Running regression evaluation on val0 dataset *****
08/21/2026 00:53:28 - INFO - utils.trainer -   Loss: 0.01338
08/21/2026 00:53:28 - INFO - utils.trainer -   MSE: 142.23547
08/21/2026 00:53:28 - INFO - utils.trainer -   MAE: 9.90035
08/21/2026 00:53:28 - INFO - utils.trainer -   RMSE: 11.92625
08/21/2026 00:53:28 - INFO - utils.trainer -   R2: -0.28247
08/21/2026 00:53:28 - INFO - utils.trainer -   PearsonR: 0.26806
08/21/2026 00:53:28 - INFO - utils.trainer -   Epoch: 4, Loss: 0.04397, Val loss: 0.01338, Val Loss: 0.0134, Best val Loss: 0.0106, No improve: 2/10, Time: 51.0s
08/21/2026 00:54:19 - INFO - utils.trainer -   ***** Running regression evaluation on val0 dataset *****
08/21/2026 00:54:24 - INFO - utils.trainer -   Loss: 0.01035
08/21/2026 00:54:24 - INFO - utils.trainer -   MSE: 110.10179
08/21/2026 00:54:24 - INFO - utils.trainer -   MAE: 8.25097
08/21/2026 00:54:24 - INFO - utils.trainer -   RMSE: 10.49294
08/21/2026 00:54:24 - INFO - utils.trainer -   R2: 0.00726
08/21/2026 00:54:24 - INFO - utils.trainer -   PearsonR: 0.31511
08/21/2026 00:54:24 - INFO - utils.trainer -   Model saved to output_dir/TimeLLM_AgeCAUEEG_train
08/21/2026 00:54:24 - INFO - utils.trainer -   Best model saved (val_Loss=0.0104)
08/21/2026 00:54:24 - INFO - utils.trainer -   Epoch: 5, Loss: 0.03513, Val loss: 0.01035, Val Loss: 0.0104, Best val Loss: 0.0104, No improve: 0/10, Time: 51.0s
08/21/2026 00:55:16 - INFO - utils.trainer -   ***** Running regression evaluation on val0 dataset *****
08/21/2026 00:55:21 - INFO - utils.trainer -   Loss: 0.01047
08/21/2026 00:55:21 - INFO - utils.trainer -   MSE: 111.25623
08/21/2026 00:55:21 - INFO - utils.trainer -   MAE: 8.29067
08/21/2026 00:55:21 - INFO - utils.trainer -   RMSE: 10.54781
08/21/2026 00:55:21 - INFO - utils.trainer -   R2: -0.00315
08/21/2026 00:55:21 - INFO - utils.trainer -   PearsonR: 0.31516
08/21/2026 00:55:21 - INFO - utils.trainer -   Epoch: 6, Loss: 0.03668, Val loss: 0.01047, Val Loss: 0.0105, Best val Loss: 0.0104, No improve: 1/10, Time: 51.3s
08/21/2026 00:56:12 - INFO - utils.trainer -   ***** Running regression evaluation on val0 dataset *****
08/21/2026 00:56:17 - INFO - utils.trainer -   Loss: 0.01443
08/21/2026 00:56:17 - INFO - utils.trainer -   MSE: 153.00441
08/21/2026 00:56:17 - INFO - utils.trainer -   MAE: 10.29002
08/21/2026 00:56:17 - INFO - utils.trainer -   RMSE: 12.36950
08/21/2026 00:56:17 - INFO - utils.trainer -   R2: -0.37957
08/21/2026 00:56:17 - INFO - utils.trainer -   PearsonR: 0.31651
08/21/2026 00:56:17 - INFO - utils.trainer -   Epoch: 7, Loss: 0.03799, Val loss: 0.01443, Val Loss: 0.0144, Best val Loss: 0.0104, No improve: 2/10, Time: 51.1s
08/21/2026 00:57:09 - INFO - utils.trainer -   ***** Running regression evaluation on val0 dataset *****
08/21/2026 00:57:14 - INFO - utils.trainer -   Loss: 0.01154
08/21/2026 00:57:14 - INFO - utils.trainer -   MSE: 122.28787
08/21/2026 00:57:14 - INFO - utils.trainer -   MAE: 9.11471
08/21/2026 00:57:14 - INFO - utils.trainer -   RMSE: 11.05838
08/21/2026 00:57:14 - INFO - utils.trainer -   R2: -0.10261
08/21/2026 00:57:14 - INFO - utils.trainer -   PearsonR: 0.30804
08/21/2026 00:57:14 - INFO - utils.trainer -   Epoch: 8, Loss: 0.02925, Val loss: 0.01154, Val Loss: 0.0115, Best val Loss: 0.0104, No improve: 3/10, Time: 51.9s
08/21/2026 00:58:05 - INFO - utils.trainer -   ***** Running regression evaluation on val0 dataset *****
08/21/2026 00:58:10 - INFO - utils.trainer -   Loss: 0.01066
08/21/2026 00:58:10 - INFO - utils.trainer -   MSE: 112.82970
08/21/2026 00:58:10 - INFO - utils.trainer -   MAE: 8.81274
08/21/2026 00:58:10 - INFO - utils.trainer -   RMSE: 10.62213
08/21/2026 00:58:10 - INFO - utils.trainer -   R2: -0.01733
08/21/2026 00:58:10 - INFO - utils.trainer -   PearsonR: 0.35398
08/21/2026 00:58:10 - INFO - utils.trainer -   Epoch: 9, Loss: 0.03481, Val loss: 0.01066, Val Loss: 0.0107, Best val Loss: 0.0104, No improve: 4/10, Time: 51.0s
08/21/2026 00:59:01 - INFO - utils.trainer -   ***** Running regression evaluation on val0 dataset *****
08/21/2026 00:59:06 - INFO - utils.trainer -   Loss: 0.00924
08/21/2026 00:59:06 - INFO - utils.trainer -   MSE: 98.03268
08/21/2026 00:59:06 - INFO - utils.trainer -   MAE: 8.08568
08/21/2026 00:59:06 - INFO - utils.trainer -   RMSE: 9.90114
08/21/2026 00:59:06 - INFO - utils.trainer -   R2: 0.11608
08/21/2026 00:59:06 - INFO - utils.trainer -   PearsonR: 0.37897
08/21/2026 00:59:07 - INFO - utils.trainer -   Model saved to output_dir/TimeLLM_AgeCAUEEG_train
08/21/2026 00:59:07 - INFO - utils.trainer -   Best model saved (val_Loss=0.0092)
08/21/2026 00:59:07 - INFO - utils.trainer -   Epoch: 10, Loss: 0.03475, Val loss: 0.00924, Val Loss: 0.0092, Best val Loss: 0.0092, No improve: 0/10, Time: 50.9s
08/21/2026 00:59:58 - INFO - utils.trainer -   ***** Running regression evaluation on val0 dataset *****
08/21/2026 01:00:03 - INFO - utils.trainer -   Loss: 0.00928
08/21/2026 01:00:03 - INFO - utils.trainer -   MSE: 98.50755
08/21/2026 01:00:03 - INFO - utils.trainer -   MAE: 7.97619
08/21/2026 01:00:03 - INFO - utils.trainer -   RMSE: 9.92510
08/21/2026 01:00:03 - INFO - utils.trainer -   R2: 0.11180
08/21/2026 01:00:03 - INFO - utils.trainer -   PearsonR: 0.36751
08/21/2026 01:00:03 - INFO - utils.trainer -   Epoch: 11, Loss: 0.03291, Val loss: 0.00928, Val Loss: 0.0093, Best val Loss: 0.0092, No improve: 1/10, Time: 51.0s
08/21/2026 01:00:54 - INFO - utils.trainer -   ***** Running regression evaluation on val0 dataset *****
08/21/2026 01:00:59 - INFO - utils.trainer -   Loss: 0.00958
08/21/2026 01:00:59 - INFO - utils.trainer -   MSE: 101.55249
08/21/2026 01:00:59 - INFO - utils.trainer -   MAE: 8.27970
08/21/2026 01:00:59 - INFO - utils.trainer -   RMSE: 10.07732
08/21/2026 01:00:59 - INFO - utils.trainer -   R2: 0.08435
08/21/2026 01:00:59 - INFO - utils.trainer -   PearsonR: 0.37276
08/21/2026 01:00:59 - INFO - utils.trainer -   Epoch: 12, Loss: 0.03677, Val loss: 0.00958, Val Loss: 0.0096, Best val Loss: 0.0092, No improve: 2/10, Time: 51.1s
08/21/2026 01:01:50 - INFO - utils.trainer -   ***** Running regression evaluation on val0 dataset *****
08/21/2026 01:01:55 - INFO - utils.trainer -   Loss: 0.00979
08/21/2026 01:01:55 - INFO - utils.trainer -   MSE: 104.12802
08/21/2026 01:01:55 - INFO - utils.trainer -   MAE: 8.03919
08/21/2026 01:01:55 - INFO - utils.trainer -   RMSE: 10.20431
08/21/2026 01:01:55 - INFO - utils.trainer -   R2: 0.06112
08/21/2026 01:01:55 - INFO - utils.trainer -   PearsonR: 0.37880
08/21/2026 01:01:55 - INFO - utils.trainer -   Epoch: 13, Loss: 0.02994, Val loss: 0.00979, Val Loss: 0.0098, Best val Loss: 0.0092, No improve: 3/10, Time: 51.2s
08/21/2026 01:02:46 - INFO - utils.trainer -   ***** Running regression evaluation on val0 dataset *****
08/21/2026 01:02:51 - INFO - utils.trainer -   Loss: 0.01090
08/21/2026 01:02:51 - INFO - utils.trainer -   MSE: 115.40265
08/21/2026 01:02:51 - INFO - utils.trainer -   MAE: 8.88344
08/21/2026 01:02:51 - INFO - utils.trainer -   RMSE: 10.74256
08/21/2026 01:02:51 - INFO - utils.trainer -   R2: -0.04053
08/21/2026 01:02:51 - INFO - utils.trainer -   PearsonR: 0.39483
08/21/2026 01:02:51 - INFO - utils.trainer -   Epoch: 14, Loss: 0.03019, Val loss: 0.01090, Val Loss: 0.0109, Best val Loss: 0.0092, No improve: 4/10, Time: 51.1s
08/21/2026 01:03:43 - INFO - utils.trainer -   ***** Running regression evaluation on val0 dataset *****
08/21/2026 01:03:48 - INFO - utils.trainer -   Loss: 0.01109
08/21/2026 01:03:48 - INFO - utils.trainer -   MSE: 117.57607
08/21/2026 01:03:48 - INFO - utils.trainer -   MAE: 8.97810
08/21/2026 01:03:48 - INFO - utils.trainer -   RMSE: 10.84325
08/21/2026 01:03:48 - INFO - utils.trainer -   R2: -0.06013
08/21/2026 01:03:48 - INFO - utils.trainer -   PearsonR: 0.31870
08/21/2026 01:03:48 - INFO - utils.trainer -   Epoch: 15, Loss: 0.02650, Val loss: 0.01109, Val Loss: 0.0111, Best val Loss: 0.0092, No improve: 5/10, Time: 51.6s
08/21/2026 01:04:39 - INFO - utils.trainer -   ***** Running regression evaluation on val0 dataset *****
08/21/2026 01:04:45 - INFO - utils.trainer -   Loss: 0.01310
08/21/2026 01:04:45 - INFO - utils.trainer -   MSE: 138.72704
08/21/2026 01:04:45 - INFO - utils.trainer -   MAE: 9.78195
08/21/2026 01:04:45 - INFO - utils.trainer -   RMSE: 11.77824
08/21/2026 01:04:45 - INFO - utils.trainer -   R2: -0.25084
08/21/2026 01:04:45 - INFO - utils.trainer -   PearsonR: 0.39613
08/21/2026 01:04:45 - INFO - utils.trainer -   Epoch: 16, Loss: 0.03428, Val loss: 0.01310, Val Loss: 0.0131, Best val Loss: 0.0092, No improve: 6/10, Time: 51.1s
08/21/2026 01:05:36 - INFO - utils.trainer -   ***** Running regression evaluation on val0 dataset *****
08/21/2026 01:05:41 - INFO - utils.trainer -   Loss: 0.00909
08/21/2026 01:05:41 - INFO - utils.trainer -   MSE: 96.36449
08/21/2026 01:05:41 - INFO - utils.trainer -   MAE: 8.03349
08/21/2026 01:05:41 - INFO - utils.trainer -   RMSE: 9.81654
08/21/2026 01:05:41 - INFO - utils.trainer -   R2: 0.13112
08/21/2026 01:05:41 - INFO - utils.trainer -   PearsonR: 0.37308
08/21/2026 01:05:42 - INFO - utils.trainer -   Model saved to output_dir/TimeLLM_AgeCAUEEG_train
08/21/2026 01:05:42 - INFO - utils.trainer -   Best model saved (val_Loss=0.0091)
08/21/2026 01:05:42 - INFO - utils.trainer -   Epoch: 17, Loss: 0.03225, Val loss: 0.00909, Val Loss: 0.0091, Best val Loss: 0.0091, No improve: 0/10, Time: 51.0s
08/21/2026 01:06:33 - INFO - utils.trainer -   ***** Running regression evaluation on val0 dataset *****
08/21/2026 01:06:38 - INFO - utils.trainer -   Loss: 0.01026
08/21/2026 01:06:38 - INFO - utils.trainer -   MSE: 108.65643
08/21/2026 01:06:38 - INFO - utils.trainer -   MAE: 8.60277
08/21/2026 01:06:38 - INFO - utils.trainer -   RMSE: 10.42384
08/21/2026 01:06:38 - INFO - utils.trainer -   R2: 0.02029
08/21/2026 01:06:38 - INFO - utils.trainer -   PearsonR: 0.31490
08/21/2026 01:06:38 - INFO - utils.trainer -   Epoch: 18, Loss: 0.02906, Val loss: 0.01026, Val Loss: 0.0103, Best val Loss: 0.0091, No improve: 1/10, Time: 51.0s
08/21/2026 01:07:29 - INFO - utils.trainer -   ***** Running regression evaluation on val0 dataset *****
08/21/2026 01:07:35 - INFO - utils.trainer -   Loss: 0.00912
08/21/2026 01:07:35 - INFO - utils.trainer -   MSE: 96.96305
08/21/2026 01:07:35 - INFO - utils.trainer -   MAE: 8.01834
08/21/2026 01:07:35 - INFO - utils.trainer -   RMSE: 9.84698
08/21/2026 01:07:35 - INFO - utils.trainer -   R2: 0.12573
08/21/2026 01:07:35 - INFO - utils.trainer -   PearsonR: 0.35465
08/21/2026 01:07:35 - INFO - utils.trainer -   Epoch: 19, Loss: 0.02691, Val loss: 0.00912, Val Loss: 0.0091, Best val Loss: 0.0091, No improve: 2/10, Time: 51.0s
08/21/2026 01:08:26 - INFO - utils.trainer -   ***** Running regression evaluation on val0 dataset *****
08/21/2026 01:08:32 - INFO - utils.trainer -   Loss: 0.01954
08/21/2026 01:08:32 - INFO - utils.trainer -   MSE: 207.49733
08/21/2026 01:08:32 - INFO - utils.trainer -   MAE: 12.13922
08/21/2026 01:08:32 - INFO - utils.trainer -   RMSE: 14.40477
08/21/2026 01:08:32 - INFO - utils.trainer -   R2: -0.87091
08/21/2026 01:08:32 - INFO - utils.trainer -   PearsonR: 0.38109
08/21/2026 01:08:32 - INFO - utils.trainer -   Epoch: 20, Loss: 0.03062, Val loss: 0.01954, Val Loss: 0.0195, Best val Loss: 0.0091, No improve: 3/10, Time: 51.2s
08/21/2026 01:09:22 - INFO - utils.trainer -   ***** Running regression evaluation on val0 dataset *****
08/21/2026 01:09:28 - INFO - utils.trainer -   Loss: 0.01352
08/21/2026 01:09:28 - INFO - utils.trainer -   MSE: 143.39883
08/21/2026 01:09:28 - INFO - utils.trainer -   MAE: 9.95722
08/21/2026 01:09:28 - INFO - utils.trainer -   RMSE: 11.97493
08/21/2026 01:09:28 - INFO - utils.trainer -   R2: -0.29296
08/21/2026 01:09:28 - INFO - utils.trainer -   PearsonR: 0.36873
08/21/2026 01:09:28 - INFO - utils.trainer -   Epoch: 21, Loss: 0.02406, Val loss: 0.01352, Val Loss: 0.0135, Best val Loss: 0.0091, No improve: 4/10, Time: 51.0s
08/21/2026 01:10:19 - INFO - utils.trainer -   ***** Running regression evaluation on val0 dataset *****
08/21/2026 01:10:24 - INFO - utils.trainer -   Loss: 0.01093
08/21/2026 01:10:24 - INFO - utils.trainer -   MSE: 115.93150
08/21/2026 01:10:24 - INFO - utils.trainer -   MAE: 8.90513
08/21/2026 01:10:24 - INFO - utils.trainer -   RMSE: 10.76715
08/21/2026 01:10:24 - INFO - utils.trainer -   R2: -0.04530
08/21/2026 01:10:24 - INFO - utils.trainer -   PearsonR: 0.36259
08/21/2026 01:10:24 - INFO - utils.trainer -   Epoch: 22, Loss: 0.03026, Val loss: 0.01093, Val Loss: 0.0109, Best val Loss: 0.0091, No improve: 5/10, Time: 51.3s
08/21/2026 01:11:16 - INFO - utils.trainer -   ***** Running regression evaluation on val0 dataset *****
08/21/2026 01:11:21 - INFO - utils.trainer -   Loss: 0.00873
08/21/2026 01:11:21 - INFO - utils.trainer -   MSE: 92.69421
08/21/2026 01:11:21 - INFO - utils.trainer -   MAE: 7.83926
08/21/2026 01:11:21 - INFO - utils.trainer -   RMSE: 9.62778
08/21/2026 01:11:21 - INFO - utils.trainer -   R2: 0.16422
08/21/2026 01:11:21 - INFO - utils.trainer -   PearsonR: 0.40832
08/21/2026 01:11:22 - INFO - utils.trainer -   Model saved to output_dir/TimeLLM_AgeCAUEEG_train
08/21/2026 01:11:22 - INFO - utils.trainer -   Best model saved (val_Loss=0.0087)
08/21/2026 01:11:22 - INFO - utils.trainer -   Epoch: 23, Loss: 0.02431, Val loss: 0.00873, Val Loss: 0.0087, Best val Loss: 0.0087, No improve: 0/10, Time: 51.2s
08/21/2026 01:12:13 - INFO - utils.trainer -   ***** Running regression evaluation on val0 dataset *****
08/21/2026 01:12:18 - INFO - utils.trainer -   Loss: 0.01020
08/21/2026 01:12:18 - INFO - utils.trainer -   MSE: 108.37137
08/21/2026 01:12:18 - INFO - utils.trainer -   MAE: 8.57811
08/21/2026 01:12:18 - INFO - utils.trainer -   RMSE: 10.41016
08/21/2026 01:12:18 - INFO - utils.trainer -   R2: 0.02286
08/21/2026 01:12:18 - INFO - utils.trainer -   PearsonR: 0.33206
08/21/2026 01:12:18 - INFO - utils.trainer -   Epoch: 24, Loss: 0.02996, Val loss: 0.01020, Val Loss: 0.0102, Best val Loss: 0.0087, No improve: 1/10, Time: 51.1s
08/21/2026 01:13:09 - INFO - utils.trainer -   ***** Running regression evaluation on val0 dataset *****
08/21/2026 01:13:15 - INFO - utils.trainer -   Loss: 0.00989
08/21/2026 01:13:15 - INFO - utils.trainer -   MSE: 105.16193
08/21/2026 01:13:15 - INFO - utils.trainer -   MAE: 8.48255
08/21/2026 01:13:15 - INFO - utils.trainer -   RMSE: 10.25485
08/21/2026 01:13:15 - INFO - utils.trainer -   R2: 0.05180
08/21/2026 01:13:15 - INFO - utils.trainer -   PearsonR: 0.36761
08/21/2026 01:13:16 - INFO - utils.trainer -   Model saved to output_dir/TimeLLM_AgeCAUEEG_train/checkpoint-epoch-25
08/21/2026 01:13:16 - INFO - utils.trainer -   Checkpoint saved at epoch 25
08/21/2026 01:13:16 - INFO - utils.trainer -   Epoch: 25, Loss: 0.02821, Val loss: 0.00989, Val Loss: 0.0099, Best val Loss: 0.0087, No improve: 2/10, Time: 51.2s
08/21/2026 01:14:07 - INFO - utils.trainer -   ***** Running regression evaluation on val0 dataset *****
08/21/2026 01:14:13 - INFO - utils.trainer -   Loss: 0.01485
08/21/2026 01:14:13 - INFO - utils.trainer -   MSE: 157.82750
08/21/2026 01:14:13 - INFO - utils.trainer -   MAE: 10.34777
08/21/2026 01:14:13 - INFO - utils.trainer -   RMSE: 12.56294
08/21/2026 01:14:13 - INFO - utils.trainer -   R2: -0.42306
08/21/2026 01:14:13 - INFO - utils.trainer -   PearsonR: 0.31109
08/21/2026 01:14:13 - INFO - utils.trainer -   Epoch: 26, Loss: 0.03055, Val loss: 0.01485, Val Loss: 0.0148, Best val Loss: 0.0087, No improve: 3/10, Time: 51.0s
08/21/2026 01:15:04 - INFO - utils.trainer -   ***** Running regression evaluation on val0 dataset *****
08/21/2026 01:15:09 - INFO - utils.trainer -   Loss: 0.00928
08/21/2026 01:15:09 - INFO - utils.trainer -   MSE: 98.63091
08/21/2026 01:15:09 - INFO - utils.trainer -   MAE: 8.00109
08/21/2026 01:15:09 - INFO - utils.trainer -   RMSE: 9.93131
08/21/2026 01:15:09 - INFO - utils.trainer -   R2: 0.11069
08/21/2026 01:15:09 - INFO - utils.trainer -   PearsonR: 0.33631
08/21/2026 01:15:09 - INFO - utils.trainer -   Epoch: 27, Loss: 0.03085, Val loss: 0.00928, Val Loss: 0.0093, Best val Loss: 0.0087, No improve: 4/10, Time: 51.2s
08/21/2026 01:16:00 - INFO - utils.trainer -   ***** Running regression evaluation on val0 dataset *****
08/21/2026 01:16:05 - INFO - utils.trainer -   Loss: 0.01128
08/21/2026 01:16:05 - INFO - utils.trainer -   MSE: 119.28065
08/21/2026 01:16:05 - INFO - utils.trainer -   MAE: 9.01581
08/21/2026 01:16:05 - INFO - utils.trainer -   RMSE: 10.92157
08/21/2026 01:16:05 - INFO - utils.trainer -   R2: -0.07550
08/21/2026 01:16:05 - INFO - utils.trainer -   PearsonR: 0.28568
08/21/2026 01:16:05 - INFO - utils.trainer -   Epoch: 28, Loss: 0.02676, Val loss: 0.01128, Val Loss: 0.0113, Best val Loss: 0.0087, No improve: 5/10, Time: 51.0s
08/21/2026 01:16:57 - INFO - utils.trainer -   ***** Running regression evaluation on val0 dataset *****
08/21/2026 01:17:03 - INFO - utils.trainer -   Loss: 0.01361
08/21/2026 01:17:03 - INFO - utils.trainer -   MSE: 144.02332
08/21/2026 01:17:03 - INFO - utils.trainer -   MAE: 9.92983
08/21/2026 01:17:03 - INFO - utils.trainer -   RMSE: 12.00097
08/21/2026 01:17:03 - INFO - utils.trainer -   R2: -0.29859
08/21/2026 01:17:03 - INFO - utils.trainer -   PearsonR: 0.35677
08/21/2026 01:17:03 - INFO - utils.trainer -   Epoch: 29, Loss: 0.02710, Val loss: 0.01361, Val Loss: 0.0136, Best val Loss: 0.0087, No improve: 6/10, Time: 52.2s
08/21/2026 01:17:54 - INFO - utils.trainer -   ***** Running regression evaluation on val0 dataset *****
08/21/2026 01:17:59 - INFO - utils.trainer -   Loss: 0.01110
08/21/2026 01:17:59 - INFO - utils.trainer -   MSE: 117.84673
08/21/2026 01:17:59 - INFO - utils.trainer -   MAE: 8.93378
08/21/2026 01:17:59 - INFO - utils.trainer -   RMSE: 10.85572
08/21/2026 01:17:59 - INFO - utils.trainer -   R2: -0.06257
08/21/2026 01:17:59 - INFO - utils.trainer -   PearsonR: 0.21697
08/21/2026 01:17:59 - INFO - utils.trainer -   Epoch: 30, Loss: 0.03154, Val loss: 0.01110, Val Loss: 0.0111, Best val Loss: 0.0087, No improve: 7/10, Time: 51.0s
08/21/2026 01:18:50 - INFO - utils.trainer -   ***** Running regression evaluation on val0 dataset *****
08/21/2026 01:18:55 - INFO - utils.trainer -   Loss: 0.00943
08/21/2026 01:18:55 - INFO - utils.trainer -   MSE: 100.36937
08/21/2026 01:18:55 - INFO - utils.trainer -   MAE: 8.18717
08/21/2026 01:18:55 - INFO - utils.trainer -   RMSE: 10.01845
08/21/2026 01:18:55 - INFO - utils.trainer -   R2: 0.09501
08/21/2026 01:18:55 - INFO - utils.trainer -   PearsonR: 0.34980
08/21/2026 01:18:55 - INFO - utils.trainer -   Epoch: 31, Loss: 0.03418, Val loss: 0.00943, Val Loss: 0.0094, Best val Loss: 0.0087, No improve: 8/10, Time: 51.2s
08/21/2026 01:19:46 - INFO - utils.trainer -   ***** Running regression evaluation on val0 dataset *****
08/21/2026 01:19:52 - INFO - utils.trainer -   Loss: 0.01638
08/21/2026 01:19:52 - INFO - utils.trainer -   MSE: 173.77104
08/21/2026 01:19:52 - INFO - utils.trainer -   MAE: 10.90537
08/21/2026 01:19:52 - INFO - utils.trainer -   RMSE: 13.18222
08/21/2026 01:19:52 - INFO - utils.trainer -   R2: -0.56682
08/21/2026 01:19:52 - INFO - utils.trainer -   PearsonR: 0.29973
08/21/2026 01:19:52 - INFO - utils.trainer -   Epoch: 32, Loss: 0.03106, Val loss: 0.01638, Val Loss: 0.0164, Best val Loss: 0.0087, No improve: 9/10, Time: 51.2s
08/21/2026 01:20:43 - INFO - utils.trainer -   ***** Running regression evaluation on val0 dataset *****
08/21/2026 01:20:48 - INFO - utils.trainer -   Loss: 0.01090
08/21/2026 01:20:48 - INFO - utils.trainer -   MSE: 115.70467
08/21/2026 01:20:48 - INFO - utils.trainer -   MAE: 8.83504
08/21/2026 01:20:48 - INFO - utils.trainer -   RMSE: 10.75661
08/21/2026 01:20:48 - INFO - utils.trainer -   R2: -0.04326
08/21/2026 01:20:48 - INFO - utils.trainer -   PearsonR: 0.33649
08/21/2026 01:20:48 - INFO - utils.trainer -   Epoch: 33, Loss: 0.03074, Val loss: 0.01090, Val Loss: 0.0109, Best val Loss: 0.0087, No improve: 10/10, Time: 51.2s
08/21/2026 01:20:48 - INFO - utils.trainer -   Early stopping triggered at epoch 33
08/21/2026 01:20:48 - INFO - utils.trainer -   Early stopping triggered at epoch 33
08/21/2026 01:20:48 - INFO - utils.trainer -   Early stopping triggered at epoch 33
08/21/2026 01:20:48 - INFO - utils.trainer -   Early stopping triggered at epoch 33
08/21/2026 01:20:48 - INFO - utils.trainer -   Early stopping triggered at epoch 33
08/21/2026 01:20:48 - INFO - utils.trainer -   Early stopping triggered at epoch 33
08/21/2026 01:20:48 - INFO - utils.trainer -     2 prompt-buffer key(s) skipped (kept target-dataset prompt)
08/21/2026 01:20:48 - INFO - utils.trainer -     582 keys not in checkpoint (kept from init)
08/21/2026 01:20:48 - INFO - utils.trainer -   Model loaded from output_dir/TimeLLM_AgeCAUEEG_train/TimeLLM-0.bin (25/27 keys)
08/21/2026 01:20:48 - INFO - utils.trainer -   ***** Running regression evaluation on test0 dataset *****
08/21/2026 01:20:48 - INFO - utils.trainer -     2 prompt-buffer key(s) skipped (kept target-dataset prompt)
08/21/2026 01:20:48 - INFO - utils.trainer -     582 keys not in checkpoint (kept from init)
08/21/2026 01:20:48 - INFO - utils.trainer -   Model loaded from output_dir/TimeLLM_AgeCAUEEG_train/TimeLLM-0.bin (25/27 keys)
08/21/2026 01:20:48 - INFO - utils.trainer -     2 prompt-buffer key(s) skipped (kept target-dataset prompt)
08/21/2026 01:20:48 - INFO - utils.trainer -     582 keys not in checkpoint (kept from init)
08/21/2026 01:20:48 - INFO - utils.trainer -   Model loaded from output_dir/TimeLLM_AgeCAUEEG_train/TimeLLM-0.bin (25/27 keys)
08/21/2026 01:20:48 - INFO - utils.trainer -     2 prompt-buffer key(s) skipped (kept target-dataset prompt)
08/21/2026 01:20:48 - INFO - utils.trainer -     582 keys not in checkpoint (kept from init)
08/21/2026 01:20:48 - INFO - utils.trainer -   Model loaded from output_dir/TimeLLM_AgeCAUEEG_train/TimeLLM-0.bin (25/27 keys)
08/21/2026 01:20:48 - INFO - utils.trainer -     2 prompt-buffer key(s) skipped (kept target-dataset prompt)
08/21/2026 01:20:48 - INFO - utils.trainer -     582 keys not in checkpoint (kept from init)
08/21/2026 01:20:48 - INFO - utils.trainer -   Model loaded from output_dir/TimeLLM_AgeCAUEEG_train/TimeLLM-0.bin (25/27 keys)
08/21/2026 01:20:48 - INFO - utils.trainer -     2 prompt-buffer key(s) skipped (kept target-dataset prompt)
08/21/2026 01:20:48 - INFO - utils.trainer -     582 keys not in checkpoint (kept from init)
08/21/2026 01:20:48 - INFO - utils.trainer -   Model loaded from output_dir/TimeLLM_AgeCAUEEG_train/TimeLLM-0.bin (25/27 keys)
08/21/2026 01:20:54 - INFO - utils.trainer -   Loss: 0.00831
08/21/2026 01:20:54 - INFO - utils.trainer -   MSE: 88.55226
08/21/2026 01:20:54 - INFO - utils.trainer -   MAE: 7.64285
08/21/2026 01:20:54 - INFO - utils.trainer -   RMSE: 9.41022
08/21/2026 01:20:54 - INFO - utils.trainer -   R2: 0.11694
08/21/2026 01:20:54 - INFO - utils.trainer -   PearsonR: 0.35105
08/21/2026 01:20:54 - INFO - utils.trainer -   === Best epoch test result ===
08/21/2026 01:20:54 - INFO - utils.trainer -     Loss: 0.00831
08/21/2026 01:20:54 - INFO - utils.trainer -     MSE: 88.55226
08/21/2026 01:20:54 - INFO - utils.trainer -     MAE: 7.64285
08/21/2026 01:20:54 - INFO - utils.trainer -     RMSE: 9.41022
08/21/2026 01:20:54 - INFO - utils.trainer -     R2: 0.11694
08/21/2026 01:20:54 - INFO - utils.trainer -     PearsonR: 0.35105
08/21/2026 01:20:55 - INFO - utils.trainer -   Model saved to output_dir/TimeLLM_AgeCAUEEG_train/final-epoch-200
08/21/2026 01:20:55 - INFO - utils.trainer -   Final model saved at epoch 200
