07/27/2026 23:37:36 - INFO - __main__ -   ########## Repeat:0 ##########
07/27/2026 23:37:36 - INFO - utils.trainer -   ***** Running training *****
07/27/2026 23:37:36 - INFO - utils.trainer -     Num examples = 216
07/27/2026 23:37:36 - INFO - utils.trainer -     Num Epochs = 200
07/27/2026 23:37:36 - INFO - utils.trainer -     Total train batch size = 4
07/27/2026 23:37:36 - INFO - utils.trainer -     warmup steps = 400
07/27/2026 23:37:36 - INFO - utils.trainer -     Total optimization steps = 43200
07/27/2026 23:37:36 - INFO - utils.trainer -     Save steps = 200
07/27/2026 23:37:41 - INFO - utils.trainer -   ***** Running evaluation on val dataset *****
07/27/2026 23:37:42 - INFO - utils.trainer -   Loss: 0.65298
07/27/2026 23:37:42 - INFO - utils.trainer -   AUC: 0.71629
07/27/2026 23:37:42 - INFO - utils.trainer -   Accuracy: 0.67361
07/27/2026 23:37:42 - INFO - utils.trainer -   Precision: 0.76026
07/27/2026 23:37:42 - INFO - utils.trainer -   Recall: 0.57050
07/27/2026 23:37:42 - INFO - utils.trainer -   F_score: 0.65185
07/27/2026 23:37:42 - INFO - utils.trainer -   Specificity: 0.00000
07/27/2026 23:37:42 - INFO - utils.trainer -   Sensitivity: 0.00000
07/27/2026 23:37:42 - INFO - utils.trainer -   ***** Running evaluation on test dataset *****
07/27/2026 23:37:44 - INFO - utils.trainer -   Loss: 0.62421
07/27/2026 23:37:44 - INFO - utils.trainer -   AUC: 0.67251
07/27/2026 23:37:44 - INFO - utils.trainer -   Accuracy: 0.63246
07/27/2026 23:37:44 - INFO - utils.trainer -   Precision: 0.73225
07/27/2026 23:37:44 - INFO - utils.trainer -   Recall: 0.55710
07/27/2026 23:37:44 - INFO - utils.trainer -   F_score: 0.63278
07/27/2026 23:37:44 - INFO - utils.trainer -   Specificity: 0.00000
07/27/2026 23:37:44 - INFO - utils.trainer -   Sensitivity: 0.00000
07/27/2026 23:37:44 - INFO - utils.trainer -   Model saved to output_dir/BrainNetCNN
07/27/2026 23:37:44 - INFO - utils.trainer -   Best model saved (val_Accuracy=0.6736, test_acc=0.6325)
07/27/2026 23:37:44 - INFO - utils.trainer -   Epoch: 1, Loss: 0.65333, Val loss: 0.65298, Test loss: 0.62421, Val Acc: 0.6736, Best val Accuracy: 0.6736, No improve: 0/20, Time: 4.1s
07/27/2026 23:37:47 - INFO - utils.trainer -   ***** Running evaluation on val dataset *****
07/27/2026 23:37:49 - INFO - utils.trainer -   Loss: 0.62807
07/27/2026 23:37:49 - INFO - utils.trainer -   AUC: 0.72317
07/27/2026 23:37:49 - INFO - utils.trainer -   Accuracy: 0.66753
07/27/2026 23:37:49 - INFO - utils.trainer -   Precision: 0.77083
07/27/2026 23:37:49 - INFO - utils.trainer -   Recall: 0.53971
07/27/2026 23:37:49 - INFO - utils.trainer -   F_score: 0.63489
07/27/2026 23:37:49 - INFO - utils.trainer -   Specificity: 0.00000
07/27/2026 23:37:49 - INFO - utils.trainer -   Sensitivity: 0.00000
07/27/2026 23:37:49 - INFO - utils.trainer -   ***** Running evaluation on test dataset *****
07/27/2026 23:37:51 - INFO - utils.trainer -   Loss: 0.61150
07/27/2026 23:37:51 - INFO - utils.trainer -   AUC: 0.72674
07/27/2026 23:37:51 - INFO - utils.trainer -   Accuracy: 0.66404
07/27/2026 23:37:51 - INFO - utils.trainer -   Precision: 0.75530
07/27/2026 23:37:51 - INFO - utils.trainer -   Recall: 0.60494
07/27/2026 23:37:51 - INFO - utils.trainer -   F_score: 0.67181
07/27/2026 23:37:51 - INFO - utils.trainer -   Specificity: 0.00000
07/27/2026 23:37:51 - INFO - utils.trainer -   Sensitivity: 0.00000
07/27/2026 23:37:51 - INFO - utils.trainer -   Epoch: 2, Loss: 0.54556, Val loss: 0.62807, Test loss: 0.61150, Val Acc: 0.6675, Best val Accuracy: 0.6736, No improve: 1/20, Time: 3.6s
07/27/2026 23:37:55 - INFO - utils.trainer -   ***** Running evaluation on val dataset *****
07/27/2026 23:37:57 - INFO - utils.trainer -   Loss: 0.63315
07/27/2026 23:37:57 - INFO - utils.trainer -   AUC: 0.73434
07/27/2026 23:37:57 - INFO - utils.trainer -   Accuracy: 0.66493
07/27/2026 23:37:57 - INFO - utils.trainer -   Precision: 0.72515
07/27/2026 23:37:57 - INFO - utils.trainer -   Recall: 0.60292
07/27/2026 23:37:57 - INFO - utils.trainer -   F_score: 0.65841
07/27/2026 23:37:57 - INFO - utils.trainer -   Specificity: 0.00000
07/27/2026 23:37:57 - INFO - utils.trainer -   Sensitivity: 0.00000
07/27/2026 23:37:57 - INFO - utils.trainer -   ***** Running evaluation on test dataset *****
07/27/2026 23:37:58 - INFO - utils.trainer -   Loss: 0.62541
07/27/2026 23:37:58 - INFO - utils.trainer -   AUC: 0.73815
07/27/2026 23:37:58 - INFO - utils.trainer -   Accuracy: 0.66404
07/27/2026 23:37:58 - INFO - utils.trainer -   Precision: 0.70607
07/27/2026 23:37:58 - INFO - utils.trainer -   Recall: 0.70062
07/27/2026 23:37:58 - INFO - utils.trainer -   F_score: 0.70333
07/27/2026 23:37:58 - INFO - utils.trainer -   Specificity: 0.00000
07/27/2026 23:37:58 - INFO - utils.trainer -   Sensitivity: 0.00000
07/27/2026 23:37:58 - INFO - utils.trainer -   Epoch: 3, Loss: 0.49877, Val loss: 0.63315, Test loss: 0.62541, Val Acc: 0.6649, Best val Accuracy: 0.6736, No improve: 2/20, Time: 4.4s
07/27/2026 23:38:02 - INFO - utils.trainer -   ***** Running evaluation on val dataset *****
07/27/2026 23:38:04 - INFO - utils.trainer -   Loss: 0.65226
07/27/2026 23:38:04 - INFO - utils.trainer -   AUC: 0.74111
07/27/2026 23:38:04 - INFO - utils.trainer -   Accuracy: 0.67274
07/27/2026 23:38:04 - INFO - utils.trainer -   Precision: 0.68987
07/27/2026 23:38:04 - INFO - utils.trainer -   Recall: 0.70665
07/27/2026 23:38:04 - INFO - utils.trainer -   F_score: 0.69816
07/27/2026 23:38:04 - INFO - utils.trainer -   Specificity: 0.00000
07/27/2026 23:38:04 - INFO - utils.trainer -   Sensitivity: 0.00000
07/27/2026 23:38:04 - INFO - utils.trainer -   ***** Running evaluation on test dataset *****
07/27/2026 23:38:05 - INFO - utils.trainer -   Loss: 0.63201
07/27/2026 23:38:05 - INFO - utils.trainer -   AUC: 0.74326
07/27/2026 23:38:05 - INFO - utils.trainer -   Accuracy: 0.66228
07/27/2026 23:38:05 - INFO - utils.trainer -   Precision: 0.67940
07/27/2026 23:38:05 - INFO - utils.trainer -   Recall: 0.76852
07/27/2026 23:38:05 - INFO - utils.trainer -   F_score: 0.72122
07/27/2026 23:38:05 - INFO - utils.trainer -   Specificity: 0.00000
07/27/2026 23:38:05 - INFO - utils.trainer -   Sensitivity: 0.00000
07/27/2026 23:38:05 - INFO - utils.trainer -   Epoch: 4, Loss: 0.44605, Val loss: 0.65226, Test loss: 0.63201, Val Acc: 0.6727, Best val Accuracy: 0.6736, No improve: 3/20, Time: 3.9s
07/27/2026 23:38:09 - INFO - utils.trainer -   ***** Running evaluation on val dataset *****
07/27/2026 23:38:10 - INFO - utils.trainer -   Loss: 0.63399
07/27/2026 23:38:10 - INFO - utils.trainer -   AUC: 0.74802
07/27/2026 23:38:10 - INFO - utils.trainer -   Accuracy: 0.67014
07/27/2026 23:38:10 - INFO - utils.trainer -   Precision: 0.69082
07/27/2026 23:38:10 - INFO - utils.trainer -   Recall: 0.69530
07/27/2026 23:38:10 - INFO - utils.trainer -   F_score: 0.69305
07/27/2026 23:38:10 - INFO - utils.trainer -   Specificity: 0.00000
07/27/2026 23:38:10 - INFO - utils.trainer -   Sensitivity: 0.00000
07/27/2026 23:38:10 - INFO - utils.trainer -   ***** Running evaluation on test dataset *****
07/27/2026 23:38:13 - INFO - utils.trainer -   Loss: 0.62754
07/27/2026 23:38:13 - INFO - utils.trainer -   AUC: 0.74694
07/27/2026 23:38:13 - INFO - utils.trainer -   Accuracy: 0.66667
07/27/2026 23:38:13 - INFO - utils.trainer -   Precision: 0.68108
07/27/2026 23:38:13 - INFO - utils.trainer -   Recall: 0.77778
07/27/2026 23:38:13 - INFO - utils.trainer -   F_score: 0.72622
07/27/2026 23:38:13 - INFO - utils.trainer -   Specificity: 0.00000
07/27/2026 23:38:13 - INFO - utils.trainer -   Sensitivity: 0.00000
07/27/2026 23:38:13 - INFO - utils.trainer -   Epoch: 5, Loss: 0.44563, Val loss: 0.63399, Test loss: 0.62754, Val Acc: 0.6701, Best val Accuracy: 0.6736, No improve: 4/20, Time: 3.6s
07/27/2026 23:38:16 - INFO - utils.trainer -   ***** Running evaluation on val dataset *****
07/27/2026 23:38:19 - INFO - utils.trainer -   Loss: 0.65674
07/27/2026 23:38:19 - INFO - utils.trainer -   AUC: 0.74569
07/27/2026 23:38:19 - INFO - utils.trainer -   Accuracy: 0.65972
07/27/2026 23:38:19 - INFO - utils.trainer -   Precision: 0.68116
07/27/2026 23:38:19 - INFO - utils.trainer -   Recall: 0.68558
07/27/2026 23:38:19 - INFO - utils.trainer -   F_score: 0.68336
07/27/2026 23:38:19 - INFO - utils.trainer -   Specificity: 0.00000
07/27/2026 23:38:19 - INFO - utils.trainer -   Sensitivity: 0.00000
07/27/2026 23:38:19 - INFO - utils.trainer -   ***** Running evaluation on test dataset *****
07/27/2026 23:38:20 - INFO - utils.trainer -   Loss: 0.65846
07/27/2026 23:38:20 - INFO - utils.trainer -   AUC: 0.75137
07/27/2026 23:38:20 - INFO - utils.trainer -   Accuracy: 0.67105
07/27/2026 23:38:20 - INFO - utils.trainer -   Precision: 0.69472
07/27/2026 23:38:20 - INFO - utils.trainer -   Recall: 0.75154
07/27/2026 23:38:20 - INFO - utils.trainer -   F_score: 0.72202
07/27/2026 23:38:20 - INFO - utils.trainer -   Specificity: 0.00000
07/27/2026 23:38:20 - INFO - utils.trainer -   Sensitivity: 0.00000
07/27/2026 23:38:20 - INFO - utils.trainer -   Epoch: 6, Loss: 0.46372, Val loss: 0.65674, Test loss: 0.65846, Val Acc: 0.6597, Best val Accuracy: 0.6736, No improve: 5/20, Time: 3.4s
07/27/2026 23:38:24 - INFO - utils.trainer -   ***** Running evaluation on val dataset *****
07/27/2026 23:38:25 - INFO - utils.trainer -   Loss: 0.67223
07/27/2026 23:38:25 - INFO - utils.trainer -   AUC: 0.74763
07/27/2026 23:38:25 - INFO - utils.trainer -   Accuracy: 0.69358
07/27/2026 23:38:25 - INFO - utils.trainer -   Precision: 0.75882
07/27/2026 23:38:25 - INFO - utils.trainer -   Recall: 0.62723
07/27/2026 23:38:25 - INFO - utils.trainer -   F_score: 0.68678
07/27/2026 23:38:25 - INFO - utils.trainer -   Specificity: 0.00000
07/27/2026 23:38:25 - INFO - utils.trainer -   Sensitivity: 0.00000
07/27/2026 23:38:25 - INFO - utils.trainer -   ***** Running evaluation on test dataset *****
07/27/2026 23:38:27 - INFO - utils.trainer -   Loss: 0.65392
07/27/2026 23:38:27 - INFO - utils.trainer -   AUC: 0.75419
07/27/2026 23:38:27 - INFO - utils.trainer -   Accuracy: 0.68246
07/27/2026 23:38:27 - INFO - utils.trainer -   Precision: 0.74570
07/27/2026 23:38:27 - INFO - utils.trainer -   Recall: 0.66975
07/27/2026 23:38:27 - INFO - utils.trainer -   F_score: 0.70569
07/27/2026 23:38:27 - INFO - utils.trainer -   Specificity: 0.00000
07/27/2026 23:38:27 - INFO - utils.trainer -   Sensitivity: 0.00000
07/27/2026 23:38:27 - INFO - utils.trainer -   Model saved to output_dir/BrainNetCNN
07/27/2026 23:38:27 - INFO - utils.trainer -   Best model saved (val_Accuracy=0.6936, test_acc=0.6825)
07/27/2026 23:38:27 - INFO - utils.trainer -   Epoch: 7, Loss: 0.45387, Val loss: 0.67223, Test loss: 0.65392, Val Acc: 0.6936, Best val Accuracy: 0.6936, No improve: 0/20, Time: 3.8s
07/27/2026 23:38:31 - INFO - utils.trainer -   ***** Running evaluation on val dataset *****
07/27/2026 23:38:32 - INFO - utils.trainer -   Loss: 0.66870
07/27/2026 23:38:32 - INFO - utils.trainer -   AUC: 0.75506
07/27/2026 23:38:32 - INFO - utils.trainer -   Accuracy: 0.66840
07/27/2026 23:38:32 - INFO - utils.trainer -   Precision: 0.67054
07/27/2026 23:38:32 - INFO - utils.trainer -   Recall: 0.74878
07/27/2026 23:38:32 - INFO - utils.trainer -   F_score: 0.70750
07/27/2026 23:38:32 - INFO - utils.trainer -   Specificity: 0.00000
07/27/2026 23:38:32 - INFO - utils.trainer -   Sensitivity: 0.00000
07/27/2026 23:38:32 - INFO - utils.trainer -   ***** Running evaluation on test dataset *****
07/27/2026 23:38:34 - INFO - utils.trainer -   Loss: 0.69434
07/27/2026 23:38:34 - INFO - utils.trainer -   AUC: 0.75355
07/27/2026 23:38:34 - INFO - utils.trainer -   Accuracy: 0.66930
07/27/2026 23:38:34 - INFO - utils.trainer -   Precision: 0.67666
07/27/2026 23:38:34 - INFO - utils.trainer -   Recall: 0.80093
07/27/2026 23:38:34 - INFO - utils.trainer -   F_score: 0.73357
07/27/2026 23:38:34 - INFO - utils.trainer -   Specificity: 0.00000
07/27/2026 23:38:34 - INFO - utils.trainer -   Sensitivity: 0.00000
07/27/2026 23:38:34 - INFO - utils.trainer -   Epoch: 8, Loss: 0.43212, Val loss: 0.66870, Test loss: 0.69434, Val Acc: 0.6684, Best val Accuracy: 0.6936, No improve: 1/20, Time: 3.7s
07/27/2026 23:38:37 - INFO - utils.trainer -   ***** Running evaluation on val dataset *****
07/27/2026 23:38:39 - INFO - utils.trainer -   Loss: 0.66623
07/27/2026 23:38:39 - INFO - utils.trainer -   AUC: 0.75407
07/27/2026 23:38:39 - INFO - utils.trainer -   Accuracy: 0.69184
07/27/2026 23:38:39 - INFO - utils.trainer -   Precision: 0.74624
07/27/2026 23:38:39 - INFO - utils.trainer -   Recall: 0.64344
07/27/2026 23:38:39 - INFO - utils.trainer -   F_score: 0.69104
07/27/2026 23:38:39 - INFO - utils.trainer -   Specificity: 0.00000
07/27/2026 23:38:39 - INFO - utils.trainer -   Sensitivity: 0.00000
07/27/2026 23:38:39 - INFO - utils.trainer -   ***** Running evaluation on test dataset *****
07/27/2026 23:38:40 - INFO - utils.trainer -   Loss: 0.63372
07/27/2026 23:38:40 - INFO - utils.trainer -   AUC: 0.76123
07/27/2026 23:38:40 - INFO - utils.trainer -   Accuracy: 0.67895
07/27/2026 23:38:40 - INFO - utils.trainer -   Precision: 0.73658
07/27/2026 23:38:40 - INFO - utils.trainer -   Recall: 0.67747
07/27/2026 23:38:40 - INFO - utils.trainer -   F_score: 0.70579
07/27/2026 23:38:40 - INFO - utils.trainer -   Specificity: 0.00000
07/27/2026 23:38:40 - INFO - utils.trainer -   Sensitivity: 0.00000
07/27/2026 23:38:40 - INFO - utils.trainer -   Epoch: 9, Loss: 0.40525, Val loss: 0.66623, Test loss: 0.63372, Val Acc: 0.6918, Best val Accuracy: 0.6936, No improve: 2/20, Time: 3.6s
07/27/2026 23:38:44 - INFO - utils.trainer -   ***** Running evaluation on val dataset *****
07/27/2026 23:38:46 - INFO - utils.trainer -   Loss: 0.74758
07/27/2026 23:38:46 - INFO - utils.trainer -   AUC: 0.74840
07/27/2026 23:38:46 - INFO - utils.trainer -   Accuracy: 0.64757
07/27/2026 23:38:46 - INFO - utils.trainer -   Precision: 0.63204
07/27/2026 23:38:46 - INFO - utils.trainer -   Recall: 0.81848
07/27/2026 23:38:46 - INFO - utils.trainer -   F_score: 0.71328
07/27/2026 23:38:46 - INFO - utils.trainer -   Specificity: 0.00000
07/27/2026 23:38:46 - INFO - utils.trainer -   Sensitivity: 0.00000
07/27/2026 23:38:46 - INFO - utils.trainer -   ***** Running evaluation on test dataset *****
07/27/2026 23:38:48 - INFO - utils.trainer -   Loss: 0.73385
07/27/2026 23:38:48 - INFO - utils.trainer -   AUC: 0.74874
07/27/2026 23:38:48 - INFO - utils.trainer -   Accuracy: 0.66667
07/27/2026 23:38:48 - INFO - utils.trainer -   Precision: 0.65438
07/27/2026 23:38:48 - INFO - utils.trainer -   Recall: 0.87654
07/27/2026 23:38:48 - INFO - utils.trainer -   F_score: 0.74934
07/27/2026 23:38:48 - INFO - utils.trainer -   Specificity: 0.00000
07/27/2026 23:38:48 - INFO - utils.trainer -   Sensitivity: 0.00000
07/27/2026 23:38:48 - INFO - utils.trainer -   Epoch: 10, Loss: 0.41610, Val loss: 0.74758, Test loss: 0.73385, Val Acc: 0.6476, Best val Accuracy: 0.6936, No improve: 3/20, Time: 3.7s
07/27/2026 23:38:51 - INFO - utils.trainer -   ***** Running evaluation on val dataset *****
07/27/2026 23:38:53 - INFO - utils.trainer -   Loss: 0.69774
07/27/2026 23:38:53 - INFO - utils.trainer -   AUC: 0.74459
07/27/2026 23:38:53 - INFO - utils.trainer -   Accuracy: 0.67969
07/27/2026 23:38:53 - INFO - utils.trainer -   Precision: 0.71306
07/27/2026 23:38:53 - INFO - utils.trainer -   Recall: 0.67261
07/27/2026 23:38:53 - INFO - utils.trainer -   F_score: 0.69224
07/27/2026 23:38:53 - INFO - utils.trainer -   Specificity: 0.00000
07/27/2026 23:38:53 - INFO - utils.trainer -   Sensitivity: 0.00000
07/27/2026 23:38:53 - INFO - utils.trainer -   ***** Running evaluation on test dataset *****
07/27/2026 23:38:55 - INFO - utils.trainer -   Loss: 0.68709
07/27/2026 23:38:55 - INFO - utils.trainer -   AUC: 0.75954
07/27/2026 23:38:55 - INFO - utils.trainer -   Accuracy: 0.68421
07/27/2026 23:38:55 - INFO - utils.trainer -   Precision: 0.72930
07/27/2026 23:38:55 - INFO - utils.trainer -   Recall: 0.70679
07/27/2026 23:38:55 - INFO - utils.trainer -   F_score: 0.71787
07/27/2026 23:38:55 - INFO - utils.trainer -   Specificity: 0.00000
07/27/2026 23:38:55 - INFO - utils.trainer -   Sensitivity: 0.00000
07/27/2026 23:38:55 - INFO - utils.trainer -   Epoch: 11, Loss: 0.41272, Val loss: 0.69774, Test loss: 0.68709, Val Acc: 0.6797, Best val Accuracy: 0.6936, No improve: 4/20, Time: 3.1s
07/27/2026 23:38:58 - INFO - utils.trainer -   ***** Running evaluation on val dataset *****
07/27/2026 23:39:00 - INFO - utils.trainer -   Loss: 0.72339
07/27/2026 23:39:00 - INFO - utils.trainer -   AUC: 0.74936
07/27/2026 23:39:00 - INFO - utils.trainer -   Accuracy: 0.68316
07/27/2026 23:39:00 - INFO - utils.trainer -   Precision: 0.68367
07/27/2026 23:39:00 - INFO - utils.trainer -   Recall: 0.76013
07/27/2026 23:39:00 - INFO - utils.trainer -   F_score: 0.71988
07/27/2026 23:39:00 - INFO - utils.trainer -   Specificity: 0.00000
07/27/2026 23:39:00 - INFO - utils.trainer -   Sensitivity: 0.00000
07/27/2026 23:39:00 - INFO - utils.trainer -   ***** Running evaluation on test dataset *****
07/27/2026 23:39:01 - INFO - utils.trainer -   Loss: 0.69981
07/27/2026 23:39:01 - INFO - utils.trainer -   AUC: 0.75765
07/27/2026 23:39:01 - INFO - utils.trainer -   Accuracy: 0.67544
07/27/2026 23:39:01 - INFO - utils.trainer -   Precision: 0.68835
07/27/2026 23:39:01 - INFO - utils.trainer -   Recall: 0.78395
07/27/2026 23:39:01 - INFO - utils.trainer -   F_score: 0.73304
07/27/2026 23:39:01 - INFO - utils.trainer -   Specificity: 0.00000
07/27/2026 23:39:01 - INFO - utils.trainer -   Sensitivity: 0.00000
07/27/2026 23:39:01 - INFO - utils.trainer -   Epoch: 12, Loss: 0.39644, Val loss: 0.72339, Test loss: 0.69981, Val Acc: 0.6832, Best val Accuracy: 0.6936, No improve: 5/20, Time: 3.7s
07/27/2026 23:39:05 - INFO - utils.trainer -   ***** Running evaluation on val dataset *****
07/27/2026 23:39:07 - INFO - utils.trainer -   Loss: 0.76566
07/27/2026 23:39:07 - INFO - utils.trainer -   AUC: 0.73842
07/27/2026 23:39:07 - INFO - utils.trainer -   Accuracy: 0.69618
07/27/2026 23:39:07 - INFO - utils.trainer -   Precision: 0.78105
07/27/2026 23:39:07 - INFO - utils.trainer -   Recall: 0.60130
07/27/2026 23:39:07 - INFO - utils.trainer -   F_score: 0.67949
07/27/2026 23:39:07 - INFO - utils.trainer -   Specificity: 0.00000
07/27/2026 23:39:07 - INFO - utils.trainer -   Sensitivity: 0.00000
07/27/2026 23:39:07 - INFO - utils.trainer -   ***** Running evaluation on test dataset *****
07/27/2026 23:39:09 - INFO - utils.trainer -   Loss: 0.69542
07/27/2026 23:39:09 - INFO - utils.trainer -   AUC: 0.75638
07/27/2026 23:39:09 - INFO - utils.trainer -   Accuracy: 0.67982
07/27/2026 23:39:09 - INFO - utils.trainer -   Precision: 0.76548
07/27/2026 23:39:09 - INFO - utils.trainer -   Recall: 0.62963
07/27/2026 23:39:09 - INFO - utils.trainer -   F_score: 0.69094
07/27/2026 23:39:09 - INFO - utils.trainer -   Specificity: 0.00000
07/27/2026 23:39:09 - INFO - utils.trainer -   Sensitivity: 0.00000
07/27/2026 23:39:09 - INFO - utils.trainer -   Model saved to output_dir/BrainNetCNN
07/27/2026 23:39:09 - INFO - utils.trainer -   Best model saved (val_Accuracy=0.6962, test_acc=0.6798)
07/27/2026 23:39:09 - INFO - utils.trainer -   Epoch: 13, Loss: 0.39742, Val loss: 0.76566, Test loss: 0.69542, Val Acc: 0.6962, Best val Accuracy: 0.6962, No improve: 0/20, Time: 3.9s
07/27/2026 23:39:12 - INFO - utils.trainer -   ***** Running evaluation on val dataset *****
07/27/2026 23:39:14 - INFO - utils.trainer -   Loss: 0.77857
07/27/2026 23:39:14 - INFO - utils.trainer -   AUC: 0.74960
07/27/2026 23:39:14 - INFO - utils.trainer -   Accuracy: 0.66406
07/27/2026 23:39:14 - INFO - utils.trainer -   Precision: 0.65668
07/27/2026 23:39:14 - INFO - utils.trainer -   Recall: 0.78120
07/27/2026 23:39:14 - INFO - utils.trainer -   F_score: 0.71355
07/27/2026 23:39:14 - INFO - utils.trainer -   Specificity: 0.00000
07/27/2026 23:39:14 - INFO - utils.trainer -   Sensitivity: 0.00000
07/27/2026 23:39:14 - INFO - utils.trainer -   ***** Running evaluation on test dataset *****
07/27/2026 23:39:15 - INFO - utils.trainer -   Loss: 0.72739
07/27/2026 23:39:15 - INFO - utils.trainer -   AUC: 0.74842
07/27/2026 23:39:15 - INFO - utils.trainer -   Accuracy: 0.67018
07/27/2026 23:39:15 - INFO - utils.trainer -   Precision: 0.67347
07/27/2026 23:39:15 - INFO - utils.trainer -   Recall: 0.81481
07/27/2026 23:39:15 - INFO - utils.trainer -   F_score: 0.73743
07/27/2026 23:39:15 - INFO - utils.trainer -   Specificity: 0.00000
07/27/2026 23:39:15 - INFO - utils.trainer -   Sensitivity: 0.00000
07/27/2026 23:39:15 - INFO - utils.trainer -   Epoch: 14, Loss: 0.35650, Val loss: 0.77857, Test loss: 0.72739, Val Acc: 0.6641, Best val Accuracy: 0.6962, No improve: 1/20, Time: 3.5s
07/27/2026 23:39:20 - INFO - utils.trainer -   ***** Running evaluation on val dataset *****
07/27/2026 23:39:21 - INFO - utils.trainer -   Loss: 0.76536
07/27/2026 23:39:21 - INFO - utils.trainer -   AUC: 0.75086
07/27/2026 23:39:21 - INFO - utils.trainer -   Accuracy: 0.68403
07/27/2026 23:39:21 - INFO - utils.trainer -   Precision: 0.73557
07/27/2026 23:39:21 - INFO - utils.trainer -   Recall: 0.64019
07/27/2026 23:39:21 - INFO - utils.trainer -   F_score: 0.68458
07/27/2026 23:39:21 - INFO - utils.trainer -   Specificity: 0.00000
07/27/2026 23:39:21 - INFO - utils.trainer -   Sensitivity: 0.00000
07/27/2026 23:39:21 - INFO - utils.trainer -   ***** Running evaluation on test dataset *****
07/27/2026 23:39:23 - INFO - utils.trainer -   Loss: 0.73581
07/27/2026 23:39:23 - INFO - utils.trainer -   AUC: 0.75550
07/27/2026 23:39:23 - INFO - utils.trainer -   Accuracy: 0.68158
07/27/2026 23:39:23 - INFO - utils.trainer -   Precision: 0.75132
07/27/2026 23:39:23 - INFO - utils.trainer -   Recall: 0.65741
07/27/2026 23:39:23 - INFO - utils.trainer -   F_score: 0.70123
07/27/2026 23:39:23 - INFO - utils.trainer -   Specificity: 0.00000
07/27/2026 23:39:23 - INFO - utils.trainer -   Sensitivity: 0.00000
07/27/2026 23:39:23 - INFO - utils.trainer -   Epoch: 15, Loss: 0.37293, Val loss: 0.76536, Test loss: 0.73581, Val Acc: 0.6840, Best val Accuracy: 0.6962, No improve: 2/20, Time: 4.8s
07/27/2026 23:39:27 - INFO - utils.trainer -   ***** Running evaluation on val dataset *****
07/27/2026 23:39:28 - INFO - utils.trainer -   Loss: 0.82349
07/27/2026 23:39:28 - INFO - utils.trainer -   AUC: 0.74846
07/27/2026 23:39:28 - INFO - utils.trainer -   Accuracy: 0.67882
07/27/2026 23:39:28 - INFO - utils.trainer -   Precision: 0.68627
07/27/2026 23:39:28 - INFO - utils.trainer -   Recall: 0.73744
07/27/2026 23:39:28 - INFO - utils.trainer -   F_score: 0.71094
07/27/2026 23:39:28 - INFO - utils.trainer -   Specificity: 0.00000
07/27/2026 23:39:28 - INFO - utils.trainer -   Sensitivity: 0.00000
07/27/2026 23:39:28 - INFO - utils.trainer -   ***** Running evaluation on test dataset *****
07/27/2026 23:39:30 - INFO - utils.trainer -   Loss: 0.78321
07/27/2026 23:39:30 - INFO - utils.trainer -   AUC: 0.75468
07/27/2026 23:39:30 - INFO - utils.trainer -   Accuracy: 0.68333
07/27/2026 23:39:30 - INFO - utils.trainer -   Precision: 0.70183
07/27/2026 23:39:30 - INFO - utils.trainer -   Recall: 0.77006
07/27/2026 23:39:30 - INFO - utils.trainer -   F_score: 0.73436
07/27/2026 23:39:30 - INFO - utils.trainer -   Specificity: 0.00000
07/27/2026 23:39:30 - INFO - utils.trainer -   Sensitivity: 0.00000
07/27/2026 23:39:30 - INFO - utils.trainer -   Epoch: 16, Loss: 0.38791, Val loss: 0.82349, Test loss: 0.78321, Val Acc: 0.6788, Best val Accuracy: 0.6962, No improve: 3/20, Time: 3.8s
07/27/2026 23:39:34 - INFO - utils.trainer -   ***** Running evaluation on val dataset *****
07/27/2026 23:39:36 - INFO - utils.trainer -   Loss: 0.79993
07/27/2026 23:39:36 - INFO - utils.trainer -   AUC: 0.74408
07/27/2026 23:39:36 - INFO - utils.trainer -   Accuracy: 0.68056
07/27/2026 23:39:36 - INFO - utils.trainer -   Precision: 0.69793
07/27/2026 23:39:36 - INFO - utils.trainer -   Recall: 0.71151
07/27/2026 23:39:36 - INFO - utils.trainer -   F_score: 0.70465
07/27/2026 23:39:36 - INFO - utils.trainer -   Specificity: 0.00000
07/27/2026 23:39:36 - INFO - utils.trainer -   Sensitivity: 0.00000
07/27/2026 23:39:36 - INFO - utils.trainer -   ***** Running evaluation on test dataset *****
07/27/2026 23:39:37 - INFO - utils.trainer -   Loss: 0.72078
07/27/2026 23:39:37 - INFO - utils.trainer -   AUC: 0.75886
07/27/2026 23:39:37 - INFO - utils.trainer -   Accuracy: 0.68246
07/27/2026 23:39:37 - INFO - utils.trainer -   Precision: 0.71029
07/27/2026 23:39:37 - INFO - utils.trainer -   Recall: 0.74537
07/27/2026 23:39:37 - INFO - utils.trainer -   F_score: 0.72741
07/27/2026 23:39:37 - INFO - utils.trainer -   Specificity: 0.00000
07/27/2026 23:39:37 - INFO - utils.trainer -   Sensitivity: 0.00000
07/27/2026 23:39:37 - INFO - utils.trainer -   Epoch: 17, Loss: 0.39411, Val loss: 0.79993, Test loss: 0.72078, Val Acc: 0.6806, Best val Accuracy: 0.6962, No improve: 4/20, Time: 4.2s
07/27/2026 23:39:42 - INFO - utils.trainer -   ***** Running evaluation on val dataset *****
07/27/2026 23:39:44 - INFO - utils.trainer -   Loss: 0.79207
07/27/2026 23:39:44 - INFO - utils.trainer -   AUC: 0.74439
07/27/2026 23:39:44 - INFO - utils.trainer -   Accuracy: 0.68490
07/27/2026 23:39:44 - INFO - utils.trainer -   Precision: 0.72281
07/27/2026 23:39:44 - INFO - utils.trainer -   Recall: 0.66775
07/27/2026 23:39:44 - INFO - utils.trainer -   F_score: 0.69419
07/27/2026 23:39:44 - INFO - utils.trainer -   Specificity: 0.00000
07/27/2026 23:39:44 - INFO - utils.trainer -   Sensitivity: 0.00000
07/27/2026 23:39:44 - INFO - utils.trainer -   ***** Running evaluation on test dataset *****
07/27/2026 23:39:46 - INFO - utils.trainer -   Loss: 0.76407
07/27/2026 23:39:46 - INFO - utils.trainer -   AUC: 0.75925
07/27/2026 23:39:46 - INFO - utils.trainer -   Accuracy: 0.68333
07/27/2026 23:39:46 - INFO - utils.trainer -   Precision: 0.73877
07/27/2026 23:39:46 - INFO - utils.trainer -   Recall: 0.68519
07/27/2026 23:39:46 - INFO - utils.trainer -   F_score: 0.71097
07/27/2026 23:39:46 - INFO - utils.trainer -   Specificity: 0.00000
07/27/2026 23:39:46 - INFO - utils.trainer -   Sensitivity: 0.00000
07/27/2026 23:39:46 - INFO - utils.trainer -   Epoch: 18, Loss: 0.36164, Val loss: 0.79207, Test loss: 0.76407, Val Acc: 0.6849, Best val Accuracy: 0.6962, No improve: 5/20, Time: 4.5s
07/27/2026 23:39:50 - INFO - utils.trainer -   ***** Running evaluation on val dataset *****
07/27/2026 23:39:51 - INFO - utils.trainer -   Loss: 0.75486
07/27/2026 23:39:51 - INFO - utils.trainer -   AUC: 0.75682
07/27/2026 23:39:51 - INFO - utils.trainer -   Accuracy: 0.69184
07/27/2026 23:39:51 - INFO - utils.trainer -   Precision: 0.71617
07/27/2026 23:39:51 - INFO - utils.trainer -   Recall: 0.70340
07/27/2026 23:39:51 - INFO - utils.trainer -   F_score: 0.70973
07/27/2026 23:39:51 - INFO - utils.trainer -   Specificity: 0.00000
07/27/2026 23:39:51 - INFO - utils.trainer -   Sensitivity: 0.00000
07/27/2026 23:39:51 - INFO - utils.trainer -   ***** Running evaluation on test dataset *****
07/27/2026 23:39:53 - INFO - utils.trainer -   Loss: 0.74217
07/27/2026 23:39:53 - INFO - utils.trainer -   AUC: 0.75714
07/27/2026 23:39:53 - INFO - utils.trainer -   Accuracy: 0.68509
07/27/2026 23:39:53 - INFO - utils.trainer -   Precision: 0.73269
07/27/2026 23:39:53 - INFO - utils.trainer -   Recall: 0.70216
07/27/2026 23:39:53 - INFO - utils.trainer -   F_score: 0.71710
07/27/2026 23:39:53 - INFO - utils.trainer -   Specificity: 0.00000
07/27/2026 23:39:53 - INFO - utils.trainer -   Sensitivity: 0.00000
07/27/2026 23:39:53 - INFO - utils.trainer -   Epoch: 19, Loss: 0.34593, Val loss: 0.75486, Test loss: 0.74217, Val Acc: 0.6918, Best val Accuracy: 0.6962, No improve: 6/20, Time: 4.1s
07/27/2026 23:39:57 - INFO - utils.trainer -   ***** Running evaluation on val dataset *****
07/27/2026 23:39:59 - INFO - utils.trainer -   Loss: 0.79417
07/27/2026 23:39:59 - INFO - utils.trainer -   AUC: 0.75970
07/27/2026 23:39:59 - INFO - utils.trainer -   Accuracy: 0.69010
07/27/2026 23:39:59 - INFO - utils.trainer -   Precision: 0.72337
07/27/2026 23:39:59 - INFO - utils.trainer -   Recall: 0.68233
07/27/2026 23:39:59 - INFO - utils.trainer -   F_score: 0.70225
07/27/2026 23:39:59 - INFO - utils.trainer -   Specificity: 0.00000
07/27/2026 23:39:59 - INFO - utils.trainer -   Sensitivity: 0.00000
07/27/2026 23:39:59 - INFO - utils.trainer -   ***** Running evaluation on test dataset *****
07/27/2026 23:40:00 - INFO - utils.trainer -   Loss: 0.78303
07/27/2026 23:40:00 - INFO - utils.trainer -   AUC: 0.75348
07/27/2026 23:40:00 - INFO - utils.trainer -   Accuracy: 0.67895
07/27/2026 23:40:00 - INFO - utils.trainer -   Precision: 0.73267
07/27/2026 23:40:00 - INFO - utils.trainer -   Recall: 0.68519
07/27/2026 23:40:00 - INFO - utils.trainer -   F_score: 0.70813
07/27/2026 23:40:00 - INFO - utils.trainer -   Specificity: 0.00000
07/27/2026 23:40:00 - INFO - utils.trainer -   Sensitivity: 0.00000
07/27/2026 23:40:00 - INFO - utils.trainer -   Epoch: 20, Loss: 0.36900, Val loss: 0.79417, Test loss: 0.78303, Val Acc: 0.6901, Best val Accuracy: 0.6962, No improve: 7/20, Time: 4.5s
07/27/2026 23:40:05 - INFO - utils.trainer -   ***** Running evaluation on val dataset *****
07/27/2026 23:40:06 - INFO - utils.trainer -   Loss: 0.79463
07/27/2026 23:40:06 - INFO - utils.trainer -   AUC: 0.76117
07/27/2026 23:40:06 - INFO - utils.trainer -   Accuracy: 0.67795
07/27/2026 23:40:06 - INFO - utils.trainer -   Precision: 0.68035
07/27/2026 23:40:06 - INFO - utils.trainer -   Recall: 0.75203
07/27/2026 23:40:06 - INFO - utils.trainer -   F_score: 0.71440
07/27/2026 23:40:06 - INFO - utils.trainer -   Specificity: 0.00000
07/27/2026 23:40:06 - INFO - utils.trainer -   Sensitivity: 0.00000
07/27/2026 23:40:06 - INFO - utils.trainer -   ***** Running evaluation on test dataset *****
07/27/2026 23:40:08 - INFO - utils.trainer -   Loss: 0.75973
07/27/2026 23:40:08 - INFO - utils.trainer -   AUC: 0.75156
07/27/2026 23:40:08 - INFO - utils.trainer -   Accuracy: 0.67895
07/27/2026 23:40:08 - INFO - utils.trainer -   Precision: 0.69210
07/27/2026 23:40:08 - INFO - utils.trainer -   Recall: 0.78395
07/27/2026 23:40:08 - INFO - utils.trainer -   F_score: 0.73517
07/27/2026 23:40:08 - INFO - utils.trainer -   Specificity: 0.00000
07/27/2026 23:40:08 - INFO - utils.trainer -   Sensitivity: 0.00000
07/27/2026 23:40:08 - INFO - utils.trainer -   Epoch: 21, Loss: 0.35258, Val loss: 0.79463, Test loss: 0.75973, Val Acc: 0.6780, Best val Accuracy: 0.6962, No improve: 8/20, Time: 4.4s
07/27/2026 23:40:12 - INFO - utils.trainer -   ***** Running evaluation on val dataset *****
07/27/2026 23:40:13 - INFO - utils.trainer -   Loss: 0.84527
07/27/2026 23:40:13 - INFO - utils.trainer -   AUC: 0.75760
07/27/2026 23:40:13 - INFO - utils.trainer -   Accuracy: 0.69271
07/27/2026 23:40:13 - INFO - utils.trainer -   Precision: 0.71313
07/27/2026 23:40:13 - INFO - utils.trainer -   Recall: 0.71313
07/27/2026 23:40:13 - INFO - utils.trainer -   F_score: 0.71313
07/27/2026 23:40:13 - INFO - utils.trainer -   Specificity: 0.00000
07/27/2026 23:40:13 - INFO - utils.trainer -   Sensitivity: 0.00000
07/27/2026 23:40:13 - INFO - utils.trainer -   ***** Running evaluation on test dataset *****
07/27/2026 23:40:15 - INFO - utils.trainer -   Loss: 0.77530
07/27/2026 23:40:15 - INFO - utils.trainer -   AUC: 0.75549
07/27/2026 23:40:15 - INFO - utils.trainer -   Accuracy: 0.68509
07/27/2026 23:40:15 - INFO - utils.trainer -   Precision: 0.72129
07/27/2026 23:40:15 - INFO - utils.trainer -   Recall: 0.72685
07/27/2026 23:40:15 - INFO - utils.trainer -   F_score: 0.72406
07/27/2026 23:40:15 - INFO - utils.trainer -   Specificity: 0.00000
07/27/2026 23:40:15 - INFO - utils.trainer -   Sensitivity: 0.00000
07/27/2026 23:40:15 - INFO - utils.trainer -   Epoch: 22, Loss: 0.36575, Val loss: 0.84527, Test loss: 0.77530, Val Acc: 0.6927, Best val Accuracy: 0.6962, No improve: 9/20, Time: 3.8s
07/27/2026 23:40:19 - INFO - utils.trainer -   ***** Running evaluation on val dataset *****
07/27/2026 23:40:21 - INFO - utils.trainer -   Loss: 0.89157
07/27/2026 23:40:21 - INFO - utils.trainer -   AUC: 0.75298
07/27/2026 23:40:21 - INFO - utils.trainer -   Accuracy: 0.67448
07/27/2026 23:40:21 - INFO - utils.trainer -   Precision: 0.72830
07/27/2026 23:40:21 - INFO - utils.trainer -   Recall: 0.62561
07/27/2026 23:40:21 - INFO - utils.trainer -   F_score: 0.67306
07/27/2026 23:40:21 - INFO - utils.trainer -   Specificity: 0.00000
07/27/2026 23:40:21 - INFO - utils.trainer -   Sensitivity: 0.00000
07/27/2026 23:40:21 - INFO - utils.trainer -   ***** Running evaluation on test dataset *****
07/27/2026 23:40:22 - INFO - utils.trainer -   Loss: 0.82469
07/27/2026 23:40:22 - INFO - utils.trainer -   AUC: 0.75715
07/27/2026 23:40:22 - INFO - utils.trainer -   Accuracy: 0.68947
07/27/2026 23:40:22 - INFO - utils.trainer -   Precision: 0.75880
07/27/2026 23:40:22 - INFO - utils.trainer -   Recall: 0.66512
07/27/2026 23:40:22 - INFO - utils.trainer -   F_score: 0.70888
07/27/2026 23:40:22 - INFO - utils.trainer -   Specificity: 0.00000
07/27/2026 23:40:22 - INFO - utils.trainer -   Sensitivity: 0.00000
07/27/2026 23:40:22 - INFO - utils.trainer -   Epoch: 23, Loss: 0.32215, Val loss: 0.89157, Test loss: 0.82469, Val Acc: 0.6745, Best val Accuracy: 0.6962, No improve: 10/20, Time: 4.4s
07/27/2026 23:40:26 - INFO - utils.trainer -   ***** Running evaluation on val dataset *****
07/27/2026 23:40:28 - INFO - utils.trainer -   Loss: 0.95880
07/27/2026 23:40:28 - INFO - utils.trainer -   AUC: 0.73892
07/27/2026 23:40:28 - INFO - utils.trainer -   Accuracy: 0.68490
07/27/2026 23:40:28 - INFO - utils.trainer -   Precision: 0.78733
07/27/2026 23:40:28 - INFO - utils.trainer -   Recall: 0.56402
07/27/2026 23:40:28 - INFO - utils.trainer -   F_score: 0.65722
07/27/2026 23:40:28 - INFO - utils.trainer -   Specificity: 0.00000
07/27/2026 23:40:28 - INFO - utils.trainer -   Sensitivity: 0.00000
07/27/2026 23:40:28 - INFO - utils.trainer -   ***** Running evaluation on test dataset *****
07/27/2026 23:40:29 - INFO - utils.trainer -   Loss: 0.91008
07/27/2026 23:40:29 - INFO - utils.trainer -   AUC: 0.75120
07/27/2026 23:40:29 - INFO - utils.trainer -   Accuracy: 0.67456
07/27/2026 23:40:29 - INFO - utils.trainer -   Precision: 0.79158
07/27/2026 23:40:29 - INFO - utils.trainer -   Recall: 0.58025
07/27/2026 23:40:29 - INFO - utils.trainer -   F_score: 0.66963
07/27/2026 23:40:29 - INFO - utils.trainer -   Specificity: 0.00000
07/27/2026 23:40:29 - INFO - utils.trainer -   Sensitivity: 0.00000
07/27/2026 23:40:29 - INFO - utils.trainer -   Epoch: 24, Loss: 0.29878, Val loss: 0.95880, Test loss: 0.91008, Val Acc: 0.6849, Best val Accuracy: 0.6962, No improve: 11/20, Time: 3.9s
07/27/2026 23:40:33 - INFO - utils.trainer -   ***** Running evaluation on val dataset *****
07/27/2026 23:40:35 - INFO - utils.trainer -   Loss: 0.81776
07/27/2026 23:40:35 - INFO - utils.trainer -   AUC: 0.77193
07/27/2026 23:40:35 - INFO - utils.trainer -   Accuracy: 0.69792
07/27/2026 23:40:35 - INFO - utils.trainer -   Precision: 0.70348
07/27/2026 23:40:35 - INFO - utils.trainer -   Recall: 0.75365
07/27/2026 23:40:35 - INFO - utils.trainer -   F_score: 0.72770
07/27/2026 23:40:35 - INFO - utils.trainer -   Specificity: 0.00000
07/27/2026 23:40:35 - INFO - utils.trainer -   Sensitivity: 0.00000
07/27/2026 23:40:35 - INFO - utils.trainer -   ***** Running evaluation on test dataset *****
07/27/2026 23:40:36 - INFO - utils.trainer -   Loss: 0.83264
07/27/2026 23:40:36 - INFO - utils.trainer -   AUC: 0.75752
07/27/2026 23:40:36 - INFO - utils.trainer -   Accuracy: 0.67895
07/27/2026 23:40:36 - INFO - utils.trainer -   Precision: 0.69638
07/27/2026 23:40:36 - INFO - utils.trainer -   Recall: 0.77160
07/27/2026 23:40:36 - INFO - utils.trainer -   F_score: 0.73206
07/27/2026 23:40:36 - INFO - utils.trainer -   Specificity: 0.00000
07/27/2026 23:40:36 - INFO - utils.trainer -   Sensitivity: 0.00000
07/27/2026 23:40:36 - INFO - utils.trainer -   Model saved to output_dir/BrainNetCNN
07/27/2026 23:40:36 - INFO - utils.trainer -   Best model saved (val_Accuracy=0.6979, test_acc=0.6789)
07/27/2026 23:40:36 - INFO - utils.trainer -   Epoch: 25, Loss: 0.30130, Val loss: 0.81776, Test loss: 0.83264, Val Acc: 0.6979, Best val Accuracy: 0.6979, No improve: 0/20, Time: 4.2s
07/27/2026 23:40:40 - INFO - utils.trainer -   ***** Running evaluation on val dataset *****
07/27/2026 23:40:42 - INFO - utils.trainer -   Loss: 0.86642
07/27/2026 23:40:42 - INFO - utils.trainer -   AUC: 0.76272
07/27/2026 23:40:42 - INFO - utils.trainer -   Accuracy: 0.68924
07/27/2026 23:40:42 - INFO - utils.trainer -   Precision: 0.69357
07/27/2026 23:40:42 - INFO - utils.trainer -   Recall: 0.75203
07/27/2026 23:40:42 - INFO - utils.trainer -   F_score: 0.72162
07/27/2026 23:40:42 - INFO - utils.trainer -   Specificity: 0.00000
07/27/2026 23:40:42 - INFO - utils.trainer -   Sensitivity: 0.00000
07/27/2026 23:40:42 - INFO - utils.trainer -   ***** Running evaluation on test dataset *****
07/27/2026 23:40:43 - INFO - utils.trainer -   Loss: 0.86265
07/27/2026 23:40:43 - INFO - utils.trainer -   AUC: 0.74968
07/27/2026 23:40:43 - INFO - utils.trainer -   Accuracy: 0.68070
07/27/2026 23:40:43 - INFO - utils.trainer -   Precision: 0.70000
07/27/2026 23:40:43 - INFO - utils.trainer -   Recall: 0.76698
07/27/2026 23:40:43 - INFO - utils.trainer -   F_score: 0.73196
07/27/2026 23:40:43 - INFO - utils.trainer -   Specificity: 0.00000
07/27/2026 23:40:43 - INFO - utils.trainer -   Sensitivity: 0.00000
07/27/2026 23:40:43 - INFO - utils.trainer -   Epoch: 26, Loss: 0.29528, Val loss: 0.86642, Test loss: 0.86265, Val Acc: 0.6892, Best val Accuracy: 0.6979, No improve: 1/20, Time: 4.3s
07/27/2026 23:40:47 - INFO - utils.trainer -   ***** Running evaluation on val dataset *****
07/27/2026 23:40:49 - INFO - utils.trainer -   Loss: 0.80769
07/27/2026 23:40:49 - INFO - utils.trainer -   AUC: 0.77245
07/27/2026 23:40:49 - INFO - utils.trainer -   Accuracy: 0.70573
07/27/2026 23:40:49 - INFO - utils.trainer -   Precision: 0.74472
07/27/2026 23:40:49 - INFO - utils.trainer -   Recall: 0.68558
07/27/2026 23:40:49 - INFO - utils.trainer -   F_score: 0.71392
07/27/2026 23:40:49 - INFO - utils.trainer -   Specificity: 0.00000
07/27/2026 23:40:49 - INFO - utils.trainer -   Sensitivity: 0.00000
07/27/2026 23:40:49 - INFO - utils.trainer -   ***** Running evaluation on test dataset *****
07/27/2026 23:40:50 - INFO - utils.trainer -   Loss: 0.83969
07/27/2026 23:40:50 - INFO - utils.trainer -   AUC: 0.75662
07/27/2026 23:40:50 - INFO - utils.trainer -   Accuracy: 0.68070
07/27/2026 23:40:50 - INFO - utils.trainer -   Precision: 0.73588
07/27/2026 23:40:50 - INFO - utils.trainer -   Recall: 0.68364
07/27/2026 23:40:50 - INFO - utils.trainer -   F_score: 0.70880
07/27/2026 23:40:50 - INFO - utils.trainer -   Specificity: 0.00000
07/27/2026 23:40:50 - INFO - utils.trainer -   Sensitivity: 0.00000
07/27/2026 23:40:50 - INFO - utils.trainer -   Model saved to output_dir/BrainNetCNN
07/27/2026 23:40:50 - INFO - utils.trainer -   Best model saved (val_Accuracy=0.7057, test_acc=0.6807)
07/27/2026 23:40:50 - INFO - utils.trainer -   Epoch: 27, Loss: 0.28810, Val loss: 0.80769, Test loss: 0.83969, Val Acc: 0.7057, Best val Accuracy: 0.7057, No improve: 0/20, Time: 3.7s
07/27/2026 23:40:54 - INFO - utils.trainer -   ***** Running evaluation on val dataset *****
07/27/2026 23:40:56 - INFO - utils.trainer -   Loss: 0.97165
07/27/2026 23:40:56 - INFO - utils.trainer -   AUC: 0.75730
07/27/2026 23:40:56 - INFO - utils.trainer -   Accuracy: 0.68316
07/27/2026 23:40:56 - INFO - utils.trainer -   Precision: 0.75000
07/27/2026 23:40:56 - INFO - utils.trainer -   Recall: 0.61264
07/27/2026 23:40:56 - INFO - utils.trainer -   F_score: 0.67440
07/27/2026 23:40:56 - INFO - utils.trainer -   Specificity: 0.00000
07/27/2026 23:40:56 - INFO - utils.trainer -   Sensitivity: 0.00000
07/27/2026 23:40:56 - INFO - utils.trainer -   ***** Running evaluation on test dataset *****
07/27/2026 23:40:58 - INFO - utils.trainer -   Loss: 0.92115
07/27/2026 23:40:58 - INFO - utils.trainer -   AUC: 0.75495
07/27/2026 23:40:58 - INFO - utils.trainer -   Accuracy: 0.67807
07/27/2026 23:40:58 - INFO - utils.trainer -   Precision: 0.76360
07/27/2026 23:40:58 - INFO - utils.trainer -   Recall: 0.62809
07/27/2026 23:40:58 - INFO - utils.trainer -   F_score: 0.68925
07/27/2026 23:40:58 - INFO - utils.trainer -   Specificity: 0.00000
07/27/2026 23:40:58 - INFO - utils.trainer -   Sensitivity: 0.00000
07/27/2026 23:40:58 - INFO - utils.trainer -   Epoch: 28, Loss: 0.28485, Val loss: 0.97165, Test loss: 0.92115, Val Acc: 0.6832, Best val Accuracy: 0.7057, No improve: 1/20, Time: 4.3s
07/27/2026 23:41:02 - INFO - utils.trainer -   ***** Running evaluation on val dataset *****
07/27/2026 23:41:03 - INFO - utils.trainer -   Loss: 0.93153
07/27/2026 23:41:03 - INFO - utils.trainer -   AUC: 0.75590
07/27/2026 23:41:03 - INFO - utils.trainer -   Accuracy: 0.69705
07/27/2026 23:41:03 - INFO - utils.trainer -   Precision: 0.71613
07/27/2026 23:41:03 - INFO - utils.trainer -   Recall: 0.71961
07/27/2026 23:41:03 - INFO - utils.trainer -   F_score: 0.71787
07/27/2026 23:41:03 - INFO - utils.trainer -   Specificity: 0.00000
07/27/2026 23:41:03 - INFO - utils.trainer -   Sensitivity: 0.00000
07/27/2026 23:41:03 - INFO - utils.trainer -   ***** Running evaluation on test dataset *****
07/27/2026 23:41:05 - INFO - utils.trainer -   Loss: 0.92849
07/27/2026 23:41:05 - INFO - utils.trainer -   AUC: 0.74449
07/27/2026 23:41:05 - INFO - utils.trainer -   Accuracy: 0.67281
07/27/2026 23:41:05 - INFO - utils.trainer -   Precision: 0.70802
07/27/2026 23:41:05 - INFO - utils.trainer -   Recall: 0.72222
07/27/2026 23:41:05 - INFO - utils.trainer -   F_score: 0.71505
07/27/2026 23:41:05 - INFO - utils.trainer -   Specificity: 0.00000
07/27/2026 23:41:05 - INFO - utils.trainer -   Sensitivity: 0.00000
07/27/2026 23:41:05 - INFO - utils.trainer -   Epoch: 29, Loss: 0.22743, Val loss: 0.93153, Test loss: 0.92849, Val Acc: 0.6970, Best val Accuracy: 0.7057, No improve: 2/20, Time: 4.3s
07/27/2026 23:41:09 - INFO - utils.trainer -   ***** Running evaluation on val dataset *****
07/27/2026 23:41:11 - INFO - utils.trainer -   Loss: 0.99455
07/27/2026 23:41:11 - INFO - utils.trainer -   AUC: 0.75694
07/27/2026 23:41:11 - INFO - utils.trainer -   Accuracy: 0.69878
07/27/2026 23:41:11 - INFO - utils.trainer -   Precision: 0.73438
07/27/2026 23:41:11 - INFO - utils.trainer -   Recall: 0.68558
07/27/2026 23:41:11 - INFO - utils.trainer -   F_score: 0.70914
07/27/2026 23:41:11 - INFO - utils.trainer -   Specificity: 0.00000
07/27/2026 23:41:11 - INFO - utils.trainer -   Sensitivity: 0.00000
07/27/2026 23:41:11 - INFO - utils.trainer -   ***** Running evaluation on test dataset *****
07/27/2026 23:41:12 - INFO - utils.trainer -   Loss: 0.94048
07/27/2026 23:41:12 - INFO - utils.trainer -   AUC: 0.75320
07/27/2026 23:41:12 - INFO - utils.trainer -   Accuracy: 0.67895
07/27/2026 23:41:12 - INFO - utils.trainer -   Precision: 0.72452
07/27/2026 23:41:12 - INFO - utils.trainer -   Recall: 0.70216
07/27/2026 23:41:12 - INFO - utils.trainer -   F_score: 0.71317
07/27/2026 23:41:12 - INFO - utils.trainer -   Specificity: 0.00000
07/27/2026 23:41:12 - INFO - utils.trainer -   Sensitivity: 0.00000
07/27/2026 23:41:12 - INFO - utils.trainer -   Epoch: 30, Loss: 0.24314, Val loss: 0.99455, Test loss: 0.94048, Val Acc: 0.6988, Best val Accuracy: 0.7057, No improve: 3/20, Time: 4.2s
07/27/2026 23:41:16 - INFO - utils.trainer -   ***** Running evaluation on val dataset *****
07/27/2026 23:41:18 - INFO - utils.trainer -   Loss: 0.91345
07/27/2026 23:41:18 - INFO - utils.trainer -   AUC: 0.76558
07/27/2026 23:41:18 - INFO - utils.trainer -   Accuracy: 0.69358
07/27/2026 23:41:18 - INFO - utils.trainer -   Precision: 0.70820
07/27/2026 23:41:18 - INFO - utils.trainer -   Recall: 0.72771
07/27/2026 23:41:18 - INFO - utils.trainer -   F_score: 0.71783
07/27/2026 23:41:18 - INFO - utils.trainer -   Specificity: 0.00000
07/27/2026 23:41:18 - INFO - utils.trainer -   Sensitivity: 0.00000
07/27/2026 23:41:18 - INFO - utils.trainer -   ***** Running evaluation on test dataset *****
07/27/2026 23:41:19 - INFO - utils.trainer -   Loss: 0.93973
07/27/2026 23:41:19 - INFO - utils.trainer -   AUC: 0.75763
07/27/2026 23:41:19 - INFO - utils.trainer -   Accuracy: 0.68333
07/27/2026 23:41:19 - INFO - utils.trainer -   Precision: 0.71010
07/27/2026 23:41:19 - INFO - utils.trainer -   Recall: 0.74846
07/27/2026 23:41:19 - INFO - utils.trainer -   F_score: 0.72878
07/27/2026 23:41:19 - INFO - utils.trainer -   Specificity: 0.00000
07/27/2026 23:41:19 - INFO - utils.trainer -   Sensitivity: 0.00000
07/27/2026 23:41:19 - INFO - utils.trainer -   Epoch: 31, Loss: 0.22516, Val loss: 0.91345, Test loss: 0.93973, Val Acc: 0.6936, Best val Accuracy: 0.7057, No improve: 4/20, Time: 3.7s
07/27/2026 23:41:23 - INFO - utils.trainer -   ***** Running evaluation on val dataset *****
07/27/2026 23:41:25 - INFO - utils.trainer -   Loss: 0.98003
07/27/2026 23:41:25 - INFO - utils.trainer -   AUC: 0.76225
07/27/2026 23:41:25 - INFO - utils.trainer -   Accuracy: 0.70747
07/27/2026 23:41:25 - INFO - utils.trainer -   Precision: 0.73102
07/27/2026 23:41:25 - INFO - utils.trainer -   Recall: 0.71799
07/27/2026 23:41:25 - INFO - utils.trainer -   F_score: 0.72445
07/27/2026 23:41:25 - INFO - utils.trainer -   Specificity: 0.00000
07/27/2026 23:41:25 - INFO - utils.trainer -   Sensitivity: 0.00000
07/27/2026 23:41:25 - INFO - utils.trainer -   ***** Running evaluation on test dataset *****
07/27/2026 23:41:26 - INFO - utils.trainer -   Loss: 0.96005
07/27/2026 23:41:26 - INFO - utils.trainer -   AUC: 0.75144
07/27/2026 23:41:26 - INFO - utils.trainer -   Accuracy: 0.67193
07/27/2026 23:41:26 - INFO - utils.trainer -   Precision: 0.71012
07/27/2026 23:41:26 - INFO - utils.trainer -   Recall: 0.71451
07/27/2026 23:41:26 - INFO - utils.trainer -   F_score: 0.71231
07/27/2026 23:41:26 - INFO - utils.trainer -   Specificity: 0.00000
07/27/2026 23:41:26 - INFO - utils.trainer -   Sensitivity: 0.00000
07/27/2026 23:41:26 - INFO - utils.trainer -   Model saved to output_dir/BrainNetCNN
07/27/2026 23:41:26 - INFO - utils.trainer -   Best model saved (val_Accuracy=0.7075, test_acc=0.6719)
07/27/2026 23:41:26 - INFO - utils.trainer -   Epoch: 32, Loss: 0.21319, Val loss: 0.98003, Test loss: 0.96005, Val Acc: 0.7075, Best val Accuracy: 0.7075, No improve: 0/20, Time: 4.1s
07/27/2026 23:41:30 - INFO - utils.trainer -   ***** Running evaluation on val dataset *****
07/27/2026 23:41:32 - INFO - utils.trainer -   Loss: 1.02770
07/27/2026 23:41:32 - INFO - utils.trainer -   AUC: 0.77426
07/27/2026 23:41:32 - INFO - utils.trainer -   Accuracy: 0.70312
07/27/2026 23:41:32 - INFO - utils.trainer -   Precision: 0.73997
07/27/2026 23:41:32 - INFO - utils.trainer -   Recall: 0.68720
07/27/2026 23:41:32 - INFO - utils.trainer -   F_score: 0.71261
07/27/2026 23:41:32 - INFO - utils.trainer -   Specificity: 0.00000
07/27/2026 23:41:32 - INFO - utils.trainer -   Sensitivity: 0.00000
07/27/2026 23:41:32 - INFO - utils.trainer -   ***** Running evaluation on test dataset *****
07/27/2026 23:41:33 - INFO - utils.trainer -   Loss: 1.09822
07/27/2026 23:41:33 - INFO - utils.trainer -   AUC: 0.75797
07/27/2026 23:41:33 - INFO - utils.trainer -   Accuracy: 0.68684
07/27/2026 23:41:33 - INFO - utils.trainer -   Precision: 0.73280
07/27/2026 23:41:33 - INFO - utils.trainer -   Recall: 0.70679
07/27/2026 23:41:33 - INFO - utils.trainer -   F_score: 0.71956
07/27/2026 23:41:33 - INFO - utils.trainer -   Specificity: 0.00000
07/27/2026 23:41:33 - INFO - utils.trainer -   Sensitivity: 0.00000
07/27/2026 23:41:33 - INFO - utils.trainer -   Epoch: 33, Loss: 0.20318, Val loss: 1.02770, Test loss: 1.09822, Val Acc: 0.7031, Best val Accuracy: 0.7075, No improve: 1/20, Time: 4.0s
07/27/2026 23:41:37 - INFO - utils.trainer -   ***** Running evaluation on val dataset *****
07/27/2026 23:41:39 - INFO - utils.trainer -   Loss: 0.92131
07/27/2026 23:41:39 - INFO - utils.trainer -   AUC: 0.78399
07/27/2026 23:41:39 - INFO - utils.trainer -   Accuracy: 0.70486
07/27/2026 23:41:39 - INFO - utils.trainer -   Precision: 0.70890
07/27/2026 23:41:39 - INFO - utils.trainer -   Recall: 0.76175
07/27/2026 23:41:39 - INFO - utils.trainer -   F_score: 0.73438
07/27/2026 23:41:39 - INFO - utils.trainer -   Specificity: 0.00000
07/27/2026 23:41:39 - INFO - utils.trainer -   Sensitivity: 0.00000
07/27/2026 23:41:39 - INFO - utils.trainer -   ***** Running evaluation on test dataset *****
07/27/2026 23:41:40 - INFO - utils.trainer -   Loss: 1.08825
07/27/2026 23:41:40 - INFO - utils.trainer -   AUC: 0.74967
07/27/2026 23:41:40 - INFO - utils.trainer -   Accuracy: 0.67632
07/27/2026 23:41:40 - INFO - utils.trainer -   Precision: 0.69676
07/27/2026 23:41:40 - INFO - utils.trainer -   Recall: 0.76235
07/27/2026 23:41:40 - INFO - utils.trainer -   F_score: 0.72808
07/27/2026 23:41:40 - INFO - utils.trainer -   Specificity: 0.00000
07/27/2026 23:41:40 - INFO - utils.trainer -   Sensitivity: 0.00000
07/27/2026 23:41:40 - INFO - utils.trainer -   Epoch: 34, Loss: 0.17151, Val loss: 0.92131, Test loss: 1.08825, Val Acc: 0.7049, Best val Accuracy: 0.7075, No improve: 2/20, Time: 3.9s
07/27/2026 23:41:44 - INFO - utils.trainer -   ***** Running evaluation on val dataset *****
07/27/2026 23:41:46 - INFO - utils.trainer -   Loss: 1.06486
07/27/2026 23:41:46 - INFO - utils.trainer -   AUC: 0.77134
07/27/2026 23:41:46 - INFO - utils.trainer -   Accuracy: 0.69184
07/27/2026 23:41:46 - INFO - utils.trainer -   Precision: 0.70662
07/27/2026 23:41:46 - INFO - utils.trainer -   Recall: 0.72609
07/27/2026 23:41:46 - INFO - utils.trainer -   F_score: 0.71623
07/27/2026 23:41:46 - INFO - utils.trainer -   Specificity: 0.00000
07/27/2026 23:41:46 - INFO - utils.trainer -   Sensitivity: 0.00000
07/27/2026 23:41:46 - INFO - utils.trainer -   ***** Running evaluation on test dataset *****
07/27/2026 23:41:47 - INFO - utils.trainer -   Loss: 1.04844
07/27/2026 23:41:47 - INFO - utils.trainer -   AUC: 0.76286
07/27/2026 23:41:47 - INFO - utils.trainer -   Accuracy: 0.68509
07/27/2026 23:41:47 - INFO - utils.trainer -   Precision: 0.71407
07/27/2026 23:41:47 - INFO - utils.trainer -   Recall: 0.74383
07/27/2026 23:41:47 - INFO - utils.trainer -   F_score: 0.72865
07/27/2026 23:41:47 - INFO - utils.trainer -   Specificity: 0.00000
07/27/2026 23:41:47 - INFO - utils.trainer -   Sensitivity: 0.00000
07/27/2026 23:41:47 - INFO - utils.trainer -   Epoch: 35, Loss: 0.15836, Val loss: 1.06486, Test loss: 1.04844, Val Acc: 0.6918, Best val Accuracy: 0.7075, No improve: 3/20, Time: 4.2s
07/27/2026 23:41:51 - INFO - utils.trainer -   ***** Running evaluation on val dataset *****
07/27/2026 23:41:53 - INFO - utils.trainer -   Loss: 1.03767
07/27/2026 23:41:53 - INFO - utils.trainer -   AUC: 0.79314
07/27/2026 23:41:53 - INFO - utils.trainer -   Accuracy: 0.70139
07/27/2026 23:41:53 - INFO - utils.trainer -   Precision: 0.68673
07/27/2026 23:41:53 - INFO - utils.trainer -   Recall: 0.81361
07/27/2026 23:41:53 - INFO - utils.trainer -   F_score: 0.74481
07/27/2026 23:41:53 - INFO - utils.trainer -   Specificity: 0.00000
07/27/2026 23:41:53 - INFO - utils.trainer -   Sensitivity: 0.00000
07/27/2026 23:41:53 - INFO - utils.trainer -   ***** Running evaluation on test dataset *****
07/27/2026 23:41:54 - INFO - utils.trainer -   Loss: 1.12627
07/27/2026 23:41:54 - INFO - utils.trainer -   AUC: 0.76334
07/27/2026 23:41:54 - INFO - utils.trainer -   Accuracy: 0.68070
07/27/2026 23:41:54 - INFO - utils.trainer -   Precision: 0.68933
07/27/2026 23:41:54 - INFO - utils.trainer -   Recall: 0.79784
07/27/2026 23:41:54 - INFO - utils.trainer -   F_score: 0.73963
07/27/2026 23:41:54 - INFO - utils.trainer -   Specificity: 0.00000
07/27/2026 23:41:54 - INFO - utils.trainer -   Sensitivity: 0.00000
07/27/2026 23:41:54 - INFO - utils.trainer -   Epoch: 36, Loss: 0.16734, Val loss: 1.03767, Test loss: 1.12627, Val Acc: 0.7014, Best val Accuracy: 0.7075, No improve: 4/20, Time: 3.8s
07/27/2026 23:41:58 - INFO - utils.trainer -   ***** Running evaluation on val dataset *****
07/27/2026 23:42:00 - INFO - utils.trainer -   Loss: 1.12680
07/27/2026 23:42:00 - INFO - utils.trainer -   AUC: 0.78219
07/27/2026 23:42:00 - INFO - utils.trainer -   Accuracy: 0.71615
07/27/2026 23:42:00 - INFO - utils.trainer -   Precision: 0.76654
07/27/2026 23:42:00 - INFO - utils.trainer -   Recall: 0.67585
07/27/2026 23:42:00 - INFO - utils.trainer -   F_score: 0.71835
07/27/2026 23:42:00 - INFO - utils.trainer -   Specificity: 0.00000
07/27/2026 23:42:00 - INFO - utils.trainer -   Sensitivity: 0.00000
07/27/2026 23:42:00 - INFO - utils.trainer -   ***** Running evaluation on test dataset *****
07/27/2026 23:42:01 - INFO - utils.trainer -   Loss: 1.14860
07/27/2026 23:42:01 - INFO - utils.trainer -   AUC: 0.76882
07/27/2026 23:42:01 - INFO - utils.trainer -   Accuracy: 0.68070
07/27/2026 23:42:01 - INFO - utils.trainer -   Precision: 0.74399
07/27/2026 23:42:01 - INFO - utils.trainer -   Recall: 0.66821
07/27/2026 23:42:01 - INFO - utils.trainer -   F_score: 0.70407
07/27/2026 23:42:01 - INFO - utils.trainer -   Specificity: 0.00000
07/27/2026 23:42:01 - INFO - utils.trainer -   Sensitivity: 0.00000
07/27/2026 23:42:01 - INFO - utils.trainer -   Model saved to output_dir/BrainNetCNN
07/27/2026 23:42:01 - INFO - utils.trainer -   Best model saved (val_Accuracy=0.7161, test_acc=0.6807)
07/27/2026 23:42:01 - INFO - utils.trainer -   Epoch: 37, Loss: 0.16742, Val loss: 1.12680, Test loss: 1.14860, Val Acc: 0.7161, Best val Accuracy: 0.7161, No improve: 0/20, Time: 4.0s
07/27/2026 23:42:05 - INFO - utils.trainer -   ***** Running evaluation on val dataset *****
07/27/2026 23:42:07 - INFO - utils.trainer -   Loss: 1.43902
07/27/2026 23:42:07 - INFO - utils.trainer -   AUC: 0.77003
07/27/2026 23:42:07 - INFO - utils.trainer -   Accuracy: 0.66146
07/27/2026 23:42:07 - INFO - utils.trainer -   Precision: 0.62682
07/27/2026 23:42:07 - INFO - utils.trainer -   Recall: 0.90924
07/27/2026 23:42:07 - INFO - utils.trainer -   F_score: 0.74206
07/27/2026 23:42:07 - INFO - utils.trainer -   Specificity: 0.00000
07/27/2026 23:42:07 - INFO - utils.trainer -   Sensitivity: 0.00000
07/27/2026 23:42:07 - INFO - utils.trainer -   ***** Running evaluation on test dataset *****
07/27/2026 23:42:09 - INFO - utils.trainer -   Loss: 1.41427
07/27/2026 23:42:09 - INFO - utils.trainer -   AUC: 0.76834
07/27/2026 23:42:09 - INFO - utils.trainer -   Accuracy: 0.65000
07/27/2026 23:42:09 - INFO - utils.trainer -   Precision: 0.63849
07/27/2026 23:42:09 - INFO - utils.trainer -   Recall: 0.88580
07/27/2026 23:42:09 - INFO - utils.trainer -   F_score: 0.74208
07/27/2026 23:42:09 - INFO - utils.trainer -   Specificity: 0.00000
07/27/2026 23:42:09 - INFO - utils.trainer -   Sensitivity: 0.00000
07/27/2026 23:42:09 - INFO - utils.trainer -   Epoch: 38, Loss: 0.11326, Val loss: 1.43902, Test loss: 1.41427, Val Acc: 0.6615, Best val Accuracy: 0.7161, No improve: 1/20, Time: 4.1s
07/27/2026 23:42:13 - INFO - utils.trainer -   ***** Running evaluation on val dataset *****
07/27/2026 23:42:15 - INFO - utils.trainer -   Loss: 1.22111
07/27/2026 23:42:15 - INFO - utils.trainer -   AUC: 0.80048
07/27/2026 23:42:15 - INFO - utils.trainer -   Accuracy: 0.69618
07/27/2026 23:42:15 - INFO - utils.trainer -   Precision: 0.66835
07/27/2026 23:42:15 - INFO - utils.trainer -   Recall: 0.85900
07/27/2026 23:42:15 - INFO - utils.trainer -   F_score: 0.75177
07/27/2026 23:42:15 - INFO - utils.trainer -   Specificity: 0.00000
07/27/2026 23:42:15 - INFO - utils.trainer -   Sensitivity: 0.00000
07/27/2026 23:42:15 - INFO - utils.trainer -   ***** Running evaluation on test dataset *****
07/27/2026 23:42:16 - INFO - utils.trainer -   Loss: 1.38046
07/27/2026 23:42:16 - INFO - utils.trainer -   AUC: 0.75984
07/27/2026 23:42:16 - INFO - utils.trainer -   Accuracy: 0.67982
07/27/2026 23:42:16 - INFO - utils.trainer -   Precision: 0.67621
07/27/2026 23:42:16 - INFO - utils.trainer -   Recall: 0.83796
07/27/2026 23:42:16 - INFO - utils.trainer -   F_score: 0.74845
07/27/2026 23:42:16 - INFO - utils.trainer -   Specificity: 0.00000
07/27/2026 23:42:16 - INFO - utils.trainer -   Sensitivity: 0.00000
07/27/2026 23:42:16 - INFO - utils.trainer -   Epoch: 39, Loss: 0.11874, Val loss: 1.22111, Test loss: 1.38046, Val Acc: 0.6962, Best val Accuracy: 0.7161, No improve: 2/20, Time: 4.5s
07/27/2026 23:42:20 - INFO - utils.trainer -   ***** Running evaluation on val dataset *****
07/27/2026 23:42:21 - INFO - utils.trainer -   Loss: 1.68803
07/27/2026 23:42:21 - INFO - utils.trainer -   AUC: 0.77138
07/27/2026 23:42:21 - INFO - utils.trainer -   Accuracy: 0.69531
07/27/2026 23:42:21 - INFO - utils.trainer -   Precision: 0.80930
07/27/2026 23:42:21 - INFO - utils.trainer -   Recall: 0.56402
07/27/2026 23:42:21 - INFO - utils.trainer -   F_score: 0.66476
07/27/2026 23:42:21 - INFO - utils.trainer -   Specificity: 0.00000
07/27/2026 23:42:21 - INFO - utils.trainer -   Sensitivity: 0.00000
07/27/2026 23:42:21 - INFO - utils.trainer -   ***** Running evaluation on test dataset *****
07/27/2026 23:42:23 - INFO - utils.trainer -   Loss: 1.65828
07/27/2026 23:42:23 - INFO - utils.trainer -   AUC: 0.75660
07/27/2026 23:42:23 - INFO - utils.trainer -   Accuracy: 0.67895
07/27/2026 23:42:23 - INFO - utils.trainer -   Precision: 0.80388
07/27/2026 23:42:23 - INFO - utils.trainer -   Recall: 0.57562
07/27/2026 23:42:23 - INFO - utils.trainer -   F_score: 0.67086
07/27/2026 23:42:23 - INFO - utils.trainer -   Specificity: 0.00000
07/27/2026 23:42:23 - INFO - utils.trainer -   Sensitivity: 0.00000
07/27/2026 23:42:23 - INFO - utils.trainer -   Epoch: 40, Loss: 0.11149, Val loss: 1.68803, Test loss: 1.65828, Val Acc: 0.6953, Best val Accuracy: 0.7161, No improve: 3/20, Time: 3.4s
07/27/2026 23:42:27 - INFO - utils.trainer -   ***** Running evaluation on val dataset *****
07/27/2026 23:42:28 - INFO - utils.trainer -   Loss: 1.48234
07/27/2026 23:42:28 - INFO - utils.trainer -   AUC: 0.78584
07/27/2026 23:42:28 - INFO - utils.trainer -   Accuracy: 0.71441
07/27/2026 23:42:28 - INFO - utils.trainer -   Precision: 0.78016
07/27/2026 23:42:28 - INFO - utils.trainer -   Recall: 0.64992
07/27/2026 23:42:28 - INFO - utils.trainer -   F_score: 0.70911
07/27/2026 23:42:28 - INFO - utils.trainer -   Specificity: 0.00000
07/27/2026 23:42:28 - INFO - utils.trainer -   Sensitivity: 0.00000
07/27/2026 23:42:28 - INFO - utils.trainer -   ***** Running evaluation on test dataset *****
07/27/2026 23:42:30 - INFO - utils.trainer -   Loss: 1.58759
07/27/2026 23:42:30 - INFO - utils.trainer -   AUC: 0.76504
07/27/2026 23:42:30 - INFO - utils.trainer -   Accuracy: 0.69649
07/27/2026 23:42:30 - INFO - utils.trainer -   Precision: 0.77355
07/27/2026 23:42:30 - INFO - utils.trainer -   Recall: 0.65895
07/27/2026 23:42:30 - INFO - utils.trainer -   F_score: 0.71167
07/27/2026 23:42:30 - INFO - utils.trainer -   Specificity: 0.00000
07/27/2026 23:42:30 - INFO - utils.trainer -   Sensitivity: 0.00000
07/27/2026 23:42:30 - INFO - utils.trainer -   Epoch: 41, Loss: 0.09862, Val loss: 1.48234, Test loss: 1.58759, Val Acc: 0.7144, Best val Accuracy: 0.7161, No improve: 4/20, Time: 4.0s
07/27/2026 23:42:34 - INFO - utils.trainer -   ***** Running evaluation on val dataset *****
07/27/2026 23:42:35 - INFO - utils.trainer -   Loss: 1.38741
07/27/2026 23:42:35 - INFO - utils.trainer -   AUC: 0.78301
07/27/2026 23:42:35 - INFO - utils.trainer -   Accuracy: 0.71962
07/27/2026 23:42:35 - INFO - utils.trainer -   Precision: 0.73786
07/27/2026 23:42:35 - INFO - utils.trainer -   Recall: 0.73906
07/27/2026 23:42:35 - INFO - utils.trainer -   F_score: 0.73846
07/27/2026 23:42:35 - INFO - utils.trainer -   Specificity: 0.00000
07/27/2026 23:42:35 - INFO - utils.trainer -   Sensitivity: 0.00000
07/27/2026 23:42:35 - INFO - utils.trainer -   ***** Running evaluation on test dataset *****
07/27/2026 23:42:37 - INFO - utils.trainer -   Loss: 1.57611
07/27/2026 23:42:37 - INFO - utils.trainer -   AUC: 0.75547
07/27/2026 23:42:37 - INFO - utils.trainer -   Accuracy: 0.68421
07/27/2026 23:42:37 - INFO - utils.trainer -   Precision: 0.73377
07/27/2026 23:42:37 - INFO - utils.trainer -   Recall: 0.69753
07/27/2026 23:42:37 - INFO - utils.trainer -   F_score: 0.71519
07/27/2026 23:42:37 - INFO - utils.trainer -   Specificity: 0.00000
07/27/2026 23:42:37 - INFO - utils.trainer -   Sensitivity: 0.00000
07/27/2026 23:42:37 - INFO - utils.trainer -   Model saved to output_dir/BrainNetCNN
07/27/2026 23:42:37 - INFO - utils.trainer -   Best model saved (val_Accuracy=0.7196, test_acc=0.6842)
07/27/2026 23:42:37 - INFO - utils.trainer -   Epoch: 42, Loss: 0.08056, Val loss: 1.38741, Test loss: 1.57611, Val Acc: 0.7196, Best val Accuracy: 0.7196, No improve: 0/20, Time: 3.8s
07/27/2026 23:42:41 - INFO - utils.trainer -   ***** Running evaluation on val dataset *****
07/27/2026 23:42:42 - INFO - utils.trainer -   Loss: 1.59160
07/27/2026 23:42:42 - INFO - utils.trainer -   AUC: 0.76873
07/27/2026 23:42:42 - INFO - utils.trainer -   Accuracy: 0.69618
07/27/2026 23:42:42 - INFO - utils.trainer -   Precision: 0.67968
07/27/2026 23:42:42 - INFO - utils.trainer -   Recall: 0.81848
07/27/2026 23:42:42 - INFO - utils.trainer -   F_score: 0.74265
07/27/2026 23:42:42 - INFO - utils.trainer -   Specificity: 0.00000
07/27/2026 23:42:42 - INFO - utils.trainer -   Sensitivity: 0.00000
07/27/2026 23:42:42 - INFO - utils.trainer -   ***** Running evaluation on test dataset *****
07/27/2026 23:42:44 - INFO - utils.trainer -   Loss: 1.54938
07/27/2026 23:42:44 - INFO - utils.trainer -   AUC: 0.76536
07/27/2026 23:42:44 - INFO - utils.trainer -   Accuracy: 0.67895
07/27/2026 23:42:44 - INFO - utils.trainer -   Precision: 0.69262
07/27/2026 23:42:44 - INFO - utils.trainer -   Recall: 0.78241
07/27/2026 23:42:44 - INFO - utils.trainer -   F_score: 0.73478
07/27/2026 23:42:44 - INFO - utils.trainer -   Specificity: 0.00000
07/27/2026 23:42:44 - INFO - utils.trainer -   Sensitivity: 0.00000
07/27/2026 23:42:44 - INFO - utils.trainer -   Epoch: 43, Loss: 0.07280, Val loss: 1.59160, Test loss: 1.54938, Val Acc: 0.6962, Best val Accuracy: 0.7196, No improve: 1/20, Time: 4.0s
07/27/2026 23:42:48 - INFO - utils.trainer -   ***** Running evaluation on val dataset *****
07/27/2026 23:42:50 - INFO - utils.trainer -   Loss: 1.64819
07/27/2026 23:42:50 - INFO - utils.trainer -   AUC: 0.77485
07/27/2026 23:42:50 - INFO - utils.trainer -   Accuracy: 0.69965
07/27/2026 23:42:50 - INFO - utils.trainer -   Precision: 0.69839
07/27/2026 23:42:50 - INFO - utils.trainer -   Recall: 0.77310
07/27/2026 23:42:50 - INFO - utils.trainer -   F_score: 0.73385
07/27/2026 23:42:50 - INFO - utils.trainer -   Specificity: 0.00000
07/27/2026 23:42:50 - INFO - utils.trainer -   Sensitivity: 0.00000
07/27/2026 23:42:50 - INFO - utils.trainer -   ***** Running evaluation on test dataset *****
07/27/2026 23:42:51 - INFO - utils.trainer -   Loss: 1.74804
07/27/2026 23:42:51 - INFO - utils.trainer -   AUC: 0.75236
07/27/2026 23:42:51 - INFO - utils.trainer -   Accuracy: 0.68509
07/27/2026 23:42:51 - INFO - utils.trainer -   Precision: 0.70210
07/27/2026 23:42:51 - INFO - utils.trainer -   Recall: 0.77469
07/27/2026 23:42:51 - INFO - utils.trainer -   F_score: 0.73661
07/27/2026 23:42:51 - INFO - utils.trainer -   Specificity: 0.00000
07/27/2026 23:42:51 - INFO - utils.trainer -   Sensitivity: 0.00000
07/27/2026 23:42:51 - INFO - utils.trainer -   Epoch: 44, Loss: 0.08335, Val loss: 1.64819, Test loss: 1.74804, Val Acc: 0.6997, Best val Accuracy: 0.7196, No improve: 2/20, Time: 4.1s
07/27/2026 23:42:55 - INFO - utils.trainer -   ***** Running evaluation on val dataset *****
07/27/2026 23:42:57 - INFO - utils.trainer -   Loss: 1.56132
07/27/2026 23:42:57 - INFO - utils.trainer -   AUC: 0.78870
07/27/2026 23:42:57 - INFO - utils.trainer -   Accuracy: 0.72917
07/27/2026 23:42:57 - INFO - utils.trainer -   Precision: 0.75804
07/27/2026 23:42:57 - INFO - utils.trainer -   Recall: 0.72609
07/27/2026 23:42:57 - INFO - utils.trainer -   F_score: 0.74172
07/27/2026 23:42:57 - INFO - utils.trainer -   Specificity: 0.00000
07/27/2026 23:42:57 - INFO - utils.trainer -   Sensitivity: 0.00000
07/27/2026 23:42:57 - INFO - utils.trainer -   ***** Running evaluation on test dataset *****
07/27/2026 23:42:58 - INFO - utils.trainer -   Loss: 1.84108
07/27/2026 23:42:58 - INFO - utils.trainer -   AUC: 0.76449
07/27/2026 23:42:58 - INFO - utils.trainer -   Accuracy: 0.69825
07/27/2026 23:42:58 - INFO - utils.trainer -   Precision: 0.75850
07/27/2026 23:42:58 - INFO - utils.trainer -   Recall: 0.68827
07/27/2026 23:42:58 - INFO - utils.trainer -   F_score: 0.72168
07/27/2026 23:42:58 - INFO - utils.trainer -   Specificity: 0.00000
07/27/2026 23:42:58 - INFO - utils.trainer -   Sensitivity: 0.00000
07/27/2026 23:42:58 - INFO - utils.trainer -   Model saved to output_dir/BrainNetCNN
07/27/2026 23:42:58 - INFO - utils.trainer -   Best model saved (val_Accuracy=0.7292, test_acc=0.6982)
07/27/2026 23:42:58 - INFO - utils.trainer -   Epoch: 45, Loss: 0.07716, Val loss: 1.56132, Test loss: 1.84108, Val Acc: 0.7292, Best val Accuracy: 0.7292, No improve: 0/20, Time: 3.7s
07/27/2026 23:43:03 - INFO - utils.trainer -   ***** Running evaluation on val dataset *****
07/27/2026 23:43:05 - INFO - utils.trainer -   Loss: 1.61638
07/27/2026 23:43:05 - INFO - utils.trainer -   AUC: 0.78477
07/27/2026 23:43:05 - INFO - utils.trainer -   Accuracy: 0.71528
07/27/2026 23:43:05 - INFO - utils.trainer -   Precision: 0.71033
07/27/2026 23:43:05 - INFO - utils.trainer -   Recall: 0.79092
07/27/2026 23:43:05 - INFO - utils.trainer -   F_score: 0.74847
07/27/2026 23:43:05 - INFO - utils.trainer -   Specificity: 0.00000
07/27/2026 23:43:05 - INFO - utils.trainer -   Sensitivity: 0.00000
07/27/2026 23:43:05 - INFO - utils.trainer -   ***** Running evaluation on test dataset *****
07/27/2026 23:43:06 - INFO - utils.trainer -   Loss: 1.72069
07/27/2026 23:43:06 - INFO - utils.trainer -   AUC: 0.75250
07/27/2026 23:43:06 - INFO - utils.trainer -   Accuracy: 0.67193
07/27/2026 23:43:06 - INFO - utils.trainer -   Precision: 0.69971
07/27/2026 23:43:06 - INFO - utils.trainer -   Recall: 0.74074
07/27/2026 23:43:06 - INFO - utils.trainer -   F_score: 0.71964
07/27/2026 23:43:06 - INFO - utils.trainer -   Specificity: 0.00000
07/27/2026 23:43:06 - INFO - utils.trainer -   Sensitivity: 0.00000
07/27/2026 23:43:06 - INFO - utils.trainer -   Epoch: 46, Loss: 0.08025, Val loss: 1.61638, Test loss: 1.72069, Val Acc: 0.7153, Best val Accuracy: 0.7292, No improve: 1/20, Time: 4.8s
07/27/2026 23:43:10 - INFO - utils.trainer -   ***** Running evaluation on val dataset *****
07/27/2026 23:43:12 - INFO - utils.trainer -   Loss: 1.55515
07/27/2026 23:43:12 - INFO - utils.trainer -   AUC: 0.78110
07/27/2026 23:43:12 - INFO - utils.trainer -   Accuracy: 0.70486
07/27/2026 23:43:12 - INFO - utils.trainer -   Precision: 0.70641
07/27/2026 23:43:12 - INFO - utils.trainer -   Recall: 0.76823
07/27/2026 23:43:12 - INFO - utils.trainer -   F_score: 0.73602
07/27/2026 23:43:12 - INFO - utils.trainer -   Specificity: 0.00000
07/27/2026 23:43:12 - INFO - utils.trainer -   Sensitivity: 0.00000
07/27/2026 23:43:12 - INFO - utils.trainer -   ***** Running evaluation on test dataset *****
07/27/2026 23:43:13 - INFO - utils.trainer -   Loss: 1.79324
07/27/2026 23:43:13 - INFO - utils.trainer -   AUC: 0.75314
07/27/2026 23:43:13 - INFO - utils.trainer -   Accuracy: 0.68509
07/27/2026 23:43:13 - INFO - utils.trainer -   Precision: 0.70672
07/27/2026 23:43:13 - INFO - utils.trainer -   Recall: 0.76235
07/27/2026 23:43:13 - INFO - utils.trainer -   F_score: 0.73348
07/27/2026 23:43:13 - INFO - utils.trainer -   Specificity: 0.00000
07/27/2026 23:43:13 - INFO - utils.trainer -   Sensitivity: 0.00000
07/27/2026 23:43:13 - INFO - utils.trainer -   Epoch: 47, Loss: 0.08553, Val loss: 1.55515, Test loss: 1.79324, Val Acc: 0.7049, Best val Accuracy: 0.7292, No improve: 2/20, Time: 4.1s
07/27/2026 23:43:17 - INFO - utils.trainer -   ***** Running evaluation on val dataset *****
07/27/2026 23:43:19 - INFO - utils.trainer -   Loss: 1.72021
07/27/2026 23:43:19 - INFO - utils.trainer -   AUC: 0.76377
07/27/2026 23:43:19 - INFO - utils.trainer -   Accuracy: 0.68403
07/27/2026 23:43:19 - INFO - utils.trainer -   Precision: 0.68467
07/27/2026 23:43:19 - INFO - utils.trainer -   Recall: 0.76013
07/27/2026 23:43:19 - INFO - utils.trainer -   F_score: 0.72043
07/27/2026 23:43:19 - INFO - utils.trainer -   Specificity: 0.00000
07/27/2026 23:43:19 - INFO - utils.trainer -   Sensitivity: 0.00000
07/27/2026 23:43:19 - INFO - utils.trainer -   ***** Running evaluation on test dataset *****
07/27/2026 23:43:20 - INFO - utils.trainer -   Loss: 1.81981
07/27/2026 23:43:20 - INFO - utils.trainer -   AUC: 0.75294
07/27/2026 23:43:20 - INFO - utils.trainer -   Accuracy: 0.67544
07/27/2026 23:43:20 - INFO - utils.trainer -   Precision: 0.70087
07/27/2026 23:43:20 - INFO - utils.trainer -   Recall: 0.74846
07/27/2026 23:43:20 - INFO - utils.trainer -   F_score: 0.72388
07/27/2026 23:43:20 - INFO - utils.trainer -   Specificity: 0.00000
07/27/2026 23:43:20 - INFO - utils.trainer -   Sensitivity: 0.00000
07/27/2026 23:43:20 - INFO - utils.trainer -   Epoch: 48, Loss: 0.06356, Val loss: 1.72021, Test loss: 1.81981, Val Acc: 0.6840, Best val Accuracy: 0.7292, No improve: 3/20, Time: 3.7s
07/27/2026 23:43:24 - INFO - utils.trainer -   ***** Running evaluation on val dataset *****
07/27/2026 23:43:26 - INFO - utils.trainer -   Loss: 1.93309
07/27/2026 23:43:26 - INFO - utils.trainer -   AUC: 0.77253
07/27/2026 23:43:26 - INFO - utils.trainer -   Accuracy: 0.70660
07/27/2026 23:43:26 - INFO - utils.trainer -   Precision: 0.71628
07/27/2026 23:43:26 - INFO - utils.trainer -   Recall: 0.74878
07/27/2026 23:43:26 - INFO - utils.trainer -   F_score: 0.73217
07/27/2026 23:43:26 - INFO - utils.trainer -   Specificity: 0.00000
07/27/2026 23:43:26 - INFO - utils.trainer -   Sensitivity: 0.00000
07/27/2026 23:43:26 - INFO - utils.trainer -   ***** Running evaluation on test dataset *****
07/27/2026 23:43:27 - INFO - utils.trainer -   Loss: 1.93568
07/27/2026 23:43:27 - INFO - utils.trainer -   AUC: 0.75845
07/27/2026 23:43:27 - INFO - utils.trainer -   Accuracy: 0.68509
07/27/2026 23:43:27 - INFO - utils.trainer -   Precision: 0.71157
07/27/2026 23:43:27 - INFO - utils.trainer -   Recall: 0.75000
07/27/2026 23:43:27 - INFO - utils.trainer -   F_score: 0.73028
07/27/2026 23:43:27 - INFO - utils.trainer -   Specificity: 0.00000
07/27/2026 23:43:27 - INFO - utils.trainer -   Sensitivity: 0.00000
07/27/2026 23:43:27 - INFO - utils.trainer -   Epoch: 49, Loss: 0.05078, Val loss: 1.93309, Test loss: 1.93568, Val Acc: 0.7066, Best val Accuracy: 0.7292, No improve: 4/20, Time: 3.8s
07/27/2026 23:43:31 - INFO - utils.trainer -   ***** Running evaluation on val dataset *****
07/27/2026 23:43:33 - INFO - utils.trainer -   Loss: 1.72255
07/27/2026 23:43:33 - INFO - utils.trainer -   AUC: 0.78430
07/27/2026 23:43:33 - INFO - utils.trainer -   Accuracy: 0.71181
07/27/2026 23:43:33 - INFO - utils.trainer -   Precision: 0.72800
07/27/2026 23:43:33 - INFO - utils.trainer -   Recall: 0.73744
07/27/2026 23:43:33 - INFO - utils.trainer -   F_score: 0.73269
07/27/2026 23:43:33 - INFO - utils.trainer -   Specificity: 0.00000
07/27/2026 23:43:33 - INFO - utils.trainer -   Sensitivity: 0.00000
07/27/2026 23:43:33 - INFO - utils.trainer -   ***** Running evaluation on test dataset *****
07/27/2026 23:43:34 - INFO - utils.trainer -   Loss: 1.85349
07/27/2026 23:43:34 - INFO - utils.trainer -   AUC: 0.76275
07/27/2026 23:43:34 - INFO - utils.trainer -   Accuracy: 0.68070
07/27/2026 23:43:34 - INFO - utils.trainer -   Precision: 0.71846
07/27/2026 23:43:34 - INFO - utils.trainer -   Recall: 0.72068
07/27/2026 23:43:34 - INFO - utils.trainer -   F_score: 0.71957
07/27/2026 23:43:34 - INFO - utils.trainer -   Specificity: 0.00000
07/27/2026 23:43:34 - INFO - utils.trainer -   Sensitivity: 0.00000
07/27/2026 23:43:34 - INFO - utils.trainer -   Epoch: 50, Loss: 0.06868, Val loss: 1.72255, Test loss: 1.85349, Val Acc: 0.7118, Best val Accuracy: 0.7292, No improve: 5/20, Time: 4.1s
07/27/2026 23:43:38 - INFO - utils.trainer -   ***** Running evaluation on val dataset *****
07/27/2026 23:43:40 - INFO - utils.trainer -   Loss: 1.72613
07/27/2026 23:43:40 - INFO - utils.trainer -   AUC: 0.77787
07/27/2026 23:43:40 - INFO - utils.trainer -   Accuracy: 0.70486
07/27/2026 23:43:40 - INFO - utils.trainer -   Precision: 0.71145
07/27/2026 23:43:40 - INFO - utils.trainer -   Recall: 0.75527
07/27/2026 23:43:40 - INFO - utils.trainer -   F_score: 0.73270
07/27/2026 23:43:40 - INFO - utils.trainer -   Specificity: 0.00000
07/27/2026 23:43:40 - INFO - utils.trainer -   Sensitivity: 0.00000
07/27/2026 23:43:40 - INFO - utils.trainer -   ***** Running evaluation on test dataset *****
07/27/2026 23:43:41 - INFO - utils.trainer -   Loss: 2.00842
07/27/2026 23:43:41 - INFO - utils.trainer -   AUC: 0.75980
07/27/2026 23:43:41 - INFO - utils.trainer -   Accuracy: 0.68947
07/27/2026 23:43:41 - INFO - utils.trainer -   Precision: 0.71554
07/27/2026 23:43:41 - INFO - utils.trainer -   Recall: 0.75309
07/27/2026 23:43:41 - INFO - utils.trainer -   F_score: 0.73383
07/27/2026 23:43:41 - INFO - utils.trainer -   Specificity: 0.00000
07/27/2026 23:43:41 - INFO - utils.trainer -   Sensitivity: 0.00000
07/27/2026 23:43:41 - INFO - utils.trainer -   Epoch: 51, Loss: 0.04298, Val loss: 1.72613, Test loss: 2.00842, Val Acc: 0.7049, Best val Accuracy: 0.7292, No improve: 6/20, Time: 3.7s
07/27/2026 23:43:45 - INFO - utils.trainer -   ***** Running evaluation on val dataset *****
07/27/2026 23:43:47 - INFO - utils.trainer -   Loss: 1.85439
07/27/2026 23:43:47 - INFO - utils.trainer -   AUC: 0.77518
07/27/2026 23:43:47 - INFO - utils.trainer -   Accuracy: 0.71615
07/27/2026 23:43:47 - INFO - utils.trainer -   Precision: 0.74493
07/27/2026 23:43:47 - INFO - utils.trainer -   Recall: 0.71475
07/27/2026 23:43:47 - INFO - utils.trainer -   F_score: 0.72953
07/27/2026 23:43:47 - INFO - utils.trainer -   Specificity: 0.00000
07/27/2026 23:43:47 - INFO - utils.trainer -   Sensitivity: 0.00000
07/27/2026 23:43:47 - INFO - utils.trainer -   ***** Running evaluation on test dataset *****
07/27/2026 23:43:48 - INFO - utils.trainer -   Loss: 2.16497
07/27/2026 23:43:48 - INFO - utils.trainer -   AUC: 0.74820
07/27/2026 23:43:48 - INFO - utils.trainer -   Accuracy: 0.67018
07/27/2026 23:43:48 - INFO - utils.trainer -   Precision: 0.71519
07/27/2026 23:43:48 - INFO - utils.trainer -   Recall: 0.69753
07/27/2026 23:43:48 - INFO - utils.trainer -   F_score: 0.70625
07/27/2026 23:43:48 - INFO - utils.trainer -   Specificity: 0.00000
07/27/2026 23:43:48 - INFO - utils.trainer -   Sensitivity: 0.00000
07/27/2026 23:43:48 - INFO - utils.trainer -   Epoch: 52, Loss: 0.05059, Val loss: 1.85439, Test loss: 2.16497, Val Acc: 0.7161, Best val Accuracy: 0.7292, No improve: 7/20, Time: 3.9s
07/27/2026 23:43:52 - INFO - utils.trainer -   ***** Running evaluation on val dataset *****
07/27/2026 23:43:54 - INFO - utils.trainer -   Loss: 2.04652
07/27/2026 23:43:54 - INFO - utils.trainer -   AUC: 0.76659
07/27/2026 23:43:54 - INFO - utils.trainer -   Accuracy: 0.69271
07/27/2026 23:43:54 - INFO - utils.trainer -   Precision: 0.71176
07/27/2026 23:43:54 - INFO - utils.trainer -   Recall: 0.71637
07/27/2026 23:43:54 - INFO - utils.trainer -   F_score: 0.71405
07/27/2026 23:43:54 - INFO - utils.trainer -   Specificity: 0.00000
07/27/2026 23:43:54 - INFO - utils.trainer -   Sensitivity: 0.00000
07/27/2026 23:43:54 - INFO - utils.trainer -   ***** Running evaluation on test dataset *****
07/27/2026 23:43:55 - INFO - utils.trainer -   Loss: 2.28293
07/27/2026 23:43:55 - INFO - utils.trainer -   AUC: 0.75068
07/27/2026 23:43:55 - INFO - utils.trainer -   Accuracy: 0.67632
07/27/2026 23:43:55 - INFO - utils.trainer -   Precision: 0.71104
07/27/2026 23:43:55 - INFO - utils.trainer -   Recall: 0.72531
07/27/2026 23:43:55 - INFO - utils.trainer -   F_score: 0.71811
07/27/2026 23:43:55 - INFO - utils.trainer -   Specificity: 0.00000
07/27/2026 23:43:55 - INFO - utils.trainer -   Sensitivity: 0.00000
07/27/2026 23:43:55 - INFO - utils.trainer -   Epoch: 53, Loss: 0.04133, Val loss: 2.04652, Test loss: 2.28293, Val Acc: 0.6927, Best val Accuracy: 0.7292, No improve: 8/20, Time: 3.8s
07/27/2026 23:43:59 - INFO - utils.trainer -   ***** Running evaluation on val dataset *****
07/27/2026 23:44:01 - INFO - utils.trainer -   Loss: 1.89253
07/27/2026 23:44:01 - INFO - utils.trainer -   AUC: 0.78152
07/27/2026 23:44:01 - INFO - utils.trainer -   Accuracy: 0.71267
07/27/2026 23:44:01 - INFO - utils.trainer -   Precision: 0.71601
07/27/2026 23:44:01 - INFO - utils.trainer -   Recall: 0.76823
07/27/2026 23:44:01 - INFO - utils.trainer -   F_score: 0.74120
07/27/2026 23:44:01 - INFO - utils.trainer -   Specificity: 0.00000
07/27/2026 23:44:01 - INFO - utils.trainer -   Sensitivity: 0.00000
07/27/2026 23:44:01 - INFO - utils.trainer -   ***** Running evaluation on test dataset *****
07/27/2026 23:44:03 - INFO - utils.trainer -   Loss: 2.10373
07/27/2026 23:44:03 - INFO - utils.trainer -   AUC: 0.76005
07/27/2026 23:44:03 - INFO - utils.trainer -   Accuracy: 0.67807
07/27/2026 23:44:03 - INFO - utils.trainer -   Precision: 0.70571
07/27/2026 23:44:03 - INFO - utils.trainer -   Recall: 0.74383
07/27/2026 23:44:03 - INFO - utils.trainer -   F_score: 0.72427
07/27/2026 23:44:03 - INFO - utils.trainer -   Specificity: 0.00000
07/27/2026 23:44:03 - INFO - utils.trainer -   Sensitivity: 0.00000
07/27/2026 23:44:03 - INFO - utils.trainer -   Epoch: 54, Loss: 0.03950, Val loss: 1.89253, Test loss: 2.10373, Val Acc: 0.7127, Best val Accuracy: 0.7292, No improve: 9/20, Time: 4.2s
07/27/2026 23:44:07 - INFO - utils.trainer -   ***** Running evaluation on val dataset *****
07/27/2026 23:44:08 - INFO - utils.trainer -   Loss: 2.21081
07/27/2026 23:44:08 - INFO - utils.trainer -   AUC: 0.77406
07/27/2026 23:44:08 - INFO - utils.trainer -   Accuracy: 0.71528
07/27/2026 23:44:08 - INFO - utils.trainer -   Precision: 0.75666
07/27/2026 23:44:08 - INFO - utils.trainer -   Recall: 0.69044
07/27/2026 23:44:08 - INFO - utils.trainer -   F_score: 0.72203
07/27/2026 23:44:08 - INFO - utils.trainer -   Specificity: 0.00000
07/27/2026 23:44:08 - INFO - utils.trainer -   Sensitivity: 0.00000
07/27/2026 23:44:08 - INFO - utils.trainer -   ***** Running evaluation on test dataset *****
07/27/2026 23:44:10 - INFO - utils.trainer -   Loss: 2.42828
07/27/2026 23:44:10 - INFO - utils.trainer -   AUC: 0.75133
07/27/2026 23:44:10 - INFO - utils.trainer -   Accuracy: 0.67193
07/27/2026 23:44:10 - INFO - utils.trainer -   Precision: 0.72682
07/27/2026 23:44:10 - INFO - utils.trainer -   Recall: 0.67747
07/27/2026 23:44:10 - INFO - utils.trainer -   F_score: 0.70128
07/27/2026 23:44:10 - INFO - utils.trainer -   Specificity: 0.00000
07/27/2026 23:44:10 - INFO - utils.trainer -   Sensitivity: 0.00000
07/27/2026 23:44:10 - INFO - utils.trainer -   Epoch: 55, Loss: 0.02688, Val loss: 2.21081, Test loss: 2.42828, Val Acc: 0.7153, Best val Accuracy: 0.7292, No improve: 10/20, Time: 3.8s
07/27/2026 23:44:14 - INFO - utils.trainer -   ***** Running evaluation on val dataset *****
07/27/2026 23:44:16 - INFO - utils.trainer -   Loss: 2.16202
07/27/2026 23:44:16 - INFO - utils.trainer -   AUC: 0.77609
07/27/2026 23:44:16 - INFO - utils.trainer -   Accuracy: 0.70660
07/27/2026 23:44:16 - INFO - utils.trainer -   Precision: 0.71104
07/27/2026 23:44:16 - INFO - utils.trainer -   Recall: 0.76175
07/27/2026 23:44:16 - INFO - utils.trainer -   F_score: 0.73552
07/27/2026 23:44:16 - INFO - utils.trainer -   Specificity: 0.00000
07/27/2026 23:44:16 - INFO - utils.trainer -   Sensitivity: 0.00000
07/27/2026 23:44:16 - INFO - utils.trainer -   ***** Running evaluation on test dataset *****
07/27/2026 23:44:17 - INFO - utils.trainer -   Loss: 2.19697
07/27/2026 23:44:17 - INFO - utils.trainer -   AUC: 0.76948
07/27/2026 23:44:17 - INFO - utils.trainer -   Accuracy: 0.69649
07/27/2026 23:44:17 - INFO - utils.trainer -   Precision: 0.71695
07/27/2026 23:44:17 - INFO - utils.trainer -   Recall: 0.77006
07/27/2026 23:44:17 - INFO - utils.trainer -   F_score: 0.74256
07/27/2026 23:44:17 - INFO - utils.trainer -   Specificity: 0.00000
07/27/2026 23:44:17 - INFO - utils.trainer -   Sensitivity: 0.00000
07/27/2026 23:44:17 - INFO - utils.trainer -   Epoch: 56, Loss: 0.03109, Val loss: 2.16202, Test loss: 2.19697, Val Acc: 0.7066, Best val Accuracy: 0.7292, No improve: 11/20, Time: 4.3s
07/27/2026 23:44:21 - INFO - utils.trainer -   ***** Running evaluation on val dataset *****
07/27/2026 23:44:23 - INFO - utils.trainer -   Loss: 2.03071
07/27/2026 23:44:23 - INFO - utils.trainer -   AUC: 0.77965
07/27/2026 23:44:23 - INFO - utils.trainer -   Accuracy: 0.70573
07/27/2026 23:44:23 - INFO - utils.trainer -   Precision: 0.70145
07/27/2026 23:44:23 - INFO - utils.trainer -   Recall: 0.78444
07/27/2026 23:44:23 - INFO - utils.trainer -   F_score: 0.74063
07/27/2026 23:44:23 - INFO - utils.trainer -   Specificity: 0.00000
07/27/2026 23:44:23 - INFO - utils.trainer -   Sensitivity: 0.00000
07/27/2026 23:44:23 - INFO - utils.trainer -   ***** Running evaluation on test dataset *****
07/27/2026 23:44:24 - INFO - utils.trainer -   Loss: 2.27815
07/27/2026 23:44:24 - INFO - utils.trainer -   AUC: 0.75669
07/27/2026 23:44:24 - INFO - utils.trainer -   Accuracy: 0.69123
07/27/2026 23:44:24 - INFO - utils.trainer -   Precision: 0.70787
07/27/2026 23:44:24 - INFO - utils.trainer -   Recall: 0.77778
07/27/2026 23:44:24 - INFO - utils.trainer -   F_score: 0.74118
07/27/2026 23:44:24 - INFO - utils.trainer -   Specificity: 0.00000
07/27/2026 23:44:24 - INFO - utils.trainer -   Sensitivity: 0.00000
07/27/2026 23:44:24 - INFO - utils.trainer -   Epoch: 57, Loss: 0.05109, Val loss: 2.03071, Test loss: 2.27815, Val Acc: 0.7057, Best val Accuracy: 0.7292, No improve: 12/20, Time: 3.8s
07/27/2026 23:44:28 - INFO - utils.trainer -   ***** Running evaluation on val dataset *****
07/27/2026 23:44:30 - INFO - utils.trainer -   Loss: 2.09490
07/27/2026 23:44:30 - INFO - utils.trainer -   AUC: 0.77811
07/27/2026 23:44:30 - INFO - utils.trainer -   Accuracy: 0.71441
07/27/2026 23:44:30 - INFO - utils.trainer -   Precision: 0.73762
07/27/2026 23:44:30 - INFO - utils.trainer -   Recall: 0.72447
07/27/2026 23:44:30 - INFO - utils.trainer -   F_score: 0.73099
07/27/2026 23:44:30 - INFO - utils.trainer -   Specificity: 0.00000
07/27/2026 23:44:30 - INFO - utils.trainer -   Sensitivity: 0.00000
07/27/2026 23:44:30 - INFO - utils.trainer -   ***** Running evaluation on test dataset *****
07/27/2026 23:44:31 - INFO - utils.trainer -   Loss: 2.25334
07/27/2026 23:44:31 - INFO - utils.trainer -   AUC: 0.75340
07/27/2026 23:44:31 - INFO - utils.trainer -   Accuracy: 0.67368
07/27/2026 23:44:31 - INFO - utils.trainer -   Precision: 0.70973
07/27/2026 23:44:31 - INFO - utils.trainer -   Recall: 0.72068
07/27/2026 23:44:31 - INFO - utils.trainer -   F_score: 0.71516
07/27/2026 23:44:31 - INFO - utils.trainer -   Specificity: 0.00000
07/27/2026 23:44:31 - INFO - utils.trainer -   Sensitivity: 0.00000
07/27/2026 23:44:31 - INFO - utils.trainer -   Epoch: 58, Loss: 0.07709, Val loss: 2.09490, Test loss: 2.25334, Val Acc: 0.7144, Best val Accuracy: 0.7292, No improve: 13/20, Time: 4.0s
07/27/2026 23:44:35 - INFO - utils.trainer -   ***** Running evaluation on val dataset *****
07/27/2026 23:44:37 - INFO - utils.trainer -   Loss: 2.20333
07/27/2026 23:44:37 - INFO - utils.trainer -   AUC: 0.77712
07/27/2026 23:44:37 - INFO - utils.trainer -   Accuracy: 0.70312
07/27/2026 23:44:37 - INFO - utils.trainer -   Precision: 0.70370
07/27/2026 23:44:37 - INFO - utils.trainer -   Recall: 0.76985
07/27/2026 23:44:37 - INFO - utils.trainer -   F_score: 0.73529
07/27/2026 23:44:37 - INFO - utils.trainer -   Specificity: 0.00000
07/27/2026 23:44:37 - INFO - utils.trainer -   Sensitivity: 0.00000
07/27/2026 23:44:37 - INFO - utils.trainer -   ***** Running evaluation on test dataset *****
07/27/2026 23:44:39 - INFO - utils.trainer -   Loss: 2.38598
07/27/2026 23:44:39 - INFO - utils.trainer -   AUC: 0.74979
07/27/2026 23:44:39 - INFO - utils.trainer -   Accuracy: 0.67632
07/27/2026 23:44:39 - INFO - utils.trainer -   Precision: 0.69676
07/27/2026 23:44:39 - INFO - utils.trainer -   Recall: 0.76235
07/27/2026 23:44:39 - INFO - utils.trainer -   F_score: 0.72808
07/27/2026 23:44:39 - INFO - utils.trainer -   Specificity: 0.00000
07/27/2026 23:44:39 - INFO - utils.trainer -   Sensitivity: 0.00000
07/27/2026 23:44:39 - INFO - utils.trainer -   Epoch: 59, Loss: 0.02262, Val loss: 2.20333, Test loss: 2.38598, Val Acc: 0.7031, Best val Accuracy: 0.7292, No improve: 14/20, Time: 4.2s
07/27/2026 23:44:42 - INFO - utils.trainer -   ***** Running evaluation on val dataset *****
07/27/2026 23:44:44 - INFO - utils.trainer -   Loss: 2.46806
07/27/2026 23:44:44 - INFO - utils.trainer -   AUC: 0.76471
07/27/2026 23:44:44 - INFO - utils.trainer -   Accuracy: 0.70747
07/27/2026 23:44:44 - INFO - utils.trainer -   Precision: 0.73256
07/27/2026 23:44:44 - INFO - utils.trainer -   Recall: 0.71475
07/27/2026 23:44:44 - INFO - utils.trainer -   F_score: 0.72354
07/27/2026 23:44:44 - INFO - utils.trainer -   Specificity: 0.00000
07/27/2026 23:44:44 - INFO - utils.trainer -   Sensitivity: 0.00000
07/27/2026 23:44:44 - INFO - utils.trainer -   ***** Running evaluation on test dataset *****
07/27/2026 23:44:46 - INFO - utils.trainer -   Loss: 2.56505
07/27/2026 23:44:46 - INFO - utils.trainer -   AUC: 0.75664
07/27/2026 23:44:46 - INFO - utils.trainer -   Accuracy: 0.68246
07/27/2026 23:44:46 - INFO - utils.trainer -   Precision: 0.73139
07/27/2026 23:44:46 - INFO - utils.trainer -   Recall: 0.69753
07/27/2026 23:44:46 - INFO - utils.trainer -   F_score: 0.71406
07/27/2026 23:44:46 - INFO - utils.trainer -   Specificity: 0.00000
07/27/2026 23:44:46 - INFO - utils.trainer -   Sensitivity: 0.00000
07/27/2026 23:44:46 - INFO - utils.trainer -   Epoch: 60, Loss: 0.01628, Val loss: 2.46806, Test loss: 2.56505, Val Acc: 0.7075, Best val Accuracy: 0.7292, No improve: 15/20, Time: 4.0s
07/27/2026 23:44:50 - INFO - utils.trainer -   ***** Running evaluation on val dataset *****
07/27/2026 23:44:52 - INFO - utils.trainer -   Loss: 2.21727
07/27/2026 23:44:52 - INFO - utils.trainer -   AUC: 0.79419
07/27/2026 23:44:52 - INFO - utils.trainer -   Accuracy: 0.72135
07/27/2026 23:44:52 - INFO - utils.trainer -   Precision: 0.73053
07/27/2026 23:44:52 - INFO - utils.trainer -   Recall: 0.76013
07/27/2026 23:44:52 - INFO - utils.trainer -   F_score: 0.74504
07/27/2026 23:44:52 - INFO - utils.trainer -   Specificity: 0.00000
07/27/2026 23:44:52 - INFO - utils.trainer -   Sensitivity: 0.00000
07/27/2026 23:44:52 - INFO - utils.trainer -   ***** Running evaluation on test dataset *****
07/27/2026 23:44:53 - INFO - utils.trainer -   Loss: 2.65343
07/27/2026 23:44:53 - INFO - utils.trainer -   AUC: 0.76133
07/27/2026 23:44:53 - INFO - utils.trainer -   Accuracy: 0.68070
07/27/2026 23:44:53 - INFO - utils.trainer -   Precision: 0.71515
07/27/2026 23:44:53 - INFO - utils.trainer -   Recall: 0.72840
07/27/2026 23:44:53 - INFO - utils.trainer -   F_score: 0.72171
07/27/2026 23:44:53 - INFO - utils.trainer -   Specificity: 0.00000
07/27/2026 23:44:53 - INFO - utils.trainer -   Sensitivity: 0.00000
07/27/2026 23:44:53 - INFO - utils.trainer -   Epoch: 61, Loss: 0.07123, Val loss: 2.21727, Test loss: 2.65343, Val Acc: 0.7214, Best val Accuracy: 0.7292, No improve: 16/20, Time: 4.7s
07/27/2026 23:44:57 - INFO - utils.trainer -   ***** Running evaluation on val dataset *****
07/27/2026 23:44:59 - INFO - utils.trainer -   Loss: 2.39223
07/27/2026 23:44:59 - INFO - utils.trainer -   AUC: 0.78354
07/27/2026 23:44:59 - INFO - utils.trainer -   Accuracy: 0.71094
07/27/2026 23:44:59 - INFO - utils.trainer -   Precision: 0.75632
07/27/2026 23:44:59 - INFO - utils.trainer -   Recall: 0.67909
07/27/2026 23:44:59 - INFO - utils.trainer -   F_score: 0.71563
07/27/2026 23:44:59 - INFO - utils.trainer -   Specificity: 0.00000
07/27/2026 23:44:59 - INFO - utils.trainer -   Sensitivity: 0.00000
07/27/2026 23:44:59 - INFO - utils.trainer -   ***** Running evaluation on test dataset *****
07/27/2026 23:45:01 - INFO - utils.trainer -   Loss: 2.47733
07/27/2026 23:45:01 - INFO - utils.trainer -   AUC: 0.76813
07/27/2026 23:45:01 - INFO - utils.trainer -   Accuracy: 0.69825
07/27/2026 23:45:01 - INFO - utils.trainer -   Precision: 0.75763
07/27/2026 23:45:01 - INFO - utils.trainer -   Recall: 0.68981
07/27/2026 23:45:01 - INFO - utils.trainer -   F_score: 0.72213
07/27/2026 23:45:01 - INFO - utils.trainer -   Specificity: 0.00000
07/27/2026 23:45:01 - INFO - utils.trainer -   Sensitivity: 0.00000
07/27/2026 23:45:01 - INFO - utils.trainer -   Epoch: 62, Loss: 0.05397, Val loss: 2.39223, Test loss: 2.47733, Val Acc: 0.7109, Best val Accuracy: 0.7292, No improve: 17/20, Time: 4.3s
07/27/2026 23:45:05 - INFO - utils.trainer -   ***** Running evaluation on val dataset *****
07/27/2026 23:45:06 - INFO - utils.trainer -   Loss: 2.50294
07/27/2026 23:45:06 - INFO - utils.trainer -   AUC: 0.79625
07/27/2026 23:45:06 - INFO - utils.trainer -   Accuracy: 0.72309
07/27/2026 23:45:06 - INFO - utils.trainer -   Precision: 0.80785
07/27/2026 23:45:06 - INFO - utils.trainer -   Recall: 0.63371
07/27/2026 23:45:06 - INFO - utils.trainer -   F_score: 0.71026
07/27/2026 23:45:06 - INFO - utils.trainer -   Specificity: 0.00000
07/27/2026 23:45:06 - INFO - utils.trainer -   Sensitivity: 0.00000
07/27/2026 23:45:06 - INFO - utils.trainer -   ***** Running evaluation on test dataset *****
07/27/2026 23:45:07 - INFO - utils.trainer -   Loss: 2.85584
07/27/2026 23:45:07 - INFO - utils.trainer -   AUC: 0.76614
07/27/2026 23:45:07 - INFO - utils.trainer -   Accuracy: 0.69474
07/27/2026 23:45:07 - INFO - utils.trainer -   Precision: 0.78195
07/27/2026 23:45:07 - INFO - utils.trainer -   Recall: 0.64198
07/27/2026 23:45:07 - INFO - utils.trainer -   F_score: 0.70508
07/27/2026 23:45:07 - INFO - utils.trainer -   Specificity: 0.00000
07/27/2026 23:45:07 - INFO - utils.trainer -   Sensitivity: 0.00000
07/27/2026 23:45:07 - INFO - utils.trainer -   Epoch: 63, Loss: 0.03747, Val loss: 2.50294, Test loss: 2.85584, Val Acc: 0.7231, Best val Accuracy: 0.7292, No improve: 18/20, Time: 4.0s
07/27/2026 23:45:11 - INFO - utils.trainer -   ***** Running evaluation on val dataset *****
07/27/2026 23:45:13 - INFO - utils.trainer -   Loss: 2.41079
07/27/2026 23:45:13 - INFO - utils.trainer -   AUC: 0.77340
07/27/2026 23:45:13 - INFO - utils.trainer -   Accuracy: 0.70052
07/27/2026 23:45:13 - INFO - utils.trainer -   Precision: 0.73208
07/27/2026 23:45:13 - INFO - utils.trainer -   Recall: 0.69530
07/27/2026 23:45:13 - INFO - utils.trainer -   F_score: 0.71322
07/27/2026 23:45:13 - INFO - utils.trainer -   Specificity: 0.00000
07/27/2026 23:45:13 - INFO - utils.trainer -   Sensitivity: 0.00000
07/27/2026 23:45:13 - INFO - utils.trainer -   ***** Running evaluation on test dataset *****
07/27/2026 23:45:15 - INFO - utils.trainer -   Loss: 2.52951
07/27/2026 23:45:15 - INFO - utils.trainer -   AUC: 0.77161
07/27/2026 23:45:15 - INFO - utils.trainer -   Accuracy: 0.68333
07/27/2026 23:45:15 - INFO - utils.trainer -   Precision: 0.72960
07/27/2026 23:45:15 - INFO - utils.trainer -   Recall: 0.70370
07/27/2026 23:45:15 - INFO - utils.trainer -   F_score: 0.71642
07/27/2026 23:45:15 - INFO - utils.trainer -   Specificity: 0.00000
07/27/2026 23:45:15 - INFO - utils.trainer -   Sensitivity: 0.00000
07/27/2026 23:45:15 - INFO - utils.trainer -   Epoch: 64, Loss: 0.03968, Val loss: 2.41079, Test loss: 2.52951, Val Acc: 0.7005, Best val Accuracy: 0.7292, No improve: 19/20, Time: 3.9s
07/27/2026 23:45:19 - INFO - utils.trainer -   ***** Running evaluation on val dataset *****
07/27/2026 23:45:20 - INFO - utils.trainer -   Loss: 2.58376
07/27/2026 23:45:20 - INFO - utils.trainer -   AUC: 0.76827
07/27/2026 23:45:20 - INFO - utils.trainer -   Accuracy: 0.69618
07/27/2026 23:45:20 - INFO - utils.trainer -   Precision: 0.73968
07/27/2026 23:45:20 - INFO - utils.trainer -   Recall: 0.66775
07/27/2026 23:45:20 - INFO - utils.trainer -   F_score: 0.70187
07/27/2026 23:45:20 - INFO - utils.trainer -   Specificity: 0.00000
07/27/2026 23:45:20 - INFO - utils.trainer -   Sensitivity: 0.00000
07/27/2026 23:45:20 - INFO - utils.trainer -   ***** Running evaluation on test dataset *****
07/27/2026 23:45:22 - INFO - utils.trainer -   Loss: 2.60057
07/27/2026 23:45:22 - INFO - utils.trainer -   AUC: 0.75660
07/27/2026 23:45:22 - INFO - utils.trainer -   Accuracy: 0.67105
07/27/2026 23:45:22 - INFO - utils.trainer -   Precision: 0.72788
07/27/2026 23:45:22 - INFO - utils.trainer -   Recall: 0.67284
07/27/2026 23:45:22 - INFO - utils.trainer -   F_score: 0.69928
07/27/2026 23:45:22 - INFO - utils.trainer -   Specificity: 0.00000
07/27/2026 23:45:22 - INFO - utils.trainer -   Sensitivity: 0.00000
07/27/2026 23:45:22 - INFO - utils.trainer -   Epoch: 65, Loss: 0.02812, Val loss: 2.58376, Test loss: 2.60057, Val Acc: 0.6962, Best val Accuracy: 0.7292, No improve: 20/20, Time: 4.3s
07/27/2026 23:45:22 - INFO - utils.trainer -   Early stopping triggered at epoch 65
07/27/2026 23:45:22 - INFO - utils.trainer -   Early stopping triggered at epoch 65
07/27/2026 23:45:22 - INFO - utils.trainer -   Early stopping triggered at epoch 65
07/27/2026 23:45:22 - INFO - utils.trainer -   Early stopping triggered at epoch 65
07/27/2026 23:45:22 - INFO - utils.trainer -   Model loaded from output_dir/BrainNetCNN/BrainNetCNN-0.bin (18/18 keys)
07/27/2026 23:45:22 - INFO - utils.trainer -   === Best epoch test result ===
07/27/2026 23:45:22 - INFO - utils.trainer -     Loss: 1.84108
07/27/2026 23:45:22 - INFO - utils.trainer -     AUC: 0.76449
07/27/2026 23:45:22 - INFO - utils.trainer -     Accuracy: 0.69825
07/27/2026 23:45:22 - INFO - utils.trainer -     Precision: 0.75850
07/27/2026 23:45:22 - INFO - utils.trainer -     Recall: 0.68827
07/27/2026 23:45:22 - INFO - utils.trainer -     F_score: 0.72168
07/27/2026 23:45:22 - INFO - utils.trainer -     Specificity: 0.00000
07/27/2026 23:45:22 - INFO - utils.trainer -     Sensitivity: 0.00000
07/27/2026 23:45:22 - INFO - utils.trainer -   Model saved to output_dir/BrainNetCNN/final-epoch-200
07/27/2026 23:45:22 - INFO - utils.trainer -   Final model saved at epoch 200
