08/21/2026 00:04:25 - INFO - __main__ -   ########## Repeat:0 ##########
08/21/2026 00:04:25 - INFO - utils.trainer -   ***** Running training *****
08/21/2026 00:04:25 - INFO - utils.trainer -     Num examples = 161
08/21/2026 00:04:25 - INFO - utils.trainer -     Num Epochs = 200
08/21/2026 00:04:25 - INFO - utils.trainer -     Total train batch size = 4
08/21/2026 00:04:25 - INFO - utils.trainer -     warmup steps = 400
08/21/2026 00:04:25 - INFO - utils.trainer -     Total optimization steps = 32200
08/21/2026 00:04:25 - INFO - utils.trainer -     Save steps = 25
08/21/2026 00:05:17 - INFO - utils.trainer -   ***** Running regression evaluation on val0 dataset *****
08/21/2026 00:05:22 - INFO - utils.trainer -   Loss: 0.03459
08/21/2026 00:05:22 - INFO - utils.trainer -   MSE: 367.52924
08/21/2026 00:05:22 - INFO - utils.trainer -   MAE: 16.77910
08/21/2026 00:05:22 - INFO - utils.trainer -   RMSE: 19.17105
08/21/2026 00:05:22 - INFO - utils.trainer -   R2: -2.31385
08/21/2026 00:05:22 - INFO - utils.trainer -   PearsonR: -0.00414
08/21/2026 00:05:23 - INFO - utils.trainer -   Model saved to output_dir/TimeLLM_AgeCAUEEG_train
08/21/2026 00:05:23 - INFO - utils.trainer -   Best model saved (val_Loss=0.0346)
08/21/2026 00:05:23 - INFO - utils.trainer -   Epoch: 1, Loss: 0.07294, Val loss: 0.03459, Val Loss: 0.0346, Best val Loss: 0.0346, No improve: 0/10, Time: 51.6s
08/21/2026 00:06:15 - INFO - utils.trainer -   ***** Running regression evaluation on val0 dataset *****
08/21/2026 00:06:20 - INFO - utils.trainer -   Loss: 0.01133
08/21/2026 00:06:20 - INFO - utils.trainer -   MSE: 120.62528
08/21/2026 00:06:20 - INFO - utils.trainer -   MAE: 8.50329
08/21/2026 00:06:20 - INFO - utils.trainer -   RMSE: 10.98295
08/21/2026 00:06:20 - INFO - utils.trainer -   R2: -0.08762
08/21/2026 00:06:20 - INFO - utils.trainer -   PearsonR: 0.09263
08/21/2026 00:06:21 - INFO - utils.trainer -   Model saved to output_dir/TimeLLM_AgeCAUEEG_train
08/21/2026 00:06:21 - INFO - utils.trainer -   Best model saved (val_Loss=0.0113)
08/21/2026 00:06:21 - INFO - utils.trainer -   Epoch: 2, Loss: 0.03431, Val loss: 0.01133, Val Loss: 0.0113, Best val Loss: 0.0113, No improve: 0/10, Time: 51.8s
08/21/2026 00:07:12 - INFO - utils.trainer -   ***** Running regression evaluation on val0 dataset *****
08/21/2026 00:07:17 - INFO - utils.trainer -   Loss: 0.01408
08/21/2026 00:07:17 - INFO - utils.trainer -   MSE: 150.02921
08/21/2026 00:07:17 - INFO - utils.trainer -   MAE: 9.44785
08/21/2026 00:07:17 - INFO - utils.trainer -   RMSE: 12.24864
08/21/2026 00:07:17 - INFO - utils.trainer -   R2: -0.35275
08/21/2026 00:07:17 - INFO - utils.trainer -   PearsonR: 0.10208
08/21/2026 00:07:17 - INFO - utils.trainer -   Epoch: 3, Loss: 0.03234, Val loss: 0.01408, Val Loss: 0.0141, Best val Loss: 0.0113, No improve: 1/10, Time: 51.0s
08/21/2026 00:08:08 - INFO - utils.trainer -   ***** Running regression evaluation on val0 dataset *****
08/21/2026 00:08:13 - INFO - utils.trainer -   Loss: 0.01149
08/21/2026 00:08:13 - INFO - utils.trainer -   MSE: 122.10307
08/21/2026 00:08:13 - INFO - utils.trainer -   MAE: 9.09810
08/21/2026 00:08:13 - INFO - utils.trainer -   RMSE: 11.05003
08/21/2026 00:08:13 - INFO - utils.trainer -   R2: -0.10095
08/21/2026 00:08:13 - INFO - utils.trainer -   PearsonR: 0.15554
08/21/2026 00:08:13 - INFO - utils.trainer -   Epoch: 4, Loss: 0.04225, Val loss: 0.01149, Val Loss: 0.0115, Best val Loss: 0.0113, No improve: 2/10, Time: 51.2s
08/21/2026 00:09:05 - INFO - utils.trainer -   ***** Running regression evaluation on val0 dataset *****
08/21/2026 00:09:10 - INFO - utils.trainer -   Loss: 0.01230
08/21/2026 00:09:10 - INFO - utils.trainer -   MSE: 130.61137
08/21/2026 00:09:10 - INFO - utils.trainer -   MAE: 9.47502
08/21/2026 00:09:10 - INFO - utils.trainer -   RMSE: 11.42853
08/21/2026 00:09:10 - INFO - utils.trainer -   R2: -0.17766
08/21/2026 00:09:10 - INFO - utils.trainer -   PearsonR: 0.23873
08/21/2026 00:09:10 - INFO - utils.trainer -   Epoch: 5, Loss: 0.03379, Val loss: 0.01230, Val Loss: 0.0123, Best val Loss: 0.0113, No improve: 3/10, Time: 51.4s
08/21/2026 00:10:01 - INFO - utils.trainer -   ***** Running regression evaluation on val0 dataset *****
08/21/2026 00:10:06 - INFO - utils.trainer -   Loss: 0.01254
08/21/2026 00:10:06 - INFO - utils.trainer -   MSE: 133.55969
08/21/2026 00:10:06 - INFO - utils.trainer -   MAE: 8.99348
08/21/2026 00:10:06 - INFO - utils.trainer -   RMSE: 11.55680
08/21/2026 00:10:06 - INFO - utils.trainer -   R2: -0.20425
08/21/2026 00:10:06 - INFO - utils.trainer -   PearsonR: 0.25935
08/21/2026 00:10:06 - INFO - utils.trainer -   Epoch: 6, Loss: 0.03529, Val loss: 0.01254, Val Loss: 0.0125, Best val Loss: 0.0113, No improve: 4/10, Time: 51.1s
08/21/2026 00:10:58 - INFO - utils.trainer -   ***** Running regression evaluation on val0 dataset *****
08/21/2026 00:11:03 - INFO - utils.trainer -   Loss: 0.01291
08/21/2026 00:11:03 - INFO - utils.trainer -   MSE: 137.19766
08/21/2026 00:11:03 - INFO - utils.trainer -   MAE: 9.62339
08/21/2026 00:11:03 - INFO - utils.trainer -   RMSE: 11.71314
08/21/2026 00:11:03 - INFO - utils.trainer -   R2: -0.23705
08/21/2026 00:11:03 - INFO - utils.trainer -   PearsonR: 0.26944
08/21/2026 00:11:03 - INFO - utils.trainer -   Epoch: 7, Loss: 0.03468, Val loss: 0.01291, Val Loss: 0.0129, Best val Loss: 0.0113, No improve: 5/10, Time: 51.2s
08/21/2026 00:11:54 - INFO - utils.trainer -   ***** Running regression evaluation on val0 dataset *****
08/21/2026 00:11:59 - INFO - utils.trainer -   Loss: 0.01160
08/21/2026 00:11:59 - INFO - utils.trainer -   MSE: 122.91566
08/21/2026 00:11:59 - INFO - utils.trainer -   MAE: 9.12980
08/21/2026 00:11:59 - INFO - utils.trainer -   RMSE: 11.08673
08/21/2026 00:11:59 - INFO - utils.trainer -   R2: -0.10828
08/21/2026 00:11:59 - INFO - utils.trainer -   PearsonR: 0.31024
08/21/2026 00:11:59 - INFO - utils.trainer -   Epoch: 8, Loss: 0.03041, Val loss: 0.01160, Val Loss: 0.0116, Best val Loss: 0.0113, No improve: 6/10, Time: 51.1s
08/21/2026 00:12:50 - INFO - utils.trainer -   ***** Running regression evaluation on val0 dataset *****
08/21/2026 00:12:56 - INFO - utils.trainer -   Loss: 0.01096
08/21/2026 00:12:56 - INFO - utils.trainer -   MSE: 116.09726
08/21/2026 00:12:56 - INFO - utils.trainer -   MAE: 8.87180
08/21/2026 00:12:56 - INFO - utils.trainer -   RMSE: 10.77484
08/21/2026 00:12:56 - INFO - utils.trainer -   R2: -0.04680
08/21/2026 00:12:56 - INFO - utils.trainer -   PearsonR: 0.31891
08/21/2026 00:12:57 - INFO - utils.trainer -   Model saved to output_dir/TimeLLM_AgeCAUEEG_train
08/21/2026 00:12:57 - INFO - utils.trainer -   Best model saved (val_Loss=0.0110)
08/21/2026 00:12:57 - INFO - utils.trainer -   Epoch: 9, Loss: 0.03397, Val loss: 0.01096, Val Loss: 0.0110, Best val Loss: 0.0110, No improve: 0/10, Time: 51.1s
08/21/2026 00:13:48 - INFO - utils.trainer -   ***** Running regression evaluation on val0 dataset *****
08/21/2026 00:13:53 - INFO - utils.trainer -   Loss: 0.00990
08/21/2026 00:13:53 - INFO - utils.trainer -   MSE: 104.96475
08/21/2026 00:13:53 - INFO - utils.trainer -   MAE: 8.41460
08/21/2026 00:13:53 - INFO - utils.trainer -   RMSE: 10.24523
08/21/2026 00:13:53 - INFO - utils.trainer -   R2: 0.05358
08/21/2026 00:13:53 - INFO - utils.trainer -   PearsonR: 0.35334
08/21/2026 00:13:54 - INFO - utils.trainer -   Model saved to output_dir/TimeLLM_AgeCAUEEG_train
08/21/2026 00:13:54 - INFO - utils.trainer -   Best model saved (val_Loss=0.0099)
08/21/2026 00:13:54 - INFO - utils.trainer -   Epoch: 10, Loss: 0.03252, Val loss: 0.00990, Val Loss: 0.0099, Best val Loss: 0.0099, No improve: 0/10, Time: 51.1s
08/21/2026 00:14:45 - INFO - utils.trainer -   ***** Running regression evaluation on val0 dataset *****
08/21/2026 00:14:50 - INFO - utils.trainer -   Loss: 0.01416
08/21/2026 00:14:50 - INFO - utils.trainer -   MSE: 150.32205
08/21/2026 00:14:50 - INFO - utils.trainer -   MAE: 10.19237
08/21/2026 00:14:50 - INFO - utils.trainer -   RMSE: 12.26059
08/21/2026 00:14:50 - INFO - utils.trainer -   R2: -0.35539
08/21/2026 00:14:50 - INFO - utils.trainer -   PearsonR: 0.36181
08/21/2026 00:14:50 - INFO - utils.trainer -   Epoch: 11, Loss: 0.03226, Val loss: 0.01416, Val Loss: 0.0142, Best val Loss: 0.0099, No improve: 1/10, Time: 51.1s
08/21/2026 00:15:42 - INFO - utils.trainer -   ***** Running regression evaluation on val0 dataset *****
08/21/2026 00:15:47 - INFO - utils.trainer -   Loss: 0.01150
08/21/2026 00:15:47 - INFO - utils.trainer -   MSE: 121.92061
08/21/2026 00:15:47 - INFO - utils.trainer -   MAE: 9.03910
08/21/2026 00:15:47 - INFO - utils.trainer -   RMSE: 11.04177
08/21/2026 00:15:47 - INFO - utils.trainer -   R2: -0.09930
08/21/2026 00:15:47 - INFO - utils.trainer -   PearsonR: 0.36608
08/21/2026 00:15:47 - INFO - utils.trainer -   Epoch: 12, Loss: 0.03529, Val loss: 0.01150, Val Loss: 0.0115, Best val Loss: 0.0099, No improve: 2/10, Time: 51.2s
08/21/2026 00:16:38 - INFO - utils.trainer -   ***** Running regression evaluation on val0 dataset *****
08/21/2026 00:16:43 - INFO - utils.trainer -   Loss: 0.01256
08/21/2026 00:16:43 - INFO - utils.trainer -   MSE: 133.93591
08/21/2026 00:16:43 - INFO - utils.trainer -   MAE: 8.87342
08/21/2026 00:16:43 - INFO - utils.trainer -   RMSE: 11.57307
08/21/2026 00:16:43 - INFO - utils.trainer -   R2: -0.20764
08/21/2026 00:16:43 - INFO - utils.trainer -   PearsonR: 0.33705
08/21/2026 00:16:43 - INFO - utils.trainer -   Epoch: 13, Loss: 0.02938, Val loss: 0.01256, Val Loss: 0.0126, Best val Loss: 0.0099, No improve: 3/10, Time: 51.1s
08/21/2026 00:17:34 - INFO - utils.trainer -   ***** Running regression evaluation on val0 dataset *****
08/21/2026 00:17:39 - INFO - utils.trainer -   Loss: 0.01491
08/21/2026 00:17:39 - INFO - utils.trainer -   MSE: 158.07564
08/21/2026 00:17:39 - INFO - utils.trainer -   MAE: 10.33985
08/21/2026 00:17:39 - INFO - utils.trainer -   RMSE: 12.57281
08/21/2026 00:17:39 - INFO - utils.trainer -   R2: -0.42530
08/21/2026 00:17:39 - INFO - utils.trainer -   PearsonR: 0.38414
08/21/2026 00:17:39 - INFO - utils.trainer -   Epoch: 14, Loss: 0.02965, Val loss: 0.01491, Val Loss: 0.0149, Best val Loss: 0.0099, No improve: 4/10, Time: 51.1s
08/21/2026 00:18:31 - INFO - utils.trainer -   ***** Running regression evaluation on val0 dataset *****
08/21/2026 00:18:37 - INFO - utils.trainer -   Loss: 0.01230
08/21/2026 00:18:37 - INFO - utils.trainer -   MSE: 130.70912
08/21/2026 00:18:37 - INFO - utils.trainer -   MAE: 9.47076
08/21/2026 00:18:37 - INFO - utils.trainer -   RMSE: 11.43281
08/21/2026 00:18:37 - INFO - utils.trainer -   R2: -0.17855
08/21/2026 00:18:37 - INFO - utils.trainer -   PearsonR: 0.31301
08/21/2026 00:18:37 - INFO - utils.trainer -   Epoch: 15, Loss: 0.02592, Val loss: 0.01230, Val Loss: 0.0123, Best val Loss: 0.0099, No improve: 5/10, Time: 51.8s
08/21/2026 00:19:28 - INFO - utils.trainer -   ***** Running regression evaluation on val0 dataset *****
08/21/2026 00:19:34 - INFO - utils.trainer -   Loss: 0.01318
08/21/2026 00:19:34 - INFO - utils.trainer -   MSE: 139.63737
08/21/2026 00:19:34 - INFO - utils.trainer -   MAE: 9.73470
08/21/2026 00:19:34 - INFO - utils.trainer -   RMSE: 11.81683
08/21/2026 00:19:34 - INFO - utils.trainer -   R2: -0.25905
08/21/2026 00:19:34 - INFO - utils.trainer -   PearsonR: 0.36450
08/21/2026 00:19:34 - INFO - utils.trainer -   Epoch: 16, Loss: 0.03368, Val loss: 0.01318, Val Loss: 0.0132, Best val Loss: 0.0099, No improve: 6/10, Time: 51.0s
08/21/2026 00:20:25 - INFO - utils.trainer -   ***** Running regression evaluation on val0 dataset *****
08/21/2026 00:20:30 - INFO - utils.trainer -   Loss: 0.00915
08/21/2026 00:20:30 - INFO - utils.trainer -   MSE: 97.13803
08/21/2026 00:20:30 - INFO - utils.trainer -   MAE: 8.01420
08/21/2026 00:20:30 - INFO - utils.trainer -   RMSE: 9.85586
08/21/2026 00:20:30 - INFO - utils.trainer -   R2: 0.12415
08/21/2026 00:20:30 - INFO - utils.trainer -   PearsonR: 0.35561
08/21/2026 00:20:31 - INFO - utils.trainer -   Model saved to output_dir/TimeLLM_AgeCAUEEG_train
08/21/2026 00:20:31 - INFO - utils.trainer -   Best model saved (val_Loss=0.0092)
08/21/2026 00:20:31 - INFO - utils.trainer -   Epoch: 17, Loss: 0.03193, Val loss: 0.00915, Val Loss: 0.0092, Best val Loss: 0.0092, No improve: 0/10, Time: 51.1s
08/21/2026 00:21:22 - INFO - utils.trainer -   ***** Running regression evaluation on val0 dataset *****
08/21/2026 00:21:27 - INFO - utils.trainer -   Loss: 0.01294
08/21/2026 00:21:27 - INFO - utils.trainer -   MSE: 137.48381
08/21/2026 00:21:27 - INFO - utils.trainer -   MAE: 9.75559
08/21/2026 00:21:27 - INFO - utils.trainer -   RMSE: 11.72535
08/21/2026 00:21:27 - INFO - utils.trainer -   R2: -0.23963
08/21/2026 00:21:27 - INFO - utils.trainer -   PearsonR: 0.31297
08/21/2026 00:21:27 - INFO - utils.trainer -   Epoch: 18, Loss: 0.02835, Val loss: 0.01294, Val Loss: 0.0129, Best val Loss: 0.0092, No improve: 1/10, Time: 51.3s
08/21/2026 00:22:18 - INFO - utils.trainer -   ***** Running regression evaluation on val0 dataset *****
08/21/2026 00:22:24 - INFO - utils.trainer -   Loss: 0.01194
08/21/2026 00:22:24 - INFO - utils.trainer -   MSE: 126.61504
08/21/2026 00:22:24 - INFO - utils.trainer -   MAE: 9.26224
08/21/2026 00:22:24 - INFO - utils.trainer -   RMSE: 11.25233
08/21/2026 00:22:24 - INFO - utils.trainer -   R2: -0.14163
08/21/2026 00:22:24 - INFO - utils.trainer -   PearsonR: 0.37976
08/21/2026 00:22:24 - INFO - utils.trainer -   Epoch: 19, Loss: 0.02655, Val loss: 0.01194, Val Loss: 0.0119, Best val Loss: 0.0092, No improve: 2/10, Time: 51.2s
08/21/2026 00:23:15 - INFO - utils.trainer -   ***** Running regression evaluation on val0 dataset *****
08/21/2026 00:23:20 - INFO - utils.trainer -   Loss: 0.01460
08/21/2026 00:23:20 - INFO - utils.trainer -   MSE: 155.37370
08/21/2026 00:23:20 - INFO - utils.trainer -   MAE: 10.33663
08/21/2026 00:23:20 - INFO - utils.trainer -   RMSE: 12.46490
08/21/2026 00:23:20 - INFO - utils.trainer -   R2: -0.40094
08/21/2026 00:23:20 - INFO - utils.trainer -   PearsonR: 0.34514
08/21/2026 00:23:20 - INFO - utils.trainer -   Epoch: 20, Loss: 0.02983, Val loss: 0.01460, Val Loss: 0.0146, Best val Loss: 0.0092, No improve: 3/10, Time: 51.2s
08/21/2026 00:24:11 - INFO - utils.trainer -   ***** Running regression evaluation on val0 dataset *****
08/21/2026 00:24:16 - INFO - utils.trainer -   Loss: 0.01394
08/21/2026 00:24:16 - INFO - utils.trainer -   MSE: 148.07204
08/21/2026 00:24:16 - INFO - utils.trainer -   MAE: 10.08335
08/21/2026 00:24:16 - INFO - utils.trainer -   RMSE: 12.16848
08/21/2026 00:24:16 - INFO - utils.trainer -   R2: -0.33510
08/21/2026 00:24:16 - INFO - utils.trainer -   PearsonR: 0.36886
08/21/2026 00:24:16 - INFO - utils.trainer -   Epoch: 21, Loss: 0.02381, Val loss: 0.01394, Val Loss: 0.0139, Best val Loss: 0.0092, No improve: 4/10, Time: 51.1s
08/21/2026 00:25:08 - INFO - utils.trainer -   ***** Running regression evaluation on val0 dataset *****
08/21/2026 00:25:13 - INFO - utils.trainer -   Loss: 0.00999
08/21/2026 00:25:13 - INFO - utils.trainer -   MSE: 106.24666
08/21/2026 00:25:13 - INFO - utils.trainer -   MAE: 8.48249
08/21/2026 00:25:13 - INFO - utils.trainer -   RMSE: 10.30760
08/21/2026 00:25:13 - INFO - utils.trainer -   R2: 0.04202
08/21/2026 00:25:13 - INFO - utils.trainer -   PearsonR: 0.33715
08/21/2026 00:25:13 - INFO - utils.trainer -   Epoch: 22, Loss: 0.02978, Val loss: 0.00999, Val Loss: 0.0100, Best val Loss: 0.0092, No improve: 5/10, Time: 51.1s
08/21/2026 00:26:04 - INFO - utils.trainer -   ***** Running regression evaluation on val0 dataset *****
08/21/2026 00:26:09 - INFO - utils.trainer -   Loss: 0.00881
08/21/2026 00:26:09 - INFO - utils.trainer -   MSE: 93.71059
08/21/2026 00:26:09 - INFO - utils.trainer -   MAE: 7.84524
08/21/2026 00:26:09 - INFO - utils.trainer -   RMSE: 9.68042
08/21/2026 00:26:09 - INFO - utils.trainer -   R2: 0.15505
08/21/2026 00:26:09 - INFO - utils.trainer -   PearsonR: 0.39803
08/21/2026 00:26:10 - INFO - utils.trainer -   Model saved to output_dir/TimeLLM_AgeCAUEEG_train
08/21/2026 00:26:10 - INFO - utils.trainer -   Best model saved (val_Loss=0.0088)
08/21/2026 00:26:10 - INFO - utils.trainer -   Epoch: 23, Loss: 0.02384, Val loss: 0.00881, Val Loss: 0.0088, Best val Loss: 0.0088, No improve: 0/10, Time: 51.2s
08/21/2026 00:27:01 - INFO - utils.trainer -   ***** Running regression evaluation on val0 dataset *****
08/21/2026 00:27:07 - INFO - utils.trainer -   Loss: 0.01054
08/21/2026 00:27:07 - INFO - utils.trainer -   MSE: 112.19896
08/21/2026 00:27:07 - INFO - utils.trainer -   MAE: 8.74410
08/21/2026 00:27:07 - INFO - utils.trainer -   RMSE: 10.59240
08/21/2026 00:27:07 - INFO - utils.trainer -   R2: -0.01165
08/21/2026 00:27:07 - INFO - utils.trainer -   PearsonR: 0.33364
08/21/2026 00:27:07 - INFO - utils.trainer -   Epoch: 24, Loss: 0.02959, Val loss: 0.01054, Val Loss: 0.0105, Best val Loss: 0.0088, No improve: 1/10, Time: 51.2s
08/21/2026 00:27:58 - INFO - utils.trainer -   ***** Running regression evaluation on val0 dataset *****
08/21/2026 00:28:03 - INFO - utils.trainer -   Loss: 0.00978
08/21/2026 00:28:03 - INFO - utils.trainer -   MSE: 104.57561
08/21/2026 00:28:03 - INFO - utils.trainer -   MAE: 8.34969
08/21/2026 00:28:03 - INFO - utils.trainer -   RMSE: 10.22622
08/21/2026 00:28:03 - INFO - utils.trainer -   R2: 0.05709
08/21/2026 00:28:03 - INFO - utils.trainer -   PearsonR: 0.34920
08/21/2026 00:28:05 - INFO - utils.trainer -   Model saved to output_dir/TimeLLM_AgeCAUEEG_train/checkpoint-epoch-25
08/21/2026 00:28:05 - INFO - utils.trainer -   Checkpoint saved at epoch 25
08/21/2026 00:28:05 - INFO - utils.trainer -   Epoch: 25, Loss: 0.02755, Val loss: 0.00978, Val Loss: 0.0098, Best val Loss: 0.0088, No improve: 2/10, Time: 51.3s
08/21/2026 00:28:56 - INFO - utils.trainer -   ***** Running regression evaluation on val0 dataset *****
08/21/2026 00:29:01 - INFO - utils.trainer -   Loss: 0.01443
08/21/2026 00:29:01 - INFO - utils.trainer -   MSE: 153.39587
08/21/2026 00:29:01 - INFO - utils.trainer -   MAE: 10.25312
08/21/2026 00:29:01 - INFO - utils.trainer -   RMSE: 12.38531
08/21/2026 00:29:01 - INFO - utils.trainer -   R2: -0.38310
08/21/2026 00:29:01 - INFO - utils.trainer -   PearsonR: 0.33674
08/21/2026 00:29:01 - INFO - utils.trainer -   Epoch: 26, Loss: 0.02960, Val loss: 0.01443, Val Loss: 0.0144, Best val Loss: 0.0088, No improve: 3/10, Time: 51.3s
08/21/2026 00:29:52 - INFO - utils.trainer -   ***** Running regression evaluation on val0 dataset *****
08/21/2026 00:29:59 - INFO - utils.trainer -   Loss: 0.00910
08/21/2026 00:29:59 - INFO - utils.trainer -   MSE: 97.00082
08/21/2026 00:29:59 - INFO - utils.trainer -   MAE: 7.93618
08/21/2026 00:29:59 - INFO - utils.trainer -   RMSE: 9.84890
08/21/2026 00:29:59 - INFO - utils.trainer -   R2: 0.12539
08/21/2026 00:29:59 - INFO - utils.trainer -   PearsonR: 0.36018
08/21/2026 00:29:59 - INFO - utils.trainer -   Epoch: 27, Loss: 0.03038, Val loss: 0.00910, Val Loss: 0.0091, Best val Loss: 0.0088, No improve: 4/10, Time: 51.4s
08/21/2026 00:30:50 - INFO - utils.trainer -   ***** Running regression evaluation on val0 dataset *****
08/21/2026 00:30:55 - INFO - utils.trainer -   Loss: 0.01104
08/21/2026 00:30:55 - INFO - utils.trainer -   MSE: 117.38157
08/21/2026 00:30:55 - INFO - utils.trainer -   MAE: 8.93276
08/21/2026 00:30:55 - INFO - utils.trainer -   RMSE: 10.83428
08/21/2026 00:30:55 - INFO - utils.trainer -   R2: -0.05838
08/21/2026 00:30:55 - INFO - utils.trainer -   PearsonR: 0.34590
08/21/2026 00:30:55 - INFO - utils.trainer -   Epoch: 28, Loss: 0.02625, Val loss: 0.01104, Val Loss: 0.0110, Best val Loss: 0.0088, No improve: 5/10, Time: 51.2s
08/21/2026 00:31:48 - INFO - utils.trainer -   ***** Running regression evaluation on val0 dataset *****
08/21/2026 00:31:53 - INFO - utils.trainer -   Loss: 0.01349
08/21/2026 00:31:53 - INFO - utils.trainer -   MSE: 142.99664
08/21/2026 00:31:53 - INFO - utils.trainer -   MAE: 9.77255
08/21/2026 00:31:53 - INFO - utils.trainer -   RMSE: 11.95812
08/21/2026 00:31:53 - INFO - utils.trainer -   R2: -0.28934
08/21/2026 00:31:53 - INFO - utils.trainer -   PearsonR: 0.34402
08/21/2026 00:31:53 - INFO - utils.trainer -   Epoch: 29, Loss: 0.02689, Val loss: 0.01349, Val Loss: 0.0135, Best val Loss: 0.0088, No improve: 6/10, Time: 52.5s
08/21/2026 00:32:44 - INFO - utils.trainer -   ***** Running regression evaluation on val0 dataset *****
08/21/2026 00:32:49 - INFO - utils.trainer -   Loss: 0.01143
08/21/2026 00:32:49 - INFO - utils.trainer -   MSE: 121.47196
08/21/2026 00:32:49 - INFO - utils.trainer -   MAE: 9.05306
08/21/2026 00:32:49 - INFO - utils.trainer -   RMSE: 11.02143
08/21/2026 00:32:49 - INFO - utils.trainer -   R2: -0.09526
08/21/2026 00:32:49 - INFO - utils.trainer -   PearsonR: 0.25161
08/21/2026 00:32:49 - INFO - utils.trainer -   Epoch: 30, Loss: 0.03131, Val loss: 0.01143, Val Loss: 0.0114, Best val Loss: 0.0088, No improve: 7/10, Time: 51.1s
08/21/2026 00:33:41 - INFO - utils.trainer -   ***** Running regression evaluation on val0 dataset *****
08/21/2026 00:33:46 - INFO - utils.trainer -   Loss: 0.00931
08/21/2026 00:33:46 - INFO - utils.trainer -   MSE: 99.18668
08/21/2026 00:33:46 - INFO - utils.trainer -   MAE: 8.13202
08/21/2026 00:33:46 - INFO - utils.trainer -   RMSE: 9.95925
08/21/2026 00:33:46 - INFO - utils.trainer -   R2: 0.10568
08/21/2026 00:33:46 - INFO - utils.trainer -   PearsonR: 0.36680
08/21/2026 00:33:46 - INFO - utils.trainer -   Epoch: 31, Loss: 0.03394, Val loss: 0.00931, Val Loss: 0.0093, Best val Loss: 0.0088, No improve: 8/10, Time: 51.2s
08/21/2026 00:34:37 - INFO - utils.trainer -   ***** Running regression evaluation on val0 dataset *****
08/21/2026 00:34:42 - INFO - utils.trainer -   Loss: 0.01235
08/21/2026 00:34:42 - INFO - utils.trainer -   MSE: 131.17741
08/21/2026 00:34:42 - INFO - utils.trainer -   MAE: 9.42080
08/21/2026 00:34:42 - INFO - utils.trainer -   RMSE: 11.45327
08/21/2026 00:34:42 - INFO - utils.trainer -   R2: -0.18277
08/21/2026 00:34:42 - INFO - utils.trainer -   PearsonR: 0.29091
08/21/2026 00:34:42 - INFO - utils.trainer -   Epoch: 32, Loss: 0.03038, Val loss: 0.01235, Val Loss: 0.0123, Best val Loss: 0.0088, No improve: 9/10, Time: 51.0s
08/21/2026 00:35:33 - INFO - utils.trainer -   ***** Running regression evaluation on val0 dataset *****
08/21/2026 00:35:38 - INFO - utils.trainer -   Loss: 0.00978
08/21/2026 00:35:38 - INFO - utils.trainer -   MSE: 104.13387
08/21/2026 00:35:38 - INFO - utils.trainer -   MAE: 8.32052
08/21/2026 00:35:38 - INFO - utils.trainer -   RMSE: 10.20460
08/21/2026 00:35:38 - INFO - utils.trainer -   R2: 0.06107
08/21/2026 00:35:38 - INFO - utils.trainer -   PearsonR: 0.36512
08/21/2026 00:35:38 - INFO - utils.trainer -   Epoch: 33, Loss: 0.03069, Val loss: 0.00978, Val Loss: 0.0098, Best val Loss: 0.0088, No improve: 10/10, Time: 51.2s
08/21/2026 00:35:38 - INFO - utils.trainer -   Early stopping triggered at epoch 33
08/21/2026 00:35:38 - INFO - utils.trainer -   Early stopping triggered at epoch 33
08/21/2026 00:35:38 - INFO - utils.trainer -   Early stopping triggered at epoch 33
08/21/2026 00:35:38 - INFO - utils.trainer -   Early stopping triggered at epoch 33
08/21/2026 00:35:38 - INFO - utils.trainer -   Early stopping triggered at epoch 33
08/21/2026 00:35:38 - INFO - utils.trainer -   Early stopping triggered at epoch 33
08/21/2026 00:35:39 - INFO - utils.trainer -     2 prompt-buffer key(s) skipped (kept target-dataset prompt)
08/21/2026 00:35:39 - INFO - utils.trainer -     582 keys not in checkpoint (kept from init)
08/21/2026 00:35:39 - INFO - utils.trainer -   Model loaded from output_dir/TimeLLM_AgeCAUEEG_train/TimeLLM-0.bin (25/27 keys)
08/21/2026 00:35:39 - INFO - utils.trainer -     2 prompt-buffer key(s) skipped (kept target-dataset prompt)
08/21/2026 00:35:39 - INFO - utils.trainer -     582 keys not in checkpoint (kept from init)
08/21/2026 00:35:39 - INFO - utils.trainer -   Model loaded from output_dir/TimeLLM_AgeCAUEEG_train/TimeLLM-0.bin (25/27 keys)
08/21/2026 00:35:39 - INFO - utils.trainer -     2 prompt-buffer key(s) skipped (kept target-dataset prompt)
08/21/2026 00:35:39 - INFO - utils.trainer -     582 keys not in checkpoint (kept from init)
08/21/2026 00:35:39 - INFO - utils.trainer -     2 prompt-buffer key(s) skipped (kept target-dataset prompt)
08/21/2026 00:35:39 - INFO - utils.trainer -   Model loaded from output_dir/TimeLLM_AgeCAUEEG_train/TimeLLM-0.bin (25/27 keys)
08/21/2026 00:35:39 - INFO - utils.trainer -     582 keys not in checkpoint (kept from init)
08/21/2026 00:35:39 - INFO - utils.trainer -   Model loaded from output_dir/TimeLLM_AgeCAUEEG_train/TimeLLM-0.bin (25/27 keys)
08/21/2026 00:35:39 - INFO - utils.trainer -     2 prompt-buffer key(s) skipped (kept target-dataset prompt)
08/21/2026 00:35:39 - INFO - utils.trainer -     582 keys not in checkpoint (kept from init)
08/21/2026 00:35:39 - INFO - utils.trainer -   Model loaded from output_dir/TimeLLM_AgeCAUEEG_train/TimeLLM-0.bin (25/27 keys)
08/21/2026 00:35:39 - INFO - utils.trainer -   ***** Running regression evaluation on test0 dataset *****
08/21/2026 00:35:39 - INFO - utils.trainer -     2 prompt-buffer key(s) skipped (kept target-dataset prompt)
08/21/2026 00:35:39 - INFO - utils.trainer -     582 keys not in checkpoint (kept from init)
08/21/2026 00:35:39 - INFO - utils.trainer -   Model loaded from output_dir/TimeLLM_AgeCAUEEG_train/TimeLLM-0.bin (25/27 keys)
08/21/2026 00:35:44 - INFO - utils.trainer -   Loss: 0.00817
08/21/2026 00:35:44 - INFO - utils.trainer -   MSE: 86.97118
08/21/2026 00:35:44 - INFO - utils.trainer -   MAE: 7.48282
08/21/2026 00:35:44 - INFO - utils.trainer -   RMSE: 9.32583
08/21/2026 00:35:44 - INFO - utils.trainer -   R2: 0.13270
08/21/2026 00:35:44 - INFO - utils.trainer -   PearsonR: 0.36429
08/21/2026 00:35:44 - INFO - utils.trainer -   === Best epoch test result ===
08/21/2026 00:35:44 - INFO - utils.trainer -     Loss: 0.00817
08/21/2026 00:35:44 - INFO - utils.trainer -     MSE: 86.97118
08/21/2026 00:35:44 - INFO - utils.trainer -     MAE: 7.48282
08/21/2026 00:35:44 - INFO - utils.trainer -     RMSE: 9.32583
08/21/2026 00:35:44 - INFO - utils.trainer -     R2: 0.13270
08/21/2026 00:35:44 - INFO - utils.trainer -     PearsonR: 0.36429
08/21/2026 00:35:45 - INFO - utils.trainer -   Model saved to output_dir/TimeLLM_AgeCAUEEG_train/final-epoch-200
08/21/2026 00:35:45 - INFO - utils.trainer -   Final model saved at epoch 200
