08/18/2026 07:10:21 - INFO - __main__ -   ########## Repeat:0 ##########
08/18/2026 07:10:21 - INFO - utils.trainer -   ***** Running training *****
08/18/2026 07:10:21 - INFO - utils.trainer -     Num examples = 161
08/18/2026 07:10:21 - INFO - utils.trainer -     Num Epochs = 200
08/18/2026 07:10:21 - INFO - utils.trainer -     Total train batch size = 4
08/18/2026 07:10:21 - INFO - utils.trainer -     warmup steps = 400
08/18/2026 07:10:21 - INFO - utils.trainer -     Total optimization steps = 32200
08/18/2026 07:10:21 - INFO - utils.trainer -     Save steps = 25
08/18/2026 07:11:18 - INFO - utils.trainer -   ***** Running regression evaluation on val0 dataset *****
08/18/2026 07:11:24 - INFO - utils.trainer -   Loss: 0.01894
08/18/2026 07:11:24 - INFO - utils.trainer -   MSE: 200.96521
08/18/2026 07:11:24 - INFO - utils.trainer -   MAE: 11.93996
08/18/2026 07:11:24 - INFO - utils.trainer -   RMSE: 14.17622
08/18/2026 07:11:24 - INFO - utils.trainer -   R2: -0.81201
08/18/2026 07:11:24 - INFO - utils.trainer -   PearsonR: 0.03231
08/18/2026 07:11:25 - INFO - utils.trainer -   Model saved to output_dir/TimeLLM_AgeCAUEEG_train
08/18/2026 07:11:25 - INFO - utils.trainer -   Best model saved (val_Loss=0.0189)
08/18/2026 07:11:25 - INFO - utils.trainer -   Epoch: 1, Loss: 0.07547, Val loss: 0.01894, Val Loss: 0.0189, Best val Loss: 0.0189, No improve: 0/10, Time: 56.7s
08/18/2026 07:12:22 - INFO - utils.trainer -   ***** Running regression evaluation on val0 dataset *****
08/18/2026 07:12:28 - INFO - utils.trainer -   Loss: 0.01129
08/18/2026 07:12:28 - INFO - utils.trainer -   MSE: 119.88076
08/18/2026 07:12:28 - INFO - utils.trainer -   MAE: 9.05654
08/18/2026 07:12:28 - INFO - utils.trainer -   RMSE: 10.94901
08/18/2026 07:12:28 - INFO - utils.trainer -   R2: -0.08091
08/18/2026 07:12:28 - INFO - utils.trainer -   PearsonR: 0.18388
08/18/2026 07:12:28 - INFO - utils.trainer -   Model saved to output_dir/TimeLLM_AgeCAUEEG_train
08/18/2026 07:12:28 - INFO - utils.trainer -   Best model saved (val_Loss=0.0113)
08/18/2026 07:12:28 - INFO - utils.trainer -   Epoch: 2, Loss: 0.03949, Val loss: 0.01129, Val Loss: 0.0113, Best val Loss: 0.0113, No improve: 0/10, Time: 57.1s
08/18/2026 07:13:25 - INFO - utils.trainer -   ***** Running regression evaluation on val0 dataset *****
08/18/2026 07:13:31 - INFO - utils.trainer -   Loss: 0.01820
08/18/2026 07:13:31 - INFO - utils.trainer -   MSE: 193.25761
08/18/2026 07:13:31 - INFO - utils.trainer -   MAE: 11.70256
08/18/2026 07:13:31 - INFO - utils.trainer -   RMSE: 13.90171
08/18/2026 07:13:31 - INFO - utils.trainer -   R2: -0.74252
08/18/2026 07:13:31 - INFO - utils.trainer -   PearsonR: 0.24652
08/18/2026 07:13:31 - INFO - utils.trainer -   Epoch: 3, Loss: 0.04021, Val loss: 0.01820, Val Loss: 0.0182, Best val Loss: 0.0113, No improve: 1/10, Time: 56.5s
08/18/2026 07:14:27 - INFO - utils.trainer -   ***** Running regression evaluation on val0 dataset *****
08/18/2026 07:14:33 - INFO - utils.trainer -   Loss: 0.00981
08/18/2026 07:14:33 - INFO - utils.trainer -   MSE: 104.16574
08/18/2026 07:14:33 - INFO - utils.trainer -   MAE: 8.14654
08/18/2026 07:14:33 - INFO - utils.trainer -   RMSE: 10.20616
08/18/2026 07:14:33 - INFO - utils.trainer -   R2: 0.06078
08/18/2026 07:14:33 - INFO - utils.trainer -   PearsonR: 0.32666
08/18/2026 07:14:34 - INFO - utils.trainer -   Model saved to output_dir/TimeLLM_AgeCAUEEG_train
08/18/2026 07:14:34 - INFO - utils.trainer -   Best model saved (val_Loss=0.0098)
08/18/2026 07:14:34 - INFO - utils.trainer -   Epoch: 4, Loss: 0.03629, Val loss: 0.00981, Val Loss: 0.0098, Best val Loss: 0.0098, No improve: 0/10, Time: 56.5s
08/18/2026 07:15:31 - INFO - utils.trainer -   ***** Running regression evaluation on val0 dataset *****
08/18/2026 07:15:37 - INFO - utils.trainer -   Loss: 0.00937
08/18/2026 07:15:37 - INFO - utils.trainer -   MSE: 99.57315
08/18/2026 07:15:37 - INFO - utils.trainer -   MAE: 8.17432
08/18/2026 07:15:37 - INFO - utils.trainer -   RMSE: 9.97863
08/18/2026 07:15:37 - INFO - utils.trainer -   R2: 0.10219
08/18/2026 07:15:37 - INFO - utils.trainer -   PearsonR: 0.33390
08/18/2026 07:15:38 - INFO - utils.trainer -   Model saved to output_dir/TimeLLM_AgeCAUEEG_train
08/18/2026 07:15:38 - INFO - utils.trainer -   Best model saved (val_Loss=0.0094)
08/18/2026 07:15:38 - INFO - utils.trainer -   Epoch: 5, Loss: 0.03839, Val loss: 0.00937, Val Loss: 0.0094, Best val Loss: 0.0094, No improve: 0/10, Time: 56.7s
08/18/2026 07:16:34 - INFO - utils.trainer -   ***** Running regression evaluation on val0 dataset *****
08/18/2026 07:16:40 - INFO - utils.trainer -   Loss: 0.00969
08/18/2026 07:16:40 - INFO - utils.trainer -   MSE: 102.88551
08/18/2026 07:16:40 - INFO - utils.trainer -   MAE: 8.07804
08/18/2026 07:16:40 - INFO - utils.trainer -   RMSE: 10.14325
08/18/2026 07:16:40 - INFO - utils.trainer -   R2: 0.07233
08/18/2026 07:16:40 - INFO - utils.trainer -   PearsonR: 0.38236
08/18/2026 07:16:40 - INFO - utils.trainer -   Epoch: 6, Loss: 0.03296, Val loss: 0.00969, Val Loss: 0.0097, Best val Loss: 0.0094, No improve: 1/10, Time: 56.4s
08/18/2026 07:17:36 - INFO - utils.trainer -   ***** Running regression evaluation on val0 dataset *****
08/18/2026 07:17:42 - INFO - utils.trainer -   Loss: 0.01376
08/18/2026 07:17:42 - INFO - utils.trainer -   MSE: 145.98003
08/18/2026 07:17:42 - INFO - utils.trainer -   MAE: 10.07444
08/18/2026 07:17:42 - INFO - utils.trainer -   RMSE: 12.08222
08/18/2026 07:17:42 - INFO - utils.trainer -   R2: -0.31624
08/18/2026 07:17:42 - INFO - utils.trainer -   PearsonR: 0.40687
08/18/2026 07:17:42 - INFO - utils.trainer -   Epoch: 7, Loss: 0.03908, Val loss: 0.01376, Val Loss: 0.0138, Best val Loss: 0.0094, No improve: 2/10, Time: 56.4s
