07/08/2026 20:16:33 - INFO - __main__ -   ########## Repeat:0 ##########
07/08/2026 20:16:33 - INFO - utils.trainer -   ***** Running training *****
07/08/2026 20:16:33 - INFO - utils.trainer -     Num examples = 635
07/08/2026 20:16:33 - INFO - utils.trainer -     Num Epochs = 200
07/08/2026 20:16:33 - INFO - utils.trainer -     Total train batch size = 16
07/08/2026 20:16:33 - INFO - utils.trainer -     warmup steps = 400
07/08/2026 20:16:33 - INFO - utils.trainer -     Total optimization steps = 127000
07/08/2026 20:16:33 - INFO - utils.trainer -     Save steps = 200
07/08/2026 20:16:33 - INFO - root -   Parameters [normal] length [18]
07/08/2026 20:16:44 - INFO - utils.trainer -   ***** Running evaluation on val0 dataset *****
07/08/2026 20:16:48 - INFO - utils.trainer -   AUC: 0.63526
07/08/2026 20:16:48 - INFO - utils.trainer -   Accuracy: 0.37180
07/08/2026 20:16:48 - INFO - utils.trainer -   Precision: 0.30452
07/08/2026 20:16:48 - INFO - utils.trainer -   Recall: 0.34217
07/08/2026 20:16:48 - INFO - utils.trainer -   F_score: 0.27564
07/08/2026 20:16:48 - INFO - utils.trainer -   Loss: 1.31397
07/08/2026 20:16:48 - INFO - utils.trainer -   Saving model checkpoint to output_dir/BrainNetCNN
07/08/2026 20:16:48 - INFO - utils.trainer -   Best model saved (val_Accuracy=0.3718)
07/08/2026 20:16:48 - INFO - utils.trainer -    Train loss: 1.32814, Val loss: 1.31397, Val Accuracy: 0.3718, Best: 0.3718, Time: 11.0s
07/08/2026 20:16:59 - INFO - utils.trainer -   ***** Running evaluation on val0 dataset *****
07/08/2026 20:17:03 - INFO - utils.trainer -   AUC: 0.63928
07/08/2026 20:17:03 - INFO - utils.trainer -   Accuracy: 0.38420
07/08/2026 20:17:03 - INFO - utils.trainer -   Precision: 0.29041
07/08/2026 20:17:03 - INFO - utils.trainer -   Recall: 0.33320
07/08/2026 20:17:03 - INFO - utils.trainer -   F_score: 0.29680
07/08/2026 20:17:03 - INFO - utils.trainer -   Loss: 1.29190
07/08/2026 20:17:03 - INFO - utils.trainer -   Saving model checkpoint to output_dir/BrainNetCNN
07/08/2026 20:17:03 - INFO - utils.trainer -   Best model saved (val_Accuracy=0.3842)
07/08/2026 20:17:03 - INFO - utils.trainer -    Train loss: 1.28141, Val loss: 1.29190, Val Accuracy: 0.3842, Best: 0.3842, Time: 11.0s
07/08/2026 20:17:14 - INFO - utils.trainer -   ***** Running evaluation on val0 dataset *****
07/08/2026 20:17:18 - INFO - utils.trainer -   AUC: 0.61207
07/08/2026 20:17:18 - INFO - utils.trainer -   Accuracy: 0.35244
07/08/2026 20:17:18 - INFO - utils.trainer -   Precision: 0.29809
07/08/2026 20:17:18 - INFO - utils.trainer -   Recall: 0.29737
07/08/2026 20:17:18 - INFO - utils.trainer -   F_score: 0.22541
07/08/2026 20:17:18 - INFO - utils.trainer -   Loss: 1.34503
07/08/2026 20:17:18 - INFO - utils.trainer -    Train loss: 1.25601, Val loss: 1.34503, Val Accuracy: 0.3524, Best: 0.3842, Time: 11.1s
07/08/2026 20:17:29 - INFO - utils.trainer -   ***** Running evaluation on val0 dataset *****
07/08/2026 20:17:33 - INFO - utils.trainer -   AUC: 0.62700
07/08/2026 20:17:33 - INFO - utils.trainer -   Accuracy: 0.39892
07/08/2026 20:17:33 - INFO - utils.trainer -   Precision: 0.39568
07/08/2026 20:17:33 - INFO - utils.trainer -   Recall: 0.33437
07/08/2026 20:17:33 - INFO - utils.trainer -   F_score: 0.31800
07/08/2026 20:17:33 - INFO - utils.trainer -   Loss: 1.35004
07/08/2026 20:17:33 - INFO - utils.trainer -   Saving model checkpoint to output_dir/BrainNetCNN
07/08/2026 20:17:33 - INFO - utils.trainer -   Best model saved (val_Accuracy=0.3989)
07/08/2026 20:17:33 - INFO - utils.trainer -    Train loss: 1.23013, Val loss: 1.35004, Val Accuracy: 0.3989, Best: 0.3989, Time: 11.5s
07/08/2026 20:17:44 - INFO - utils.trainer -   ***** Running evaluation on val0 dataset *****
07/08/2026 20:17:49 - INFO - utils.trainer -   AUC: 0.62447
07/08/2026 20:17:49 - INFO - utils.trainer -   Accuracy: 0.38885
07/08/2026 20:17:49 - INFO - utils.trainer -   Precision: 0.42188
07/08/2026 20:17:49 - INFO - utils.trainer -   Recall: 0.35304
07/08/2026 20:17:49 - INFO - utils.trainer -   F_score: 0.31595
07/08/2026 20:17:49 - INFO - utils.trainer -   Loss: 1.30556
07/08/2026 20:17:49 - INFO - utils.trainer -    Train loss: 1.21432, Val loss: 1.30556, Val Accuracy: 0.3888, Best: 0.3989, Time: 11.0s
07/08/2026 20:18:00 - INFO - utils.trainer -   ***** Running evaluation on val0 dataset *****
07/08/2026 20:18:04 - INFO - utils.trainer -   AUC: 0.61360
07/08/2026 20:18:04 - INFO - utils.trainer -   Accuracy: 0.38652
07/08/2026 20:18:04 - INFO - utils.trainer -   Precision: 0.37140
07/08/2026 20:18:04 - INFO - utils.trainer -   Recall: 0.33768
07/08/2026 20:18:04 - INFO - utils.trainer -   F_score: 0.30374
07/08/2026 20:18:04 - INFO - utils.trainer -   Loss: 1.30812
07/08/2026 20:18:04 - INFO - utils.trainer -    Train loss: 1.18170, Val loss: 1.30812, Val Accuracy: 0.3865, Best: 0.3989, Time: 11.3s
07/08/2026 20:18:16 - INFO - utils.trainer -   ***** Running evaluation on val0 dataset *****
07/08/2026 20:18:20 - INFO - utils.trainer -   AUC: 0.61364
07/08/2026 20:18:20 - INFO - utils.trainer -   Accuracy: 0.37026
07/08/2026 20:18:20 - INFO - utils.trainer -   Precision: 0.35885
07/08/2026 20:18:20 - INFO - utils.trainer -   Recall: 0.31438
07/08/2026 20:18:20 - INFO - utils.trainer -   F_score: 0.28684
07/08/2026 20:18:20 - INFO - utils.trainer -   Loss: 1.33995
07/08/2026 20:18:20 - INFO - utils.trainer -    Train loss: 1.15974, Val loss: 1.33995, Val Accuracy: 0.3703, Best: 0.3989, Time: 12.3s
07/08/2026 20:18:32 - INFO - utils.trainer -   ***** Running evaluation on val0 dataset *****
07/08/2026 20:18:36 - INFO - utils.trainer -   AUC: 0.63130
07/08/2026 20:18:36 - INFO - utils.trainer -   Accuracy: 0.38420
07/08/2026 20:18:36 - INFO - utils.trainer -   Precision: 0.35869
07/08/2026 20:18:36 - INFO - utils.trainer -   Recall: 0.35785
07/08/2026 20:18:36 - INFO - utils.trainer -   F_score: 0.32901
07/08/2026 20:18:36 - INFO - utils.trainer -   Loss: 1.41915
07/08/2026 20:18:36 - INFO - utils.trainer -    Train loss: 1.12213, Val loss: 1.41915, Val Accuracy: 0.3842, Best: 0.3989, Time: 11.7s
07/08/2026 20:18:47 - INFO - utils.trainer -   ***** Running evaluation on val0 dataset *****
07/08/2026 20:18:53 - INFO - utils.trainer -   AUC: 0.61678
07/08/2026 20:18:53 - INFO - utils.trainer -   Accuracy: 0.37026
07/08/2026 20:18:53 - INFO - utils.trainer -   Precision: 0.30480
07/08/2026 20:18:53 - INFO - utils.trainer -   Recall: 0.32847
07/08/2026 20:18:53 - INFO - utils.trainer -   F_score: 0.29519
07/08/2026 20:18:53 - INFO - utils.trainer -   Loss: 1.44268
07/08/2026 20:18:53 - INFO - utils.trainer -    Train loss: 1.09162, Val loss: 1.44268, Val Accuracy: 0.3703, Best: 0.3989, Time: 11.2s
07/08/2026 20:19:04 - INFO - utils.trainer -   ***** Running evaluation on val0 dataset *****
07/08/2026 20:19:08 - INFO - utils.trainer -   AUC: 0.60180
07/08/2026 20:19:08 - INFO - utils.trainer -   Accuracy: 0.36871
07/08/2026 20:19:08 - INFO - utils.trainer -   Precision: 0.33599
07/08/2026 20:19:08 - INFO - utils.trainer -   Recall: 0.33690
07/08/2026 20:19:08 - INFO - utils.trainer -   F_score: 0.30900
07/08/2026 20:19:08 - INFO - utils.trainer -   Loss: 1.40515
07/08/2026 20:19:08 - INFO - utils.trainer -    Train loss: 1.06076, Val loss: 1.40515, Val Accuracy: 0.3687, Best: 0.3989, Time: 11.4s
07/08/2026 20:19:19 - INFO - utils.trainer -   ***** Running evaluation on val0 dataset *****
07/08/2026 20:19:23 - INFO - utils.trainer -   AUC: 0.62543
07/08/2026 20:19:23 - INFO - utils.trainer -   Accuracy: 0.39272
07/08/2026 20:19:23 - INFO - utils.trainer -   Precision: 0.38115
07/08/2026 20:19:23 - INFO - utils.trainer -   Recall: 0.33344
07/08/2026 20:19:23 - INFO - utils.trainer -   F_score: 0.33178
07/08/2026 20:19:23 - INFO - utils.trainer -   Loss: 1.39827
07/08/2026 20:19:23 - INFO - utils.trainer -    Train loss: 1.01833, Val loss: 1.39827, Val Accuracy: 0.3927, Best: 0.3989, Time: 10.9s
07/08/2026 20:19:35 - INFO - utils.trainer -   ***** Running evaluation on val0 dataset *****
07/08/2026 20:19:39 - INFO - utils.trainer -   AUC: 0.61502
07/08/2026 20:19:39 - INFO - utils.trainer -   Accuracy: 0.39582
07/08/2026 20:19:39 - INFO - utils.trainer -   Precision: 0.36689
07/08/2026 20:19:39 - INFO - utils.trainer -   Recall: 0.34091
07/08/2026 20:19:39 - INFO - utils.trainer -   F_score: 0.33370
07/08/2026 20:19:39 - INFO - utils.trainer -   Loss: 1.47284
07/08/2026 20:19:39 - INFO - utils.trainer -    Train loss: 0.98905, Val loss: 1.47284, Val Accuracy: 0.3958, Best: 0.3989, Time: 12.6s
07/08/2026 20:19:51 - INFO - utils.trainer -   ***** Running evaluation on val0 dataset *****
07/08/2026 20:19:56 - INFO - utils.trainer -   AUC: 0.62960
07/08/2026 20:19:56 - INFO - utils.trainer -   Accuracy: 0.38342
07/08/2026 20:19:56 - INFO - utils.trainer -   Precision: 0.35014
07/08/2026 20:19:56 - INFO - utils.trainer -   Recall: 0.33638
07/08/2026 20:19:56 - INFO - utils.trainer -   F_score: 0.30608
07/08/2026 20:19:56 - INFO - utils.trainer -   Loss: 1.59374
07/08/2026 20:19:56 - INFO - utils.trainer -    Train loss: 0.96757, Val loss: 1.59374, Val Accuracy: 0.3834, Best: 0.3989, Time: 11.7s
07/08/2026 20:20:07 - INFO - utils.trainer -   ***** Running evaluation on val0 dataset *****
07/08/2026 20:20:10 - INFO - utils.trainer -   AUC: 0.58966
07/08/2026 20:20:10 - INFO - utils.trainer -   Accuracy: 0.37800
07/08/2026 20:20:10 - INFO - utils.trainer -   Precision: 0.33867
07/08/2026 20:20:10 - INFO - utils.trainer -   Recall: 0.33356
07/08/2026 20:20:10 - INFO - utils.trainer -   F_score: 0.31348
07/08/2026 20:20:10 - INFO - utils.trainer -   Loss: 1.66433
07/08/2026 20:20:10 - INFO - utils.trainer -    Train loss: 0.93061, Val loss: 1.66433, Val Accuracy: 0.3780, Best: 0.3989, Time: 11.2s
07/08/2026 20:20:22 - INFO - utils.trainer -   ***** Running evaluation on val0 dataset *****
07/08/2026 20:20:26 - INFO - utils.trainer -   AUC: 0.61241
07/08/2026 20:20:26 - INFO - utils.trainer -   Accuracy: 0.39117
07/08/2026 20:20:26 - INFO - utils.trainer -   Precision: 0.36573
07/08/2026 20:20:26 - INFO - utils.trainer -   Recall: 0.34897
07/08/2026 20:20:26 - INFO - utils.trainer -   F_score: 0.34534
07/08/2026 20:20:26 - INFO - utils.trainer -   Loss: 1.67279
07/08/2026 20:20:26 - INFO - utils.trainer -    Train loss: 0.90018, Val loss: 1.67279, Val Accuracy: 0.3912, Best: 0.3989, Time: 11.2s
07/08/2026 20:20:37 - INFO - utils.trainer -   ***** Running evaluation on val0 dataset *****
07/08/2026 20:20:41 - INFO - utils.trainer -   AUC: 0.60833
07/08/2026 20:20:41 - INFO - utils.trainer -   Accuracy: 0.33772
07/08/2026 20:20:41 - INFO - utils.trainer -   Precision: 0.34944
07/08/2026 20:20:41 - INFO - utils.trainer -   Recall: 0.31894
07/08/2026 20:20:41 - INFO - utils.trainer -   F_score: 0.29422
07/08/2026 20:20:41 - INFO - utils.trainer -   Loss: 1.83446
07/08/2026 20:20:41 - INFO - utils.trainer -    Train loss: 0.86521, Val loss: 1.83446, Val Accuracy: 0.3377, Best: 0.3989, Time: 11.4s
07/08/2026 20:20:52 - INFO - utils.trainer -   ***** Running evaluation on val0 dataset *****
07/08/2026 20:20:57 - INFO - utils.trainer -   AUC: 0.60295
07/08/2026 20:20:57 - INFO - utils.trainer -   Accuracy: 0.36716
07/08/2026 20:20:57 - INFO - utils.trainer -   Precision: 0.33945
07/08/2026 20:20:57 - INFO - utils.trainer -   Recall: 0.33528
07/08/2026 20:20:57 - INFO - utils.trainer -   F_score: 0.31746
07/08/2026 20:20:57 - INFO - utils.trainer -   Loss: 1.79490
07/08/2026 20:20:57 - INFO - utils.trainer -    Train loss: 0.83764, Val loss: 1.79490, Val Accuracy: 0.3672, Best: 0.3989, Time: 11.2s
07/08/2026 20:21:08 - INFO - utils.trainer -   ***** Running evaluation on val0 dataset *****
07/08/2026 20:21:12 - INFO - utils.trainer -   AUC: 0.61019
07/08/2026 20:21:12 - INFO - utils.trainer -   Accuracy: 0.38962
07/08/2026 20:21:12 - INFO - utils.trainer -   Precision: 0.34648
07/08/2026 20:21:12 - INFO - utils.trainer -   Recall: 0.32448
07/08/2026 20:21:12 - INFO - utils.trainer -   F_score: 0.31601
07/08/2026 20:21:12 - INFO - utils.trainer -   Loss: 1.60607
07/08/2026 20:21:12 - INFO - utils.trainer -    Train loss: 0.80444, Val loss: 1.60607, Val Accuracy: 0.3896, Best: 0.3989, Time: 11.6s
07/08/2026 20:21:24 - INFO - utils.trainer -   ***** Running evaluation on val0 dataset *****
07/08/2026 20:21:29 - INFO - utils.trainer -   AUC: 0.59014
07/08/2026 20:21:29 - INFO - utils.trainer -   Accuracy: 0.38962
07/08/2026 20:21:29 - INFO - utils.trainer -   Precision: 0.36147
07/08/2026 20:21:29 - INFO - utils.trainer -   Recall: 0.33962
07/08/2026 20:21:29 - INFO - utils.trainer -   F_score: 0.33110
07/08/2026 20:21:29 - INFO - utils.trainer -   Loss: 1.66082
07/08/2026 20:21:29 - INFO - utils.trainer -    Train loss: 0.79059, Val loss: 1.66082, Val Accuracy: 0.3896, Best: 0.3989, Time: 11.4s
07/08/2026 20:21:40 - INFO - utils.trainer -   ***** Running evaluation on val0 dataset *****
07/08/2026 20:21:44 - INFO - utils.trainer -   AUC: 0.61306
07/08/2026 20:21:44 - INFO - utils.trainer -   Accuracy: 0.39349
07/08/2026 20:21:44 - INFO - utils.trainer -   Precision: 0.36656
07/08/2026 20:21:44 - INFO - utils.trainer -   Recall: 0.35134
07/08/2026 20:21:44 - INFO - utils.trainer -   F_score: 0.35350
07/08/2026 20:21:44 - INFO - utils.trainer -   Loss: 1.83606
07/08/2026 20:21:44 - INFO - utils.trainer -    Train loss: 0.77145, Val loss: 1.83606, Val Accuracy: 0.3935, Best: 0.3989, Time: 11.4s
07/08/2026 20:21:55 - INFO - utils.trainer -   ***** Running evaluation on val0 dataset *****
07/08/2026 20:21:59 - INFO - utils.trainer -   AUC: 0.61570
07/08/2026 20:21:59 - INFO - utils.trainer -   Accuracy: 0.40666
07/08/2026 20:21:59 - INFO - utils.trainer -   Precision: 0.37608
07/08/2026 20:21:59 - INFO - utils.trainer -   Recall: 0.35062
07/08/2026 20:21:59 - INFO - utils.trainer -   F_score: 0.34220
07/08/2026 20:21:59 - INFO - utils.trainer -   Loss: 1.86282
07/08/2026 20:21:59 - INFO - utils.trainer -   Saving model checkpoint to output_dir/BrainNetCNN
07/08/2026 20:21:59 - INFO - utils.trainer -   Best model saved (val_Accuracy=0.4067)
07/08/2026 20:21:59 - INFO - utils.trainer -    Train loss: 0.72909, Val loss: 1.86282, Val Accuracy: 0.4067, Best: 0.4067, Time: 10.9s
07/08/2026 20:22:11 - INFO - utils.trainer -   ***** Running evaluation on val0 dataset *****
07/08/2026 20:22:14 - INFO - utils.trainer -   AUC: 0.61965
07/08/2026 20:22:14 - INFO - utils.trainer -   Accuracy: 0.39272
07/08/2026 20:22:14 - INFO - utils.trainer -   Precision: 0.36846
07/08/2026 20:22:14 - INFO - utils.trainer -   Recall: 0.36265
07/08/2026 20:22:14 - INFO - utils.trainer -   F_score: 0.34925
07/08/2026 20:22:14 - INFO - utils.trainer -   Loss: 1.95270
07/08/2026 20:22:14 - INFO - utils.trainer -    Train loss: 0.71469, Val loss: 1.95270, Val Accuracy: 0.3927, Best: 0.4067, Time: 11.4s
07/08/2026 20:22:25 - INFO - utils.trainer -   ***** Running evaluation on val0 dataset *****
07/08/2026 20:22:29 - INFO - utils.trainer -   AUC: 0.62112
07/08/2026 20:22:29 - INFO - utils.trainer -   Accuracy: 0.39737
07/08/2026 20:22:29 - INFO - utils.trainer -   Precision: 0.38153
07/08/2026 20:22:29 - INFO - utils.trainer -   Recall: 0.37614
07/08/2026 20:22:29 - INFO - utils.trainer -   F_score: 0.37043
07/08/2026 20:22:29 - INFO - utils.trainer -   Loss: 1.84505
07/08/2026 20:22:29 - INFO - utils.trainer -    Train loss: 0.68151, Val loss: 1.84505, Val Accuracy: 0.3974, Best: 0.4067, Time: 11.1s
07/08/2026 20:22:41 - INFO - utils.trainer -   ***** Running evaluation on val0 dataset *****
07/08/2026 20:22:45 - INFO - utils.trainer -   AUC: 0.60390
07/08/2026 20:22:45 - INFO - utils.trainer -   Accuracy: 0.38187
07/08/2026 20:22:45 - INFO - utils.trainer -   Precision: 0.35879
07/08/2026 20:22:45 - INFO - utils.trainer -   Recall: 0.33393
07/08/2026 20:22:45 - INFO - utils.trainer -   F_score: 0.33584
07/08/2026 20:22:45 - INFO - utils.trainer -   Loss: 1.81528
07/08/2026 20:22:45 - INFO - utils.trainer -    Train loss: 0.66803, Val loss: 1.81528, Val Accuracy: 0.3819, Best: 0.4067, Time: 11.3s
07/08/2026 20:22:57 - INFO - utils.trainer -   ***** Running evaluation on val0 dataset *****
07/08/2026 20:23:02 - INFO - utils.trainer -   AUC: 0.57412
07/08/2026 20:23:02 - INFO - utils.trainer -   Accuracy: 0.37026
07/08/2026 20:23:02 - INFO - utils.trainer -   Precision: 0.33036
07/08/2026 20:23:02 - INFO - utils.trainer -   Recall: 0.33609
07/08/2026 20:23:02 - INFO - utils.trainer -   F_score: 0.32612
07/08/2026 20:23:02 - INFO - utils.trainer -   Loss: 2.08783
07/08/2026 20:23:02 - INFO - utils.trainer -    Train loss: 0.64187, Val loss: 2.08783, Val Accuracy: 0.3703, Best: 0.4067, Time: 12.5s
07/08/2026 20:23:14 - INFO - utils.trainer -   ***** Running evaluation on val0 dataset *****
07/08/2026 20:23:18 - INFO - utils.trainer -   AUC: 0.60776
07/08/2026 20:23:18 - INFO - utils.trainer -   Accuracy: 0.39194
07/08/2026 20:23:18 - INFO - utils.trainer -   Precision: 0.35351
07/08/2026 20:23:18 - INFO - utils.trainer -   Recall: 0.35417
07/08/2026 20:23:18 - INFO - utils.trainer -   F_score: 0.34544
07/08/2026 20:23:18 - INFO - utils.trainer -   Loss: 2.14327
07/08/2026 20:23:18 - INFO - utils.trainer -    Train loss: 0.62919, Val loss: 2.14327, Val Accuracy: 0.3919, Best: 0.4067, Time: 11.8s
07/08/2026 20:23:29 - INFO - utils.trainer -   ***** Running evaluation on val0 dataset *****
07/08/2026 20:23:33 - INFO - utils.trainer -   AUC: 0.60521
07/08/2026 20:23:33 - INFO - utils.trainer -   Accuracy: 0.35864
07/08/2026 20:23:33 - INFO - utils.trainer -   Precision: 0.33361
07/08/2026 20:23:33 - INFO - utils.trainer -   Recall: 0.34377
07/08/2026 20:23:33 - INFO - utils.trainer -   F_score: 0.33161
07/08/2026 20:23:33 - INFO - utils.trainer -   Loss: 2.50493
07/08/2026 20:23:33 - INFO - utils.trainer -    Train loss: 0.60472, Val loss: 2.50493, Val Accuracy: 0.3586, Best: 0.4067, Time: 11.1s
07/08/2026 20:23:45 - INFO - utils.trainer -   ***** Running evaluation on val0 dataset *****
07/08/2026 20:23:50 - INFO - utils.trainer -   AUC: 0.60722
07/08/2026 20:23:50 - INFO - utils.trainer -   Accuracy: 0.37723
07/08/2026 20:23:50 - INFO - utils.trainer -   Precision: 0.36285
07/08/2026 20:23:50 - INFO - utils.trainer -   Recall: 0.35452
07/08/2026 20:23:50 - INFO - utils.trainer -   F_score: 0.35217
07/08/2026 20:23:50 - INFO - utils.trainer -   Loss: 2.40565
07/08/2026 20:23:50 - INFO - utils.trainer -    Train loss: 0.59243, Val loss: 2.40565, Val Accuracy: 0.3772, Best: 0.4067, Time: 11.7s
07/08/2026 20:24:01 - INFO - utils.trainer -   ***** Running evaluation on val0 dataset *****
07/08/2026 20:24:04 - INFO - utils.trainer -   AUC: 0.60516
07/08/2026 20:24:04 - INFO - utils.trainer -   Accuracy: 0.38110
07/08/2026 20:24:04 - INFO - utils.trainer -   Precision: 0.34995
07/08/2026 20:24:04 - INFO - utils.trainer -   Recall: 0.34056
07/08/2026 20:24:04 - INFO - utils.trainer -   F_score: 0.34055
07/08/2026 20:24:04 - INFO - utils.trainer -   Loss: 2.13768
07/08/2026 20:24:04 - INFO - utils.trainer -    Train loss: 0.59301, Val loss: 2.13768, Val Accuracy: 0.3811, Best: 0.4067, Time: 11.2s
07/08/2026 20:24:15 - INFO - utils.trainer -   ***** Running evaluation on val0 dataset *****
07/08/2026 20:24:19 - INFO - utils.trainer -   AUC: 0.60008
07/08/2026 20:24:19 - INFO - utils.trainer -   Accuracy: 0.37335
07/08/2026 20:24:19 - INFO - utils.trainer -   Precision: 0.34806
07/08/2026 20:24:19 - INFO - utils.trainer -   Recall: 0.33084
07/08/2026 20:24:19 - INFO - utils.trainer -   F_score: 0.33139
07/08/2026 20:24:19 - INFO - utils.trainer -   Loss: 2.08693
07/08/2026 20:24:19 - INFO - utils.trainer -    Train loss: 0.55924, Val loss: 2.08693, Val Accuracy: 0.3734, Best: 0.4067, Time: 11.0s
07/08/2026 20:24:30 - INFO - utils.trainer -   ***** Running evaluation on val0 dataset *****
07/08/2026 20:24:35 - INFO - utils.trainer -   AUC: 0.62393
07/08/2026 20:24:35 - INFO - utils.trainer -   Accuracy: 0.37723
07/08/2026 20:24:35 - INFO - utils.trainer -   Precision: 0.35363
07/08/2026 20:24:35 - INFO - utils.trainer -   Recall: 0.35360
07/08/2026 20:24:35 - INFO - utils.trainer -   F_score: 0.34153
07/08/2026 20:24:35 - INFO - utils.trainer -   Loss: 2.14200
07/08/2026 20:24:35 - INFO - utils.trainer -    Train loss: 0.56050, Val loss: 2.14200, Val Accuracy: 0.3772, Best: 0.4067, Time: 11.1s
07/08/2026 20:24:46 - INFO - utils.trainer -   ***** Running evaluation on val0 dataset *****
07/08/2026 20:24:50 - INFO - utils.trainer -   AUC: 0.61385
07/08/2026 20:24:50 - INFO - utils.trainer -   Accuracy: 0.38575
07/08/2026 20:24:50 - INFO - utils.trainer -   Precision: 0.34676
07/08/2026 20:24:50 - INFO - utils.trainer -   Recall: 0.34563
07/08/2026 20:24:50 - INFO - utils.trainer -   F_score: 0.33827
07/08/2026 20:24:50 - INFO - utils.trainer -   Loss: 2.09238
07/08/2026 20:24:50 - INFO - utils.trainer -    Train loss: 0.53165, Val loss: 2.09238, Val Accuracy: 0.3857, Best: 0.4067, Time: 11.2s
07/08/2026 20:25:00 - INFO - utils.trainer -   ***** Running evaluation on val0 dataset *****
07/08/2026 20:25:04 - INFO - utils.trainer -   AUC: 0.60662
07/08/2026 20:25:04 - INFO - utils.trainer -   Accuracy: 0.37413
07/08/2026 20:25:04 - INFO - utils.trainer -   Precision: 0.34869
07/08/2026 20:25:04 - INFO - utils.trainer -   Recall: 0.34203
07/08/2026 20:25:04 - INFO - utils.trainer -   F_score: 0.34291
07/08/2026 20:25:04 - INFO - utils.trainer -   Loss: 2.27560
07/08/2026 20:25:04 - INFO - utils.trainer -    Train loss: 0.51739, Val loss: 2.27560, Val Accuracy: 0.3741, Best: 0.4067, Time: 10.8s
07/08/2026 20:25:16 - INFO - utils.trainer -   ***** Running evaluation on val0 dataset *****
07/08/2026 20:25:22 - INFO - utils.trainer -   AUC: 0.61716
07/08/2026 20:25:22 - INFO - utils.trainer -   Accuracy: 0.38342
07/08/2026 20:25:22 - INFO - utils.trainer -   Precision: 0.35628
07/08/2026 20:25:22 - INFO - utils.trainer -   Recall: 0.35739
07/08/2026 20:25:22 - INFO - utils.trainer -   F_score: 0.34897
07/08/2026 20:25:22 - INFO - utils.trainer -   Loss: 2.18097
07/08/2026 20:25:22 - INFO - utils.trainer -    Train loss: 0.51038, Val loss: 2.18097, Val Accuracy: 0.3834, Best: 0.4067, Time: 12.0s
07/08/2026 20:25:33 - INFO - utils.trainer -   ***** Running evaluation on val0 dataset *****
07/08/2026 20:25:37 - INFO - utils.trainer -   AUC: 0.58703
07/08/2026 20:25:37 - INFO - utils.trainer -   Accuracy: 0.37026
07/08/2026 20:25:37 - INFO - utils.trainer -   Precision: 0.34240
07/08/2026 20:25:37 - INFO - utils.trainer -   Recall: 0.34224
07/08/2026 20:25:37 - INFO - utils.trainer -   F_score: 0.33486
07/08/2026 20:25:37 - INFO - utils.trainer -   Loss: 2.72281
07/08/2026 20:25:37 - INFO - utils.trainer -    Train loss: 0.48856, Val loss: 2.72281, Val Accuracy: 0.3703, Best: 0.4067, Time: 11.0s
07/08/2026 20:25:48 - INFO - utils.trainer -   ***** Running evaluation on val0 dataset *****
07/08/2026 20:25:52 - INFO - utils.trainer -   AUC: 0.62187
07/08/2026 20:25:52 - INFO - utils.trainer -   Accuracy: 0.37955
07/08/2026 20:25:52 - INFO - utils.trainer -   Precision: 0.36801
07/08/2026 20:25:52 - INFO - utils.trainer -   Recall: 0.37437
07/08/2026 20:25:52 - INFO - utils.trainer -   F_score: 0.36777
07/08/2026 20:25:52 - INFO - utils.trainer -   Loss: 2.61833
07/08/2026 20:25:52 - INFO - utils.trainer -    Train loss: 0.47622, Val loss: 2.61833, Val Accuracy: 0.3796, Best: 0.4067, Time: 11.2s
07/08/2026 20:26:03 - INFO - utils.trainer -   ***** Running evaluation on val0 dataset *****
07/08/2026 20:26:07 - INFO - utils.trainer -   AUC: 0.60194
07/08/2026 20:26:07 - INFO - utils.trainer -   Accuracy: 0.37335
07/08/2026 20:26:07 - INFO - utils.trainer -   Precision: 0.35426
07/08/2026 20:26:07 - INFO - utils.trainer -   Recall: 0.35955
07/08/2026 20:26:07 - INFO - utils.trainer -   F_score: 0.35412
07/08/2026 20:26:07 - INFO - utils.trainer -   Loss: 3.05460
07/08/2026 20:26:07 - INFO - utils.trainer -    Train loss: 0.47336, Val loss: 3.05460, Val Accuracy: 0.3734, Best: 0.4067, Time: 11.1s
07/08/2026 20:26:18 - INFO - utils.trainer -   ***** Running evaluation on val0 dataset *****
07/08/2026 20:26:23 - INFO - utils.trainer -   AUC: 0.58311
07/08/2026 20:26:23 - INFO - utils.trainer -   Accuracy: 0.35709
07/08/2026 20:26:23 - INFO - utils.trainer -   Precision: 0.33658
07/08/2026 20:26:23 - INFO - utils.trainer -   Recall: 0.33510
07/08/2026 20:26:23 - INFO - utils.trainer -   F_score: 0.33517
07/08/2026 20:26:23 - INFO - utils.trainer -   Loss: 2.56288
07/08/2026 20:26:23 - INFO - utils.trainer -    Train loss: 0.43747, Val loss: 2.56288, Val Accuracy: 0.3571, Best: 0.4067, Time: 11.6s
07/08/2026 20:26:34 - INFO - utils.trainer -   ***** Running evaluation on val0 dataset *****
07/08/2026 20:26:38 - INFO - utils.trainer -   AUC: 0.59967
07/08/2026 20:26:38 - INFO - utils.trainer -   Accuracy: 0.36716
07/08/2026 20:26:38 - INFO - utils.trainer -   Precision: 0.35224
07/08/2026 20:26:38 - INFO - utils.trainer -   Recall: 0.35642
07/08/2026 20:26:38 - INFO - utils.trainer -   F_score: 0.35166
07/08/2026 20:26:38 - INFO - utils.trainer -   Loss: 2.77244
07/08/2026 20:26:38 - INFO - utils.trainer -    Train loss: 0.45628, Val loss: 2.77244, Val Accuracy: 0.3672, Best: 0.4067, Time: 11.0s
07/08/2026 20:26:50 - INFO - utils.trainer -   ***** Running evaluation on val0 dataset *****
07/08/2026 20:26:54 - INFO - utils.trainer -   AUC: 0.60562
07/08/2026 20:26:54 - INFO - utils.trainer -   Accuracy: 0.36716
07/08/2026 20:26:54 - INFO - utils.trainer -   Precision: 0.34758
07/08/2026 20:26:54 - INFO - utils.trainer -   Recall: 0.33644
07/08/2026 20:26:54 - INFO - utils.trainer -   F_score: 0.34005
07/08/2026 20:26:54 - INFO - utils.trainer -   Loss: 2.44470
07/08/2026 20:26:54 - INFO - utils.trainer -    Train loss: 0.43455, Val loss: 2.44470, Val Accuracy: 0.3672, Best: 0.4067, Time: 11.9s
07/08/2026 20:27:06 - INFO - utils.trainer -   ***** Running evaluation on val0 dataset *****
07/08/2026 20:27:10 - INFO - utils.trainer -   AUC: 0.59266
07/08/2026 20:27:10 - INFO - utils.trainer -   Accuracy: 0.37180
07/08/2026 20:27:10 - INFO - utils.trainer -   Precision: 0.34816
07/08/2026 20:27:10 - INFO - utils.trainer -   Recall: 0.33306
07/08/2026 20:27:10 - INFO - utils.trainer -   F_score: 0.33429
07/08/2026 20:27:10 - INFO - utils.trainer -   Loss: 2.71260
07/08/2026 20:27:10 - INFO - utils.trainer -    Train loss: 0.41580, Val loss: 2.71260, Val Accuracy: 0.3718, Best: 0.4067, Time: 11.8s
07/08/2026 20:27:10 - INFO - utils.trainer -   Early stopping triggered at epoch 41
07/08/2026 20:27:10 - INFO - utils.trainer -   Model loaded from output_dir/BrainNetCNN/BrainNetCNN-0.bin (full model)
07/08/2026 20:27:10 - INFO - utils.trainer -   ***** Running evaluation on test0 dataset *****
07/08/2026 20:27:14 - INFO - utils.trainer -   AUC: 0.60544
07/08/2026 20:27:14 - INFO - utils.trainer -   Accuracy: 0.35415
07/08/2026 20:27:14 - INFO - utils.trainer -   Precision: 0.33730
07/08/2026 20:27:14 - INFO - utils.trainer -   Recall: 0.33340
07/08/2026 20:27:14 - INFO - utils.trainer -   F_score: 0.32344
07/08/2026 20:27:14 - INFO - utils.trainer -   Loss: 2.18407
07/08/2026 20:27:14 - INFO - utils.trainer -   === Final test result ===
07/08/2026 20:27:14 - INFO - utils.trainer -     AUC: 0.60544
07/08/2026 20:27:14 - INFO - utils.trainer -     Accuracy: 0.35415
07/08/2026 20:27:14 - INFO - utils.trainer -     Precision: 0.33730
07/08/2026 20:27:14 - INFO - utils.trainer -     Recall: 0.33340
07/08/2026 20:27:14 - INFO - utils.trainer -     F_score: 0.32344
07/08/2026 20:27:14 - INFO - utils.trainer -     Loss: 2.18407
