08/07/2026 17:01:58 - INFO - __main__ -   ########## Repeat:0 ##########
08/07/2026 17:01:58 - INFO - utils.trainer -   ***** Running training *****
08/07/2026 17:01:58 - INFO - utils.trainer -     Num examples = 296
08/07/2026 17:01:58 - INFO - utils.trainer -     Num Epochs = 200
08/07/2026 17:01:58 - INFO - utils.trainer -     Total train batch size = 2
08/07/2026 17:01:58 - INFO - utils.trainer -     warmup steps = 400
08/07/2026 17:01:58 - INFO - utils.trainer -     Total optimization steps = 59200
08/07/2026 17:01:58 - INFO - utils.trainer -     Save steps = 200
08/07/2026 17:02:10 - INFO - utils.trainer -   ***** Running evaluation on val dataset *****
08/07/2026 17:02:12 - INFO - utils.trainer -   Loss: 1.28403
08/07/2026 17:02:12 - INFO - utils.trainer -   AUC: 0.69015
08/07/2026 17:02:12 - INFO - utils.trainer -   Accuracy: 0.64516
08/07/2026 17:02:12 - INFO - utils.trainer -   Precision: 0.66747
08/07/2026 17:02:12 - INFO - utils.trainer -   Specificity: 0.59531
08/07/2026 17:02:12 - INFO - utils.trainer -   Sensitivity: 0.68734
08/07/2026 17:02:12 - INFO - utils.trainer -   Model saved to output_dir/ALTER_DiseaseCAUEEG_train
08/07/2026 17:02:12 - INFO - utils.trainer -   Best model saved (val_AUC=0.6902)
08/07/2026 17:02:12 - INFO - utils.trainer -   Epoch: 1, Loss: 1.36673, Val loss: 1.28403, Val AUC: 0.6902, Best val AUC: 0.6902, No improve: 0/10, Time: 12.4s
08/07/2026 17:02:25 - INFO - utils.trainer -   ***** Running evaluation on val dataset *****
08/07/2026 17:02:27 - INFO - utils.trainer -   Loss: 1.32939
08/07/2026 17:02:27 - INFO - utils.trainer -   AUC: 0.69969
08/07/2026 17:02:27 - INFO - utils.trainer -   Accuracy: 0.62769
08/07/2026 17:02:27 - INFO - utils.trainer -   Precision: 0.61413
08/07/2026 17:02:27 - INFO - utils.trainer -   Specificity: 0.37537
08/07/2026 17:02:27 - INFO - utils.trainer -   Sensitivity: 0.84119
08/07/2026 17:02:27 - INFO - utils.trainer -   Model saved to output_dir/ALTER_DiseaseCAUEEG_train
08/07/2026 17:02:27 - INFO - utils.trainer -   Best model saved (val_AUC=0.6997)
08/07/2026 17:02:27 - INFO - utils.trainer -   Epoch: 2, Loss: 1.13676, Val loss: 1.32939, Val AUC: 0.6997, Best val AUC: 0.6997, No improve: 0/10, Time: 12.3s
08/07/2026 17:02:39 - INFO - utils.trainer -   ***** Running evaluation on val dataset *****
08/07/2026 17:02:41 - INFO - utils.trainer -   Loss: 1.34908
08/07/2026 17:02:41 - INFO - utils.trainer -   AUC: 0.70346
08/07/2026 17:02:41 - INFO - utils.trainer -   Accuracy: 0.64247
08/07/2026 17:02:41 - INFO - utils.trainer -   Precision: 0.70948
08/07/2026 17:02:41 - INFO - utils.trainer -   Specificity: 0.72141
08/07/2026 17:02:41 - INFO - utils.trainer -   Sensitivity: 0.57568
08/07/2026 17:02:41 - INFO - utils.trainer -   Model saved to output_dir/ALTER_DiseaseCAUEEG_train
08/07/2026 17:02:41 - INFO - utils.trainer -   Best model saved (val_AUC=0.7035)
08/07/2026 17:02:41 - INFO - utils.trainer -   Epoch: 3, Loss: 1.14727, Val loss: 1.34908, Val AUC: 0.7035, Best val AUC: 0.7035, No improve: 0/10, Time: 12.4s
08/07/2026 17:02:54 - INFO - utils.trainer -   ***** Running evaluation on val dataset *****
08/07/2026 17:02:56 - INFO - utils.trainer -   Loss: 1.36720
08/07/2026 17:02:56 - INFO - utils.trainer -   AUC: 0.70196
08/07/2026 17:02:56 - INFO - utils.trainer -   Accuracy: 0.64516
08/07/2026 17:02:56 - INFO - utils.trainer -   Precision: 0.70746
08/07/2026 17:02:56 - INFO - utils.trainer -   Specificity: 0.71261
08/07/2026 17:02:56 - INFO - utils.trainer -   Sensitivity: 0.58809
08/07/2026 17:02:56 - INFO - utils.trainer -   Epoch: 4, Loss: 1.03422, Val loss: 1.36720, Val AUC: 0.7020, Best val AUC: 0.7035, No improve: 1/10, Time: 12.9s
08/07/2026 17:03:09 - INFO - utils.trainer -   ***** Running evaluation on val dataset *****
08/07/2026 17:03:11 - INFO - utils.trainer -   Loss: 1.42205
08/07/2026 17:03:11 - INFO - utils.trainer -   AUC: 0.71204
08/07/2026 17:03:11 - INFO - utils.trainer -   Accuracy: 0.66532
08/07/2026 17:03:11 - INFO - utils.trainer -   Precision: 0.68246
08/07/2026 17:03:11 - INFO - utils.trainer -   Specificity: 0.60704
08/07/2026 17:03:11 - INFO - utils.trainer -   Sensitivity: 0.71464
08/07/2026 17:03:11 - INFO - utils.trainer -   Model saved to output_dir/ALTER_DiseaseCAUEEG_train
08/07/2026 17:03:11 - INFO - utils.trainer -   Best model saved (val_AUC=0.7120)
08/07/2026 17:03:11 - INFO - utils.trainer -   Epoch: 5, Loss: 0.98628, Val loss: 1.42205, Val AUC: 0.7120, Best val AUC: 0.7120, No improve: 0/10, Time: 13.4s
08/07/2026 17:03:24 - INFO - utils.trainer -   ***** Running evaluation on val dataset *****
08/07/2026 17:03:26 - INFO - utils.trainer -   Loss: 1.43870
08/07/2026 17:03:26 - INFO - utils.trainer -   AUC: 0.72067
08/07/2026 17:03:26 - INFO - utils.trainer -   Accuracy: 0.64113
08/07/2026 17:03:26 - INFO - utils.trainer -   Precision: 0.72973
08/07/2026 17:03:26 - INFO - utils.trainer -   Specificity: 0.76540
08/07/2026 17:03:26 - INFO - utils.trainer -   Sensitivity: 0.53598
08/07/2026 17:03:26 - INFO - utils.trainer -   Model saved to output_dir/ALTER_DiseaseCAUEEG_train
08/07/2026 17:03:26 - INFO - utils.trainer -   Best model saved (val_AUC=0.7207)
08/07/2026 17:03:26 - INFO - utils.trainer -   Epoch: 6, Loss: 0.99809, Val loss: 1.43870, Val AUC: 0.7207, Best val AUC: 0.7207, No improve: 0/10, Time: 12.5s
08/07/2026 17:03:39 - INFO - utils.trainer -   ***** Running evaluation on val dataset *****
08/07/2026 17:03:41 - INFO - utils.trainer -   Loss: 1.46978
08/07/2026 17:03:41 - INFO - utils.trainer -   AUC: 0.72120
08/07/2026 17:03:41 - INFO - utils.trainer -   Accuracy: 0.63575
08/07/2026 17:03:41 - INFO - utils.trainer -   Precision: 0.72449
08/07/2026 17:03:41 - INFO - utils.trainer -   Specificity: 0.76246
08/07/2026 17:03:41 - INFO - utils.trainer -   Sensitivity: 0.52854
08/07/2026 17:03:41 - INFO - utils.trainer -   Epoch: 7, Loss: 0.88432, Val loss: 1.46978, Val AUC: 0.7212, Best val AUC: 0.7207, No improve: 1/10, Time: 13.1s
08/07/2026 17:03:55 - INFO - utils.trainer -   ***** Running evaluation on val dataset *****
08/07/2026 17:03:57 - INFO - utils.trainer -   Loss: 1.53275
08/07/2026 17:03:57 - INFO - utils.trainer -   AUC: 0.72095
08/07/2026 17:03:57 - INFO - utils.trainer -   Accuracy: 0.63441
08/07/2026 17:03:57 - INFO - utils.trainer -   Precision: 0.74170
08/07/2026 17:03:57 - INFO - utils.trainer -   Specificity: 0.79472
08/07/2026 17:03:57 - INFO - utils.trainer -   Sensitivity: 0.49876
08/07/2026 17:03:57 - INFO - utils.trainer -   Epoch: 8, Loss: 0.80061, Val loss: 1.53275, Val AUC: 0.7209, Best val AUC: 0.7207, No improve: 2/10, Time: 13.5s
08/07/2026 17:04:10 - INFO - utils.trainer -   ***** Running evaluation on val dataset *****
08/07/2026 17:04:12 - INFO - utils.trainer -   Loss: 1.58196
08/07/2026 17:04:12 - INFO - utils.trainer -   AUC: 0.72907
08/07/2026 17:04:12 - INFO - utils.trainer -   Accuracy: 0.63978
08/07/2026 17:04:12 - INFO - utils.trainer -   Precision: 0.70898
08/07/2026 17:04:12 - INFO - utils.trainer -   Specificity: 0.72434
08/07/2026 17:04:12 - INFO - utils.trainer -   Sensitivity: 0.56824
08/07/2026 17:04:12 - INFO - utils.trainer -   Model saved to output_dir/ALTER_DiseaseCAUEEG_train
08/07/2026 17:04:12 - INFO - utils.trainer -   Best model saved (val_AUC=0.7291)
08/07/2026 17:04:12 - INFO - utils.trainer -   Epoch: 9, Loss: 0.79519, Val loss: 1.58196, Val AUC: 0.7291, Best val AUC: 0.7291, No improve: 0/10, Time: 13.3s
08/07/2026 17:04:25 - INFO - utils.trainer -   ***** Running evaluation on val dataset *****
08/07/2026 17:04:27 - INFO - utils.trainer -   Loss: 1.54049
08/07/2026 17:04:27 - INFO - utils.trainer -   AUC: 0.71703
08/07/2026 17:04:27 - INFO - utils.trainer -   Accuracy: 0.64785
08/07/2026 17:04:27 - INFO - utils.trainer -   Precision: 0.68901
08/07/2026 17:04:27 - INFO - utils.trainer -   Specificity: 0.65982
08/07/2026 17:04:27 - INFO - utils.trainer -   Sensitivity: 0.63772
08/07/2026 17:04:27 - INFO - utils.trainer -   Epoch: 10, Loss: 0.74318, Val loss: 1.54049, Val AUC: 0.7170, Best val AUC: 0.7291, No improve: 1/10, Time: 13.1s
08/07/2026 17:04:41 - INFO - utils.trainer -   ***** Running evaluation on val dataset *****
08/07/2026 17:04:43 - INFO - utils.trainer -   Loss: 1.50621
08/07/2026 17:04:43 - INFO - utils.trainer -   AUC: 0.71750
08/07/2026 17:04:43 - INFO - utils.trainer -   Accuracy: 0.63978
08/07/2026 17:04:43 - INFO - utils.trainer -   Precision: 0.69565
08/07/2026 17:04:43 - INFO - utils.trainer -   Specificity: 0.69208
08/07/2026 17:04:43 - INFO - utils.trainer -   Sensitivity: 0.59553
08/07/2026 17:04:43 - INFO - utils.trainer -   Epoch: 11, Loss: 0.68603, Val loss: 1.50621, Val AUC: 0.7175, Best val AUC: 0.7291, No improve: 2/10, Time: 13.5s
08/07/2026 17:04:55 - INFO - utils.trainer -   ***** Running evaluation on val dataset *****
08/07/2026 17:04:57 - INFO - utils.trainer -   Loss: 1.67529
08/07/2026 17:04:57 - INFO - utils.trainer -   AUC: 0.71826
08/07/2026 17:04:57 - INFO - utils.trainer -   Accuracy: 0.64651
08/07/2026 17:04:57 - INFO - utils.trainer -   Precision: 0.69337
08/07/2026 17:04:57 - INFO - utils.trainer -   Specificity: 0.67449
08/07/2026 17:04:57 - INFO - utils.trainer -   Sensitivity: 0.62283
08/07/2026 17:04:57 - INFO - utils.trainer -   Epoch: 12, Loss: 0.69102, Val loss: 1.67529, Val AUC: 0.7183, Best val AUC: 0.7291, No improve: 3/10, Time: 12.5s
08/07/2026 17:05:10 - INFO - utils.trainer -   ***** Running evaluation on val dataset *****
08/07/2026 17:05:12 - INFO - utils.trainer -   Loss: 1.64480
08/07/2026 17:05:12 - INFO - utils.trainer -   AUC: 0.71590
08/07/2026 17:05:12 - INFO - utils.trainer -   Accuracy: 0.65860
08/07/2026 17:05:12 - INFO - utils.trainer -   Precision: 0.71594
08/07/2026 17:05:12 - INFO - utils.trainer -   Specificity: 0.71261
08/07/2026 17:05:12 - INFO - utils.trainer -   Sensitivity: 0.61290
08/07/2026 17:05:12 - INFO - utils.trainer -   Epoch: 13, Loss: 0.63844, Val loss: 1.64480, Val AUC: 0.7159, Best val AUC: 0.7291, No improve: 4/10, Time: 12.9s
08/07/2026 17:05:26 - INFO - utils.trainer -   ***** Running evaluation on val dataset *****
08/07/2026 17:05:28 - INFO - utils.trainer -   Loss: 1.72753
08/07/2026 17:05:28 - INFO - utils.trainer -   AUC: 0.72807
08/07/2026 17:05:28 - INFO - utils.trainer -   Accuracy: 0.65323
08/07/2026 17:05:28 - INFO - utils.trainer -   Precision: 0.71014
08/07/2026 17:05:28 - INFO - utils.trainer -   Specificity: 0.70674
08/07/2026 17:05:28 - INFO - utils.trainer -   Sensitivity: 0.60794
08/07/2026 17:05:28 - INFO - utils.trainer -   Epoch: 14, Loss: 0.61972, Val loss: 1.72753, Val AUC: 0.7281, Best val AUC: 0.7291, No improve: 5/10, Time: 13.7s
08/07/2026 17:05:41 - INFO - utils.trainer -   ***** Running evaluation on val dataset *****
08/07/2026 17:05:43 - INFO - utils.trainer -   Loss: 2.15543
08/07/2026 17:05:43 - INFO - utils.trainer -   AUC: 0.72626
08/07/2026 17:05:43 - INFO - utils.trainer -   Accuracy: 0.63306
08/07/2026 17:05:43 - INFO - utils.trainer -   Precision: 0.72727
08/07/2026 17:05:43 - INFO - utils.trainer -   Specificity: 0.77126
08/07/2026 17:05:43 - INFO - utils.trainer -   Sensitivity: 0.51613
08/07/2026 17:05:43 - INFO - utils.trainer -   Epoch: 15, Loss: 0.57212, Val loss: 2.15543, Val AUC: 0.7263, Best val AUC: 0.7291, No improve: 6/10, Time: 13.6s
08/07/2026 17:05:57 - INFO - utils.trainer -   ***** Running evaluation on val dataset *****
08/07/2026 17:05:59 - INFO - utils.trainer -   Loss: 1.87927
08/07/2026 17:05:59 - INFO - utils.trainer -   AUC: 0.72479
08/07/2026 17:05:59 - INFO - utils.trainer -   Accuracy: 0.64651
08/07/2026 17:05:59 - INFO - utils.trainer -   Precision: 0.72013
08/07/2026 17:05:59 - INFO - utils.trainer -   Specificity: 0.73900
08/07/2026 17:05:59 - INFO - utils.trainer -   Sensitivity: 0.56824
08/07/2026 17:05:59 - INFO - utils.trainer -   Epoch: 16, Loss: 0.51841, Val loss: 1.87927, Val AUC: 0.7248, Best val AUC: 0.7291, No improve: 7/10, Time: 13.2s
08/07/2026 17:06:12 - INFO - utils.trainer -   ***** Running evaluation on val dataset *****
08/07/2026 17:06:14 - INFO - utils.trainer -   Loss: 1.87739
08/07/2026 17:06:14 - INFO - utils.trainer -   AUC: 0.71571
08/07/2026 17:06:14 - INFO - utils.trainer -   Accuracy: 0.61694
08/07/2026 17:06:14 - INFO - utils.trainer -   Precision: 0.71377
08/07/2026 17:06:14 - INFO - utils.trainer -   Specificity: 0.76833
08/07/2026 17:06:14 - INFO - utils.trainer -   Sensitivity: 0.48883
08/07/2026 17:06:14 - INFO - utils.trainer -   Epoch: 17, Loss: 0.52041, Val loss: 1.87739, Val AUC: 0.7157, Best val AUC: 0.7291, No improve: 8/10, Time: 13.5s
08/07/2026 17:06:27 - INFO - utils.trainer -   ***** Running evaluation on val dataset *****
08/07/2026 17:06:29 - INFO - utils.trainer -   Loss: 1.78270
08/07/2026 17:06:29 - INFO - utils.trainer -   AUC: 0.73600
08/07/2026 17:06:29 - INFO - utils.trainer -   Accuracy: 0.67473
08/07/2026 17:06:29 - INFO - utils.trainer -   Precision: 0.67849
08/07/2026 17:06:29 - INFO - utils.trainer -   Specificity: 0.57478
08/07/2026 17:06:29 - INFO - utils.trainer -   Sensitivity: 0.75931
08/07/2026 17:06:29 - INFO - utils.trainer -   Model saved to output_dir/ALTER_DiseaseCAUEEG_train
08/07/2026 17:06:29 - INFO - utils.trainer -   Best model saved (val_AUC=0.7360)
08/07/2026 17:06:29 - INFO - utils.trainer -   Epoch: 18, Loss: 0.53140, Val loss: 1.78270, Val AUC: 0.7360, Best val AUC: 0.7360, No improve: 0/10, Time: 13.1s
08/07/2026 17:06:43 - INFO - utils.trainer -   ***** Running evaluation on val dataset *****
08/07/2026 17:06:45 - INFO - utils.trainer -   Loss: 1.95511
08/07/2026 17:06:45 - INFO - utils.trainer -   AUC: 0.72327
08/07/2026 17:06:45 - INFO - utils.trainer -   Accuracy: 0.65995
08/07/2026 17:06:45 - INFO - utils.trainer -   Precision: 0.70380
08/07/2026 17:06:45 - INFO - utils.trainer -   Specificity: 0.68035
08/07/2026 17:06:45 - INFO - utils.trainer -   Sensitivity: 0.64268
08/07/2026 17:06:45 - INFO - utils.trainer -   Epoch: 19, Loss: 0.43855, Val loss: 1.95511, Val AUC: 0.7233, Best val AUC: 0.7360, No improve: 1/10, Time: 13.5s
08/07/2026 17:06:58 - INFO - utils.trainer -   ***** Running evaluation on val dataset *****
08/07/2026 17:07:00 - INFO - utils.trainer -   Loss: 2.24553
08/07/2026 17:07:00 - INFO - utils.trainer -   AUC: 0.73117
08/07/2026 17:07:00 - INFO - utils.trainer -   Accuracy: 0.62231
08/07/2026 17:07:00 - INFO - utils.trainer -   Precision: 0.76522
08/07/2026 17:07:00 - INFO - utils.trainer -   Specificity: 0.84164
08/07/2026 17:07:00 - INFO - utils.trainer -   Sensitivity: 0.43672
08/07/2026 17:07:00 - INFO - utils.trainer -   Epoch: 20, Loss: 0.43310, Val loss: 2.24553, Val AUC: 0.7312, Best val AUC: 0.7360, No improve: 2/10, Time: 13.3s
08/07/2026 17:07:14 - INFO - utils.trainer -   ***** Running evaluation on val dataset *****
08/07/2026 17:07:16 - INFO - utils.trainer -   Loss: 2.11445
08/07/2026 17:07:16 - INFO - utils.trainer -   AUC: 0.72419
08/07/2026 17:07:16 - INFO - utils.trainer -   Accuracy: 0.65323
08/07/2026 17:07:16 - INFO - utils.trainer -   Precision: 0.70774
08/07/2026 17:07:16 - INFO - utils.trainer -   Specificity: 0.70088
08/07/2026 17:07:16 - INFO - utils.trainer -   Sensitivity: 0.61290
08/07/2026 17:07:16 - INFO - utils.trainer -   Epoch: 21, Loss: 0.42597, Val loss: 2.11445, Val AUC: 0.7242, Best val AUC: 0.7360, No improve: 3/10, Time: 13.5s
08/07/2026 17:07:28 - INFO - utils.trainer -   ***** Running evaluation on val dataset *****
08/07/2026 17:07:30 - INFO - utils.trainer -   Loss: 2.17136
08/07/2026 17:07:30 - INFO - utils.trainer -   AUC: 0.72902
08/07/2026 17:07:30 - INFO - utils.trainer -   Accuracy: 0.65860
08/07/2026 17:07:30 - INFO - utils.trainer -   Precision: 0.73354
08/07/2026 17:07:30 - INFO - utils.trainer -   Specificity: 0.75073
08/07/2026 17:07:30 - INFO - utils.trainer -   Sensitivity: 0.58065
08/07/2026 17:07:30 - INFO - utils.trainer -   Epoch: 22, Loss: 0.39566, Val loss: 2.17136, Val AUC: 0.7290, Best val AUC: 0.7360, No improve: 4/10, Time: 12.6s
08/07/2026 17:07:43 - INFO - utils.trainer -   ***** Running evaluation on val dataset *****
08/07/2026 17:07:45 - INFO - utils.trainer -   Loss: 2.22367
08/07/2026 17:07:45 - INFO - utils.trainer -   AUC: 0.72444
08/07/2026 17:07:45 - INFO - utils.trainer -   Accuracy: 0.65995
08/07/2026 17:07:45 - INFO - utils.trainer -   Precision: 0.70492
08/07/2026 17:07:45 - INFO - utils.trainer -   Specificity: 0.68328
08/07/2026 17:07:45 - INFO - utils.trainer -   Sensitivity: 0.64020
08/07/2026 17:07:45 - INFO - utils.trainer -   Epoch: 23, Loss: 0.33461, Val loss: 2.22367, Val AUC: 0.7244, Best val AUC: 0.7360, No improve: 5/10, Time: 13.0s
08/07/2026 17:07:59 - INFO - utils.trainer -   ***** Running evaluation on val dataset *****
08/07/2026 17:08:01 - INFO - utils.trainer -   Loss: 2.33934
08/07/2026 17:08:01 - INFO - utils.trainer -   AUC: 0.73177
08/07/2026 17:08:01 - INFO - utils.trainer -   Accuracy: 0.68011
08/07/2026 17:08:01 - INFO - utils.trainer -   Precision: 0.68212
08/07/2026 17:08:01 - INFO - utils.trainer -   Specificity: 0.57771
08/07/2026 17:08:01 - INFO - utils.trainer -   Sensitivity: 0.76675
08/07/2026 17:08:01 - INFO - utils.trainer -   Epoch: 24, Loss: 0.44172, Val loss: 2.33934, Val AUC: 0.7318, Best val AUC: 0.7360, No improve: 6/10, Time: 13.2s
08/07/2026 17:08:14 - INFO - utils.trainer -   ***** Running evaluation on val dataset *****
08/07/2026 17:08:16 - INFO - utils.trainer -   Loss: 2.36706
08/07/2026 17:08:16 - INFO - utils.trainer -   AUC: 0.73315
08/07/2026 17:08:16 - INFO - utils.trainer -   Accuracy: 0.67339
08/07/2026 17:08:16 - INFO - utils.trainer -   Precision: 0.74242
08/07/2026 17:08:16 - INFO - utils.trainer -   Specificity: 0.75073
08/07/2026 17:08:16 - INFO - utils.trainer -   Sensitivity: 0.60794
08/07/2026 17:08:16 - INFO - utils.trainer -   Epoch: 25, Loss: 0.31476, Val loss: 2.36706, Val AUC: 0.7331, Best val AUC: 0.7360, No improve: 7/10, Time: 13.3s
08/07/2026 17:08:30 - INFO - utils.trainer -   ***** Running evaluation on val dataset *****
08/07/2026 17:08:32 - INFO - utils.trainer -   Loss: 2.14802
08/07/2026 17:08:32 - INFO - utils.trainer -   AUC: 0.72731
08/07/2026 17:08:32 - INFO - utils.trainer -   Accuracy: 0.65726
08/07/2026 17:08:32 - INFO - utils.trainer -   Precision: 0.73270
08/07/2026 17:08:32 - INFO - utils.trainer -   Specificity: 0.75073
08/07/2026 17:08:32 - INFO - utils.trainer -   Sensitivity: 0.57816
08/07/2026 17:08:32 - INFO - utils.trainer -   Epoch: 26, Loss: 0.39868, Val loss: 2.14802, Val AUC: 0.7273, Best val AUC: 0.7360, No improve: 8/10, Time: 14.0s
08/07/2026 17:08:45 - INFO - utils.trainer -   ***** Running evaluation on val dataset *****
08/07/2026 17:08:47 - INFO - utils.trainer -   Loss: 2.83313
08/07/2026 17:08:47 - INFO - utils.trainer -   AUC: 0.73075
08/07/2026 17:08:47 - INFO - utils.trainer -   Accuracy: 0.65995
08/07/2026 17:08:47 - INFO - utils.trainer -   Precision: 0.72189
08/07/2026 17:08:47 - INFO - utils.trainer -   Specificity: 0.72434
08/07/2026 17:08:47 - INFO - utils.trainer -   Sensitivity: 0.60546
08/07/2026 17:08:47 - INFO - utils.trainer -   Epoch: 27, Loss: 0.28773, Val loss: 2.83313, Val AUC: 0.7308, Best val AUC: 0.7360, No improve: 9/10, Time: 13.1s
08/07/2026 17:08:59 - INFO - utils.trainer -   ***** Running evaluation on val dataset *****
08/07/2026 17:09:01 - INFO - utils.trainer -   Loss: 2.48606
08/07/2026 17:09:01 - INFO - utils.trainer -   AUC: 0.72993
08/07/2026 17:09:01 - INFO - utils.trainer -   Accuracy: 0.65188
08/07/2026 17:09:01 - INFO - utils.trainer -   Precision: 0.72500
08/07/2026 17:09:01 - INFO - utils.trainer -   Specificity: 0.74194
08/07/2026 17:09:01 - INFO - utils.trainer -   Sensitivity: 0.57568
08/07/2026 17:09:01 - INFO - utils.trainer -   Epoch: 28, Loss: 0.24231, Val loss: 2.48606, Val AUC: 0.7299, Best val AUC: 0.7360, No improve: 10/10, Time: 12.0s
08/07/2026 17:09:01 - INFO - utils.trainer -   Early stopping triggered at epoch 28
08/07/2026 17:09:01 - INFO - utils.trainer -   Early stopping triggered at epoch 28
08/07/2026 17:09:01 - INFO - utils.trainer -   Early stopping triggered at epoch 28
08/07/2026 17:09:01 - INFO - utils.trainer -   Early stopping triggered at epoch 28
08/07/2026 17:09:01 - INFO - utils.trainer -   Early stopping triggered at epoch 28
08/07/2026 17:09:01 - INFO - utils.trainer -   Early stopping triggered at epoch 28
08/07/2026 17:09:01 - INFO - utils.trainer -     6 keys not in checkpoint (kept from init)
08/07/2026 17:09:01 - INFO - utils.trainer -   Model loaded from output_dir/ALTER_DiseaseCAUEEG_train/ALTER-0.bin (27/27 keys)
08/07/2026 17:09:01 - INFO - utils.trainer -   ***** Running evaluation on test dataset *****
08/07/2026 17:09:01 - INFO - utils.trainer -     6 keys not in checkpoint (kept from init)
08/07/2026 17:09:01 - INFO - utils.trainer -   Model loaded from output_dir/ALTER_DiseaseCAUEEG_train/ALTER-0.bin (27/27 keys)
08/07/2026 17:09:01 - INFO - utils.trainer -     6 keys not in checkpoint (kept from init)
08/07/2026 17:09:01 - INFO - utils.trainer -   Model loaded from output_dir/ALTER_DiseaseCAUEEG_train/ALTER-0.bin (27/27 keys)
08/07/2026 17:09:01 - INFO - utils.trainer -     6 keys not in checkpoint (kept from init)
08/07/2026 17:09:01 - INFO - utils.trainer -   Model loaded from output_dir/ALTER_DiseaseCAUEEG_train/ALTER-0.bin (27/27 keys)
08/07/2026 17:09:01 - INFO - utils.trainer -     6 keys not in checkpoint (kept from init)
08/07/2026 17:09:01 - INFO - utils.trainer -   Model loaded from output_dir/ALTER_DiseaseCAUEEG_train/ALTER-0.bin (27/27 keys)
08/07/2026 17:09:01 - INFO - utils.trainer -     6 keys not in checkpoint (kept from init)
08/07/2026 17:09:01 - INFO - utils.trainer -   Model loaded from output_dir/ALTER_DiseaseCAUEEG_train/ALTER-0.bin (27/27 keys)
08/07/2026 17:09:03 - INFO - utils.trainer -   Loss: 1.56632
08/07/2026 17:09:03 - INFO - utils.trainer -   AUC: 0.76291
08/07/2026 17:09:03 - INFO - utils.trainer -   Accuracy: 0.66667
08/07/2026 17:09:03 - INFO - utils.trainer -   Precision: 0.59039
08/07/2026 17:09:03 - INFO - utils.trainer -   Specificity: 0.59410
08/07/2026 17:09:03 - INFO - utils.trainer -   Sensitivity: 0.76106
08/07/2026 17:09:03 - INFO - utils.trainer -   === Best epoch test result ===
08/07/2026 17:09:03 - INFO - utils.trainer -     Loss: 1.56632
08/07/2026 17:09:03 - INFO - utils.trainer -     AUC: 0.76291
08/07/2026 17:09:03 - INFO - utils.trainer -     Accuracy: 0.66667
08/07/2026 17:09:03 - INFO - utils.trainer -     Precision: 0.59039
08/07/2026 17:09:03 - INFO - utils.trainer -     Specificity: 0.59410
08/07/2026 17:09:03 - INFO - utils.trainer -     Sensitivity: 0.76106
08/07/2026 17:09:03 - INFO - utils.trainer -   Model saved to output_dir/ALTER_DiseaseCAUEEG_train/final-epoch-200
08/07/2026 17:09:03 - INFO - utils.trainer -   Final model saved at epoch 200
