08/11/2026 21:52:23 - INFO - __main__ -   ########## Repeat:0 ##########
08/11/2026 21:52:23 - INFO - utils.trainer -   ***** Running training *****
08/11/2026 21:52:23 - INFO - utils.trainer -     Num examples = 296
08/11/2026 21:52:23 - INFO - utils.trainer -     Num Epochs = 200
08/11/2026 21:52:23 - INFO - utils.trainer -     Total train batch size = 2
08/11/2026 21:52:23 - INFO - utils.trainer -     warmup steps = 400
08/11/2026 21:52:23 - INFO - utils.trainer -     Total optimization steps = 59200
08/11/2026 21:52:23 - INFO - utils.trainer -     Save steps = 25
08/11/2026 21:53:50 - INFO - utils.trainer -   ***** Running evaluation on val dataset *****
08/11/2026 21:53:57 - INFO - utils.trainer -   Loss: 1.06813
08/11/2026 21:53:57 - INFO - utils.trainer -   AUC: 0.54441
08/11/2026 21:53:57 - INFO - utils.trainer -   Accuracy: 0.54167
08/11/2026 21:53:57 - INFO - utils.trainer -   Precision: 0.54167
08/11/2026 21:53:57 - INFO - utils.trainer -   Specificity: 0.00000
08/11/2026 21:53:57 - INFO - utils.trainer -   Sensitivity: 1.00000
08/11/2026 21:53:58 - INFO - utils.trainer -   Model saved to output_dir/TimeLLM_DiseaseCAUEEG_train
08/11/2026 21:53:58 - INFO - utils.trainer -   Best model saved (val_AUC=0.5444)
08/11/2026 21:53:58 - INFO - utils.trainer -   Epoch: 1, Loss: 1.29957, Val loss: 1.06813, Val AUC: 0.5444, Best val AUC: 0.5444, No improve: 0/10, Time: 86.6s
08/11/2026 21:55:23 - INFO - utils.trainer -   ***** Running evaluation on val dataset *****
08/11/2026 21:55:31 - INFO - utils.trainer -   Loss: 0.78101
08/11/2026 21:55:31 - INFO - utils.trainer -   AUC: 0.69168
08/11/2026 21:55:31 - INFO - utils.trainer -   Accuracy: 0.64516
08/11/2026 21:55:31 - INFO - utils.trainer -   Precision: 0.66747
08/11/2026 21:55:31 - INFO - utils.trainer -   Specificity: 0.59531
08/11/2026 21:55:31 - INFO - utils.trainer -   Sensitivity: 0.68734
08/11/2026 21:55:32 - INFO - utils.trainer -   Model saved to output_dir/TimeLLM_DiseaseCAUEEG_train
08/11/2026 21:55:32 - INFO - utils.trainer -   Best model saved (val_AUC=0.6917)
08/11/2026 21:55:32 - INFO - utils.trainer -   Epoch: 2, Loss: 1.02449, Val loss: 0.78101, Val AUC: 0.6917, Best val AUC: 0.6917, No improve: 0/10, Time: 85.5s
08/11/2026 21:56:57 - INFO - utils.trainer -   ***** Running evaluation on val dataset *****
08/11/2026 21:57:04 - INFO - utils.trainer -   Loss: 0.76315
08/11/2026 21:57:04 - INFO - utils.trainer -   AUC: 0.73681
08/11/2026 21:57:04 - INFO - utils.trainer -   Accuracy: 0.63978
08/11/2026 21:57:04 - INFO - utils.trainer -   Precision: 0.74725
08/11/2026 21:57:04 - INFO - utils.trainer -   Specificity: 0.79765
08/11/2026 21:57:04 - INFO - utils.trainer -   Sensitivity: 0.50620
08/11/2026 21:57:05 - INFO - utils.trainer -   Model saved to output_dir/TimeLLM_DiseaseCAUEEG_train
08/11/2026 21:57:05 - INFO - utils.trainer -   Best model saved (val_AUC=0.7368)
08/11/2026 21:57:05 - INFO - utils.trainer -   Epoch: 3, Loss: 0.75508, Val loss: 0.76315, Val AUC: 0.7368, Best val AUC: 0.7368, No improve: 0/10, Time: 85.2s
08/11/2026 21:58:30 - INFO - utils.trainer -   ***** Running evaluation on val dataset *****
08/11/2026 21:58:37 - INFO - utils.trainer -   Loss: 0.97236
08/11/2026 21:58:37 - INFO - utils.trainer -   AUC: 0.75684
08/11/2026 21:58:37 - INFO - utils.trainer -   Accuracy: 0.56989
08/11/2026 21:58:37 - INFO - utils.trainer -   Precision: 0.82677
08/11/2026 21:58:37 - INFO - utils.trainer -   Specificity: 0.93548
08/11/2026 21:58:37 - INFO - utils.trainer -   Sensitivity: 0.26055
08/11/2026 21:58:38 - INFO - utils.trainer -   Model saved to output_dir/TimeLLM_DiseaseCAUEEG_train
08/11/2026 21:58:38 - INFO - utils.trainer -   Best model saved (val_AUC=0.7568)
08/11/2026 21:58:38 - INFO - utils.trainer -   Epoch: 4, Loss: 0.63671, Val loss: 0.97236, Val AUC: 0.7568, Best val AUC: 0.7568, No improve: 0/10, Time: 85.2s
08/11/2026 22:00:04 - INFO - utils.trainer -   ***** Running evaluation on val dataset *****
08/11/2026 22:00:10 - INFO - utils.trainer -   Loss: 0.73624
08/11/2026 22:00:10 - INFO - utils.trainer -   AUC: 0.74822
08/11/2026 22:00:10 - INFO - utils.trainer -   Accuracy: 0.66398
08/11/2026 22:00:10 - INFO - utils.trainer -   Precision: 0.72836
08/11/2026 22:00:10 - INFO - utils.trainer -   Specificity: 0.73314
08/11/2026 22:00:10 - INFO - utils.trainer -   Sensitivity: 0.60546
08/11/2026 22:00:10 - INFO - utils.trainer -   Epoch: 5, Loss: 0.59582, Val loss: 0.73624, Val AUC: 0.7482, Best val AUC: 0.7568, No improve: 1/10, Time: 85.3s
08/11/2026 22:01:36 - INFO - utils.trainer -   ***** Running evaluation on val dataset *****
08/11/2026 22:01:43 - INFO - utils.trainer -   Loss: 0.83592
08/11/2026 22:01:43 - INFO - utils.trainer -   AUC: 0.74450
08/11/2026 22:01:43 - INFO - utils.trainer -   Accuracy: 0.65726
08/11/2026 22:01:43 - INFO - utils.trainer -   Precision: 0.72699
08/11/2026 22:01:43 - INFO - utils.trainer -   Specificity: 0.73900
08/11/2026 22:01:43 - INFO - utils.trainer -   Sensitivity: 0.58809
08/11/2026 22:01:43 - INFO - utils.trainer -   Epoch: 6, Loss: 0.55098, Val loss: 0.83592, Val AUC: 0.7445, Best val AUC: 0.7568, No improve: 2/10, Time: 85.3s
08/11/2026 22:03:08 - INFO - utils.trainer -   ***** Running evaluation on val dataset *****
08/11/2026 22:03:15 - INFO - utils.trainer -   Loss: 0.78012
08/11/2026 22:03:15 - INFO - utils.trainer -   AUC: 0.73155
08/11/2026 22:03:15 - INFO - utils.trainer -   Accuracy: 0.67339
08/11/2026 22:03:15 - INFO - utils.trainer -   Precision: 0.67391
08/11/2026 22:03:15 - INFO - utils.trainer -   Specificity: 0.56012
08/11/2026 22:03:15 - INFO - utils.trainer -   Sensitivity: 0.76923
08/11/2026 22:03:15 - INFO - utils.trainer -   Epoch: 7, Loss: 0.55167, Val loss: 0.78012, Val AUC: 0.7316, Best val AUC: 0.7568, No improve: 3/10, Time: 85.2s
08/11/2026 22:04:40 - INFO - utils.trainer -   ***** Running evaluation on val dataset *****
08/11/2026 22:04:48 - INFO - utils.trainer -   Loss: 1.03495
08/11/2026 22:04:48 - INFO - utils.trainer -   AUC: 0.72502
08/11/2026 22:04:48 - INFO - utils.trainer -   Accuracy: 0.64919
08/11/2026 22:04:48 - INFO - utils.trainer -   Precision: 0.76296
08/11/2026 22:04:48 - INFO - utils.trainer -   Specificity: 0.81232
08/11/2026 22:04:48 - INFO - utils.trainer -   Sensitivity: 0.51117
08/11/2026 22:04:48 - INFO - utils.trainer -   Epoch: 8, Loss: 0.45448, Val loss: 1.03495, Val AUC: 0.7250, Best val AUC: 0.7568, No improve: 4/10, Time: 85.1s
08/11/2026 22:06:14 - INFO - utils.trainer -   ***** Running evaluation on val dataset *****
08/11/2026 22:06:21 - INFO - utils.trainer -   Loss: 0.82963
08/11/2026 22:06:21 - INFO - utils.trainer -   AUC: 0.73502
08/11/2026 22:06:21 - INFO - utils.trainer -   Accuracy: 0.65995
08/11/2026 22:06:21 - INFO - utils.trainer -   Precision: 0.74834
08/11/2026 22:06:21 - INFO - utils.trainer -   Specificity: 0.77713
08/11/2026 22:06:21 - INFO - utils.trainer -   Sensitivity: 0.56079
08/11/2026 22:06:21 - INFO - utils.trainer -   Epoch: 9, Loss: 0.44320, Val loss: 0.82963, Val AUC: 0.7350, Best val AUC: 0.7568, No improve: 5/10, Time: 86.5s
08/11/2026 22:07:46 - INFO - utils.trainer -   ***** Running evaluation on val dataset *****
08/11/2026 22:07:54 - INFO - utils.trainer -   Loss: 0.81461
08/11/2026 22:07:54 - INFO - utils.trainer -   AUC: 0.73749
08/11/2026 22:07:54 - INFO - utils.trainer -   Accuracy: 0.68145
08/11/2026 22:07:54 - INFO - utils.trainer -   Precision: 0.69575
08/11/2026 22:07:54 - INFO - utils.trainer -   Specificity: 0.62170
08/11/2026 22:07:54 - INFO - utils.trainer -   Sensitivity: 0.73201
08/11/2026 22:07:54 - INFO - utils.trainer -   Epoch: 10, Loss: 0.39854, Val loss: 0.81461, Val AUC: 0.7375, Best val AUC: 0.7568, No improve: 6/10, Time: 85.2s
08/11/2026 22:09:19 - INFO - utils.trainer -   ***** Running evaluation on val dataset *****
08/11/2026 22:09:26 - INFO - utils.trainer -   Loss: 0.86813
08/11/2026 22:09:26 - INFO - utils.trainer -   AUC: 0.73222
08/11/2026 22:09:26 - INFO - utils.trainer -   Accuracy: 0.66801
08/11/2026 22:09:26 - INFO - utils.trainer -   Precision: 0.64885
08/11/2026 22:09:26 - INFO - utils.trainer -   Specificity: 0.46041
08/11/2026 22:09:26 - INFO - utils.trainer -   Sensitivity: 0.84367
08/11/2026 22:09:26 - INFO - utils.trainer -   Epoch: 11, Loss: 0.39601, Val loss: 0.86813, Val AUC: 0.7322, Best val AUC: 0.7568, No improve: 7/10, Time: 85.1s
08/11/2026 22:10:51 - INFO - utils.trainer -   ***** Running evaluation on val dataset *****
08/11/2026 22:10:58 - INFO - utils.trainer -   Loss: 0.87259
08/11/2026 22:10:58 - INFO - utils.trainer -   AUC: 0.74219
08/11/2026 22:10:58 - INFO - utils.trainer -   Accuracy: 0.67608
08/11/2026 22:10:58 - INFO - utils.trainer -   Precision: 0.66667
08/11/2026 22:10:58 - INFO - utils.trainer -   Specificity: 0.52493
08/11/2026 22:10:58 - INFO - utils.trainer -   Sensitivity: 0.80397
08/11/2026 22:10:58 - INFO - utils.trainer -   Epoch: 12, Loss: 0.34346, Val loss: 0.87259, Val AUC: 0.7422, Best val AUC: 0.7568, No improve: 8/10, Time: 85.4s
08/11/2026 22:12:23 - INFO - utils.trainer -   ***** Running evaluation on val dataset *****
08/11/2026 22:12:30 - INFO - utils.trainer -   Loss: 0.99863
08/11/2026 22:12:30 - INFO - utils.trainer -   AUC: 0.71002
08/11/2026 22:12:30 - INFO - utils.trainer -   Accuracy: 0.63710
08/11/2026 22:12:30 - INFO - utils.trainer -   Precision: 0.71383
08/11/2026 22:12:30 - INFO - utils.trainer -   Specificity: 0.73900
08/11/2026 22:12:30 - INFO - utils.trainer -   Sensitivity: 0.55087
08/11/2026 22:12:30 - INFO - utils.trainer -   Epoch: 13, Loss: 0.33385, Val loss: 0.99863, Val AUC: 0.7100, Best val AUC: 0.7568, No improve: 9/10, Time: 85.2s
08/11/2026 22:13:56 - INFO - utils.trainer -   ***** Running evaluation on val dataset *****
08/11/2026 22:14:03 - INFO - utils.trainer -   Loss: 0.86888
08/11/2026 22:14:03 - INFO - utils.trainer -   AUC: 0.75859
08/11/2026 22:14:03 - INFO - utils.trainer -   Accuracy: 0.69220
08/11/2026 22:14:03 - INFO - utils.trainer -   Precision: 0.72423
08/11/2026 22:14:03 - INFO - utils.trainer -   Specificity: 0.68622
08/11/2026 22:14:03 - INFO - utils.trainer -   Sensitivity: 0.69727
08/11/2026 22:14:04 - INFO - utils.trainer -   Model saved to output_dir/TimeLLM_DiseaseCAUEEG_train
08/11/2026 22:14:04 - INFO - utils.trainer -   Best model saved (val_AUC=0.7586)
08/11/2026 22:14:04 - INFO - utils.trainer -   Epoch: 14, Loss: 0.31728, Val loss: 0.86888, Val AUC: 0.7586, Best val AUC: 0.7586, No improve: 0/10, Time: 85.3s
08/11/2026 22:15:29 - INFO - utils.trainer -   ***** Running evaluation on val dataset *****
08/11/2026 22:15:36 - INFO - utils.trainer -   Loss: 0.99642
08/11/2026 22:15:36 - INFO - utils.trainer -   AUC: 0.73406
08/11/2026 22:15:36 - INFO - utils.trainer -   Accuracy: 0.64785
08/11/2026 22:15:36 - INFO - utils.trainer -   Precision: 0.69859
08/11/2026 22:15:36 - INFO - utils.trainer -   Specificity: 0.68622
08/11/2026 22:15:36 - INFO - utils.trainer -   Sensitivity: 0.61538
08/11/2026 22:15:36 - INFO - utils.trainer -   Epoch: 15, Loss: 0.30498, Val loss: 0.99642, Val AUC: 0.7341, Best val AUC: 0.7586, No improve: 1/10, Time: 85.5s
08/11/2026 22:17:02 - INFO - utils.trainer -   ***** Running evaluation on val dataset *****
08/11/2026 22:17:09 - INFO - utils.trainer -   Loss: 0.99016
08/11/2026 22:17:09 - INFO - utils.trainer -   AUC: 0.73883
08/11/2026 22:17:09 - INFO - utils.trainer -   Accuracy: 0.65995
08/11/2026 22:17:09 - INFO - utils.trainer -   Precision: 0.74834
08/11/2026 22:17:09 - INFO - utils.trainer -   Specificity: 0.77713
08/11/2026 22:17:09 - INFO - utils.trainer -   Sensitivity: 0.56079
08/11/2026 22:17:09 - INFO - utils.trainer -   Epoch: 16, Loss: 0.29188, Val loss: 0.99016, Val AUC: 0.7388, Best val AUC: 0.7586, No improve: 2/10, Time: 85.4s
08/11/2026 22:18:35 - INFO - utils.trainer -   ***** Running evaluation on val dataset *****
08/11/2026 22:18:42 - INFO - utils.trainer -   Loss: 1.13571
08/11/2026 22:18:42 - INFO - utils.trainer -   AUC: 0.74303
08/11/2026 22:18:42 - INFO - utils.trainer -   Accuracy: 0.65726
08/11/2026 22:18:42 - INFO - utils.trainer -   Precision: 0.71637
08/11/2026 22:18:42 - INFO - utils.trainer -   Specificity: 0.71554
08/11/2026 22:18:42 - INFO - utils.trainer -   Sensitivity: 0.60794
08/11/2026 22:18:42 - INFO - utils.trainer -   Epoch: 17, Loss: 0.23413, Val loss: 1.13571, Val AUC: 0.7430, Best val AUC: 0.7586, No improve: 3/10, Time: 86.5s
08/11/2026 22:20:07 - INFO - utils.trainer -   ***** Running evaluation on val dataset *****
08/11/2026 22:20:15 - INFO - utils.trainer -   Loss: 1.17000
08/11/2026 22:20:15 - INFO - utils.trainer -   AUC: 0.74610
08/11/2026 22:20:15 - INFO - utils.trainer -   Accuracy: 0.68011
08/11/2026 22:20:15 - INFO - utils.trainer -   Precision: 0.72480
08/11/2026 22:20:15 - INFO - utils.trainer -   Specificity: 0.70381
08/11/2026 22:20:15 - INFO - utils.trainer -   Sensitivity: 0.66005
08/11/2026 22:20:15 - INFO - utils.trainer -   Epoch: 18, Loss: 0.22774, Val loss: 1.17000, Val AUC: 0.7461, Best val AUC: 0.7586, No improve: 4/10, Time: 85.2s
08/11/2026 22:21:40 - INFO - utils.trainer -   ***** Running evaluation on val dataset *****
08/11/2026 22:21:47 - INFO - utils.trainer -   Loss: 1.16402
08/11/2026 22:21:47 - INFO - utils.trainer -   AUC: 0.74515
08/11/2026 22:21:47 - INFO - utils.trainer -   Accuracy: 0.67473
08/11/2026 22:21:47 - INFO - utils.trainer -   Precision: 0.74174
08/11/2026 22:21:47 - INFO - utils.trainer -   Specificity: 0.74780
08/11/2026 22:21:47 - INFO - utils.trainer -   Sensitivity: 0.61290
08/11/2026 22:21:47 - INFO - utils.trainer -   Epoch: 19, Loss: 0.19531, Val loss: 1.16402, Val AUC: 0.7452, Best val AUC: 0.7586, No improve: 5/10, Time: 85.4s
08/11/2026 22:23:12 - INFO - utils.trainer -   ***** Running evaluation on val dataset *****
08/11/2026 22:23:19 - INFO - utils.trainer -   Loss: 1.23984
08/11/2026 22:23:19 - INFO - utils.trainer -   AUC: 0.73551
08/11/2026 22:23:19 - INFO - utils.trainer -   Accuracy: 0.67339
08/11/2026 22:23:19 - INFO - utils.trainer -   Precision: 0.72727
08/11/2026 22:23:19 - INFO - utils.trainer -   Specificity: 0.71848
08/11/2026 22:23:19 - INFO - utils.trainer -   Sensitivity: 0.63524
08/11/2026 22:23:19 - INFO - utils.trainer -   Epoch: 20, Loss: 0.19533, Val loss: 1.23984, Val AUC: 0.7355, Best val AUC: 0.7586, No improve: 6/10, Time: 85.3s
08/11/2026 22:24:45 - INFO - utils.trainer -   ***** Running evaluation on val dataset *****
08/11/2026 22:24:52 - INFO - utils.trainer -   Loss: 1.20474
08/11/2026 22:24:52 - INFO - utils.trainer -   AUC: 0.75331
08/11/2026 22:24:52 - INFO - utils.trainer -   Accuracy: 0.69489
08/11/2026 22:24:52 - INFO - utils.trainer -   Precision: 0.70952
08/11/2026 22:24:52 - INFO - utils.trainer -   Specificity: 0.64223
08/11/2026 22:24:52 - INFO - utils.trainer -   Sensitivity: 0.73945
08/11/2026 22:24:52 - INFO - utils.trainer -   Epoch: 21, Loss: 0.17025, Val loss: 1.20474, Val AUC: 0.7533, Best val AUC: 0.7586, No improve: 7/10, Time: 85.3s
08/11/2026 22:26:17 - INFO - utils.trainer -   ***** Running evaluation on val dataset *****
08/11/2026 22:26:24 - INFO - utils.trainer -   Loss: 1.33133
08/11/2026 22:26:24 - INFO - utils.trainer -   AUC: 0.75837
08/11/2026 22:26:24 - INFO - utils.trainer -   Accuracy: 0.68952
08/11/2026 22:26:24 - INFO - utils.trainer -   Precision: 0.73497
08/11/2026 22:26:24 - INFO - utils.trainer -   Specificity: 0.71554
08/11/2026 22:26:24 - INFO - utils.trainer -   Sensitivity: 0.66749
08/11/2026 22:26:24 - INFO - utils.trainer -   Epoch: 22, Loss: 0.18085, Val loss: 1.33133, Val AUC: 0.7584, Best val AUC: 0.7586, No improve: 8/10, Time: 85.3s
08/11/2026 22:27:49 - INFO - utils.trainer -   ***** Running evaluation on val dataset *****
08/11/2026 22:27:56 - INFO - utils.trainer -   Loss: 1.39937
08/11/2026 22:27:56 - INFO - utils.trainer -   AUC: 0.74830
08/11/2026 22:27:56 - INFO - utils.trainer -   Accuracy: 0.68414
08/11/2026 22:27:56 - INFO - utils.trainer -   Precision: 0.70792
08/11/2026 22:27:56 - INFO - utils.trainer -   Specificity: 0.65396
08/11/2026 22:27:56 - INFO - utils.trainer -   Sensitivity: 0.70968
08/11/2026 22:27:56 - INFO - utils.trainer -   Epoch: 23, Loss: 0.14397, Val loss: 1.39937, Val AUC: 0.7483, Best val AUC: 0.7586, No improve: 9/10, Time: 85.3s
08/11/2026 22:29:22 - INFO - utils.trainer -   ***** Running evaluation on val dataset *****
08/11/2026 22:29:29 - INFO - utils.trainer -   Loss: 1.43689
08/11/2026 22:29:29 - INFO - utils.trainer -   AUC: 0.74872
08/11/2026 22:29:29 - INFO - utils.trainer -   Accuracy: 0.68011
08/11/2026 22:29:29 - INFO - utils.trainer -   Precision: 0.72981
08/11/2026 22:29:29 - INFO - utils.trainer -   Specificity: 0.71554
08/11/2026 22:29:29 - INFO - utils.trainer -   Sensitivity: 0.65012
08/11/2026 22:29:29 - INFO - utils.trainer -   Epoch: 24, Loss: 0.15330, Val loss: 1.43689, Val AUC: 0.7487, Best val AUC: 0.7586, No improve: 10/10, Time: 85.8s
08/11/2026 22:29:29 - INFO - utils.trainer -   Early stopping triggered at epoch 24
08/11/2026 22:29:29 - INFO - utils.trainer -   Early stopping triggered at epoch 24
08/11/2026 22:29:29 - INFO - utils.trainer -   Early stopping triggered at epoch 24
08/11/2026 22:29:29 - INFO - utils.trainer -   Early stopping triggered at epoch 24
08/11/2026 22:29:29 - INFO - utils.trainer -   Early stopping triggered at epoch 24
08/11/2026 22:29:29 - INFO - utils.trainer -   Early stopping triggered at epoch 24
08/11/2026 22:29:30 - INFO - utils.trainer -     2 prompt-buffer key(s) skipped (kept target-dataset prompt)
08/11/2026 22:29:30 - INFO - utils.trainer -     582 keys not in checkpoint (kept from init)
08/11/2026 22:29:30 - INFO - utils.trainer -   Model loaded from output_dir/TimeLLM_DiseaseCAUEEG_train/TimeLLM-0.bin (21/23 keys)
08/11/2026 22:29:30 - INFO - utils.trainer -     2 prompt-buffer key(s) skipped (kept target-dataset prompt)
08/11/2026 22:29:30 - INFO - utils.trainer -     582 keys not in checkpoint (kept from init)
08/11/2026 22:29:30 - INFO - utils.trainer -   Model loaded from output_dir/TimeLLM_DiseaseCAUEEG_train/TimeLLM-0.bin (21/23 keys)
08/11/2026 22:29:30 - INFO - utils.trainer -     2 prompt-buffer key(s) skipped (kept target-dataset prompt)
08/11/2026 22:29:30 - INFO - utils.trainer -     582 keys not in checkpoint (kept from init)
08/11/2026 22:29:30 - INFO - utils.trainer -   Model loaded from output_dir/TimeLLM_DiseaseCAUEEG_train/TimeLLM-0.bin (21/23 keys)
08/11/2026 22:29:30 - INFO - utils.trainer -     2 prompt-buffer key(s) skipped (kept target-dataset prompt)
08/11/2026 22:29:30 - INFO - utils.trainer -     582 keys not in checkpoint (kept from init)
08/11/2026 22:29:30 - INFO - utils.trainer -   Model loaded from output_dir/TimeLLM_DiseaseCAUEEG_train/TimeLLM-0.bin (21/23 keys)
08/11/2026 22:29:30 - INFO - utils.trainer -   ***** Running evaluation on test dataset *****
08/11/2026 22:29:30 - INFO - utils.trainer -     2 prompt-buffer key(s) skipped (kept target-dataset prompt)
08/11/2026 22:29:30 - INFO - utils.trainer -     582 keys not in checkpoint (kept from init)
08/11/2026 22:29:30 - INFO - utils.trainer -   Model loaded from output_dir/TimeLLM_DiseaseCAUEEG_train/TimeLLM-0.bin (21/23 keys)
08/11/2026 22:29:30 - INFO - utils.trainer -     2 prompt-buffer key(s) skipped (kept target-dataset prompt)
08/11/2026 22:29:30 - INFO - utils.trainer -     582 keys not in checkpoint (kept from init)
08/11/2026 22:29:30 - INFO - utils.trainer -   Model loaded from output_dir/TimeLLM_DiseaseCAUEEG_train/TimeLLM-0.bin (21/23 keys)
08/11/2026 22:29:37 - INFO - utils.trainer -   Loss: 0.86761
08/11/2026 22:29:37 - INFO - utils.trainer -   AUC: 0.72273
08/11/2026 22:29:37 - INFO - utils.trainer -   Accuracy: 0.65897
08/11/2026 22:29:37 - INFO - utils.trainer -   Precision: 0.61231
08/11/2026 22:29:37 - INFO - utils.trainer -   Specificity: 0.71429
08/11/2026 22:29:37 - INFO - utils.trainer -   Sensitivity: 0.58702
08/11/2026 22:29:37 - INFO - utils.trainer -   === Best epoch test result ===
08/11/2026 22:29:37 - INFO - utils.trainer -     Loss: 0.86761
08/11/2026 22:29:37 - INFO - utils.trainer -     AUC: 0.72273
08/11/2026 22:29:37 - INFO - utils.trainer -     Accuracy: 0.65897
08/11/2026 22:29:37 - INFO - utils.trainer -     Precision: 0.61231
08/11/2026 22:29:37 - INFO - utils.trainer -     Specificity: 0.71429
08/11/2026 22:29:37 - INFO - utils.trainer -     Sensitivity: 0.58702
08/11/2026 22:29:38 - INFO - utils.trainer -   Model saved to output_dir/TimeLLM_DiseaseCAUEEG_train/final-epoch-200
08/11/2026 22:29:38 - INFO - utils.trainer -   Final model saved at epoch 200
