08/07/2026 12:36:53 - INFO - __main__ -   ########## Repeat:0 ##########
08/07/2026 12:36:53 - INFO - utils.trainer -   ***** Running training *****
08/07/2026 12:36:53 - INFO - utils.trainer -     Num examples = 44
08/07/2026 12:36:53 - INFO - utils.trainer -     Num Epochs = 200
08/07/2026 12:36:53 - INFO - utils.trainer -     Total train batch size = 2
08/07/2026 12:36:53 - INFO - utils.trainer -     warmup steps = 400
08/07/2026 12:36:53 - INFO - utils.trainer -     Total optimization steps = 8800
08/07/2026 12:36:53 - INFO - utils.trainer -     Save steps = 25
08/07/2026 12:37:08 - INFO - utils.trainer -   ***** Running evaluation on val dataset *****
08/07/2026 12:37:10 - INFO - utils.trainer -   Loss: 0.71442
08/07/2026 12:37:10 - INFO - utils.trainer -   AUC: 0.60314
08/07/2026 12:37:10 - INFO - utils.trainer -   Accuracy: 0.57018
08/07/2026 12:37:10 - INFO - utils.trainer -   Precision: 0.00000
08/07/2026 12:37:10 - INFO - utils.trainer -   Specificity: 1.00000
08/07/2026 12:37:10 - INFO - utils.trainer -   Sensitivity: 0.00000
08/07/2026 12:37:11 - INFO - utils.trainer -   Model saved to output_dir/TimeLLM_DiseaseDS_train
08/07/2026 12:37:11 - INFO - utils.trainer -   Best model saved (val_AUC=0.6031)
08/07/2026 12:37:11 - INFO - utils.trainer -   Epoch: 1, Loss: 0.85139, Val loss: 0.71442, Val AUC: 0.6031, Best val AUC: 0.6031, No improve: 0/25, Time: 15.5s
08/07/2026 12:37:26 - INFO - utils.trainer -   ***** Running evaluation on val dataset *****
08/07/2026 12:37:28 - INFO - utils.trainer -   Loss: 0.69700
08/07/2026 12:37:28 - INFO - utils.trainer -   AUC: 0.56421
08/07/2026 12:37:28 - INFO - utils.trainer -   Accuracy: 0.51754
08/07/2026 12:37:28 - INFO - utils.trainer -   Precision: 0.46739
08/07/2026 12:37:28 - INFO - utils.trainer -   Specificity: 0.24615
08/07/2026 12:37:28 - INFO - utils.trainer -   Sensitivity: 0.87755
08/07/2026 12:37:28 - INFO - utils.trainer -   Epoch: 2, Loss: 0.79163, Val loss: 0.69700, Val AUC: 0.5642, Best val AUC: 0.6031, No improve: 1/25, Time: 15.0s
08/07/2026 12:37:43 - INFO - utils.trainer -   ***** Running evaluation on val dataset *****
08/07/2026 12:37:44 - INFO - utils.trainer -   Loss: 0.71357
08/07/2026 12:37:44 - INFO - utils.trainer -   AUC: 0.61790
08/07/2026 12:37:44 - INFO - utils.trainer -   Accuracy: 0.42982
08/07/2026 12:37:44 - INFO - utils.trainer -   Precision: 0.42982
08/07/2026 12:37:44 - INFO - utils.trainer -   Specificity: 0.00000
08/07/2026 12:37:44 - INFO - utils.trainer -   Sensitivity: 1.00000
08/07/2026 12:37:45 - INFO - utils.trainer -   Model saved to output_dir/TimeLLM_DiseaseDS_train
08/07/2026 12:37:45 - INFO - utils.trainer -   Best model saved (val_AUC=0.6179)
08/07/2026 12:37:45 - INFO - utils.trainer -   Epoch: 3, Loss: 0.88855, Val loss: 0.71357, Val AUC: 0.6179, Best val AUC: 0.6179, No improve: 0/25, Time: 15.0s
08/07/2026 12:38:00 - INFO - utils.trainer -   ***** Running evaluation on val dataset *****
08/07/2026 12:38:02 - INFO - utils.trainer -   Loss: 0.69152
08/07/2026 12:38:02 - INFO - utils.trainer -   AUC: 0.65149
08/07/2026 12:38:02 - INFO - utils.trainer -   Accuracy: 0.57018
08/07/2026 12:38:02 - INFO - utils.trainer -   Precision: 0.00000
08/07/2026 12:38:02 - INFO - utils.trainer -   Specificity: 1.00000
08/07/2026 12:38:02 - INFO - utils.trainer -   Sensitivity: 0.00000
08/07/2026 12:38:03 - INFO - utils.trainer -   Model saved to output_dir/TimeLLM_DiseaseDS_train
08/07/2026 12:38:03 - INFO - utils.trainer -   Best model saved (val_AUC=0.6515)
08/07/2026 12:38:03 - INFO - utils.trainer -   Epoch: 4, Loss: 0.76659, Val loss: 0.69152, Val AUC: 0.6515, Best val AUC: 0.6515, No improve: 0/25, Time: 15.0s
08/07/2026 12:38:19 - INFO - utils.trainer -   ***** Running evaluation on val dataset *****
08/07/2026 12:38:20 - INFO - utils.trainer -   Loss: 0.68419
08/07/2026 12:38:20 - INFO - utils.trainer -   AUC: 0.63014
08/07/2026 12:38:20 - INFO - utils.trainer -   Accuracy: 0.52632
08/07/2026 12:38:20 - INFO - utils.trainer -   Precision: 0.36842
08/07/2026 12:38:20 - INFO - utils.trainer -   Specificity: 0.81538
08/07/2026 12:38:20 - INFO - utils.trainer -   Sensitivity: 0.14286
08/07/2026 12:38:20 - INFO - utils.trainer -   Epoch: 5, Loss: 0.69080, Val loss: 0.68419, Val AUC: 0.6301, Best val AUC: 0.6515, No improve: 1/25, Time: 15.8s
08/07/2026 12:38:36 - INFO - utils.trainer -   ***** Running evaluation on val dataset *****
08/07/2026 12:38:37 - INFO - utils.trainer -   Loss: 0.70375
08/07/2026 12:38:37 - INFO - utils.trainer -   AUC: 0.65997
08/07/2026 12:38:37 - INFO - utils.trainer -   Accuracy: 0.57018
08/07/2026 12:38:37 - INFO - utils.trainer -   Precision: 0.50000
08/07/2026 12:38:37 - INFO - utils.trainer -   Specificity: 0.98462
08/07/2026 12:38:37 - INFO - utils.trainer -   Sensitivity: 0.02041
08/07/2026 12:38:38 - INFO - utils.trainer -   Model saved to output_dir/TimeLLM_DiseaseDS_train
08/07/2026 12:38:38 - INFO - utils.trainer -   Best model saved (val_AUC=0.6600)
08/07/2026 12:38:38 - INFO - utils.trainer -   Epoch: 6, Loss: 0.79819, Val loss: 0.70375, Val AUC: 0.6600, Best val AUC: 0.6600, No improve: 0/25, Time: 15.1s
08/07/2026 12:38:53 - INFO - utils.trainer -   ***** Running evaluation on val dataset *****
08/07/2026 12:38:55 - INFO - utils.trainer -   Loss: 0.77979
08/07/2026 12:38:55 - INFO - utils.trainer -   AUC: 0.64521
08/07/2026 12:38:55 - INFO - utils.trainer -   Accuracy: 0.42982
08/07/2026 12:38:55 - INFO - utils.trainer -   Precision: 0.42982
08/07/2026 12:38:55 - INFO - utils.trainer -   Specificity: 0.00000
08/07/2026 12:38:55 - INFO - utils.trainer -   Sensitivity: 1.00000
08/07/2026 12:38:55 - INFO - utils.trainer -   Epoch: 7, Loss: 0.82465, Val loss: 0.77979, Val AUC: 0.6452, Best val AUC: 0.6600, No improve: 1/25, Time: 15.1s
08/07/2026 12:39:10 - INFO - utils.trainer -   ***** Running evaluation on val dataset *****
08/07/2026 12:39:12 - INFO - utils.trainer -   Loss: 0.70787
08/07/2026 12:39:12 - INFO - utils.trainer -   AUC: 0.64647
08/07/2026 12:39:12 - INFO - utils.trainer -   Accuracy: 0.42982
08/07/2026 12:39:12 - INFO - utils.trainer -   Precision: 0.42982
08/07/2026 12:39:12 - INFO - utils.trainer -   Specificity: 0.00000
08/07/2026 12:39:12 - INFO - utils.trainer -   Sensitivity: 1.00000
08/07/2026 12:39:12 - INFO - utils.trainer -   Epoch: 8, Loss: 0.75051, Val loss: 0.70787, Val AUC: 0.6465, Best val AUC: 0.6600, No improve: 2/25, Time: 15.0s
08/07/2026 12:39:27 - INFO - utils.trainer -   ***** Running evaluation on val dataset *****
08/07/2026 12:39:28 - INFO - utils.trainer -   Loss: 0.69041
08/07/2026 12:39:28 - INFO - utils.trainer -   AUC: 0.67535
08/07/2026 12:39:28 - INFO - utils.trainer -   Accuracy: 0.55263
08/07/2026 12:39:28 - INFO - utils.trainer -   Precision: 0.48958
08/07/2026 12:39:28 - INFO - utils.trainer -   Specificity: 0.24615
08/07/2026 12:39:28 - INFO - utils.trainer -   Sensitivity: 0.95918
08/07/2026 12:39:29 - INFO - utils.trainer -   Model saved to output_dir/TimeLLM_DiseaseDS_train
08/07/2026 12:39:29 - INFO - utils.trainer -   Best model saved (val_AUC=0.6754)
08/07/2026 12:39:29 - INFO - utils.trainer -   Epoch: 9, Loss: 0.72211, Val loss: 0.69041, Val AUC: 0.6754, Best val AUC: 0.6754, No improve: 0/25, Time: 15.0s
08/07/2026 12:39:44 - INFO - utils.trainer -   ***** Running evaluation on val dataset *****
08/07/2026 12:39:46 - INFO - utils.trainer -   Loss: 0.77143
08/07/2026 12:39:46 - INFO - utils.trainer -   AUC: 0.71334
08/07/2026 12:39:46 - INFO - utils.trainer -   Accuracy: 0.57018
08/07/2026 12:39:46 - INFO - utils.trainer -   Precision: 0.00000
08/07/2026 12:39:46 - INFO - utils.trainer -   Specificity: 1.00000
08/07/2026 12:39:46 - INFO - utils.trainer -   Sensitivity: 0.00000
08/07/2026 12:39:47 - INFO - utils.trainer -   Model saved to output_dir/TimeLLM_DiseaseDS_train
08/07/2026 12:39:47 - INFO - utils.trainer -   Best model saved (val_AUC=0.7133)
08/07/2026 12:39:47 - INFO - utils.trainer -   Epoch: 10, Loss: 0.74624, Val loss: 0.77143, Val AUC: 0.7133, Best val AUC: 0.7133, No improve: 0/25, Time: 15.0s
08/07/2026 12:40:02 - INFO - utils.trainer -   ***** Running evaluation on val dataset *****
08/07/2026 12:40:03 - INFO - utils.trainer -   Loss: 0.71143
08/07/2026 12:40:03 - INFO - utils.trainer -   AUC: 0.67724
08/07/2026 12:40:03 - INFO - utils.trainer -   Accuracy: 0.42982
08/07/2026 12:40:03 - INFO - utils.trainer -   Precision: 0.42982
08/07/2026 12:40:03 - INFO - utils.trainer -   Specificity: 0.00000
08/07/2026 12:40:03 - INFO - utils.trainer -   Sensitivity: 1.00000
08/07/2026 12:40:03 - INFO - utils.trainer -   Epoch: 11, Loss: 0.94566, Val loss: 0.71143, Val AUC: 0.6772, Best val AUC: 0.7133, No improve: 1/25, Time: 15.0s
08/07/2026 12:40:19 - INFO - utils.trainer -   ***** Running evaluation on val dataset *****
08/07/2026 12:40:20 - INFO - utils.trainer -   Loss: 0.70297
08/07/2026 12:40:20 - INFO - utils.trainer -   AUC: 0.64082
08/07/2026 12:40:20 - INFO - utils.trainer -   Accuracy: 0.57018
08/07/2026 12:40:20 - INFO - utils.trainer -   Precision: 0.00000
08/07/2026 12:40:20 - INFO - utils.trainer -   Specificity: 1.00000
08/07/2026 12:40:20 - INFO - utils.trainer -   Sensitivity: 0.00000
08/07/2026 12:40:20 - INFO - utils.trainer -   Epoch: 12, Loss: 0.73158, Val loss: 0.70297, Val AUC: 0.6408, Best val AUC: 0.7133, No improve: 2/25, Time: 15.0s
08/07/2026 12:40:35 - INFO - utils.trainer -   ***** Running evaluation on val dataset *****
08/07/2026 12:40:37 - INFO - utils.trainer -   Loss: 0.74355
08/07/2026 12:40:37 - INFO - utils.trainer -   AUC: 0.67535
08/07/2026 12:40:37 - INFO - utils.trainer -   Accuracy: 0.42982
08/07/2026 12:40:37 - INFO - utils.trainer -   Precision: 0.42982
08/07/2026 12:40:37 - INFO - utils.trainer -   Specificity: 0.00000
08/07/2026 12:40:37 - INFO - utils.trainer -   Sensitivity: 1.00000
08/07/2026 12:40:37 - INFO - utils.trainer -   Epoch: 13, Loss: 0.74357, Val loss: 0.74355, Val AUC: 0.6754, Best val AUC: 0.7133, No improve: 3/25, Time: 15.0s
08/07/2026 12:40:52 - INFO - utils.trainer -   ***** Running evaluation on val dataset *****
08/07/2026 12:40:54 - INFO - utils.trainer -   Loss: 0.83818
08/07/2026 12:40:54 - INFO - utils.trainer -   AUC: 0.70173
08/07/2026 12:40:54 - INFO - utils.trainer -   Accuracy: 0.42982
08/07/2026 12:40:54 - INFO - utils.trainer -   Precision: 0.42982
08/07/2026 12:40:54 - INFO - utils.trainer -   Specificity: 0.00000
08/07/2026 12:40:54 - INFO - utils.trainer -   Sensitivity: 1.00000
08/07/2026 12:40:54 - INFO - utils.trainer -   Epoch: 14, Loss: 0.86634, Val loss: 0.83818, Val AUC: 0.7017, Best val AUC: 0.7133, No improve: 4/25, Time: 15.0s
08/07/2026 12:41:09 - INFO - utils.trainer -   ***** Running evaluation on val dataset *****
08/07/2026 12:41:10 - INFO - utils.trainer -   Loss: 0.90018
08/07/2026 12:41:10 - INFO - utils.trainer -   AUC: 0.63642
08/07/2026 12:41:10 - INFO - utils.trainer -   Accuracy: 0.42982
08/07/2026 12:41:10 - INFO - utils.trainer -   Precision: 0.42982
08/07/2026 12:41:10 - INFO - utils.trainer -   Specificity: 0.00000
08/07/2026 12:41:10 - INFO - utils.trainer -   Sensitivity: 1.00000
08/07/2026 12:41:10 - INFO - utils.trainer -   Epoch: 15, Loss: 0.76313, Val loss: 0.90018, Val AUC: 0.6364, Best val AUC: 0.7133, No improve: 5/25, Time: 15.0s
08/07/2026 12:41:25 - INFO - utils.trainer -   ***** Running evaluation on val dataset *****
08/07/2026 12:41:27 - INFO - utils.trainer -   Loss: 0.80019
08/07/2026 12:41:27 - INFO - utils.trainer -   AUC: 0.64458
08/07/2026 12:41:27 - INFO - utils.trainer -   Accuracy: 0.42982
08/07/2026 12:41:27 - INFO - utils.trainer -   Precision: 0.42982
08/07/2026 12:41:27 - INFO - utils.trainer -   Specificity: 0.00000
08/07/2026 12:41:27 - INFO - utils.trainer -   Sensitivity: 1.00000
08/07/2026 12:41:27 - INFO - utils.trainer -   Epoch: 16, Loss: 0.72428, Val loss: 0.80019, Val AUC: 0.6446, Best val AUC: 0.7133, No improve: 6/25, Time: 15.0s
08/07/2026 12:41:42 - INFO - utils.trainer -   ***** Running evaluation on val dataset *****
08/07/2026 12:41:44 - INFO - utils.trainer -   Loss: 0.82356
08/07/2026 12:41:44 - INFO - utils.trainer -   AUC: 0.65055
08/07/2026 12:41:44 - INFO - utils.trainer -   Accuracy: 0.42982
08/07/2026 12:41:44 - INFO - utils.trainer -   Precision: 0.42982
08/07/2026 12:41:44 - INFO - utils.trainer -   Specificity: 0.00000
08/07/2026 12:41:44 - INFO - utils.trainer -   Sensitivity: 1.00000
08/07/2026 12:41:44 - INFO - utils.trainer -   Epoch: 17, Loss: 0.72853, Val loss: 0.82356, Val AUC: 0.6505, Best val AUC: 0.7133, No improve: 7/25, Time: 15.0s
08/07/2026 12:41:59 - INFO - utils.trainer -   ***** Running evaluation on val dataset *****
08/07/2026 12:42:00 - INFO - utils.trainer -   Loss: 0.69601
08/07/2026 12:42:00 - INFO - utils.trainer -   AUC: 0.65432
08/07/2026 12:42:00 - INFO - utils.trainer -   Accuracy: 0.42982
08/07/2026 12:42:00 - INFO - utils.trainer -   Precision: 0.42982
08/07/2026 12:42:00 - INFO - utils.trainer -   Specificity: 0.00000
08/07/2026 12:42:00 - INFO - utils.trainer -   Sensitivity: 1.00000
08/07/2026 12:42:00 - INFO - utils.trainer -   Epoch: 18, Loss: 0.72796, Val loss: 0.69601, Val AUC: 0.6543, Best val AUC: 0.7133, No improve: 8/25, Time: 15.0s
08/07/2026 12:42:15 - INFO - utils.trainer -   ***** Running evaluation on val dataset *****
08/07/2026 12:42:17 - INFO - utils.trainer -   Loss: 0.71702
08/07/2026 12:42:17 - INFO - utils.trainer -   AUC: 0.64553
08/07/2026 12:42:17 - INFO - utils.trainer -   Accuracy: 0.42982
08/07/2026 12:42:17 - INFO - utils.trainer -   Precision: 0.42982
08/07/2026 12:42:17 - INFO - utils.trainer -   Specificity: 0.00000
08/07/2026 12:42:17 - INFO - utils.trainer -   Sensitivity: 1.00000
08/07/2026 12:42:17 - INFO - utils.trainer -   Epoch: 19, Loss: 0.69524, Val loss: 0.71702, Val AUC: 0.6455, Best val AUC: 0.7133, No improve: 9/25, Time: 15.0s
08/07/2026 12:42:32 - INFO - utils.trainer -   ***** Running evaluation on val dataset *****
08/07/2026 12:42:33 - INFO - utils.trainer -   Loss: 0.82580
08/07/2026 12:42:33 - INFO - utils.trainer -   AUC: 0.63579
08/07/2026 12:42:33 - INFO - utils.trainer -   Accuracy: 0.42982
08/07/2026 12:42:33 - INFO - utils.trainer -   Precision: 0.42982
08/07/2026 12:42:33 - INFO - utils.trainer -   Specificity: 0.00000
08/07/2026 12:42:33 - INFO - utils.trainer -   Sensitivity: 1.00000
08/07/2026 12:42:33 - INFO - utils.trainer -   Epoch: 20, Loss: 0.71525, Val loss: 0.82580, Val AUC: 0.6358, Best val AUC: 0.7133, No improve: 10/25, Time: 15.0s
08/07/2026 12:42:49 - INFO - utils.trainer -   ***** Running evaluation on val dataset *****
08/07/2026 12:42:50 - INFO - utils.trainer -   Loss: 0.68989
08/07/2026 12:42:50 - INFO - utils.trainer -   AUC: 0.63611
08/07/2026 12:42:50 - INFO - utils.trainer -   Accuracy: 0.58772
08/07/2026 12:42:50 - INFO - utils.trainer -   Precision: 0.51111
08/07/2026 12:42:50 - INFO - utils.trainer -   Specificity: 0.32308
08/07/2026 12:42:50 - INFO - utils.trainer -   Sensitivity: 0.93878
08/07/2026 12:42:50 - INFO - utils.trainer -   Epoch: 21, Loss: 0.73146, Val loss: 0.68989, Val AUC: 0.6361, Best val AUC: 0.7133, No improve: 11/25, Time: 15.0s
08/07/2026 12:43:05 - INFO - utils.trainer -   ***** Running evaluation on val dataset *****
08/07/2026 12:43:07 - INFO - utils.trainer -   Loss: 0.72486
08/07/2026 12:43:07 - INFO - utils.trainer -   AUC: 0.56892
08/07/2026 12:43:07 - INFO - utils.trainer -   Accuracy: 0.42982
08/07/2026 12:43:07 - INFO - utils.trainer -   Precision: 0.42982
08/07/2026 12:43:07 - INFO - utils.trainer -   Specificity: 0.00000
08/07/2026 12:43:07 - INFO - utils.trainer -   Sensitivity: 1.00000
08/07/2026 12:43:07 - INFO - utils.trainer -   Epoch: 22, Loss: 0.70716, Val loss: 0.72486, Val AUC: 0.5689, Best val AUC: 0.7133, No improve: 12/25, Time: 15.0s
08/07/2026 12:43:22 - INFO - utils.trainer -   ***** Running evaluation on val dataset *****
08/07/2026 12:43:23 - INFO - utils.trainer -   Loss: 0.69203
08/07/2026 12:43:23 - INFO - utils.trainer -   AUC: 0.58650
08/07/2026 12:43:23 - INFO - utils.trainer -   Accuracy: 0.51754
08/07/2026 12:43:23 - INFO - utils.trainer -   Precision: 0.45833
08/07/2026 12:43:23 - INFO - utils.trainer -   Specificity: 0.40000
08/07/2026 12:43:23 - INFO - utils.trainer -   Sensitivity: 0.67347
08/07/2026 12:43:23 - INFO - utils.trainer -   Epoch: 23, Loss: 0.69740, Val loss: 0.69203, Val AUC: 0.5865, Best val AUC: 0.7133, No improve: 13/25, Time: 15.0s
08/07/2026 12:43:39 - INFO - utils.trainer -   ***** Running evaluation on val dataset *****
08/07/2026 12:43:40 - INFO - utils.trainer -   Loss: 0.69329
08/07/2026 12:43:40 - INFO - utils.trainer -   AUC: 0.61130
08/07/2026 12:43:40 - INFO - utils.trainer -   Accuracy: 0.60526
08/07/2026 12:43:40 - INFO - utils.trainer -   Precision: 0.57143
08/07/2026 12:43:40 - INFO - utils.trainer -   Specificity: 0.81538
08/07/2026 12:43:40 - INFO - utils.trainer -   Sensitivity: 0.32653
08/07/2026 12:43:40 - INFO - utils.trainer -   Epoch: 24, Loss: 0.65590, Val loss: 0.69329, Val AUC: 0.6113, Best val AUC: 0.7133, No improve: 14/25, Time: 15.1s
08/07/2026 12:43:55 - INFO - utils.trainer -   ***** Running evaluation on val dataset *****
08/07/2026 12:43:57 - INFO - utils.trainer -   Loss: 0.69546
08/07/2026 12:43:57 - INFO - utils.trainer -   AUC: 0.60973
08/07/2026 12:43:57 - INFO - utils.trainer -   Accuracy: 0.59649
08/07/2026 12:43:57 - INFO - utils.trainer -   Precision: 0.52459
08/07/2026 12:43:57 - INFO - utils.trainer -   Specificity: 0.55385
08/07/2026 12:43:57 - INFO - utils.trainer -   Sensitivity: 0.65306
08/07/2026 12:43:58 - INFO - utils.trainer -   Model saved to output_dir/TimeLLM_DiseaseDS_train/checkpoint-epoch-25
08/07/2026 12:43:58 - INFO - utils.trainer -   Checkpoint saved at epoch 25
08/07/2026 12:43:58 - INFO - utils.trainer -   Epoch: 25, Loss: 0.77701, Val loss: 0.69546, Val AUC: 0.6097, Best val AUC: 0.7133, No improve: 15/25, Time: 15.1s
08/07/2026 12:44:13 - INFO - utils.trainer -   ***** Running evaluation on val dataset *****
08/07/2026 12:44:15 - INFO - utils.trainer -   Loss: 0.67168
08/07/2026 12:44:15 - INFO - utils.trainer -   AUC: 0.63673
08/07/2026 12:44:15 - INFO - utils.trainer -   Accuracy: 0.63158
08/07/2026 12:44:15 - INFO - utils.trainer -   Precision: 0.56863
08/07/2026 12:44:15 - INFO - utils.trainer -   Specificity: 0.66154
08/07/2026 12:44:15 - INFO - utils.trainer -   Sensitivity: 0.59184
08/07/2026 12:44:15 - INFO - utils.trainer -   Epoch: 26, Loss: 0.63816, Val loss: 0.67168, Val AUC: 0.6367, Best val AUC: 0.7133, No improve: 16/25, Time: 15.0s
08/07/2026 12:44:30 - INFO - utils.trainer -   ***** Running evaluation on val dataset *****
08/07/2026 12:44:32 - INFO - utils.trainer -   Loss: 0.73496
08/07/2026 12:44:32 - INFO - utils.trainer -   AUC: 0.61758
08/07/2026 12:44:32 - INFO - utils.trainer -   Accuracy: 0.62281
08/07/2026 12:44:32 - INFO - utils.trainer -   Precision: 0.59375
08/07/2026 12:44:32 - INFO - utils.trainer -   Specificity: 0.80000
08/07/2026 12:44:32 - INFO - utils.trainer -   Sensitivity: 0.38776
08/07/2026 12:44:32 - INFO - utils.trainer -   Epoch: 27, Loss: 0.64776, Val loss: 0.73496, Val AUC: 0.6176, Best val AUC: 0.7133, No improve: 17/25, Time: 15.0s
08/07/2026 12:44:47 - INFO - utils.trainer -   ***** Running evaluation on val dataset *****
08/07/2026 12:44:48 - INFO - utils.trainer -   Loss: 0.72967
08/07/2026 12:44:48 - INFO - utils.trainer -   AUC: 0.60565
08/07/2026 12:44:48 - INFO - utils.trainer -   Accuracy: 0.61404
08/07/2026 12:44:48 - INFO - utils.trainer -   Precision: 0.55319
08/07/2026 12:44:48 - INFO - utils.trainer -   Specificity: 0.67692
08/07/2026 12:44:48 - INFO - utils.trainer -   Sensitivity: 0.53061
08/07/2026 12:44:48 - INFO - utils.trainer -   Epoch: 28, Loss: 0.56261, Val loss: 0.72967, Val AUC: 0.6057, Best val AUC: 0.7133, No improve: 18/25, Time: 15.0s
08/07/2026 12:45:03 - INFO - utils.trainer -   ***** Running evaluation on val dataset *****
08/07/2026 12:45:05 - INFO - utils.trainer -   Loss: 0.73576
08/07/2026 12:45:05 - INFO - utils.trainer -   AUC: 0.63956
08/07/2026 12:45:05 - INFO - utils.trainer -   Accuracy: 0.64035
08/07/2026 12:45:05 - INFO - utils.trainer -   Precision: 0.60526
08/07/2026 12:45:05 - INFO - utils.trainer -   Specificity: 0.76923
08/07/2026 12:45:05 - INFO - utils.trainer -   Sensitivity: 0.46939
08/07/2026 12:45:05 - INFO - utils.trainer -   Epoch: 29, Loss: 0.55657, Val loss: 0.73576, Val AUC: 0.6396, Best val AUC: 0.7133, No improve: 19/25, Time: 15.0s
08/07/2026 12:45:20 - INFO - utils.trainer -   ***** Running evaluation on val dataset *****
08/07/2026 12:45:21 - INFO - utils.trainer -   Loss: 0.89906
08/07/2026 12:45:21 - INFO - utils.trainer -   AUC: 0.59623
08/07/2026 12:45:21 - INFO - utils.trainer -   Accuracy: 0.59649
08/07/2026 12:45:21 - INFO - utils.trainer -   Precision: 0.57143
08/07/2026 12:45:21 - INFO - utils.trainer -   Specificity: 0.86154
08/07/2026 12:45:21 - INFO - utils.trainer -   Sensitivity: 0.24490
08/07/2026 12:45:21 - INFO - utils.trainer -   Epoch: 30, Loss: 0.54164, Val loss: 0.89906, Val AUC: 0.5962, Best val AUC: 0.7133, No improve: 20/25, Time: 15.0s
08/07/2026 12:45:37 - INFO - utils.trainer -   ***** Running evaluation on val dataset *****
08/07/2026 12:45:38 - INFO - utils.trainer -   Loss: 0.83135
08/07/2026 12:45:38 - INFO - utils.trainer -   AUC: 0.61601
08/07/2026 12:45:38 - INFO - utils.trainer -   Accuracy: 0.55263
08/07/2026 12:45:38 - INFO - utils.trainer -   Precision: 0.48684
08/07/2026 12:45:38 - INFO - utils.trainer -   Specificity: 0.40000
08/07/2026 12:45:38 - INFO - utils.trainer -   Sensitivity: 0.75510
08/07/2026 12:45:38 - INFO - utils.trainer -   Epoch: 31, Loss: 0.55396, Val loss: 0.83135, Val AUC: 0.6160, Best val AUC: 0.7133, No improve: 21/25, Time: 15.1s
08/07/2026 12:45:53 - INFO - utils.trainer -   ***** Running evaluation on val dataset *****
08/07/2026 12:45:55 - INFO - utils.trainer -   Loss: 0.76174
08/07/2026 12:45:55 - INFO - utils.trainer -   AUC: 0.63171
08/07/2026 12:45:55 - INFO - utils.trainer -   Accuracy: 0.64912
08/07/2026 12:45:55 - INFO - utils.trainer -   Precision: 0.58182
08/07/2026 12:45:55 - INFO - utils.trainer -   Specificity: 0.64615
08/07/2026 12:45:55 - INFO - utils.trainer -   Sensitivity: 0.65306
08/07/2026 12:45:55 - INFO - utils.trainer -   Epoch: 32, Loss: 0.46376, Val loss: 0.76174, Val AUC: 0.6317, Best val AUC: 0.7133, No improve: 22/25, Time: 15.0s
08/07/2026 12:46:10 - INFO - utils.trainer -   ***** Running evaluation on val dataset *****
08/07/2026 12:46:12 - INFO - utils.trainer -   Loss: 0.77038
08/07/2026 12:46:12 - INFO - utils.trainer -   AUC: 0.62794
08/07/2026 12:46:12 - INFO - utils.trainer -   Accuracy: 0.64035
08/07/2026 12:46:12 - INFO - utils.trainer -   Precision: 0.57407
08/07/2026 12:46:12 - INFO - utils.trainer -   Specificity: 0.64615
08/07/2026 12:46:12 - INFO - utils.trainer -   Sensitivity: 0.63265
08/07/2026 12:46:12 - INFO - utils.trainer -   Epoch: 33, Loss: 0.53323, Val loss: 0.77038, Val AUC: 0.6279, Best val AUC: 0.7133, No improve: 23/25, Time: 15.1s
08/07/2026 12:46:27 - INFO - utils.trainer -   ***** Running evaluation on val dataset *****
08/07/2026 12:46:28 - INFO - utils.trainer -   Loss: 0.85323
08/07/2026 12:46:28 - INFO - utils.trainer -   AUC: 0.61821
08/07/2026 12:46:28 - INFO - utils.trainer -   Accuracy: 0.57018
08/07/2026 12:46:28 - INFO - utils.trainer -   Precision: 0.50000
08/07/2026 12:46:28 - INFO - utils.trainer -   Specificity: 0.69231
08/07/2026 12:46:28 - INFO - utils.trainer -   Sensitivity: 0.40816
08/07/2026 12:46:28 - INFO - utils.trainer -   Epoch: 34, Loss: 0.49440, Val loss: 0.85323, Val AUC: 0.6182, Best val AUC: 0.7133, No improve: 24/25, Time: 15.0s
08/07/2026 12:46:43 - INFO - utils.trainer -   ***** Running evaluation on val dataset *****
08/07/2026 12:46:45 - INFO - utils.trainer -   Loss: 0.86530
08/07/2026 12:46:45 - INFO - utils.trainer -   AUC: 0.60283
08/07/2026 12:46:45 - INFO - utils.trainer -   Accuracy: 0.61404
08/07/2026 12:46:45 - INFO - utils.trainer -   Precision: 0.55556
08/07/2026 12:46:45 - INFO - utils.trainer -   Specificity: 0.69231
08/07/2026 12:46:45 - INFO - utils.trainer -   Sensitivity: 0.51020
08/07/2026 12:46:45 - INFO - utils.trainer -   Epoch: 35, Loss: 0.42732, Val loss: 0.86530, Val AUC: 0.6028, Best val AUC: 0.7133, No improve: 25/25, Time: 15.0s
08/07/2026 12:46:45 - INFO - utils.trainer -   Early stopping triggered at epoch 35
08/07/2026 12:46:45 - INFO - utils.trainer -   Early stopping triggered at epoch 35
08/07/2026 12:46:45 - INFO - utils.trainer -   Early stopping triggered at epoch 35
08/07/2026 12:46:45 - INFO - utils.trainer -   Early stopping triggered at epoch 35
08/07/2026 12:46:45 - INFO - utils.trainer -   Early stopping triggered at epoch 35
08/07/2026 12:46:45 - INFO - utils.trainer -   Early stopping triggered at epoch 35
08/07/2026 12:46:45 - INFO - utils.trainer -     2 prompt-buffer key(s) skipped (kept target-dataset prompt)
08/07/2026 12:46:45 - INFO - utils.trainer -     582 keys not in checkpoint (kept from init)
08/07/2026 12:46:45 - INFO - utils.trainer -   Model loaded from output_dir/TimeLLM_DiseaseDS_train/TimeLLM-0.bin (21/23 keys)
08/07/2026 12:46:45 - INFO - utils.trainer -   ***** Running evaluation on test dataset *****
08/07/2026 12:46:45 - INFO - utils.trainer -     2 prompt-buffer key(s) skipped (kept target-dataset prompt)
08/07/2026 12:46:45 - INFO - utils.trainer -     582 keys not in checkpoint (kept from init)
08/07/2026 12:46:45 - INFO - utils.trainer -   Model loaded from output_dir/TimeLLM_DiseaseDS_train/TimeLLM-0.bin (21/23 keys)
08/07/2026 12:46:45 - INFO - utils.trainer -     2 prompt-buffer key(s) skipped (kept target-dataset prompt)
08/07/2026 12:46:45 - INFO - utils.trainer -     582 keys not in checkpoint (kept from init)
08/07/2026 12:46:45 - INFO - utils.trainer -   Model loaded from output_dir/TimeLLM_DiseaseDS_train/TimeLLM-0.bin (21/23 keys)
08/07/2026 12:46:45 - INFO - utils.trainer -     2 prompt-buffer key(s) skipped (kept target-dataset prompt)
08/07/2026 12:46:45 - INFO - utils.trainer -     582 keys not in checkpoint (kept from init)
08/07/2026 12:46:45 - INFO - utils.trainer -   Model loaded from output_dir/TimeLLM_DiseaseDS_train/TimeLLM-0.bin (21/23 keys)
08/07/2026 12:46:45 - INFO - utils.trainer -     2 prompt-buffer key(s) skipped (kept target-dataset prompt)
08/07/2026 12:46:45 - INFO - utils.trainer -     582 keys not in checkpoint (kept from init)
08/07/2026 12:46:45 - INFO - utils.trainer -   Model loaded from output_dir/TimeLLM_DiseaseDS_train/TimeLLM-0.bin (21/23 keys)
08/07/2026 12:46:45 - INFO - utils.trainer -     2 prompt-buffer key(s) skipped (kept target-dataset prompt)
08/07/2026 12:46:45 - INFO - utils.trainer -     582 keys not in checkpoint (kept from init)
08/07/2026 12:46:45 - INFO - utils.trainer -   Model loaded from output_dir/TimeLLM_DiseaseDS_train/TimeLLM-0.bin (21/23 keys)
08/07/2026 12:46:47 - INFO - utils.trainer -   Loss: 0.92906
08/07/2026 12:46:47 - INFO - utils.trainer -   AUC: 0.56339
08/07/2026 12:46:47 - INFO - utils.trainer -   Accuracy: 0.40909
08/07/2026 12:46:47 - INFO - utils.trainer -   Precision: 0.00000
08/07/2026 12:46:47 - INFO - utils.trainer -   Specificity: 1.00000
08/07/2026 12:46:47 - INFO - utils.trainer -   Sensitivity: 0.00000
08/07/2026 12:46:47 - INFO - utils.trainer -   === Best epoch test result ===
08/07/2026 12:46:47 - INFO - utils.trainer -     Loss: 0.92906
08/07/2026 12:46:47 - INFO - utils.trainer -     AUC: 0.56339
08/07/2026 12:46:47 - INFO - utils.trainer -     Accuracy: 0.40909
08/07/2026 12:46:47 - INFO - utils.trainer -     Precision: 0.00000
08/07/2026 12:46:47 - INFO - utils.trainer -     Specificity: 1.00000
08/07/2026 12:46:47 - INFO - utils.trainer -     Sensitivity: 0.00000
08/07/2026 12:46:48 - INFO - utils.trainer -   Model saved to output_dir/TimeLLM_DiseaseDS_train/final-epoch-200
08/07/2026 12:46:48 - INFO - utils.trainer -   Final model saved at epoch 200
