07/28/2026 11:24:56 - INFO - __main__ -   ########## Repeat:0 ##########
07/28/2026 11:24:56 - INFO - utils.trainer -   ***** Running training *****
07/28/2026 11:24:56 - INFO - utils.trainer -     Num examples = 288
07/28/2026 11:24:56 - INFO - utils.trainer -     Num Epochs = 200
07/28/2026 11:24:56 - INFO - utils.trainer -     Total train batch size = 3
07/28/2026 11:24:56 - INFO - utils.trainer -     warmup steps = 400
07/28/2026 11:24:56 - INFO - utils.trainer -     Total optimization steps = 57600
07/28/2026 11:24:56 - INFO - utils.trainer -     Save steps = 200
07/28/2026 11:25:02 - INFO - utils.trainer -   ***** Running evaluation on val dataset *****
07/28/2026 11:25:04 - INFO - utils.trainer -   Loss: 1.82285
07/28/2026 11:25:04 - INFO - utils.trainer -   AUC: 0.72451
07/28/2026 11:25:04 - INFO - utils.trainer -   Accuracy: 0.65191
07/28/2026 11:25:04 - INFO - utils.trainer -   Precision: 0.70690
07/28/2026 11:25:04 - INFO - utils.trainer -   Recall: 0.59806
07/28/2026 11:25:04 - INFO - utils.trainer -   F_score: 0.64794
07/28/2026 11:25:04 - INFO - utils.trainer -   Specificity: 0.00000
07/28/2026 11:25:04 - INFO - utils.trainer -   Sensitivity: 0.00000
07/28/2026 11:25:04 - INFO - utils.trainer -   ***** Running evaluation on test dataset *****
07/28/2026 11:25:06 - INFO - utils.trainer -   Loss: 1.77261
07/28/2026 11:25:06 - INFO - utils.trainer -   AUC: 0.73880
07/28/2026 11:25:06 - INFO - utils.trainer -   Accuracy: 0.66667
07/28/2026 11:25:06 - INFO - utils.trainer -   Precision: 0.73024
07/28/2026 11:25:06 - INFO - utils.trainer -   Recall: 0.65586
07/28/2026 11:25:06 - INFO - utils.trainer -   F_score: 0.69106
07/28/2026 11:25:06 - INFO - utils.trainer -   Specificity: 0.00000
07/28/2026 11:25:06 - INFO - utils.trainer -   Sensitivity: 0.00000
07/28/2026 11:25:06 - INFO - utils.trainer -   Model saved to output_dir/BNT
07/28/2026 11:25:06 - INFO - utils.trainer -   Best model saved (val_AUC=0.7245, test_acc=0.6667)
07/28/2026 11:25:06 - INFO - utils.trainer -   Epoch: 1, Loss: 1.89872, Val loss: 1.82285, Test loss: 1.77261, Val Acc: 0.6519, Best val AUC: 0.7245, No improve: 0/10, Time: 6.3s
07/28/2026 11:25:12 - INFO - utils.trainer -   ***** Running evaluation on val dataset *****
07/28/2026 11:25:13 - INFO - utils.trainer -   Loss: 1.82738
07/28/2026 11:25:13 - INFO - utils.trainer -   AUC: 0.75875
07/28/2026 11:25:13 - INFO - utils.trainer -   Accuracy: 0.68403
07/28/2026 11:25:13 - INFO - utils.trainer -   Precision: 0.76858
07/28/2026 11:25:13 - INFO - utils.trainer -   Recall: 0.58671
07/28/2026 11:25:13 - INFO - utils.trainer -   F_score: 0.66544
07/28/2026 11:25:13 - INFO - utils.trainer -   Specificity: 0.00000
07/28/2026 11:25:13 - INFO - utils.trainer -   Sensitivity: 0.00000
07/28/2026 11:25:13 - INFO - utils.trainer -   ***** Running evaluation on test dataset *****
07/28/2026 11:25:15 - INFO - utils.trainer -   Loss: 1.76619
07/28/2026 11:25:15 - INFO - utils.trainer -   AUC: 0.76469
07/28/2026 11:25:15 - INFO - utils.trainer -   Accuracy: 0.68860
07/28/2026 11:25:15 - INFO - utils.trainer -   Precision: 0.76114
07/28/2026 11:25:15 - INFO - utils.trainer -   Recall: 0.65895
07/28/2026 11:25:15 - INFO - utils.trainer -   F_score: 0.70637
07/28/2026 11:25:15 - INFO - utils.trainer -   Specificity: 0.00000
07/28/2026 11:25:15 - INFO - utils.trainer -   Sensitivity: 0.00000
07/28/2026 11:25:15 - INFO - utils.trainer -   Model saved to output_dir/BNT
07/28/2026 11:25:15 - INFO - utils.trainer -   Best model saved (val_AUC=0.7587, test_acc=0.6886)
07/28/2026 11:25:15 - INFO - utils.trainer -   Epoch: 2, Loss: 1.49797, Val loss: 1.82738, Test loss: 1.76619, Val Acc: 0.6840, Best val AUC: 0.7587, No improve: 0/10, Time: 5.9s
07/28/2026 11:25:21 - INFO - utils.trainer -   ***** Running evaluation on val dataset *****
07/28/2026 11:25:23 - INFO - utils.trainer -   Loss: 1.79392
07/28/2026 11:25:23 - INFO - utils.trainer -   AUC: 0.77141
07/28/2026 11:25:23 - INFO - utils.trainer -   Accuracy: 0.70226
07/28/2026 11:25:23 - INFO - utils.trainer -   Precision: 0.74205
07/28/2026 11:25:23 - INFO - utils.trainer -   Recall: 0.68071
07/28/2026 11:25:23 - INFO - utils.trainer -   F_score: 0.71006
07/28/2026 11:25:23 - INFO - utils.trainer -   Specificity: 0.00000
07/28/2026 11:25:23 - INFO - utils.trainer -   Sensitivity: 0.00000
07/28/2026 11:25:23 - INFO - utils.trainer -   ***** Running evaluation on test dataset *****
07/28/2026 11:25:25 - INFO - utils.trainer -   Loss: 1.75775
07/28/2026 11:25:25 - INFO - utils.trainer -   AUC: 0.77712
07/28/2026 11:25:25 - INFO - utils.trainer -   Accuracy: 0.70175
07/28/2026 11:25:25 - INFO - utils.trainer -   Precision: 0.73620
07/28/2026 11:25:25 - INFO - utils.trainer -   Recall: 0.74074
07/28/2026 11:25:25 - INFO - utils.trainer -   F_score: 0.73846
07/28/2026 11:25:25 - INFO - utils.trainer -   Specificity: 0.00000
07/28/2026 11:25:25 - INFO - utils.trainer -   Sensitivity: 0.00000
07/28/2026 11:25:25 - INFO - utils.trainer -   Model saved to output_dir/BNT
07/28/2026 11:25:25 - INFO - utils.trainer -   Best model saved (val_AUC=0.7714, test_acc=0.7018)
07/28/2026 11:25:25 - INFO - utils.trainer -   Epoch: 3, Loss: 1.32599, Val loss: 1.79392, Test loss: 1.75775, Val Acc: 0.7023, Best val AUC: 0.7714, No improve: 0/10, Time: 6.0s
07/28/2026 11:25:30 - INFO - utils.trainer -   ***** Running evaluation on val dataset *****
07/28/2026 11:25:33 - INFO - utils.trainer -   Loss: 1.84051
07/28/2026 11:25:33 - INFO - utils.trainer -   AUC: 0.76863
07/28/2026 11:25:33 - INFO - utils.trainer -   Accuracy: 0.69878
07/28/2026 11:25:33 - INFO - utils.trainer -   Precision: 0.73438
07/28/2026 11:25:33 - INFO - utils.trainer -   Recall: 0.68558
07/28/2026 11:25:33 - INFO - utils.trainer -   F_score: 0.70914
07/28/2026 11:25:33 - INFO - utils.trainer -   Specificity: 0.00000
07/28/2026 11:25:33 - INFO - utils.trainer -   Sensitivity: 0.00000
07/28/2026 11:25:33 - INFO - utils.trainer -   ***** Running evaluation on test dataset *****
07/28/2026 11:25:35 - INFO - utils.trainer -   Loss: 1.79893
07/28/2026 11:25:35 - INFO - utils.trainer -   AUC: 0.77856
07/28/2026 11:25:35 - INFO - utils.trainer -   Accuracy: 0.70000
07/28/2026 11:25:35 - INFO - utils.trainer -   Precision: 0.72368
07/28/2026 11:25:35 - INFO - utils.trainer -   Recall: 0.76389
07/28/2026 11:25:35 - INFO - utils.trainer -   F_score: 0.74324
07/28/2026 11:25:35 - INFO - utils.trainer -   Specificity: 0.00000
07/28/2026 11:25:35 - INFO - utils.trainer -   Sensitivity: 0.00000
07/28/2026 11:25:35 - INFO - utils.trainer -   Epoch: 4, Loss: 1.21171, Val loss: 1.84051, Test loss: 1.79893, Val Acc: 0.6988, Best val AUC: 0.7714, No improve: 1/10, Time: 5.9s
07/28/2026 11:25:41 - INFO - utils.trainer -   ***** Running evaluation on val dataset *****
07/28/2026 11:25:42 - INFO - utils.trainer -   Loss: 1.80670
07/28/2026 11:25:42 - INFO - utils.trainer -   AUC: 0.78028
07/28/2026 11:25:42 - INFO - utils.trainer -   Accuracy: 0.70660
07/28/2026 11:25:42 - INFO - utils.trainer -   Precision: 0.75786
07/28/2026 11:25:42 - INFO - utils.trainer -   Recall: 0.66451
07/28/2026 11:25:42 - INFO - utils.trainer -   F_score: 0.70812
07/28/2026 11:25:42 - INFO - utils.trainer -   Specificity: 0.00000
07/28/2026 11:25:42 - INFO - utils.trainer -   Sensitivity: 0.00000
07/28/2026 11:25:42 - INFO - utils.trainer -   ***** Running evaluation on test dataset *****
07/28/2026 11:25:44 - INFO - utils.trainer -   Loss: 1.78233
07/28/2026 11:25:44 - INFO - utils.trainer -   AUC: 0.78234
07/28/2026 11:25:44 - INFO - utils.trainer -   Accuracy: 0.70175
07/28/2026 11:25:44 - INFO - utils.trainer -   Precision: 0.74290
07/28/2026 11:25:44 - INFO - utils.trainer -   Recall: 0.72685
07/28/2026 11:25:44 - INFO - utils.trainer -   F_score: 0.73479
07/28/2026 11:25:44 - INFO - utils.trainer -   Specificity: 0.00000
07/28/2026 11:25:44 - INFO - utils.trainer -   Sensitivity: 0.00000
07/28/2026 11:25:44 - INFO - utils.trainer -   Model saved to output_dir/BNT
07/28/2026 11:25:44 - INFO - utils.trainer -   Best model saved (val_AUC=0.7803, test_acc=0.7018)
07/28/2026 11:25:44 - INFO - utils.trainer -   Epoch: 5, Loss: 1.13149, Val loss: 1.80670, Test loss: 1.78233, Val Acc: 0.7066, Best val AUC: 0.7803, No improve: 0/10, Time: 6.0s
07/28/2026 11:25:51 - INFO - utils.trainer -   ***** Running evaluation on val dataset *****
07/28/2026 11:25:52 - INFO - utils.trainer -   Loss: 2.07229
07/28/2026 11:25:52 - INFO - utils.trainer -   AUC: 0.76992
07/28/2026 11:25:52 - INFO - utils.trainer -   Accuracy: 0.68142
07/28/2026 11:25:52 - INFO - utils.trainer -   Precision: 0.66984
07/28/2026 11:25:52 - INFO - utils.trainer -   Recall: 0.79903
07/28/2026 11:25:52 - INFO - utils.trainer -   F_score: 0.72875
07/28/2026 11:25:52 - INFO - utils.trainer -   Specificity: 0.00000
07/28/2026 11:25:52 - INFO - utils.trainer -   Sensitivity: 0.00000
07/28/2026 11:25:52 - INFO - utils.trainer -   ***** Running evaluation on test dataset *****
07/28/2026 11:25:54 - INFO - utils.trainer -   Loss: 2.06195
07/28/2026 11:25:54 - INFO - utils.trainer -   AUC: 0.78217
07/28/2026 11:25:54 - INFO - utils.trainer -   Accuracy: 0.69298
07/28/2026 11:25:54 - INFO - utils.trainer -   Precision: 0.68350
07/28/2026 11:25:54 - INFO - utils.trainer -   Recall: 0.85648
07/28/2026 11:25:54 - INFO - utils.trainer -   F_score: 0.76027
07/28/2026 11:25:54 - INFO - utils.trainer -   Specificity: 0.00000
07/28/2026 11:25:54 - INFO - utils.trainer -   Sensitivity: 0.00000
07/28/2026 11:25:54 - INFO - utils.trainer -   Epoch: 6, Loss: 1.17586, Val loss: 2.07229, Test loss: 2.06195, Val Acc: 0.6814, Best val AUC: 0.7803, No improve: 1/10, Time: 6.3s
07/28/2026 11:26:01 - INFO - utils.trainer -   ***** Running evaluation on val dataset *****
07/28/2026 11:26:03 - INFO - utils.trainer -   Loss: 2.00479
07/28/2026 11:26:03 - INFO - utils.trainer -   AUC: 0.77873
07/28/2026 11:26:03 - INFO - utils.trainer -   Accuracy: 0.70139
07/28/2026 11:26:03 - INFO - utils.trainer -   Precision: 0.77137
07/28/2026 11:26:03 - INFO - utils.trainer -   Recall: 0.62885
07/28/2026 11:26:03 - INFO - utils.trainer -   F_score: 0.69286
07/28/2026 11:26:03 - INFO - utils.trainer -   Specificity: 0.00000
07/28/2026 11:26:03 - INFO - utils.trainer -   Sensitivity: 0.00000
07/28/2026 11:26:03 - INFO - utils.trainer -   ***** Running evaluation on test dataset *****
07/28/2026 11:26:05 - INFO - utils.trainer -   Loss: 1.98300
07/28/2026 11:26:05 - INFO - utils.trainer -   AUC: 0.77836
07/28/2026 11:26:05 - INFO - utils.trainer -   Accuracy: 0.70000
07/28/2026 11:26:05 - INFO - utils.trainer -   Precision: 0.75758
07/28/2026 11:26:05 - INFO - utils.trainer -   Recall: 0.69444
07/28/2026 11:26:05 - INFO - utils.trainer -   F_score: 0.72464
07/28/2026 11:26:05 - INFO - utils.trainer -   Specificity: 0.00000
07/28/2026 11:26:05 - INFO - utils.trainer -   Sensitivity: 0.00000
07/28/2026 11:26:05 - INFO - utils.trainer -   Epoch: 7, Loss: 1.01895, Val loss: 2.00479, Test loss: 1.98300, Val Acc: 0.7014, Best val AUC: 0.7803, No improve: 2/10, Time: 6.9s
07/28/2026 11:26:12 - INFO - utils.trainer -   ***** Running evaluation on val dataset *****
07/28/2026 11:26:14 - INFO - utils.trainer -   Loss: 2.05729
07/28/2026 11:26:14 - INFO - utils.trainer -   AUC: 0.76853
07/28/2026 11:26:14 - INFO - utils.trainer -   Accuracy: 0.68576
07/28/2026 11:26:14 - INFO - utils.trainer -   Precision: 0.67932
07/28/2026 11:26:14 - INFO - utils.trainer -   Recall: 0.78282
07/28/2026 11:26:14 - INFO - utils.trainer -   F_score: 0.72741
07/28/2026 11:26:14 - INFO - utils.trainer -   Specificity: 0.00000
07/28/2026 11:26:14 - INFO - utils.trainer -   Sensitivity: 0.00000
07/28/2026 11:26:14 - INFO - utils.trainer -   ***** Running evaluation on test dataset *****
07/28/2026 11:26:16 - INFO - utils.trainer -   Loss: 2.06527
07/28/2026 11:26:16 - INFO - utils.trainer -   AUC: 0.77170
07/28/2026 11:26:16 - INFO - utils.trainer -   Accuracy: 0.69123
07/28/2026 11:26:16 - INFO - utils.trainer -   Precision: 0.68926
07/28/2026 11:26:16 - INFO - utils.trainer -   Recall: 0.83179
07/28/2026 11:26:16 - INFO - utils.trainer -   F_score: 0.75385
07/28/2026 11:26:16 - INFO - utils.trainer -   Specificity: 0.00000
07/28/2026 11:26:16 - INFO - utils.trainer -   Sensitivity: 0.00000
07/28/2026 11:26:16 - INFO - utils.trainer -   Epoch: 8, Loss: 0.99698, Val loss: 2.05729, Test loss: 2.06527, Val Acc: 0.6858, Best val AUC: 0.7803, No improve: 3/10, Time: 7.1s
07/28/2026 11:26:23 - INFO - utils.trainer -   ***** Running evaluation on val dataset *****
07/28/2026 11:26:24 - INFO - utils.trainer -   Loss: 2.14310
07/28/2026 11:26:24 - INFO - utils.trainer -   AUC: 0.76538
07/28/2026 11:26:24 - INFO - utils.trainer -   Accuracy: 0.67882
07/28/2026 11:26:24 - INFO - utils.trainer -   Precision: 0.67977
07/28/2026 11:26:24 - INFO - utils.trainer -   Recall: 0.75689
07/28/2026 11:26:24 - INFO - utils.trainer -   F_score: 0.71626
07/28/2026 11:26:24 - INFO - utils.trainer -   Specificity: 0.00000
07/28/2026 11:26:24 - INFO - utils.trainer -   Sensitivity: 0.00000
07/28/2026 11:26:24 - INFO - utils.trainer -   ***** Running evaluation on test dataset *****
07/28/2026 11:26:26 - INFO - utils.trainer -   Loss: 2.14266
07/28/2026 11:26:26 - INFO - utils.trainer -   AUC: 0.77291
07/28/2026 11:26:26 - INFO - utils.trainer -   Accuracy: 0.68947
07/28/2026 11:26:26 - INFO - utils.trainer -   Precision: 0.69393
07/28/2026 11:26:26 - INFO - utils.trainer -   Recall: 0.81173
07/28/2026 11:26:26 - INFO - utils.trainer -   F_score: 0.74822
07/28/2026 11:26:26 - INFO - utils.trainer -   Specificity: 0.00000
07/28/2026 11:26:26 - INFO - utils.trainer -   Sensitivity: 0.00000
07/28/2026 11:26:26 - INFO - utils.trainer -   Epoch: 9, Loss: 0.88770, Val loss: 2.14310, Test loss: 2.14266, Val Acc: 0.6788, Best val AUC: 0.7803, No improve: 4/10, Time: 7.0s
07/28/2026 11:26:33 - INFO - utils.trainer -   ***** Running evaluation on val dataset *****
07/28/2026 11:26:35 - INFO - utils.trainer -   Loss: 2.26700
07/28/2026 11:26:35 - INFO - utils.trainer -   AUC: 0.77856
07/28/2026 11:26:35 - INFO - utils.trainer -   Accuracy: 0.70573
07/28/2026 11:26:35 - INFO - utils.trainer -   Precision: 0.72063
07/28/2026 11:26:35 - INFO - utils.trainer -   Recall: 0.73582
07/28/2026 11:26:35 - INFO - utils.trainer -   F_score: 0.72815
07/28/2026 11:26:35 - INFO - utils.trainer -   Specificity: 0.00000
07/28/2026 11:26:35 - INFO - utils.trainer -   Sensitivity: 0.00000
07/28/2026 11:26:35 - INFO - utils.trainer -   ***** Running evaluation on test dataset *****
07/28/2026 11:26:36 - INFO - utils.trainer -   Loss: 2.34990
07/28/2026 11:26:36 - INFO - utils.trainer -   AUC: 0.77597
07/28/2026 11:26:36 - INFO - utils.trainer -   Accuracy: 0.69649
07/28/2026 11:26:36 - INFO - utils.trainer -   Precision: 0.71208
07/28/2026 11:26:36 - INFO - utils.trainer -   Recall: 0.78241
07/28/2026 11:26:36 - INFO - utils.trainer -   F_score: 0.74559
07/28/2026 11:26:36 - INFO - utils.trainer -   Specificity: 0.00000
07/28/2026 11:26:36 - INFO - utils.trainer -   Sensitivity: 0.00000
07/28/2026 11:26:36 - INFO - utils.trainer -   Epoch: 10, Loss: 0.73962, Val loss: 2.26700, Test loss: 2.34990, Val Acc: 0.7057, Best val AUC: 0.7803, No improve: 5/10, Time: 6.8s
07/28/2026 11:26:43 - INFO - utils.trainer -   ***** Running evaluation on val dataset *****
07/28/2026 11:26:45 - INFO - utils.trainer -   Loss: 2.28452
07/28/2026 11:26:45 - INFO - utils.trainer -   AUC: 0.78753
07/28/2026 11:26:45 - INFO - utils.trainer -   Accuracy: 0.71354
07/28/2026 11:26:45 - INFO - utils.trainer -   Precision: 0.74699
07/28/2026 11:26:45 - INFO - utils.trainer -   Recall: 0.70340
07/28/2026 11:26:45 - INFO - utils.trainer -   F_score: 0.72454
07/28/2026 11:26:45 - INFO - utils.trainer -   Specificity: 0.00000
07/28/2026 11:26:45 - INFO - utils.trainer -   Sensitivity: 0.00000
07/28/2026 11:26:45 - INFO - utils.trainer -   ***** Running evaluation on test dataset *****
07/28/2026 11:26:47 - INFO - utils.trainer -   Loss: 2.49294
07/28/2026 11:26:47 - INFO - utils.trainer -   AUC: 0.76875
07/28/2026 11:26:47 - INFO - utils.trainer -   Accuracy: 0.68860
07/28/2026 11:26:47 - INFO - utils.trainer -   Precision: 0.72298
07/28/2026 11:26:47 - INFO - utils.trainer -   Recall: 0.73302
07/28/2026 11:26:47 - INFO - utils.trainer -   F_score: 0.72797
07/28/2026 11:26:47 - INFO - utils.trainer -   Specificity: 0.00000
07/28/2026 11:26:47 - INFO - utils.trainer -   Sensitivity: 0.00000
07/28/2026 11:26:47 - INFO - utils.trainer -   Model saved to output_dir/BNT
07/28/2026 11:26:47 - INFO - utils.trainer -   Best model saved (val_AUC=0.7875, test_acc=0.6886)
07/28/2026 11:26:47 - INFO - utils.trainer -   Epoch: 11, Loss: 0.73675, Val loss: 2.28452, Test loss: 2.49294, Val Acc: 0.7135, Best val AUC: 0.7875, No improve: 0/10, Time: 6.8s
07/28/2026 11:26:54 - INFO - utils.trainer -   ***** Running evaluation on val dataset *****
07/28/2026 11:26:55 - INFO - utils.trainer -   Loss: 2.31504
07/28/2026 11:26:55 - INFO - utils.trainer -   AUC: 0.77849
07/28/2026 11:26:55 - INFO - utils.trainer -   Accuracy: 0.70660
07/28/2026 11:26:55 - INFO - utils.trainer -   Precision: 0.72178
07/28/2026 11:26:55 - INFO - utils.trainer -   Recall: 0.73582
07/28/2026 11:26:55 - INFO - utils.trainer -   F_score: 0.72873
07/28/2026 11:26:55 - INFO - utils.trainer -   Specificity: 0.00000
07/28/2026 11:26:55 - INFO - utils.trainer -   Sensitivity: 0.00000
07/28/2026 11:26:55 - INFO - utils.trainer -   ***** Running evaluation on test dataset *****
07/28/2026 11:26:57 - INFO - utils.trainer -   Loss: 2.61433
07/28/2026 11:26:57 - INFO - utils.trainer -   AUC: 0.75566
07/28/2026 11:26:57 - INFO - utils.trainer -   Accuracy: 0.68509
07/28/2026 11:26:57 - INFO - utils.trainer -   Precision: 0.70851
07/28/2026 11:26:57 - INFO - utils.trainer -   Recall: 0.75772
07/28/2026 11:26:57 - INFO - utils.trainer -   F_score: 0.73229
07/28/2026 11:26:57 - INFO - utils.trainer -   Specificity: 0.00000
07/28/2026 11:26:57 - INFO - utils.trainer -   Sensitivity: 0.00000
07/28/2026 11:26:57 - INFO - utils.trainer -   Epoch: 12, Loss: 0.64234, Val loss: 2.31504, Test loss: 2.61433, Val Acc: 0.7066, Best val AUC: 0.7875, No improve: 1/10, Time: 6.9s
07/28/2026 11:27:04 - INFO - utils.trainer -   ***** Running evaluation on val dataset *****
07/28/2026 11:27:06 - INFO - utils.trainer -   Loss: 2.75392
07/28/2026 11:27:06 - INFO - utils.trainer -   AUC: 0.77466
07/28/2026 11:27:06 - INFO - utils.trainer -   Accuracy: 0.69531
07/28/2026 11:27:06 - INFO - utils.trainer -   Precision: 0.73835
07/28/2026 11:27:06 - INFO - utils.trainer -   Recall: 0.66775
07/28/2026 11:27:06 - INFO - utils.trainer -   F_score: 0.70128
07/28/2026 11:27:06 - INFO - utils.trainer -   Specificity: 0.00000
07/28/2026 11:27:06 - INFO - utils.trainer -   Sensitivity: 0.00000
07/28/2026 11:27:06 - INFO - utils.trainer -   ***** Running evaluation on test dataset *****
07/28/2026 11:27:08 - INFO - utils.trainer -   Loss: 2.95667
07/28/2026 11:27:08 - INFO - utils.trainer -   AUC: 0.76124
07/28/2026 11:27:08 - INFO - utils.trainer -   Accuracy: 0.68158
07/28/2026 11:27:08 - INFO - utils.trainer -   Precision: 0.73399
07/28/2026 11:27:08 - INFO - utils.trainer -   Recall: 0.68981
07/28/2026 11:27:08 - INFO - utils.trainer -   F_score: 0.71122
07/28/2026 11:27:08 - INFO - utils.trainer -   Specificity: 0.00000
07/28/2026 11:27:08 - INFO - utils.trainer -   Sensitivity: 0.00000
07/28/2026 11:27:08 - INFO - utils.trainer -   Epoch: 13, Loss: 0.65222, Val loss: 2.75392, Test loss: 2.95667, Val Acc: 0.6953, Best val AUC: 0.7875, No improve: 2/10, Time: 6.9s
07/28/2026 11:27:15 - INFO - utils.trainer -   ***** Running evaluation on val dataset *****
07/28/2026 11:27:17 - INFO - utils.trainer -   Loss: 2.80265
07/28/2026 11:27:17 - INFO - utils.trainer -   AUC: 0.76811
07/28/2026 11:27:17 - INFO - utils.trainer -   Accuracy: 0.67708
07/28/2026 11:27:17 - INFO - utils.trainer -   Precision: 0.66268
07/28/2026 11:27:17 - INFO - utils.trainer -   Recall: 0.80875
07/28/2026 11:27:17 - INFO - utils.trainer -   F_score: 0.72847
07/28/2026 11:27:17 - INFO - utils.trainer -   Specificity: 0.00000
07/28/2026 11:27:17 - INFO - utils.trainer -   Sensitivity: 0.00000
07/28/2026 11:27:17 - INFO - utils.trainer -   ***** Running evaluation on test dataset *****
07/28/2026 11:27:18 - INFO - utils.trainer -   Loss: 2.95183
07/28/2026 11:27:18 - INFO - utils.trainer -   AUC: 0.76626
07/28/2026 11:27:18 - INFO - utils.trainer -   Accuracy: 0.68158
07/28/2026 11:27:18 - INFO - utils.trainer -   Precision: 0.68061
07/28/2026 11:27:18 - INFO - utils.trainer -   Recall: 0.82870
07/28/2026 11:27:18 - INFO - utils.trainer -   F_score: 0.74739
07/28/2026 11:27:18 - INFO - utils.trainer -   Specificity: 0.00000
07/28/2026 11:27:18 - INFO - utils.trainer -   Sensitivity: 0.00000
07/28/2026 11:27:18 - INFO - utils.trainer -   Epoch: 14, Loss: 0.50217, Val loss: 2.80265, Test loss: 2.95183, Val Acc: 0.6771, Best val AUC: 0.7875, No improve: 3/10, Time: 6.9s
07/28/2026 11:27:25 - INFO - utils.trainer -   ***** Running evaluation on val dataset *****
07/28/2026 11:27:27 - INFO - utils.trainer -   Loss: 3.07793
07/28/2026 11:27:27 - INFO - utils.trainer -   AUC: 0.76153
07/28/2026 11:27:27 - INFO - utils.trainer -   Accuracy: 0.69358
07/28/2026 11:27:27 - INFO - utils.trainer -   Precision: 0.74176
07/28/2026 11:27:27 - INFO - utils.trainer -   Recall: 0.65640
07/28/2026 11:27:27 - INFO - utils.trainer -   F_score: 0.69647
07/28/2026 11:27:27 - INFO - utils.trainer -   Specificity: 0.00000
07/28/2026 11:27:27 - INFO - utils.trainer -   Sensitivity: 0.00000
07/28/2026 11:27:27 - INFO - utils.trainer -   ***** Running evaluation on test dataset *****
07/28/2026 11:27:29 - INFO - utils.trainer -   Loss: 3.24701
07/28/2026 11:27:29 - INFO - utils.trainer -   AUC: 0.75460
07/28/2026 11:27:29 - INFO - utils.trainer -   Accuracy: 0.68246
07/28/2026 11:27:29 - INFO - utils.trainer -   Precision: 0.73366
07/28/2026 11:27:29 - INFO - utils.trainer -   Recall: 0.69290
07/28/2026 11:27:29 - INFO - utils.trainer -   F_score: 0.71270
07/28/2026 11:27:29 - INFO - utils.trainer -   Specificity: 0.00000
07/28/2026 11:27:29 - INFO - utils.trainer -   Sensitivity: 0.00000
07/28/2026 11:27:29 - INFO - utils.trainer -   Epoch: 15, Loss: 0.43678, Val loss: 3.07793, Test loss: 3.24701, Val Acc: 0.6936, Best val AUC: 0.7875, No improve: 4/10, Time: 7.2s
07/28/2026 11:27:36 - INFO - utils.trainer -   ***** Running evaluation on val dataset *****
07/28/2026 11:27:38 - INFO - utils.trainer -   Loss: 2.91663
07/28/2026 11:27:38 - INFO - utils.trainer -   AUC: 0.76870
07/28/2026 11:27:38 - INFO - utils.trainer -   Accuracy: 0.68403
07/28/2026 11:27:38 - INFO - utils.trainer -   Precision: 0.68201
07/28/2026 11:27:38 - INFO - utils.trainer -   Recall: 0.76823
07/28/2026 11:27:38 - INFO - utils.trainer -   F_score: 0.72256
07/28/2026 11:27:38 - INFO - utils.trainer -   Specificity: 0.00000
07/28/2026 11:27:38 - INFO - utils.trainer -   Sensitivity: 0.00000
07/28/2026 11:27:38 - INFO - utils.trainer -   ***** Running evaluation on test dataset *****
07/28/2026 11:27:40 - INFO - utils.trainer -   Loss: 3.21703
07/28/2026 11:27:40 - INFO - utils.trainer -   AUC: 0.75406
07/28/2026 11:27:40 - INFO - utils.trainer -   Accuracy: 0.67368
07/28/2026 11:27:40 - INFO - utils.trainer -   Precision: 0.68956
07/28/2026 11:27:40 - INFO - utils.trainer -   Recall: 0.77469
07/28/2026 11:27:40 - INFO - utils.trainer -   F_score: 0.72965
07/28/2026 11:27:40 - INFO - utils.trainer -   Specificity: 0.00000
07/28/2026 11:27:40 - INFO - utils.trainer -   Sensitivity: 0.00000
07/28/2026 11:27:40 - INFO - utils.trainer -   Epoch: 16, Loss: 0.47195, Val loss: 2.91663, Test loss: 3.21703, Val Acc: 0.6840, Best val AUC: 0.7875, No improve: 5/10, Time: 7.0s
07/28/2026 11:27:46 - INFO - utils.trainer -   ***** Running evaluation on val dataset *****
07/28/2026 11:27:49 - INFO - utils.trainer -   Loss: 3.54606
07/28/2026 11:27:49 - INFO - utils.trainer -   AUC: 0.76288
07/28/2026 11:27:49 - INFO - utils.trainer -   Accuracy: 0.68229
07/28/2026 11:27:49 - INFO - utils.trainer -   Precision: 0.76421
07/28/2026 11:27:49 - INFO - utils.trainer -   Recall: 0.58833
07/28/2026 11:27:49 - INFO - utils.trainer -   F_score: 0.66484
07/28/2026 11:27:49 - INFO - utils.trainer -   Specificity: 0.00000
07/28/2026 11:27:49 - INFO - utils.trainer -   Sensitivity: 0.00000
07/28/2026 11:27:49 - INFO - utils.trainer -   ***** Running evaluation on test dataset *****
07/28/2026 11:27:50 - INFO - utils.trainer -   Loss: 3.65639
07/28/2026 11:27:50 - INFO - utils.trainer -   AUC: 0.76008
07/28/2026 11:27:50 - INFO - utils.trainer -   Accuracy: 0.68246
07/28/2026 11:27:50 - INFO - utils.trainer -   Precision: 0.76384
07/28/2026 11:27:50 - INFO - utils.trainer -   Recall: 0.63889
07/28/2026 11:27:50 - INFO - utils.trainer -   F_score: 0.69580
07/28/2026 11:27:50 - INFO - utils.trainer -   Specificity: 0.00000
07/28/2026 11:27:50 - INFO - utils.trainer -   Sensitivity: 0.00000
07/28/2026 11:27:50 - INFO - utils.trainer -   Epoch: 17, Loss: 0.42932, Val loss: 3.54606, Test loss: 3.65639, Val Acc: 0.6823, Best val AUC: 0.7875, No improve: 6/10, Time: 6.6s
07/28/2026 11:27:57 - INFO - utils.trainer -   ***** Running evaluation on val dataset *****
07/28/2026 11:27:59 - INFO - utils.trainer -   Loss: 3.22606
07/28/2026 11:27:59 - INFO - utils.trainer -   AUC: 0.76739
07/28/2026 11:27:59 - INFO - utils.trainer -   Accuracy: 0.69878
07/28/2026 11:27:59 - INFO - utils.trainer -   Precision: 0.75187
07/28/2026 11:27:59 - INFO - utils.trainer -   Recall: 0.65316
07/28/2026 11:27:59 - INFO - utils.trainer -   F_score: 0.69905
07/28/2026 11:27:59 - INFO - utils.trainer -   Specificity: 0.00000
07/28/2026 11:27:59 - INFO - utils.trainer -   Sensitivity: 0.00000
07/28/2026 11:27:59 - INFO - utils.trainer -   ***** Running evaluation on test dataset *****
07/28/2026 11:28:01 - INFO - utils.trainer -   Loss: 3.51418
07/28/2026 11:28:01 - INFO - utils.trainer -   AUC: 0.75340
07/28/2026 11:28:01 - INFO - utils.trainer -   Accuracy: 0.67895
07/28/2026 11:28:01 - INFO - utils.trainer -   Precision: 0.73898
07/28/2026 11:28:01 - INFO - utils.trainer -   Recall: 0.67284
07/28/2026 11:28:01 - INFO - utils.trainer -   F_score: 0.70436
07/28/2026 11:28:01 - INFO - utils.trainer -   Specificity: 0.00000
07/28/2026 11:28:01 - INFO - utils.trainer -   Sensitivity: 0.00000
07/28/2026 11:28:01 - INFO - utils.trainer -   Epoch: 18, Loss: 0.35772, Val loss: 3.22606, Test loss: 3.51418, Val Acc: 0.6988, Best val AUC: 0.7875, No improve: 7/10, Time: 6.9s
07/28/2026 11:28:07 - INFO - utils.trainer -   ***** Running evaluation on val dataset *****
07/28/2026 11:28:09 - INFO - utils.trainer -   Loss: 3.28555
07/28/2026 11:28:09 - INFO - utils.trainer -   AUC: 0.76579
07/28/2026 11:28:09 - INFO - utils.trainer -   Accuracy: 0.69444
07/28/2026 11:28:09 - INFO - utils.trainer -   Precision: 0.70998
07/28/2026 11:28:09 - INFO - utils.trainer -   Recall: 0.72609
07/28/2026 11:28:09 - INFO - utils.trainer -   F_score: 0.71795
07/28/2026 11:28:09 - INFO - utils.trainer -   Specificity: 0.00000
07/28/2026 11:28:09 - INFO - utils.trainer -   Sensitivity: 0.00000
07/28/2026 11:28:09 - INFO - utils.trainer -   ***** Running evaluation on test dataset *****
07/28/2026 11:28:11 - INFO - utils.trainer -   Loss: 3.60644
07/28/2026 11:28:11 - INFO - utils.trainer -   AUC: 0.75496
07/28/2026 11:28:11 - INFO - utils.trainer -   Accuracy: 0.67895
07/28/2026 11:28:11 - INFO - utils.trainer -   Precision: 0.70858
07/28/2026 11:28:11 - INFO - utils.trainer -   Recall: 0.73920
07/28/2026 11:28:11 - INFO - utils.trainer -   F_score: 0.72356
07/28/2026 11:28:11 - INFO - utils.trainer -   Specificity: 0.00000
07/28/2026 11:28:11 - INFO - utils.trainer -   Sensitivity: 0.00000
07/28/2026 11:28:11 - INFO - utils.trainer -   Epoch: 19, Loss: 0.35244, Val loss: 3.28555, Test loss: 3.60644, Val Acc: 0.6944, Best val AUC: 0.7875, No improve: 8/10, Time: 6.7s
07/28/2026 11:28:18 - INFO - utils.trainer -   ***** Running evaluation on val dataset *****
07/28/2026 11:28:20 - INFO - utils.trainer -   Loss: 3.61015
07/28/2026 11:28:20 - INFO - utils.trainer -   AUC: 0.74791
07/28/2026 11:28:20 - INFO - utils.trainer -   Accuracy: 0.68056
07/28/2026 11:28:20 - INFO - utils.trainer -   Precision: 0.69243
07/28/2026 11:28:20 - INFO - utils.trainer -   Recall: 0.72609
07/28/2026 11:28:20 - INFO - utils.trainer -   F_score: 0.70886
07/28/2026 11:28:20 - INFO - utils.trainer -   Specificity: 0.00000
07/28/2026 11:28:20 - INFO - utils.trainer -   Sensitivity: 0.00000
07/28/2026 11:28:20 - INFO - utils.trainer -   ***** Running evaluation on test dataset *****
07/28/2026 11:28:21 - INFO - utils.trainer -   Loss: 3.70142
07/28/2026 11:28:21 - INFO - utils.trainer -   AUC: 0.75909
07/28/2026 11:28:21 - INFO - utils.trainer -   Accuracy: 0.68684
07/28/2026 11:28:21 - INFO - utils.trainer -   Precision: 0.71303
07/28/2026 11:28:21 - INFO - utils.trainer -   Recall: 0.75154
07/28/2026 11:28:21 - INFO - utils.trainer -   F_score: 0.73178
07/28/2026 11:28:21 - INFO - utils.trainer -   Specificity: 0.00000
07/28/2026 11:28:21 - INFO - utils.trainer -   Sensitivity: 0.00000
07/28/2026 11:28:21 - INFO - utils.trainer -   Epoch: 20, Loss: 0.33279, Val loss: 3.61015, Test loss: 3.70142, Val Acc: 0.6806, Best val AUC: 0.7875, No improve: 9/10, Time: 6.7s
07/28/2026 11:28:29 - INFO - utils.trainer -   ***** Running evaluation on val dataset *****
07/28/2026 11:28:30 - INFO - utils.trainer -   Loss: 3.61171
07/28/2026 11:28:30 - INFO - utils.trainer -   AUC: 0.77747
07/28/2026 11:28:30 - INFO - utils.trainer -   Accuracy: 0.70573
07/28/2026 11:28:30 - INFO - utils.trainer -   Precision: 0.73401
07/28/2026 11:28:30 - INFO - utils.trainer -   Recall: 0.70665
07/28/2026 11:28:30 - INFO - utils.trainer -   F_score: 0.72007
07/28/2026 11:28:30 - INFO - utils.trainer -   Specificity: 0.00000
07/28/2026 11:28:30 - INFO - utils.trainer -   Sensitivity: 0.00000
07/28/2026 11:28:30 - INFO - utils.trainer -   ***** Running evaluation on test dataset *****
07/28/2026 11:28:32 - INFO - utils.trainer -   Loss: 4.05396
07/28/2026 11:28:32 - INFO - utils.trainer -   AUC: 0.75290
07/28/2026 11:28:32 - INFO - utils.trainer -   Accuracy: 0.68158
07/28/2026 11:28:32 - INFO - utils.trainer -   Precision: 0.73096
07/28/2026 11:28:32 - INFO - utils.trainer -   Recall: 0.69599
07/28/2026 11:28:32 - INFO - utils.trainer -   F_score: 0.71304
07/28/2026 11:28:32 - INFO - utils.trainer -   Specificity: 0.00000
07/28/2026 11:28:32 - INFO - utils.trainer -   Sensitivity: 0.00000
07/28/2026 11:28:32 - INFO - utils.trainer -   Epoch: 21, Loss: 0.31051, Val loss: 3.61171, Test loss: 4.05396, Val Acc: 0.7057, Best val AUC: 0.7875, No improve: 10/10, Time: 7.0s
07/28/2026 11:28:32 - INFO - utils.trainer -   Early stopping triggered at epoch 21
07/28/2026 11:28:32 - INFO - utils.trainer -   Early stopping triggered at epoch 21
07/28/2026 11:28:32 - INFO - utils.trainer -   Early stopping triggered at epoch 21
07/28/2026 11:28:32 - INFO - utils.trainer -   Early stopping triggered at epoch 21
07/28/2026 11:28:32 - INFO - utils.trainer -     6 keys not in checkpoint (kept from init)
07/28/2026 11:28:32 - INFO - utils.trainer -   Model loaded from output_dir/BNT/BNT-0.bin (27/27 keys)
07/28/2026 11:28:32 - INFO - utils.trainer -   === Best epoch test result ===
07/28/2026 11:28:32 - INFO - utils.trainer -     Loss: 2.49294
07/28/2026 11:28:32 - INFO - utils.trainer -     AUC: 0.76875
07/28/2026 11:28:32 - INFO - utils.trainer -     Accuracy: 0.68860
07/28/2026 11:28:32 - INFO - utils.trainer -     Precision: 0.72298
07/28/2026 11:28:32 - INFO - utils.trainer -     Recall: 0.73302
07/28/2026 11:28:32 - INFO - utils.trainer -     F_score: 0.72797
07/28/2026 11:28:32 - INFO - utils.trainer -     Specificity: 0.00000
07/28/2026 11:28:32 - INFO - utils.trainer -     Sensitivity: 0.00000
07/28/2026 11:28:32 - INFO - utils.trainer -   Model saved to output_dir/BNT/final-epoch-200
07/28/2026 11:28:32 - INFO - utils.trainer -   Final model saved at epoch 200
