07/30/2026 20:18:48 - INFO - __main__ -   ########## Repeat:0 ##########
07/30/2026 20:18:48 - INFO - utils.trainer -   ***** Running training *****
07/30/2026 20:18:48 - INFO - utils.trainer -     Num examples = 33
07/30/2026 20:18:48 - INFO - utils.trainer -     Num Epochs = 200
07/30/2026 20:18:48 - INFO - utils.trainer -     Total train batch size = 3
07/30/2026 20:18:48 - INFO - utils.trainer -     warmup steps = 400
07/30/2026 20:18:48 - INFO - utils.trainer -     Total optimization steps = 6600
07/30/2026 20:18:48 - INFO - utils.trainer -     Save steps = 200
07/30/2026 20:18:50 - INFO - utils.trainer -   ***** Running evaluation on val dataset *****
07/30/2026 20:18:50 - INFO - utils.trainer -   Loss: 1.99737
07/30/2026 20:18:50 - INFO - utils.trainer -   AUC: 0.57972
07/30/2026 20:18:50 - INFO - utils.trainer -   Accuracy: 0.45833
07/30/2026 20:18:50 - INFO - utils.trainer -   Precision: 0.45833
07/30/2026 20:18:50 - INFO - utils.trainer -   Specificity: 0.00000
07/30/2026 20:18:50 - INFO - utils.trainer -   Sensitivity: 1.00000
07/30/2026 20:18:50 - INFO - utils.trainer -   Model saved to output_dir/ALTER_DS_train
07/30/2026 20:18:50 - INFO - utils.trainer -   Best model saved (val_AUC=0.5797)
07/30/2026 20:18:50 - INFO - utils.trainer -   Epoch: 1, Loss: 2.07911, Val loss: 1.99737, Val AUC: 0.5797, Best val AUC: 0.5797, No improve: 0/10, Time: 1.4s
07/30/2026 20:18:51 - INFO - utils.trainer -   ***** Running evaluation on val dataset *****
07/30/2026 20:18:51 - INFO - utils.trainer -   Loss: 2.00838
07/30/2026 20:18:51 - INFO - utils.trainer -   AUC: 0.60839
07/30/2026 20:18:51 - INFO - utils.trainer -   Accuracy: 0.45833
07/30/2026 20:18:51 - INFO - utils.trainer -   Precision: 0.45833
07/30/2026 20:18:51 - INFO - utils.trainer -   Specificity: 0.00000
07/30/2026 20:18:51 - INFO - utils.trainer -   Sensitivity: 1.00000
07/30/2026 20:18:51 - INFO - utils.trainer -   Model saved to output_dir/ALTER_DS_train
07/30/2026 20:18:51 - INFO - utils.trainer -   Best model saved (val_AUC=0.6084)
07/30/2026 20:18:51 - INFO - utils.trainer -   Epoch: 2, Loss: 2.07896, Val loss: 2.00838, Val AUC: 0.6084, Best val AUC: 0.6084, No improve: 0/10, Time: 1.0s
07/30/2026 20:18:53 - INFO - utils.trainer -   ***** Running evaluation on val dataset *****
07/30/2026 20:18:53 - INFO - utils.trainer -   Loss: 2.03629
07/30/2026 20:18:53 - INFO - utils.trainer -   AUC: 0.60979
07/30/2026 20:18:53 - INFO - utils.trainer -   Accuracy: 0.45833
07/30/2026 20:18:53 - INFO - utils.trainer -   Precision: 0.45833
07/30/2026 20:18:53 - INFO - utils.trainer -   Specificity: 0.00000
07/30/2026 20:18:53 - INFO - utils.trainer -   Sensitivity: 1.00000
07/30/2026 20:18:53 - INFO - utils.trainer -   Model saved to output_dir/ALTER_DS_train
07/30/2026 20:18:53 - INFO - utils.trainer -   Best model saved (val_AUC=0.6098)
07/30/2026 20:18:53 - INFO - utils.trainer -   Epoch: 3, Loss: 2.07423, Val loss: 2.03629, Val AUC: 0.6098, Best val AUC: 0.6098, No improve: 0/10, Time: 1.0s
07/30/2026 20:18:54 - INFO - utils.trainer -   ***** Running evaluation on val dataset *****
07/30/2026 20:18:55 - INFO - utils.trainer -   Loss: 1.97027
07/30/2026 20:18:55 - INFO - utils.trainer -   AUC: 0.66853
07/30/2026 20:18:55 - INFO - utils.trainer -   Accuracy: 0.45833
07/30/2026 20:18:55 - INFO - utils.trainer -   Precision: 0.45833
07/30/2026 20:18:55 - INFO - utils.trainer -   Specificity: 0.00000
07/30/2026 20:18:55 - INFO - utils.trainer -   Sensitivity: 1.00000
07/30/2026 20:18:55 - INFO - utils.trainer -   Model saved to output_dir/ALTER_DS_train
07/30/2026 20:18:55 - INFO - utils.trainer -   Best model saved (val_AUC=0.6685)
07/30/2026 20:18:55 - INFO - utils.trainer -   Epoch: 4, Loss: 1.80429, Val loss: 1.97027, Val AUC: 0.6685, Best val AUC: 0.6685, No improve: 0/10, Time: 1.0s
07/30/2026 20:18:56 - INFO - utils.trainer -   ***** Running evaluation on val dataset *****
07/30/2026 20:18:56 - INFO - utils.trainer -   Loss: 1.57030
07/30/2026 20:18:56 - INFO - utils.trainer -   AUC: 0.80084
07/30/2026 20:18:56 - INFO - utils.trainer -   Accuracy: 0.72500
07/30/2026 20:18:56 - INFO - utils.trainer -   Precision: 0.67188
07/30/2026 20:18:56 - INFO - utils.trainer -   Specificity: 0.67692
07/30/2026 20:18:56 - INFO - utils.trainer -   Sensitivity: 0.78182
07/30/2026 20:18:56 - INFO - utils.trainer -   Model saved to output_dir/ALTER_DS_train
07/30/2026 20:18:56 - INFO - utils.trainer -   Best model saved (val_AUC=0.8008)
07/30/2026 20:18:56 - INFO - utils.trainer -   Epoch: 5, Loss: 1.40049, Val loss: 1.57030, Val AUC: 0.8008, Best val AUC: 0.8008, No improve: 0/10, Time: 1.1s
07/30/2026 20:18:57 - INFO - utils.trainer -   ***** Running evaluation on val dataset *****
07/30/2026 20:18:58 - INFO - utils.trainer -   Loss: 1.66070
07/30/2026 20:18:58 - INFO - utils.trainer -   AUC: 0.80923
07/30/2026 20:18:58 - INFO - utils.trainer -   Accuracy: 0.73333
07/30/2026 20:18:58 - INFO - utils.trainer -   Precision: 0.68254
07/30/2026 20:18:58 - INFO - utils.trainer -   Specificity: 0.69231
07/30/2026 20:18:58 - INFO - utils.trainer -   Sensitivity: 0.78182
07/30/2026 20:18:58 - INFO - utils.trainer -   Model saved to output_dir/ALTER_DS_train
07/30/2026 20:18:58 - INFO - utils.trainer -   Best model saved (val_AUC=0.8092)
07/30/2026 20:18:58 - INFO - utils.trainer -   Epoch: 6, Loss: 0.88369, Val loss: 1.66070, Val AUC: 0.8092, Best val AUC: 0.8092, No improve: 0/10, Time: 1.1s
07/30/2026 20:18:59 - INFO - utils.trainer -   ***** Running evaluation on val dataset *****
07/30/2026 20:18:59 - INFO - utils.trainer -   Loss: 2.07449
07/30/2026 20:18:59 - INFO - utils.trainer -   AUC: 0.84951
07/30/2026 20:18:59 - INFO - utils.trainer -   Accuracy: 0.73333
07/30/2026 20:18:59 - INFO - utils.trainer -   Precision: 0.67164
07/30/2026 20:18:59 - INFO - utils.trainer -   Specificity: 0.66154
07/30/2026 20:18:59 - INFO - utils.trainer -   Sensitivity: 0.81818
07/30/2026 20:18:59 - INFO - utils.trainer -   Model saved to output_dir/ALTER_DS_train
07/30/2026 20:18:59 - INFO - utils.trainer -   Best model saved (val_AUC=0.8495)
07/30/2026 20:18:59 - INFO - utils.trainer -   Epoch: 7, Loss: 0.24432, Val loss: 2.07449, Val AUC: 0.8495, Best val AUC: 0.8495, No improve: 0/10, Time: 1.1s
07/30/2026 20:19:00 - INFO - utils.trainer -   ***** Running evaluation on val dataset *****
07/30/2026 20:19:01 - INFO - utils.trainer -   Loss: 2.31227
07/30/2026 20:19:01 - INFO - utils.trainer -   AUC: 0.87552
07/30/2026 20:19:01 - INFO - utils.trainer -   Accuracy: 0.70833
07/30/2026 20:19:01 - INFO - utils.trainer -   Precision: 0.64286
07/30/2026 20:19:01 - INFO - utils.trainer -   Specificity: 0.61538
07/30/2026 20:19:01 - INFO - utils.trainer -   Sensitivity: 0.81818
07/30/2026 20:19:01 - INFO - utils.trainer -   Model saved to output_dir/ALTER_DS_train
07/30/2026 20:19:01 - INFO - utils.trainer -   Best model saved (val_AUC=0.8755)
07/30/2026 20:19:01 - INFO - utils.trainer -   Epoch: 8, Loss: 0.38133, Val loss: 2.31227, Val AUC: 0.8755, Best val AUC: 0.8755, No improve: 0/10, Time: 1.1s
07/30/2026 20:19:02 - INFO - utils.trainer -   ***** Running evaluation on val dataset *****
07/30/2026 20:19:03 - INFO - utils.trainer -   Loss: 2.15524
07/30/2026 20:19:03 - INFO - utils.trainer -   AUC: 0.82350
07/30/2026 20:19:03 - INFO - utils.trainer -   Accuracy: 0.80833
07/30/2026 20:19:03 - INFO - utils.trainer -   Precision: 0.80769
07/30/2026 20:19:03 - INFO - utils.trainer -   Specificity: 0.84615
07/30/2026 20:19:03 - INFO - utils.trainer -   Sensitivity: 0.76364
07/30/2026 20:19:03 - INFO - utils.trainer -   Epoch: 9, Loss: 0.16528, Val loss: 2.15524, Val AUC: 0.8235, Best val AUC: 0.8755, No improve: 1/10, Time: 1.1s
07/30/2026 20:19:03 - INFO - utils.trainer -   ***** Running evaluation on val dataset *****
07/30/2026 20:19:04 - INFO - utils.trainer -   Loss: 2.77322
07/30/2026 20:19:04 - INFO - utils.trainer -   AUC: 0.85231
07/30/2026 20:19:04 - INFO - utils.trainer -   Accuracy: 0.70833
07/30/2026 20:19:04 - INFO - utils.trainer -   Precision: 0.64286
07/30/2026 20:19:04 - INFO - utils.trainer -   Specificity: 0.61538
07/30/2026 20:19:04 - INFO - utils.trainer -   Sensitivity: 0.81818
07/30/2026 20:19:04 - INFO - utils.trainer -   Epoch: 10, Loss: 0.10043, Val loss: 2.77322, Val AUC: 0.8523, Best val AUC: 0.8755, No improve: 2/10, Time: 1.0s
07/30/2026 20:19:05 - INFO - utils.trainer -   ***** Running evaluation on val dataset *****
07/30/2026 20:19:06 - INFO - utils.trainer -   Loss: 2.43468
07/30/2026 20:19:06 - INFO - utils.trainer -   AUC: 0.81958
07/30/2026 20:19:06 - INFO - utils.trainer -   Accuracy: 0.80000
07/30/2026 20:19:06 - INFO - utils.trainer -   Precision: 0.78182
07/30/2026 20:19:06 - INFO - utils.trainer -   Specificity: 0.81538
07/30/2026 20:19:06 - INFO - utils.trainer -   Sensitivity: 0.78182
07/30/2026 20:19:06 - INFO - utils.trainer -   Epoch: 11, Loss: 0.01401, Val loss: 2.43468, Val AUC: 0.8196, Best val AUC: 0.8755, No improve: 3/10, Time: 1.1s
07/30/2026 20:19:07 - INFO - utils.trainer -   ***** Running evaluation on val dataset *****
07/30/2026 20:19:07 - INFO - utils.trainer -   Loss: 3.48632
07/30/2026 20:19:07 - INFO - utils.trainer -   AUC: 0.82350
07/30/2026 20:19:07 - INFO - utils.trainer -   Accuracy: 0.71667
07/30/2026 20:19:07 - INFO - utils.trainer -   Precision: 0.65217
07/30/2026 20:19:07 - INFO - utils.trainer -   Specificity: 0.63077
07/30/2026 20:19:07 - INFO - utils.trainer -   Sensitivity: 0.81818
07/30/2026 20:19:07 - INFO - utils.trainer -   Epoch: 12, Loss: 0.04013, Val loss: 3.48632, Val AUC: 0.8235, Best val AUC: 0.8755, No improve: 4/10, Time: 1.1s
07/30/2026 20:19:08 - INFO - utils.trainer -   ***** Running evaluation on val dataset *****
07/30/2026 20:19:09 - INFO - utils.trainer -   Loss: 3.49565
07/30/2026 20:19:09 - INFO - utils.trainer -   AUC: 0.84671
07/30/2026 20:19:09 - INFO - utils.trainer -   Accuracy: 0.73333
07/30/2026 20:19:09 - INFO - utils.trainer -   Precision: 0.67164
07/30/2026 20:19:09 - INFO - utils.trainer -   Specificity: 0.66154
07/30/2026 20:19:09 - INFO - utils.trainer -   Sensitivity: 0.81818
07/30/2026 20:19:09 - INFO - utils.trainer -   Epoch: 13, Loss: 0.01470, Val loss: 3.49565, Val AUC: 0.8467, Best val AUC: 0.8755, No improve: 5/10, Time: 1.1s
07/30/2026 20:19:10 - INFO - utils.trainer -   ***** Running evaluation on val dataset *****
07/30/2026 20:19:10 - INFO - utils.trainer -   Loss: 3.09444
07/30/2026 20:19:10 - INFO - utils.trainer -   AUC: 0.83441
07/30/2026 20:19:10 - INFO - utils.trainer -   Accuracy: 0.76667
07/30/2026 20:19:10 - INFO - utils.trainer -   Precision: 0.71429
07/30/2026 20:19:10 - INFO - utils.trainer -   Specificity: 0.72308
07/30/2026 20:19:10 - INFO - utils.trainer -   Sensitivity: 0.81818
07/30/2026 20:19:10 - INFO - utils.trainer -   Epoch: 14, Loss: 0.00459, Val loss: 3.09444, Val AUC: 0.8344, Best val AUC: 0.8755, No improve: 6/10, Time: 1.0s
07/30/2026 20:19:11 - INFO - utils.trainer -   ***** Running evaluation on val dataset *****
07/30/2026 20:19:12 - INFO - utils.trainer -   Loss: 3.85766
07/30/2026 20:19:12 - INFO - utils.trainer -   AUC: 0.85147
07/30/2026 20:19:12 - INFO - utils.trainer -   Accuracy: 0.71667
07/30/2026 20:19:12 - INFO - utils.trainer -   Precision: 0.65217
07/30/2026 20:19:12 - INFO - utils.trainer -   Specificity: 0.63077
07/30/2026 20:19:12 - INFO - utils.trainer -   Sensitivity: 0.81818
07/30/2026 20:19:12 - INFO - utils.trainer -   Epoch: 15, Loss: 0.00279, Val loss: 3.85766, Val AUC: 0.8515, Best val AUC: 0.8755, No improve: 7/10, Time: 1.0s
07/30/2026 20:19:13 - INFO - utils.trainer -   ***** Running evaluation on val dataset *****
07/30/2026 20:19:13 - INFO - utils.trainer -   Loss: 3.02938
07/30/2026 20:19:13 - INFO - utils.trainer -   AUC: 0.81315
07/30/2026 20:19:13 - INFO - utils.trainer -   Accuracy: 0.80833
07/30/2026 20:19:13 - INFO - utils.trainer -   Precision: 0.83333
07/30/2026 20:19:13 - INFO - utils.trainer -   Specificity: 0.87692
07/30/2026 20:19:13 - INFO - utils.trainer -   Sensitivity: 0.72727
07/30/2026 20:19:13 - INFO - utils.trainer -   Epoch: 16, Loss: 0.00132, Val loss: 3.02938, Val AUC: 0.8131, Best val AUC: 0.8755, No improve: 8/10, Time: 1.1s
07/30/2026 20:19:14 - INFO - utils.trainer -   ***** Running evaluation on val dataset *****
07/30/2026 20:19:15 - INFO - utils.trainer -   Loss: 3.40447
07/30/2026 20:19:15 - INFO - utils.trainer -   AUC: 0.84420
07/30/2026 20:19:15 - INFO - utils.trainer -   Accuracy: 0.77500
07/30/2026 20:19:15 - INFO - utils.trainer -   Precision: 0.73333
07/30/2026 20:19:15 - INFO - utils.trainer -   Specificity: 0.75385
07/30/2026 20:19:15 - INFO - utils.trainer -   Sensitivity: 0.80000
07/30/2026 20:19:15 - INFO - utils.trainer -   Epoch: 17, Loss: 0.01648, Val loss: 3.40447, Val AUC: 0.8442, Best val AUC: 0.8755, No improve: 9/10, Time: 1.1s
07/30/2026 20:19:16 - INFO - utils.trainer -   ***** Running evaluation on val dataset *****
07/30/2026 20:19:16 - INFO - utils.trainer -   Loss: 4.40257
07/30/2026 20:19:16 - INFO - utils.trainer -   AUC: 0.85706
07/30/2026 20:19:16 - INFO - utils.trainer -   Accuracy: 0.70000
07/30/2026 20:19:16 - INFO - utils.trainer -   Precision: 0.63380
07/30/2026 20:19:16 - INFO - utils.trainer -   Specificity: 0.60000
07/30/2026 20:19:16 - INFO - utils.trainer -   Sensitivity: 0.81818
07/30/2026 20:19:16 - INFO - utils.trainer -   Epoch: 18, Loss: 0.04050, Val loss: 4.40257, Val AUC: 0.8571, Best val AUC: 0.8755, No improve: 10/10, Time: 1.1s
07/30/2026 20:19:16 - INFO - utils.trainer -   Early stopping triggered at epoch 18
07/30/2026 20:19:16 - INFO - utils.trainer -   Early stopping triggered at epoch 18
07/30/2026 20:19:16 - INFO - utils.trainer -   Early stopping triggered at epoch 18
07/30/2026 20:19:16 - INFO - utils.trainer -   Early stopping triggered at epoch 18
07/30/2026 20:19:16 - INFO - utils.trainer -   Early stopping triggered at epoch 18
07/30/2026 20:19:16 - INFO - utils.trainer -   Early stopping triggered at epoch 18
07/30/2026 20:19:16 - INFO - utils.trainer -     6 keys not in checkpoint (kept from init)
07/30/2026 20:19:16 - INFO - utils.trainer -   Model loaded from output_dir/ALTER_DS_train/ALTER-0.bin (27/27 keys)
07/30/2026 20:19:16 - INFO - utils.trainer -     6 keys not in checkpoint (kept from init)
07/30/2026 20:19:16 - INFO - utils.trainer -   Model loaded from output_dir/ALTER_DS_train/ALTER-0.bin (27/27 keys)
07/30/2026 20:19:16 - INFO - utils.trainer -   ***** Running evaluation on test dataset *****
07/30/2026 20:19:16 - INFO - utils.trainer -     6 keys not in checkpoint (kept from init)
07/30/2026 20:19:16 - INFO - utils.trainer -   Model loaded from output_dir/ALTER_DS_train/ALTER-0.bin (27/27 keys)
07/30/2026 20:19:16 - INFO - utils.trainer -     6 keys not in checkpoint (kept from init)
07/30/2026 20:19:16 - INFO - utils.trainer -   Model loaded from output_dir/ALTER_DS_train/ALTER-0.bin (27/27 keys)
07/30/2026 20:19:16 - INFO - utils.trainer -     6 keys not in checkpoint (kept from init)
07/30/2026 20:19:16 - INFO - utils.trainer -   Model loaded from output_dir/ALTER_DS_train/ALTER-0.bin (27/27 keys)
07/30/2026 20:19:16 - INFO - utils.trainer -     6 keys not in checkpoint (kept from init)
07/30/2026 20:19:16 - INFO - utils.trainer -   Model loaded from output_dir/ALTER_DS_train/ALTER-0.bin (27/27 keys)
07/30/2026 20:19:17 - INFO - utils.trainer -   Loss: 4.75642
07/30/2026 20:19:17 - INFO - utils.trainer -   AUC: 0.57735
07/30/2026 20:19:17 - INFO - utils.trainer -   Accuracy: 0.53333
07/30/2026 20:19:17 - INFO - utils.trainer -   Precision: 0.61404
07/30/2026 20:19:17 - INFO - utils.trainer -   Specificity: 0.18519
07/30/2026 20:19:17 - INFO - utils.trainer -   Sensitivity: 0.72917
07/30/2026 20:19:17 - INFO - utils.trainer -   === Best epoch test result ===
07/30/2026 20:19:17 - INFO - utils.trainer -     Loss: 4.75642
07/30/2026 20:19:17 - INFO - utils.trainer -     AUC: 0.57735
07/30/2026 20:19:17 - INFO - utils.trainer -     Accuracy: 0.53333
07/30/2026 20:19:17 - INFO - utils.trainer -     Precision: 0.61404
07/30/2026 20:19:17 - INFO - utils.trainer -     Specificity: 0.18519
07/30/2026 20:19:17 - INFO - utils.trainer -     Sensitivity: 0.72917
07/30/2026 20:19:17 - INFO - utils.trainer -   Model saved to output_dir/ALTER_DS_train/final-epoch-200
07/30/2026 20:19:17 - INFO - utils.trainer -   Final model saved at epoch 200
