07/29/2026 12:46:06 - INFO - __main__ -   ########## Repeat:0 ##########
07/29/2026 12:46:06 - INFO - utils.trainer -   ***** Running training *****
07/29/2026 12:46:06 - INFO - utils.trainer -     Num examples = 192
07/29/2026 12:46:06 - INFO - utils.trainer -     Num Epochs = 200
07/29/2026 12:46:06 - INFO - utils.trainer -     Total train batch size = 3
07/29/2026 12:46:06 - INFO - utils.trainer -     warmup steps = 400
07/29/2026 12:46:06 - INFO - utils.trainer -     Total optimization steps = 38400
07/29/2026 12:46:06 - INFO - utils.trainer -     Save steps = 25
07/29/2026 12:47:23 - INFO - utils.trainer -   ***** Running evaluation on val dataset *****
07/29/2026 12:47:34 - INFO - utils.trainer -   Loss: 0.68976
07/29/2026 12:47:34 - INFO - utils.trainer -   AUC: 0.56236
07/29/2026 12:47:34 - INFO - utils.trainer -   Accuracy: 0.53559
07/29/2026 12:47:34 - INFO - utils.trainer -   Precision: 0.53559
07/29/2026 12:47:34 - INFO - utils.trainer -   Specificity: 0.00000
07/29/2026 12:47:34 - INFO - utils.trainer -   Sensitivity: 1.00000
07/29/2026 12:47:35 - INFO - utils.trainer -   Model saved to output_dir/TimeLLM
07/29/2026 12:47:35 - INFO - utils.trainer -   Best model saved (val_AUC=0.5624)
07/29/2026 12:47:35 - INFO - utils.trainer -   Epoch: 1, Loss: 0.84198, Val loss: 0.68976, Val AUC: 0.5624, Best val AUC: 0.5624, No improve: 0/10, Time: 76.7s
07/29/2026 12:48:51 - INFO - utils.trainer -   ***** Running evaluation on val dataset *****
07/29/2026 12:49:02 - INFO - utils.trainer -   Loss: 0.85968
07/29/2026 12:49:02 - INFO - utils.trainer -   AUC: 0.61960
07/29/2026 12:49:02 - INFO - utils.trainer -   Accuracy: 0.46441
07/29/2026 12:49:02 - INFO - utils.trainer -   Precision: 0.00000
07/29/2026 12:49:02 - INFO - utils.trainer -   Specificity: 1.00000
07/29/2026 12:49:02 - INFO - utils.trainer -   Sensitivity: 0.00000
07/29/2026 12:49:03 - INFO - utils.trainer -   Model saved to output_dir/TimeLLM
07/29/2026 12:49:03 - INFO - utils.trainer -   Best model saved (val_AUC=0.6196)
07/29/2026 12:49:03 - INFO - utils.trainer -   Epoch: 2, Loss: 0.70937, Val loss: 0.85968, Val AUC: 0.6196, Best val AUC: 0.6196, No improve: 0/10, Time: 76.2s
07/29/2026 12:50:19 - INFO - utils.trainer -   ***** Running evaluation on val dataset *****
07/29/2026 12:50:30 - INFO - utils.trainer -   Loss: 0.81382
07/29/2026 12:50:30 - INFO - utils.trainer -   AUC: 0.64091
07/29/2026 12:50:30 - INFO - utils.trainer -   Accuracy: 0.53559
07/29/2026 12:50:30 - INFO - utils.trainer -   Precision: 0.53559
07/29/2026 12:50:30 - INFO - utils.trainer -   Specificity: 0.00000
07/29/2026 12:50:30 - INFO - utils.trainer -   Sensitivity: 1.00000
07/29/2026 12:50:31 - INFO - utils.trainer -   Model saved to output_dir/TimeLLM
07/29/2026 12:50:31 - INFO - utils.trainer -   Best model saved (val_AUC=0.6409)
07/29/2026 12:50:31 - INFO - utils.trainer -   Epoch: 3, Loss: 0.73992, Val loss: 0.81382, Val AUC: 0.6409, Best val AUC: 0.6409, No improve: 0/10, Time: 76.1s
07/29/2026 12:51:47 - INFO - utils.trainer -   ***** Running evaluation on val dataset *****
07/29/2026 12:51:58 - INFO - utils.trainer -   Loss: 0.72372
07/29/2026 12:51:58 - INFO - utils.trainer -   AUC: 0.68501
07/29/2026 12:51:58 - INFO - utils.trainer -   Accuracy: 0.50694
07/29/2026 12:51:58 - INFO - utils.trainer -   Precision: 0.72897
07/29/2026 12:51:58 - INFO - utils.trainer -   Specificity: 0.94579
07/29/2026 12:51:58 - INFO - utils.trainer -   Sensitivity: 0.12642
07/29/2026 12:51:59 - INFO - utils.trainer -   Model saved to output_dir/TimeLLM
07/29/2026 12:51:59 - INFO - utils.trainer -   Best model saved (val_AUC=0.6850)
07/29/2026 12:51:59 - INFO - utils.trainer -   Epoch: 4, Loss: 0.70743, Val loss: 0.72372, Val AUC: 0.6850, Best val AUC: 0.6850, No improve: 0/10, Time: 76.2s
07/29/2026 12:53:15 - INFO - utils.trainer -   ***** Running evaluation on val dataset *****
07/29/2026 12:53:26 - INFO - utils.trainer -   Loss: 0.63795
07/29/2026 12:53:26 - INFO - utils.trainer -   AUC: 0.68245
07/29/2026 12:53:26 - INFO - utils.trainer -   Accuracy: 0.63628
07/29/2026 12:53:26 - INFO - utils.trainer -   Precision: 0.69721
07/29/2026 12:53:26 - INFO - utils.trainer -   Specificity: 0.71589
07/29/2026 12:53:26 - INFO - utils.trainer -   Sensitivity: 0.56726
07/29/2026 12:53:26 - INFO - utils.trainer -   Epoch: 5, Loss: 0.62459, Val loss: 0.63795, Val AUC: 0.6824, Best val AUC: 0.6850, No improve: 1/10, Time: 76.0s
07/29/2026 12:54:42 - INFO - utils.trainer -   ***** Running evaluation on val dataset *****
07/29/2026 12:54:54 - INFO - utils.trainer -   Loss: 0.79648
07/29/2026 12:54:54 - INFO - utils.trainer -   AUC: 0.67997
07/29/2026 12:54:54 - INFO - utils.trainer -   Accuracy: 0.53559
07/29/2026 12:54:54 - INFO - utils.trainer -   Precision: 0.53559
07/29/2026 12:54:54 - INFO - utils.trainer -   Specificity: 0.00000
07/29/2026 12:54:54 - INFO - utils.trainer -   Sensitivity: 1.00000
07/29/2026 12:54:54 - INFO - utils.trainer -   Epoch: 6, Loss: 0.61283, Val loss: 0.79648, Val AUC: 0.6800, Best val AUC: 0.6850, No improve: 2/10, Time: 76.1s
07/29/2026 12:56:11 - INFO - utils.trainer -   ***** Running evaluation on val dataset *****
07/29/2026 12:56:22 - INFO - utils.trainer -   Loss: 0.65554
07/29/2026 12:56:22 - INFO - utils.trainer -   AUC: 0.69230
07/29/2026 12:56:22 - INFO - utils.trainer -   Accuracy: 0.62240
07/29/2026 12:56:22 - INFO - utils.trainer -   Precision: 0.77410
07/29/2026 12:56:22 - INFO - utils.trainer -   Specificity: 0.85981
07/29/2026 12:56:22 - INFO - utils.trainer -   Sensitivity: 0.41653
07/29/2026 12:56:23 - INFO - utils.trainer -   Model saved to output_dir/TimeLLM
07/29/2026 12:56:23 - INFO - utils.trainer -   Best model saved (val_AUC=0.6923)
07/29/2026 12:56:23 - INFO - utils.trainer -   Epoch: 7, Loss: 0.64590, Val loss: 0.65554, Val AUC: 0.6923, Best val AUC: 0.6923, No improve: 0/10, Time: 77.0s
07/29/2026 12:57:40 - INFO - utils.trainer -   ***** Running evaluation on val dataset *****
07/29/2026 12:57:51 - INFO - utils.trainer -   Loss: 0.64259
07/29/2026 12:57:51 - INFO - utils.trainer -   AUC: 0.68102
07/29/2026 12:57:51 - INFO - utils.trainer -   Accuracy: 0.63976
07/29/2026 12:57:51 - INFO - utils.trainer -   Precision: 0.68566
07/29/2026 12:57:51 - INFO - utils.trainer -   Specificity: 0.68037
07/29/2026 12:57:51 - INFO - utils.trainer -   Sensitivity: 0.60454
07/29/2026 12:57:51 - INFO - utils.trainer -   Epoch: 8, Loss: 0.65422, Val loss: 0.64259, Val AUC: 0.6810, Best val AUC: 0.6923, No improve: 1/10, Time: 77.0s
07/29/2026 12:59:07 - INFO - utils.trainer -   ***** Running evaluation on val dataset *****
07/29/2026 12:59:18 - INFO - utils.trainer -   Loss: 0.73151
07/29/2026 12:59:18 - INFO - utils.trainer -   AUC: 0.68735
07/29/2026 12:59:18 - INFO - utils.trainer -   Accuracy: 0.53733
07/29/2026 12:59:18 - INFO - utils.trainer -   Precision: 0.53659
07/29/2026 12:59:18 - INFO - utils.trainer -   Specificity: 0.00561
07/29/2026 12:59:18 - INFO - utils.trainer -   Sensitivity: 0.99838
07/29/2026 12:59:18 - INFO - utils.trainer -   Epoch: 9, Loss: 0.63583, Val loss: 0.73151, Val AUC: 0.6874, Best val AUC: 0.6923, No improve: 2/10, Time: 76.4s
07/29/2026 13:00:35 - INFO - utils.trainer -   ***** Running evaluation on val dataset *****
07/29/2026 13:00:46 - INFO - utils.trainer -   Loss: 0.65242
07/29/2026 13:00:46 - INFO - utils.trainer -   AUC: 0.67455
07/29/2026 13:00:46 - INFO - utils.trainer -   Accuracy: 0.62240
07/29/2026 13:00:46 - INFO - utils.trainer -   Precision: 0.71262
07/29/2026 13:00:46 - INFO - utils.trainer -   Specificity: 0.77009
07/29/2026 13:00:46 - INFO - utils.trainer -   Sensitivity: 0.49433
07/29/2026 13:00:46 - INFO - utils.trainer -   Epoch: 10, Loss: 0.63042, Val loss: 0.65242, Val AUC: 0.6746, Best val AUC: 0.6923, No improve: 3/10, Time: 76.2s
07/29/2026 13:02:02 - INFO - utils.trainer -   ***** Running evaluation on val dataset *****
07/29/2026 13:02:14 - INFO - utils.trainer -   Loss: 0.65556
07/29/2026 13:02:14 - INFO - utils.trainer -   AUC: 0.67884
07/29/2026 13:02:14 - INFO - utils.trainer -   Accuracy: 0.63281
07/29/2026 13:02:14 - INFO - utils.trainer -   Precision: 0.69959
07/29/2026 13:02:14 - INFO - utils.trainer -   Specificity: 0.72710
07/29/2026 13:02:14 - INFO - utils.trainer -   Sensitivity: 0.55105
07/29/2026 13:02:14 - INFO - utils.trainer -   Epoch: 11, Loss: 0.61888, Val loss: 0.65556, Val AUC: 0.6788, Best val AUC: 0.6923, No improve: 4/10, Time: 76.4s
07/29/2026 13:03:30 - INFO - utils.trainer -   ***** Running evaluation on val dataset *****
07/29/2026 13:03:41 - INFO - utils.trainer -   Loss: 0.65645
07/29/2026 13:03:41 - INFO - utils.trainer -   AUC: 0.68464
07/29/2026 13:03:41 - INFO - utils.trainer -   Accuracy: 0.63368
07/29/2026 13:03:41 - INFO - utils.trainer -   Precision: 0.67695
07/29/2026 13:03:41 - INFO - utils.trainer -   Specificity: 0.66729
07/29/2026 13:03:41 - INFO - utils.trainer -   Sensitivity: 0.60454
07/29/2026 13:03:41 - INFO - utils.trainer -   Epoch: 12, Loss: 0.59419, Val loss: 0.65645, Val AUC: 0.6846, Best val AUC: 0.6923, No improve: 5/10, Time: 76.1s
07/29/2026 13:04:57 - INFO - utils.trainer -   ***** Running evaluation on val dataset *****
07/29/2026 13:05:09 - INFO - utils.trainer -   Loss: 0.65831
07/29/2026 13:05:09 - INFO - utils.trainer -   AUC: 0.66006
07/29/2026 13:05:09 - INFO - utils.trainer -   Accuracy: 0.61198
07/29/2026 13:05:09 - INFO - utils.trainer -   Precision: 0.62006
07/29/2026 13:05:09 - INFO - utils.trainer -   Specificity: 0.49720
07/29/2026 13:05:09 - INFO - utils.trainer -   Sensitivity: 0.71151
07/29/2026 13:05:09 - INFO - utils.trainer -   Epoch: 13, Loss: 0.62310, Val loss: 0.65831, Val AUC: 0.6601, Best val AUC: 0.6923, No improve: 6/10, Time: 75.9s
07/29/2026 13:06:26 - INFO - utils.trainer -   ***** Running evaluation on val dataset *****
07/29/2026 13:06:37 - INFO - utils.trainer -   Loss: 0.72131
07/29/2026 13:06:37 - INFO - utils.trainer -   AUC: 0.65623
07/29/2026 13:06:37 - INFO - utils.trainer -   Accuracy: 0.58507
07/29/2026 13:06:37 - INFO - utils.trainer -   Precision: 0.57386
07/29/2026 13:06:37 - INFO - utils.trainer -   Specificity: 0.25047
07/29/2026 13:06:37 - INFO - utils.trainer -   Sensitivity: 0.87520
07/29/2026 13:06:37 - INFO - utils.trainer -   Epoch: 14, Loss: 0.61834, Val loss: 0.72131, Val AUC: 0.6562, Best val AUC: 0.6923, No improve: 7/10, Time: 77.1s
07/29/2026 13:07:53 - INFO - utils.trainer -   ***** Running evaluation on val dataset *****
07/29/2026 13:08:04 - INFO - utils.trainer -   Loss: 0.70132
07/29/2026 13:08:04 - INFO - utils.trainer -   AUC: 0.66224
07/29/2026 13:08:04 - INFO - utils.trainer -   Accuracy: 0.60851
07/29/2026 13:08:04 - INFO - utils.trainer -   Precision: 0.66939
07/29/2026 13:08:04 - INFO - utils.trainer -   Specificity: 0.69720
07/29/2026 13:08:04 - INFO - utils.trainer -   Sensitivity: 0.53160
07/29/2026 13:08:04 - INFO - utils.trainer -   Epoch: 15, Loss: 0.60037, Val loss: 0.70132, Val AUC: 0.6622, Best val AUC: 0.6923, No improve: 8/10, Time: 76.2s
07/29/2026 13:09:20 - INFO - utils.trainer -   ***** Running evaluation on val dataset *****
07/29/2026 13:09:31 - INFO - utils.trainer -   Loss: 0.67325
07/29/2026 13:09:31 - INFO - utils.trainer -   AUC: 0.68394
07/29/2026 13:09:31 - INFO - utils.trainer -   Accuracy: 0.62760
07/29/2026 13:09:31 - INFO - utils.trainer -   Precision: 0.66041
07/29/2026 13:09:31 - INFO - utils.trainer -   Specificity: 0.62804
07/29/2026 13:09:31 - INFO - utils.trainer -   Sensitivity: 0.62723
07/29/2026 13:09:31 - INFO - utils.trainer -   Epoch: 16, Loss: 0.52339, Val loss: 0.67325, Val AUC: 0.6839, Best val AUC: 0.6923, No improve: 9/10, Time: 75.9s
07/29/2026 13:10:48 - INFO - utils.trainer -   ***** Running evaluation on val dataset *****
07/29/2026 13:10:59 - INFO - utils.trainer -   Loss: 0.67344
07/29/2026 13:10:59 - INFO - utils.trainer -   AUC: 0.67544
07/29/2026 13:10:59 - INFO - utils.trainer -   Accuracy: 0.61979
07/29/2026 13:10:59 - INFO - utils.trainer -   Precision: 0.69165
07/29/2026 13:10:59 - INFO - utils.trainer -   Specificity: 0.73084
07/29/2026 13:10:59 - INFO - utils.trainer -   Sensitivity: 0.52350
07/29/2026 13:10:59 - INFO - utils.trainer -   Epoch: 17, Loss: 0.52652, Val loss: 0.67344, Val AUC: 0.6754, Best val AUC: 0.6923, No improve: 10/10, Time: 76.2s
07/29/2026 13:10:59 - INFO - utils.trainer -   Early stopping triggered at epoch 17
07/29/2026 13:10:59 - INFO - utils.trainer -   Early stopping triggered at epoch 17
07/29/2026 13:10:59 - INFO - utils.trainer -   Early stopping triggered at epoch 17
07/29/2026 13:10:59 - INFO - utils.trainer -   Early stopping triggered at epoch 17
07/29/2026 13:10:59 - INFO - utils.trainer -   Early stopping triggered at epoch 17
07/29/2026 13:10:59 - INFO - utils.trainer -   Early stopping triggered at epoch 17
07/29/2026 13:10:59 - INFO - utils.trainer -     582 keys not in checkpoint (kept from init)
07/29/2026 13:10:59 - INFO - utils.trainer -   Model loaded from output_dir/TimeLLM/TimeLLM-0.bin (22/22 keys)
07/29/2026 13:10:59 - INFO - utils.trainer -     582 keys not in checkpoint (kept from init)
07/29/2026 13:10:59 - INFO - utils.trainer -   Model loaded from output_dir/TimeLLM/TimeLLM-0.bin (22/22 keys)
07/29/2026 13:10:59 - INFO - utils.trainer -     582 keys not in checkpoint (kept from init)
07/29/2026 13:10:59 - INFO - utils.trainer -   Model loaded from output_dir/TimeLLM/TimeLLM-0.bin (22/22 keys)
07/29/2026 13:10:59 - INFO - utils.trainer -     582 keys not in checkpoint (kept from init)
07/29/2026 13:10:59 - INFO - utils.trainer -   Model loaded from output_dir/TimeLLM/TimeLLM-0.bin (22/22 keys)
07/29/2026 13:10:59 - INFO - utils.trainer -   ***** Running evaluation on test dataset *****
07/29/2026 13:10:59 - INFO - utils.trainer -     582 keys not in checkpoint (kept from init)
07/29/2026 13:10:59 - INFO - utils.trainer -   Model loaded from output_dir/TimeLLM/TimeLLM-0.bin (22/22 keys)
07/29/2026 13:10:59 - INFO - utils.trainer -     582 keys not in checkpoint (kept from init)
07/29/2026 13:10:59 - INFO - utils.trainer -   Model loaded from output_dir/TimeLLM/TimeLLM-0.bin (22/22 keys)
07/29/2026 13:11:10 - INFO - utils.trainer -   Loss: 0.65558
07/29/2026 13:11:10 - INFO - utils.trainer -   AUC: 0.66666
07/29/2026 13:11:10 - INFO - utils.trainer -   Accuracy: 0.60439
07/29/2026 13:11:10 - INFO - utils.trainer -   Precision: 0.76986
07/29/2026 13:11:10 - INFO - utils.trainer -   Specificity: 0.82927
07/29/2026 13:11:10 - INFO - utils.trainer -   Sensitivity: 0.43364
07/29/2026 13:11:10 - INFO - utils.trainer -   === Best epoch test result ===
07/29/2026 13:11:10 - INFO - utils.trainer -     Loss: 0.65558
07/29/2026 13:11:10 - INFO - utils.trainer -     AUC: 0.66666
07/29/2026 13:11:10 - INFO - utils.trainer -     Accuracy: 0.60439
07/29/2026 13:11:10 - INFO - utils.trainer -     Precision: 0.76986
07/29/2026 13:11:10 - INFO - utils.trainer -     Specificity: 0.82927
07/29/2026 13:11:10 - INFO - utils.trainer -     Sensitivity: 0.43364
07/29/2026 13:11:11 - INFO - utils.trainer -   Model saved to output_dir/TimeLLM/final-epoch-200
07/29/2026 13:11:11 - INFO - utils.trainer -   Final model saved at epoch 200
