08/20/2026 00:53:55 - INFO - __main__ -   ########## Repeat:0 ##########
08/20/2026 00:53:55 - INFO - utils.trainer -   ***** Running training *****
08/20/2026 00:53:55 - INFO - utils.trainer -     Num examples = 161
08/20/2026 00:53:55 - INFO - utils.trainer -     Num Epochs = 200
08/20/2026 00:53:55 - INFO - utils.trainer -     Total train batch size = 4
08/20/2026 00:53:55 - INFO - utils.trainer -     warmup steps = 400
08/20/2026 00:53:55 - INFO - utils.trainer -     Total optimization steps = 32200
08/20/2026 00:53:55 - INFO - utils.trainer -     Save steps = 25
08/20/2026 00:54:55 - INFO - utils.trainer -   ***** Running regression evaluation on val0 dataset *****
08/20/2026 00:55:01 - INFO - utils.trainer -   Loss: 0.02926
08/20/2026 00:55:01 - INFO - utils.trainer -   MSE: 311.68839
08/20/2026 00:55:01 - INFO - utils.trainer -   MAE: 12.73903
08/20/2026 00:55:01 - INFO - utils.trainer -   RMSE: 17.65470
08/20/2026 00:55:01 - INFO - utils.trainer -   R2: -1.81035
08/20/2026 00:55:01 - INFO - utils.trainer -   PearsonR: -0.05882
08/20/2026 00:55:03 - INFO - utils.trainer -   Model saved to output_dir/TimeLLM_AgeCAUEEG_train
08/20/2026 00:55:03 - INFO - utils.trainer -   Best model saved (val_Loss=0.0293)
08/20/2026 00:55:03 - INFO - utils.trainer -   Epoch: 1, Loss: 0.12778, Val loss: 0.02926, Val Loss: 0.0293, Best val Loss: 0.0293, No improve: 0/10, Time: 60.8s
08/20/2026 00:56:04 - INFO - utils.trainer -   ***** Running regression evaluation on val0 dataset *****
08/20/2026 00:56:09 - INFO - utils.trainer -   Loss: 0.01091
08/20/2026 00:56:09 - INFO - utils.trainer -   MSE: 116.00959
08/20/2026 00:56:09 - INFO - utils.trainer -   MAE: 8.79091
08/20/2026 00:56:09 - INFO - utils.trainer -   RMSE: 10.77077
08/20/2026 00:56:09 - INFO - utils.trainer -   R2: -0.04601
08/20/2026 00:56:09 - INFO - utils.trainer -   PearsonR: 0.21536
08/20/2026 00:56:11 - INFO - utils.trainer -   Model saved to output_dir/TimeLLM_AgeCAUEEG_train
08/20/2026 00:56:11 - INFO - utils.trainer -   Best model saved (val_Loss=0.0109)
08/20/2026 00:56:11 - INFO - utils.trainer -   Epoch: 2, Loss: 0.03736, Val loss: 0.01091, Val Loss: 0.0109, Best val Loss: 0.0109, No improve: 0/10, Time: 61.0s
08/20/2026 00:57:11 - INFO - utils.trainer -   ***** Running regression evaluation on val0 dataset *****
08/20/2026 00:57:17 - INFO - utils.trainer -   Loss: 0.01917
08/20/2026 00:57:17 - INFO - utils.trainer -   MSE: 198.03447
08/20/2026 00:57:17 - INFO - utils.trainer -   MAE: 10.41748
08/20/2026 00:57:17 - INFO - utils.trainer -   RMSE: 14.07247
08/20/2026 00:57:17 - INFO - utils.trainer -   R2: -0.78559
08/20/2026 00:57:17 - INFO - utils.trainer -   PearsonR: 0.06256
08/20/2026 00:57:17 - INFO - utils.trainer -   Epoch: 3, Loss: 0.03552, Val loss: 0.01917, Val Loss: 0.0192, Best val Loss: 0.0109, No improve: 1/10, Time: 60.1s
08/20/2026 00:58:17 - INFO - utils.trainer -   ***** Running regression evaluation on val0 dataset *****
08/20/2026 00:58:22 - INFO - utils.trainer -   Loss: 0.01273
08/20/2026 00:58:22 - INFO - utils.trainer -   MSE: 135.33235
08/20/2026 00:58:22 - INFO - utils.trainer -   MAE: 9.65684
08/20/2026 00:58:22 - INFO - utils.trainer -   RMSE: 11.63324
08/20/2026 00:58:22 - INFO - utils.trainer -   R2: -0.22023
08/20/2026 00:58:22 - INFO - utils.trainer -   PearsonR: 0.15753
08/20/2026 00:58:22 - INFO - utils.trainer -   Epoch: 4, Loss: 0.04482, Val loss: 0.01273, Val Loss: 0.0127, Best val Loss: 0.0109, No improve: 2/10, Time: 60.1s
08/20/2026 00:59:23 - INFO - utils.trainer -   ***** Running regression evaluation on val0 dataset *****
08/20/2026 00:59:29 - INFO - utils.trainer -   Loss: 0.01366
08/20/2026 00:59:29 - INFO - utils.trainer -   MSE: 144.40562
08/20/2026 00:59:29 - INFO - utils.trainer -   MAE: 9.45695
08/20/2026 00:59:29 - INFO - utils.trainer -   RMSE: 12.01689
08/20/2026 00:59:29 - INFO - utils.trainer -   R2: -0.30204
08/20/2026 00:59:29 - INFO - utils.trainer -   PearsonR: 0.14998
08/20/2026 00:59:29 - INFO - utils.trainer -   Epoch: 5, Loss: 0.03482, Val loss: 0.01366, Val Loss: 0.0137, Best val Loss: 0.0109, No improve: 3/10, Time: 60.5s
08/20/2026 01:00:30 - INFO - utils.trainer -   ***** Running regression evaluation on val0 dataset *****
08/20/2026 01:00:36 - INFO - utils.trainer -   Loss: 0.01002
08/20/2026 01:00:36 - INFO - utils.trainer -   MSE: 106.77966
08/20/2026 01:00:36 - INFO - utils.trainer -   MAE: 8.37821
08/20/2026 01:00:36 - INFO - utils.trainer -   RMSE: 10.33342
08/20/2026 01:00:36 - INFO - utils.trainer -   R2: 0.03722
08/20/2026 01:00:36 - INFO - utils.trainer -   PearsonR: 0.25348
08/20/2026 01:00:37 - INFO - utils.trainer -   Model saved to output_dir/TimeLLM_AgeCAUEEG_train
08/20/2026 01:00:37 - INFO - utils.trainer -   Best model saved (val_Loss=0.0100)
08/20/2026 01:00:37 - INFO - utils.trainer -   Epoch: 6, Loss: 0.04003, Val loss: 0.01002, Val Loss: 0.0100, Best val Loss: 0.0100, No improve: 0/10, Time: 60.4s
08/20/2026 01:01:37 - INFO - utils.trainer -   ***** Running regression evaluation on val0 dataset *****
08/20/2026 01:01:43 - INFO - utils.trainer -   Loss: 0.01243
08/20/2026 01:01:43 - INFO - utils.trainer -   MSE: 131.91539
08/20/2026 01:01:43 - INFO - utils.trainer -   MAE: 9.44639
08/20/2026 01:01:43 - INFO - utils.trainer -   RMSE: 11.48544
08/20/2026 01:01:43 - INFO - utils.trainer -   R2: -0.18942
08/20/2026 01:01:43 - INFO - utils.trainer -   PearsonR: 0.27401
08/20/2026 01:01:43 - INFO - utils.trainer -   Epoch: 7, Loss: 0.03592, Val loss: 0.01243, Val Loss: 0.0124, Best val Loss: 0.0100, No improve: 1/10, Time: 60.3s
08/20/2026 01:02:44 - INFO - utils.trainer -   ***** Running regression evaluation on val0 dataset *****
08/20/2026 01:02:50 - INFO - utils.trainer -   Loss: 0.01034
08/20/2026 01:02:50 - INFO - utils.trainer -   MSE: 109.71255
08/20/2026 01:02:50 - INFO - utils.trainer -   MAE: 8.54644
08/20/2026 01:02:50 - INFO - utils.trainer -   RMSE: 10.47438
08/20/2026 01:02:50 - INFO - utils.trainer -   R2: 0.01077
08/20/2026 01:02:50 - INFO - utils.trainer -   PearsonR: 0.16112
08/20/2026 01:02:50 - INFO - utils.trainer -   Epoch: 8, Loss: 0.02962, Val loss: 0.01034, Val Loss: 0.0103, Best val Loss: 0.0100, No improve: 2/10, Time: 60.4s
08/20/2026 01:03:50 - INFO - utils.trainer -   ***** Running regression evaluation on val0 dataset *****
08/20/2026 01:03:56 - INFO - utils.trainer -   Loss: 0.01248
08/20/2026 01:03:56 - INFO - utils.trainer -   MSE: 133.16115
08/20/2026 01:03:56 - INFO - utils.trainer -   MAE: 8.90405
08/20/2026 01:03:56 - INFO - utils.trainer -   RMSE: 11.53955
08/20/2026 01:03:56 - INFO - utils.trainer -   R2: -0.20065
08/20/2026 01:03:56 - INFO - utils.trainer -   PearsonR: 0.24631
08/20/2026 01:03:56 - INFO - utils.trainer -   Epoch: 9, Loss: 0.03648, Val loss: 0.01248, Val Loss: 0.0125, Best val Loss: 0.0100, No improve: 3/10, Time: 60.4s
08/20/2026 01:04:57 - INFO - utils.trainer -   ***** Running regression evaluation on val0 dataset *****
08/20/2026 01:05:03 - INFO - utils.trainer -   Loss: 0.02042
08/20/2026 01:05:03 - INFO - utils.trainer -   MSE: 216.75598
08/20/2026 01:05:03 - INFO - utils.trainer -   MAE: 12.02077
08/20/2026 01:05:03 - INFO - utils.trainer -   RMSE: 14.72264
08/20/2026 01:05:03 - INFO - utils.trainer -   R2: -0.95439
08/20/2026 01:05:03 - INFO - utils.trainer -   PearsonR: 0.05197
08/20/2026 01:05:03 - INFO - utils.trainer -   Epoch: 10, Loss: 0.03309, Val loss: 0.02042, Val Loss: 0.0204, Best val Loss: 0.0100, No improve: 4/10, Time: 60.3s
08/20/2026 01:06:03 - INFO - utils.trainer -   ***** Running regression evaluation on val0 dataset *****
08/20/2026 01:06:09 - INFO - utils.trainer -   Loss: 0.00981
08/20/2026 01:06:09 - INFO - utils.trainer -   MSE: 104.27503
08/20/2026 01:06:09 - INFO - utils.trainer -   MAE: 8.16743
08/20/2026 01:06:09 - INFO - utils.trainer -   RMSE: 10.21151
08/20/2026 01:06:09 - INFO - utils.trainer -   R2: 0.05980
08/20/2026 01:06:09 - INFO - utils.trainer -   PearsonR: 0.26557
08/20/2026 01:06:10 - INFO - utils.trainer -   Model saved to output_dir/TimeLLM_AgeCAUEEG_train
08/20/2026 01:06:10 - INFO - utils.trainer -   Best model saved (val_Loss=0.0098)
08/20/2026 01:06:10 - INFO - utils.trainer -   Epoch: 11, Loss: 0.03378, Val loss: 0.00981, Val Loss: 0.0098, Best val Loss: 0.0098, No improve: 0/10, Time: 60.3s
08/20/2026 01:07:11 - INFO - utils.trainer -   ***** Running regression evaluation on val0 dataset *****
08/20/2026 01:07:17 - INFO - utils.trainer -   Loss: 0.01577
08/20/2026 01:07:17 - INFO - utils.trainer -   MSE: 167.84921
08/20/2026 01:07:17 - INFO - utils.trainer -   MAE: 10.76257
08/20/2026 01:07:17 - INFO - utils.trainer -   RMSE: 12.95566
08/20/2026 01:07:17 - INFO - utils.trainer -   R2: -0.51342
08/20/2026 01:07:17 - INFO - utils.trainer -   PearsonR: 0.29270
08/20/2026 01:07:17 - INFO - utils.trainer -   Epoch: 12, Loss: 0.03672, Val loss: 0.01577, Val Loss: 0.0158, Best val Loss: 0.0098, No improve: 1/10, Time: 60.3s
08/20/2026 01:08:17 - INFO - utils.trainer -   ***** Running regression evaluation on val0 dataset *****
08/20/2026 01:08:23 - INFO - utils.trainer -   Loss: 0.01490
08/20/2026 01:08:23 - INFO - utils.trainer -   MSE: 156.45044
08/20/2026 01:08:23 - INFO - utils.trainer -   MAE: 9.36490
08/20/2026 01:08:23 - INFO - utils.trainer -   RMSE: 12.50801
08/20/2026 01:08:23 - INFO - utils.trainer -   R2: -0.41064
08/20/2026 01:08:23 - INFO - utils.trainer -   PearsonR: 0.05115
08/20/2026 01:08:23 - INFO - utils.trainer -   Epoch: 13, Loss: 0.03073, Val loss: 0.01490, Val Loss: 0.0149, Best val Loss: 0.0098, No improve: 2/10, Time: 60.4s
08/20/2026 01:09:24 - INFO - utils.trainer -   ***** Running regression evaluation on val0 dataset *****
08/20/2026 01:09:30 - INFO - utils.trainer -   Loss: 0.01364
08/20/2026 01:09:30 - INFO - utils.trainer -   MSE: 144.46606
08/20/2026 01:09:30 - INFO - utils.trainer -   MAE: 9.91906
08/20/2026 01:09:30 - INFO - utils.trainer -   RMSE: 12.01940
08/20/2026 01:09:30 - INFO - utils.trainer -   R2: -0.30259
08/20/2026 01:09:30 - INFO - utils.trainer -   PearsonR: 0.18424
08/20/2026 01:09:30 - INFO - utils.trainer -   Epoch: 14, Loss: 0.03336, Val loss: 0.01364, Val Loss: 0.0136, Best val Loss: 0.0098, No improve: 3/10, Time: 60.4s
08/20/2026 01:10:30 - INFO - utils.trainer -   ***** Running regression evaluation on val0 dataset *****
08/20/2026 01:10:37 - INFO - utils.trainer -   Loss: 0.01128
08/20/2026 01:10:37 - INFO - utils.trainer -   MSE: 119.94050
08/20/2026 01:10:37 - INFO - utils.trainer -   MAE: 8.97544
08/20/2026 01:10:37 - INFO - utils.trainer -   RMSE: 10.95174
08/20/2026 01:10:37 - INFO - utils.trainer -   R2: -0.08145
08/20/2026 01:10:37 - INFO - utils.trainer -   PearsonR: 0.23308
08/20/2026 01:10:37 - INFO - utils.trainer -   Epoch: 15, Loss: 0.02631, Val loss: 0.01128, Val Loss: 0.0113, Best val Loss: 0.0098, No improve: 4/10, Time: 60.3s
08/20/2026 01:11:37 - INFO - utils.trainer -   ***** Running regression evaluation on val0 dataset *****
08/20/2026 01:11:43 - INFO - utils.trainer -   Loss: 0.01445
08/20/2026 01:11:43 - INFO - utils.trainer -   MSE: 153.43460
08/20/2026 01:11:43 - INFO - utils.trainer -   MAE: 10.23036
08/20/2026 01:11:43 - INFO - utils.trainer -   RMSE: 12.38687
08/20/2026 01:11:43 - INFO - utils.trainer -   R2: -0.38345
08/20/2026 01:11:43 - INFO - utils.trainer -   PearsonR: 0.21871
08/20/2026 01:11:43 - INFO - utils.trainer -   Epoch: 16, Loss: 0.03456, Val loss: 0.01445, Val Loss: 0.0145, Best val Loss: 0.0098, No improve: 5/10, Time: 60.4s
08/20/2026 01:12:43 - INFO - utils.trainer -   ***** Running regression evaluation on val0 dataset *****
08/20/2026 01:12:49 - INFO - utils.trainer -   Loss: 0.00978
08/20/2026 01:12:49 - INFO - utils.trainer -   MSE: 103.65398
08/20/2026 01:12:49 - INFO - utils.trainer -   MAE: 8.36488
08/20/2026 01:12:49 - INFO - utils.trainer -   RMSE: 10.18106
08/20/2026 01:12:49 - INFO - utils.trainer -   R2: 0.06540
08/20/2026 01:12:49 - INFO - utils.trainer -   PearsonR: 0.28988
08/20/2026 01:12:49 - INFO - utils.trainer -   Epoch: 17, Loss: 0.03338, Val loss: 0.00978, Val Loss: 0.0098, Best val Loss: 0.0098, No improve: 6/10, Time: 60.4s
08/20/2026 01:13:50 - INFO - utils.trainer -   ***** Running regression evaluation on val0 dataset *****
08/20/2026 01:13:56 - INFO - utils.trainer -   Loss: 0.01171
08/20/2026 01:13:56 - INFO - utils.trainer -   MSE: 123.39415
08/20/2026 01:13:56 - INFO - utils.trainer -   MAE: 9.14864
08/20/2026 01:13:56 - INFO - utils.trainer -   RMSE: 11.10829
08/20/2026 01:13:56 - INFO - utils.trainer -   R2: -0.11259
08/20/2026 01:13:56 - INFO - utils.trainer -   PearsonR: 0.26537
08/20/2026 01:13:56 - INFO - utils.trainer -   Epoch: 18, Loss: 0.02900, Val loss: 0.01171, Val Loss: 0.0117, Best val Loss: 0.0098, No improve: 7/10, Time: 60.4s
08/20/2026 01:14:56 - INFO - utils.trainer -   ***** Running regression evaluation on val0 dataset *****
08/20/2026 01:15:02 - INFO - utils.trainer -   Loss: 0.01622
08/20/2026 01:15:02 - INFO - utils.trainer -   MSE: 170.65323
08/20/2026 01:15:02 - INFO - utils.trainer -   MAE: 10.83077
08/20/2026 01:15:02 - INFO - utils.trainer -   RMSE: 13.06343
08/20/2026 01:15:02 - INFO - utils.trainer -   R2: -0.53870
08/20/2026 01:15:02 - INFO - utils.trainer -   PearsonR: 0.26566
08/20/2026 01:15:02 - INFO - utils.trainer -   Epoch: 19, Loss: 0.02794, Val loss: 0.01622, Val Loss: 0.0162, Best val Loss: 0.0098, No improve: 8/10, Time: 60.5s
08/20/2026 01:16:03 - INFO - utils.trainer -   ***** Running regression evaluation on val0 dataset *****
08/20/2026 01:16:09 - INFO - utils.trainer -   Loss: 0.01010
08/20/2026 01:16:09 - INFO - utils.trainer -   MSE: 107.37428
08/20/2026 01:16:09 - INFO - utils.trainer -   MAE: 8.52427
08/20/2026 01:16:09 - INFO - utils.trainer -   RMSE: 10.36216
08/20/2026 01:16:09 - INFO - utils.trainer -   R2: 0.03185
08/20/2026 01:16:09 - INFO - utils.trainer -   PearsonR: 0.33984
08/20/2026 01:16:09 - INFO - utils.trainer -   Epoch: 20, Loss: 0.03021, Val loss: 0.01010, Val Loss: 0.0101, Best val Loss: 0.0098, No improve: 9/10, Time: 60.4s
08/20/2026 01:17:09 - INFO - utils.trainer -   ***** Running regression evaluation on val0 dataset *****
08/20/2026 01:17:15 - INFO - utils.trainer -   Loss: 0.01234
08/20/2026 01:17:15 - INFO - utils.trainer -   MSE: 130.60957
08/20/2026 01:17:15 - INFO - utils.trainer -   MAE: 9.34427
08/20/2026 01:17:15 - INFO - utils.trainer -   RMSE: 11.42846
08/20/2026 01:17:15 - INFO - utils.trainer -   R2: -0.17765
08/20/2026 01:17:15 - INFO - utils.trainer -   PearsonR: 0.22161
08/20/2026 01:17:15 - INFO - utils.trainer -   Epoch: 21, Loss: 0.02400, Val loss: 0.01234, Val Loss: 0.0123, Best val Loss: 0.0098, No improve: 10/10, Time: 60.3s
08/20/2026 01:17:15 - INFO - utils.trainer -   Early stopping triggered at epoch 21
08/20/2026 01:17:15 - INFO - utils.trainer -   Early stopping triggered at epoch 21
08/20/2026 01:17:15 - INFO - utils.trainer -   Early stopping triggered at epoch 21
08/20/2026 01:17:15 - INFO - utils.trainer -   Early stopping triggered at epoch 21
08/20/2026 01:17:15 - INFO - utils.trainer -   Early stopping triggered at epoch 21
08/20/2026 01:17:15 - INFO - utils.trainer -   Early stopping triggered at epoch 21
08/20/2026 01:17:16 - INFO - utils.trainer -     2 prompt-buffer key(s) skipped (kept target-dataset prompt)
08/20/2026 01:17:16 - INFO - utils.trainer -     586 keys not in checkpoint (kept from init)
08/20/2026 01:17:16 - INFO - utils.trainer -   Model loaded from output_dir/TimeLLM_AgeCAUEEG_train/TimeLLM-0.bin (23/25 keys)
08/20/2026 01:17:16 - INFO - utils.trainer -     2 prompt-buffer key(s) skipped (kept target-dataset prompt)
08/20/2026 01:17:16 - INFO - utils.trainer -     586 keys not in checkpoint (kept from init)
08/20/2026 01:17:16 - INFO - utils.trainer -   Model loaded from output_dir/TimeLLM_AgeCAUEEG_train/TimeLLM-0.bin (23/25 keys)
08/20/2026 01:17:16 - INFO - utils.trainer -     2 prompt-buffer key(s) skipped (kept target-dataset prompt)
08/20/2026 01:17:16 - INFO - utils.trainer -     586 keys not in checkpoint (kept from init)
08/20/2026 01:17:16 - INFO - utils.trainer -   Model loaded from output_dir/TimeLLM_AgeCAUEEG_train/TimeLLM-0.bin (23/25 keys)
08/20/2026 01:17:16 - INFO - utils.trainer -     2 prompt-buffer key(s) skipped (kept target-dataset prompt)
08/20/2026 01:17:16 - INFO - utils.trainer -     586 keys not in checkpoint (kept from init)
08/20/2026 01:17:16 - INFO - utils.trainer -   Model loaded from output_dir/TimeLLM_AgeCAUEEG_train/TimeLLM-0.bin (23/25 keys)
08/20/2026 01:17:16 - INFO - utils.trainer -   ***** Running regression evaluation on test0 dataset *****
08/20/2026 01:17:16 - INFO - utils.trainer -     2 prompt-buffer key(s) skipped (kept target-dataset prompt)
08/20/2026 01:17:16 - INFO - utils.trainer -     2 prompt-buffer key(s) skipped (kept target-dataset prompt)
08/20/2026 01:17:16 - INFO - utils.trainer -     586 keys not in checkpoint (kept from init)
08/20/2026 01:17:16 - INFO - utils.trainer -     586 keys not in checkpoint (kept from init)
08/20/2026 01:17:16 - INFO - utils.trainer -   Model loaded from output_dir/TimeLLM_AgeCAUEEG_train/TimeLLM-0.bin (23/25 keys)
08/20/2026 01:17:16 - INFO - utils.trainer -   Model loaded from output_dir/TimeLLM_AgeCAUEEG_train/TimeLLM-0.bin (23/25 keys)
08/20/2026 01:17:22 - INFO - utils.trainer -   Loss: 0.00939
08/20/2026 01:17:22 - INFO - utils.trainer -   MSE: 100.08711
08/20/2026 01:17:22 - INFO - utils.trainer -   MAE: 8.06486
08/20/2026 01:17:22 - INFO - utils.trainer -   RMSE: 10.00435
08/20/2026 01:17:22 - INFO - utils.trainer -   R2: 0.00191
08/20/2026 01:17:22 - INFO - utils.trainer -   PearsonR: 0.14566
08/20/2026 01:17:22 - INFO - utils.trainer -   === Best epoch test result ===
08/20/2026 01:17:22 - INFO - utils.trainer -     Loss: 0.00939
08/20/2026 01:17:22 - INFO - utils.trainer -     MSE: 100.08711
08/20/2026 01:17:22 - INFO - utils.trainer -     MAE: 8.06486
08/20/2026 01:17:22 - INFO - utils.trainer -     RMSE: 10.00435
08/20/2026 01:17:22 - INFO - utils.trainer -     R2: 0.00191
08/20/2026 01:17:22 - INFO - utils.trainer -     PearsonR: 0.14566
08/20/2026 01:17:23 - INFO - utils.trainer -   Model saved to output_dir/TimeLLM_AgeCAUEEG_train/final-epoch-200
08/20/2026 01:17:23 - INFO - utils.trainer -   Final model saved at epoch 200
