08/13/2026 00:23:02 - INFO - __main__ -   ########## Repeat:0 ##########
08/13/2026 00:23:02 - INFO - utils.trainer -   ***** Running training *****
08/13/2026 00:23:02 - INFO - utils.trainer -     Num examples = 311
08/13/2026 00:23:02 - INFO - utils.trainer -     Num Epochs = 200
08/13/2026 00:23:02 - INFO - utils.trainer -     Total train batch size = 4
08/13/2026 00:23:02 - INFO - utils.trainer -     warmup steps = 400
08/13/2026 00:23:02 - INFO - utils.trainer -     Total optimization steps = 62200
08/13/2026 00:23:02 - INFO - utils.trainer -     Save steps = 200
08/13/2026 00:23:19 - INFO - utils.trainer -   ***** Running evaluation on val dataset *****
08/13/2026 00:23:22 - INFO - utils.trainer -   Loss: 2.63542
08/13/2026 00:23:22 - INFO - utils.trainer -   AUC: 0.67371
08/13/2026 00:23:22 - INFO - utils.trainer -   Accuracy: 0.61534
08/13/2026 00:23:22 - INFO - utils.trainer -   Precision: 0.61496
08/13/2026 00:23:22 - INFO - utils.trainer -   Specificity: 0.54902
08/13/2026 00:23:22 - INFO - utils.trainer -   Sensitivity: 0.67774
08/13/2026 00:23:22 - INFO - utils.trainer -   Model saved to output_dir/ALTER_DisCAUEEGTUAB_train
08/13/2026 00:23:22 - INFO - utils.trainer -   Best model saved (val_AUC=0.6737)
08/13/2026 00:23:22 - INFO - utils.trainer -   Epoch: 1, Loss: 2.70889, Val loss: 2.63542, Val AUC: 0.6737, Best val AUC: 0.6737, No improve: 0/10, Time: 16.4s
08/13/2026 00:23:38 - INFO - utils.trainer -   ***** Running evaluation on val dataset *****
08/13/2026 00:23:41 - INFO - utils.trainer -   Loss: 2.53402
08/13/2026 00:23:41 - INFO - utils.trainer -   AUC: 0.68638
08/13/2026 00:23:41 - INFO - utils.trainer -   Accuracy: 0.63245
08/13/2026 00:23:41 - INFO - utils.trainer -   Precision: 0.66860
08/13/2026 00:23:41 - INFO - utils.trainer -   Specificity: 0.70065
08/13/2026 00:23:41 - INFO - utils.trainer -   Sensitivity: 0.56827
08/13/2026 00:23:41 - INFO - utils.trainer -   Model saved to output_dir/ALTER_DisCAUEEGTUAB_train
08/13/2026 00:23:41 - INFO - utils.trainer -   Best model saved (val_AUC=0.6864)
08/13/2026 00:23:41 - INFO - utils.trainer -   Epoch: 2, Loss: 2.45032, Val loss: 2.53402, Val AUC: 0.6864, Best val AUC: 0.6864, No improve: 0/10, Time: 16.2s
08/13/2026 00:23:57 - INFO - utils.trainer -   ***** Running evaluation on val dataset *****
08/13/2026 00:24:00 - INFO - utils.trainer -   Loss: 2.61582
08/13/2026 00:24:00 - INFO - utils.trainer -   AUC: 0.67860
08/13/2026 00:24:00 - INFO - utils.trainer -   Accuracy: 0.60963
08/13/2026 00:24:00 - INFO - utils.trainer -   Precision: 0.68620
08/13/2026 00:24:00 - INFO - utils.trainer -   Specificity: 0.78301
08/13/2026 00:24:00 - INFO - utils.trainer -   Sensitivity: 0.44649
08/13/2026 00:24:00 - INFO - utils.trainer -   Epoch: 3, Loss: 2.32455, Val loss: 2.61582, Val AUC: 0.6786, Best val AUC: 0.6864, No improve: 1/10, Time: 16.1s
08/13/2026 00:24:15 - INFO - utils.trainer -   ***** Running evaluation on val dataset *****
08/13/2026 00:24:18 - INFO - utils.trainer -   Loss: 2.60076
08/13/2026 00:24:18 - INFO - utils.trainer -   AUC: 0.69691
08/13/2026 00:24:18 - INFO - utils.trainer -   Accuracy: 0.62801
08/13/2026 00:24:18 - INFO - utils.trainer -   Precision: 0.68833
08/13/2026 00:24:18 - INFO - utils.trainer -   Specificity: 0.75556
08/13/2026 00:24:18 - INFO - utils.trainer -   Sensitivity: 0.50800
08/13/2026 00:24:18 - INFO - utils.trainer -   Model saved to output_dir/ALTER_DisCAUEEGTUAB_train
08/13/2026 00:24:18 - INFO - utils.trainer -   Best model saved (val_AUC=0.6969)
08/13/2026 00:24:18 - INFO - utils.trainer -   Epoch: 4, Loss: 2.16362, Val loss: 2.60076, Val AUC: 0.6969, Best val AUC: 0.6969, No improve: 0/10, Time: 15.2s
08/13/2026 00:24:34 - INFO - utils.trainer -   ***** Running evaluation on val dataset *****
08/13/2026 00:24:37 - INFO - utils.trainer -   Loss: 2.54987
08/13/2026 00:24:37 - INFO - utils.trainer -   AUC: 0.70389
08/13/2026 00:24:37 - INFO - utils.trainer -   Accuracy: 0.63815
08/13/2026 00:24:37 - INFO - utils.trainer -   Precision: 0.65087
08/13/2026 00:24:37 - INFO - utils.trainer -   Specificity: 0.63399
08/13/2026 00:24:37 - INFO - utils.trainer -   Sensitivity: 0.64207
08/13/2026 00:24:37 - INFO - utils.trainer -   Model saved to output_dir/ALTER_DisCAUEEGTUAB_train
08/13/2026 00:24:37 - INFO - utils.trainer -   Best model saved (val_AUC=0.7039)
08/13/2026 00:24:37 - INFO - utils.trainer -   Epoch: 5, Loss: 2.23217, Val loss: 2.54987, Val AUC: 0.7039, Best val AUC: 0.7039, No improve: 0/10, Time: 15.8s
08/13/2026 00:24:53 - INFO - utils.trainer -   ***** Running evaluation on val dataset *****
08/13/2026 00:24:56 - INFO - utils.trainer -   Loss: 2.50999
08/13/2026 00:24:56 - INFO - utils.trainer -   AUC: 0.70969
08/13/2026 00:24:56 - INFO - utils.trainer -   Accuracy: 0.63942
08/13/2026 00:24:56 - INFO - utils.trainer -   Precision: 0.65927
08/13/2026 00:24:56 - INFO - utils.trainer -   Specificity: 0.65882
08/13/2026 00:24:56 - INFO - utils.trainer -   Sensitivity: 0.62116
08/13/2026 00:24:56 - INFO - utils.trainer -   Model saved to output_dir/ALTER_DisCAUEEGTUAB_train
08/13/2026 00:24:56 - INFO - utils.trainer -   Best model saved (val_AUC=0.7097)
08/13/2026 00:24:56 - INFO - utils.trainer -   Epoch: 6, Loss: 2.22205, Val loss: 2.50999, Val AUC: 0.7097, Best val AUC: 0.7097, No improve: 0/10, Time: 16.3s
08/13/2026 00:25:12 - INFO - utils.trainer -   ***** Running evaluation on val dataset *****
08/13/2026 00:25:15 - INFO - utils.trainer -   Loss: 2.54151
08/13/2026 00:25:15 - INFO - utils.trainer -   AUC: 0.71521
08/13/2026 00:25:15 - INFO - utils.trainer -   Accuracy: 0.64005
08/13/2026 00:25:15 - INFO - utils.trainer -   Precision: 0.64921
08/13/2026 00:25:15 - INFO - utils.trainer -   Specificity: 0.62353
08/13/2026 00:25:15 - INFO - utils.trainer -   Sensitivity: 0.65560
08/13/2026 00:25:15 - INFO - utils.trainer -   Model saved to output_dir/ALTER_DisCAUEEGTUAB_train
08/13/2026 00:25:15 - INFO - utils.trainer -   Best model saved (val_AUC=0.7152)
08/13/2026 00:25:15 - INFO - utils.trainer -   Epoch: 7, Loss: 2.06669, Val loss: 2.54151, Val AUC: 0.7152, Best val AUC: 0.7152, No improve: 0/10, Time: 15.7s
08/13/2026 00:25:31 - INFO - utils.trainer -   ***** Running evaluation on val dataset *****
08/13/2026 00:25:34 - INFO - utils.trainer -   Loss: 2.58757
08/13/2026 00:25:34 - INFO - utils.trainer -   AUC: 0.71062
08/13/2026 00:25:34 - INFO - utils.trainer -   Accuracy: 0.64449
08/13/2026 00:25:34 - INFO - utils.trainer -   Precision: 0.66071
08/13/2026 00:25:34 - INFO - utils.trainer -   Specificity: 0.65229
08/13/2026 00:25:34 - INFO - utils.trainer -   Sensitivity: 0.63715
08/13/2026 00:25:34 - INFO - utils.trainer -   Epoch: 8, Loss: 2.08355, Val loss: 2.58757, Val AUC: 0.7106, Best val AUC: 0.7152, No improve: 1/10, Time: 16.1s
08/13/2026 00:25:50 - INFO - utils.trainer -   ***** Running evaluation on val dataset *****
08/13/2026 00:25:53 - INFO - utils.trainer -   Loss: 2.55986
08/13/2026 00:25:53 - INFO - utils.trainer -   AUC: 0.71764
08/13/2026 00:25:53 - INFO - utils.trainer -   Accuracy: 0.65146
08/13/2026 00:25:53 - INFO - utils.trainer -   Precision: 0.69481
08/13/2026 00:25:53 - INFO - utils.trainer -   Specificity: 0.73072
08/13/2026 00:25:53 - INFO - utils.trainer -   Sensitivity: 0.57688
08/13/2026 00:25:53 - INFO - utils.trainer -   Model saved to output_dir/ALTER_DisCAUEEGTUAB_train
08/13/2026 00:25:53 - INFO - utils.trainer -   Best model saved (val_AUC=0.7176)
08/13/2026 00:25:53 - INFO - utils.trainer -   Epoch: 9, Loss: 1.99166, Val loss: 2.55986, Val AUC: 0.7176, Best val AUC: 0.7176, No improve: 0/10, Time: 15.7s
08/13/2026 00:26:09 - INFO - utils.trainer -   ***** Running evaluation on val dataset *****
08/13/2026 00:26:13 - INFO - utils.trainer -   Loss: 2.60132
08/13/2026 00:26:13 - INFO - utils.trainer -   AUC: 0.69748
08/13/2026 00:26:13 - INFO - utils.trainer -   Accuracy: 0.64195
08/13/2026 00:26:13 - INFO - utils.trainer -   Precision: 0.66578
08/13/2026 00:26:13 - INFO - utils.trainer -   Specificity: 0.67320
08/13/2026 00:26:13 - INFO - utils.trainer -   Sensitivity: 0.61255
08/13/2026 00:26:13 - INFO - utils.trainer -   Epoch: 10, Loss: 1.98909, Val loss: 2.60132, Val AUC: 0.6975, Best val AUC: 0.7176, No improve: 1/10, Time: 16.2s
08/13/2026 00:26:29 - INFO - utils.trainer -   ***** Running evaluation on val dataset *****
08/13/2026 00:26:32 - INFO - utils.trainer -   Loss: 2.67906
08/13/2026 00:26:32 - INFO - utils.trainer -   AUC: 0.71551
08/13/2026 00:26:32 - INFO - utils.trainer -   Accuracy: 0.65716
08/13/2026 00:26:32 - INFO - utils.trainer -   Precision: 0.70000
08/13/2026 00:26:32 - INFO - utils.trainer -   Specificity: 0.73333
08/13/2026 00:26:32 - INFO - utils.trainer -   Sensitivity: 0.58549
08/13/2026 00:26:32 - INFO - utils.trainer -   Epoch: 11, Loss: 1.91416, Val loss: 2.67906, Val AUC: 0.7155, Best val AUC: 0.7176, No improve: 2/10, Time: 16.1s
08/13/2026 00:26:48 - INFO - utils.trainer -   ***** Running evaluation on val dataset *****
08/13/2026 00:26:52 - INFO - utils.trainer -   Loss: 2.69067
08/13/2026 00:26:52 - INFO - utils.trainer -   AUC: 0.71386
08/13/2026 00:26:52 - INFO - utils.trainer -   Accuracy: 0.64956
08/13/2026 00:26:52 - INFO - utils.trainer -   Precision: 0.69697
08/13/2026 00:26:52 - INFO - utils.trainer -   Specificity: 0.73856
08/13/2026 00:26:52 - INFO - utils.trainer -   Sensitivity: 0.56581
08/13/2026 00:26:52 - INFO - utils.trainer -   Epoch: 12, Loss: 1.88925, Val loss: 2.69067, Val AUC: 0.7139, Best val AUC: 0.7176, No improve: 3/10, Time: 15.9s
08/13/2026 00:27:07 - INFO - utils.trainer -   ***** Running evaluation on val dataset *****
08/13/2026 00:27:10 - INFO - utils.trainer -   Loss: 2.67170
08/13/2026 00:27:10 - INFO - utils.trainer -   AUC: 0.72291
08/13/2026 00:27:10 - INFO - utils.trainer -   Accuracy: 0.66160
08/13/2026 00:27:10 - INFO - utils.trainer -   Precision: 0.68428
08/13/2026 00:27:10 - INFO - utils.trainer -   Specificity: 0.68758
08/13/2026 00:27:10 - INFO - utils.trainer -   Sensitivity: 0.63715
08/13/2026 00:27:10 - INFO - utils.trainer -   Model saved to output_dir/ALTER_DisCAUEEGTUAB_train
08/13/2026 00:27:10 - INFO - utils.trainer -   Best model saved (val_AUC=0.7229)
08/13/2026 00:27:10 - INFO - utils.trainer -   Epoch: 13, Loss: 1.82181, Val loss: 2.67170, Val AUC: 0.7229, Best val AUC: 0.7229, No improve: 0/10, Time: 15.6s
08/13/2026 00:27:26 - INFO - utils.trainer -   ***** Running evaluation on val dataset *****
08/13/2026 00:27:30 - INFO - utils.trainer -   Loss: 2.79306
08/13/2026 00:27:30 - INFO - utils.trainer -   AUC: 0.70461
08/13/2026 00:27:30 - INFO - utils.trainer -   Accuracy: 0.64829
08/13/2026 00:27:30 - INFO - utils.trainer -   Precision: 0.71864
08/13/2026 00:27:30 - INFO - utils.trainer -   Specificity: 0.78301
08/13/2026 00:27:30 - INFO - utils.trainer -   Sensitivity: 0.52153
08/13/2026 00:27:30 - INFO - utils.trainer -   Epoch: 14, Loss: 1.76714, Val loss: 2.79306, Val AUC: 0.7046, Best val AUC: 0.7229, No improve: 1/10, Time: 15.7s
08/13/2026 00:27:46 - INFO - utils.trainer -   ***** Running evaluation on val dataset *****
08/13/2026 00:27:49 - INFO - utils.trainer -   Loss: 2.80794
08/13/2026 00:27:49 - INFO - utils.trainer -   AUC: 0.72039
08/13/2026 00:27:49 - INFO - utils.trainer -   Accuracy: 0.65779
08/13/2026 00:27:49 - INFO - utils.trainer -   Precision: 0.67937
08/13/2026 00:27:49 - INFO - utils.trainer -   Specificity: 0.68105
08/13/2026 00:27:49 - INFO - utils.trainer -   Sensitivity: 0.63592
08/13/2026 00:27:49 - INFO - utils.trainer -   Epoch: 15, Loss: 1.80001, Val loss: 2.80794, Val AUC: 0.7204, Best val AUC: 0.7229, No improve: 2/10, Time: 16.2s
08/13/2026 00:28:05 - INFO - utils.trainer -   ***** Running evaluation on val dataset *****
08/13/2026 00:28:09 - INFO - utils.trainer -   Loss: 2.76318
08/13/2026 00:28:09 - INFO - utils.trainer -   AUC: 0.72478
08/13/2026 00:28:09 - INFO - utils.trainer -   Accuracy: 0.66350
08/13/2026 00:28:09 - INFO - utils.trainer -   Precision: 0.69693
08/13/2026 00:28:09 - INFO - utils.trainer -   Specificity: 0.71634
08/13/2026 00:28:09 - INFO - utils.trainer -   Sensitivity: 0.61378
08/13/2026 00:28:09 - INFO - utils.trainer -   Model saved to output_dir/ALTER_DisCAUEEGTUAB_train
08/13/2026 00:28:09 - INFO - utils.trainer -   Best model saved (val_AUC=0.7248)
08/13/2026 00:28:09 - INFO - utils.trainer -   Epoch: 16, Loss: 1.59312, Val loss: 2.76318, Val AUC: 0.7248, Best val AUC: 0.7248, No improve: 0/10, Time: 16.6s
08/13/2026 00:28:24 - INFO - utils.trainer -   ***** Running evaluation on val dataset *****
08/13/2026 00:28:28 - INFO - utils.trainer -   Loss: 3.03200
08/13/2026 00:28:28 - INFO - utils.trainer -   AUC: 0.72035
08/13/2026 00:28:28 - INFO - utils.trainer -   Accuracy: 0.66350
08/13/2026 00:28:28 - INFO - utils.trainer -   Precision: 0.68455
08/13/2026 00:28:28 - INFO - utils.trainer -   Specificity: 0.68497
08/13/2026 00:28:28 - INFO - utils.trainer -   Sensitivity: 0.64330
08/13/2026 00:28:28 - INFO - utils.trainer -   Epoch: 17, Loss: 1.61804, Val loss: 3.03200, Val AUC: 0.7203, Best val AUC: 0.7248, No improve: 1/10, Time: 15.7s
08/13/2026 00:28:44 - INFO - utils.trainer -   ***** Running evaluation on val dataset *****
08/13/2026 00:28:47 - INFO - utils.trainer -   Loss: 2.99604
08/13/2026 00:28:47 - INFO - utils.trainer -   AUC: 0.70686
08/13/2026 00:28:47 - INFO - utils.trainer -   Accuracy: 0.64639
08/13/2026 00:28:47 - INFO - utils.trainer -   Precision: 0.66887
08/13/2026 00:28:47 - INFO - utils.trainer -   Specificity: 0.67320
08/13/2026 00:28:47 - INFO - utils.trainer -   Sensitivity: 0.62116
08/13/2026 00:28:47 - INFO - utils.trainer -   Epoch: 18, Loss: 1.73817, Val loss: 2.99604, Val AUC: 0.7069, Best val AUC: 0.7248, No improve: 2/10, Time: 16.2s
08/13/2026 00:29:03 - INFO - utils.trainer -   ***** Running evaluation on val dataset *****
08/13/2026 00:29:06 - INFO - utils.trainer -   Loss: 3.24936
08/13/2026 00:29:06 - INFO - utils.trainer -   AUC: 0.71758
08/13/2026 00:29:06 - INFO - utils.trainer -   Accuracy: 0.65082
08/13/2026 00:29:06 - INFO - utils.trainer -   Precision: 0.66133
08/13/2026 00:29:06 - INFO - utils.trainer -   Specificity: 0.64052
08/13/2026 00:29:06 - INFO - utils.trainer -   Sensitivity: 0.66052
08/13/2026 00:29:06 - INFO - utils.trainer -   Epoch: 19, Loss: 1.54215, Val loss: 3.24936, Val AUC: 0.7176, Best val AUC: 0.7248, No improve: 3/10, Time: 15.9s
08/13/2026 00:29:22 - INFO - utils.trainer -   ***** Running evaluation on val dataset *****
08/13/2026 00:29:25 - INFO - utils.trainer -   Loss: 3.19297
08/13/2026 00:29:25 - INFO - utils.trainer -   AUC: 0.70761
08/13/2026 00:29:25 - INFO - utils.trainer -   Accuracy: 0.65399
08/13/2026 00:29:25 - INFO - utils.trainer -   Precision: 0.69044
08/13/2026 00:29:25 - INFO - utils.trainer -   Specificity: 0.71634
08/13/2026 00:29:25 - INFO - utils.trainer -   Sensitivity: 0.59533
08/13/2026 00:29:25 - INFO - utils.trainer -   Epoch: 20, Loss: 1.54259, Val loss: 3.19297, Val AUC: 0.7076, Best val AUC: 0.7248, No improve: 4/10, Time: 15.6s
08/13/2026 00:29:41 - INFO - utils.trainer -   ***** Running evaluation on val dataset *****
08/13/2026 00:29:44 - INFO - utils.trainer -   Loss: 3.26637
08/13/2026 00:29:44 - INFO - utils.trainer -   AUC: 0.70872
08/13/2026 00:29:44 - INFO - utils.trainer -   Accuracy: 0.65146
08/13/2026 00:29:44 - INFO - utils.trainer -   Precision: 0.68443
08/13/2026 00:29:44 - INFO - utils.trainer -   Specificity: 0.70588
08/13/2026 00:29:44 - INFO - utils.trainer -   Sensitivity: 0.60025
08/13/2026 00:29:44 - INFO - utils.trainer -   Epoch: 21, Loss: 1.53286, Val loss: 3.26637, Val AUC: 0.7087, Best val AUC: 0.7248, No improve: 5/10, Time: 16.1s
08/13/2026 00:30:00 - INFO - utils.trainer -   ***** Running evaluation on val dataset *****
08/13/2026 00:30:04 - INFO - utils.trainer -   Loss: 3.58494
08/13/2026 00:30:04 - INFO - utils.trainer -   AUC: 0.71434
08/13/2026 00:30:04 - INFO - utils.trainer -   Accuracy: 0.65970
08/13/2026 00:30:04 - INFO - utils.trainer -   Precision: 0.64526
08/13/2026 00:30:04 - INFO - utils.trainer -   Specificity: 0.55948
08/13/2026 00:30:04 - INFO - utils.trainer -   Sensitivity: 0.75400
08/13/2026 00:30:04 - INFO - utils.trainer -   Epoch: 22, Loss: 1.35420, Val loss: 3.58494, Val AUC: 0.7143, Best val AUC: 0.7248, No improve: 6/10, Time: 16.0s
08/13/2026 00:30:19 - INFO - utils.trainer -   ***** Running evaluation on val dataset *****
08/13/2026 00:30:23 - INFO - utils.trainer -   Loss: 3.57537
08/13/2026 00:30:23 - INFO - utils.trainer -   AUC: 0.69666
08/13/2026 00:30:23 - INFO - utils.trainer -   Accuracy: 0.64195
08/13/2026 00:30:23 - INFO - utils.trainer -   Precision: 0.69375
08/13/2026 00:30:23 - INFO - utils.trainer -   Specificity: 0.74379
08/13/2026 00:30:23 - INFO - utils.trainer -   Sensitivity: 0.54613
08/13/2026 00:30:23 - INFO - utils.trainer -   Epoch: 23, Loss: 1.29508, Val loss: 3.57537, Val AUC: 0.6967, Best val AUC: 0.7248, No improve: 7/10, Time: 15.8s
08/13/2026 00:30:39 - INFO - utils.trainer -   ***** Running evaluation on val dataset *****
08/13/2026 00:30:42 - INFO - utils.trainer -   Loss: 3.51931
08/13/2026 00:30:42 - INFO - utils.trainer -   AUC: 0.70112
08/13/2026 00:30:42 - INFO - utils.trainer -   Accuracy: 0.64132
08/13/2026 00:30:42 - INFO - utils.trainer -   Precision: 0.68627
08/13/2026 00:30:42 - INFO - utils.trainer -   Specificity: 0.72810
08/13/2026 00:30:42 - INFO - utils.trainer -   Sensitivity: 0.55966
08/13/2026 00:30:42 - INFO - utils.trainer -   Epoch: 24, Loss: 1.28841, Val loss: 3.51931, Val AUC: 0.7011, Best val AUC: 0.7248, No improve: 8/10, Time: 16.1s
08/13/2026 00:30:58 - INFO - utils.trainer -   ***** Running evaluation on val dataset *****
08/13/2026 00:31:02 - INFO - utils.trainer -   Loss: 3.43479
08/13/2026 00:31:02 - INFO - utils.trainer -   AUC: 0.69703
08/13/2026 00:31:02 - INFO - utils.trainer -   Accuracy: 0.64068
08/13/2026 00:31:02 - INFO - utils.trainer -   Precision: 0.63758
08/13/2026 00:31:02 - INFO - utils.trainer -   Specificity: 0.57647
08/13/2026 00:31:02 - INFO - utils.trainer -   Sensitivity: 0.70111
08/13/2026 00:31:02 - INFO - utils.trainer -   Epoch: 25, Loss: 1.39507, Val loss: 3.43479, Val AUC: 0.6970, Best val AUC: 0.7248, No improve: 9/10, Time: 16.3s
08/13/2026 00:31:17 - INFO - utils.trainer -   ***** Running evaluation on val dataset *****
08/13/2026 00:31:21 - INFO - utils.trainer -   Loss: 3.40919
08/13/2026 00:31:21 - INFO - utils.trainer -   AUC: 0.70224
08/13/2026 00:31:21 - INFO - utils.trainer -   Accuracy: 0.65463
08/13/2026 00:31:21 - INFO - utils.trainer -   Precision: 0.64165
08/13/2026 00:31:21 - INFO - utils.trainer -   Specificity: 0.55686
08/13/2026 00:31:21 - INFO - utils.trainer -   Sensitivity: 0.74662
08/13/2026 00:31:21 - INFO - utils.trainer -   Epoch: 26, Loss: 1.29111, Val loss: 3.40919, Val AUC: 0.7022, Best val AUC: 0.7248, No improve: 10/10, Time: 15.8s
08/13/2026 00:31:21 - INFO - utils.trainer -   Early stopping triggered at epoch 26
08/13/2026 00:31:21 - INFO - utils.trainer -   Early stopping triggered at epoch 26
08/13/2026 00:31:21 - INFO - utils.trainer -   Early stopping triggered at epoch 26
08/13/2026 00:31:21 - INFO - utils.trainer -   Early stopping triggered at epoch 26
08/13/2026 00:31:21 - INFO - utils.trainer -   Early stopping triggered at epoch 26
08/13/2026 00:31:21 - INFO - utils.trainer -   Early stopping triggered at epoch 26
08/13/2026 00:31:21 - INFO - utils.trainer -     6 keys not in checkpoint (kept from init)
08/13/2026 00:31:21 - INFO - utils.trainer -   Model loaded from output_dir/ALTER_DisCAUEEGTUAB_train/ALTER-0.bin (27/27 keys)
08/13/2026 00:31:21 - INFO - utils.trainer -   ***** Running evaluation on test dataset *****
08/13/2026 00:31:21 - INFO - utils.trainer -     6 keys not in checkpoint (kept from init)
08/13/2026 00:31:21 - INFO - utils.trainer -     6 keys not in checkpoint (kept from init)
08/13/2026 00:31:21 - INFO - utils.trainer -   Model loaded from output_dir/ALTER_DisCAUEEGTUAB_train/ALTER-0.bin (27/27 keys)
08/13/2026 00:31:21 - INFO - utils.trainer -   Model loaded from output_dir/ALTER_DisCAUEEGTUAB_train/ALTER-0.bin (27/27 keys)
08/13/2026 00:31:21 - INFO - utils.trainer -     6 keys not in checkpoint (kept from init)
08/13/2026 00:31:21 - INFO - utils.trainer -     6 keys not in checkpoint (kept from init)
08/13/2026 00:31:21 - INFO - utils.trainer -   Model loaded from output_dir/ALTER_DisCAUEEGTUAB_train/ALTER-0.bin (27/27 keys)
08/13/2026 00:31:21 - INFO - utils.trainer -   Model loaded from output_dir/ALTER_DisCAUEEGTUAB_train/ALTER-0.bin (27/27 keys)
08/13/2026 00:31:21 - INFO - utils.trainer -     6 keys not in checkpoint (kept from init)
08/13/2026 00:31:21 - INFO - utils.trainer -   Model loaded from output_dir/ALTER_DisCAUEEGTUAB_train/ALTER-0.bin (27/27 keys)
08/13/2026 00:31:24 - INFO - utils.trainer -   Loss: 2.67483
08/13/2026 00:31:24 - INFO - utils.trainer -   AUC: 0.74148
08/13/2026 00:31:24 - INFO - utils.trainer -   Accuracy: 0.68199
08/13/2026 00:31:24 - INFO - utils.trainer -   Precision: 0.68913
08/13/2026 00:31:24 - INFO - utils.trainer -   Specificity: 0.73031
08/13/2026 00:31:24 - INFO - utils.trainer -   Sensitivity: 0.63098
08/13/2026 00:31:24 - INFO - utils.trainer -   === Best epoch test result ===
08/13/2026 00:31:24 - INFO - utils.trainer -     Loss: 2.67483
08/13/2026 00:31:24 - INFO - utils.trainer -     AUC: 0.74148
08/13/2026 00:31:24 - INFO - utils.trainer -     Accuracy: 0.68199
08/13/2026 00:31:24 - INFO - utils.trainer -     Precision: 0.68913
08/13/2026 00:31:24 - INFO - utils.trainer -     Specificity: 0.73031
08/13/2026 00:31:24 - INFO - utils.trainer -     Sensitivity: 0.63098
08/13/2026 00:31:24 - INFO - utils.trainer -   Model saved to output_dir/ALTER_DisCAUEEGTUAB_train/final-epoch-200
08/13/2026 00:31:24 - INFO - utils.trainer -   Final model saved at epoch 200
