07/28/2026 20:49:03 - INFO - __main__ -   ########## Repeat:0 ##########
07/28/2026 20:49:03 - INFO - utils.trainer -   ***** Running training *****
07/28/2026 20:49:03 - INFO - utils.trainer -     Num examples = 288
07/28/2026 20:49:03 - INFO - utils.trainer -     Num Epochs = 200
07/28/2026 20:49:03 - INFO - utils.trainer -     Total train batch size = 3
07/28/2026 20:49:03 - INFO - utils.trainer -     warmup steps = 400
07/28/2026 20:49:03 - INFO - utils.trainer -     Total optimization steps = 57600
07/28/2026 20:49:03 - INFO - utils.trainer -     Save steps = 25
07/28/2026 20:50:49 - INFO - utils.trainer -   ***** Running evaluation on val dataset *****
07/28/2026 20:51:05 - INFO - utils.trainer -   Loss: 0.69338
07/28/2026 20:51:05 - INFO - utils.trainer -   AUC: 0.59399
07/28/2026 20:51:05 - INFO - utils.trainer -   Accuracy: 0.49566
07/28/2026 20:51:05 - INFO - utils.trainer -   Precision: 0.68000
07/28/2026 20:51:05 - INFO - utils.trainer -   Specificity: 0.94019
07/28/2026 20:51:05 - INFO - utils.trainer -   Sensitivity: 0.11021
07/28/2026 20:51:05 - INFO - utils.trainer -   Model saved to output_dir/TimeLLM
07/28/2026 20:51:05 - INFO - utils.trainer -   Best model saved (val_AUC=0.5940)
07/28/2026 20:51:05 - INFO - utils.trainer -   Epoch: 1, Loss: 0.85301, Val loss: 0.69338, Val AUC: 0.5940, Best val AUC: 0.5940, No improve: 0/10, Time: 106.2s
07/28/2026 20:52:51 - INFO - utils.trainer -   ***** Running evaluation on val dataset *****
07/28/2026 20:53:08 - INFO - utils.trainer -   Loss: 0.66881
07/28/2026 20:53:08 - INFO - utils.trainer -   AUC: 0.65415
07/28/2026 20:53:08 - INFO - utils.trainer -   Accuracy: 0.55556
07/28/2026 20:53:08 - INFO - utils.trainer -   Precision: 0.55341
07/28/2026 20:53:08 - INFO - utils.trainer -   Specificity: 0.17944
07/28/2026 20:53:08 - INFO - utils.trainer -   Sensitivity: 0.88169
07/28/2026 20:53:08 - INFO - utils.trainer -   Model saved to output_dir/TimeLLM
07/28/2026 20:53:08 - INFO - utils.trainer -   Best model saved (val_AUC=0.6541)
07/28/2026 20:53:08 - INFO - utils.trainer -   Epoch: 2, Loss: 0.71822, Val loss: 0.66881, Val AUC: 0.6541, Best val AUC: 0.6541, No improve: 0/10, Time: 106.2s
07/28/2026 20:54:55 - INFO - utils.trainer -   ***** Running evaluation on val dataset *****
07/28/2026 20:55:10 - INFO - utils.trainer -   Loss: 0.69345
07/28/2026 20:55:10 - INFO - utils.trainer -   AUC: 0.68215
07/28/2026 20:55:10 - INFO - utils.trainer -   Accuracy: 0.54948
07/28/2026 20:55:10 - INFO - utils.trainer -   Precision: 0.54406
07/28/2026 20:55:10 - INFO - utils.trainer -   Specificity: 0.05234
07/28/2026 20:55:10 - INFO - utils.trainer -   Sensitivity: 0.98055
07/28/2026 20:55:11 - INFO - utils.trainer -   Model saved to output_dir/TimeLLM
07/28/2026 20:55:11 - INFO - utils.trainer -   Best model saved (val_AUC=0.6821)
07/28/2026 20:55:11 - INFO - utils.trainer -   Epoch: 3, Loss: 0.66315, Val loss: 0.69345, Val AUC: 0.6821, Best val AUC: 0.6821, No improve: 0/10, Time: 106.6s
07/28/2026 20:56:57 - INFO - utils.trainer -   ***** Running evaluation on val dataset *****
07/28/2026 20:57:12 - INFO - utils.trainer -   Loss: 0.67562
07/28/2026 20:57:12 - INFO - utils.trainer -   AUC: 0.68124
07/28/2026 20:57:12 - INFO - utils.trainer -   Accuracy: 0.60677
07/28/2026 20:57:12 - INFO - utils.trainer -   Precision: 0.79496
07/28/2026 20:57:12 - INFO - utils.trainer -   Specificity: 0.89346
07/28/2026 20:57:12 - INFO - utils.trainer -   Sensitivity: 0.35818
07/28/2026 20:57:12 - INFO - utils.trainer -   Epoch: 4, Loss: 0.69179, Val loss: 0.67562, Val AUC: 0.6812, Best val AUC: 0.6821, No improve: 1/10, Time: 106.1s
07/28/2026 20:58:59 - INFO - utils.trainer -   ***** Running evaluation on val dataset *****
07/28/2026 20:59:14 - INFO - utils.trainer -   Loss: 0.63430
07/28/2026 20:59:14 - INFO - utils.trainer -   AUC: 0.69191
07/28/2026 20:59:14 - INFO - utils.trainer -   Accuracy: 0.63281
07/28/2026 20:59:14 - INFO - utils.trainer -   Precision: 0.77401
07/28/2026 20:59:14 - INFO - utils.trainer -   Specificity: 0.85047
07/28/2026 20:59:14 - INFO - utils.trainer -   Sensitivity: 0.44408
07/28/2026 20:59:15 - INFO - utils.trainer -   Model saved to output_dir/TimeLLM
07/28/2026 20:59:15 - INFO - utils.trainer -   Best model saved (val_AUC=0.6919)
07/28/2026 20:59:15 - INFO - utils.trainer -   Epoch: 5, Loss: 0.67295, Val loss: 0.63430, Val AUC: 0.6919, Best val AUC: 0.6919, No improve: 0/10, Time: 106.7s
07/28/2026 21:01:01 - INFO - utils.trainer -   ***** Running evaluation on val dataset *****
07/28/2026 21:01:16 - INFO - utils.trainer -   Loss: 0.77019
07/28/2026 21:01:16 - INFO - utils.trainer -   AUC: 0.68978
07/28/2026 21:01:16 - INFO - utils.trainer -   Accuracy: 0.53559
07/28/2026 21:01:16 - INFO - utils.trainer -   Precision: 0.53559
07/28/2026 21:01:16 - INFO - utils.trainer -   Specificity: 0.00000
07/28/2026 21:01:16 - INFO - utils.trainer -   Sensitivity: 1.00000
07/28/2026 21:01:16 - INFO - utils.trainer -   Epoch: 6, Loss: 0.65577, Val loss: 0.77019, Val AUC: 0.6898, Best val AUC: 0.6919, No improve: 1/10, Time: 106.3s
07/28/2026 21:03:02 - INFO - utils.trainer -   ***** Running evaluation on val dataset *****
07/28/2026 21:03:18 - INFO - utils.trainer -   Loss: 0.68351
07/28/2026 21:03:18 - INFO - utils.trainer -   AUC: 0.68263
07/28/2026 21:03:18 - INFO - utils.trainer -   Accuracy: 0.54080
07/28/2026 21:03:18 - INFO - utils.trainer -   Precision: 0.53839
07/28/2026 21:03:18 - INFO - utils.trainer -   Specificity: 0.01121
07/28/2026 21:03:18 - INFO - utils.trainer -   Sensitivity: 1.00000
07/28/2026 21:03:18 - INFO - utils.trainer -   Epoch: 7, Loss: 0.64688, Val loss: 0.68351, Val AUC: 0.6826, Best val AUC: 0.6919, No improve: 2/10, Time: 106.1s
07/28/2026 21:05:05 - INFO - utils.trainer -   ***** Running evaluation on val dataset *****
07/28/2026 21:05:20 - INFO - utils.trainer -   Loss: 0.64139
07/28/2026 21:05:20 - INFO - utils.trainer -   AUC: 0.67277
07/28/2026 21:05:20 - INFO - utils.trainer -   Accuracy: 0.64149
07/28/2026 21:05:20 - INFO - utils.trainer -   Precision: 0.72768
07/28/2026 21:05:20 - INFO - utils.trainer -   Specificity: 0.77196
07/28/2026 21:05:20 - INFO - utils.trainer -   Sensitivity: 0.52836
07/28/2026 21:05:20 - INFO - utils.trainer -   Epoch: 8, Loss: 0.65747, Val loss: 0.64139, Val AUC: 0.6728, Best val AUC: 0.6919, No improve: 3/10, Time: 106.6s
07/28/2026 21:07:06 - INFO - utils.trainer -   ***** Running evaluation on val dataset *****
07/28/2026 21:07:21 - INFO - utils.trainer -   Loss: 0.68879
07/28/2026 21:07:21 - INFO - utils.trainer -   AUC: 0.68282
07/28/2026 21:07:21 - INFO - utils.trainer -   Accuracy: 0.55729
07/28/2026 21:07:21 - INFO - utils.trainer -   Precision: 0.55120
07/28/2026 21:07:21 - INFO - utils.trainer -   Specificity: 0.12336
07/28/2026 21:07:21 - INFO - utils.trainer -   Sensitivity: 0.93355
07/28/2026 21:07:21 - INFO - utils.trainer -   Epoch: 9, Loss: 0.64494, Val loss: 0.68879, Val AUC: 0.6828, Best val AUC: 0.6919, No improve: 4/10, Time: 106.0s
07/28/2026 21:09:07 - INFO - utils.trainer -   ***** Running evaluation on val dataset *****
07/28/2026 21:09:23 - INFO - utils.trainer -   Loss: 0.65033
07/28/2026 21:09:23 - INFO - utils.trainer -   AUC: 0.68404
07/28/2026 21:09:23 - INFO - utils.trainer -   Accuracy: 0.63368
07/28/2026 21:09:23 - INFO - utils.trainer -   Precision: 0.64151
07/28/2026 21:09:23 - INFO - utils.trainer -   Specificity: 0.53832
07/28/2026 21:09:23 - INFO - utils.trainer -   Sensitivity: 0.71637
07/28/2026 21:09:23 - INFO - utils.trainer -   Epoch: 10, Loss: 0.62447, Val loss: 0.65033, Val AUC: 0.6840, Best val AUC: 0.6919, No improve: 5/10, Time: 106.2s
07/28/2026 21:11:09 - INFO - utils.trainer -   ***** Running evaluation on val dataset *****
07/28/2026 21:11:24 - INFO - utils.trainer -   Loss: 0.66710
07/28/2026 21:11:24 - INFO - utils.trainer -   AUC: 0.68769
07/28/2026 21:11:24 - INFO - utils.trainer -   Accuracy: 0.63976
07/28/2026 21:11:24 - INFO - utils.trainer -   Precision: 0.70782
07/28/2026 21:11:24 - INFO - utils.trainer -   Specificity: 0.73458
07/28/2026 21:11:24 - INFO - utils.trainer -   Sensitivity: 0.55754
07/28/2026 21:11:24 - INFO - utils.trainer -   Epoch: 11, Loss: 0.61906, Val loss: 0.66710, Val AUC: 0.6877, Best val AUC: 0.6919, No improve: 6/10, Time: 106.2s
07/28/2026 21:13:10 - INFO - utils.trainer -   ***** Running evaluation on val dataset *****
07/28/2026 21:13:26 - INFO - utils.trainer -   Loss: 0.69649
07/28/2026 21:13:26 - INFO - utils.trainer -   AUC: 0.70594
07/28/2026 21:13:26 - INFO - utils.trainer -   Accuracy: 0.64670
07/28/2026 21:13:26 - INFO - utils.trainer -   Precision: 0.75485
07/28/2026 21:13:26 - INFO - utils.trainer -   Specificity: 0.81121
07/28/2026 21:13:26 - INFO - utils.trainer -   Sensitivity: 0.50405
07/28/2026 21:13:26 - INFO - utils.trainer -   Model saved to output_dir/TimeLLM
07/28/2026 21:13:26 - INFO - utils.trainer -   Best model saved (val_AUC=0.7059)
07/28/2026 21:13:26 - INFO - utils.trainer -   Epoch: 12, Loss: 0.57167, Val loss: 0.69649, Val AUC: 0.7059, Best val AUC: 0.7059, No improve: 0/10, Time: 106.2s
07/28/2026 21:15:14 - INFO - utils.trainer -   ***** Running evaluation on val dataset *****
07/28/2026 21:15:29 - INFO - utils.trainer -   Loss: 0.69924
07/28/2026 21:15:29 - INFO - utils.trainer -   AUC: 0.67855
07/28/2026 21:15:29 - INFO - utils.trainer -   Accuracy: 0.62760
07/28/2026 21:15:29 - INFO - utils.trainer -   Precision: 0.64417
07/28/2026 21:15:29 - INFO - utils.trainer -   Specificity: 0.56636
07/28/2026 21:15:29 - INFO - utils.trainer -   Sensitivity: 0.68071
07/28/2026 21:15:29 - INFO - utils.trainer -   Epoch: 13, Loss: 0.51860, Val loss: 0.69924, Val AUC: 0.6785, Best val AUC: 0.7059, No improve: 1/10, Time: 107.7s
07/28/2026 21:17:16 - INFO - utils.trainer -   ***** Running evaluation on val dataset *****
07/28/2026 21:17:31 - INFO - utils.trainer -   Loss: 0.75993
07/28/2026 21:17:31 - INFO - utils.trainer -   AUC: 0.69531
07/28/2026 21:17:31 - INFO - utils.trainer -   Accuracy: 0.60503
07/28/2026 21:17:31 - INFO - utils.trainer -   Precision: 0.59000
07/28/2026 21:17:31 - INFO - utils.trainer -   Specificity: 0.31028
07/28/2026 21:17:31 - INFO - utils.trainer -   Sensitivity: 0.86062
07/28/2026 21:17:31 - INFO - utils.trainer -   Epoch: 14, Loss: 0.50846, Val loss: 0.75993, Val AUC: 0.6953, Best val AUC: 0.7059, No improve: 2/10, Time: 106.3s
07/28/2026 21:19:18 - INFO - utils.trainer -   ***** Running evaluation on val dataset *****
07/28/2026 21:19:33 - INFO - utils.trainer -   Loss: 0.71290
07/28/2026 21:19:33 - INFO - utils.trainer -   AUC: 0.68803
07/28/2026 21:19:33 - INFO - utils.trainer -   Accuracy: 0.64149
07/28/2026 21:19:33 - INFO - utils.trainer -   Precision: 0.70902
07/28/2026 21:19:33 - INFO - utils.trainer -   Specificity: 0.73458
07/28/2026 21:19:33 - INFO - utils.trainer -   Sensitivity: 0.56078
07/28/2026 21:19:33 - INFO - utils.trainer -   Epoch: 15, Loss: 0.53726, Val loss: 0.71290, Val AUC: 0.6880, Best val AUC: 0.7059, No improve: 3/10, Time: 106.6s
07/28/2026 21:21:19 - INFO - utils.trainer -   ***** Running evaluation on val dataset *****
07/28/2026 21:21:35 - INFO - utils.trainer -   Loss: 0.68992
07/28/2026 21:21:35 - INFO - utils.trainer -   AUC: 0.69259
07/28/2026 21:21:35 - INFO - utils.trainer -   Accuracy: 0.62500
07/28/2026 21:21:35 - INFO - utils.trainer -   Precision: 0.61694
07/28/2026 21:21:35 - INFO - utils.trainer -   Specificity: 0.43364
07/28/2026 21:21:35 - INFO - utils.trainer -   Sensitivity: 0.79092
07/28/2026 21:21:35 - INFO - utils.trainer -   Epoch: 16, Loss: 0.52734, Val loss: 0.68992, Val AUC: 0.6926, Best val AUC: 0.7059, No improve: 4/10, Time: 106.2s
07/28/2026 21:23:21 - INFO - utils.trainer -   ***** Running evaluation on val dataset *****
07/28/2026 21:23:36 - INFO - utils.trainer -   Loss: 0.73190
07/28/2026 21:23:36 - INFO - utils.trainer -   AUC: 0.68303
07/28/2026 21:23:36 - INFO - utils.trainer -   Accuracy: 0.63976
07/28/2026 21:23:36 - INFO - utils.trainer -   Precision: 0.70782
07/28/2026 21:23:36 - INFO - utils.trainer -   Specificity: 0.73458
07/28/2026 21:23:36 - INFO - utils.trainer -   Sensitivity: 0.55754
07/28/2026 21:23:36 - INFO - utils.trainer -   Epoch: 17, Loss: 0.49843, Val loss: 0.73190, Val AUC: 0.6830, Best val AUC: 0.7059, No improve: 5/10, Time: 106.3s
07/28/2026 21:25:23 - INFO - utils.trainer -   ***** Running evaluation on val dataset *****
07/28/2026 21:25:38 - INFO - utils.trainer -   Loss: 0.71989
07/28/2026 21:25:38 - INFO - utils.trainer -   AUC: 0.68682
07/28/2026 21:25:38 - INFO - utils.trainer -   Accuracy: 0.61111
07/28/2026 21:25:38 - INFO - utils.trainer -   Precision: 0.60960
07/28/2026 21:25:38 - INFO - utils.trainer -   Specificity: 0.43738
07/28/2026 21:25:38 - INFO - utils.trainer -   Sensitivity: 0.76175
07/28/2026 21:25:38 - INFO - utils.trainer -   Epoch: 18, Loss: 0.48828, Val loss: 0.71989, Val AUC: 0.6868, Best val AUC: 0.7059, No improve: 6/10, Time: 106.1s
07/28/2026 21:27:24 - INFO - utils.trainer -   ***** Running evaluation on val dataset *****
07/28/2026 21:27:40 - INFO - utils.trainer -   Loss: 0.73417
07/28/2026 21:27:40 - INFO - utils.trainer -   AUC: 0.68901
07/28/2026 21:27:40 - INFO - utils.trainer -   Accuracy: 0.63281
07/28/2026 21:27:40 - INFO - utils.trainer -   Precision: 0.67831
07/28/2026 21:27:40 - INFO - utils.trainer -   Specificity: 0.67290
07/28/2026 21:27:40 - INFO - utils.trainer -   Sensitivity: 0.59806
07/28/2026 21:27:40 - INFO - utils.trainer -   Epoch: 19, Loss: 0.47611, Val loss: 0.73417, Val AUC: 0.6890, Best val AUC: 0.7059, No improve: 7/10, Time: 106.3s
07/28/2026 21:29:26 - INFO - utils.trainer -   ***** Running evaluation on val dataset *****
07/28/2026 21:29:42 - INFO - utils.trainer -   Loss: 0.77625
07/28/2026 21:29:42 - INFO - utils.trainer -   AUC: 0.69427
07/28/2026 21:29:42 - INFO - utils.trainer -   Accuracy: 0.63108
07/28/2026 21:29:42 - INFO - utils.trainer -   Precision: 0.70690
07/28/2026 21:29:42 - INFO - utils.trainer -   Specificity: 0.74579
07/28/2026 21:29:42 - INFO - utils.trainer -   Sensitivity: 0.53160
07/28/2026 21:29:42 - INFO - utils.trainer -   Epoch: 20, Loss: 0.49913, Val loss: 0.77625, Val AUC: 0.6943, Best val AUC: 0.7059, No improve: 8/10, Time: 106.9s
07/28/2026 21:31:28 - INFO - utils.trainer -   ***** Running evaluation on val dataset *****
07/28/2026 21:31:44 - INFO - utils.trainer -   Loss: 0.75901
07/28/2026 21:31:44 - INFO - utils.trainer -   AUC: 0.68312
07/28/2026 21:31:44 - INFO - utils.trainer -   Accuracy: 0.60243
07/28/2026 21:31:44 - INFO - utils.trainer -   Precision: 0.59342
07/28/2026 21:31:44 - INFO - utils.trainer -   Specificity: 0.35327
07/28/2026 21:31:44 - INFO - utils.trainer -   Sensitivity: 0.81848
07/28/2026 21:31:44 - INFO - utils.trainer -   Epoch: 21, Loss: 0.47666, Val loss: 0.75901, Val AUC: 0.6831, Best val AUC: 0.7059, No improve: 9/10, Time: 106.6s
07/28/2026 21:33:30 - INFO - utils.trainer -   ***** Running evaluation on val dataset *****
07/28/2026 21:33:45 - INFO - utils.trainer -   Loss: 0.72765
07/28/2026 21:33:45 - INFO - utils.trainer -   AUC: 0.69408
07/28/2026 21:33:45 - INFO - utils.trainer -   Accuracy: 0.62326
07/28/2026 21:33:45 - INFO - utils.trainer -   Precision: 0.61338
07/28/2026 21:33:45 - INFO - utils.trainer -   Specificity: 0.41682
07/28/2026 21:33:45 - INFO - utils.trainer -   Sensitivity: 0.80227
07/28/2026 21:33:45 - INFO - utils.trainer -   Epoch: 22, Loss: 0.49103, Val loss: 0.72765, Val AUC: 0.6941, Best val AUC: 0.7059, No improve: 10/10, Time: 106.2s
07/28/2026 21:33:45 - INFO - utils.trainer -   Early stopping triggered at epoch 22
07/28/2026 21:33:45 - INFO - utils.trainer -   Early stopping triggered at epoch 22
07/28/2026 21:33:45 - INFO - utils.trainer -   Early stopping triggered at epoch 22
07/28/2026 21:33:45 - INFO - utils.trainer -   Early stopping triggered at epoch 22
07/28/2026 21:33:46 - INFO - utils.trainer -     582 keys not in checkpoint (kept from init)
07/28/2026 21:33:46 - INFO - utils.trainer -   Model loaded from output_dir/TimeLLM/TimeLLM-0.bin (26/26 keys)
07/28/2026 21:33:46 - INFO - utils.trainer -     582 keys not in checkpoint (kept from init)
07/28/2026 21:33:46 - INFO - utils.trainer -   Model loaded from output_dir/TimeLLM/TimeLLM-0.bin (26/26 keys)
07/28/2026 21:33:46 - INFO - utils.trainer -     582 keys not in checkpoint (kept from init)
07/28/2026 21:33:46 - INFO - utils.trainer -   Model loaded from output_dir/TimeLLM/TimeLLM-0.bin (26/26 keys)
07/28/2026 21:33:46 - INFO - utils.trainer -     582 keys not in checkpoint (kept from init)
07/28/2026 21:33:46 - INFO - utils.trainer -   Model loaded from output_dir/TimeLLM/TimeLLM-0.bin (26/26 keys)
07/28/2026 21:33:46 - INFO - utils.trainer -   ***** Running evaluation on test dataset *****
07/28/2026 21:34:01 - INFO - utils.trainer -   Loss: 0.64932
07/28/2026 21:34:01 - INFO - utils.trainer -   AUC: 0.72840
07/28/2026 21:34:01 - INFO - utils.trainer -   Accuracy: 0.65000
07/28/2026 21:34:01 - INFO - utils.trainer -   Precision: 0.75565
07/28/2026 21:34:01 - INFO - utils.trainer -   Specificity: 0.75813
07/28/2026 21:34:01 - INFO - utils.trainer -   Sensitivity: 0.56790
07/28/2026 21:34:01 - INFO - utils.trainer -   === Best epoch test result ===
07/28/2026 21:34:01 - INFO - utils.trainer -     Loss: 0.64932
07/28/2026 21:34:01 - INFO - utils.trainer -     AUC: 0.72840
07/28/2026 21:34:01 - INFO - utils.trainer -     Accuracy: 0.65000
07/28/2026 21:34:01 - INFO - utils.trainer -     Precision: 0.75565
07/28/2026 21:34:01 - INFO - utils.trainer -     Specificity: 0.75813
07/28/2026 21:34:01 - INFO - utils.trainer -     Sensitivity: 0.56790
07/28/2026 21:34:01 - INFO - utils.trainer -   Model saved to output_dir/TimeLLM/final-epoch-200
07/28/2026 21:34:01 - INFO - utils.trainer -   Final model saved at epoch 200
