07/28/2026 10:51:21 - INFO - __main__ -   ########## Repeat:0 ##########
07/28/2026 10:51:21 - INFO - utils.trainer -   ***** Running training *****
07/28/2026 10:51:21 - INFO - utils.trainer -     Num examples = 288
07/28/2026 10:51:21 - INFO - utils.trainer -     Num Epochs = 200
07/28/2026 10:51:21 - INFO - utils.trainer -     Total train batch size = 3
07/28/2026 10:51:21 - INFO - utils.trainer -     warmup steps = 400
07/28/2026 10:51:21 - INFO - utils.trainer -     Total optimization steps = 57600
07/28/2026 10:51:21 - INFO - utils.trainer -     Save steps = 200
07/28/2026 10:51:29 - INFO - utils.trainer -   ***** Running evaluation on val dataset *****
07/28/2026 10:51:31 - INFO - utils.trainer -   Loss: 1.86275
07/28/2026 10:51:31 - INFO - utils.trainer -   AUC: 0.63512
07/28/2026 10:51:31 - INFO - utils.trainer -   Accuracy: 0.64497
07/28/2026 10:51:31 - INFO - utils.trainer -   Precision: 0.84437
07/28/2026 10:51:31 - INFO - utils.trainer -   Recall: 0.41329
07/28/2026 10:51:31 - INFO - utils.trainer -   F_score: 0.55495
07/28/2026 10:51:31 - INFO - utils.trainer -   Specificity: 0.00000
07/28/2026 10:51:31 - INFO - utils.trainer -   Sensitivity: 0.00000
07/28/2026 10:51:31 - INFO - utils.trainer -   ***** Running evaluation on test dataset *****
07/28/2026 10:51:33 - INFO - utils.trainer -   Loss: 1.84998
07/28/2026 10:51:33 - INFO - utils.trainer -   AUC: 0.65521
07/28/2026 10:51:33 - INFO - utils.trainer -   Accuracy: 0.62281
07/28/2026 10:51:33 - INFO - utils.trainer -   Precision: 0.81686
07/28/2026 10:51:33 - INFO - utils.trainer -   Recall: 0.43364
07/28/2026 10:51:33 - INFO - utils.trainer -   F_score: 0.56653
07/28/2026 10:51:33 - INFO - utils.trainer -   Specificity: 0.00000
07/28/2026 10:51:33 - INFO - utils.trainer -   Sensitivity: 0.00000
07/28/2026 10:51:33 - INFO - utils.trainer -   Model saved to output_dir/ALTER
07/28/2026 10:51:33 - INFO - utils.trainer -   Best model saved (val_AUC=0.6351, test_acc=0.6228)
07/28/2026 10:51:33 - INFO - utils.trainer -   Epoch: 1, Loss: 1.86726, Val loss: 1.86275, Test loss: 1.84998, Val Acc: 0.6450, Best val AUC: 0.6351, No improve: 0/10, Time: 7.8s
07/28/2026 10:51:40 - INFO - utils.trainer -   ***** Running evaluation on val dataset *****
07/28/2026 10:51:42 - INFO - utils.trainer -   Loss: 1.86920
07/28/2026 10:51:42 - INFO - utils.trainer -   AUC: 0.66666
07/28/2026 10:51:42 - INFO - utils.trainer -   Accuracy: 0.65365
07/28/2026 10:51:42 - INFO - utils.trainer -   Precision: 0.78989
07/28/2026 10:51:42 - INFO - utils.trainer -   Recall: 0.48136
07/28/2026 10:51:42 - INFO - utils.trainer -   F_score: 0.59819
07/28/2026 10:51:42 - INFO - utils.trainer -   Specificity: 0.00000
07/28/2026 10:51:42 - INFO - utils.trainer -   Sensitivity: 0.00000
07/28/2026 10:51:42 - INFO - utils.trainer -   ***** Running evaluation on test dataset *****
07/28/2026 10:51:44 - INFO - utils.trainer -   Loss: 1.92998
07/28/2026 10:51:44 - INFO - utils.trainer -   AUC: 0.68423
07/28/2026 10:51:44 - INFO - utils.trainer -   Accuracy: 0.64561
07/28/2026 10:51:44 - INFO - utils.trainer -   Precision: 0.79469
07/28/2026 10:51:44 - INFO - utils.trainer -   Recall: 0.50772
07/28/2026 10:51:44 - INFO - utils.trainer -   F_score: 0.61959
07/28/2026 10:51:44 - INFO - utils.trainer -   Specificity: 0.00000
07/28/2026 10:51:44 - INFO - utils.trainer -   Sensitivity: 0.00000
07/28/2026 10:51:44 - INFO - utils.trainer -   Model saved to output_dir/ALTER
07/28/2026 10:51:44 - INFO - utils.trainer -   Best model saved (val_AUC=0.6667, test_acc=0.6456)
07/28/2026 10:51:44 - INFO - utils.trainer -   Epoch: 2, Loss: 1.66017, Val loss: 1.86920, Test loss: 1.92998, Val Acc: 0.6536, Best val AUC: 0.6667, No improve: 0/10, Time: 7.1s
07/28/2026 10:51:50 - INFO - utils.trainer -   ***** Running evaluation on val dataset *****
07/28/2026 10:51:52 - INFO - utils.trainer -   Loss: 1.93817
07/28/2026 10:51:52 - INFO - utils.trainer -   AUC: 0.65043
07/28/2026 10:51:52 - INFO - utils.trainer -   Accuracy: 0.65365
07/28/2026 10:51:52 - INFO - utils.trainer -   Precision: 0.80447
07/28/2026 10:51:52 - INFO - utils.trainer -   Recall: 0.46677
07/28/2026 10:51:52 - INFO - utils.trainer -   F_score: 0.59077
07/28/2026 10:51:52 - INFO - utils.trainer -   Specificity: 0.00000
07/28/2026 10:51:52 - INFO - utils.trainer -   Sensitivity: 0.00000
07/28/2026 10:51:52 - INFO - utils.trainer -   ***** Running evaluation on test dataset *****
07/28/2026 10:51:54 - INFO - utils.trainer -   Loss: 1.99635
07/28/2026 10:51:54 - INFO - utils.trainer -   AUC: 0.68942
07/28/2026 10:51:54 - INFO - utils.trainer -   Accuracy: 0.63947
07/28/2026 10:51:54 - INFO - utils.trainer -   Precision: 0.80620
07/28/2026 10:51:54 - INFO - utils.trainer -   Recall: 0.48148
07/28/2026 10:51:54 - INFO - utils.trainer -   F_score: 0.60290
07/28/2026 10:51:54 - INFO - utils.trainer -   Specificity: 0.00000
07/28/2026 10:51:54 - INFO - utils.trainer -   Sensitivity: 0.00000
07/28/2026 10:51:54 - INFO - utils.trainer -   Epoch: 3, Loss: 1.54464, Val loss: 1.93817, Test loss: 1.99635, Val Acc: 0.6536, Best val AUC: 0.6667, No improve: 1/10, Time: 6.7s
07/28/2026 10:52:02 - INFO - utils.trainer -   ***** Running evaluation on val dataset *****
07/28/2026 10:52:04 - INFO - utils.trainer -   Loss: 1.87828
07/28/2026 10:52:04 - INFO - utils.trainer -   AUC: 0.69785
07/28/2026 10:52:04 - INFO - utils.trainer -   Accuracy: 0.66233
07/28/2026 10:52:04 - INFO - utils.trainer -   Precision: 0.80000
07/28/2026 10:52:04 - INFO - utils.trainer -   Recall: 0.49271
07/28/2026 10:52:04 - INFO - utils.trainer -   F_score: 0.60983
07/28/2026 10:52:04 - INFO - utils.trainer -   Specificity: 0.00000
07/28/2026 10:52:04 - INFO - utils.trainer -   Sensitivity: 0.00000
07/28/2026 10:52:04 - INFO - utils.trainer -   ***** Running evaluation on test dataset *****
07/28/2026 10:52:05 - INFO - utils.trainer -   Loss: 1.92673
07/28/2026 10:52:05 - INFO - utils.trainer -   AUC: 0.70823
07/28/2026 10:52:05 - INFO - utils.trainer -   Accuracy: 0.64386
07/28/2026 10:52:05 - INFO - utils.trainer -   Precision: 0.80402
07/28/2026 10:52:05 - INFO - utils.trainer -   Recall: 0.49383
07/28/2026 10:52:05 - INFO - utils.trainer -   F_score: 0.61185
07/28/2026 10:52:05 - INFO - utils.trainer -   Specificity: 0.00000
07/28/2026 10:52:05 - INFO - utils.trainer -   Sensitivity: 0.00000
07/28/2026 10:52:05 - INFO - utils.trainer -   Model saved to output_dir/ALTER
07/28/2026 10:52:05 - INFO - utils.trainer -   Best model saved (val_AUC=0.6978, test_acc=0.6439)
07/28/2026 10:52:05 - INFO - utils.trainer -   Epoch: 4, Loss: 1.58181, Val loss: 1.87828, Test loss: 1.92673, Val Acc: 0.6623, Best val AUC: 0.6978, No improve: 0/10, Time: 7.7s
07/28/2026 10:52:13 - INFO - utils.trainer -   ***** Running evaluation on val dataset *****
07/28/2026 10:52:15 - INFO - utils.trainer -   Loss: 1.91800
07/28/2026 10:52:15 - INFO - utils.trainer -   AUC: 0.70406
07/28/2026 10:52:15 - INFO - utils.trainer -   Accuracy: 0.66059
07/28/2026 10:52:15 - INFO - utils.trainer -   Precision: 0.77833
07/28/2026 10:52:15 - INFO - utils.trainer -   Recall: 0.51216
07/28/2026 10:52:15 - INFO - utils.trainer -   F_score: 0.61779
07/28/2026 10:52:15 - INFO - utils.trainer -   Specificity: 0.00000
07/28/2026 10:52:15 - INFO - utils.trainer -   Sensitivity: 0.00000
07/28/2026 10:52:15 - INFO - utils.trainer -   ***** Running evaluation on test dataset *****
07/28/2026 10:52:17 - INFO - utils.trainer -   Loss: 1.94501
07/28/2026 10:52:17 - INFO - utils.trainer -   AUC: 0.70636
07/28/2026 10:52:17 - INFO - utils.trainer -   Accuracy: 0.63947
07/28/2026 10:52:17 - INFO - utils.trainer -   Precision: 0.76392
07/28/2026 10:52:17 - INFO - utils.trainer -   Recall: 0.52932
07/28/2026 10:52:17 - INFO - utils.trainer -   F_score: 0.62534
07/28/2026 10:52:17 - INFO - utils.trainer -   Specificity: 0.00000
07/28/2026 10:52:17 - INFO - utils.trainer -   Sensitivity: 0.00000
07/28/2026 10:52:17 - INFO - utils.trainer -   Model saved to output_dir/ALTER
07/28/2026 10:52:17 - INFO - utils.trainer -   Best model saved (val_AUC=0.7041, test_acc=0.6395)
07/28/2026 10:52:17 - INFO - utils.trainer -   Epoch: 5, Loss: 1.48147, Val loss: 1.91800, Test loss: 1.94501, Val Acc: 0.6606, Best val AUC: 0.7041, No improve: 0/10, Time: 7.7s
07/28/2026 10:52:25 - INFO - utils.trainer -   ***** Running evaluation on val dataset *****
07/28/2026 10:52:27 - INFO - utils.trainer -   Loss: 2.17668
07/28/2026 10:52:27 - INFO - utils.trainer -   AUC: 0.73248
07/28/2026 10:52:27 - INFO - utils.trainer -   Accuracy: 0.61892
07/28/2026 10:52:27 - INFO - utils.trainer -   Precision: 0.60045
07/28/2026 10:52:27 - INFO - utils.trainer -   Recall: 0.86224
07/28/2026 10:52:27 - INFO - utils.trainer -   F_score: 0.70792
07/28/2026 10:52:27 - INFO - utils.trainer -   Specificity: 0.00000
07/28/2026 10:52:27 - INFO - utils.trainer -   Sensitivity: 0.00000
07/28/2026 10:52:27 - INFO - utils.trainer -   ***** Running evaluation on test dataset *****
07/28/2026 10:52:28 - INFO - utils.trainer -   Loss: 2.23905
07/28/2026 10:52:28 - INFO - utils.trainer -   AUC: 0.72210
07/28/2026 10:52:28 - INFO - utils.trainer -   Accuracy: 0.63684
07/28/2026 10:52:28 - INFO - utils.trainer -   Precision: 0.62829
07/28/2026 10:52:28 - INFO - utils.trainer -   Recall: 0.88426
07/28/2026 10:52:28 - INFO - utils.trainer -   F_score: 0.73462
07/28/2026 10:52:28 - INFO - utils.trainer -   Specificity: 0.00000
07/28/2026 10:52:28 - INFO - utils.trainer -   Sensitivity: 0.00000
07/28/2026 10:52:28 - INFO - utils.trainer -   Model saved to output_dir/ALTER
07/28/2026 10:52:28 - INFO - utils.trainer -   Best model saved (val_AUC=0.7325, test_acc=0.6368)
07/28/2026 10:52:28 - INFO - utils.trainer -   Epoch: 6, Loss: 1.43731, Val loss: 2.17668, Test loss: 2.23905, Val Acc: 0.6189, Best val AUC: 0.7325, No improve: 0/10, Time: 7.6s
07/28/2026 10:52:36 - INFO - utils.trainer -   ***** Running evaluation on val dataset *****
07/28/2026 10:52:38 - INFO - utils.trainer -   Loss: 2.05631
07/28/2026 10:52:38 - INFO - utils.trainer -   AUC: 0.72221
07/28/2026 10:52:38 - INFO - utils.trainer -   Accuracy: 0.66233
07/28/2026 10:52:38 - INFO - utils.trainer -   Precision: 0.75561
07/28/2026 10:52:38 - INFO - utils.trainer -   Recall: 0.54619
07/28/2026 10:52:38 - INFO - utils.trainer -   F_score: 0.63405
07/28/2026 10:52:38 - INFO - utils.trainer -   Specificity: 0.00000
07/28/2026 10:52:38 - INFO - utils.trainer -   Sensitivity: 0.00000
07/28/2026 10:52:38 - INFO - utils.trainer -   ***** Running evaluation on test dataset *****
07/28/2026 10:52:40 - INFO - utils.trainer -   Loss: 2.12945
07/28/2026 10:52:40 - INFO - utils.trainer -   AUC: 0.70937
07/28/2026 10:52:40 - INFO - utils.trainer -   Accuracy: 0.64211
07/28/2026 10:52:40 - INFO - utils.trainer -   Precision: 0.72305
07/28/2026 10:52:40 - INFO - utils.trainer -   Recall: 0.60031
07/28/2026 10:52:40 - INFO - utils.trainer -   F_score: 0.65599
07/28/2026 10:52:40 - INFO - utils.trainer -   Specificity: 0.00000
07/28/2026 10:52:40 - INFO - utils.trainer -   Sensitivity: 0.00000
07/28/2026 10:52:40 - INFO - utils.trainer -   Epoch: 7, Loss: 1.34088, Val loss: 2.05631, Test loss: 2.12945, Val Acc: 0.6623, Best val AUC: 0.7325, No improve: 1/10, Time: 7.9s
07/28/2026 10:52:48 - INFO - utils.trainer -   ***** Running evaluation on val dataset *****
07/28/2026 10:52:50 - INFO - utils.trainer -   Loss: 2.04726
07/28/2026 10:52:50 - INFO - utils.trainer -   AUC: 0.73302
07/28/2026 10:52:50 - INFO - utils.trainer -   Accuracy: 0.61892
07/28/2026 10:52:50 - INFO - utils.trainer -   Precision: 0.61589
07/28/2026 10:52:50 - INFO - utils.trainer -   Recall: 0.76661
07/28/2026 10:52:50 - INFO - utils.trainer -   F_score: 0.68303
07/28/2026 10:52:50 - INFO - utils.trainer -   Specificity: 0.00000
07/28/2026 10:52:50 - INFO - utils.trainer -   Sensitivity: 0.00000
07/28/2026 10:52:50 - INFO - utils.trainer -   ***** Running evaluation on test dataset *****
07/28/2026 10:52:52 - INFO - utils.trainer -   Loss: 2.03735
07/28/2026 10:52:52 - INFO - utils.trainer -   AUC: 0.74031
07/28/2026 10:52:52 - INFO - utils.trainer -   Accuracy: 0.64825
07/28/2026 10:52:52 - INFO - utils.trainer -   Precision: 0.64685
07/28/2026 10:52:52 - INFO - utils.trainer -   Recall: 0.83951
07/28/2026 10:52:52 - INFO - utils.trainer -   F_score: 0.73069
07/28/2026 10:52:52 - INFO - utils.trainer -   Specificity: 0.00000
07/28/2026 10:52:52 - INFO - utils.trainer -   Sensitivity: 0.00000
07/28/2026 10:52:52 - INFO - utils.trainer -   Epoch: 8, Loss: 1.26871, Val loss: 2.04726, Test loss: 2.03735, Val Acc: 0.6189, Best val AUC: 0.7325, No improve: 2/10, Time: 8.1s
07/28/2026 10:53:00 - INFO - utils.trainer -   ***** Running evaluation on val dataset *****
07/28/2026 10:53:02 - INFO - utils.trainer -   Loss: 2.17661
07/28/2026 10:53:02 - INFO - utils.trainer -   AUC: 0.75508
07/28/2026 10:53:02 - INFO - utils.trainer -   Accuracy: 0.65104
07/28/2026 10:53:02 - INFO - utils.trainer -   Precision: 0.63943
07/28/2026 10:53:02 - INFO - utils.trainer -   Recall: 0.79903
07/28/2026 10:53:02 - INFO - utils.trainer -   F_score: 0.71037
07/28/2026 10:53:02 - INFO - utils.trainer -   Specificity: 0.00000
07/28/2026 10:53:02 - INFO - utils.trainer -   Sensitivity: 0.00000
07/28/2026 10:53:02 - INFO - utils.trainer -   ***** Running evaluation on test dataset *****
07/28/2026 10:53:03 - INFO - utils.trainer -   Loss: 2.23982
07/28/2026 10:53:03 - INFO - utils.trainer -   AUC: 0.74817
07/28/2026 10:53:03 - INFO - utils.trainer -   Accuracy: 0.66404
07/28/2026 10:53:03 - INFO - utils.trainer -   Precision: 0.65570
07/28/2026 10:53:03 - INFO - utils.trainer -   Recall: 0.86111
07/28/2026 10:53:03 - INFO - utils.trainer -   F_score: 0.74450
07/28/2026 10:53:03 - INFO - utils.trainer -   Specificity: 0.00000
07/28/2026 10:53:03 - INFO - utils.trainer -   Sensitivity: 0.00000
07/28/2026 10:53:03 - INFO - utils.trainer -   Model saved to output_dir/ALTER
07/28/2026 10:53:03 - INFO - utils.trainer -   Best model saved (val_AUC=0.7551, test_acc=0.6640)
07/28/2026 10:53:03 - INFO - utils.trainer -   Epoch: 9, Loss: 1.09153, Val loss: 2.17661, Test loss: 2.23982, Val Acc: 0.6510, Best val AUC: 0.7551, No improve: 0/10, Time: 7.7s
07/28/2026 10:53:11 - INFO - utils.trainer -   ***** Running evaluation on val dataset *****
07/28/2026 10:53:13 - INFO - utils.trainer -   Loss: 2.14438
07/28/2026 10:53:13 - INFO - utils.trainer -   AUC: 0.75948
07/28/2026 10:53:13 - INFO - utils.trainer -   Accuracy: 0.67622
07/28/2026 10:53:13 - INFO - utils.trainer -   Precision: 0.68598
07/28/2026 10:53:13 - INFO - utils.trainer -   Recall: 0.72934
07/28/2026 10:53:13 - INFO - utils.trainer -   F_score: 0.70699
07/28/2026 10:53:13 - INFO - utils.trainer -   Specificity: 0.00000
07/28/2026 10:53:13 - INFO - utils.trainer -   Sensitivity: 0.00000
07/28/2026 10:53:13 - INFO - utils.trainer -   ***** Running evaluation on test dataset *****
07/28/2026 10:53:15 - INFO - utils.trainer -   Loss: 2.16229
07/28/2026 10:53:15 - INFO - utils.trainer -   AUC: 0.75415
07/28/2026 10:53:15 - INFO - utils.trainer -   Accuracy: 0.68158
07/28/2026 10:53:15 - INFO - utils.trainer -   Precision: 0.69547
07/28/2026 10:53:15 - INFO - utils.trainer -   Recall: 0.78241
07/28/2026 10:53:15 - INFO - utils.trainer -   F_score: 0.73638
07/28/2026 10:53:15 - INFO - utils.trainer -   Specificity: 0.00000
07/28/2026 10:53:15 - INFO - utils.trainer -   Sensitivity: 0.00000
07/28/2026 10:53:15 - INFO - utils.trainer -   Model saved to output_dir/ALTER
07/28/2026 10:53:15 - INFO - utils.trainer -   Best model saved (val_AUC=0.7595, test_acc=0.6816)
07/28/2026 10:53:15 - INFO - utils.trainer -   Epoch: 10, Loss: 1.05114, Val loss: 2.14438, Test loss: 2.16229, Val Acc: 0.6762, Best val AUC: 0.7595, No improve: 0/10, Time: 7.7s
07/28/2026 10:53:23 - INFO - utils.trainer -   ***** Running evaluation on val dataset *****
07/28/2026 10:53:24 - INFO - utils.trainer -   Loss: 2.27156
07/28/2026 10:53:24 - INFO - utils.trainer -   AUC: 0.75774
07/28/2026 10:53:24 - INFO - utils.trainer -   Accuracy: 0.68490
07/28/2026 10:53:24 - INFO - utils.trainer -   Precision: 0.70032
07/28/2026 10:53:24 - INFO - utils.trainer -   Recall: 0.71961
07/28/2026 10:53:24 - INFO - utils.trainer -   F_score: 0.70983
07/28/2026 10:53:24 - INFO - utils.trainer -   Specificity: 0.00000
07/28/2026 10:53:24 - INFO - utils.trainer -   Sensitivity: 0.00000
07/28/2026 10:53:24 - INFO - utils.trainer -   ***** Running evaluation on test dataset *****
07/28/2026 10:53:26 - INFO - utils.trainer -   Loss: 2.29352
07/28/2026 10:53:26 - INFO - utils.trainer -   AUC: 0.75121
07/28/2026 10:53:26 - INFO - utils.trainer -   Accuracy: 0.67807
07/28/2026 10:53:26 - INFO - utils.trainer -   Precision: 0.70043
07/28/2026 10:53:26 - INFO - utils.trainer -   Recall: 0.75772
07/28/2026 10:53:26 - INFO - utils.trainer -   F_score: 0.72795
07/28/2026 10:53:26 - INFO - utils.trainer -   Specificity: 0.00000
07/28/2026 10:53:26 - INFO - utils.trainer -   Sensitivity: 0.00000
07/28/2026 10:53:26 - INFO - utils.trainer -   Epoch: 11, Loss: 0.94212, Val loss: 2.27156, Test loss: 2.29352, Val Acc: 0.6849, Best val AUC: 0.7595, No improve: 1/10, Time: 7.4s
07/28/2026 10:53:34 - INFO - utils.trainer -   ***** Running evaluation on val dataset *****
07/28/2026 10:53:36 - INFO - utils.trainer -   Loss: 2.28461
07/28/2026 10:53:36 - INFO - utils.trainer -   AUC: 0.75270
07/28/2026 10:53:36 - INFO - utils.trainer -   Accuracy: 0.68490
07/28/2026 10:53:36 - INFO - utils.trainer -   Precision: 0.72842
07/28/2026 10:53:36 - INFO - utils.trainer -   Recall: 0.65640
07/28/2026 10:53:36 - INFO - utils.trainer -   F_score: 0.69054
07/28/2026 10:53:36 - INFO - utils.trainer -   Specificity: 0.00000
07/28/2026 10:53:36 - INFO - utils.trainer -   Sensitivity: 0.00000
07/28/2026 10:53:36 - INFO - utils.trainer -   ***** Running evaluation on test dataset *****
07/28/2026 10:53:38 - INFO - utils.trainer -   Loss: 2.29713
07/28/2026 10:53:38 - INFO - utils.trainer -   AUC: 0.74672
07/28/2026 10:53:38 - INFO - utils.trainer -   Accuracy: 0.66754
07/28/2026 10:53:38 - INFO - utils.trainer -   Precision: 0.70918
07/28/2026 10:53:38 - INFO - utils.trainer -   Recall: 0.70370
07/28/2026 10:53:38 - INFO - utils.trainer -   F_score: 0.70643
07/28/2026 10:53:38 - INFO - utils.trainer -   Specificity: 0.00000
07/28/2026 10:53:38 - INFO - utils.trainer -   Sensitivity: 0.00000
07/28/2026 10:53:38 - INFO - utils.trainer -   Epoch: 12, Loss: 1.00893, Val loss: 2.28461, Test loss: 2.29713, Val Acc: 0.6849, Best val AUC: 0.7595, No improve: 2/10, Time: 7.8s
07/28/2026 10:53:46 - INFO - utils.trainer -   ***** Running evaluation on val dataset *****
07/28/2026 10:53:48 - INFO - utils.trainer -   Loss: 2.49365
07/28/2026 10:53:48 - INFO - utils.trainer -   AUC: 0.74900
07/28/2026 10:53:48 - INFO - utils.trainer -   Accuracy: 0.67274
07/28/2026 10:53:48 - INFO - utils.trainer -   Precision: 0.69672
07/28/2026 10:53:48 - INFO - utils.trainer -   Recall: 0.68882
07/28/2026 10:53:48 - INFO - utils.trainer -   F_score: 0.69275
07/28/2026 10:53:48 - INFO - utils.trainer -   Specificity: 0.00000
07/28/2026 10:53:48 - INFO - utils.trainer -   Sensitivity: 0.00000
07/28/2026 10:53:48 - INFO - utils.trainer -   ***** Running evaluation on test dataset *****
07/28/2026 10:53:50 - INFO - utils.trainer -   Loss: 2.59446
07/28/2026 10:53:50 - INFO - utils.trainer -   AUC: 0.74334
07/28/2026 10:53:50 - INFO - utils.trainer -   Accuracy: 0.67018
07/28/2026 10:53:50 - INFO - utils.trainer -   Precision: 0.69825
07/28/2026 10:53:50 - INFO - utils.trainer -   Recall: 0.73920
07/28/2026 10:53:50 - INFO - utils.trainer -   F_score: 0.71814
07/28/2026 10:53:50 - INFO - utils.trainer -   Specificity: 0.00000
07/28/2026 10:53:50 - INFO - utils.trainer -   Sensitivity: 0.00000
07/28/2026 10:53:50 - INFO - utils.trainer -   Epoch: 13, Loss: 0.91184, Val loss: 2.49365, Test loss: 2.59446, Val Acc: 0.6727, Best val AUC: 0.7595, No improve: 3/10, Time: 7.9s
07/28/2026 10:53:57 - INFO - utils.trainer -   ***** Running evaluation on val dataset *****
07/28/2026 10:53:59 - INFO - utils.trainer -   Loss: 2.70783
07/28/2026 10:53:59 - INFO - utils.trainer -   AUC: 0.73362
07/28/2026 10:53:59 - INFO - utils.trainer -   Accuracy: 0.61719
07/28/2026 10:53:59 - INFO - utils.trainer -   Precision: 0.60162
07/28/2026 10:53:59 - INFO - utils.trainer -   Recall: 0.84441
07/28/2026 10:53:59 - INFO - utils.trainer -   F_score: 0.70263
07/28/2026 10:53:59 - INFO - utils.trainer -   Specificity: 0.00000
07/28/2026 10:53:59 - INFO - utils.trainer -   Sensitivity: 0.00000
07/28/2026 10:53:59 - INFO - utils.trainer -   ***** Running evaluation on test dataset *****
07/28/2026 10:54:01 - INFO - utils.trainer -   Loss: 2.54828
07/28/2026 10:54:01 - INFO - utils.trainer -   AUC: 0.75420
07/28/2026 10:54:01 - INFO - utils.trainer -   Accuracy: 0.63421
07/28/2026 10:54:01 - INFO - utils.trainer -   Precision: 0.62734
07/28/2026 10:54:01 - INFO - utils.trainer -   Recall: 0.87809
07/28/2026 10:54:01 - INFO - utils.trainer -   F_score: 0.73183
07/28/2026 10:54:01 - INFO - utils.trainer -   Specificity: 0.00000
07/28/2026 10:54:01 - INFO - utils.trainer -   Sensitivity: 0.00000
07/28/2026 10:54:01 - INFO - utils.trainer -   Epoch: 14, Loss: 0.73449, Val loss: 2.70783, Test loss: 2.54828, Val Acc: 0.6172, Best val AUC: 0.7595, No improve: 4/10, Time: 7.9s
07/28/2026 10:54:09 - INFO - utils.trainer -   ***** Running evaluation on val dataset *****
07/28/2026 10:54:11 - INFO - utils.trainer -   Loss: 2.68596
07/28/2026 10:54:11 - INFO - utils.trainer -   AUC: 0.75433
07/28/2026 10:54:11 - INFO - utils.trainer -   Accuracy: 0.69531
07/28/2026 10:54:11 - INFO - utils.trainer -   Precision: 0.75577
07/28/2026 10:54:11 - INFO - utils.trainer -   Recall: 0.63695
07/28/2026 10:54:11 - INFO - utils.trainer -   F_score: 0.69129
07/28/2026 10:54:11 - INFO - utils.trainer -   Specificity: 0.00000
07/28/2026 10:54:11 - INFO - utils.trainer -   Sensitivity: 0.00000
07/28/2026 10:54:11 - INFO - utils.trainer -   ***** Running evaluation on test dataset *****
07/28/2026 10:54:13 - INFO - utils.trainer -   Loss: 2.75801
07/28/2026 10:54:13 - INFO - utils.trainer -   AUC: 0.74026
07/28/2026 10:54:13 - INFO - utils.trainer -   Accuracy: 0.67281
07/28/2026 10:54:13 - INFO - utils.trainer -   Precision: 0.74510
07/28/2026 10:54:13 - INFO - utils.trainer -   Recall: 0.64506
07/28/2026 10:54:13 - INFO - utils.trainer -   F_score: 0.69148
07/28/2026 10:54:13 - INFO - utils.trainer -   Specificity: 0.00000
07/28/2026 10:54:13 - INFO - utils.trainer -   Sensitivity: 0.00000
07/28/2026 10:54:13 - INFO - utils.trainer -   Epoch: 15, Loss: 0.79947, Val loss: 2.68596, Test loss: 2.75801, Val Acc: 0.6953, Best val AUC: 0.7595, No improve: 5/10, Time: 7.6s
07/28/2026 10:54:20 - INFO - utils.trainer -   ***** Running evaluation on val dataset *****
07/28/2026 10:54:22 - INFO - utils.trainer -   Loss: 2.81111
07/28/2026 10:54:22 - INFO - utils.trainer -   AUC: 0.75099
07/28/2026 10:54:22 - INFO - utils.trainer -   Accuracy: 0.67448
07/28/2026 10:54:22 - INFO - utils.trainer -   Precision: 0.68114
07/28/2026 10:54:22 - INFO - utils.trainer -   Recall: 0.73744
07/28/2026 10:54:22 - INFO - utils.trainer -   F_score: 0.70817
07/28/2026 10:54:22 - INFO - utils.trainer -   Specificity: 0.00000
07/28/2026 10:54:22 - INFO - utils.trainer -   Sensitivity: 0.00000
07/28/2026 10:54:22 - INFO - utils.trainer -   ***** Running evaluation on test dataset *****
07/28/2026 10:54:24 - INFO - utils.trainer -   Loss: 2.87257
07/28/2026 10:54:24 - INFO - utils.trainer -   AUC: 0.73829
07/28/2026 10:54:24 - INFO - utils.trainer -   Accuracy: 0.66579
07/28/2026 10:54:24 - INFO - utils.trainer -   Precision: 0.69320
07/28/2026 10:54:24 - INFO - utils.trainer -   Recall: 0.73920
07/28/2026 10:54:24 - INFO - utils.trainer -   F_score: 0.71546
07/28/2026 10:54:24 - INFO - utils.trainer -   Specificity: 0.00000
07/28/2026 10:54:24 - INFO - utils.trainer -   Sensitivity: 0.00000
07/28/2026 10:54:24 - INFO - utils.trainer -   Epoch: 16, Loss: 0.76204, Val loss: 2.81111, Test loss: 2.87257, Val Acc: 0.6745, Best val AUC: 0.7595, No improve: 6/10, Time: 7.6s
07/28/2026 10:54:32 - INFO - utils.trainer -   ***** Running evaluation on val dataset *****
07/28/2026 10:54:34 - INFO - utils.trainer -   Loss: 2.84955
07/28/2026 10:54:34 - INFO - utils.trainer -   AUC: 0.75816
07/28/2026 10:54:34 - INFO - utils.trainer -   Accuracy: 0.69792
07/28/2026 10:54:34 - INFO - utils.trainer -   Precision: 0.78436
07/28/2026 10:54:34 - INFO - utils.trainer -   Recall: 0.60130
07/28/2026 10:54:34 - INFO - utils.trainer -   F_score: 0.68073
07/28/2026 10:54:34 - INFO - utils.trainer -   Specificity: 0.00000
07/28/2026 10:54:34 - INFO - utils.trainer -   Sensitivity: 0.00000
07/28/2026 10:54:34 - INFO - utils.trainer -   ***** Running evaluation on test dataset *****
07/28/2026 10:54:36 - INFO - utils.trainer -   Loss: 2.75813
07/28/2026 10:54:36 - INFO - utils.trainer -   AUC: 0.76425
07/28/2026 10:54:36 - INFO - utils.trainer -   Accuracy: 0.69912
07/28/2026 10:54:36 - INFO - utils.trainer -   Precision: 0.78085
07/28/2026 10:54:36 - INFO - utils.trainer -   Recall: 0.65432
07/28/2026 10:54:36 - INFO - utils.trainer -   F_score: 0.71201
07/28/2026 10:54:36 - INFO - utils.trainer -   Specificity: 0.00000
07/28/2026 10:54:36 - INFO - utils.trainer -   Sensitivity: 0.00000
07/28/2026 10:54:36 - INFO - utils.trainer -   Epoch: 17, Loss: 0.75273, Val loss: 2.84955, Test loss: 2.75813, Val Acc: 0.6979, Best val AUC: 0.7595, No improve: 7/10, Time: 7.6s
07/28/2026 10:54:44 - INFO - utils.trainer -   ***** Running evaluation on val dataset *****
07/28/2026 10:54:46 - INFO - utils.trainer -   Loss: 2.82277
07/28/2026 10:54:46 - INFO - utils.trainer -   AUC: 0.75353
07/28/2026 10:54:46 - INFO - utils.trainer -   Accuracy: 0.67622
07/28/2026 10:54:46 - INFO - utils.trainer -   Precision: 0.67479
07/28/2026 10:54:46 - INFO - utils.trainer -   Recall: 0.76337
07/28/2026 10:54:46 - INFO - utils.trainer -   F_score: 0.71635
07/28/2026 10:54:46 - INFO - utils.trainer -   Specificity: 0.00000
07/28/2026 10:54:46 - INFO - utils.trainer -   Sensitivity: 0.00000
07/28/2026 10:54:46 - INFO - utils.trainer -   ***** Running evaluation on test dataset *****
07/28/2026 10:54:48 - INFO - utils.trainer -   Loss: 2.75984
07/28/2026 10:54:48 - INFO - utils.trainer -   AUC: 0.75628
07/28/2026 10:54:48 - INFO - utils.trainer -   Accuracy: 0.67719
07/28/2026 10:54:48 - INFO - utils.trainer -   Precision: 0.68767
07/28/2026 10:54:48 - INFO - utils.trainer -   Recall: 0.79167
07/28/2026 10:54:48 - INFO - utils.trainer -   F_score: 0.73601
07/28/2026 10:54:48 - INFO - utils.trainer -   Specificity: 0.00000
07/28/2026 10:54:48 - INFO - utils.trainer -   Sensitivity: 0.00000
07/28/2026 10:54:48 - INFO - utils.trainer -   Epoch: 18, Loss: 0.69263, Val loss: 2.82277, Test loss: 2.75984, Val Acc: 0.6762, Best val AUC: 0.7595, No improve: 8/10, Time: 7.9s
07/28/2026 10:54:55 - INFO - utils.trainer -   ***** Running evaluation on val dataset *****
07/28/2026 10:54:57 - INFO - utils.trainer -   Loss: 2.70277
07/28/2026 10:54:57 - INFO - utils.trainer -   AUC: 0.74503
07/28/2026 10:54:57 - INFO - utils.trainer -   Accuracy: 0.67188
07/28/2026 10:54:57 - INFO - utils.trainer -   Precision: 0.67916
07/28/2026 10:54:57 - INFO - utils.trainer -   Recall: 0.73420
07/28/2026 10:54:57 - INFO - utils.trainer -   F_score: 0.70561
07/28/2026 10:54:57 - INFO - utils.trainer -   Specificity: 0.00000
07/28/2026 10:54:57 - INFO - utils.trainer -   Sensitivity: 0.00000
07/28/2026 10:54:57 - INFO - utils.trainer -   ***** Running evaluation on test dataset *****
07/28/2026 10:54:59 - INFO - utils.trainer -   Loss: 2.65693
07/28/2026 10:54:59 - INFO - utils.trainer -   AUC: 0.74714
07/28/2026 10:54:59 - INFO - utils.trainer -   Accuracy: 0.67807
07/28/2026 10:54:59 - INFO - utils.trainer -   Precision: 0.69650
07/28/2026 10:54:59 - INFO - utils.trainer -   Recall: 0.76852
07/28/2026 10:54:59 - INFO - utils.trainer -   F_score: 0.73074
07/28/2026 10:54:59 - INFO - utils.trainer -   Specificity: 0.00000
07/28/2026 10:54:59 - INFO - utils.trainer -   Sensitivity: 0.00000
07/28/2026 10:54:59 - INFO - utils.trainer -   Epoch: 19, Loss: 0.64361, Val loss: 2.70277, Test loss: 2.65693, Val Acc: 0.6719, Best val AUC: 0.7595, No improve: 9/10, Time: 7.7s
07/28/2026 10:55:07 - INFO - utils.trainer -   ***** Running evaluation on val dataset *****
07/28/2026 10:55:09 - INFO - utils.trainer -   Loss: 3.05895
07/28/2026 10:55:09 - INFO - utils.trainer -   AUC: 0.75787
07/28/2026 10:55:09 - INFO - utils.trainer -   Accuracy: 0.68316
07/28/2026 10:55:09 - INFO - utils.trainer -   Precision: 0.68750
07/28/2026 10:55:09 - INFO - utils.trainer -   Recall: 0.74878
07/28/2026 10:55:09 - INFO - utils.trainer -   F_score: 0.71683
07/28/2026 10:55:09 - INFO - utils.trainer -   Specificity: 0.00000
07/28/2026 10:55:09 - INFO - utils.trainer -   Sensitivity: 0.00000
07/28/2026 10:55:09 - INFO - utils.trainer -   ***** Running evaluation on test dataset *****
07/28/2026 10:55:11 - INFO - utils.trainer -   Loss: 3.00015
07/28/2026 10:55:11 - INFO - utils.trainer -   AUC: 0.76305
07/28/2026 10:55:11 - INFO - utils.trainer -   Accuracy: 0.69123
07/28/2026 10:55:11 - INFO - utils.trainer -   Precision: 0.69946
07/28/2026 10:55:11 - INFO - utils.trainer -   Recall: 0.80093
07/28/2026 10:55:11 - INFO - utils.trainer -   F_score: 0.74676
07/28/2026 10:55:11 - INFO - utils.trainer -   Specificity: 0.00000
07/28/2026 10:55:11 - INFO - utils.trainer -   Sensitivity: 0.00000
07/28/2026 10:55:11 - INFO - utils.trainer -   Epoch: 20, Loss: 0.66414, Val loss: 3.05895, Test loss: 3.00015, Val Acc: 0.6832, Best val AUC: 0.7595, No improve: 10/10, Time: 7.3s
07/28/2026 10:55:11 - INFO - utils.trainer -   Early stopping triggered at epoch 20
07/28/2026 10:55:11 - INFO - utils.trainer -   Early stopping triggered at epoch 20
07/28/2026 10:55:11 - INFO - utils.trainer -   Early stopping triggered at epoch 20
07/28/2026 10:55:11 - INFO - utils.trainer -   Early stopping triggered at epoch 20
07/28/2026 10:55:11 - INFO - utils.trainer -     7 keys not in checkpoint (kept from init)
07/28/2026 10:55:11 - INFO - utils.trainer -   Model loaded from output_dir/ALTER/ALTER-0.bin (26/26 keys)
07/28/2026 10:55:11 - INFO - utils.trainer -   === Best epoch test result ===
07/28/2026 10:55:11 - INFO - utils.trainer -     Loss: 2.16229
07/28/2026 10:55:11 - INFO - utils.trainer -     AUC: 0.75415
07/28/2026 10:55:11 - INFO - utils.trainer -     Accuracy: 0.68158
07/28/2026 10:55:11 - INFO - utils.trainer -     Precision: 0.69547
07/28/2026 10:55:11 - INFO - utils.trainer -     Recall: 0.78241
07/28/2026 10:55:11 - INFO - utils.trainer -     F_score: 0.73638
07/28/2026 10:55:11 - INFO - utils.trainer -     Specificity: 0.00000
07/28/2026 10:55:11 - INFO - utils.trainer -     Sensitivity: 0.00000
07/28/2026 10:55:11 - INFO - utils.trainer -   Model saved to output_dir/ALTER/final-epoch-200
07/28/2026 10:55:11 - INFO - utils.trainer -   Final model saved at epoch 200
