08/07/2026 13:57:45 - INFO - __main__ -   ########## Repeat:0 ##########
08/07/2026 13:57:45 - INFO - utils.trainer -   ***** Running training *****
08/07/2026 13:57:45 - INFO - utils.trainer -     Num examples = 44
08/07/2026 13:57:45 - INFO - utils.trainer -     Num Epochs = 200
08/07/2026 13:57:45 - INFO - utils.trainer -     Total train batch size = 2
08/07/2026 13:57:45 - INFO - utils.trainer -     warmup steps = 400
08/07/2026 13:57:45 - INFO - utils.trainer -     Total optimization steps = 8800
08/07/2026 13:57:45 - INFO - utils.trainer -     Save steps = 25
08/07/2026 13:58:00 - INFO - utils.trainer -   ***** Running evaluation on val dataset *****
08/07/2026 13:58:02 - INFO - utils.trainer -   Loss: 0.72623
08/07/2026 13:58:02 - INFO - utils.trainer -   AUC: 0.59686
08/07/2026 13:58:02 - INFO - utils.trainer -   Accuracy: 0.57018
08/07/2026 13:58:02 - INFO - utils.trainer -   Precision: 0.00000
08/07/2026 13:58:02 - INFO - utils.trainer -   Specificity: 1.00000
08/07/2026 13:58:02 - INFO - utils.trainer -   Sensitivity: 0.00000
08/07/2026 13:58:03 - INFO - utils.trainer -   Model saved to output_dir/TimeLLM_DiseaseDS_train
08/07/2026 13:58:03 - INFO - utils.trainer -   Best model saved (val_Loss=0.7262)
08/07/2026 13:58:03 - INFO - utils.trainer -   Epoch: 1, Loss: 0.85465, Val loss: 0.72623, Val Loss: 0.7262, Best val Loss: 0.7262, No improve: 0/25, Time: 15.5s
08/07/2026 13:58:18 - INFO - utils.trainer -   ***** Running evaluation on val dataset *****
08/07/2026 13:58:19 - INFO - utils.trainer -   Loss: 1.18631
08/07/2026 13:58:19 - INFO - utils.trainer -   AUC: 0.66876
08/07/2026 13:58:19 - INFO - utils.trainer -   Accuracy: 0.42982
08/07/2026 13:58:19 - INFO - utils.trainer -   Precision: 0.42982
08/07/2026 13:58:19 - INFO - utils.trainer -   Specificity: 0.00000
08/07/2026 13:58:19 - INFO - utils.trainer -   Sensitivity: 1.00000
08/07/2026 13:58:19 - INFO - utils.trainer -   Epoch: 2, Loss: 0.91448, Val loss: 1.18631, Val Loss: 1.1863, Best val Loss: 0.7262, No improve: 1/25, Time: 15.0s
08/07/2026 13:58:34 - INFO - utils.trainer -   ***** Running evaluation on val dataset *****
08/07/2026 13:58:36 - INFO - utils.trainer -   Loss: 0.69836
08/07/2026 13:58:36 - INFO - utils.trainer -   AUC: 0.51554
08/07/2026 13:58:36 - INFO - utils.trainer -   Accuracy: 0.57018
08/07/2026 13:58:36 - INFO - utils.trainer -   Precision: 0.50000
08/07/2026 13:58:36 - INFO - utils.trainer -   Specificity: 0.80000
08/07/2026 13:58:36 - INFO - utils.trainer -   Sensitivity: 0.26531
08/07/2026 13:58:37 - INFO - utils.trainer -   Model saved to output_dir/TimeLLM_DiseaseDS_train
08/07/2026 13:58:37 - INFO - utils.trainer -   Best model saved (val_Loss=0.6984)
08/07/2026 13:58:37 - INFO - utils.trainer -   Epoch: 3, Loss: 0.82001, Val loss: 0.69836, Val Loss: 0.6984, Best val Loss: 0.6984, No improve: 0/25, Time: 15.0s
08/07/2026 13:58:52 - INFO - utils.trainer -   ***** Running evaluation on val dataset *****
08/07/2026 13:58:54 - INFO - utils.trainer -   Loss: 0.68914
08/07/2026 13:58:54 - INFO - utils.trainer -   AUC: 0.60440
08/07/2026 13:58:54 - INFO - utils.trainer -   Accuracy: 0.57018
08/07/2026 13:58:54 - INFO - utils.trainer -   Precision: 0.00000
08/07/2026 13:58:54 - INFO - utils.trainer -   Specificity: 1.00000
08/07/2026 13:58:54 - INFO - utils.trainer -   Sensitivity: 0.00000
08/07/2026 13:58:55 - INFO - utils.trainer -   Model saved to output_dir/TimeLLM_DiseaseDS_train
08/07/2026 13:58:55 - INFO - utils.trainer -   Best model saved (val_Loss=0.6891)
08/07/2026 13:58:55 - INFO - utils.trainer -   Epoch: 4, Loss: 0.75263, Val loss: 0.68914, Val Loss: 0.6891, Best val Loss: 0.6891, No improve: 0/25, Time: 15.3s
08/07/2026 13:59:11 - INFO - utils.trainer -   ***** Running evaluation on val dataset *****
08/07/2026 13:59:12 - INFO - utils.trainer -   Loss: 0.85952
08/07/2026 13:59:12 - INFO - utils.trainer -   AUC: 0.56515
08/07/2026 13:59:12 - INFO - utils.trainer -   Accuracy: 0.57018
08/07/2026 13:59:12 - INFO - utils.trainer -   Precision: 0.00000
08/07/2026 13:59:12 - INFO - utils.trainer -   Specificity: 1.00000
08/07/2026 13:59:12 - INFO - utils.trainer -   Sensitivity: 0.00000
08/07/2026 13:59:12 - INFO - utils.trainer -   Epoch: 5, Loss: 0.84296, Val loss: 0.85952, Val Loss: 0.8595, Best val Loss: 0.6891, No improve: 1/25, Time: 15.6s
08/07/2026 13:59:27 - INFO - utils.trainer -   ***** Running evaluation on val dataset *****
08/07/2026 13:59:29 - INFO - utils.trainer -   Loss: 0.70083
08/07/2026 13:59:29 - INFO - utils.trainer -   AUC: 0.63548
08/07/2026 13:59:29 - INFO - utils.trainer -   Accuracy: 0.56140
08/07/2026 13:59:29 - INFO - utils.trainer -   Precision: 0.33333
08/07/2026 13:59:29 - INFO - utils.trainer -   Specificity: 0.96923
08/07/2026 13:59:29 - INFO - utils.trainer -   Sensitivity: 0.02041
08/07/2026 13:59:29 - INFO - utils.trainer -   Epoch: 6, Loss: 0.78126, Val loss: 0.70083, Val Loss: 0.7008, Best val Loss: 0.6891, No improve: 2/25, Time: 15.0s
08/07/2026 13:59:44 - INFO - utils.trainer -   ***** Running evaluation on val dataset *****
08/07/2026 13:59:46 - INFO - utils.trainer -   Loss: 0.73897
08/07/2026 13:59:46 - INFO - utils.trainer -   AUC: 0.64270
08/07/2026 13:59:46 - INFO - utils.trainer -   Accuracy: 0.42982
08/07/2026 13:59:46 - INFO - utils.trainer -   Precision: 0.42982
08/07/2026 13:59:46 - INFO - utils.trainer -   Specificity: 0.00000
08/07/2026 13:59:46 - INFO - utils.trainer -   Sensitivity: 1.00000
08/07/2026 13:59:46 - INFO - utils.trainer -   Epoch: 7, Loss: 0.76923, Val loss: 0.73897, Val Loss: 0.7390, Best val Loss: 0.6891, No improve: 3/25, Time: 15.1s
08/07/2026 14:00:01 - INFO - utils.trainer -   ***** Running evaluation on val dataset *****
08/07/2026 14:00:02 - INFO - utils.trainer -   Loss: 0.81761
08/07/2026 14:00:02 - INFO - utils.trainer -   AUC: 0.63705
08/07/2026 14:00:02 - INFO - utils.trainer -   Accuracy: 0.42982
08/07/2026 14:00:02 - INFO - utils.trainer -   Precision: 0.42982
08/07/2026 14:00:02 - INFO - utils.trainer -   Specificity: 0.00000
08/07/2026 14:00:02 - INFO - utils.trainer -   Sensitivity: 1.00000
08/07/2026 14:00:02 - INFO - utils.trainer -   Epoch: 8, Loss: 0.73439, Val loss: 0.81761, Val Loss: 0.8176, Best val Loss: 0.6891, No improve: 4/25, Time: 15.1s
08/07/2026 14:00:17 - INFO - utils.trainer -   ***** Running evaluation on val dataset *****
08/07/2026 14:00:19 - INFO - utils.trainer -   Loss: 0.69925
08/07/2026 14:00:19 - INFO - utils.trainer -   AUC: 0.57425
08/07/2026 14:00:19 - INFO - utils.trainer -   Accuracy: 0.42982
08/07/2026 14:00:19 - INFO - utils.trainer -   Precision: 0.42982
08/07/2026 14:00:19 - INFO - utils.trainer -   Specificity: 0.00000
08/07/2026 14:00:19 - INFO - utils.trainer -   Sensitivity: 1.00000
08/07/2026 14:00:19 - INFO - utils.trainer -   Epoch: 9, Loss: 0.66793, Val loss: 0.69925, Val Loss: 0.6993, Best val Loss: 0.6891, No improve: 5/25, Time: 15.0s
08/07/2026 14:00:34 - INFO - utils.trainer -   ***** Running evaluation on val dataset *****
08/07/2026 14:00:36 - INFO - utils.trainer -   Loss: 0.68523
08/07/2026 14:00:36 - INFO - utils.trainer -   AUC: 0.59812
08/07/2026 14:00:36 - INFO - utils.trainer -   Accuracy: 0.53509
08/07/2026 14:00:36 - INFO - utils.trainer -   Precision: 0.40909
08/07/2026 14:00:36 - INFO - utils.trainer -   Specificity: 0.80000
08/07/2026 14:00:36 - INFO - utils.trainer -   Sensitivity: 0.18367
08/07/2026 14:00:37 - INFO - utils.trainer -   Model saved to output_dir/TimeLLM_DiseaseDS_train
08/07/2026 14:00:37 - INFO - utils.trainer -   Best model saved (val_Loss=0.6852)
08/07/2026 14:00:37 - INFO - utils.trainer -   Epoch: 10, Loss: 0.76083, Val loss: 0.68523, Val Loss: 0.6852, Best val Loss: 0.6852, No improve: 0/25, Time: 15.0s
08/07/2026 14:00:52 - INFO - utils.trainer -   ***** Running evaluation on val dataset *****
08/07/2026 14:00:54 - INFO - utils.trainer -   Loss: 0.73314
08/07/2026 14:00:54 - INFO - utils.trainer -   AUC: 0.55730
08/07/2026 14:00:54 - INFO - utils.trainer -   Accuracy: 0.42982
08/07/2026 14:00:54 - INFO - utils.trainer -   Precision: 0.42982
08/07/2026 14:00:54 - INFO - utils.trainer -   Specificity: 0.00000
08/07/2026 14:00:54 - INFO - utils.trainer -   Sensitivity: 1.00000
08/07/2026 14:00:54 - INFO - utils.trainer -   Epoch: 11, Loss: 0.71814, Val loss: 0.73314, Val Loss: 0.7331, Best val Loss: 0.6852, No improve: 1/25, Time: 15.1s
08/07/2026 14:01:09 - INFO - utils.trainer -   ***** Running evaluation on val dataset *****
08/07/2026 14:01:10 - INFO - utils.trainer -   Loss: 0.69454
08/07/2026 14:01:10 - INFO - utils.trainer -   AUC: 0.53469
08/07/2026 14:01:10 - INFO - utils.trainer -   Accuracy: 0.59649
08/07/2026 14:01:10 - INFO - utils.trainer -   Precision: 0.71429
08/07/2026 14:01:10 - INFO - utils.trainer -   Specificity: 0.96923
08/07/2026 14:01:10 - INFO - utils.trainer -   Sensitivity: 0.10204
08/07/2026 14:01:10 - INFO - utils.trainer -   Epoch: 12, Loss: 0.72122, Val loss: 0.69454, Val Loss: 0.6945, Best val Loss: 0.6852, No improve: 2/25, Time: 15.1s
08/07/2026 14:01:25 - INFO - utils.trainer -   ***** Running evaluation on val dataset *****
08/07/2026 14:01:27 - INFO - utils.trainer -   Loss: 0.75970
08/07/2026 14:01:27 - INFO - utils.trainer -   AUC: 0.58210
08/07/2026 14:01:27 - INFO - utils.trainer -   Accuracy: 0.49123
08/07/2026 14:01:27 - INFO - utils.trainer -   Precision: 0.45631
08/07/2026 14:01:27 - INFO - utils.trainer -   Specificity: 0.13846
08/07/2026 14:01:27 - INFO - utils.trainer -   Sensitivity: 0.95918
08/07/2026 14:01:27 - INFO - utils.trainer -   Epoch: 13, Loss: 0.69945, Val loss: 0.75970, Val Loss: 0.7597, Best val Loss: 0.6852, No improve: 3/25, Time: 15.0s
08/07/2026 14:01:42 - INFO - utils.trainer -   ***** Running evaluation on val dataset *****
08/07/2026 14:01:44 - INFO - utils.trainer -   Loss: 0.92935
08/07/2026 14:01:44 - INFO - utils.trainer -   AUC: 0.58116
08/07/2026 14:01:44 - INFO - utils.trainer -   Accuracy: 0.42982
08/07/2026 14:01:44 - INFO - utils.trainer -   Precision: 0.42982
08/07/2026 14:01:44 - INFO - utils.trainer -   Specificity: 0.00000
08/07/2026 14:01:44 - INFO - utils.trainer -   Sensitivity: 1.00000
08/07/2026 14:01:44 - INFO - utils.trainer -   Epoch: 14, Loss: 0.91485, Val loss: 0.92935, Val Loss: 0.9293, Best val Loss: 0.6852, No improve: 4/25, Time: 15.0s
08/07/2026 14:01:59 - INFO - utils.trainer -   ***** Running evaluation on val dataset *****
08/07/2026 14:02:00 - INFO - utils.trainer -   Loss: 0.81104
08/07/2026 14:02:00 - INFO - utils.trainer -   AUC: 0.57363
08/07/2026 14:02:00 - INFO - utils.trainer -   Accuracy: 0.45614
08/07/2026 14:02:00 - INFO - utils.trainer -   Precision: 0.44144
08/07/2026 14:02:00 - INFO - utils.trainer -   Specificity: 0.04615
08/07/2026 14:02:00 - INFO - utils.trainer -   Sensitivity: 1.00000
08/07/2026 14:02:00 - INFO - utils.trainer -   Epoch: 15, Loss: 0.76385, Val loss: 0.81104, Val Loss: 0.8110, Best val Loss: 0.6852, No improve: 5/25, Time: 15.0s
08/07/2026 14:02:15 - INFO - utils.trainer -   ***** Running evaluation on val dataset *****
08/07/2026 14:02:17 - INFO - utils.trainer -   Loss: 0.75262
08/07/2026 14:02:17 - INFO - utils.trainer -   AUC: 0.61758
08/07/2026 14:02:17 - INFO - utils.trainer -   Accuracy: 0.50000
08/07/2026 14:02:17 - INFO - utils.trainer -   Precision: 0.45918
08/07/2026 14:02:17 - INFO - utils.trainer -   Specificity: 0.18462
08/07/2026 14:02:17 - INFO - utils.trainer -   Sensitivity: 0.91837
08/07/2026 14:02:17 - INFO - utils.trainer -   Epoch: 16, Loss: 0.62592, Val loss: 0.75262, Val Loss: 0.7526, Best val Loss: 0.6852, No improve: 6/25, Time: 15.0s
08/07/2026 14:02:32 - INFO - utils.trainer -   ***** Running evaluation on val dataset *****
08/07/2026 14:02:34 - INFO - utils.trainer -   Loss: 0.71182
08/07/2026 14:02:34 - INFO - utils.trainer -   AUC: 0.62826
08/07/2026 14:02:34 - INFO - utils.trainer -   Accuracy: 0.48246
08/07/2026 14:02:34 - INFO - utils.trainer -   Precision: 0.44681
08/07/2026 14:02:34 - INFO - utils.trainer -   Specificity: 0.20000
08/07/2026 14:02:34 - INFO - utils.trainer -   Sensitivity: 0.85714
08/07/2026 14:02:34 - INFO - utils.trainer -   Epoch: 17, Loss: 0.70416, Val loss: 0.71182, Val Loss: 0.7118, Best val Loss: 0.6852, No improve: 7/25, Time: 15.1s
08/07/2026 14:02:49 - INFO - utils.trainer -   ***** Running evaluation on val dataset *****
08/07/2026 14:02:51 - INFO - utils.trainer -   Loss: 0.67905
08/07/2026 14:02:51 - INFO - utils.trainer -   AUC: 0.61790
08/07/2026 14:02:51 - INFO - utils.trainer -   Accuracy: 0.56140
08/07/2026 14:02:51 - INFO - utils.trainer -   Precision: 0.48936
08/07/2026 14:02:51 - INFO - utils.trainer -   Specificity: 0.63077
08/07/2026 14:02:51 - INFO - utils.trainer -   Sensitivity: 0.46939
08/07/2026 14:02:52 - INFO - utils.trainer -   Model saved to output_dir/TimeLLM_DiseaseDS_train
08/07/2026 14:02:52 - INFO - utils.trainer -   Best model saved (val_Loss=0.6790)
08/07/2026 14:02:52 - INFO - utils.trainer -   Epoch: 18, Loss: 0.67137, Val loss: 0.67905, Val Loss: 0.6790, Best val Loss: 0.6790, No improve: 0/25, Time: 15.2s
08/07/2026 14:03:07 - INFO - utils.trainer -   ***** Running evaluation on val dataset *****
08/07/2026 14:03:08 - INFO - utils.trainer -   Loss: 0.67463
08/07/2026 14:03:08 - INFO - utils.trainer -   AUC: 0.65746
08/07/2026 14:03:08 - INFO - utils.trainer -   Accuracy: 0.65789
08/07/2026 14:03:08 - INFO - utils.trainer -   Precision: 0.59259
08/07/2026 14:03:08 - INFO - utils.trainer -   Specificity: 0.66154
08/07/2026 14:03:08 - INFO - utils.trainer -   Sensitivity: 0.65306
08/07/2026 14:03:09 - INFO - utils.trainer -   Model saved to output_dir/TimeLLM_DiseaseDS_train
08/07/2026 14:03:09 - INFO - utils.trainer -   Best model saved (val_Loss=0.6746)
08/07/2026 14:03:09 - INFO - utils.trainer -   Epoch: 19, Loss: 0.61003, Val loss: 0.67463, Val Loss: 0.6746, Best val Loss: 0.6746, No improve: 0/25, Time: 15.0s
08/07/2026 14:03:24 - INFO - utils.trainer -   ***** Running evaluation on val dataset *****
08/07/2026 14:03:26 - INFO - utils.trainer -   Loss: 0.70311
08/07/2026 14:03:26 - INFO - utils.trainer -   AUC: 0.63391
08/07/2026 14:03:26 - INFO - utils.trainer -   Accuracy: 0.55263
08/07/2026 14:03:26 - INFO - utils.trainer -   Precision: 0.48611
08/07/2026 14:03:26 - INFO - utils.trainer -   Specificity: 0.43077
08/07/2026 14:03:26 - INFO - utils.trainer -   Sensitivity: 0.71429
08/07/2026 14:03:26 - INFO - utils.trainer -   Epoch: 20, Loss: 0.64761, Val loss: 0.70311, Val Loss: 0.7031, Best val Loss: 0.6746, No improve: 1/25, Time: 15.1s
08/07/2026 14:03:41 - INFO - utils.trainer -   ***** Running evaluation on val dataset *****
08/07/2026 14:03:43 - INFO - utils.trainer -   Loss: 0.88680
08/07/2026 14:03:43 - INFO - utils.trainer -   AUC: 0.62355
08/07/2026 14:03:43 - INFO - utils.trainer -   Accuracy: 0.48246
08/07/2026 14:03:43 - INFO - utils.trainer -   Precision: 0.45000
08/07/2026 14:03:43 - INFO - utils.trainer -   Specificity: 0.15385
08/07/2026 14:03:43 - INFO - utils.trainer -   Sensitivity: 0.91837
08/07/2026 14:03:43 - INFO - utils.trainer -   Epoch: 21, Loss: 0.65094, Val loss: 0.88680, Val Loss: 0.8868, Best val Loss: 0.6746, No improve: 2/25, Time: 15.0s
08/07/2026 14:03:58 - INFO - utils.trainer -   ***** Running evaluation on val dataset *****
08/07/2026 14:03:59 - INFO - utils.trainer -   Loss: 0.70369
08/07/2026 14:03:59 - INFO - utils.trainer -   AUC: 0.63359
08/07/2026 14:03:59 - INFO - utils.trainer -   Accuracy: 0.62281
08/07/2026 14:03:59 - INFO - utils.trainer -   Precision: 0.57895
08/07/2026 14:03:59 - INFO - utils.trainer -   Specificity: 0.75385
08/07/2026 14:03:59 - INFO - utils.trainer -   Sensitivity: 0.44898
08/07/2026 14:03:59 - INFO - utils.trainer -   Epoch: 22, Loss: 0.50236, Val loss: 0.70369, Val Loss: 0.7037, Best val Loss: 0.6746, No improve: 3/25, Time: 15.0s
08/07/2026 14:04:14 - INFO - utils.trainer -   ***** Running evaluation on val dataset *****
08/07/2026 14:04:16 - INFO - utils.trainer -   Loss: 0.69829
08/07/2026 14:04:16 - INFO - utils.trainer -   AUC: 0.64615
08/07/2026 14:04:16 - INFO - utils.trainer -   Accuracy: 0.64035
08/07/2026 14:04:16 - INFO - utils.trainer -   Precision: 0.59091
08/07/2026 14:04:16 - INFO - utils.trainer -   Specificity: 0.72308
08/07/2026 14:04:16 - INFO - utils.trainer -   Sensitivity: 0.53061
08/07/2026 14:04:16 - INFO - utils.trainer -   Epoch: 23, Loss: 0.53125, Val loss: 0.69829, Val Loss: 0.6983, Best val Loss: 0.6746, No improve: 4/25, Time: 15.0s
08/07/2026 14:04:31 - INFO - utils.trainer -   ***** Running evaluation on val dataset *****
08/07/2026 14:04:33 - INFO - utils.trainer -   Loss: 0.74795
08/07/2026 14:04:33 - INFO - utils.trainer -   AUC: 0.63862
08/07/2026 14:04:33 - INFO - utils.trainer -   Accuracy: 0.59649
08/07/2026 14:04:33 - INFO - utils.trainer -   Precision: 0.52941
08/07/2026 14:04:33 - INFO - utils.trainer -   Specificity: 0.63077
08/07/2026 14:04:33 - INFO - utils.trainer -   Sensitivity: 0.55102
08/07/2026 14:04:33 - INFO - utils.trainer -   Epoch: 24, Loss: 0.51284, Val loss: 0.74795, Val Loss: 0.7479, Best val Loss: 0.6746, No improve: 5/25, Time: 15.0s
08/07/2026 14:04:48 - INFO - utils.trainer -   ***** Running evaluation on val dataset *****
08/07/2026 14:04:50 - INFO - utils.trainer -   Loss: 0.81654
08/07/2026 14:04:50 - INFO - utils.trainer -   AUC: 0.65714
08/07/2026 14:04:50 - INFO - utils.trainer -   Accuracy: 0.58772
08/07/2026 14:04:50 - INFO - utils.trainer -   Precision: 0.54545
08/07/2026 14:04:50 - INFO - utils.trainer -   Specificity: 0.84615
08/07/2026 14:04:50 - INFO - utils.trainer -   Sensitivity: 0.24490
08/07/2026 14:04:51 - INFO - utils.trainer -   Model saved to output_dir/TimeLLM_DiseaseDS_train/checkpoint-epoch-25
08/07/2026 14:04:51 - INFO - utils.trainer -   Checkpoint saved at epoch 25
08/07/2026 14:04:51 - INFO - utils.trainer -   Epoch: 25, Loss: 0.68506, Val loss: 0.81654, Val Loss: 0.8165, Best val Loss: 0.6746, No improve: 6/25, Time: 15.0s
08/07/2026 14:05:06 - INFO - utils.trainer -   ***** Running evaluation on val dataset *****
08/07/2026 14:05:08 - INFO - utils.trainer -   Loss: 0.67506
08/07/2026 14:05:08 - INFO - utils.trainer -   AUC: 0.67002
08/07/2026 14:05:08 - INFO - utils.trainer -   Accuracy: 0.61404
08/07/2026 14:05:08 - INFO - utils.trainer -   Precision: 0.56757
08/07/2026 14:05:08 - INFO - utils.trainer -   Specificity: 0.75385
08/07/2026 14:05:08 - INFO - utils.trainer -   Sensitivity: 0.42857
08/07/2026 14:05:08 - INFO - utils.trainer -   Epoch: 26, Loss: 0.48698, Val loss: 0.67506, Val Loss: 0.6751, Best val Loss: 0.6746, No improve: 7/25, Time: 15.1s
08/07/2026 14:05:23 - INFO - utils.trainer -   ***** Running evaluation on val dataset *****
08/07/2026 14:05:24 - INFO - utils.trainer -   Loss: 0.85444
08/07/2026 14:05:24 - INFO - utils.trainer -   AUC: 0.64490
08/07/2026 14:05:24 - INFO - utils.trainer -   Accuracy: 0.61404
08/07/2026 14:05:24 - INFO - utils.trainer -   Precision: 0.56098
08/07/2026 14:05:24 - INFO - utils.trainer -   Specificity: 0.72308
08/07/2026 14:05:24 - INFO - utils.trainer -   Sensitivity: 0.46939
08/07/2026 14:05:24 - INFO - utils.trainer -   Epoch: 27, Loss: 0.51326, Val loss: 0.85444, Val Loss: 0.8544, Best val Loss: 0.6746, No improve: 8/25, Time: 15.0s
08/07/2026 14:05:39 - INFO - utils.trainer -   ***** Running evaluation on val dataset *****
08/07/2026 14:05:41 - INFO - utils.trainer -   Loss: 0.86797
08/07/2026 14:05:41 - INFO - utils.trainer -   AUC: 0.58838
08/07/2026 14:05:41 - INFO - utils.trainer -   Accuracy: 0.59649
08/07/2026 14:05:41 - INFO - utils.trainer -   Precision: 0.53846
08/07/2026 14:05:41 - INFO - utils.trainer -   Specificity: 0.72308
08/07/2026 14:05:41 - INFO - utils.trainer -   Sensitivity: 0.42857
08/07/2026 14:05:41 - INFO - utils.trainer -   Epoch: 28, Loss: 0.38209, Val loss: 0.86797, Val Loss: 0.8680, Best val Loss: 0.6746, No improve: 9/25, Time: 15.0s
08/07/2026 14:05:56 - INFO - utils.trainer -   ***** Running evaluation on val dataset *****
08/07/2026 14:05:58 - INFO - utils.trainer -   Loss: 0.84042
08/07/2026 14:05:58 - INFO - utils.trainer -   AUC: 0.65181
08/07/2026 14:05:58 - INFO - utils.trainer -   Accuracy: 0.59649
08/07/2026 14:05:58 - INFO - utils.trainer -   Precision: 0.54839
08/07/2026 14:05:58 - INFO - utils.trainer -   Specificity: 0.78462
08/07/2026 14:05:58 - INFO - utils.trainer -   Sensitivity: 0.34694
08/07/2026 14:05:58 - INFO - utils.trainer -   Epoch: 29, Loss: 0.35502, Val loss: 0.84042, Val Loss: 0.8404, Best val Loss: 0.6746, No improve: 10/25, Time: 15.0s
08/07/2026 14:06:13 - INFO - utils.trainer -   ***** Running evaluation on val dataset *****
08/07/2026 14:06:14 - INFO - utils.trainer -   Loss: 1.18375
08/07/2026 14:06:14 - INFO - utils.trainer -   AUC: 0.64835
08/07/2026 14:06:14 - INFO - utils.trainer -   Accuracy: 0.60526
08/07/2026 14:06:14 - INFO - utils.trainer -   Precision: 0.64286
08/07/2026 14:06:14 - INFO - utils.trainer -   Specificity: 0.92308
08/07/2026 14:06:14 - INFO - utils.trainer -   Sensitivity: 0.18367
08/07/2026 14:06:14 - INFO - utils.trainer -   Epoch: 30, Loss: 0.44181, Val loss: 1.18375, Val Loss: 1.1837, Best val Loss: 0.6746, No improve: 11/25, Time: 15.1s
08/07/2026 14:06:29 - INFO - utils.trainer -   ***** Running evaluation on val dataset *****
08/07/2026 14:06:31 - INFO - utils.trainer -   Loss: 1.14193
08/07/2026 14:06:31 - INFO - utils.trainer -   AUC: 0.63171
08/07/2026 14:06:31 - INFO - utils.trainer -   Accuracy: 0.57895
08/07/2026 14:06:31 - INFO - utils.trainer -   Precision: 0.50649
08/07/2026 14:06:31 - INFO - utils.trainer -   Specificity: 0.41538
08/07/2026 14:06:31 - INFO - utils.trainer -   Sensitivity: 0.79592
08/07/2026 14:06:31 - INFO - utils.trainer -   Epoch: 31, Loss: 0.47293, Val loss: 1.14193, Val Loss: 1.1419, Best val Loss: 0.6746, No improve: 12/25, Time: 15.0s
08/07/2026 14:06:46 - INFO - utils.trainer -   ***** Running evaluation on val dataset *****
08/07/2026 14:06:48 - INFO - utils.trainer -   Loss: 0.85372
08/07/2026 14:06:48 - INFO - utils.trainer -   AUC: 0.65055
08/07/2026 14:06:48 - INFO - utils.trainer -   Accuracy: 0.64912
08/07/2026 14:06:48 - INFO - utils.trainer -   Precision: 0.58491
08/07/2026 14:06:48 - INFO - utils.trainer -   Specificity: 0.66154
08/07/2026 14:06:48 - INFO - utils.trainer -   Sensitivity: 0.63265
08/07/2026 14:06:48 - INFO - utils.trainer -   Epoch: 32, Loss: 0.40079, Val loss: 0.85372, Val Loss: 0.8537, Best val Loss: 0.6746, No improve: 13/25, Time: 15.0s
08/07/2026 14:07:03 - INFO - utils.trainer -   ***** Running evaluation on val dataset *****
08/07/2026 14:07:05 - INFO - utils.trainer -   Loss: 0.97587
08/07/2026 14:07:05 - INFO - utils.trainer -   AUC: 0.62323
08/07/2026 14:07:05 - INFO - utils.trainer -   Accuracy: 0.58772
08/07/2026 14:07:05 - INFO - utils.trainer -   Precision: 0.52500
08/07/2026 14:07:05 - INFO - utils.trainer -   Specificity: 0.70769
08/07/2026 14:07:05 - INFO - utils.trainer -   Sensitivity: 0.42857
08/07/2026 14:07:05 - INFO - utils.trainer -   Epoch: 33, Loss: 0.44568, Val loss: 0.97587, Val Loss: 0.9759, Best val Loss: 0.6746, No improve: 14/25, Time: 15.0s
08/07/2026 14:07:20 - INFO - utils.trainer -   ***** Running evaluation on val dataset *****
08/07/2026 14:07:21 - INFO - utils.trainer -   Loss: 1.05927
08/07/2026 14:07:21 - INFO - utils.trainer -   AUC: 0.61162
08/07/2026 14:07:21 - INFO - utils.trainer -   Accuracy: 0.57895
08/07/2026 14:07:21 - INFO - utils.trainer -   Precision: 0.51351
08/07/2026 14:07:21 - INFO - utils.trainer -   Specificity: 0.72308
08/07/2026 14:07:21 - INFO - utils.trainer -   Sensitivity: 0.38776
08/07/2026 14:07:21 - INFO - utils.trainer -   Epoch: 34, Loss: 0.35754, Val loss: 1.05927, Val Loss: 1.0593, Best val Loss: 0.6746, No improve: 15/25, Time: 15.0s
08/07/2026 14:07:36 - INFO - utils.trainer -   ***** Running evaluation on val dataset *****
08/07/2026 14:07:38 - INFO - utils.trainer -   Loss: 0.99123
08/07/2026 14:07:38 - INFO - utils.trainer -   AUC: 0.63171
08/07/2026 14:07:38 - INFO - utils.trainer -   Accuracy: 0.61404
08/07/2026 14:07:38 - INFO - utils.trainer -   Precision: 0.54717
08/07/2026 14:07:38 - INFO - utils.trainer -   Specificity: 0.63077
08/07/2026 14:07:38 - INFO - utils.trainer -   Sensitivity: 0.59184
08/07/2026 14:07:38 - INFO - utils.trainer -   Epoch: 35, Loss: 0.30846, Val loss: 0.99123, Val Loss: 0.9912, Best val Loss: 0.6746, No improve: 16/25, Time: 15.1s
08/07/2026 14:07:53 - INFO - utils.trainer -   ***** Running evaluation on val dataset *****
08/07/2026 14:07:55 - INFO - utils.trainer -   Loss: 1.12762
08/07/2026 14:07:55 - INFO - utils.trainer -   AUC: 0.59403
08/07/2026 14:07:55 - INFO - utils.trainer -   Accuracy: 0.57018
08/07/2026 14:07:55 - INFO - utils.trainer -   Precision: 0.50000
08/07/2026 14:07:55 - INFO - utils.trainer -   Specificity: 0.55385
08/07/2026 14:07:55 - INFO - utils.trainer -   Sensitivity: 0.59184
08/07/2026 14:07:55 - INFO - utils.trainer -   Epoch: 36, Loss: 0.41699, Val loss: 1.12762, Val Loss: 1.1276, Best val Loss: 0.6746, No improve: 17/25, Time: 15.1s
08/07/2026 14:08:10 - INFO - utils.trainer -   ***** Running evaluation on val dataset *****
08/07/2026 14:08:11 - INFO - utils.trainer -   Loss: 1.02237
08/07/2026 14:08:11 - INFO - utils.trainer -   AUC: 0.64333
08/07/2026 14:08:11 - INFO - utils.trainer -   Accuracy: 0.57895
08/07/2026 14:08:11 - INFO - utils.trainer -   Precision: 0.51020
08/07/2026 14:08:11 - INFO - utils.trainer -   Specificity: 0.63077
08/07/2026 14:08:11 - INFO - utils.trainer -   Sensitivity: 0.51020
08/07/2026 14:08:11 - INFO - utils.trainer -   Epoch: 37, Loss: 0.42474, Val loss: 1.02237, Val Loss: 1.0224, Best val Loss: 0.6746, No improve: 18/25, Time: 15.1s
08/07/2026 14:08:26 - INFO - utils.trainer -   ***** Running evaluation on val dataset *****
08/07/2026 14:08:28 - INFO - utils.trainer -   Loss: 1.11824
08/07/2026 14:08:28 - INFO - utils.trainer -   AUC: 0.62700
08/07/2026 14:08:28 - INFO - utils.trainer -   Accuracy: 0.57018
08/07/2026 14:08:28 - INFO - utils.trainer -   Precision: 0.50000
08/07/2026 14:08:28 - INFO - utils.trainer -   Specificity: 0.69231
08/07/2026 14:08:28 - INFO - utils.trainer -   Sensitivity: 0.40816
08/07/2026 14:08:28 - INFO - utils.trainer -   Epoch: 38, Loss: 0.30142, Val loss: 1.11824, Val Loss: 1.1182, Best val Loss: 0.6746, No improve: 19/25, Time: 15.0s
08/07/2026 14:08:43 - INFO - utils.trainer -   ***** Running evaluation on val dataset *****
08/07/2026 14:08:45 - INFO - utils.trainer -   Loss: 1.06981
08/07/2026 14:08:45 - INFO - utils.trainer -   AUC: 0.64427
08/07/2026 14:08:45 - INFO - utils.trainer -   Accuracy: 0.63158
08/07/2026 14:08:45 - INFO - utils.trainer -   Precision: 0.58974
08/07/2026 14:08:45 - INFO - utils.trainer -   Specificity: 0.75385
08/07/2026 14:08:45 - INFO - utils.trainer -   Sensitivity: 0.46939
08/07/2026 14:08:45 - INFO - utils.trainer -   Epoch: 39, Loss: 0.22481, Val loss: 1.06981, Val Loss: 1.0698, Best val Loss: 0.6746, No improve: 20/25, Time: 15.0s
08/07/2026 14:09:00 - INFO - utils.trainer -   ***** Running evaluation on val dataset *****
08/07/2026 14:09:01 - INFO - utils.trainer -   Loss: 1.17170
08/07/2026 14:09:01 - INFO - utils.trainer -   AUC: 0.64082
08/07/2026 14:09:01 - INFO - utils.trainer -   Accuracy: 0.59649
08/07/2026 14:09:01 - INFO - utils.trainer -   Precision: 0.53488
08/07/2026 14:09:01 - INFO - utils.trainer -   Specificity: 0.69231
08/07/2026 14:09:01 - INFO - utils.trainer -   Sensitivity: 0.46939
08/07/2026 14:09:01 - INFO - utils.trainer -   Epoch: 40, Loss: 0.23096, Val loss: 1.17170, Val Loss: 1.1717, Best val Loss: 0.6746, No improve: 21/25, Time: 15.0s
08/07/2026 14:09:17 - INFO - utils.trainer -   ***** Running evaluation on val dataset *****
08/07/2026 14:09:18 - INFO - utils.trainer -   Loss: 1.32929
08/07/2026 14:09:18 - INFO - utils.trainer -   AUC: 0.61915
08/07/2026 14:09:18 - INFO - utils.trainer -   Accuracy: 0.58772
08/07/2026 14:09:18 - INFO - utils.trainer -   Precision: 0.53125
08/07/2026 14:09:18 - INFO - utils.trainer -   Specificity: 0.76923
08/07/2026 14:09:18 - INFO - utils.trainer -   Sensitivity: 0.34694
08/07/2026 14:09:18 - INFO - utils.trainer -   Epoch: 41, Loss: 0.33698, Val loss: 1.32929, Val Loss: 1.3293, Best val Loss: 0.6746, No improve: 22/25, Time: 15.1s
08/07/2026 14:09:33 - INFO - utils.trainer -   ***** Running evaluation on val dataset *****
08/07/2026 14:09:35 - INFO - utils.trainer -   Loss: 1.38896
08/07/2026 14:09:35 - INFO - utils.trainer -   AUC: 0.61601
08/07/2026 14:09:35 - INFO - utils.trainer -   Accuracy: 0.58772
08/07/2026 14:09:35 - INFO - utils.trainer -   Precision: 0.51515
08/07/2026 14:09:35 - INFO - utils.trainer -   Specificity: 0.50769
08/07/2026 14:09:35 - INFO - utils.trainer -   Sensitivity: 0.69388
08/07/2026 14:09:35 - INFO - utils.trainer -   Epoch: 42, Loss: 0.34938, Val loss: 1.38896, Val Loss: 1.3890, Best val Loss: 0.6746, No improve: 23/25, Time: 15.0s
08/07/2026 14:09:50 - INFO - utils.trainer -   ***** Running evaluation on val dataset *****
08/07/2026 14:09:52 - INFO - utils.trainer -   Loss: 1.36100
08/07/2026 14:09:52 - INFO - utils.trainer -   AUC: 0.64553
08/07/2026 14:09:52 - INFO - utils.trainer -   Accuracy: 0.57895
08/07/2026 14:09:52 - INFO - utils.trainer -   Precision: 0.50943
08/07/2026 14:09:52 - INFO - utils.trainer -   Specificity: 0.60000
08/07/2026 14:09:52 - INFO - utils.trainer -   Sensitivity: 0.55102
08/07/2026 14:09:52 - INFO - utils.trainer -   Epoch: 43, Loss: 0.35225, Val loss: 1.36100, Val Loss: 1.3610, Best val Loss: 0.6746, No improve: 24/25, Time: 15.0s
08/07/2026 14:10:07 - INFO - utils.trainer -   ***** Running evaluation on val dataset *****
08/07/2026 14:10:08 - INFO - utils.trainer -   Loss: 1.41452
08/07/2026 14:10:08 - INFO - utils.trainer -   AUC: 0.63925
08/07/2026 14:10:08 - INFO - utils.trainer -   Accuracy: 0.59649
08/07/2026 14:10:08 - INFO - utils.trainer -   Precision: 0.53488
08/07/2026 14:10:08 - INFO - utils.trainer -   Specificity: 0.69231
08/07/2026 14:10:08 - INFO - utils.trainer -   Sensitivity: 0.46939
08/07/2026 14:10:08 - INFO - utils.trainer -   Epoch: 44, Loss: 0.26717, Val loss: 1.41452, Val Loss: 1.4145, Best val Loss: 0.6746, No improve: 25/25, Time: 15.0s
08/07/2026 14:10:08 - INFO - utils.trainer -   Early stopping triggered at epoch 44
08/07/2026 14:10:08 - INFO - utils.trainer -   Early stopping triggered at epoch 44
08/07/2026 14:10:08 - INFO - utils.trainer -   Early stopping triggered at epoch 44
08/07/2026 14:10:08 - INFO - utils.trainer -   Early stopping triggered at epoch 44
08/07/2026 14:10:08 - INFO - utils.trainer -   Early stopping triggered at epoch 44
08/07/2026 14:10:08 - INFO - utils.trainer -   Early stopping triggered at epoch 44
08/07/2026 14:10:09 - INFO - utils.trainer -     2 prompt-buffer key(s) skipped (kept target-dataset prompt)
08/07/2026 14:10:09 - INFO - utils.trainer -     582 keys not in checkpoint (kept from init)
08/07/2026 14:10:09 - INFO - utils.trainer -   Model loaded from output_dir/TimeLLM_DiseaseDS_train/TimeLLM-0.bin (21/23 keys)
08/07/2026 14:10:09 - INFO - utils.trainer -   ***** Running evaluation on test dataset *****
08/07/2026 14:10:09 - INFO - utils.trainer -     2 prompt-buffer key(s) skipped (kept target-dataset prompt)
08/07/2026 14:10:09 - INFO - utils.trainer -     582 keys not in checkpoint (kept from init)
08/07/2026 14:10:09 - INFO - utils.trainer -   Model loaded from output_dir/TimeLLM_DiseaseDS_train/TimeLLM-0.bin (21/23 keys)
08/07/2026 14:10:09 - INFO - utils.trainer -     2 prompt-buffer key(s) skipped (kept target-dataset prompt)
08/07/2026 14:10:09 - INFO - utils.trainer -     582 keys not in checkpoint (kept from init)
08/07/2026 14:10:09 - INFO - utils.trainer -   Model loaded from output_dir/TimeLLM_DiseaseDS_train/TimeLLM-0.bin (21/23 keys)
08/07/2026 14:10:09 - INFO - utils.trainer -     2 prompt-buffer key(s) skipped (kept target-dataset prompt)
08/07/2026 14:10:09 - INFO - utils.trainer -     582 keys not in checkpoint (kept from init)
08/07/2026 14:10:09 - INFO - utils.trainer -   Model loaded from output_dir/TimeLLM_DiseaseDS_train/TimeLLM-0.bin (21/23 keys)
08/07/2026 14:10:09 - INFO - utils.trainer -     2 prompt-buffer key(s) skipped (kept target-dataset prompt)
08/07/2026 14:10:09 - INFO - utils.trainer -     582 keys not in checkpoint (kept from init)
08/07/2026 14:10:09 - INFO - utils.trainer -   Model loaded from output_dir/TimeLLM_DiseaseDS_train/TimeLLM-0.bin (21/23 keys)
08/07/2026 14:10:09 - INFO - utils.trainer -     2 prompt-buffer key(s) skipped (kept target-dataset prompt)
08/07/2026 14:10:09 - INFO - utils.trainer -     582 keys not in checkpoint (kept from init)
08/07/2026 14:10:09 - INFO - utils.trainer -   Model loaded from output_dir/TimeLLM_DiseaseDS_train/TimeLLM-0.bin (21/23 keys)
08/07/2026 14:10:10 - INFO - utils.trainer -   Loss: 0.73184
08/07/2026 14:10:10 - INFO - utils.trainer -   AUC: 0.55769
08/07/2026 14:10:10 - INFO - utils.trainer -   Accuracy: 0.56818
08/07/2026 14:10:10 - INFO - utils.trainer -   Precision: 0.64384
08/07/2026 14:10:10 - INFO - utils.trainer -   Specificity: 0.51852
08/07/2026 14:10:10 - INFO - utils.trainer -   Sensitivity: 0.60256
08/07/2026 14:10:10 - INFO - utils.trainer -   === Best epoch test result ===
08/07/2026 14:10:10 - INFO - utils.trainer -     Loss: 0.73184
08/07/2026 14:10:10 - INFO - utils.trainer -     AUC: 0.55769
08/07/2026 14:10:10 - INFO - utils.trainer -     Accuracy: 0.56818
08/07/2026 14:10:10 - INFO - utils.trainer -     Precision: 0.64384
08/07/2026 14:10:10 - INFO - utils.trainer -     Specificity: 0.51852
08/07/2026 14:10:10 - INFO - utils.trainer -     Sensitivity: 0.60256
08/07/2026 14:10:11 - INFO - utils.trainer -   Model saved to output_dir/TimeLLM_DiseaseDS_train/final-epoch-200
08/07/2026 14:10:11 - INFO - utils.trainer -   Final model saved at epoch 200
