08/07/2026 17:30:03 - INFO - __main__ -   ########## Repeat:0 ##########
08/07/2026 17:30:03 - INFO - utils.trainer -   ***** Running training *****
08/07/2026 17:30:03 - INFO - utils.trainer -     Num examples = 639
08/07/2026 17:30:03 - INFO - utils.trainer -     Num Epochs = 200
08/07/2026 17:30:03 - INFO - utils.trainer -     Total train batch size = 2
08/07/2026 17:30:03 - INFO - utils.trainer -     warmup steps = 400
08/07/2026 17:30:03 - INFO - utils.trainer -     Total optimization steps = 127800
08/07/2026 17:30:03 - INFO - utils.trainer -     Save steps = 25
08/07/2026 17:33:27 - INFO - utils.trainer -   ***** Running multi-output regression evaluation on val0 dataset *****
08/07/2026 17:33:47 - INFO - utils.trainer -   Loss: 0.02277
08/07/2026 17:33:47 - INFO - utils.trainer -   MSE: 0.02277
08/07/2026 17:33:47 - INFO - utils.trainer -   MAE: 0.11067
08/07/2026 17:33:47 - INFO - utils.trainer -   RMSE: 0.15088
08/07/2026 17:33:47 - INFO - utils.trainer -   PearsonR_mean: 0.88366
08/07/2026 17:33:48 - INFO - utils.trainer -   Model saved to output_dir/TimeLLM_FutureFCCAUEEG_train
08/07/2026 17:33:48 - INFO - utils.trainer -   Best model saved (val_Loss=0.0228)
08/07/2026 17:33:48 - INFO - utils.trainer -   Epoch: 1, Loss: 0.11214, Val loss: 0.02277, Val Loss: 0.0228, Best val Loss: 0.0228, No improve: 0/10, Time: 204.3s
08/07/2026 17:37:11 - INFO - utils.trainer -   ***** Running multi-output regression evaluation on val0 dataset *****
08/07/2026 17:37:31 - INFO - utils.trainer -   Loss: 0.01630
08/07/2026 17:37:31 - INFO - utils.trainer -   MSE: 0.01630
08/07/2026 17:37:31 - INFO - utils.trainer -   MAE: 0.09307
08/07/2026 17:37:31 - INFO - utils.trainer -   RMSE: 0.12766
08/07/2026 17:37:31 - INFO - utils.trainer -   PearsonR_mean: 0.91685
08/07/2026 17:37:32 - INFO - utils.trainer -   Model saved to output_dir/TimeLLM_FutureFCCAUEEG_train
08/07/2026 17:37:32 - INFO - utils.trainer -   Best model saved (val_Loss=0.0163)
08/07/2026 17:37:32 - INFO - utils.trainer -   Epoch: 2, Loss: 0.02125, Val loss: 0.01630, Val Loss: 0.0163, Best val Loss: 0.0163, No improve: 0/10, Time: 202.9s
08/07/2026 17:40:55 - INFO - utils.trainer -   ***** Running multi-output regression evaluation on val0 dataset *****
08/07/2026 17:41:15 - INFO - utils.trainer -   Loss: 0.01375
08/07/2026 17:41:15 - INFO - utils.trainer -   MSE: 0.01375
08/07/2026 17:41:15 - INFO - utils.trainer -   MAE: 0.08519
08/07/2026 17:41:15 - INFO - utils.trainer -   RMSE: 0.11726
08/07/2026 17:41:15 - INFO - utils.trainer -   PearsonR_mean: 0.92839
08/07/2026 17:41:16 - INFO - utils.trainer -   Model saved to output_dir/TimeLLM_FutureFCCAUEEG_train
08/07/2026 17:41:16 - INFO - utils.trainer -   Best model saved (val_Loss=0.0137)
08/07/2026 17:41:16 - INFO - utils.trainer -   Epoch: 3, Loss: 0.01756, Val loss: 0.01375, Val Loss: 0.0137, Best val Loss: 0.0137, No improve: 0/10, Time: 202.9s
08/07/2026 17:44:38 - INFO - utils.trainer -   ***** Running multi-output regression evaluation on val0 dataset *****
08/07/2026 17:44:58 - INFO - utils.trainer -   Loss: 0.01193
08/07/2026 17:44:58 - INFO - utils.trainer -   MSE: 0.01193
08/07/2026 17:44:58 - INFO - utils.trainer -   MAE: 0.07944
08/07/2026 17:44:58 - INFO - utils.trainer -   RMSE: 0.10924
08/07/2026 17:44:58 - INFO - utils.trainer -   PearsonR_mean: 0.93832
08/07/2026 17:44:59 - INFO - utils.trainer -   Model saved to output_dir/TimeLLM_FutureFCCAUEEG_train
08/07/2026 17:44:59 - INFO - utils.trainer -   Best model saved (val_Loss=0.0119)
08/07/2026 17:44:59 - INFO - utils.trainer -   Epoch: 4, Loss: 0.01501, Val loss: 0.01193, Val Loss: 0.0119, Best val Loss: 0.0119, No improve: 0/10, Time: 202.7s
08/07/2026 17:48:21 - INFO - utils.trainer -   ***** Running multi-output regression evaluation on val0 dataset *****
08/07/2026 17:48:41 - INFO - utils.trainer -   Loss: 0.01068
08/07/2026 17:48:41 - INFO - utils.trainer -   MSE: 0.01068
08/07/2026 17:48:41 - INFO - utils.trainer -   MAE: 0.07451
08/07/2026 17:48:41 - INFO - utils.trainer -   RMSE: 0.10336
08/07/2026 17:48:41 - INFO - utils.trainer -   PearsonR_mean: 0.94412
08/07/2026 17:48:42 - INFO - utils.trainer -   Model saved to output_dir/TimeLLM_FutureFCCAUEEG_train
08/07/2026 17:48:42 - INFO - utils.trainer -   Best model saved (val_Loss=0.0107)
08/07/2026 17:48:42 - INFO - utils.trainer -   Epoch: 5, Loss: 0.01296, Val loss: 0.01068, Val Loss: 0.0107, Best val Loss: 0.0107, No improve: 0/10, Time: 202.2s
08/07/2026 17:52:05 - INFO - utils.trainer -   ***** Running multi-output regression evaluation on val0 dataset *****
08/07/2026 17:52:25 - INFO - utils.trainer -   Loss: 0.00977
08/07/2026 17:52:25 - INFO - utils.trainer -   MSE: 0.00977
08/07/2026 17:52:25 - INFO - utils.trainer -   MAE: 0.07184
08/07/2026 17:52:25 - INFO - utils.trainer -   RMSE: 0.09884
08/07/2026 17:52:25 - INFO - utils.trainer -   PearsonR_mean: 0.94951
08/07/2026 17:52:25 - INFO - utils.trainer -   Epoch: 6, Loss: 0.01247, Val loss: 0.00977, Val Loss: 0.0098, Best val Loss: 0.0107, No improve: 1/10, Time: 203.0s
08/07/2026 17:55:50 - INFO - utils.trainer -   ***** Running multi-output regression evaluation on val0 dataset *****
08/07/2026 17:56:10 - INFO - utils.trainer -   Loss: 0.00900
08/07/2026 17:56:10 - INFO - utils.trainer -   MSE: 0.00900
08/07/2026 17:56:10 - INFO - utils.trainer -   MAE: 0.06891
08/07/2026 17:56:10 - INFO - utils.trainer -   RMSE: 0.09484
08/07/2026 17:56:10 - INFO - utils.trainer -   PearsonR_mean: 0.95327
08/07/2026 17:56:11 - INFO - utils.trainer -   Model saved to output_dir/TimeLLM_FutureFCCAUEEG_train
08/07/2026 17:56:11 - INFO - utils.trainer -   Best model saved (val_Loss=0.0090)
08/07/2026 17:56:11 - INFO - utils.trainer -   Epoch: 7, Loss: 0.01115, Val loss: 0.00900, Val Loss: 0.0090, Best val Loss: 0.0090, No improve: 0/10, Time: 204.8s
08/07/2026 17:59:35 - INFO - utils.trainer -   ***** Running multi-output regression evaluation on val0 dataset *****
08/07/2026 17:59:55 - INFO - utils.trainer -   Loss: 0.00840
08/07/2026 17:59:55 - INFO - utils.trainer -   MSE: 0.00840
08/07/2026 17:59:55 - INFO - utils.trainer -   MAE: 0.06637
08/07/2026 17:59:55 - INFO - utils.trainer -   RMSE: 0.09165
08/07/2026 17:59:55 - INFO - utils.trainer -   PearsonR_mean: 0.95591
08/07/2026 17:59:55 - INFO - utils.trainer -   Epoch: 8, Loss: 0.01070, Val loss: 0.00840, Val Loss: 0.0084, Best val Loss: 0.0090, No improve: 1/10, Time: 204.4s
08/07/2026 18:03:19 - INFO - utils.trainer -   ***** Running multi-output regression evaluation on val0 dataset *****
08/07/2026 18:03:39 - INFO - utils.trainer -   Loss: 0.00844
08/07/2026 18:03:39 - INFO - utils.trainer -   MSE: 0.00844
08/07/2026 18:03:39 - INFO - utils.trainer -   MAE: 0.06723
08/07/2026 18:03:39 - INFO - utils.trainer -   RMSE: 0.09189
08/07/2026 18:03:39 - INFO - utils.trainer -   PearsonR_mean: 0.95747
08/07/2026 18:03:39 - INFO - utils.trainer -   Epoch: 9, Loss: 0.01013, Val loss: 0.00844, Val Loss: 0.0084, Best val Loss: 0.0090, No improve: 2/10, Time: 204.2s
08/07/2026 18:07:03 - INFO - utils.trainer -   ***** Running multi-output regression evaluation on val0 dataset *****
08/07/2026 18:07:23 - INFO - utils.trainer -   Loss: 0.00768
08/07/2026 18:07:23 - INFO - utils.trainer -   MSE: 0.00768
08/07/2026 18:07:23 - INFO - utils.trainer -   MAE: 0.06316
08/07/2026 18:07:23 - INFO - utils.trainer -   RMSE: 0.08765
08/07/2026 18:07:23 - INFO - utils.trainer -   PearsonR_mean: 0.95956
08/07/2026 18:07:24 - INFO - utils.trainer -   Model saved to output_dir/TimeLLM_FutureFCCAUEEG_train
08/07/2026 18:07:24 - INFO - utils.trainer -   Best model saved (val_Loss=0.0077)
08/07/2026 18:07:24 - INFO - utils.trainer -   Epoch: 10, Loss: 0.00960, Val loss: 0.00768, Val Loss: 0.0077, Best val Loss: 0.0077, No improve: 0/10, Time: 203.7s
08/07/2026 18:10:47 - INFO - utils.trainer -   ***** Running multi-output regression evaluation on val0 dataset *****
08/07/2026 18:11:07 - INFO - utils.trainer -   Loss: 0.00737
08/07/2026 18:11:07 - INFO - utils.trainer -   MSE: 0.00737
08/07/2026 18:11:07 - INFO - utils.trainer -   MAE: 0.06151
08/07/2026 18:11:07 - INFO - utils.trainer -   RMSE: 0.08587
08/07/2026 18:11:07 - INFO - utils.trainer -   PearsonR_mean: 0.96060
08/07/2026 18:11:07 - INFO - utils.trainer -   Epoch: 11, Loss: 0.00927, Val loss: 0.00737, Val Loss: 0.0074, Best val Loss: 0.0077, No improve: 1/10, Time: 203.1s
08/07/2026 18:14:31 - INFO - utils.trainer -   ***** Running multi-output regression evaluation on val0 dataset *****
08/07/2026 18:14:52 - INFO - utils.trainer -   Loss: 0.00717
08/07/2026 18:14:52 - INFO - utils.trainer -   MSE: 0.00717
08/07/2026 18:14:52 - INFO - utils.trainer -   MAE: 0.06067
08/07/2026 18:14:52 - INFO - utils.trainer -   RMSE: 0.08467
08/07/2026 18:14:52 - INFO - utils.trainer -   PearsonR_mean: 0.96160
08/07/2026 18:14:52 - INFO - utils.trainer -   Epoch: 12, Loss: 0.00907, Val loss: 0.00717, Val Loss: 0.0072, Best val Loss: 0.0077, No improve: 2/10, Time: 204.5s
08/07/2026 18:18:16 - INFO - utils.trainer -   ***** Running multi-output regression evaluation on val0 dataset *****
08/07/2026 18:18:36 - INFO - utils.trainer -   Loss: 0.00699
08/07/2026 18:18:36 - INFO - utils.trainer -   MSE: 0.00699
08/07/2026 18:18:36 - INFO - utils.trainer -   MAE: 0.05995
08/07/2026 18:18:36 - INFO - utils.trainer -   RMSE: 0.08363
08/07/2026 18:18:36 - INFO - utils.trainer -   PearsonR_mean: 0.96313
08/07/2026 18:18:36 - INFO - utils.trainer -   Epoch: 13, Loss: 0.00890, Val loss: 0.00699, Val Loss: 0.0070, Best val Loss: 0.0077, No improve: 3/10, Time: 204.5s
08/07/2026 18:22:01 - INFO - utils.trainer -   ***** Running multi-output regression evaluation on val0 dataset *****
08/07/2026 18:22:21 - INFO - utils.trainer -   Loss: 0.00668
08/07/2026 18:22:21 - INFO - utils.trainer -   MSE: 0.00668
08/07/2026 18:22:21 - INFO - utils.trainer -   MAE: 0.05840
08/07/2026 18:22:21 - INFO - utils.trainer -   RMSE: 0.08174
08/07/2026 18:22:21 - INFO - utils.trainer -   PearsonR_mean: 0.96499
08/07/2026 18:22:22 - INFO - utils.trainer -   Model saved to output_dir/TimeLLM_FutureFCCAUEEG_train
08/07/2026 18:22:22 - INFO - utils.trainer -   Best model saved (val_Loss=0.0067)
08/07/2026 18:22:22 - INFO - utils.trainer -   Epoch: 14, Loss: 0.00853, Val loss: 0.00668, Val Loss: 0.0067, Best val Loss: 0.0067, No improve: 0/10, Time: 204.8s
08/07/2026 18:25:47 - INFO - utils.trainer -   ***** Running multi-output regression evaluation on val0 dataset *****
08/07/2026 18:26:07 - INFO - utils.trainer -   Loss: 0.00627
08/07/2026 18:26:07 - INFO - utils.trainer -   MSE: 0.00627
08/07/2026 18:26:07 - INFO - utils.trainer -   MAE: 0.05669
08/07/2026 18:26:07 - INFO - utils.trainer -   RMSE: 0.07919
08/07/2026 18:26:07 - INFO - utils.trainer -   PearsonR_mean: 0.96683
08/07/2026 18:26:07 - INFO - utils.trainer -   Epoch: 15, Loss: 0.00809, Val loss: 0.00627, Val Loss: 0.0063, Best val Loss: 0.0067, No improve: 1/10, Time: 205.2s
08/07/2026 18:29:31 - INFO - utils.trainer -   ***** Running multi-output regression evaluation on val0 dataset *****
08/07/2026 18:29:51 - INFO - utils.trainer -   Loss: 0.00624
08/07/2026 18:29:51 - INFO - utils.trainer -   MSE: 0.00624
08/07/2026 18:29:51 - INFO - utils.trainer -   MAE: 0.05645
08/07/2026 18:29:51 - INFO - utils.trainer -   RMSE: 0.07897
08/07/2026 18:29:51 - INFO - utils.trainer -   PearsonR_mean: 0.96735
08/07/2026 18:29:51 - INFO - utils.trainer -   Epoch: 16, Loss: 0.00777, Val loss: 0.00624, Val Loss: 0.0062, Best val Loss: 0.0067, No improve: 2/10, Time: 204.5s
08/07/2026 18:33:15 - INFO - utils.trainer -   ***** Running multi-output regression evaluation on val0 dataset *****
08/07/2026 18:33:35 - INFO - utils.trainer -   Loss: 0.00594
08/07/2026 18:33:35 - INFO - utils.trainer -   MSE: 0.00594
08/07/2026 18:33:35 - INFO - utils.trainer -   MAE: 0.05514
08/07/2026 18:33:35 - INFO - utils.trainer -   RMSE: 0.07706
08/07/2026 18:33:35 - INFO - utils.trainer -   PearsonR_mean: 0.96835
08/07/2026 18:33:35 - INFO - utils.trainer -   Epoch: 17, Loss: 0.00766, Val loss: 0.00594, Val Loss: 0.0059, Best val Loss: 0.0067, No improve: 3/10, Time: 203.9s
08/07/2026 18:36:59 - INFO - utils.trainer -   ***** Running multi-output regression evaluation on val0 dataset *****
08/07/2026 18:37:19 - INFO - utils.trainer -   Loss: 0.00578
08/07/2026 18:37:19 - INFO - utils.trainer -   MSE: 0.00578
08/07/2026 18:37:19 - INFO - utils.trainer -   MAE: 0.05425
08/07/2026 18:37:19 - INFO - utils.trainer -   RMSE: 0.07601
08/07/2026 18:37:19 - INFO - utils.trainer -   PearsonR_mean: 0.96923
08/07/2026 18:37:19 - INFO - utils.trainer -   Epoch: 18, Loss: 0.00738, Val loss: 0.00578, Val Loss: 0.0058, Best val Loss: 0.0067, No improve: 4/10, Time: 203.7s
08/07/2026 18:40:44 - INFO - utils.trainer -   ***** Running multi-output regression evaluation on val0 dataset *****
08/07/2026 18:41:04 - INFO - utils.trainer -   Loss: 0.00577
08/07/2026 18:41:04 - INFO - utils.trainer -   MSE: 0.00577
08/07/2026 18:41:04 - INFO - utils.trainer -   MAE: 0.05436
08/07/2026 18:41:04 - INFO - utils.trainer -   RMSE: 0.07593
08/07/2026 18:41:04 - INFO - utils.trainer -   PearsonR_mean: 0.96930
08/07/2026 18:41:04 - INFO - utils.trainer -   Epoch: 19, Loss: 0.00730, Val loss: 0.00577, Val Loss: 0.0058, Best val Loss: 0.0067, No improve: 5/10, Time: 204.6s
08/07/2026 18:44:28 - INFO - utils.trainer -   ***** Running multi-output regression evaluation on val0 dataset *****
08/07/2026 18:44:48 - INFO - utils.trainer -   Loss: 0.00560
08/07/2026 18:44:48 - INFO - utils.trainer -   MSE: 0.00560
08/07/2026 18:44:48 - INFO - utils.trainer -   MAE: 0.05326
08/07/2026 18:44:48 - INFO - utils.trainer -   RMSE: 0.07486
08/07/2026 18:44:48 - INFO - utils.trainer -   PearsonR_mean: 0.97065
08/07/2026 18:44:49 - INFO - utils.trainer -   Model saved to output_dir/TimeLLM_FutureFCCAUEEG_train
08/07/2026 18:44:49 - INFO - utils.trainer -   Best model saved (val_Loss=0.0056)
08/07/2026 18:44:49 - INFO - utils.trainer -   Epoch: 20, Loss: 0.00714, Val loss: 0.00560, Val Loss: 0.0056, Best val Loss: 0.0056, No improve: 0/10, Time: 204.0s
08/07/2026 18:48:12 - INFO - utils.trainer -   ***** Running multi-output regression evaluation on val0 dataset *****
08/07/2026 18:48:32 - INFO - utils.trainer -   Loss: 0.00544
08/07/2026 18:48:32 - INFO - utils.trainer -   MSE: 0.00544
08/07/2026 18:48:32 - INFO - utils.trainer -   MAE: 0.05252
08/07/2026 18:48:32 - INFO - utils.trainer -   RMSE: 0.07375
08/07/2026 18:48:32 - INFO - utils.trainer -   PearsonR_mean: 0.97107
08/07/2026 18:48:32 - INFO - utils.trainer -   Epoch: 21, Loss: 0.00692, Val loss: 0.00544, Val Loss: 0.0054, Best val Loss: 0.0056, No improve: 1/10, Time: 203.8s
08/07/2026 18:51:56 - INFO - utils.trainer -   ***** Running multi-output regression evaluation on val0 dataset *****
08/07/2026 18:52:16 - INFO - utils.trainer -   Loss: 0.00539
08/07/2026 18:52:16 - INFO - utils.trainer -   MSE: 0.00539
08/07/2026 18:52:16 - INFO - utils.trainer -   MAE: 0.05259
08/07/2026 18:52:16 - INFO - utils.trainer -   RMSE: 0.07343
08/07/2026 18:52:16 - INFO - utils.trainer -   PearsonR_mean: 0.97225
08/07/2026 18:52:16 - INFO - utils.trainer -   Epoch: 22, Loss: 0.00655, Val loss: 0.00539, Val Loss: 0.0054, Best val Loss: 0.0056, No improve: 2/10, Time: 203.9s
08/07/2026 18:55:41 - INFO - utils.trainer -   ***** Running multi-output regression evaluation on val0 dataset *****
08/07/2026 18:56:01 - INFO - utils.trainer -   Loss: 0.00514
08/07/2026 18:56:01 - INFO - utils.trainer -   MSE: 0.00514
08/07/2026 18:56:01 - INFO - utils.trainer -   MAE: 0.05123
08/07/2026 18:56:01 - INFO - utils.trainer -   RMSE: 0.07173
08/07/2026 18:56:01 - INFO - utils.trainer -   PearsonR_mean: 0.97290
08/07/2026 18:56:01 - INFO - utils.trainer -   Epoch: 23, Loss: 0.00667, Val loss: 0.00514, Val Loss: 0.0051, Best val Loss: 0.0056, No improve: 3/10, Time: 204.4s
08/07/2026 18:59:24 - INFO - utils.trainer -   ***** Running multi-output regression evaluation on val0 dataset *****
08/07/2026 18:59:44 - INFO - utils.trainer -   Loss: 0.00514
08/07/2026 18:59:44 - INFO - utils.trainer -   MSE: 0.00514
08/07/2026 18:59:44 - INFO - utils.trainer -   MAE: 0.05147
08/07/2026 18:59:44 - INFO - utils.trainer -   RMSE: 0.07169
08/07/2026 18:59:44 - INFO - utils.trainer -   PearsonR_mean: 0.97353
08/07/2026 18:59:44 - INFO - utils.trainer -   Epoch: 24, Loss: 0.00638, Val loss: 0.00514, Val Loss: 0.0051, Best val Loss: 0.0056, No improve: 4/10, Time: 203.5s
08/07/2026 19:03:08 - INFO - utils.trainer -   ***** Running multi-output regression evaluation on val0 dataset *****
