07/07/2026 22:21:06 - INFO - __main__ -   ########## Repeat:0 ##########
07/07/2026 22:21:06 - INFO - utils.trainer -   ***** Running training *****
07/07/2026 22:21:06 - INFO - utils.trainer -     Num examples = 635
07/07/2026 22:21:06 - INFO - utils.trainer -     Num Epochs = 200
07/07/2026 22:21:06 - INFO - utils.trainer -     Total train batch size = 16
07/07/2026 22:21:06 - INFO - utils.trainer -     warmup steps = 400
07/07/2026 22:21:06 - INFO - utils.trainer -     Total optimization steps = 127000
07/07/2026 22:21:06 - INFO - utils.trainer -     Save steps = 200
07/07/2026 22:21:06 - INFO - root -   Parameters [normal] length [22]
07/07/2026 22:21:23 - INFO - utils.trainer -   ***** Running evaluation on val0 dataset *****
07/07/2026 22:21:30 - INFO - utils.trainer -   AUC: 0.65904
07/07/2026 22:21:30 - INFO - utils.trainer -   Accuracy: 0.40666
07/07/2026 22:21:30 - INFO - utils.trainer -   Precision: 0.37064
07/07/2026 22:21:30 - INFO - utils.trainer -   Recall: 0.32469
07/07/2026 22:21:30 - INFO - utils.trainer -   F_score: 0.31402
07/07/2026 22:21:30 - INFO - utils.trainer -   Loss: 1.27991
07/07/2026 22:21:30 - INFO - utils.trainer -   Saving model checkpoint to output_dir/DFCBNC
07/07/2026 22:21:30 - INFO - utils.trainer -   Best model saved (val_Accuracy=0.4067)
07/07/2026 22:21:30 - INFO - utils.trainer -    Train loss: 1.22252, Val loss: 1.27991, Val Accuracy: 0.4067, Best: 0.4067, Time: 16.9s
07/07/2026 22:21:47 - INFO - utils.trainer -   ***** Running evaluation on val0 dataset *****
07/07/2026 22:21:53 - INFO - utils.trainer -   AUC: 0.67517
07/07/2026 22:21:53 - INFO - utils.trainer -   Accuracy: 0.44074
07/07/2026 22:21:53 - INFO - utils.trainer -   Precision: 0.38943
07/07/2026 22:21:53 - INFO - utils.trainer -   Recall: 0.41287
07/07/2026 22:21:53 - INFO - utils.trainer -   F_score: 0.38456
07/07/2026 22:21:53 - INFO - utils.trainer -   Loss: 1.27656
07/07/2026 22:21:53 - INFO - utils.trainer -   Saving model checkpoint to output_dir/DFCBNC
07/07/2026 22:21:53 - INFO - utils.trainer -   Best model saved (val_Accuracy=0.4407)
07/07/2026 22:21:53 - INFO - utils.trainer -    Train loss: 1.13527, Val loss: 1.27656, Val Accuracy: 0.4407, Best: 0.4407, Time: 17.3s
07/07/2026 22:22:11 - INFO - utils.trainer -   ***** Running evaluation on val0 dataset *****
07/07/2026 22:22:18 - INFO - utils.trainer -   AUC: 0.63046
07/07/2026 22:22:18 - INFO - utils.trainer -   Accuracy: 0.40666
07/07/2026 22:22:18 - INFO - utils.trainer -   Precision: 0.35825
07/07/2026 22:22:18 - INFO - utils.trainer -   Recall: 0.36640
07/07/2026 22:22:18 - INFO - utils.trainer -   F_score: 0.35774
07/07/2026 22:22:18 - INFO - utils.trainer -   Loss: 1.38580
07/07/2026 22:22:18 - INFO - utils.trainer -    Train loss: 1.09635, Val loss: 1.38580, Val Accuracy: 0.4067, Best: 0.4407, Time: 17.4s
07/07/2026 22:22:35 - INFO - utils.trainer -   ***** Running evaluation on val0 dataset *****
07/07/2026 22:22:41 - INFO - utils.trainer -   AUC: 0.66795
07/07/2026 22:22:41 - INFO - utils.trainer -   Accuracy: 0.40124
07/07/2026 22:22:41 - INFO - utils.trainer -   Precision: 0.39373
07/07/2026 22:22:41 - INFO - utils.trainer -   Recall: 0.39577
07/07/2026 22:22:41 - INFO - utils.trainer -   F_score: 0.36784
07/07/2026 22:22:41 - INFO - utils.trainer -   Loss: 1.37833
07/07/2026 22:22:41 - INFO - utils.trainer -    Train loss: 1.06519, Val loss: 1.37833, Val Accuracy: 0.4012, Best: 0.4407, Time: 16.8s
07/07/2026 22:22:58 - INFO - utils.trainer -   ***** Running evaluation on val0 dataset *****
07/07/2026 22:23:08 - INFO - utils.trainer -   AUC: 0.65552
07/07/2026 22:23:08 - INFO - utils.trainer -   Accuracy: 0.41828
07/07/2026 22:23:08 - INFO - utils.trainer -   Precision: 0.38482
07/07/2026 22:23:08 - INFO - utils.trainer -   Recall: 0.39372
07/07/2026 22:23:08 - INFO - utils.trainer -   F_score: 0.38453
07/07/2026 22:23:08 - INFO - utils.trainer -   Loss: 1.36129
07/07/2026 22:23:08 - INFO - utils.trainer -    Train loss: 1.04430, Val loss: 1.36129, Val Accuracy: 0.4183, Best: 0.4407, Time: 17.2s
07/07/2026 22:23:25 - INFO - utils.trainer -   ***** Running evaluation on val0 dataset *****
07/07/2026 22:23:32 - INFO - utils.trainer -   AUC: 0.67916
07/07/2026 22:23:32 - INFO - utils.trainer -   Accuracy: 0.42060
07/07/2026 22:23:32 - INFO - utils.trainer -   Precision: 0.38893
07/07/2026 22:23:32 - INFO - utils.trainer -   Recall: 0.40444
07/07/2026 22:23:32 - INFO - utils.trainer -   F_score: 0.38912
07/07/2026 22:23:32 - INFO - utils.trainer -   Loss: 1.34324
07/07/2026 22:23:32 - INFO - utils.trainer -    Train loss: 1.01925, Val loss: 1.34324, Val Accuracy: 0.4206, Best: 0.4407, Time: 17.4s
07/07/2026 22:23:48 - INFO - utils.trainer -   ***** Running evaluation on val0 dataset *****
07/07/2026 22:23:55 - INFO - utils.trainer -   AUC: 0.64661
07/07/2026 22:23:55 - INFO - utils.trainer -   Accuracy: 0.40666
07/07/2026 22:23:55 - INFO - utils.trainer -   Precision: 0.37709
07/07/2026 22:23:55 - INFO - utils.trainer -   Recall: 0.35978
07/07/2026 22:23:55 - INFO - utils.trainer -   F_score: 0.35913
07/07/2026 22:23:55 - INFO - utils.trainer -   Loss: 1.42418
07/07/2026 22:23:55 - INFO - utils.trainer -    Train loss: 0.99179, Val loss: 1.42418, Val Accuracy: 0.4067, Best: 0.4407, Time: 16.8s
07/07/2026 22:24:12 - INFO - utils.trainer -   ***** Running evaluation on val0 dataset *****
07/07/2026 22:24:19 - INFO - utils.trainer -   AUC: 0.67566
07/07/2026 22:24:19 - INFO - utils.trainer -   Accuracy: 0.44849
07/07/2026 22:24:19 - INFO - utils.trainer -   Precision: 0.42550
07/07/2026 22:24:19 - INFO - utils.trainer -   Recall: 0.41410
07/07/2026 22:24:19 - INFO - utils.trainer -   F_score: 0.40551
07/07/2026 22:24:19 - INFO - utils.trainer -   Loss: 1.45116
07/07/2026 22:24:19 - INFO - utils.trainer -   Saving model checkpoint to output_dir/DFCBNC
07/07/2026 22:24:19 - INFO - utils.trainer -   Best model saved (val_Accuracy=0.4485)
07/07/2026 22:24:19 - INFO - utils.trainer -    Train loss: 0.95925, Val loss: 1.45116, Val Accuracy: 0.4485, Best: 0.4485, Time: 16.9s
07/07/2026 22:24:35 - INFO - utils.trainer -   ***** Running evaluation on val0 dataset *****
07/07/2026 22:24:42 - INFO - utils.trainer -   AUC: 0.66142
07/07/2026 22:24:42 - INFO - utils.trainer -   Accuracy: 0.42758
07/07/2026 22:24:42 - INFO - utils.trainer -   Precision: 0.39702
07/07/2026 22:24:42 - INFO - utils.trainer -   Recall: 0.38276
07/07/2026 22:24:42 - INFO - utils.trainer -   F_score: 0.38659
07/07/2026 22:24:42 - INFO - utils.trainer -   Loss: 1.41154
07/07/2026 22:24:42 - INFO - utils.trainer -    Train loss: 0.93808, Val loss: 1.41154, Val Accuracy: 0.4276, Best: 0.4485, Time: 16.6s
07/07/2026 22:24:59 - INFO - utils.trainer -   ***** Running evaluation on val0 dataset *****
07/07/2026 22:25:06 - INFO - utils.trainer -   AUC: 0.65195
07/07/2026 22:25:06 - INFO - utils.trainer -   Accuracy: 0.40744
07/07/2026 22:25:06 - INFO - utils.trainer -   Precision: 0.38631
07/07/2026 22:25:06 - INFO - utils.trainer -   Recall: 0.38196
07/07/2026 22:25:06 - INFO - utils.trainer -   F_score: 0.38186
07/07/2026 22:25:06 - INFO - utils.trainer -   Loss: 1.46383
07/07/2026 22:25:06 - INFO - utils.trainer -    Train loss: 0.90839, Val loss: 1.46383, Val Accuracy: 0.4074, Best: 0.4485, Time: 16.9s
07/07/2026 22:25:22 - INFO - utils.trainer -   ***** Running evaluation on val0 dataset *****
07/07/2026 22:25:29 - INFO - utils.trainer -   AUC: 0.66712
07/07/2026 22:25:29 - INFO - utils.trainer -   Accuracy: 0.41441
07/07/2026 22:25:29 - INFO - utils.trainer -   Precision: 0.39845
07/07/2026 22:25:29 - INFO - utils.trainer -   Recall: 0.39194
07/07/2026 22:25:29 - INFO - utils.trainer -   F_score: 0.39173
07/07/2026 22:25:29 - INFO - utils.trainer -   Loss: 1.50736
07/07/2026 22:25:29 - INFO - utils.trainer -    Train loss: 0.88306, Val loss: 1.50736, Val Accuracy: 0.4144, Best: 0.4485, Time: 16.6s
07/07/2026 22:25:45 - INFO - utils.trainer -   ***** Running evaluation on val0 dataset *****
07/07/2026 22:25:52 - INFO - utils.trainer -   AUC: 0.65792
07/07/2026 22:25:52 - INFO - utils.trainer -   Accuracy: 0.41363
07/07/2026 22:25:52 - INFO - utils.trainer -   Precision: 0.40046
07/07/2026 22:25:52 - INFO - utils.trainer -   Recall: 0.40077
07/07/2026 22:25:52 - INFO - utils.trainer -   F_score: 0.39385
07/07/2026 22:25:52 - INFO - utils.trainer -   Loss: 1.58300
07/07/2026 22:25:52 - INFO - utils.trainer -    Train loss: 0.84778, Val loss: 1.58300, Val Accuracy: 0.4136, Best: 0.4485, Time: 16.2s
07/07/2026 22:26:09 - INFO - utils.trainer -   ***** Running evaluation on val0 dataset *****
07/07/2026 22:26:15 - INFO - utils.trainer -   AUC: 0.65878
07/07/2026 22:26:15 - INFO - utils.trainer -   Accuracy: 0.42138
07/07/2026 22:26:15 - INFO - utils.trainer -   Precision: 0.39881
07/07/2026 22:26:15 - INFO - utils.trainer -   Recall: 0.38252
07/07/2026 22:26:15 - INFO - utils.trainer -   F_score: 0.37613
07/07/2026 22:26:15 - INFO - utils.trainer -   Loss: 1.55407
07/07/2026 22:26:15 - INFO - utils.trainer -    Train loss: 0.83802, Val loss: 1.55407, Val Accuracy: 0.4214, Best: 0.4485, Time: 16.8s
07/07/2026 22:26:32 - INFO - utils.trainer -   ***** Running evaluation on val0 dataset *****
07/07/2026 22:26:39 - INFO - utils.trainer -   AUC: 0.62793
07/07/2026 22:26:39 - INFO - utils.trainer -   Accuracy: 0.41208
07/07/2026 22:26:39 - INFO - utils.trainer -   Precision: 0.37387
07/07/2026 22:26:39 - INFO - utils.trainer -   Recall: 0.35594
07/07/2026 22:26:39 - INFO - utils.trainer -   F_score: 0.35567
07/07/2026 22:26:39 - INFO - utils.trainer -   Loss: 1.64965
07/07/2026 22:26:39 - INFO - utils.trainer -    Train loss: 0.80583, Val loss: 1.64965, Val Accuracy: 0.4121, Best: 0.4485, Time: 17.0s
07/07/2026 22:26:56 - INFO - utils.trainer -   ***** Running evaluation on val0 dataset *****
07/07/2026 22:27:03 - INFO - utils.trainer -   AUC: 0.64551
07/07/2026 22:27:03 - INFO - utils.trainer -   Accuracy: 0.39737
07/07/2026 22:27:03 - INFO - utils.trainer -   Precision: 0.38221
07/07/2026 22:27:03 - INFO - utils.trainer -   Recall: 0.38673
07/07/2026 22:27:03 - INFO - utils.trainer -   F_score: 0.38274
07/07/2026 22:27:03 - INFO - utils.trainer -   Loss: 1.68435
07/07/2026 22:27:03 - INFO - utils.trainer -    Train loss: 0.77659, Val loss: 1.68435, Val Accuracy: 0.3974, Best: 0.4485, Time: 16.8s
07/07/2026 22:27:19 - INFO - utils.trainer -   ***** Running evaluation on val0 dataset *****
07/07/2026 22:27:26 - INFO - utils.trainer -   AUC: 0.64849
07/07/2026 22:27:26 - INFO - utils.trainer -   Accuracy: 0.42990
07/07/2026 22:27:26 - INFO - utils.trainer -   Precision: 0.40024
07/07/2026 22:27:26 - INFO - utils.trainer -   Recall: 0.38174
07/07/2026 22:27:26 - INFO - utils.trainer -   F_score: 0.38524
07/07/2026 22:27:26 - INFO - utils.trainer -   Loss: 1.62301
07/07/2026 22:27:26 - INFO - utils.trainer -    Train loss: 0.74939, Val loss: 1.62301, Val Accuracy: 0.4299, Best: 0.4485, Time: 16.7s
07/08/2026 20:37:41 - INFO - __main__ -   ########## Repeat:0 ##########
07/08/2026 20:37:41 - INFO - utils.trainer -   ***** Running training *****
07/08/2026 20:37:41 - INFO - utils.trainer -     Num examples = 635
07/08/2026 20:37:41 - INFO - utils.trainer -     Num Epochs = 200
07/08/2026 20:37:41 - INFO - utils.trainer -     Total train batch size = 16
07/08/2026 20:37:41 - INFO - utils.trainer -     warmup steps = 400
07/08/2026 20:37:41 - INFO - utils.trainer -     Total optimization steps = 127000
07/08/2026 20:37:41 - INFO - utils.trainer -     Save steps = 200
07/08/2026 20:37:41 - INFO - root -   Parameters [normal] length [22]
07/08/2026 20:37:57 - INFO - utils.trainer -   ***** Running evaluation on val0 dataset *****
07/08/2026 20:38:02 - INFO - utils.trainer -   AUC: 0.65878
07/08/2026 20:38:02 - INFO - utils.trainer -   Accuracy: 0.40511
07/08/2026 20:38:02 - INFO - utils.trainer -   Precision: 0.36856
07/08/2026 20:38:02 - INFO - utils.trainer -   Recall: 0.32347
07/08/2026 20:38:02 - INFO - utils.trainer -   F_score: 0.31255
07/08/2026 20:38:02 - INFO - utils.trainer -   Loss: 1.28003
07/08/2026 20:38:02 - INFO - utils.trainer -   Saving model checkpoint to output_dir/DFCBNC
07/08/2026 20:38:02 - INFO - utils.trainer -   Best model saved (val_Accuracy=0.4051)
07/08/2026 20:38:02 - INFO - utils.trainer -    Train loss: 1.22263, Val loss: 1.28003, Val Accuracy: 0.4051, Best: 0.4051, Time: 15.7s
07/08/2026 20:38:17 - INFO - utils.trainer -   ***** Running evaluation on val0 dataset *****
07/08/2026 20:38:22 - INFO - utils.trainer -   AUC: 0.67527
07/08/2026 20:38:22 - INFO - utils.trainer -   Accuracy: 0.43919
07/08/2026 20:38:22 - INFO - utils.trainer -   Precision: 0.38936
07/08/2026 20:38:22 - INFO - utils.trainer -   Recall: 0.41164
07/08/2026 20:38:22 - INFO - utils.trainer -   F_score: 0.38284
07/08/2026 20:38:22 - INFO - utils.trainer -   Loss: 1.27656
07/08/2026 20:38:22 - INFO - utils.trainer -   Saving model checkpoint to output_dir/DFCBNC
07/08/2026 20:38:22 - INFO - utils.trainer -   Best model saved (val_Accuracy=0.4392)
07/08/2026 20:38:22 - INFO - utils.trainer -    Train loss: 1.13534, Val loss: 1.27656, Val Accuracy: 0.4392, Best: 0.4392, Time: 15.3s
07/08/2026 20:38:38 - INFO - utils.trainer -   ***** Running evaluation on val0 dataset *****
07/08/2026 20:38:43 - INFO - utils.trainer -   AUC: 0.63088
07/08/2026 20:38:43 - INFO - utils.trainer -   Accuracy: 0.40899
07/08/2026 20:38:43 - INFO - utils.trainer -   Precision: 0.36282
07/08/2026 20:38:43 - INFO - utils.trainer -   Recall: 0.36962
07/08/2026 20:38:43 - INFO - utils.trainer -   F_score: 0.36157
07/08/2026 20:38:43 - INFO - utils.trainer -   Loss: 1.38447
07/08/2026 20:38:43 - INFO - utils.trainer -    Train loss: 1.09651, Val loss: 1.38447, Val Accuracy: 0.4090, Best: 0.4392, Time: 15.2s
07/08/2026 20:38:58 - INFO - utils.trainer -   ***** Running evaluation on val0 dataset *****
07/08/2026 20:39:03 - INFO - utils.trainer -   AUC: 0.66812
07/08/2026 20:39:03 - INFO - utils.trainer -   Accuracy: 0.40201
07/08/2026 20:39:03 - INFO - utils.trainer -   Precision: 0.39610
07/08/2026 20:39:03 - INFO - utils.trainer -   Recall: 0.39656
07/08/2026 20:39:03 - INFO - utils.trainer -   F_score: 0.36954
07/08/2026 20:39:03 - INFO - utils.trainer -   Loss: 1.37711
07/08/2026 20:39:03 - INFO - utils.trainer -    Train loss: 1.06534, Val loss: 1.37711, Val Accuracy: 0.4020, Best: 0.4392, Time: 15.1s
07/08/2026 20:39:19 - INFO - utils.trainer -   ***** Running evaluation on val0 dataset *****
07/08/2026 20:39:25 - INFO - utils.trainer -   AUC: 0.65614
07/08/2026 20:39:25 - INFO - utils.trainer -   Accuracy: 0.41828
07/08/2026 20:39:25 - INFO - utils.trainer -   Precision: 0.38550
07/08/2026 20:39:25 - INFO - utils.trainer -   Recall: 0.39378
07/08/2026 20:39:25 - INFO - utils.trainer -   F_score: 0.38511
07/08/2026 20:39:25 - INFO - utils.trainer -   Loss: 1.35970
07/08/2026 20:39:25 - INFO - utils.trainer -    Train loss: 1.04436, Val loss: 1.35970, Val Accuracy: 0.4183, Best: 0.4392, Time: 16.3s
07/08/2026 20:39:41 - INFO - utils.trainer -   ***** Running evaluation on val0 dataset *****
07/08/2026 20:39:46 - INFO - utils.trainer -   AUC: 0.68024
07/08/2026 20:39:46 - INFO - utils.trainer -   Accuracy: 0.41905
07/08/2026 20:39:46 - INFO - utils.trainer -   Precision: 0.38773
07/08/2026 20:39:46 - INFO - utils.trainer -   Recall: 0.40345
07/08/2026 20:39:46 - INFO - utils.trainer -   F_score: 0.38795
07/08/2026 20:39:46 - INFO - utils.trainer -   Loss: 1.34014
07/08/2026 20:39:46 - INFO - utils.trainer -    Train loss: 1.01931, Val loss: 1.34014, Val Accuracy: 0.4191, Best: 0.4392, Time: 16.5s
07/08/2026 20:40:02 - INFO - utils.trainer -   ***** Running evaluation on val0 dataset *****
07/08/2026 20:40:07 - INFO - utils.trainer -   AUC: 0.64644
07/08/2026 20:40:07 - INFO - utils.trainer -   Accuracy: 0.40666
07/08/2026 20:40:07 - INFO - utils.trainer -   Precision: 0.37766
07/08/2026 20:40:07 - INFO - utils.trainer -   Recall: 0.36109
07/08/2026 20:40:07 - INFO - utils.trainer -   F_score: 0.36027
07/08/2026 20:40:07 - INFO - utils.trainer -   Loss: 1.42613
07/08/2026 20:40:07 - INFO - utils.trainer -    Train loss: 0.99162, Val loss: 1.42613, Val Accuracy: 0.4067, Best: 0.4392, Time: 15.8s
07/08/2026 20:40:23 - INFO - utils.trainer -   ***** Running evaluation on val0 dataset *****
07/08/2026 20:40:28 - INFO - utils.trainer -   AUC: 0.67601
07/08/2026 20:40:28 - INFO - utils.trainer -   Accuracy: 0.44849
07/08/2026 20:40:28 - INFO - utils.trainer -   Precision: 0.42549
07/08/2026 20:40:28 - INFO - utils.trainer -   Recall: 0.41428
07/08/2026 20:40:28 - INFO - utils.trainer -   F_score: 0.40499
07/08/2026 20:40:28 - INFO - utils.trainer -   Loss: 1.45135
07/08/2026 20:40:28 - INFO - utils.trainer -   Saving model checkpoint to output_dir/DFCBNC
07/08/2026 20:40:28 - INFO - utils.trainer -   Best model saved (val_Accuracy=0.4485)
07/08/2026 20:40:28 - INFO - utils.trainer -    Train loss: 0.95896, Val loss: 1.45135, Val Accuracy: 0.4485, Best: 0.4485, Time: 15.8s
07/08/2026 20:40:44 - INFO - utils.trainer -   ***** Running evaluation on val0 dataset *****
07/08/2026 20:40:49 - INFO - utils.trainer -   AUC: 0.66207
07/08/2026 20:40:49 - INFO - utils.trainer -   Accuracy: 0.42990
07/08/2026 20:40:49 - INFO - utils.trainer -   Precision: 0.39787
07/08/2026 20:40:49 - INFO - utils.trainer -   Recall: 0.38399
07/08/2026 20:40:49 - INFO - utils.trainer -   F_score: 0.38758
07/08/2026 20:40:49 - INFO - utils.trainer -   Loss: 1.40894
07/08/2026 20:40:49 - INFO - utils.trainer -    Train loss: 0.93802, Val loss: 1.40894, Val Accuracy: 0.4299, Best: 0.4485, Time: 15.6s
07/08/2026 20:41:04 - INFO - utils.trainer -   ***** Running evaluation on val0 dataset *****
07/08/2026 20:41:10 - INFO - utils.trainer -   AUC: 0.65230
07/08/2026 20:41:10 - INFO - utils.trainer -   Accuracy: 0.40589
07/08/2026 20:41:10 - INFO - utils.trainer -   Precision: 0.38441
07/08/2026 20:41:10 - INFO - utils.trainer -   Recall: 0.38055
07/08/2026 20:41:10 - INFO - utils.trainer -   F_score: 0.38048
07/08/2026 20:41:10 - INFO - utils.trainer -   Loss: 1.46206
07/08/2026 20:41:10 - INFO - utils.trainer -    Train loss: 0.90846, Val loss: 1.46206, Val Accuracy: 0.4059, Best: 0.4485, Time: 15.4s
07/08/2026 20:41:26 - INFO - utils.trainer -   ***** Running evaluation on val0 dataset *****
07/08/2026 20:41:32 - INFO - utils.trainer -   AUC: 0.66746
07/08/2026 20:41:32 - INFO - utils.trainer -   Accuracy: 0.41518
07/08/2026 20:41:32 - INFO - utils.trainer -   Precision: 0.40001
07/08/2026 20:41:32 - INFO - utils.trainer -   Recall: 0.39364
07/08/2026 20:41:32 - INFO - utils.trainer -   F_score: 0.39352
07/08/2026 20:41:32 - INFO - utils.trainer -   Loss: 1.50796
07/08/2026 20:41:32 - INFO - utils.trainer -    Train loss: 0.88295, Val loss: 1.50796, Val Accuracy: 0.4152, Best: 0.4485, Time: 16.1s
07/08/2026 20:41:47 - INFO - utils.trainer -   ***** Running evaluation on val0 dataset *****
07/08/2026 20:41:52 - INFO - utils.trainer -   AUC: 0.65864
07/08/2026 20:41:52 - INFO - utils.trainer -   Accuracy: 0.41363
07/08/2026 20:41:52 - INFO - utils.trainer -   Precision: 0.40078
07/08/2026 20:41:52 - INFO - utils.trainer -   Recall: 0.40101
07/08/2026 20:41:52 - INFO - utils.trainer -   F_score: 0.39421
07/08/2026 20:41:52 - INFO - utils.trainer -   Loss: 1.57900
07/08/2026 20:41:52 - INFO - utils.trainer -    Train loss: 0.84825, Val loss: 1.57900, Val Accuracy: 0.4136, Best: 0.4485, Time: 15.3s
07/08/2026 20:42:08 - INFO - utils.trainer -   ***** Running evaluation on val0 dataset *****
07/08/2026 20:42:13 - INFO - utils.trainer -   AUC: 0.65902
07/08/2026 20:42:13 - INFO - utils.trainer -   Accuracy: 0.42138
07/08/2026 20:42:13 - INFO - utils.trainer -   Precision: 0.39912
07/08/2026 20:42:13 - INFO - utils.trainer -   Recall: 0.38341
07/08/2026 20:42:13 - INFO - utils.trainer -   F_score: 0.37713
07/08/2026 20:42:13 - INFO - utils.trainer -   Loss: 1.55354
07/08/2026 20:42:13 - INFO - utils.trainer -    Train loss: 0.83821, Val loss: 1.55354, Val Accuracy: 0.4214, Best: 0.4485, Time: 15.4s
07/08/2026 20:42:29 - INFO - utils.trainer -   ***** Running evaluation on val0 dataset *****
07/08/2026 20:42:34 - INFO - utils.trainer -   AUC: 0.62943
07/08/2026 20:42:34 - INFO - utils.trainer -   Accuracy: 0.41673
07/08/2026 20:42:34 - INFO - utils.trainer -   Precision: 0.38102
07/08/2026 20:42:34 - INFO - utils.trainer -   Recall: 0.36178
07/08/2026 20:42:34 - INFO - utils.trainer -   F_score: 0.36228
07/08/2026 20:42:34 - INFO - utils.trainer -   Loss: 1.64653
07/08/2026 20:42:34 - INFO - utils.trainer -    Train loss: 0.80545, Val loss: 1.64653, Val Accuracy: 0.4167, Best: 0.4485, Time: 15.7s
07/08/2026 20:42:49 - INFO - utils.trainer -   ***** Running evaluation on val0 dataset *****
07/08/2026 20:42:54 - INFO - utils.trainer -   AUC: 0.64561
07/08/2026 20:42:54 - INFO - utils.trainer -   Accuracy: 0.39582
07/08/2026 20:42:54 - INFO - utils.trainer -   Precision: 0.37997
07/08/2026 20:42:54 - INFO - utils.trainer -   Recall: 0.38570
07/08/2026 20:42:54 - INFO - utils.trainer -   F_score: 0.38089
07/08/2026 20:42:54 - INFO - utils.trainer -   Loss: 1.68695
07/08/2026 20:42:54 - INFO - utils.trainer -    Train loss: 0.77650, Val loss: 1.68695, Val Accuracy: 0.3958, Best: 0.4485, Time: 15.2s
07/08/2026 20:43:10 - INFO - utils.trainer -   ***** Running evaluation on val0 dataset *****
07/08/2026 20:43:15 - INFO - utils.trainer -   AUC: 0.64994
07/08/2026 20:43:15 - INFO - utils.trainer -   Accuracy: 0.43222
07/08/2026 20:43:15 - INFO - utils.trainer -   Precision: 0.39902
07/08/2026 20:43:15 - INFO - utils.trainer -   Recall: 0.38177
07/08/2026 20:43:15 - INFO - utils.trainer -   F_score: 0.38436
07/08/2026 20:43:15 - INFO - utils.trainer -   Loss: 1.61878
07/08/2026 20:43:15 - INFO - utils.trainer -    Train loss: 0.74931, Val loss: 1.61878, Val Accuracy: 0.4322, Best: 0.4485, Time: 15.4s
07/08/2026 20:43:31 - INFO - utils.trainer -   ***** Running evaluation on val0 dataset *****
07/08/2026 20:43:36 - INFO - utils.trainer -   AUC: 0.64511
07/08/2026 20:43:36 - INFO - utils.trainer -   Accuracy: 0.39582
07/08/2026 20:43:36 - INFO - utils.trainer -   Precision: 0.39652
07/08/2026 20:43:36 - INFO - utils.trainer -   Recall: 0.40232
07/08/2026 20:43:36 - INFO - utils.trainer -   F_score: 0.38868
07/08/2026 20:43:36 - INFO - utils.trainer -   Loss: 1.83130
07/08/2026 20:43:36 - INFO - utils.trainer -    Train loss: 0.73476, Val loss: 1.83130, Val Accuracy: 0.3958, Best: 0.4485, Time: 15.9s
07/08/2026 20:43:51 - INFO - utils.trainer -   ***** Running evaluation on val0 dataset *****
07/08/2026 20:43:57 - INFO - utils.trainer -   AUC: 0.63855
07/08/2026 20:43:57 - INFO - utils.trainer -   Accuracy: 0.40124
07/08/2026 20:43:57 - INFO - utils.trainer -   Precision: 0.38086
07/08/2026 20:43:57 - INFO - utils.trainer -   Recall: 0.37260
07/08/2026 20:43:57 - INFO - utils.trainer -   F_score: 0.37466
07/08/2026 20:43:57 - INFO - utils.trainer -   Loss: 1.72700
07/08/2026 20:43:57 - INFO - utils.trainer -    Train loss: 0.71572, Val loss: 1.72700, Val Accuracy: 0.4012, Best: 0.4485, Time: 14.9s
07/08/2026 20:44:12 - INFO - utils.trainer -   ***** Running evaluation on val0 dataset *****
07/08/2026 20:44:18 - INFO - utils.trainer -   AUC: 0.65868
07/08/2026 20:44:18 - INFO - utils.trainer -   Accuracy: 0.42370
07/08/2026 20:44:18 - INFO - utils.trainer -   Precision: 0.39178
07/08/2026 20:44:18 - INFO - utils.trainer -   Recall: 0.38144
07/08/2026 20:44:18 - INFO - utils.trainer -   F_score: 0.38367
07/08/2026 20:44:18 - INFO - utils.trainer -   Loss: 1.75736
07/08/2026 20:44:18 - INFO - utils.trainer -    Train loss: 0.67457, Val loss: 1.75736, Val Accuracy: 0.4237, Best: 0.4485, Time: 15.6s
07/08/2026 20:44:34 - INFO - utils.trainer -   ***** Running evaluation on val0 dataset *****
07/08/2026 20:44:39 - INFO - utils.trainer -   AUC: 0.63800
07/08/2026 20:44:39 - INFO - utils.trainer -   Accuracy: 0.39117
07/08/2026 20:44:39 - INFO - utils.trainer -   Precision: 0.37259
07/08/2026 20:44:39 - INFO - utils.trainer -   Recall: 0.37897
07/08/2026 20:44:39 - INFO - utils.trainer -   F_score: 0.37416
07/08/2026 20:44:39 - INFO - utils.trainer -   Loss: 1.94621
07/08/2026 20:44:39 - INFO - utils.trainer -    Train loss: 0.65826, Val loss: 1.94621, Val Accuracy: 0.3912, Best: 0.4485, Time: 16.0s
07/08/2026 20:44:55 - INFO - utils.trainer -   ***** Running evaluation on val0 dataset *****
07/08/2026 20:45:00 - INFO - utils.trainer -   AUC: 0.66681
07/08/2026 20:45:00 - INFO - utils.trainer -   Accuracy: 0.42448
07/08/2026 20:45:00 - INFO - utils.trainer -   Precision: 0.40019
07/08/2026 20:45:00 - INFO - utils.trainer -   Recall: 0.37738
07/08/2026 20:45:00 - INFO - utils.trainer -   F_score: 0.38013
07/08/2026 20:45:00 - INFO - utils.trainer -   Loss: 1.72883
07/08/2026 20:45:00 - INFO - utils.trainer -    Train loss: 0.62947, Val loss: 1.72883, Val Accuracy: 0.4245, Best: 0.4485, Time: 15.2s
07/08/2026 20:45:15 - INFO - utils.trainer -   ***** Running evaluation on val0 dataset *****
07/08/2026 20:45:20 - INFO - utils.trainer -   AUC: 0.65178
07/08/2026 20:45:20 - INFO - utils.trainer -   Accuracy: 0.37413
07/08/2026 20:45:20 - INFO - utils.trainer -   Precision: 0.39003
07/08/2026 20:45:20 - INFO - utils.trainer -   Recall: 0.37253
07/08/2026 20:45:20 - INFO - utils.trainer -   F_score: 0.36757
07/08/2026 20:45:20 - INFO - utils.trainer -   Loss: 1.93726
07/08/2026 20:45:20 - INFO - utils.trainer -    Train loss: 0.61050, Val loss: 1.93726, Val Accuracy: 0.3741, Best: 0.4485, Time: 15.3s
07/08/2026 20:45:36 - INFO - utils.trainer -   ***** Running evaluation on val0 dataset *****
07/08/2026 20:45:41 - INFO - utils.trainer -   AUC: 0.66975
07/08/2026 20:45:41 - INFO - utils.trainer -   Accuracy: 0.42680
07/08/2026 20:45:41 - INFO - utils.trainer -   Precision: 0.40289
07/08/2026 20:45:41 - INFO - utils.trainer -   Recall: 0.40935
07/08/2026 20:45:41 - INFO - utils.trainer -   F_score: 0.40266
07/08/2026 20:45:41 - INFO - utils.trainer -   Loss: 1.73816
07/08/2026 20:45:41 - INFO - utils.trainer -    Train loss: 0.58949, Val loss: 1.73816, Val Accuracy: 0.4268, Best: 0.4485, Time: 15.7s
07/08/2026 20:45:57 - INFO - utils.trainer -   ***** Running evaluation on val0 dataset *****
07/08/2026 20:46:02 - INFO - utils.trainer -   AUC: 0.63792
07/08/2026 20:46:02 - INFO - utils.trainer -   Accuracy: 0.40279
07/08/2026 20:46:02 - INFO - utils.trainer -   Precision: 0.36943
07/08/2026 20:46:02 - INFO - utils.trainer -   Recall: 0.37624
07/08/2026 20:46:02 - INFO - utils.trainer -   F_score: 0.36821
07/08/2026 20:46:02 - INFO - utils.trainer -   Loss: 2.07614
07/08/2026 20:46:02 - INFO - utils.trainer -    Train loss: 0.58277, Val loss: 2.07614, Val Accuracy: 0.4028, Best: 0.4485, Time: 15.3s
07/08/2026 20:46:18 - INFO - utils.trainer -   ***** Running evaluation on val0 dataset *****
07/08/2026 20:46:23 - INFO - utils.trainer -   AUC: 0.65398
07/08/2026 20:46:23 - INFO - utils.trainer -   Accuracy: 0.41983
07/08/2026 20:46:23 - INFO - utils.trainer -   Precision: 0.39147
07/08/2026 20:46:23 - INFO - utils.trainer -   Recall: 0.39517
07/08/2026 20:46:23 - INFO - utils.trainer -   F_score: 0.38856
07/08/2026 20:46:23 - INFO - utils.trainer -   Loss: 2.01202
07/08/2026 20:46:23 - INFO - utils.trainer -    Train loss: 0.56365, Val loss: 2.01202, Val Accuracy: 0.4198, Best: 0.4485, Time: 15.5s
07/08/2026 20:46:39 - INFO - utils.trainer -   ***** Running evaluation on val0 dataset *****
07/08/2026 20:46:45 - INFO - utils.trainer -   AUC: 0.65743
07/08/2026 20:46:45 - INFO - utils.trainer -   Accuracy: 0.42912
07/08/2026 20:46:45 - INFO - utils.trainer -   Precision: 0.39823
07/08/2026 20:46:45 - INFO - utils.trainer -   Recall: 0.40699
07/08/2026 20:46:45 - INFO - utils.trainer -   F_score: 0.39854
07/08/2026 20:46:45 - INFO - utils.trainer -   Loss: 2.08628
07/08/2026 20:46:45 - INFO - utils.trainer -    Train loss: 0.54845, Val loss: 2.08628, Val Accuracy: 0.4291, Best: 0.4485, Time: 16.3s
07/08/2026 20:47:01 - INFO - utils.trainer -   ***** Running evaluation on val0 dataset *****
07/08/2026 20:47:07 - INFO - utils.trainer -   AUC: 0.65519
07/08/2026 20:47:07 - INFO - utils.trainer -   Accuracy: 0.41828
07/08/2026 20:47:07 - INFO - utils.trainer -   Precision: 0.38558
07/08/2026 20:47:07 - INFO - utils.trainer -   Recall: 0.38153
07/08/2026 20:47:07 - INFO - utils.trainer -   F_score: 0.37135
07/08/2026 20:47:07 - INFO - utils.trainer -   Loss: 2.04514
07/08/2026 20:47:07 - INFO - utils.trainer -    Train loss: 0.52444, Val loss: 2.04514, Val Accuracy: 0.4183, Best: 0.4485, Time: 15.7s
07/08/2026 20:47:22 - INFO - utils.trainer -   ***** Running evaluation on val0 dataset *****
07/08/2026 20:47:28 - INFO - utils.trainer -   AUC: 0.66040
07/08/2026 20:47:28 - INFO - utils.trainer -   Accuracy: 0.41441
07/08/2026 20:47:28 - INFO - utils.trainer -   Precision: 0.38198
07/08/2026 20:47:28 - INFO - utils.trainer -   Recall: 0.38428
07/08/2026 20:47:28 - INFO - utils.trainer -   F_score: 0.38066
07/08/2026 20:47:28 - INFO - utils.trainer -   Loss: 2.01590
07/08/2026 20:47:28 - INFO - utils.trainer -    Train loss: 0.49930, Val loss: 2.01590, Val Accuracy: 0.4144, Best: 0.4485, Time: 15.4s
07/08/2026 20:47:28 - INFO - utils.trainer -   Early stopping triggered at epoch 28
07/08/2026 20:47:28 - INFO - utils.trainer -   Model loaded from output_dir/DFCBNC/DFCBNC-0.bin (full model)
07/08/2026 20:47:28 - INFO - utils.trainer -   ***** Running evaluation on test0 dataset *****
07/08/2026 20:47:33 - INFO - utils.trainer -   AUC: 0.64174
07/08/2026 20:47:33 - INFO - utils.trainer -   Accuracy: 0.36680
07/08/2026 20:47:33 - INFO - utils.trainer -   Precision: 0.36339
07/08/2026 20:47:33 - INFO - utils.trainer -   Recall: 0.36102
07/08/2026 20:47:33 - INFO - utils.trainer -   F_score: 0.33517
07/08/2026 20:47:33 - INFO - utils.trainer -   Loss: 1.62668
07/08/2026 20:47:33 - INFO - utils.trainer -   === Final test result ===
07/08/2026 20:47:33 - INFO - utils.trainer -     AUC: 0.64174
07/08/2026 20:47:33 - INFO - utils.trainer -     Accuracy: 0.36680
07/08/2026 20:47:33 - INFO - utils.trainer -     Precision: 0.36339
07/08/2026 20:47:33 - INFO - utils.trainer -     Recall: 0.36102
07/08/2026 20:47:33 - INFO - utils.trainer -     F_score: 0.33517
07/08/2026 20:47:33 - INFO - utils.trainer -     Loss: 1.62668
