07/29/2026 19:30:54 - INFO - __main__ -   ########## Repeat:0 ##########
07/29/2026 19:30:54 - INFO - utils.trainer -   ***** Running training *****
07/29/2026 19:30:54 - INFO - utils.trainer -     Num examples = 9
07/29/2026 19:30:54 - INFO - utils.trainer -     Num Epochs = 200
07/29/2026 19:30:54 - INFO - utils.trainer -     Total train batch size = 3
07/29/2026 19:30:54 - INFO - utils.trainer -     warmup steps = 400
07/29/2026 19:30:54 - INFO - utils.trainer -     Total optimization steps = 1800
07/29/2026 19:30:54 - INFO - utils.trainer -     Save steps = 200
07/29/2026 19:30:57 - INFO - utils.trainer -   ***** Running evaluation on val dataset *****
07/29/2026 19:30:59 - INFO - utils.trainer -   Loss: 2.07466
07/29/2026 19:30:59 - INFO - utils.trainer -   AUC: 0.67841
07/29/2026 19:30:59 - INFO - utils.trainer -   Accuracy: 0.53559
07/29/2026 19:30:59 - INFO - utils.trainer -   Precision: 0.53559
07/29/2026 19:30:59 - INFO - utils.trainer -   Specificity: 0.00000
07/29/2026 19:30:59 - INFO - utils.trainer -   Sensitivity: 1.00000
07/29/2026 19:30:59 - INFO - utils.trainer -   Model saved to output_dir/ALTER
07/29/2026 19:30:59 - INFO - utils.trainer -   Best model saved (val_AUC=0.6784)
07/29/2026 19:30:59 - INFO - utils.trainer -   Epoch: 1, Loss: 2.07367, Val loss: 2.07466, Val AUC: 0.6784, Best val AUC: 0.6784, No improve: 0/10, Time: 2.3s
07/29/2026 19:31:01 - INFO - utils.trainer -   ***** Running evaluation on val dataset *****
07/29/2026 19:31:03 - INFO - utils.trainer -   Loss: 2.07114
07/29/2026 19:31:03 - INFO - utils.trainer -   AUC: 0.70767
07/29/2026 19:31:03 - INFO - utils.trainer -   Accuracy: 0.53559
07/29/2026 19:31:03 - INFO - utils.trainer -   Precision: 0.53559
07/29/2026 19:31:03 - INFO - utils.trainer -   Specificity: 0.00000
07/29/2026 19:31:03 - INFO - utils.trainer -   Sensitivity: 1.00000
07/29/2026 19:31:03 - INFO - utils.trainer -   Model saved to output_dir/ALTER
07/29/2026 19:31:03 - INFO - utils.trainer -   Best model saved (val_AUC=0.7077)
07/29/2026 19:31:03 - INFO - utils.trainer -   Epoch: 2, Loss: 2.05020, Val loss: 2.07114, Val AUC: 0.7077, Best val AUC: 0.7077, No improve: 0/10, Time: 1.8s
07/29/2026 19:31:04 - INFO - utils.trainer -   ***** Running evaluation on val dataset *****
07/29/2026 19:31:07 - INFO - utils.trainer -   Loss: 2.06741
07/29/2026 19:31:07 - INFO - utils.trainer -   AUC: 0.70801
07/29/2026 19:31:07 - INFO - utils.trainer -   Accuracy: 0.53559
07/29/2026 19:31:07 - INFO - utils.trainer -   Precision: 0.53559
07/29/2026 19:31:07 - INFO - utils.trainer -   Specificity: 0.00000
07/29/2026 19:31:07 - INFO - utils.trainer -   Sensitivity: 1.00000
07/29/2026 19:31:07 - INFO - utils.trainer -   Epoch: 3, Loss: 2.02150, Val loss: 2.06741, Val AUC: 0.7080, Best val AUC: 0.7077, No improve: 1/10, Time: 1.7s
07/29/2026 19:31:08 - INFO - utils.trainer -   ***** Running evaluation on val dataset *****
07/29/2026 19:31:10 - INFO - utils.trainer -   Loss: 2.06212
07/29/2026 19:31:10 - INFO - utils.trainer -   AUC: 0.70732
07/29/2026 19:31:10 - INFO - utils.trainer -   Accuracy: 0.53559
07/29/2026 19:31:10 - INFO - utils.trainer -   Precision: 0.53559
07/29/2026 19:31:10 - INFO - utils.trainer -   Specificity: 0.00000
07/29/2026 19:31:10 - INFO - utils.trainer -   Sensitivity: 1.00000
07/29/2026 19:31:10 - INFO - utils.trainer -   Epoch: 4, Loss: 1.99840, Val loss: 2.06212, Val AUC: 0.7073, Best val AUC: 0.7077, No improve: 2/10, Time: 1.8s
07/29/2026 19:31:12 - INFO - utils.trainer -   ***** Running evaluation on val dataset *****
07/29/2026 19:31:14 - INFO - utils.trainer -   Loss: 2.05373
07/29/2026 19:31:14 - INFO - utils.trainer -   AUC: 0.70578
07/29/2026 19:31:14 - INFO - utils.trainer -   Accuracy: 0.53559
07/29/2026 19:31:14 - INFO - utils.trainer -   Precision: 0.53559
07/29/2026 19:31:14 - INFO - utils.trainer -   Specificity: 0.00000
07/29/2026 19:31:14 - INFO - utils.trainer -   Sensitivity: 1.00000
07/29/2026 19:31:14 - INFO - utils.trainer -   Epoch: 5, Loss: 2.08330, Val loss: 2.05373, Val AUC: 0.7058, Best val AUC: 0.7077, No improve: 3/10, Time: 1.8s
07/29/2026 19:31:16 - INFO - utils.trainer -   ***** Running evaluation on val dataset *****
07/29/2026 19:31:18 - INFO - utils.trainer -   Loss: 2.03306
07/29/2026 19:31:18 - INFO - utils.trainer -   AUC: 0.70584
07/29/2026 19:31:18 - INFO - utils.trainer -   Accuracy: 0.53559
07/29/2026 19:31:18 - INFO - utils.trainer -   Precision: 0.53559
07/29/2026 19:31:18 - INFO - utils.trainer -   Specificity: 0.00000
07/29/2026 19:31:18 - INFO - utils.trainer -   Sensitivity: 1.00000
07/29/2026 19:31:18 - INFO - utils.trainer -   Epoch: 6, Loss: 1.78475, Val loss: 2.03306, Val AUC: 0.7058, Best val AUC: 0.7077, No improve: 4/10, Time: 1.9s
07/29/2026 19:31:20 - INFO - utils.trainer -   ***** Running evaluation on val dataset *****
07/29/2026 19:31:22 - INFO - utils.trainer -   Loss: 2.00939
07/29/2026 19:31:22 - INFO - utils.trainer -   AUC: 0.70651
07/29/2026 19:31:22 - INFO - utils.trainer -   Accuracy: 0.53559
07/29/2026 19:31:22 - INFO - utils.trainer -   Precision: 0.53559
07/29/2026 19:31:22 - INFO - utils.trainer -   Specificity: 0.00000
07/29/2026 19:31:22 - INFO - utils.trainer -   Sensitivity: 1.00000
07/29/2026 19:31:22 - INFO - utils.trainer -   Epoch: 7, Loss: 2.12164, Val loss: 2.00939, Val AUC: 0.7065, Best val AUC: 0.7077, No improve: 5/10, Time: 1.8s
07/29/2026 19:31:24 - INFO - utils.trainer -   ***** Running evaluation on val dataset *****
07/29/2026 19:31:26 - INFO - utils.trainer -   Loss: 1.98842
07/29/2026 19:31:26 - INFO - utils.trainer -   AUC: 0.70512
07/29/2026 19:31:26 - INFO - utils.trainer -   Accuracy: 0.53559
07/29/2026 19:31:26 - INFO - utils.trainer -   Precision: 0.53559
07/29/2026 19:31:26 - INFO - utils.trainer -   Specificity: 0.00000
07/29/2026 19:31:26 - INFO - utils.trainer -   Sensitivity: 1.00000
07/29/2026 19:31:26 - INFO - utils.trainer -   Epoch: 8, Loss: 1.85626, Val loss: 1.98842, Val AUC: 0.7051, Best val AUC: 0.7077, No improve: 6/10, Time: 1.8s
07/29/2026 19:31:28 - INFO - utils.trainer -   ***** Running evaluation on val dataset *****
07/29/2026 19:31:30 - INFO - utils.trainer -   Loss: 1.99060
07/29/2026 19:31:30 - INFO - utils.trainer -   AUC: 0.70083
07/29/2026 19:31:30 - INFO - utils.trainer -   Accuracy: 0.53559
07/29/2026 19:31:30 - INFO - utils.trainer -   Precision: 0.53559
07/29/2026 19:31:30 - INFO - utils.trainer -   Specificity: 0.00000
07/29/2026 19:31:30 - INFO - utils.trainer -   Sensitivity: 1.00000
07/29/2026 19:31:30 - INFO - utils.trainer -   Epoch: 9, Loss: 1.87134, Val loss: 1.99060, Val AUC: 0.7008, Best val AUC: 0.7077, No improve: 7/10, Time: 1.7s
07/29/2026 19:31:32 - INFO - utils.trainer -   ***** Running evaluation on val dataset *****
07/29/2026 19:31:34 - INFO - utils.trainer -   Loss: 1.97554
07/29/2026 19:31:34 - INFO - utils.trainer -   AUC: 0.69703
07/29/2026 19:31:34 - INFO - utils.trainer -   Accuracy: 0.53559
07/29/2026 19:31:34 - INFO - utils.trainer -   Precision: 0.53559
07/29/2026 19:31:34 - INFO - utils.trainer -   Specificity: 0.00000
07/29/2026 19:31:34 - INFO - utils.trainer -   Sensitivity: 1.00000
07/29/2026 19:31:34 - INFO - utils.trainer -   Epoch: 10, Loss: 1.70094, Val loss: 1.97554, Val AUC: 0.6970, Best val AUC: 0.7077, No improve: 8/10, Time: 1.7s
07/29/2026 19:31:36 - INFO - utils.trainer -   ***** Running evaluation on val dataset *****
07/29/2026 19:31:38 - INFO - utils.trainer -   Loss: 1.95344
07/29/2026 19:31:38 - INFO - utils.trainer -   AUC: 0.68176
07/29/2026 19:31:38 - INFO - utils.trainer -   Accuracy: 0.53559
07/29/2026 19:31:38 - INFO - utils.trainer -   Precision: 0.53559
07/29/2026 19:31:38 - INFO - utils.trainer -   Specificity: 0.00000
07/29/2026 19:31:38 - INFO - utils.trainer -   Sensitivity: 1.00000
07/29/2026 19:31:38 - INFO - utils.trainer -   Epoch: 11, Loss: 1.59892, Val loss: 1.95344, Val AUC: 0.6818, Best val AUC: 0.7077, No improve: 9/10, Time: 1.8s
07/29/2026 19:31:40 - INFO - utils.trainer -   ***** Running evaluation on val dataset *****
07/29/2026 19:31:42 - INFO - utils.trainer -   Loss: 1.99329
07/29/2026 19:31:42 - INFO - utils.trainer -   AUC: 0.71121
07/29/2026 19:31:42 - INFO - utils.trainer -   Accuracy: 0.53559
07/29/2026 19:31:42 - INFO - utils.trainer -   Precision: 0.53559
07/29/2026 19:31:42 - INFO - utils.trainer -   Specificity: 0.00000
07/29/2026 19:31:42 - INFO - utils.trainer -   Sensitivity: 1.00000
07/29/2026 19:31:42 - INFO - utils.trainer -   Model saved to output_dir/ALTER
07/29/2026 19:31:42 - INFO - utils.trainer -   Best model saved (val_AUC=0.7112)
07/29/2026 19:31:42 - INFO - utils.trainer -   Epoch: 12, Loss: 1.44942, Val loss: 1.99329, Val AUC: 0.7112, Best val AUC: 0.7112, No improve: 0/10, Time: 1.8s
07/29/2026 19:31:43 - INFO - utils.trainer -   ***** Running evaluation on val dataset *****
07/29/2026 19:31:46 - INFO - utils.trainer -   Loss: 2.03073
07/29/2026 19:31:46 - INFO - utils.trainer -   AUC: 0.71642
07/29/2026 19:31:46 - INFO - utils.trainer -   Accuracy: 0.53559
07/29/2026 19:31:46 - INFO - utils.trainer -   Precision: 0.53559
07/29/2026 19:31:46 - INFO - utils.trainer -   Specificity: 0.00000
07/29/2026 19:31:46 - INFO - utils.trainer -   Sensitivity: 1.00000
07/29/2026 19:31:46 - INFO - utils.trainer -   Model saved to output_dir/ALTER
07/29/2026 19:31:46 - INFO - utils.trainer -   Best model saved (val_AUC=0.7164)
07/29/2026 19:31:46 - INFO - utils.trainer -   Epoch: 13, Loss: 1.29022, Val loss: 2.03073, Val AUC: 0.7164, Best val AUC: 0.7164, No improve: 0/10, Time: 1.7s
07/29/2026 19:31:47 - INFO - utils.trainer -   ***** Running evaluation on val dataset *****
07/29/2026 19:31:49 - INFO - utils.trainer -   Loss: 2.03674
07/29/2026 19:31:49 - INFO - utils.trainer -   AUC: 0.72260
07/29/2026 19:31:49 - INFO - utils.trainer -   Accuracy: 0.62066
07/29/2026 19:31:49 - INFO - utils.trainer -   Precision: 0.59978
07/29/2026 19:31:49 - INFO - utils.trainer -   Specificity: 0.32523
07/29/2026 19:31:49 - INFO - utils.trainer -   Sensitivity: 0.87682
07/29/2026 19:31:49 - INFO - utils.trainer -   Model saved to output_dir/ALTER
07/29/2026 19:31:49 - INFO - utils.trainer -   Best model saved (val_AUC=0.7226)
07/29/2026 19:31:49 - INFO - utils.trainer -   Epoch: 14, Loss: 1.53798, Val loss: 2.03674, Val AUC: 0.7226, Best val AUC: 0.7226, No improve: 0/10, Time: 1.7s
07/29/2026 19:31:51 - INFO - utils.trainer -   ***** Running evaluation on val dataset *****
07/29/2026 19:31:53 - INFO - utils.trainer -   Loss: 2.02125
07/29/2026 19:31:53 - INFO - utils.trainer -   AUC: 0.72467
07/29/2026 19:31:53 - INFO - utils.trainer -   Accuracy: 0.66753
07/29/2026 19:31:53 - INFO - utils.trainer -   Precision: 0.70745
07/29/2026 19:31:53 - INFO - utils.trainer -   Specificity: 0.69159
07/29/2026 19:31:53 - INFO - utils.trainer -   Sensitivity: 0.64668
07/29/2026 19:31:53 - INFO - utils.trainer -   Model saved to output_dir/ALTER
07/29/2026 19:31:53 - INFO - utils.trainer -   Best model saved (val_AUC=0.7247)
07/29/2026 19:31:53 - INFO - utils.trainer -   Epoch: 15, Loss: 1.22875, Val loss: 2.02125, Val AUC: 0.7247, Best val AUC: 0.7247, No improve: 0/10, Time: 1.7s
07/29/2026 19:31:55 - INFO - utils.trainer -   ***** Running evaluation on val dataset *****
07/29/2026 19:31:57 - INFO - utils.trainer -   Loss: 2.09975
07/29/2026 19:31:57 - INFO - utils.trainer -   AUC: 0.72458
07/29/2026 19:31:57 - INFO - utils.trainer -   Accuracy: 0.66753
07/29/2026 19:31:57 - INFO - utils.trainer -   Precision: 0.68000
07/29/2026 19:31:57 - INFO - utils.trainer -   Specificity: 0.61121
07/29/2026 19:31:57 - INFO - utils.trainer -   Sensitivity: 0.71637
07/29/2026 19:31:57 - INFO - utils.trainer -   Epoch: 16, Loss: 1.34532, Val loss: 2.09975, Val AUC: 0.7246, Best val AUC: 0.7247, No improve: 1/10, Time: 1.8s
07/29/2026 19:31:59 - INFO - utils.trainer -   ***** Running evaluation on val dataset *****
07/29/2026 19:32:01 - INFO - utils.trainer -   Loss: 2.07522
07/29/2026 19:32:01 - INFO - utils.trainer -   AUC: 0.71853
07/29/2026 19:32:01 - INFO - utils.trainer -   Accuracy: 0.65451
07/29/2026 19:32:01 - INFO - utils.trainer -   Precision: 0.72485
07/29/2026 19:32:01 - INFO - utils.trainer -   Specificity: 0.74953
07/29/2026 19:32:01 - INFO - utils.trainer -   Sensitivity: 0.57212
07/29/2026 19:32:01 - INFO - utils.trainer -   Epoch: 17, Loss: 1.37152, Val loss: 2.07522, Val AUC: 0.7185, Best val AUC: 0.7247, No improve: 2/10, Time: 1.8s
07/29/2026 19:32:03 - INFO - utils.trainer -   ***** Running evaluation on val dataset *****
07/29/2026 19:32:05 - INFO - utils.trainer -   Loss: 2.21425
07/29/2026 19:32:05 - INFO - utils.trainer -   AUC: 0.71192
07/29/2026 19:32:05 - INFO - utils.trainer -   Accuracy: 0.63542
07/29/2026 19:32:05 - INFO - utils.trainer -   Precision: 0.63438
07/29/2026 19:32:05 - INFO - utils.trainer -   Specificity: 0.49907
07/29/2026 19:32:05 - INFO - utils.trainer -   Sensitivity: 0.75365
07/29/2026 19:32:05 - INFO - utils.trainer -   Epoch: 18, Loss: 1.24761, Val loss: 2.21425, Val AUC: 0.7119, Best val AUC: 0.7247, No improve: 3/10, Time: 1.8s
07/29/2026 19:32:06 - INFO - utils.trainer -   ***** Running evaluation on val dataset *****
07/29/2026 19:32:08 - INFO - utils.trainer -   Loss: 2.12608
07/29/2026 19:32:08 - INFO - utils.trainer -   AUC: 0.69631
07/29/2026 19:32:08 - INFO - utils.trainer -   Accuracy: 0.63194
07/29/2026 19:32:08 - INFO - utils.trainer -   Precision: 0.64425
07/29/2026 19:32:08 - INFO - utils.trainer -   Specificity: 0.55514
07/29/2026 19:32:08 - INFO - utils.trainer -   Sensitivity: 0.69854
07/29/2026 19:32:08 - INFO - utils.trainer -   Epoch: 19, Loss: 1.24918, Val loss: 2.12608, Val AUC: 0.6963, Best val AUC: 0.7247, No improve: 4/10, Time: 1.8s
07/29/2026 19:32:10 - INFO - utils.trainer -   ***** Running evaluation on val dataset *****
07/29/2026 19:32:12 - INFO - utils.trainer -   Loss: 2.43590
07/29/2026 19:32:12 - INFO - utils.trainer -   AUC: 0.70358
07/29/2026 19:32:12 - INFO - utils.trainer -   Accuracy: 0.60764
07/29/2026 19:32:12 - INFO - utils.trainer -   Precision: 0.59786
07/29/2026 19:32:12 - INFO - utils.trainer -   Specificity: 0.36636
07/29/2026 19:32:12 - INFO - utils.trainer -   Sensitivity: 0.81686
07/29/2026 19:32:12 - INFO - utils.trainer -   Epoch: 20, Loss: 0.87548, Val loss: 2.43590, Val AUC: 0.7036, Best val AUC: 0.7247, No improve: 5/10, Time: 1.7s
07/29/2026 19:32:14 - INFO - utils.trainer -   ***** Running evaluation on val dataset *****
07/29/2026 19:32:16 - INFO - utils.trainer -   Loss: 2.15487
07/29/2026 19:32:16 - INFO - utils.trainer -   AUC: 0.69785
07/29/2026 19:32:16 - INFO - utils.trainer -   Accuracy: 0.67101
07/29/2026 19:32:16 - INFO - utils.trainer -   Precision: 0.74089
07/29/2026 19:32:16 - INFO - utils.trainer -   Specificity: 0.76075
07/29/2026 19:32:16 - INFO - utils.trainer -   Sensitivity: 0.59319
07/29/2026 19:32:16 - INFO - utils.trainer -   Epoch: 21, Loss: 1.41351, Val loss: 2.15487, Val AUC: 0.6979, Best val AUC: 0.7247, No improve: 6/10, Time: 1.9s
07/29/2026 19:32:18 - INFO - utils.trainer -   ***** Running evaluation on val dataset *****
07/29/2026 19:32:20 - INFO - utils.trainer -   Loss: 2.16654
07/29/2026 19:32:20 - INFO - utils.trainer -   AUC: 0.69308
07/29/2026 19:32:20 - INFO - utils.trainer -   Accuracy: 0.67188
07/29/2026 19:32:20 - INFO - utils.trainer -   Precision: 0.76035
07/29/2026 19:32:20 - INFO - utils.trainer -   Specificity: 0.79439
07/29/2026 19:32:20 - INFO - utils.trainer -   Sensitivity: 0.56564
07/29/2026 19:32:20 - INFO - utils.trainer -   Epoch: 22, Loss: 0.85820, Val loss: 2.16654, Val AUC: 0.6931, Best val AUC: 0.7247, No improve: 7/10, Time: 1.9s
07/29/2026 19:32:22 - INFO - utils.trainer -   ***** Running evaluation on val dataset *****
07/29/2026 19:32:24 - INFO - utils.trainer -   Loss: 2.39325
07/29/2026 19:32:24 - INFO - utils.trainer -   AUC: 0.70324
07/29/2026 19:32:24 - INFO - utils.trainer -   Accuracy: 0.63889
07/29/2026 19:32:24 - INFO - utils.trainer -   Precision: 0.64978
07/29/2026 19:32:24 - INFO - utils.trainer -   Specificity: 0.56075
07/29/2026 19:32:24 - INFO - utils.trainer -   Sensitivity: 0.70665
07/29/2026 19:32:24 - INFO - utils.trainer -   Epoch: 23, Loss: 0.83672, Val loss: 2.39325, Val AUC: 0.7032, Best val AUC: 0.7247, No improve: 8/10, Time: 1.9s
07/29/2026 19:32:26 - INFO - utils.trainer -   ***** Running evaluation on val dataset *****
07/29/2026 19:32:28 - INFO - utils.trainer -   Loss: 2.27939
07/29/2026 19:32:28 - INFO - utils.trainer -   AUC: 0.69583
07/29/2026 19:32:28 - INFO - utils.trainer -   Accuracy: 0.66840
07/29/2026 19:32:28 - INFO - utils.trainer -   Precision: 0.76524
07/29/2026 19:32:28 - INFO - utils.trainer -   Specificity: 0.80561
07/29/2026 19:32:28 - INFO - utils.trainer -   Sensitivity: 0.54943
07/29/2026 19:32:28 - INFO - utils.trainer -   Epoch: 24, Loss: 1.06102, Val loss: 2.27939, Val AUC: 0.6958, Best val AUC: 0.7247, No improve: 9/10, Time: 1.8s
07/29/2026 19:32:30 - INFO - utils.trainer -   ***** Running evaluation on val dataset *****
07/29/2026 19:32:32 - INFO - utils.trainer -   Loss: 2.30732
07/29/2026 19:32:32 - INFO - utils.trainer -   AUC: 0.69864
07/29/2026 19:32:32 - INFO - utils.trainer -   Accuracy: 0.67361
07/29/2026 19:32:32 - INFO - utils.trainer -   Precision: 0.76718
07/29/2026 19:32:32 - INFO - utils.trainer -   Specificity: 0.80374
07/29/2026 19:32:32 - INFO - utils.trainer -   Sensitivity: 0.56078
07/29/2026 19:32:32 - INFO - utils.trainer -   Epoch: 25, Loss: 1.06430, Val loss: 2.30732, Val AUC: 0.6986, Best val AUC: 0.7247, No improve: 10/10, Time: 1.9s
07/29/2026 19:32:32 - INFO - utils.trainer -   Early stopping triggered at epoch 25
07/29/2026 19:32:32 - INFO - utils.trainer -   Early stopping triggered at epoch 25
07/29/2026 19:32:32 - INFO - utils.trainer -   Early stopping triggered at epoch 25
07/29/2026 19:32:32 - INFO - utils.trainer -   Early stopping triggered at epoch 25
07/29/2026 19:32:32 - INFO - utils.trainer -   Early stopping triggered at epoch 25
07/29/2026 19:32:32 - INFO - utils.trainer -   Early stopping triggered at epoch 25
07/29/2026 19:32:32 - INFO - utils.trainer -     7 keys not in checkpoint (kept from init)
07/29/2026 19:32:32 - INFO - utils.trainer -   Model loaded from output_dir/ALTER/ALTER-0.bin (26/26 keys)
07/29/2026 19:32:32 - INFO - utils.trainer -   ***** Running evaluation on test dataset *****
07/29/2026 19:32:32 - INFO - utils.trainer -     7 keys not in checkpoint (kept from init)
07/29/2026 19:32:32 - INFO - utils.trainer -   Model loaded from output_dir/ALTER/ALTER-0.bin (26/26 keys)
07/29/2026 19:32:32 - INFO - utils.trainer -     7 keys not in checkpoint (kept from init)
07/29/2026 19:32:32 - INFO - utils.trainer -   Model loaded from output_dir/ALTER/ALTER-0.bin (26/26 keys)
07/29/2026 19:32:32 - INFO - utils.trainer -     7 keys not in checkpoint (kept from init)
07/29/2026 19:32:32 - INFO - utils.trainer -   Model loaded from output_dir/ALTER/ALTER-0.bin (26/26 keys)
07/29/2026 19:32:32 - INFO - utils.trainer -     7 keys not in checkpoint (kept from init)
07/29/2026 19:32:32 - INFO - utils.trainer -   Model loaded from output_dir/ALTER/ALTER-0.bin (26/26 keys)
07/29/2026 19:32:32 - INFO - utils.trainer -     7 keys not in checkpoint (kept from init)
07/29/2026 19:32:32 - INFO - utils.trainer -   Model loaded from output_dir/ALTER/ALTER-0.bin (26/26 keys)
07/29/2026 19:32:34 - INFO - utils.trainer -   Loss: 1.94506
07/29/2026 19:32:34 - INFO - utils.trainer -   AUC: 0.71407
07/29/2026 19:32:34 - INFO - utils.trainer -   Accuracy: 0.65702
07/29/2026 19:32:34 - INFO - utils.trainer -   Precision: 0.72583
07/29/2026 19:32:34 - INFO - utils.trainer -   Specificity: 0.68293
07/29/2026 19:32:34 - INFO - utils.trainer -   Sensitivity: 0.63735
07/29/2026 19:32:34 - INFO - utils.trainer -   === Best epoch test result ===
07/29/2026 19:32:34 - INFO - utils.trainer -     Loss: 1.94506
07/29/2026 19:32:34 - INFO - utils.trainer -     AUC: 0.71407
07/29/2026 19:32:34 - INFO - utils.trainer -     Accuracy: 0.65702
07/29/2026 19:32:34 - INFO - utils.trainer -     Precision: 0.72583
07/29/2026 19:32:34 - INFO - utils.trainer -     Specificity: 0.68293
07/29/2026 19:32:34 - INFO - utils.trainer -     Sensitivity: 0.63735
07/29/2026 19:32:34 - INFO - utils.trainer -   Model saved to output_dir/ALTER/final-epoch-200
07/29/2026 19:32:34 - INFO - utils.trainer -   Final model saved at epoch 200
