07/27/2026 23:47:18 - INFO - __main__ -   ########## Repeat:0 ##########
07/27/2026 23:47:18 - INFO - utils.trainer -   ***** Running training *****
07/27/2026 23:47:18 - INFO - utils.trainer -     Num examples = 216
07/27/2026 23:47:18 - INFO - utils.trainer -     Num Epochs = 200
07/27/2026 23:47:18 - INFO - utils.trainer -     Total train batch size = 4
07/27/2026 23:47:18 - INFO - utils.trainer -     warmup steps = 400
07/27/2026 23:47:18 - INFO - utils.trainer -     Total optimization steps = 43200
07/27/2026 23:47:18 - INFO - utils.trainer -     Save steps = 25
07/27/2026 23:48:17 - INFO - utils.trainer -   ***** Running evaluation on val dataset *****
07/27/2026 23:48:28 - INFO - utils.trainer -   Loss: 0.65531
07/27/2026 23:48:28 - INFO - utils.trainer -   AUC: 0.66598
07/27/2026 23:48:28 - INFO - utils.trainer -   Accuracy: 0.61979
07/27/2026 23:48:28 - INFO - utils.trainer -   Precision: 0.60955
07/27/2026 23:48:28 - INFO - utils.trainer -   Recall: 0.80713
07/27/2026 23:48:28 - INFO - utils.trainer -   F_score: 0.69456
07/27/2026 23:48:28 - INFO - utils.trainer -   Specificity: 0.00000
07/27/2026 23:48:28 - INFO - utils.trainer -   Sensitivity: 0.00000
07/27/2026 23:48:28 - INFO - utils.trainer -   ***** Running evaluation on test dataset *****
07/27/2026 23:48:38 - INFO - utils.trainer -   Loss: 0.64155
07/27/2026 23:48:38 - INFO - utils.trainer -   AUC: 0.68323
07/27/2026 23:48:38 - INFO - utils.trainer -   Accuracy: 0.60526
07/27/2026 23:48:38 - INFO - utils.trainer -   Precision: 0.61485
07/27/2026 23:48:38 - INFO - utils.trainer -   Recall: 0.81790
07/27/2026 23:48:38 - INFO - utils.trainer -   F_score: 0.70199
07/27/2026 23:48:38 - INFO - utils.trainer -   Specificity: 0.00000
07/27/2026 23:48:38 - INFO - utils.trainer -   Sensitivity: 0.00000
07/27/2026 23:48:38 - INFO - utils.trainer -   Model saved to output_dir/TimeLLM
07/27/2026 23:48:38 - INFO - utils.trainer -   Best model saved (val_Accuracy=0.6198, test_acc=0.6053)
07/27/2026 23:48:38 - INFO - utils.trainer -   Epoch: 1, Loss: 0.73870, Val loss: 0.65531, Test loss: 0.64155, Val Acc: 0.6198, Best val Accuracy: 0.6198, No improve: 0/15, Time: 59.1s
07/27/2026 23:49:37 - INFO - utils.trainer -   ***** Running evaluation on val dataset *****
07/27/2026 23:49:48 - INFO - utils.trainer -   Loss: 0.66457
07/27/2026 23:49:48 - INFO - utils.trainer -   AUC: 0.66543
07/27/2026 23:49:48 - INFO - utils.trainer -   Accuracy: 0.62587
07/27/2026 23:49:48 - INFO - utils.trainer -   Precision: 0.80195
07/27/2026 23:49:48 - INFO - utils.trainer -   Recall: 0.40032
07/27/2026 23:49:48 - INFO - utils.trainer -   F_score: 0.53405
07/27/2026 23:49:48 - INFO - utils.trainer -   Specificity: 0.00000
07/27/2026 23:49:48 - INFO - utils.trainer -   Sensitivity: 0.00000
07/27/2026 23:49:48 - INFO - utils.trainer -   ***** Running evaluation on test dataset *****
07/27/2026 23:49:58 - INFO - utils.trainer -   Loss: 0.66640
07/27/2026 23:49:58 - INFO - utils.trainer -   AUC: 0.65766
07/27/2026 23:49:58 - INFO - utils.trainer -   Accuracy: 0.61228
07/27/2026 23:49:58 - INFO - utils.trainer -   Precision: 0.78453
07/27/2026 23:49:58 - INFO - utils.trainer -   Recall: 0.43827
07/27/2026 23:49:58 - INFO - utils.trainer -   F_score: 0.56238
07/27/2026 23:49:58 - INFO - utils.trainer -   Specificity: 0.00000
07/27/2026 23:49:58 - INFO - utils.trainer -   Sensitivity: 0.00000
07/27/2026 23:49:58 - INFO - utils.trainer -   Model saved to output_dir/TimeLLM
07/27/2026 23:49:58 - INFO - utils.trainer -   Best model saved (val_Accuracy=0.6259, test_acc=0.6123)
07/27/2026 23:49:58 - INFO - utils.trainer -   Epoch: 2, Loss: 0.68433, Val loss: 0.66457, Test loss: 0.66640, Val Acc: 0.6259, Best val Accuracy: 0.6259, No improve: 0/15, Time: 58.8s
07/27/2026 23:50:57 - INFO - utils.trainer -   ***** Running evaluation on val dataset *****
07/27/2026 23:51:07 - INFO - utils.trainer -   Loss: 0.74972
07/27/2026 23:51:07 - INFO - utils.trainer -   AUC: 0.67596
07/27/2026 23:51:07 - INFO - utils.trainer -   Accuracy: 0.53559
07/27/2026 23:51:07 - INFO - utils.trainer -   Precision: 0.53559
07/27/2026 23:51:07 - INFO - utils.trainer -   Recall: 1.00000
07/27/2026 23:51:07 - INFO - utils.trainer -   F_score: 0.69757
07/27/2026 23:51:07 - INFO - utils.trainer -   Specificity: 0.00000
07/27/2026 23:51:07 - INFO - utils.trainer -   Sensitivity: 0.00000
07/27/2026 23:51:07 - INFO - utils.trainer -   ***** Running evaluation on test dataset *****
07/27/2026 23:51:17 - INFO - utils.trainer -   Loss: 0.71892
07/27/2026 23:51:17 - INFO - utils.trainer -   AUC: 0.67330
07/27/2026 23:51:17 - INFO - utils.trainer -   Accuracy: 0.56842
07/27/2026 23:51:17 - INFO - utils.trainer -   Precision: 0.56842
07/27/2026 23:51:17 - INFO - utils.trainer -   Recall: 1.00000
07/27/2026 23:51:17 - INFO - utils.trainer -   F_score: 0.72483
07/27/2026 23:51:17 - INFO - utils.trainer -   Specificity: 0.00000
07/27/2026 23:51:17 - INFO - utils.trainer -   Sensitivity: 0.00000
07/27/2026 23:51:17 - INFO - utils.trainer -   Epoch: 3, Loss: 0.64692, Val loss: 0.74972, Test loss: 0.71892, Val Acc: 0.5356, Best val Accuracy: 0.6259, No improve: 1/15, Time: 58.8s
07/27/2026 23:52:16 - INFO - utils.trainer -   ***** Running evaluation on val dataset *****
07/27/2026 23:52:27 - INFO - utils.trainer -   Loss: 0.64965
07/27/2026 23:52:27 - INFO - utils.trainer -   AUC: 0.66968
07/27/2026 23:52:27 - INFO - utils.trainer -   Accuracy: 0.62587
07/27/2026 23:52:27 - INFO - utils.trainer -   Precision: 0.77035
07/27/2026 23:52:27 - INFO - utils.trainer -   Recall: 0.42950
07/27/2026 23:52:27 - INFO - utils.trainer -   F_score: 0.55151
07/27/2026 23:52:27 - INFO - utils.trainer -   Specificity: 0.00000
07/27/2026 23:52:27 - INFO - utils.trainer -   Sensitivity: 0.00000
07/27/2026 23:52:27 - INFO - utils.trainer -   ***** Running evaluation on test dataset *****
07/27/2026 23:52:37 - INFO - utils.trainer -   Loss: 0.64678
07/27/2026 23:52:37 - INFO - utils.trainer -   AUC: 0.66266
07/27/2026 23:52:37 - INFO - utils.trainer -   Accuracy: 0.61316
07/27/2026 23:52:37 - INFO - utils.trainer -   Precision: 0.76883
07/27/2026 23:52:37 - INFO - utils.trainer -   Recall: 0.45679
07/27/2026 23:52:37 - INFO - utils.trainer -   F_score: 0.57309
07/27/2026 23:52:37 - INFO - utils.trainer -   Specificity: 0.00000
07/27/2026 23:52:37 - INFO - utils.trainer -   Sensitivity: 0.00000
07/27/2026 23:52:37 - INFO - utils.trainer -   Epoch: 4, Loss: 0.64283, Val loss: 0.64965, Test loss: 0.64678, Val Acc: 0.6259, Best val Accuracy: 0.6259, No improve: 2/15, Time: 58.8s
07/27/2026 23:53:35 - INFO - utils.trainer -   ***** Running evaluation on val dataset *****
07/27/2026 23:53:46 - INFO - utils.trainer -   Loss: 0.62715
07/27/2026 23:53:46 - INFO - utils.trainer -   AUC: 0.70163
07/27/2026 23:53:46 - INFO - utils.trainer -   Accuracy: 0.65017
07/27/2026 23:53:46 - INFO - utils.trainer -   Precision: 0.68013
07/27/2026 23:53:46 - INFO - utils.trainer -   Recall: 0.65478
07/27/2026 23:53:46 - INFO - utils.trainer -   F_score: 0.66722
07/27/2026 23:53:46 - INFO - utils.trainer -   Specificity: 0.00000
07/27/2026 23:53:46 - INFO - utils.trainer -   Sensitivity: 0.00000
07/27/2026 23:53:46 - INFO - utils.trainer -   ***** Running evaluation on test dataset *****
07/27/2026 23:53:56 - INFO - utils.trainer -   Loss: 0.61004
07/27/2026 23:53:56 - INFO - utils.trainer -   AUC: 0.70560
07/27/2026 23:53:56 - INFO - utils.trainer -   Accuracy: 0.65439
07/27/2026 23:53:56 - INFO - utils.trainer -   Precision: 0.69538
07/27/2026 23:53:56 - INFO - utils.trainer -   Recall: 0.69753
07/27/2026 23:53:56 - INFO - utils.trainer -   F_score: 0.69646
07/27/2026 23:53:56 - INFO - utils.trainer -   Specificity: 0.00000
07/27/2026 23:53:56 - INFO - utils.trainer -   Sensitivity: 0.00000
07/27/2026 23:53:56 - INFO - utils.trainer -   Model saved to output_dir/TimeLLM
07/27/2026 23:53:56 - INFO - utils.trainer -   Best model saved (val_Accuracy=0.6502, test_acc=0.6544)
07/27/2026 23:53:56 - INFO - utils.trainer -   Epoch: 5, Loss: 0.62699, Val loss: 0.62715, Test loss: 0.61004, Val Acc: 0.6502, Best val Accuracy: 0.6502, No improve: 0/15, Time: 58.7s
07/27/2026 23:54:55 - INFO - utils.trainer -   ***** Running evaluation on val dataset *****
07/27/2026 23:55:06 - INFO - utils.trainer -   Loss: 0.72631
07/27/2026 23:55:06 - INFO - utils.trainer -   AUC: 0.69246
07/27/2026 23:55:06 - INFO - utils.trainer -   Accuracy: 0.53733
07/27/2026 23:55:06 - INFO - utils.trainer -   Precision: 0.53652
07/27/2026 23:55:06 - INFO - utils.trainer -   Recall: 1.00000
07/27/2026 23:55:06 - INFO - utils.trainer -   F_score: 0.69836
07/27/2026 23:55:06 - INFO - utils.trainer -   Specificity: 0.00000
07/27/2026 23:55:06 - INFO - utils.trainer -   Sensitivity: 0.00000
07/27/2026 23:55:06 - INFO - utils.trainer -   ***** Running evaluation on test dataset *****
07/27/2026 23:55:16 - INFO - utils.trainer -   Loss: 0.69423
07/27/2026 23:55:16 - INFO - utils.trainer -   AUC: 0.70535
07/27/2026 23:55:16 - INFO - utils.trainer -   Accuracy: 0.56754
07/27/2026 23:55:16 - INFO - utils.trainer -   Precision: 0.56816
07/27/2026 23:55:16 - INFO - utils.trainer -   Recall: 0.99691
07/27/2026 23:55:16 - INFO - utils.trainer -   F_score: 0.72381
07/27/2026 23:55:16 - INFO - utils.trainer -   Specificity: 0.00000
07/27/2026 23:55:16 - INFO - utils.trainer -   Sensitivity: 0.00000
07/27/2026 23:55:16 - INFO - utils.trainer -   Epoch: 6, Loss: 0.66898, Val loss: 0.72631, Test loss: 0.69423, Val Acc: 0.5373, Best val Accuracy: 0.6502, No improve: 1/15, Time: 59.1s
07/27/2026 23:56:15 - INFO - utils.trainer -   ***** Running evaluation on val dataset *****
07/27/2026 23:56:25 - INFO - utils.trainer -   Loss: 0.64804
07/27/2026 23:56:25 - INFO - utils.trainer -   AUC: 0.67707
07/27/2026 23:56:25 - INFO - utils.trainer -   Accuracy: 0.63802
07/27/2026 23:56:25 - INFO - utils.trainer -   Precision: 0.76455
07/27/2026 23:56:25 - INFO - utils.trainer -   Recall: 0.46840
07/27/2026 23:56:25 - INFO - utils.trainer -   F_score: 0.58090
07/27/2026 23:56:25 - INFO - utils.trainer -   Specificity: 0.00000
07/27/2026 23:56:25 - INFO - utils.trainer -   Sensitivity: 0.00000
07/27/2026 23:56:25 - INFO - utils.trainer -   ***** Running evaluation on test dataset *****
07/27/2026 23:56:36 - INFO - utils.trainer -   Loss: 0.62183
07/27/2026 23:56:36 - INFO - utils.trainer -   AUC: 0.71128
07/27/2026 23:56:36 - INFO - utils.trainer -   Accuracy: 0.64298
07/27/2026 23:56:36 - INFO - utils.trainer -   Precision: 0.76253
07/27/2026 23:56:36 - INFO - utils.trainer -   Recall: 0.54012
07/27/2026 23:56:36 - INFO - utils.trainer -   F_score: 0.63234
07/27/2026 23:56:36 - INFO - utils.trainer -   Specificity: 0.00000
07/27/2026 23:56:36 - INFO - utils.trainer -   Sensitivity: 0.00000
07/27/2026 23:56:36 - INFO - utils.trainer -   Epoch: 7, Loss: 0.64742, Val loss: 0.64804, Test loss: 0.62183, Val Acc: 0.6380, Best val Accuracy: 0.6502, No improve: 2/15, Time: 58.9s
07/27/2026 23:57:34 - INFO - utils.trainer -   ***** Running evaluation on val dataset *****
07/27/2026 23:57:44 - INFO - utils.trainer -   Loss: 0.64890
07/27/2026 23:57:44 - INFO - utils.trainer -   AUC: 0.68614
07/27/2026 23:57:44 - INFO - utils.trainer -   Accuracy: 0.60069
07/27/2026 23:57:44 - INFO - utils.trainer -   Precision: 0.59356
07/27/2026 23:57:44 - INFO - utils.trainer -   Recall: 0.80713
07/27/2026 23:57:44 - INFO - utils.trainer -   F_score: 0.68407
07/27/2026 23:57:44 - INFO - utils.trainer -   Specificity: 0.00000
07/27/2026 23:57:44 - INFO - utils.trainer -   Sensitivity: 0.00000
07/27/2026 23:57:44 - INFO - utils.trainer -   ***** Running evaluation on test dataset *****
07/27/2026 23:57:55 - INFO - utils.trainer -   Loss: 0.61347
07/27/2026 23:57:55 - INFO - utils.trainer -   AUC: 0.72429
07/27/2026 23:57:55 - INFO - utils.trainer -   Accuracy: 0.64035
07/27/2026 23:57:55 - INFO - utils.trainer -   Precision: 0.63523
07/27/2026 23:57:55 - INFO - utils.trainer -   Recall: 0.86265
07/27/2026 23:57:55 - INFO - utils.trainer -   F_score: 0.73168
07/27/2026 23:57:55 - INFO - utils.trainer -   Specificity: 0.00000
07/27/2026 23:57:55 - INFO - utils.trainer -   Sensitivity: 0.00000
07/27/2026 23:57:55 - INFO - utils.trainer -   Epoch: 8, Loss: 0.63980, Val loss: 0.64890, Test loss: 0.61347, Val Acc: 0.6007, Best val Accuracy: 0.6502, No improve: 3/15, Time: 58.6s
07/27/2026 23:58:53 - INFO - utils.trainer -   ***** Running evaluation on val dataset *****
07/27/2026 23:59:04 - INFO - utils.trainer -   Loss: 0.71586
07/27/2026 23:59:04 - INFO - utils.trainer -   AUC: 0.69441
07/27/2026 23:59:04 - INFO - utils.trainer -   Accuracy: 0.55642
07/27/2026 23:59:04 - INFO - utils.trainer -   Precision: 0.54758
07/27/2026 23:59:04 - INFO - utils.trainer -   Recall: 0.98865
07/27/2026 23:59:04 - INFO - utils.trainer -   F_score: 0.70479
07/27/2026 23:59:04 - INFO - utils.trainer -   Specificity: 0.00000
07/27/2026 23:59:04 - INFO - utils.trainer -   Sensitivity: 0.00000
07/27/2026 23:59:04 - INFO - utils.trainer -   ***** Running evaluation on test dataset *****
07/27/2026 23:59:14 - INFO - utils.trainer -   Loss: 0.67302
07/27/2026 23:59:14 - INFO - utils.trainer -   AUC: 0.72846
07/27/2026 23:59:14 - INFO - utils.trainer -   Accuracy: 0.58158
07/27/2026 23:59:14 - INFO - utils.trainer -   Precision: 0.57752
07/27/2026 23:59:14 - INFO - utils.trainer -   Recall: 0.98302
07/27/2026 23:59:14 - INFO - utils.trainer -   F_score: 0.72758
07/27/2026 23:59:14 - INFO - utils.trainer -   Specificity: 0.00000
07/27/2026 23:59:14 - INFO - utils.trainer -   Sensitivity: 0.00000
07/27/2026 23:59:14 - INFO - utils.trainer -   Epoch: 9, Loss: 0.60947, Val loss: 0.71586, Test loss: 0.67302, Val Acc: 0.5564, Best val Accuracy: 0.6502, No improve: 4/15, Time: 58.6s
07/28/2026 00:00:13 - INFO - utils.trainer -   ***** Running evaluation on val dataset *****
07/28/2026 00:00:23 - INFO - utils.trainer -   Loss: 0.64422
07/28/2026 00:00:23 - INFO - utils.trainer -   AUC: 0.68910
07/28/2026 00:00:23 - INFO - utils.trainer -   Accuracy: 0.63628
07/28/2026 00:00:23 - INFO - utils.trainer -   Precision: 0.66283
07/28/2026 00:00:23 - INFO - utils.trainer -   Recall: 0.65316
07/28/2026 00:00:23 - INFO - utils.trainer -   F_score: 0.65796
07/28/2026 00:00:23 - INFO - utils.trainer -   Specificity: 0.00000
07/28/2026 00:00:23 - INFO - utils.trainer -   Sensitivity: 0.00000
07/28/2026 00:00:23 - INFO - utils.trainer -   ***** Running evaluation on test dataset *****
07/28/2026 00:00:34 - INFO - utils.trainer -   Loss: 0.60780
07/28/2026 00:00:34 - INFO - utils.trainer -   AUC: 0.72011
07/28/2026 00:00:34 - INFO - utils.trainer -   Accuracy: 0.66140
07/28/2026 00:00:34 - INFO - utils.trainer -   Precision: 0.70216
07/28/2026 00:00:34 - INFO - utils.trainer -   Recall: 0.70216
07/28/2026 00:00:34 - INFO - utils.trainer -   F_score: 0.70216
07/28/2026 00:00:34 - INFO - utils.trainer -   Specificity: 0.00000
07/28/2026 00:00:34 - INFO - utils.trainer -   Sensitivity: 0.00000
07/28/2026 00:00:34 - INFO - utils.trainer -   Epoch: 10, Loss: 0.60593, Val loss: 0.64422, Test loss: 0.60780, Val Acc: 0.6363, Best val Accuracy: 0.6502, No improve: 5/15, Time: 59.2s
07/28/2026 00:01:33 - INFO - utils.trainer -   ***** Running evaluation on val dataset *****
07/28/2026 00:01:43 - INFO - utils.trainer -   Loss: 0.65023
07/28/2026 00:01:43 - INFO - utils.trainer -   AUC: 0.67860
07/28/2026 00:01:43 - INFO - utils.trainer -   Accuracy: 0.62674
07/28/2026 00:01:43 - INFO - utils.trainer -   Precision: 0.66847
07/28/2026 00:01:43 - INFO - utils.trainer -   Recall: 0.60130
07/28/2026 00:01:43 - INFO - utils.trainer -   F_score: 0.63311
07/28/2026 00:01:43 - INFO - utils.trainer -   Specificity: 0.00000
07/28/2026 00:01:43 - INFO - utils.trainer -   Sensitivity: 0.00000
07/28/2026 00:01:43 - INFO - utils.trainer -   ***** Running evaluation on test dataset *****
07/28/2026 00:01:53 - INFO - utils.trainer -   Loss: 0.61621
07/28/2026 00:01:53 - INFO - utils.trainer -   AUC: 0.70840
07/28/2026 00:01:53 - INFO - utils.trainer -   Accuracy: 0.64737
07/28/2026 00:01:53 - INFO - utils.trainer -   Precision: 0.70707
07/28/2026 00:01:53 - INFO - utils.trainer -   Recall: 0.64815
07/28/2026 00:01:53 - INFO - utils.trainer -   F_score: 0.67633
07/28/2026 00:01:53 - INFO - utils.trainer -   Specificity: 0.00000
07/28/2026 00:01:53 - INFO - utils.trainer -   Sensitivity: 0.00000
07/28/2026 00:01:53 - INFO - utils.trainer -   Epoch: 11, Loss: 0.60076, Val loss: 0.65023, Test loss: 0.61621, Val Acc: 0.6267, Best val Accuracy: 0.6502, No improve: 6/15, Time: 59.0s
07/28/2026 00:02:52 - INFO - utils.trainer -   ***** Running evaluation on val dataset *****
07/28/2026 00:03:02 - INFO - utils.trainer -   Loss: 0.64779
07/28/2026 00:03:02 - INFO - utils.trainer -   AUC: 0.68768
07/28/2026 00:03:02 - INFO - utils.trainer -   Accuracy: 0.63889
07/28/2026 00:03:02 - INFO - utils.trainer -   Precision: 0.66080
07/28/2026 00:03:02 - INFO - utils.trainer -   Recall: 0.66937
07/28/2026 00:03:02 - INFO - utils.trainer -   F_score: 0.66506
07/28/2026 00:03:02 - INFO - utils.trainer -   Specificity: 0.00000
07/28/2026 00:03:02 - INFO - utils.trainer -   Sensitivity: 0.00000
07/28/2026 00:03:02 - INFO - utils.trainer -   ***** Running evaluation on test dataset *****
07/28/2026 00:03:13 - INFO - utils.trainer -   Loss: 0.60799
07/28/2026 00:03:13 - INFO - utils.trainer -   AUC: 0.71555
07/28/2026 00:03:13 - INFO - utils.trainer -   Accuracy: 0.65789
07/28/2026 00:03:13 - INFO - utils.trainer -   Precision: 0.68915
07/28/2026 00:03:13 - INFO - utils.trainer -   Recall: 0.72531
07/28/2026 00:03:13 - INFO - utils.trainer -   F_score: 0.70677
07/28/2026 00:03:13 - INFO - utils.trainer -   Specificity: 0.00000
07/28/2026 00:03:13 - INFO - utils.trainer -   Sensitivity: 0.00000
07/28/2026 00:03:13 - INFO - utils.trainer -   Epoch: 12, Loss: 0.58024, Val loss: 0.64779, Test loss: 0.60799, Val Acc: 0.6389, Best val Accuracy: 0.6502, No improve: 7/15, Time: 58.9s
07/28/2026 00:04:12 - INFO - utils.trainer -   ***** Running evaluation on val dataset *****
07/28/2026 00:04:22 - INFO - utils.trainer -   Loss: 0.71880
07/28/2026 00:04:22 - INFO - utils.trainer -   AUC: 0.65507
07/28/2026 00:04:22 - INFO - utils.trainer -   Accuracy: 0.58073
07/28/2026 00:04:22 - INFO - utils.trainer -   Precision: 0.57346
07/28/2026 00:04:22 - INFO - utils.trainer -   Recall: 0.84765
07/28/2026 00:04:22 - INFO - utils.trainer -   F_score: 0.68411
07/28/2026 00:04:22 - INFO - utils.trainer -   Specificity: 0.00000
07/28/2026 00:04:22 - INFO - utils.trainer -   Sensitivity: 0.00000
07/28/2026 00:04:22 - INFO - utils.trainer -   ***** Running evaluation on test dataset *****
07/28/2026 00:04:32 - INFO - utils.trainer -   Loss: 0.66251
07/28/2026 00:04:32 - INFO - utils.trainer -   AUC: 0.69786
07/28/2026 00:04:32 - INFO - utils.trainer -   Accuracy: 0.63421
07/28/2026 00:04:32 - INFO - utils.trainer -   Precision: 0.62222
07/28/2026 00:04:32 - INFO - utils.trainer -   Recall: 0.90741
07/28/2026 00:04:32 - INFO - utils.trainer -   F_score: 0.73823
07/28/2026 00:04:32 - INFO - utils.trainer -   Specificity: 0.00000
07/28/2026 00:04:32 - INFO - utils.trainer -   Sensitivity: 0.00000
07/28/2026 00:04:32 - INFO - utils.trainer -   Epoch: 13, Loss: 0.58781, Val loss: 0.71880, Test loss: 0.66251, Val Acc: 0.5807, Best val Accuracy: 0.6502, No improve: 8/15, Time: 59.0s
07/28/2026 00:05:31 - INFO - utils.trainer -   ***** Running evaluation on val dataset *****
07/28/2026 00:05:41 - INFO - utils.trainer -   Loss: 0.67063
07/28/2026 00:05:41 - INFO - utils.trainer -   AUC: 0.66422
07/28/2026 00:05:41 - INFO - utils.trainer -   Accuracy: 0.61024
07/28/2026 00:05:41 - INFO - utils.trainer -   Precision: 0.61024
07/28/2026 00:05:41 - INFO - utils.trainer -   Recall: 0.75365
07/28/2026 00:05:41 - INFO - utils.trainer -   F_score: 0.67440
07/28/2026 00:05:41 - INFO - utils.trainer -   Specificity: 0.00000
07/28/2026 00:05:41 - INFO - utils.trainer -   Sensitivity: 0.00000
07/28/2026 00:05:41 - INFO - utils.trainer -   ***** Running evaluation on test dataset *****
07/28/2026 00:05:52 - INFO - utils.trainer -   Loss: 0.60299
07/28/2026 00:05:52 - INFO - utils.trainer -   AUC: 0.72676
07/28/2026 00:05:52 - INFO - utils.trainer -   Accuracy: 0.66140
07/28/2026 00:05:52 - INFO - utils.trainer -   Precision: 0.66881
07/28/2026 00:05:52 - INFO - utils.trainer -   Recall: 0.80093
07/28/2026 00:05:52 - INFO - utils.trainer -   F_score: 0.72893
07/28/2026 00:05:52 - INFO - utils.trainer -   Specificity: 0.00000
07/28/2026 00:05:52 - INFO - utils.trainer -   Sensitivity: 0.00000
07/28/2026 00:05:52 - INFO - utils.trainer -   Epoch: 14, Loss: 0.58767, Val loss: 0.67063, Test loss: 0.60299, Val Acc: 0.6102, Best val Accuracy: 0.6502, No improve: 9/15, Time: 59.1s
07/28/2026 00:06:51 - INFO - utils.trainer -   ***** Running evaluation on val dataset *****
07/28/2026 00:07:01 - INFO - utils.trainer -   Loss: 0.65641
07/28/2026 00:07:01 - INFO - utils.trainer -   AUC: 0.68214
07/28/2026 00:07:01 - INFO - utils.trainer -   Accuracy: 0.62587
07/28/2026 00:07:01 - INFO - utils.trainer -   Precision: 0.63676
07/28/2026 00:07:01 - INFO - utils.trainer -   Recall: 0.70178
07/28/2026 00:07:01 - INFO - utils.trainer -   F_score: 0.66769
07/28/2026 00:07:01 - INFO - utils.trainer -   Specificity: 0.00000
07/28/2026 00:07:01 - INFO - utils.trainer -   Sensitivity: 0.00000
07/28/2026 00:07:01 - INFO - utils.trainer -   ***** Running evaluation on test dataset *****
07/28/2026 00:07:11 - INFO - utils.trainer -   Loss: 0.59811
07/28/2026 00:07:11 - INFO - utils.trainer -   AUC: 0.73352
07/28/2026 00:07:11 - INFO - utils.trainer -   Accuracy: 0.66140
07/28/2026 00:07:11 - INFO - utils.trainer -   Precision: 0.67513
07/28/2026 00:07:11 - INFO - utils.trainer -   Recall: 0.77932
07/28/2026 00:07:11 - INFO - utils.trainer -   F_score: 0.72350
07/28/2026 00:07:11 - INFO - utils.trainer -   Specificity: 0.00000
07/28/2026 00:07:11 - INFO - utils.trainer -   Sensitivity: 0.00000
07/28/2026 00:07:11 - INFO - utils.trainer -   Epoch: 15, Loss: 0.55019, Val loss: 0.65641, Test loss: 0.59811, Val Acc: 0.6259, Best val Accuracy: 0.6502, No improve: 10/15, Time: 59.0s
07/28/2026 00:08:10 - INFO - utils.trainer -   ***** Running evaluation on val dataset *****
07/28/2026 00:08:21 - INFO - utils.trainer -   Loss: 0.65934
07/28/2026 00:08:21 - INFO - utils.trainer -   AUC: 0.68792
07/28/2026 00:08:21 - INFO - utils.trainer -   Accuracy: 0.64583
07/28/2026 00:08:21 - INFO - utils.trainer -   Precision: 0.65857
07/28/2026 00:08:21 - INFO - utils.trainer -   Recall: 0.70340
07/28/2026 00:08:21 - INFO - utils.trainer -   F_score: 0.68025
07/28/2026 00:08:21 - INFO - utils.trainer -   Specificity: 0.00000
07/28/2026 00:08:21 - INFO - utils.trainer -   Sensitivity: 0.00000
07/28/2026 00:08:21 - INFO - utils.trainer -   ***** Running evaluation on test dataset *****
07/28/2026 00:08:31 - INFO - utils.trainer -   Loss: 0.60379
07/28/2026 00:08:31 - INFO - utils.trainer -   AUC: 0.72709
07/28/2026 00:08:31 - INFO - utils.trainer -   Accuracy: 0.66053
07/28/2026 00:08:31 - INFO - utils.trainer -   Precision: 0.68050
07/28/2026 00:08:31 - INFO - utils.trainer -   Recall: 0.75926
07/28/2026 00:08:31 - INFO - utils.trainer -   F_score: 0.71772
07/28/2026 00:08:31 - INFO - utils.trainer -   Specificity: 0.00000
07/28/2026 00:08:31 - INFO - utils.trainer -   Sensitivity: 0.00000
07/28/2026 00:08:31 - INFO - utils.trainer -   Epoch: 16, Loss: 0.59095, Val loss: 0.65934, Test loss: 0.60379, Val Acc: 0.6458, Best val Accuracy: 0.6502, No improve: 11/15, Time: 58.9s
07/28/2026 00:09:30 - INFO - utils.trainer -   ***** Running evaluation on val dataset *****
07/28/2026 00:09:40 - INFO - utils.trainer -   Loss: 0.69313
07/28/2026 00:09:40 - INFO - utils.trainer -   AUC: 0.69020
07/28/2026 00:09:40 - INFO - utils.trainer -   Accuracy: 0.61285
07/28/2026 00:09:40 - INFO - utils.trainer -   Precision: 0.75831
07/28/2026 00:09:40 - INFO - utils.trainer -   Recall: 0.40681
07/28/2026 00:09:40 - INFO - utils.trainer -   F_score: 0.52954
07/28/2026 00:09:40 - INFO - utils.trainer -   Specificity: 0.00000
07/28/2026 00:09:40 - INFO - utils.trainer -   Sensitivity: 0.00000
07/28/2026 00:09:40 - INFO - utils.trainer -   ***** Running evaluation on test dataset *****
07/28/2026 00:09:51 - INFO - utils.trainer -   Loss: 0.65036
07/28/2026 00:09:51 - INFO - utils.trainer -   AUC: 0.72009
07/28/2026 00:09:51 - INFO - utils.trainer -   Accuracy: 0.62807
07/28/2026 00:09:51 - INFO - utils.trainer -   Precision: 0.77861
07/28/2026 00:09:51 - INFO - utils.trainer -   Recall: 0.48302
07/28/2026 00:09:51 - INFO - utils.trainer -   F_score: 0.59619
07/28/2026 00:09:51 - INFO - utils.trainer -   Specificity: 0.00000
07/28/2026 00:09:51 - INFO - utils.trainer -   Sensitivity: 0.00000
07/28/2026 00:09:51 - INFO - utils.trainer -   Epoch: 17, Loss: 0.56814, Val loss: 0.69313, Test loss: 0.65036, Val Acc: 0.6128, Best val Accuracy: 0.6502, No improve: 12/15, Time: 59.2s
07/28/2026 00:10:50 - INFO - utils.trainer -   ***** Running evaluation on val dataset *****
07/28/2026 00:11:00 - INFO - utils.trainer -   Loss: 0.66783
07/28/2026 00:11:00 - INFO - utils.trainer -   AUC: 0.67272
07/28/2026 00:11:00 - INFO - utils.trainer -   Accuracy: 0.63194
07/28/2026 00:11:00 - INFO - utils.trainer -   Precision: 0.69034
07/28/2026 00:11:00 - INFO - utils.trainer -   Recall: 0.56726
07/28/2026 00:11:00 - INFO - utils.trainer -   F_score: 0.62278
07/28/2026 00:11:00 - INFO - utils.trainer -   Specificity: 0.00000
07/28/2026 00:11:00 - INFO - utils.trainer -   Sensitivity: 0.00000
07/28/2026 00:11:00 - INFO - utils.trainer -   ***** Running evaluation on test dataset *****
07/28/2026 00:11:10 - INFO - utils.trainer -   Loss: 0.61117
07/28/2026 00:11:10 - INFO - utils.trainer -   AUC: 0.71829
07/28/2026 00:11:10 - INFO - utils.trainer -   Accuracy: 0.64474
07/28/2026 00:11:10 - INFO - utils.trainer -   Precision: 0.70352
07/28/2026 00:11:10 - INFO - utils.trainer -   Recall: 0.64815
07/28/2026 00:11:10 - INFO - utils.trainer -   F_score: 0.67470
07/28/2026 00:11:10 - INFO - utils.trainer -   Specificity: 0.00000
07/28/2026 00:11:10 - INFO - utils.trainer -   Sensitivity: 0.00000
07/28/2026 00:11:10 - INFO - utils.trainer -   Epoch: 18, Loss: 0.56218, Val loss: 0.66783, Test loss: 0.61117, Val Acc: 0.6319, Best val Accuracy: 0.6502, No improve: 13/15, Time: 59.0s
07/28/2026 00:12:09 - INFO - utils.trainer -   ***** Running evaluation on val dataset *****
07/28/2026 00:12:20 - INFO - utils.trainer -   Loss: 0.66269
07/28/2026 00:12:20 - INFO - utils.trainer -   AUC: 0.68928
07/28/2026 00:12:20 - INFO - utils.trainer -   Accuracy: 0.62326
07/28/2026 00:12:20 - INFO - utils.trainer -   Precision: 0.62449
07/28/2026 00:12:20 - INFO - utils.trainer -   Recall: 0.74392
07/28/2026 00:12:20 - INFO - utils.trainer -   F_score: 0.67899
07/28/2026 00:12:20 - INFO - utils.trainer -   Specificity: 0.00000
07/28/2026 00:12:20 - INFO - utils.trainer -   Sensitivity: 0.00000
07/28/2026 00:12:20 - INFO - utils.trainer -   ***** Running evaluation on test dataset *****
07/28/2026 00:12:30 - INFO - utils.trainer -   Loss: 0.62397
07/28/2026 00:12:30 - INFO - utils.trainer -   AUC: 0.71496
07/28/2026 00:12:30 - INFO - utils.trainer -   Accuracy: 0.65088
07/28/2026 00:12:30 - INFO - utils.trainer -   Precision: 0.66404
07/28/2026 00:12:30 - INFO - utils.trainer -   Recall: 0.78086
07/28/2026 00:12:30 - INFO - utils.trainer -   F_score: 0.71773
07/28/2026 00:12:30 - INFO - utils.trainer -   Specificity: 0.00000
07/28/2026 00:12:30 - INFO - utils.trainer -   Sensitivity: 0.00000
07/28/2026 00:12:30 - INFO - utils.trainer -   Epoch: 19, Loss: 0.53403, Val loss: 0.66269, Test loss: 0.62397, Val Acc: 0.6233, Best val Accuracy: 0.6502, No improve: 14/15, Time: 58.9s
07/28/2026 00:13:29 - INFO - utils.trainer -   ***** Running evaluation on val dataset *****
07/28/2026 00:13:39 - INFO - utils.trainer -   Loss: 0.67937
07/28/2026 00:13:39 - INFO - utils.trainer -   AUC: 0.68419
07/28/2026 00:13:39 - INFO - utils.trainer -   Accuracy: 0.63628
07/28/2026 00:13:39 - INFO - utils.trainer -   Precision: 0.71711
07/28/2026 00:13:39 - INFO - utils.trainer -   Recall: 0.52998
07/28/2026 00:13:39 - INFO - utils.trainer -   F_score: 0.60951
07/28/2026 00:13:39 - INFO - utils.trainer -   Specificity: 0.00000
07/28/2026 00:13:39 - INFO - utils.trainer -   Sensitivity: 0.00000
07/28/2026 00:13:39 - INFO - utils.trainer -   ***** Running evaluation on test dataset *****
07/28/2026 00:13:50 - INFO - utils.trainer -   Loss: 0.61351
07/28/2026 00:13:50 - INFO - utils.trainer -   AUC: 0.73169
07/28/2026 00:13:50 - INFO - utils.trainer -   Accuracy: 0.64474
07/28/2026 00:13:50 - INFO - utils.trainer -   Precision: 0.72968
07/28/2026 00:13:50 - INFO - utils.trainer -   Recall: 0.59568
07/28/2026 00:13:50 - INFO - utils.trainer -   F_score: 0.65590
07/28/2026 00:13:50 - INFO - utils.trainer -   Specificity: 0.00000
07/28/2026 00:13:50 - INFO - utils.trainer -   Sensitivity: 0.00000
07/28/2026 00:13:50 - INFO - utils.trainer -   Epoch: 20, Loss: 0.54887, Val loss: 0.67937, Test loss: 0.61351, Val Acc: 0.6363, Best val Accuracy: 0.6502, No improve: 15/15, Time: 59.3s
07/28/2026 00:13:50 - INFO - utils.trainer -   Early stopping triggered at epoch 20
07/28/2026 00:13:50 - INFO - utils.trainer -   Early stopping triggered at epoch 20
07/28/2026 00:13:50 - INFO - utils.trainer -   Early stopping triggered at epoch 20
07/28/2026 00:13:50 - INFO - utils.trainer -   Early stopping triggered at epoch 20
07/28/2026 00:13:50 - INFO - utils.trainer -     341 keys not in checkpoint (kept from init)
07/28/2026 00:13:50 - INFO - utils.trainer -   Model loaded from output_dir/TimeLLM/TimeLLM-0.bin (54/54 keys)
07/28/2026 00:13:50 - INFO - utils.trainer -   === Best epoch test result ===
07/28/2026 00:13:50 - INFO - utils.trainer -     Loss: 0.61004
07/28/2026 00:13:50 - INFO - utils.trainer -     AUC: 0.70560
07/28/2026 00:13:50 - INFO - utils.trainer -     Accuracy: 0.65439
07/28/2026 00:13:50 - INFO - utils.trainer -     Precision: 0.69538
07/28/2026 00:13:50 - INFO - utils.trainer -     Recall: 0.69753
07/28/2026 00:13:50 - INFO - utils.trainer -     F_score: 0.69646
07/28/2026 00:13:50 - INFO - utils.trainer -     Specificity: 0.00000
07/28/2026 00:13:50 - INFO - utils.trainer -     Sensitivity: 0.00000
07/28/2026 00:13:50 - INFO - utils.trainer -   Model saved to output_dir/TimeLLM/final-epoch-200
07/28/2026 00:13:50 - INFO - utils.trainer -   Final model saved at epoch 200