08/19/2026 03:31:35 - INFO - __main__ -   ########## Repeat:0 ##########
08/19/2026 03:31:35 - INFO - utils.trainer -   ***** Running training *****
08/19/2026 03:31:35 - INFO - utils.trainer -     Num examples = 161
08/19/2026 03:31:35 - INFO - utils.trainer -     Num Epochs = 200
08/19/2026 03:31:35 - INFO - utils.trainer -     Total train batch size = 4
08/19/2026 03:31:35 - INFO - utils.trainer -     warmup steps = 400
08/19/2026 03:31:35 - INFO - utils.trainer -     Total optimization steps = 32200
08/19/2026 03:31:35 - INFO - utils.trainer -     Save steps = 25
08/19/2026 03:32:32 - INFO - utils.trainer -   ***** Running regression evaluation on val0 dataset *****
08/19/2026 03:32:38 - INFO - utils.trainer -   Loss: 0.03937
08/19/2026 03:32:38 - INFO - utils.trainer -   MSE: 415.91251
08/19/2026 03:32:38 - INFO - utils.trainer -   MAE: 17.72069
08/19/2026 03:32:38 - INFO - utils.trainer -   RMSE: 20.39393
08/19/2026 03:32:38 - INFO - utils.trainer -   R2: -2.75010
08/19/2026 03:32:38 - INFO - utils.trainer -   PearsonR: -0.02240
08/19/2026 03:32:39 - INFO - utils.trainer -   Model saved to output_dir/TimeLLM_AgeCAUEEG_train
08/19/2026 03:32:39 - INFO - utils.trainer -   Best model saved (val_Loss=0.0394)
08/19/2026 03:32:39 - INFO - utils.trainer -   Epoch: 1, Loss: 0.09386, Val loss: 0.03937, Val Loss: 0.0394, Best val Loss: 0.0394, No improve: 0/10, Time: 56.6s
08/19/2026 03:33:36 - INFO - utils.trainer -   ***** Running regression evaluation on val0 dataset *****
08/19/2026 03:33:42 - INFO - utils.trainer -   Loss: 0.02581
08/19/2026 03:33:42 - INFO - utils.trainer -   MSE: 272.99387
08/19/2026 03:33:42 - INFO - utils.trainer -   MAE: 14.04730
08/19/2026 03:33:42 - INFO - utils.trainer -   RMSE: 16.52253
08/19/2026 03:33:42 - INFO - utils.trainer -   R2: -1.46146
08/19/2026 03:33:42 - INFO - utils.trainer -   PearsonR: 0.06959
08/19/2026 03:33:43 - INFO - utils.trainer -   Model saved to output_dir/TimeLLM_AgeCAUEEG_train
08/19/2026 03:33:43 - INFO - utils.trainer -   Best model saved (val_Loss=0.0258)
08/19/2026 03:33:43 - INFO - utils.trainer -   Epoch: 2, Loss: 0.03370, Val loss: 0.02581, Val Loss: 0.0258, Best val Loss: 0.0258, No improve: 0/10, Time: 57.1s
08/19/2026 03:34:39 - INFO - utils.trainer -   ***** Running regression evaluation on val0 dataset *****
08/19/2026 03:34:45 - INFO - utils.trainer -   Loss: 0.01300
08/19/2026 03:34:45 - INFO - utils.trainer -   MSE: 138.20726
08/19/2026 03:34:45 - INFO - utils.trainer -   MAE: 9.69424
08/19/2026 03:34:45 - INFO - utils.trainer -   RMSE: 11.75616
08/19/2026 03:34:45 - INFO - utils.trainer -   R2: -0.24615
08/19/2026 03:34:45 - INFO - utils.trainer -   PearsonR: 0.22397
08/19/2026 03:34:46 - INFO - utils.trainer -   Model saved to output_dir/TimeLLM_AgeCAUEEG_train
08/19/2026 03:34:46 - INFO - utils.trainer -   Best model saved (val_Loss=0.0130)
08/19/2026 03:34:46 - INFO - utils.trainer -   Epoch: 3, Loss: 0.03972, Val loss: 0.01300, Val Loss: 0.0130, Best val Loss: 0.0130, No improve: 0/10, Time: 56.3s
08/19/2026 03:35:42 - INFO - utils.trainer -   ***** Running regression evaluation on val0 dataset *****
08/19/2026 03:35:48 - INFO - utils.trainer -   Loss: 0.01219
08/19/2026 03:35:48 - INFO - utils.trainer -   MSE: 129.65727
08/19/2026 03:35:48 - INFO - utils.trainer -   MAE: 9.40065
08/19/2026 03:35:48 - INFO - utils.trainer -   RMSE: 11.38671
08/19/2026 03:35:48 - INFO - utils.trainer -   R2: -0.16906
08/19/2026 03:35:48 - INFO - utils.trainer -   PearsonR: 0.19837
08/19/2026 03:35:49 - INFO - utils.trainer -   Model saved to output_dir/TimeLLM_AgeCAUEEG_train
08/19/2026 03:35:49 - INFO - utils.trainer -   Best model saved (val_Loss=0.0122)
08/19/2026 03:35:49 - INFO - utils.trainer -   Epoch: 4, Loss: 0.03745, Val loss: 0.01219, Val Loss: 0.0122, Best val Loss: 0.0122, No improve: 0/10, Time: 56.3s
08/19/2026 03:36:45 - INFO - utils.trainer -   ***** Running regression evaluation on val0 dataset *****
08/19/2026 03:36:51 - INFO - utils.trainer -   Loss: 0.01316
08/19/2026 03:36:51 - INFO - utils.trainer -   MSE: 140.27898
08/19/2026 03:36:51 - INFO - utils.trainer -   MAE: 9.58685
08/19/2026 03:36:51 - INFO - utils.trainer -   RMSE: 11.84394
08/19/2026 03:36:51 - INFO - utils.trainer -   R2: -0.26483
08/19/2026 03:36:51 - INFO - utils.trainer -   PearsonR: 0.08801
08/19/2026 03:36:51 - INFO - utils.trainer -   Epoch: 5, Loss: 0.02989, Val loss: 0.01316, Val Loss: 0.0132, Best val Loss: 0.0122, No improve: 1/10, Time: 56.1s
08/19/2026 03:37:47 - INFO - utils.trainer -   ***** Running regression evaluation on val0 dataset *****
08/19/2026 03:37:53 - INFO - utils.trainer -   Loss: 0.01157
08/19/2026 03:37:53 - INFO - utils.trainer -   MSE: 123.35829
08/19/2026 03:37:53 - INFO - utils.trainer -   MAE: 8.61856
08/19/2026 03:37:53 - INFO - utils.trainer -   RMSE: 11.10668
08/19/2026 03:37:53 - INFO - utils.trainer -   R2: -0.11227
08/19/2026 03:37:53 - INFO - utils.trainer -   PearsonR: 0.28347
08/19/2026 03:37:54 - INFO - utils.trainer -   Model saved to output_dir/TimeLLM_AgeCAUEEG_train
08/19/2026 03:37:54 - INFO - utils.trainer -   Best model saved (val_Loss=0.0116)
08/19/2026 03:37:54 - INFO - utils.trainer -   Epoch: 6, Loss: 0.03515, Val loss: 0.01157, Val Loss: 0.0116, Best val Loss: 0.0116, No improve: 0/10, Time: 56.3s
08/19/2026 03:38:50 - INFO - utils.trainer -   ***** Running regression evaluation on val0 dataset *****
08/19/2026 03:38:56 - INFO - utils.trainer -   Loss: 0.00989
08/19/2026 03:38:56 - INFO - utils.trainer -   MSE: 105.17198
08/19/2026 03:38:56 - INFO - utils.trainer -   MAE: 8.16027
08/19/2026 03:38:56 - INFO - utils.trainer -   RMSE: 10.25534
08/19/2026 03:38:56 - INFO - utils.trainer -   R2: 0.05171
08/19/2026 03:38:56 - INFO - utils.trainer -   PearsonR: 0.23026
08/19/2026 03:38:57 - INFO - utils.trainer -   Model saved to output_dir/TimeLLM_AgeCAUEEG_train
08/19/2026 03:38:57 - INFO - utils.trainer -   Best model saved (val_Loss=0.0099)
08/19/2026 03:38:57 - INFO - utils.trainer -   Epoch: 7, Loss: 0.02881, Val loss: 0.00989, Val Loss: 0.0099, Best val Loss: 0.0099, No improve: 0/10, Time: 56.2s
08/19/2026 03:39:54 - INFO - utils.trainer -   ***** Running regression evaluation on val0 dataset *****
08/19/2026 03:39:59 - INFO - utils.trainer -   Loss: 0.00992
08/19/2026 03:39:59 - INFO - utils.trainer -   MSE: 105.27102
08/19/2026 03:39:59 - INFO - utils.trainer -   MAE: 8.28629
08/19/2026 03:39:59 - INFO - utils.trainer -   RMSE: 10.26017
08/19/2026 03:39:59 - INFO - utils.trainer -   R2: 0.05082
08/19/2026 03:39:59 - INFO - utils.trainer -   PearsonR: 0.22731
08/19/2026 03:39:59 - INFO - utils.trainer -   Epoch: 8, Loss: 0.03393, Val loss: 0.00992, Val Loss: 0.0099, Best val Loss: 0.0099, No improve: 1/10, Time: 56.3s
08/19/2026 03:40:55 - INFO - utils.trainer -   ***** Running regression evaluation on val0 dataset *****
08/19/2026 03:41:01 - INFO - utils.trainer -   Loss: 0.00994
08/19/2026 03:41:01 - INFO - utils.trainer -   MSE: 105.75121
08/19/2026 03:41:01 - INFO - utils.trainer -   MAE: 8.36930
08/19/2026 03:41:01 - INFO - utils.trainer -   RMSE: 10.28354
08/19/2026 03:41:01 - INFO - utils.trainer -   R2: 0.04649
08/19/2026 03:41:01 - INFO - utils.trainer -   PearsonR: 0.23735
08/19/2026 03:41:01 - INFO - utils.trainer -   Epoch: 9, Loss: 0.03065, Val loss: 0.00994, Val Loss: 0.0099, Best val Loss: 0.0099, No improve: 2/10, Time: 56.3s
08/19/2026 03:41:58 - INFO - utils.trainer -   ***** Running regression evaluation on val0 dataset *****
08/19/2026 03:42:04 - INFO - utils.trainer -   Loss: 0.01553
08/19/2026 03:42:04 - INFO - utils.trainer -   MSE: 165.00430
08/19/2026 03:42:04 - INFO - utils.trainer -   MAE: 10.73311
08/19/2026 03:42:04 - INFO - utils.trainer -   RMSE: 12.84540
08/19/2026 03:42:04 - INFO - utils.trainer -   R2: -0.48777
08/19/2026 03:42:04 - INFO - utils.trainer -   PearsonR: 0.31994
08/19/2026 03:42:04 - INFO - utils.trainer -   Epoch: 10, Loss: 0.03231, Val loss: 0.01553, Val Loss: 0.0155, Best val Loss: 0.0099, No improve: 3/10, Time: 56.2s
08/19/2026 03:43:00 - INFO - utils.trainer -   ***** Running regression evaluation on val0 dataset *****
08/19/2026 03:43:06 - INFO - utils.trainer -   Loss: 0.00921
08/19/2026 03:43:06 - INFO - utils.trainer -   MSE: 98.06718
08/19/2026 03:43:06 - INFO - utils.trainer -   MAE: 7.98789
08/19/2026 03:43:06 - INFO - utils.trainer -   RMSE: 9.90289
08/19/2026 03:43:06 - INFO - utils.trainer -   R2: 0.11577
08/19/2026 03:43:06 - INFO - utils.trainer -   PearsonR: 0.35532
08/19/2026 03:43:07 - INFO - utils.trainer -   Model saved to output_dir/TimeLLM_AgeCAUEEG_train
08/19/2026 03:43:07 - INFO - utils.trainer -   Best model saved (val_Loss=0.0092)
08/19/2026 03:43:07 - INFO - utils.trainer -   Epoch: 11, Loss: 0.03345, Val loss: 0.00921, Val Loss: 0.0092, Best val Loss: 0.0092, No improve: 0/10, Time: 56.3s
08/19/2026 03:44:04 - INFO - utils.trainer -   ***** Running regression evaluation on val0 dataset *****
08/19/2026 03:44:09 - INFO - utils.trainer -   Loss: 0.00895
08/19/2026 03:44:09 - INFO - utils.trainer -   MSE: 95.00637
08/19/2026 03:44:09 - INFO - utils.trainer -   MAE: 7.94759
08/19/2026 03:44:09 - INFO - utils.trainer -   RMSE: 9.74712
08/19/2026 03:44:09 - INFO - utils.trainer -   R2: 0.14337
08/19/2026 03:44:09 - INFO - utils.trainer -   PearsonR: 0.39962
08/19/2026 03:44:10 - INFO - utils.trainer -   Model saved to output_dir/TimeLLM_AgeCAUEEG_train
08/19/2026 03:44:10 - INFO - utils.trainer -   Best model saved (val_Loss=0.0090)
08/19/2026 03:44:10 - INFO - utils.trainer -   Epoch: 12, Loss: 0.03060, Val loss: 0.00895, Val Loss: 0.0090, Best val Loss: 0.0090, No improve: 0/10, Time: 56.1s
08/19/2026 03:45:07 - INFO - utils.trainer -   ***** Running regression evaluation on val0 dataset *****
08/19/2026 03:45:12 - INFO - utils.trainer -   Loss: 0.01041
08/19/2026 03:45:12 - INFO - utils.trainer -   MSE: 109.92478
08/19/2026 03:45:12 - INFO - utils.trainer -   MAE: 8.59461
08/19/2026 03:45:12 - INFO - utils.trainer -   RMSE: 10.48450
08/19/2026 03:45:12 - INFO - utils.trainer -   R2: 0.00886
08/19/2026 03:45:12 - INFO - utils.trainer -   PearsonR: 0.25663
08/19/2026 03:45:12 - INFO - utils.trainer -   Epoch: 13, Loss: 0.03191, Val loss: 0.01041, Val Loss: 0.0104, Best val Loss: 0.0090, No improve: 1/10, Time: 56.1s
08/19/2026 03:46:08 - INFO - utils.trainer -   ***** Running regression evaluation on val0 dataset *****
08/19/2026 03:46:14 - INFO - utils.trainer -   Loss: 0.01304
08/19/2026 03:46:14 - INFO - utils.trainer -   MSE: 138.58472
08/19/2026 03:46:14 - INFO - utils.trainer -   MAE: 9.49020
08/19/2026 03:46:14 - INFO - utils.trainer -   RMSE: 11.77220
08/19/2026 03:46:14 - INFO - utils.trainer -   R2: -0.24956
08/19/2026 03:46:14 - INFO - utils.trainer -   PearsonR: 0.25363
08/19/2026 03:46:14 - INFO - utils.trainer -   Epoch: 14, Loss: 0.02486, Val loss: 0.01304, Val Loss: 0.0130, Best val Loss: 0.0090, No improve: 2/10, Time: 56.2s
08/19/2026 03:47:10 - INFO - utils.trainer -   ***** Running regression evaluation on val0 dataset *****
08/19/2026 03:47:16 - INFO - utils.trainer -   Loss: 0.01459
08/19/2026 03:47:16 - INFO - utils.trainer -   MSE: 154.89156
08/19/2026 03:47:16 - INFO - utils.trainer -   MAE: 10.32597
08/19/2026 03:47:16 - INFO - utils.trainer -   RMSE: 12.44554
08/19/2026 03:47:16 - INFO - utils.trainer -   R2: -0.39659
08/19/2026 03:47:16 - INFO - utils.trainer -   PearsonR: 0.34483
08/19/2026 03:47:16 - INFO - utils.trainer -   Epoch: 15, Loss: 0.02699, Val loss: 0.01459, Val Loss: 0.0146, Best val Loss: 0.0090, No improve: 3/10, Time: 56.2s
08/19/2026 03:48:14 - INFO - utils.trainer -   ***** Running regression evaluation on val0 dataset *****
08/19/2026 03:48:19 - INFO - utils.trainer -   Loss: 0.01125
08/19/2026 03:48:19 - INFO - utils.trainer -   MSE: 119.93999
08/19/2026 03:48:19 - INFO - utils.trainer -   MAE: 8.99871
08/19/2026 03:48:19 - INFO - utils.trainer -   RMSE: 10.95171
08/19/2026 03:48:19 - INFO - utils.trainer -   R2: -0.08145
08/19/2026 03:48:19 - INFO - utils.trainer -   PearsonR: 0.32167
08/19/2026 03:48:19 - INFO - utils.trainer -   Epoch: 16, Loss: 0.02604, Val loss: 0.01125, Val Loss: 0.0113, Best val Loss: 0.0090, No improve: 4/10, Time: 57.7s
08/19/2026 03:49:15 - INFO - utils.trainer -   ***** Running regression evaluation on val0 dataset *****
08/19/2026 03:49:21 - INFO - utils.trainer -   Loss: 0.01049
08/19/2026 03:49:21 - INFO - utils.trainer -   MSE: 111.01398
08/19/2026 03:49:21 - INFO - utils.trainer -   MAE: 8.74560
08/19/2026 03:49:21 - INFO - utils.trainer -   RMSE: 10.53632
08/19/2026 03:49:21 - INFO - utils.trainer -   R2: -0.00096
08/19/2026 03:49:21 - INFO - utils.trainer -   PearsonR: 0.38394
08/19/2026 03:49:21 - INFO - utils.trainer -   Epoch: 17, Loss: 0.02921, Val loss: 0.01049, Val Loss: 0.0105, Best val Loss: 0.0090, No improve: 5/10, Time: 56.2s
08/19/2026 03:50:17 - INFO - utils.trainer -   ***** Running regression evaluation on val0 dataset *****
08/19/2026 03:50:23 - INFO - utils.trainer -   Loss: 0.00978
08/19/2026 03:50:23 - INFO - utils.trainer -   MSE: 103.46470
08/19/2026 03:50:23 - INFO - utils.trainer -   MAE: 8.36824
08/19/2026 03:50:23 - INFO - utils.trainer -   RMSE: 10.17176
08/19/2026 03:50:23 - INFO - utils.trainer -   R2: 0.06711
08/19/2026 03:50:23 - INFO - utils.trainer -   PearsonR: 0.36834
08/19/2026 03:50:23 - INFO - utils.trainer -   Epoch: 18, Loss: 0.03659, Val loss: 0.00978, Val Loss: 0.0098, Best val Loss: 0.0090, No improve: 6/10, Time: 56.2s
08/19/2026 03:51:19 - INFO - utils.trainer -   ***** Running regression evaluation on val0 dataset *****
08/19/2026 03:51:24 - INFO - utils.trainer -   Loss: 0.00906
08/19/2026 03:51:24 - INFO - utils.trainer -   MSE: 96.09417
08/19/2026 03:51:24 - INFO - utils.trainer -   MAE: 8.01333
08/19/2026 03:51:24 - INFO - utils.trainer -   RMSE: 9.80276
08/19/2026 03:51:24 - INFO - utils.trainer -   R2: 0.13356
08/19/2026 03:51:24 - INFO - utils.trainer -   PearsonR: 0.38134
08/19/2026 03:51:24 - INFO - utils.trainer -   Epoch: 19, Loss: 0.03374, Val loss: 0.00906, Val Loss: 0.0091, Best val Loss: 0.0090, No improve: 7/10, Time: 56.1s
08/19/2026 03:52:21 - INFO - utils.trainer -   ***** Running regression evaluation on val0 dataset *****
08/19/2026 03:52:26 - INFO - utils.trainer -   Loss: 0.00979
08/19/2026 03:52:26 - INFO - utils.trainer -   MSE: 103.99972
08/19/2026 03:52:26 - INFO - utils.trainer -   MAE: 8.41848
08/19/2026 03:52:26 - INFO - utils.trainer -   RMSE: 10.19802
08/19/2026 03:52:26 - INFO - utils.trainer -   R2: 0.06228
08/19/2026 03:52:26 - INFO - utils.trainer -   PearsonR: 0.35791
08/19/2026 03:52:26 - INFO - utils.trainer -   Epoch: 20, Loss: 0.02327, Val loss: 0.00979, Val Loss: 0.0098, Best val Loss: 0.0090, No improve: 8/10, Time: 56.2s
08/19/2026 03:53:22 - INFO - utils.trainer -   ***** Running regression evaluation on val0 dataset *****
08/19/2026 03:53:28 - INFO - utils.trainer -   Loss: 0.01800
08/19/2026 03:53:28 - INFO - utils.trainer -   MSE: 191.37262
08/19/2026 03:53:28 - INFO - utils.trainer -   MAE: 11.54245
08/19/2026 03:53:28 - INFO - utils.trainer -   RMSE: 13.83375
08/19/2026 03:53:28 - INFO - utils.trainer -   R2: -0.72552
08/19/2026 03:53:28 - INFO - utils.trainer -   PearsonR: 0.37231
08/19/2026 03:53:28 - INFO - utils.trainer -   Epoch: 21, Loss: 0.02683, Val loss: 0.01800, Val Loss: 0.0180, Best val Loss: 0.0090, No improve: 9/10, Time: 56.1s
08/19/2026 03:54:24 - INFO - utils.trainer -   ***** Running regression evaluation on val0 dataset *****
08/19/2026 03:54:30 - INFO - utils.trainer -   Loss: 0.00919
08/19/2026 03:54:30 - INFO - utils.trainer -   MSE: 97.67612
08/19/2026 03:54:30 - INFO - utils.trainer -   MAE: 8.03011
08/19/2026 03:54:30 - INFO - utils.trainer -   RMSE: 9.88312
08/19/2026 03:54:30 - INFO - utils.trainer -   R2: 0.11930
08/19/2026 03:54:30 - INFO - utils.trainer -   PearsonR: 0.34832
08/19/2026 03:54:30 - INFO - utils.trainer -   Epoch: 22, Loss: 0.03002, Val loss: 0.00919, Val Loss: 0.0092, Best val Loss: 0.0090, No improve: 10/10, Time: 56.3s
08/19/2026 03:54:30 - INFO - utils.trainer -   Early stopping triggered at epoch 22
08/19/2026 03:54:30 - INFO - utils.trainer -   Early stopping triggered at epoch 22
08/19/2026 03:54:30 - INFO - utils.trainer -   Early stopping triggered at epoch 22
08/19/2026 03:54:30 - INFO - utils.trainer -   Early stopping triggered at epoch 22
08/19/2026 03:54:30 - INFO - utils.trainer -   Early stopping triggered at epoch 22
08/19/2026 03:54:30 - INFO - utils.trainer -   Early stopping triggered at epoch 22
08/19/2026 03:54:30 - INFO - utils.trainer -     2 prompt-buffer key(s) skipped (kept target-dataset prompt)
08/19/2026 03:54:30 - INFO - utils.trainer -     586 keys not in checkpoint (kept from init)
08/19/2026 03:54:30 - INFO - utils.trainer -   Model loaded from output_dir/TimeLLM_AgeCAUEEG_train/TimeLLM-0.bin (23/25 keys)
08/19/2026 03:54:30 - INFO - utils.trainer -   ***** Running regression evaluation on test0 dataset *****
08/19/2026 03:54:30 - INFO - utils.trainer -     2 prompt-buffer key(s) skipped (kept target-dataset prompt)
08/19/2026 03:54:30 - INFO - utils.trainer -     586 keys not in checkpoint (kept from init)
08/19/2026 03:54:30 - INFO - utils.trainer -   Model loaded from output_dir/TimeLLM_AgeCAUEEG_train/TimeLLM-0.bin (23/25 keys)
08/19/2026 03:54:30 - INFO - utils.trainer -     2 prompt-buffer key(s) skipped (kept target-dataset prompt)
08/19/2026 03:54:30 - INFO - utils.trainer -     586 keys not in checkpoint (kept from init)
08/19/2026 03:54:30 - INFO - utils.trainer -   Model loaded from output_dir/TimeLLM_AgeCAUEEG_train/TimeLLM-0.bin (23/25 keys)
08/19/2026 03:54:30 - INFO - utils.trainer -     2 prompt-buffer key(s) skipped (kept target-dataset prompt)
08/19/2026 03:54:30 - INFO - utils.trainer -     586 keys not in checkpoint (kept from init)
08/19/2026 03:54:30 - INFO - utils.trainer -   Model loaded from output_dir/TimeLLM_AgeCAUEEG_train/TimeLLM-0.bin (23/25 keys)
08/19/2026 03:54:30 - INFO - utils.trainer -     2 prompt-buffer key(s) skipped (kept target-dataset prompt)
08/19/2026 03:54:30 - INFO - utils.trainer -     586 keys not in checkpoint (kept from init)
08/19/2026 03:54:30 - INFO - utils.trainer -   Model loaded from output_dir/TimeLLM_AgeCAUEEG_train/TimeLLM-0.bin (23/25 keys)
08/19/2026 03:54:30 - INFO - utils.trainer -     2 prompt-buffer key(s) skipped (kept target-dataset prompt)
08/19/2026 03:54:30 - INFO - utils.trainer -     586 keys not in checkpoint (kept from init)
08/19/2026 03:54:30 - INFO - utils.trainer -   Model loaded from output_dir/TimeLLM_AgeCAUEEG_train/TimeLLM-0.bin (23/25 keys)
08/19/2026 03:54:35 - INFO - utils.trainer -   Loss: 0.00857
08/19/2026 03:54:35 - INFO - utils.trainer -   MSE: 91.19124
08/19/2026 03:54:35 - INFO - utils.trainer -   MAE: 7.84541
08/19/2026 03:54:35 - INFO - utils.trainer -   RMSE: 9.54941
08/19/2026 03:54:35 - INFO - utils.trainer -   R2: 0.09062
08/19/2026 03:54:35 - INFO - utils.trainer -   PearsonR: 0.31144
08/19/2026 03:54:35 - INFO - utils.trainer -   === Best epoch test result ===
08/19/2026 03:54:35 - INFO - utils.trainer -     Loss: 0.00857
08/19/2026 03:54:35 - INFO - utils.trainer -     MSE: 91.19124
08/19/2026 03:54:35 - INFO - utils.trainer -     MAE: 7.84541
08/19/2026 03:54:35 - INFO - utils.trainer -     RMSE: 9.54941
08/19/2026 03:54:35 - INFO - utils.trainer -     R2: 0.09062
08/19/2026 03:54:35 - INFO - utils.trainer -     PearsonR: 0.31144
08/19/2026 03:54:37 - INFO - utils.trainer -   Model saved to output_dir/TimeLLM_AgeCAUEEG_train/final-epoch-200
08/19/2026 03:54:37 - INFO - utils.trainer -   Final model saved at epoch 200
