07/31/2026 11:34:56 - INFO - __main__ -   ########## Repeat:0 ##########
07/31/2026 11:34:56 - INFO - utils.trainer -   ***** Running training *****
07/31/2026 11:34:56 - INFO - utils.trainer -     Num examples = 36
07/31/2026 11:34:56 - INFO - utils.trainer -     Num Epochs = 200
07/31/2026 11:34:56 - INFO - utils.trainer -     Total train batch size = 3
07/31/2026 11:34:56 - INFO - utils.trainer -     warmup steps = 400
07/31/2026 11:34:56 - INFO - utils.trainer -     Total optimization steps = 7200
07/31/2026 11:34:56 - INFO - utils.trainer -     Save steps = 25
07/31/2026 11:35:10 - INFO - utils.trainer -   ***** Running evaluation on val dataset *****
07/31/2026 11:35:13 - INFO - utils.trainer -   Loss: 1.26802
07/31/2026 11:35:13 - INFO - utils.trainer -   AUC: 0.41021
07/31/2026 11:35:13 - INFO - utils.trainer -   Accuracy: 0.50355
07/31/2026 11:35:13 - INFO - utils.trainer -   Precision: 0.50355
07/31/2026 11:35:13 - INFO - utils.trainer -   Specificity: 0.00000
07/31/2026 11:35:13 - INFO - utils.trainer -   Sensitivity: 1.00000
07/31/2026 11:35:14 - INFO - utils.trainer -   Model saved to output_dir/TimeLLM_Beirut_train
07/31/2026 11:35:14 - INFO - utils.trainer -   Best model saved (val_AUC=0.4102)
07/31/2026 11:35:14 - INFO - utils.trainer -   Epoch: 1, Loss: 0.99736, Val loss: 1.26802, Val AUC: 0.4102, Best val AUC: 0.4102, No improve: 0/10, Time: 14.4s
07/31/2026 11:35:27 - INFO - utils.trainer -   ***** Running evaluation on val dataset *****
07/31/2026 11:35:31 - INFO - utils.trainer -   Loss: 0.77958
07/31/2026 11:35:31 - INFO - utils.trainer -   AUC: 0.45050
07/31/2026 11:35:31 - INFO - utils.trainer -   Accuracy: 0.49645
07/31/2026 11:35:31 - INFO - utils.trainer -   Precision: 0.00000
07/31/2026 11:35:31 - INFO - utils.trainer -   Specificity: 1.00000
07/31/2026 11:35:31 - INFO - utils.trainer -   Sensitivity: 0.00000
07/31/2026 11:35:31 - INFO - utils.trainer -   Model saved to output_dir/TimeLLM_Beirut_train
07/31/2026 11:35:31 - INFO - utils.trainer -   Best model saved (val_AUC=0.4505)
07/31/2026 11:35:31 - INFO - utils.trainer -   Epoch: 2, Loss: 0.84697, Val loss: 0.77958, Val AUC: 0.4505, Best val AUC: 0.4505, No improve: 0/10, Time: 14.0s
07/31/2026 11:35:45 - INFO - utils.trainer -   ***** Running evaluation on val dataset *****
07/31/2026 11:35:48 - INFO - utils.trainer -   Loss: 0.70993
07/31/2026 11:35:48 - INFO - utils.trainer -   AUC: 0.48742
07/31/2026 11:35:48 - INFO - utils.trainer -   Accuracy: 0.50355
07/31/2026 11:35:48 - INFO - utils.trainer -   Precision: 0.75000
07/31/2026 11:35:48 - INFO - utils.trainer -   Specificity: 0.99286
07/31/2026 11:35:48 - INFO - utils.trainer -   Sensitivity: 0.02113
07/31/2026 11:35:49 - INFO - utils.trainer -   Model saved to output_dir/TimeLLM_Beirut_train
07/31/2026 11:35:49 - INFO - utils.trainer -   Best model saved (val_AUC=0.4874)
07/31/2026 11:35:49 - INFO - utils.trainer -   Epoch: 3, Loss: 0.72836, Val loss: 0.70993, Val AUC: 0.4874, Best val AUC: 0.4874, No improve: 0/10, Time: 13.9s
07/31/2026 11:36:03 - INFO - utils.trainer -   ***** Running evaluation on val dataset *****
07/31/2026 11:36:06 - INFO - utils.trainer -   Loss: 0.81598
07/31/2026 11:36:06 - INFO - utils.trainer -   AUC: 0.51725
07/31/2026 11:36:06 - INFO - utils.trainer -   Accuracy: 0.49645
07/31/2026 11:36:06 - INFO - utils.trainer -   Precision: 0.00000
07/31/2026 11:36:06 - INFO - utils.trainer -   Specificity: 1.00000
07/31/2026 11:36:06 - INFO - utils.trainer -   Sensitivity: 0.00000
07/31/2026 11:36:07 - INFO - utils.trainer -   Model saved to output_dir/TimeLLM_Beirut_train
07/31/2026 11:36:07 - INFO - utils.trainer -   Best model saved (val_AUC=0.5173)
07/31/2026 11:36:07 - INFO - utils.trainer -   Epoch: 4, Loss: 1.02682, Val loss: 0.81598, Val AUC: 0.5173, Best val AUC: 0.5173, No improve: 0/10, Time: 13.9s
07/31/2026 11:36:20 - INFO - utils.trainer -   ***** Running evaluation on val dataset *****
07/31/2026 11:36:24 - INFO - utils.trainer -   Loss: 0.81779
07/31/2026 11:36:24 - INFO - utils.trainer -   AUC: 0.49361
07/31/2026 11:36:24 - INFO - utils.trainer -   Accuracy: 0.50355
07/31/2026 11:36:24 - INFO - utils.trainer -   Precision: 0.50355
07/31/2026 11:36:24 - INFO - utils.trainer -   Specificity: 0.00000
07/31/2026 11:36:24 - INFO - utils.trainer -   Sensitivity: 1.00000
07/31/2026 11:36:24 - INFO - utils.trainer -   Epoch: 5, Loss: 0.81954, Val loss: 0.81779, Val AUC: 0.4936, Best val AUC: 0.5173, No improve: 1/10, Time: 14.0s
07/31/2026 11:36:38 - INFO - utils.trainer -   ***** Running evaluation on val dataset *****
07/31/2026 11:36:41 - INFO - utils.trainer -   Loss: 0.80756
07/31/2026 11:36:41 - INFO - utils.trainer -   AUC: 0.49447
07/31/2026 11:36:41 - INFO - utils.trainer -   Accuracy: 0.50355
07/31/2026 11:36:41 - INFO - utils.trainer -   Precision: 0.50355
07/31/2026 11:36:41 - INFO - utils.trainer -   Specificity: 0.00000
07/31/2026 11:36:41 - INFO - utils.trainer -   Sensitivity: 1.00000
07/31/2026 11:36:41 - INFO - utils.trainer -   Epoch: 6, Loss: 0.85126, Val loss: 0.80756, Val AUC: 0.4945, Best val AUC: 0.5173, No improve: 2/10, Time: 14.0s
07/31/2026 11:36:55 - INFO - utils.trainer -   ***** Running evaluation on val dataset *****
07/31/2026 11:36:58 - INFO - utils.trainer -   Loss: 0.69731
07/31/2026 11:36:58 - INFO - utils.trainer -   AUC: 0.45684
07/31/2026 11:36:58 - INFO - utils.trainer -   Accuracy: 0.46099
07/31/2026 11:36:58 - INFO - utils.trainer -   Precision: 0.47826
07/31/2026 11:36:58 - INFO - utils.trainer -   Specificity: 0.14286
07/31/2026 11:36:58 - INFO - utils.trainer -   Sensitivity: 0.77465
07/31/2026 11:36:58 - INFO - utils.trainer -   Epoch: 7, Loss: 0.68366, Val loss: 0.69731, Val AUC: 0.4568, Best val AUC: 0.5173, No improve: 3/10, Time: 14.0s
07/31/2026 11:37:12 - INFO - utils.trainer -   ***** Running evaluation on val dataset *****
07/31/2026 11:37:16 - INFO - utils.trainer -   Loss: 0.79062
07/31/2026 11:37:16 - INFO - utils.trainer -   AUC: 0.57420
07/31/2026 11:37:16 - INFO - utils.trainer -   Accuracy: 0.50355
07/31/2026 11:37:16 - INFO - utils.trainer -   Precision: 0.50355
07/31/2026 11:37:16 - INFO - utils.trainer -   Specificity: 0.00000
07/31/2026 11:37:16 - INFO - utils.trainer -   Sensitivity: 1.00000
07/31/2026 11:37:16 - INFO - utils.trainer -   Model saved to output_dir/TimeLLM_Beirut_train
07/31/2026 11:37:16 - INFO - utils.trainer -   Best model saved (val_AUC=0.5742)
07/31/2026 11:37:16 - INFO - utils.trainer -   Epoch: 8, Loss: 0.76216, Val loss: 0.79062, Val AUC: 0.5742, Best val AUC: 0.5742, No improve: 0/10, Time: 13.9s
07/31/2026 11:37:30 - INFO - utils.trainer -   ***** Running evaluation on val dataset *****
07/31/2026 11:37:33 - INFO - utils.trainer -   Loss: 0.69321
07/31/2026 11:37:33 - INFO - utils.trainer -   AUC: 0.52618
07/31/2026 11:37:33 - INFO - utils.trainer -   Accuracy: 0.49645
07/31/2026 11:37:33 - INFO - utils.trainer -   Precision: 0.50000
07/31/2026 11:37:33 - INFO - utils.trainer -   Specificity: 0.98571
07/31/2026 11:37:33 - INFO - utils.trainer -   Sensitivity: 0.01408
07/31/2026 11:37:33 - INFO - utils.trainer -   Epoch: 9, Loss: 0.75645, Val loss: 0.69321, Val AUC: 0.5262, Best val AUC: 0.5742, No improve: 1/10, Time: 14.0s
07/31/2026 11:37:47 - INFO - utils.trainer -   ***** Running evaluation on val dataset *****
07/31/2026 11:37:50 - INFO - utils.trainer -   Loss: 0.71899
07/31/2026 11:37:50 - INFO - utils.trainer -   AUC: 0.51444
07/31/2026 11:37:50 - INFO - utils.trainer -   Accuracy: 0.49645
07/31/2026 11:37:50 - INFO - utils.trainer -   Precision: 0.00000
07/31/2026 11:37:50 - INFO - utils.trainer -   Specificity: 1.00000
07/31/2026 11:37:50 - INFO - utils.trainer -   Sensitivity: 0.00000
07/31/2026 11:37:50 - INFO - utils.trainer -   Epoch: 10, Loss: 0.69929, Val loss: 0.71899, Val AUC: 0.5144, Best val AUC: 0.5742, No improve: 2/10, Time: 14.0s
07/31/2026 11:38:04 - INFO - utils.trainer -   ***** Running evaluation on val dataset *****
07/31/2026 11:38:08 - INFO - utils.trainer -   Loss: 0.71716
07/31/2026 11:38:08 - INFO - utils.trainer -   AUC: 0.45568
07/31/2026 11:38:08 - INFO - utils.trainer -   Accuracy: 0.49645
07/31/2026 11:38:08 - INFO - utils.trainer -   Precision: 0.00000
07/31/2026 11:38:08 - INFO - utils.trainer -   Specificity: 1.00000
07/31/2026 11:38:08 - INFO - utils.trainer -   Sensitivity: 0.00000
07/31/2026 11:38:08 - INFO - utils.trainer -   Epoch: 11, Loss: 0.81219, Val loss: 0.71716, Val AUC: 0.4557, Best val AUC: 0.5742, No improve: 3/10, Time: 14.0s
07/31/2026 11:38:22 - INFO - utils.trainer -   ***** Running evaluation on val dataset *****
07/31/2026 11:38:25 - INFO - utils.trainer -   Loss: 0.70152
07/31/2026 11:38:25 - INFO - utils.trainer -   AUC: 0.49829
07/31/2026 11:38:25 - INFO - utils.trainer -   Accuracy: 0.47518
07/31/2026 11:38:25 - INFO - utils.trainer -   Precision: 0.48810
07/31/2026 11:38:25 - INFO - utils.trainer -   Specificity: 0.07857
07/31/2026 11:38:25 - INFO - utils.trainer -   Sensitivity: 0.86620
07/31/2026 11:38:25 - INFO - utils.trainer -   Epoch: 12, Loss: 0.71879, Val loss: 0.70152, Val AUC: 0.4983, Best val AUC: 0.5742, No improve: 4/10, Time: 14.1s
07/31/2026 11:38:39 - INFO - utils.trainer -   ***** Running evaluation on val dataset *****
07/31/2026 11:38:42 - INFO - utils.trainer -   Loss: 0.69545
07/31/2026 11:38:42 - INFO - utils.trainer -   AUC: 0.49673
07/31/2026 11:38:42 - INFO - utils.trainer -   Accuracy: 0.51418
07/31/2026 11:38:42 - INFO - utils.trainer -   Precision: 0.51397
07/31/2026 11:38:42 - INFO - utils.trainer -   Specificity: 0.37857
07/31/2026 11:38:42 - INFO - utils.trainer -   Sensitivity: 0.64789
07/31/2026 11:38:42 - INFO - utils.trainer -   Epoch: 13, Loss: 0.72773, Val loss: 0.69545, Val AUC: 0.4967, Best val AUC: 0.5742, No improve: 5/10, Time: 14.0s
07/31/2026 11:38:56 - INFO - utils.trainer -   ***** Running evaluation on val dataset *****
07/31/2026 11:39:00 - INFO - utils.trainer -   Loss: 0.79611
07/31/2026 11:39:00 - INFO - utils.trainer -   AUC: 0.49009
07/31/2026 11:39:00 - INFO - utils.trainer -   Accuracy: 0.50355
07/31/2026 11:39:00 - INFO - utils.trainer -   Precision: 0.50355
07/31/2026 11:39:00 - INFO - utils.trainer -   Specificity: 0.00000
07/31/2026 11:39:00 - INFO - utils.trainer -   Sensitivity: 1.00000
07/31/2026 11:39:00 - INFO - utils.trainer -   Epoch: 14, Loss: 0.72618, Val loss: 0.79611, Val AUC: 0.4901, Best val AUC: 0.5742, No improve: 6/10, Time: 13.9s
07/31/2026 11:39:14 - INFO - utils.trainer -   ***** Running evaluation on val dataset *****
07/31/2026 11:39:17 - INFO - utils.trainer -   Loss: 0.74025
07/31/2026 11:39:17 - INFO - utils.trainer -   AUC: 0.47218
07/31/2026 11:39:17 - INFO - utils.trainer -   Accuracy: 0.48582
07/31/2026 11:39:17 - INFO - utils.trainer -   Precision: 0.48696
07/31/2026 11:39:17 - INFO - utils.trainer -   Specificity: 0.57857
07/31/2026 11:39:17 - INFO - utils.trainer -   Sensitivity: 0.39437
07/31/2026 11:39:17 - INFO - utils.trainer -   Epoch: 15, Loss: 0.65314, Val loss: 0.74025, Val AUC: 0.4722, Best val AUC: 0.5742, No improve: 7/10, Time: 14.0s
07/31/2026 11:39:31 - INFO - utils.trainer -   ***** Running evaluation on val dataset *****
07/31/2026 11:39:34 - INFO - utils.trainer -   Loss: 0.78331
07/31/2026 11:39:34 - INFO - utils.trainer -   AUC: 0.46268
07/31/2026 11:39:34 - INFO - utils.trainer -   Accuracy: 0.47518
07/31/2026 11:39:34 - INFO - utils.trainer -   Precision: 0.48256
07/31/2026 11:39:34 - INFO - utils.trainer -   Specificity: 0.36429
07/31/2026 11:39:34 - INFO - utils.trainer -   Sensitivity: 0.58451
07/31/2026 11:39:34 - INFO - utils.trainer -   Epoch: 16, Loss: 0.65147, Val loss: 0.78331, Val AUC: 0.4627, Best val AUC: 0.5742, No improve: 8/10, Time: 14.0s
07/31/2026 11:39:48 - INFO - utils.trainer -   ***** Running evaluation on val dataset *****
07/31/2026 11:39:51 - INFO - utils.trainer -   Loss: 0.89342
07/31/2026 11:39:51 - INFO - utils.trainer -   AUC: 0.48260
07/31/2026 11:39:51 - INFO - utils.trainer -   Accuracy: 0.46809
07/31/2026 11:39:51 - INFO - utils.trainer -   Precision: 0.16667
07/31/2026 11:39:51 - INFO - utils.trainer -   Specificity: 0.92857
07/31/2026 11:39:51 - INFO - utils.trainer -   Sensitivity: 0.01408
07/31/2026 11:39:51 - INFO - utils.trainer -   Epoch: 17, Loss: 0.64281, Val loss: 0.89342, Val AUC: 0.4826, Best val AUC: 0.5742, No improve: 9/10, Time: 13.9s
07/31/2026 11:40:05 - INFO - utils.trainer -   ***** Running evaluation on val dataset *****
07/31/2026 11:40:09 - INFO - utils.trainer -   Loss: 0.82175
07/31/2026 11:40:09 - INFO - utils.trainer -   AUC: 0.45111
07/31/2026 11:40:09 - INFO - utils.trainer -   Accuracy: 0.46454
07/31/2026 11:40:09 - INFO - utils.trainer -   Precision: 0.46667
07/31/2026 11:40:09 - INFO - utils.trainer -   Specificity: 0.48571
07/31/2026 11:40:09 - INFO - utils.trainer -   Sensitivity: 0.44366
07/31/2026 11:40:09 - INFO - utils.trainer -   Epoch: 18, Loss: 0.62541, Val loss: 0.82175, Val AUC: 0.4511, Best val AUC: 0.5742, No improve: 10/10, Time: 14.0s
07/31/2026 11:40:09 - INFO - utils.trainer -   Early stopping triggered at epoch 18
07/31/2026 11:40:09 - INFO - utils.trainer -   Early stopping triggered at epoch 18
07/31/2026 11:40:09 - INFO - utils.trainer -   Early stopping triggered at epoch 18
07/31/2026 11:40:09 - INFO - utils.trainer -   Early stopping triggered at epoch 18
07/31/2026 11:40:09 - INFO - utils.trainer -   Early stopping triggered at epoch 18
07/31/2026 11:40:09 - INFO - utils.trainer -   Early stopping triggered at epoch 18
07/31/2026 11:40:09 - INFO - utils.trainer -     582 keys not in checkpoint (kept from init)
07/31/2026 11:40:09 - INFO - utils.trainer -   Model loaded from output_dir/TimeLLM_Beirut_train/TimeLLM-0.bin (22/22 keys)
07/31/2026 11:40:09 - INFO - utils.trainer -     582 keys not in checkpoint (kept from init)
07/31/2026 11:40:09 - INFO - utils.trainer -   Model loaded from output_dir/TimeLLM_Beirut_train/TimeLLM-0.bin (22/22 keys)
07/31/2026 11:40:09 - INFO - utils.trainer -     582 keys not in checkpoint (kept from init)
07/31/2026 11:40:09 - INFO - utils.trainer -   Model loaded from output_dir/TimeLLM_Beirut_train/TimeLLM-0.bin (22/22 keys)
07/31/2026 11:40:09 - INFO - utils.trainer -     582 keys not in checkpoint (kept from init)
07/31/2026 11:40:09 - INFO - utils.trainer -     582 keys not in checkpoint (kept from init)
07/31/2026 11:40:09 - INFO - utils.trainer -   Model loaded from output_dir/TimeLLM_Beirut_train/TimeLLM-0.bin (22/22 keys)
07/31/2026 11:40:09 - INFO - utils.trainer -   Model loaded from output_dir/TimeLLM_Beirut_train/TimeLLM-0.bin (22/22 keys)
07/31/2026 11:40:09 - INFO - utils.trainer -   ***** Running evaluation on test dataset *****
07/31/2026 11:40:09 - INFO - utils.trainer -     582 keys not in checkpoint (kept from init)
07/31/2026 11:40:09 - INFO - utils.trainer -   Model loaded from output_dir/TimeLLM_Beirut_train/TimeLLM-0.bin (22/22 keys)
07/31/2026 11:40:13 - INFO - utils.trainer -   Loss: 0.77880
07/31/2026 11:40:13 - INFO - utils.trainer -   AUC: 0.50964
07/31/2026 11:40:13 - INFO - utils.trainer -   Accuracy: 0.50617
07/31/2026 11:40:13 - INFO - utils.trainer -   Precision: 0.50617
07/31/2026 11:40:13 - INFO - utils.trainer -   Specificity: 0.00000
07/31/2026 11:40:13 - INFO - utils.trainer -   Sensitivity: 1.00000
07/31/2026 11:40:13 - INFO - utils.trainer -   === Best epoch test result ===
07/31/2026 11:40:13 - INFO - utils.trainer -     Loss: 0.77880
07/31/2026 11:40:13 - INFO - utils.trainer -     AUC: 0.50964
07/31/2026 11:40:13 - INFO - utils.trainer -     Accuracy: 0.50617
07/31/2026 11:40:13 - INFO - utils.trainer -     Precision: 0.50617
07/31/2026 11:40:13 - INFO - utils.trainer -     Specificity: 0.00000
07/31/2026 11:40:13 - INFO - utils.trainer -     Sensitivity: 1.00000
07/31/2026 11:40:13 - INFO - utils.trainer -   Model saved to output_dir/TimeLLM_Beirut_train/final-epoch-200
07/31/2026 11:40:13 - INFO - utils.trainer -   Final model saved at epoch 200
