08/13/2026 14:08:21 - INFO - __main__ -   ########## Repeat:0 ##########
08/13/2026 14:08:21 - INFO - utils.trainer -   ***** Running training *****
08/13/2026 14:08:21 - INFO - utils.trainer -     Num examples = 311
08/13/2026 14:08:21 - INFO - utils.trainer -     Num Epochs = 200
08/13/2026 14:08:21 - INFO - utils.trainer -     Total train batch size = 4
08/13/2026 14:08:21 - INFO - utils.trainer -     warmup steps = 400
08/13/2026 14:08:21 - INFO - utils.trainer -     Total optimization steps = 62200
08/13/2026 14:08:21 - INFO - utils.trainer -     Save steps = 25
08/13/2026 14:10:03 - INFO - utils.trainer -   ***** Running evaluation on val dataset *****
08/13/2026 14:10:13 - INFO - utils.trainer -   Loss: 0.89203
08/13/2026 14:10:13 - INFO - utils.trainer -   AUC: 0.50459
08/13/2026 14:10:13 - INFO - utils.trainer -   Accuracy: 0.48479
08/13/2026 14:10:13 - INFO - utils.trainer -   Precision: 0.00000
08/13/2026 14:10:13 - INFO - utils.trainer -   Specificity: 1.00000
08/13/2026 14:10:13 - INFO - utils.trainer -   Sensitivity: 0.00000
08/13/2026 14:10:14 - INFO - utils.trainer -   Model saved to output_dir/TimeLLM_DisCAUEEGTUAB_train
08/13/2026 14:10:14 - INFO - utils.trainer -   Best model saved (val_AUC=0.5046)
08/13/2026 14:10:14 - INFO - utils.trainer -   Epoch: 1, Loss: 0.78974, Val loss: 0.89203, Val AUC: 0.5046, Best val AUC: 0.5046, No improve: 0/10, Time: 101.7s
08/13/2026 14:11:55 - INFO - utils.trainer -   ***** Running evaluation on val dataset *****
08/13/2026 14:12:06 - INFO - utils.trainer -   Loss: 0.65661
08/13/2026 14:12:06 - INFO - utils.trainer -   AUC: 0.67785
08/13/2026 14:12:06 - INFO - utils.trainer -   Accuracy: 0.61090
08/13/2026 14:12:06 - INFO - utils.trainer -   Precision: 0.68952
08/13/2026 14:12:06 - INFO - utils.trainer -   Specificity: 0.78693
08/13/2026 14:12:06 - INFO - utils.trainer -   Sensitivity: 0.44526
08/13/2026 14:12:07 - INFO - utils.trainer -   Model saved to output_dir/TimeLLM_DisCAUEEGTUAB_train
08/13/2026 14:12:07 - INFO - utils.trainer -   Best model saved (val_AUC=0.6778)
08/13/2026 14:12:07 - INFO - utils.trainer -   Epoch: 2, Loss: 0.67182, Val loss: 0.65661, Val AUC: 0.6778, Best val AUC: 0.6778, No improve: 0/10, Time: 100.9s
08/13/2026 14:13:48 - INFO - utils.trainer -   ***** Running evaluation on val dataset *****
08/13/2026 14:13:58 - INFO - utils.trainer -   Loss: 0.64631
08/13/2026 14:13:58 - INFO - utils.trainer -   AUC: 0.70724
08/13/2026 14:13:58 - INFO - utils.trainer -   Accuracy: 0.62231
08/13/2026 14:13:58 - INFO - utils.trainer -   Precision: 0.72188
08/13/2026 14:13:58 - INFO - utils.trainer -   Specificity: 0.82222
08/13/2026 14:13:58 - INFO - utils.trainer -   Sensitivity: 0.43419
08/13/2026 14:13:59 - INFO - utils.trainer -   Model saved to output_dir/TimeLLM_DisCAUEEGTUAB_train
08/13/2026 14:13:59 - INFO - utils.trainer -   Best model saved (val_AUC=0.7072)
08/13/2026 14:13:59 - INFO - utils.trainer -   Epoch: 3, Loss: 0.64642, Val loss: 0.64631, Val AUC: 0.7072, Best val AUC: 0.7072, No improve: 0/10, Time: 100.8s
08/13/2026 14:15:40 - INFO - utils.trainer -   ***** Running evaluation on val dataset *****
08/13/2026 14:15:51 - INFO - utils.trainer -   Loss: 0.65120
08/13/2026 14:15:51 - INFO - utils.trainer -   AUC: 0.72001
08/13/2026 14:15:51 - INFO - utils.trainer -   Accuracy: 0.63561
08/13/2026 14:15:51 - INFO - utils.trainer -   Precision: 0.75105
08/13/2026 14:15:51 - INFO - utils.trainer -   Specificity: 0.84575
08/13/2026 14:15:51 - INFO - utils.trainer -   Sensitivity: 0.43788
08/13/2026 14:15:52 - INFO - utils.trainer -   Model saved to output_dir/TimeLLM_DisCAUEEGTUAB_train
08/13/2026 14:15:52 - INFO - utils.trainer -   Best model saved (val_AUC=0.7200)
08/13/2026 14:15:52 - INFO - utils.trainer -   Epoch: 4, Loss: 0.58021, Val loss: 0.65120, Val AUC: 0.7200, Best val AUC: 0.7200, No improve: 0/10, Time: 100.9s
08/13/2026 14:17:33 - INFO - utils.trainer -   ***** Running evaluation on val dataset *****
08/13/2026 14:17:44 - INFO - utils.trainer -   Loss: 0.61350
08/13/2026 14:17:44 - INFO - utils.trainer -   AUC: 0.72519
08/13/2026 14:17:44 - INFO - utils.trainer -   Accuracy: 0.65843
08/13/2026 14:17:44 - INFO - utils.trainer -   Precision: 0.65930
08/13/2026 14:17:44 - INFO - utils.trainer -   Specificity: 0.61699
08/13/2026 14:17:44 - INFO - utils.trainer -   Sensitivity: 0.69742
08/13/2026 14:17:45 - INFO - utils.trainer -   Model saved to output_dir/TimeLLM_DisCAUEEGTUAB_train
08/13/2026 14:17:45 - INFO - utils.trainer -   Best model saved (val_AUC=0.7252)
08/13/2026 14:17:45 - INFO - utils.trainer -   Epoch: 5, Loss: 0.57867, Val loss: 0.61350, Val AUC: 0.7252, Best val AUC: 0.7252, No improve: 0/10, Time: 101.0s
08/13/2026 14:19:26 - INFO - utils.trainer -   ***** Running evaluation on val dataset *****
08/13/2026 14:19:36 - INFO - utils.trainer -   Loss: 0.61079
08/13/2026 14:19:36 - INFO - utils.trainer -   AUC: 0.74186
08/13/2026 14:19:36 - INFO - utils.trainer -   Accuracy: 0.67490
08/13/2026 14:19:36 - INFO - utils.trainer -   Precision: 0.70891
08/13/2026 14:19:36 - INFO - utils.trainer -   Specificity: 0.72680
08/13/2026 14:19:36 - INFO - utils.trainer -   Sensitivity: 0.62608
08/13/2026 14:19:37 - INFO - utils.trainer -   Model saved to output_dir/TimeLLM_DisCAUEEGTUAB_train
08/13/2026 14:19:37 - INFO - utils.trainer -   Best model saved (val_AUC=0.7419)
08/13/2026 14:19:37 - INFO - utils.trainer -   Epoch: 6, Loss: 0.58554, Val loss: 0.61079, Val AUC: 0.7419, Best val AUC: 0.7419, No improve: 0/10, Time: 101.0s
08/13/2026 14:21:18 - INFO - utils.trainer -   ***** Running evaluation on val dataset *****
08/13/2026 14:21:29 - INFO - utils.trainer -   Loss: 0.67889
08/13/2026 14:21:29 - INFO - utils.trainer -   AUC: 0.74623
08/13/2026 14:21:29 - INFO - utils.trainer -   Accuracy: 0.64132
08/13/2026 14:21:29 - INFO - utils.trainer -   Precision: 0.77629
08/13/2026 14:21:29 - INFO - utils.trainer -   Specificity: 0.86928
08/13/2026 14:21:29 - INFO - utils.trainer -   Sensitivity: 0.42681
08/13/2026 14:21:30 - INFO - utils.trainer -   Model saved to output_dir/TimeLLM_DisCAUEEGTUAB_train
08/13/2026 14:21:30 - INFO - utils.trainer -   Best model saved (val_AUC=0.7462)
08/13/2026 14:21:30 - INFO - utils.trainer -   Epoch: 7, Loss: 0.55964, Val loss: 0.67889, Val AUC: 0.7462, Best val AUC: 0.7462, No improve: 0/10, Time: 101.0s
08/13/2026 14:23:11 - INFO - utils.trainer -   ***** Running evaluation on val dataset *****
08/13/2026 14:23:22 - INFO - utils.trainer -   Loss: 0.64558
08/13/2026 14:23:22 - INFO - utils.trainer -   AUC: 0.74164
08/13/2026 14:23:22 - INFO - utils.trainer -   Accuracy: 0.64639
08/13/2026 14:23:22 - INFO - utils.trainer -   Precision: 0.76730
08/13/2026 14:23:22 - INFO - utils.trainer -   Specificity: 0.85490
08/13/2026 14:23:22 - INFO - utils.trainer -   Sensitivity: 0.45018
08/13/2026 14:23:22 - INFO - utils.trainer -   Epoch: 8, Loss: 0.54534, Val loss: 0.64558, Val AUC: 0.7416, Best val AUC: 0.7462, No improve: 1/10, Time: 101.3s
08/13/2026 14:25:03 - INFO - utils.trainer -   ***** Running evaluation on val dataset *****
08/13/2026 14:25:14 - INFO - utils.trainer -   Loss: 0.63934
08/13/2026 14:25:14 - INFO - utils.trainer -   AUC: 0.73919
08/13/2026 14:25:14 - INFO - utils.trainer -   Accuracy: 0.65336
08/13/2026 14:25:14 - INFO - utils.trainer -   Precision: 0.73415
08/13/2026 14:25:14 - INFO - utils.trainer -   Specificity: 0.80261
08/13/2026 14:25:14 - INFO - utils.trainer -   Sensitivity: 0.51292
08/13/2026 14:25:14 - INFO - utils.trainer -   Epoch: 9, Loss: 0.52390, Val loss: 0.63934, Val AUC: 0.7392, Best val AUC: 0.7462, No improve: 2/10, Time: 101.1s
08/13/2026 14:26:55 - INFO - utils.trainer -   ***** Running evaluation on val dataset *****
08/13/2026 14:27:06 - INFO - utils.trainer -   Loss: 0.63351
08/13/2026 14:27:06 - INFO - utils.trainer -   AUC: 0.72144
08/13/2026 14:27:06 - INFO - utils.trainer -   Accuracy: 0.64132
08/13/2026 14:27:06 - INFO - utils.trainer -   Precision: 0.64179
08/13/2026 14:27:06 - INFO - utils.trainer -   Specificity: 0.59216
08/13/2026 14:27:06 - INFO - utils.trainer -   Sensitivity: 0.68758
08/13/2026 14:27:06 - INFO - utils.trainer -   Epoch: 10, Loss: 0.52692, Val loss: 0.63351, Val AUC: 0.7214, Best val AUC: 0.7462, No improve: 3/10, Time: 100.9s
08/13/2026 14:28:47 - INFO - utils.trainer -   ***** Running evaluation on val dataset *****
08/13/2026 14:28:58 - INFO - utils.trainer -   Loss: 0.60925
08/13/2026 14:28:58 - INFO - utils.trainer -   AUC: 0.74145
08/13/2026 14:28:58 - INFO - utils.trainer -   Accuracy: 0.67110
08/13/2026 14:28:58 - INFO - utils.trainer -   Precision: 0.70822
08/13/2026 14:28:58 - INFO - utils.trainer -   Specificity: 0.73072
08/13/2026 14:28:58 - INFO - utils.trainer -   Sensitivity: 0.61501
08/13/2026 14:28:58 - INFO - utils.trainer -   Epoch: 11, Loss: 0.51382, Val loss: 0.60925, Val AUC: 0.7415, Best val AUC: 0.7462, No improve: 4/10, Time: 101.0s
08/13/2026 14:30:38 - INFO - utils.trainer -   ***** Running evaluation on val dataset *****
08/13/2026 14:30:49 - INFO - utils.trainer -   Loss: 0.60615
08/13/2026 14:30:49 - INFO - utils.trainer -   AUC: 0.74327
08/13/2026 14:30:49 - INFO - utils.trainer -   Accuracy: 0.66920
08/13/2026 14:30:49 - INFO - utils.trainer -   Precision: 0.67722
08/13/2026 14:30:49 - INFO - utils.trainer -   Specificity: 0.65359
08/13/2026 14:30:49 - INFO - utils.trainer -   Sensitivity: 0.68389
08/13/2026 14:30:49 - INFO - utils.trainer -   Epoch: 12, Loss: 0.53896, Val loss: 0.60615, Val AUC: 0.7433, Best val AUC: 0.7462, No improve: 5/10, Time: 100.9s
08/13/2026 14:32:30 - INFO - utils.trainer -   ***** Running evaluation on val dataset *****
08/13/2026 14:32:41 - INFO - utils.trainer -   Loss: 0.60803
08/13/2026 14:32:41 - INFO - utils.trainer -   AUC: 0.74897
08/13/2026 14:32:41 - INFO - utils.trainer -   Accuracy: 0.67934
08/13/2026 14:32:41 - INFO - utils.trainer -   Precision: 0.69260
08/13/2026 14:32:41 - INFO - utils.trainer -   Specificity: 0.67974
08/13/2026 14:32:41 - INFO - utils.trainer -   Sensitivity: 0.67897
08/13/2026 14:32:42 - INFO - utils.trainer -   Model saved to output_dir/TimeLLM_DisCAUEEGTUAB_train
08/13/2026 14:32:42 - INFO - utils.trainer -   Best model saved (val_AUC=0.7490)
08/13/2026 14:32:42 - INFO - utils.trainer -   Epoch: 13, Loss: 0.51372, Val loss: 0.60803, Val AUC: 0.7490, Best val AUC: 0.7490, No improve: 0/10, Time: 101.0s
08/13/2026 14:34:23 - INFO - utils.trainer -   ***** Running evaluation on val dataset *****
08/13/2026 14:34:34 - INFO - utils.trainer -   Loss: 0.61717
08/13/2026 14:34:34 - INFO - utils.trainer -   AUC: 0.74873
08/13/2026 14:34:34 - INFO - utils.trainer -   Accuracy: 0.65716
08/13/2026 14:34:34 - INFO - utils.trainer -   Precision: 0.63439
08/13/2026 14:34:34 - INFO - utils.trainer -   Specificity: 0.51634
08/13/2026 14:34:34 - INFO - utils.trainer -   Sensitivity: 0.78967
08/13/2026 14:34:34 - INFO - utils.trainer -   Epoch: 14, Loss: 0.52270, Val loss: 0.61717, Val AUC: 0.7487, Best val AUC: 0.7490, No improve: 1/10, Time: 100.9s
08/13/2026 14:36:15 - INFO - utils.trainer -   ***** Running evaluation on val dataset *****
08/13/2026 14:36:26 - INFO - utils.trainer -   Loss: 0.59548
08/13/2026 14:36:26 - INFO - utils.trainer -   AUC: 0.75620
08/13/2026 14:36:26 - INFO - utils.trainer -   Accuracy: 0.68948
08/13/2026 14:36:26 - INFO - utils.trainer -   Precision: 0.71913
08/13/2026 14:36:26 - INFO - utils.trainer -   Specificity: 0.72941
08/13/2026 14:36:26 - INFO - utils.trainer -   Sensitivity: 0.65191
08/13/2026 14:36:27 - INFO - utils.trainer -   Model saved to output_dir/TimeLLM_DisCAUEEGTUAB_train
08/13/2026 14:36:27 - INFO - utils.trainer -   Best model saved (val_AUC=0.7562)
08/13/2026 14:36:27 - INFO - utils.trainer -   Epoch: 15, Loss: 0.52282, Val loss: 0.59548, Val AUC: 0.7562, Best val AUC: 0.7562, No improve: 0/10, Time: 101.0s
08/13/2026 14:38:08 - INFO - utils.trainer -   ***** Running evaluation on val dataset *****
08/13/2026 14:38:19 - INFO - utils.trainer -   Loss: 0.62802
08/13/2026 14:38:19 - INFO - utils.trainer -   AUC: 0.75498
08/13/2026 14:38:19 - INFO - utils.trainer -   Accuracy: 0.68188
08/13/2026 14:38:19 - INFO - utils.trainer -   Precision: 0.71156
08/13/2026 14:38:19 - INFO - utils.trainer -   Specificity: 0.72288
08/13/2026 14:38:19 - INFO - utils.trainer -   Sensitivity: 0.64330
08/13/2026 14:38:19 - INFO - utils.trainer -   Epoch: 16, Loss: 0.48147, Val loss: 0.62802, Val AUC: 0.7550, Best val AUC: 0.7562, No improve: 1/10, Time: 101.3s
08/13/2026 14:40:00 - INFO - utils.trainer -   ***** Running evaluation on val dataset *****
08/13/2026 14:40:10 - INFO - utils.trainer -   Loss: 0.61797
08/13/2026 14:40:10 - INFO - utils.trainer -   AUC: 0.73954
08/13/2026 14:40:10 - INFO - utils.trainer -   Accuracy: 0.67807
08/13/2026 14:40:10 - INFO - utils.trainer -   Precision: 0.70360
08/13/2026 14:40:10 - INFO - utils.trainer -   Specificity: 0.70980
08/13/2026 14:40:10 - INFO - utils.trainer -   Sensitivity: 0.64822
08/13/2026 14:40:10 - INFO - utils.trainer -   Epoch: 17, Loss: 0.50214, Val loss: 0.61797, Val AUC: 0.7395, Best val AUC: 0.7562, No improve: 2/10, Time: 101.0s
08/13/2026 14:41:51 - INFO - utils.trainer -   ***** Running evaluation on val dataset *****
08/13/2026 14:42:02 - INFO - utils.trainer -   Loss: 0.63422
08/13/2026 14:42:02 - INFO - utils.trainer -   AUC: 0.74877
08/13/2026 14:42:02 - INFO - utils.trainer -   Accuracy: 0.68504
08/13/2026 14:42:02 - INFO - utils.trainer -   Precision: 0.72129
08/13/2026 14:42:02 - INFO - utils.trainer -   Specificity: 0.73987
08/13/2026 14:42:02 - INFO - utils.trainer -   Sensitivity: 0.63346
08/13/2026 14:42:02 - INFO - utils.trainer -   Epoch: 18, Loss: 0.50430, Val loss: 0.63422, Val AUC: 0.7488, Best val AUC: 0.7562, No improve: 3/10, Time: 101.0s
08/13/2026 14:43:43 - INFO - utils.trainer -   ***** Running evaluation on val dataset *****
08/13/2026 14:43:54 - INFO - utils.trainer -   Loss: 0.60483
08/13/2026 14:43:54 - INFO - utils.trainer -   AUC: 0.74416
08/13/2026 14:43:54 - INFO - utils.trainer -   Accuracy: 0.68251
08/13/2026 14:43:54 - INFO - utils.trainer -   Precision: 0.69355
08/13/2026 14:43:54 - INFO - utils.trainer -   Specificity: 0.67712
08/13/2026 14:43:54 - INFO - utils.trainer -   Sensitivity: 0.68758
08/13/2026 14:43:54 - INFO - utils.trainer -   Epoch: 19, Loss: 0.46672, Val loss: 0.60483, Val AUC: 0.7442, Best val AUC: 0.7562, No improve: 4/10, Time: 101.0s
08/13/2026 14:45:35 - INFO - utils.trainer -   ***** Running evaluation on val dataset *****
08/13/2026 14:45:46 - INFO - utils.trainer -   Loss: 0.64293
08/13/2026 14:45:46 - INFO - utils.trainer -   AUC: 0.74071
08/13/2026 14:45:46 - INFO - utils.trainer -   Accuracy: 0.67364
08/13/2026 14:45:46 - INFO - utils.trainer -   Precision: 0.71286
08/13/2026 14:45:46 - INFO - utils.trainer -   Specificity: 0.73725
08/13/2026 14:45:46 - INFO - utils.trainer -   Sensitivity: 0.61378
08/13/2026 14:45:46 - INFO - utils.trainer -   Epoch: 20, Loss: 0.46595, Val loss: 0.64293, Val AUC: 0.7407, Best val AUC: 0.7562, No improve: 5/10, Time: 101.0s
08/13/2026 14:47:26 - INFO - utils.trainer -   ***** Running evaluation on val dataset *****
08/13/2026 14:47:37 - INFO - utils.trainer -   Loss: 0.63147
08/13/2026 14:47:37 - INFO - utils.trainer -   AUC: 0.75158
08/13/2026 14:47:37 - INFO - utils.trainer -   Accuracy: 0.68124
08/13/2026 14:47:37 - INFO - utils.trainer -   Precision: 0.70833
08/13/2026 14:47:37 - INFO - utils.trainer -   Specificity: 0.71634
08/13/2026 14:47:37 - INFO - utils.trainer -   Sensitivity: 0.64822
08/13/2026 14:47:37 - INFO - utils.trainer -   Epoch: 21, Loss: 0.50026, Val loss: 0.63147, Val AUC: 0.7516, Best val AUC: 0.7562, No improve: 6/10, Time: 100.9s
08/13/2026 14:49:18 - INFO - utils.trainer -   ***** Running evaluation on val dataset *****
08/13/2026 14:49:29 - INFO - utils.trainer -   Loss: 0.63861
08/13/2026 14:49:29 - INFO - utils.trainer -   AUC: 0.75066
08/13/2026 14:49:29 - INFO - utils.trainer -   Accuracy: 0.67364
08/13/2026 14:49:29 - INFO - utils.trainer -   Precision: 0.64960
08/13/2026 14:49:29 - INFO - utils.trainer -   Specificity: 0.54379
08/13/2026 14:49:29 - INFO - utils.trainer -   Sensitivity: 0.79582
08/13/2026 14:49:29 - INFO - utils.trainer -   Epoch: 22, Loss: 0.46200, Val loss: 0.63861, Val AUC: 0.7507, Best val AUC: 0.7562, No improve: 7/10, Time: 101.1s
08/13/2026 14:51:11 - INFO - utils.trainer -   ***** Running evaluation on val dataset *****
08/13/2026 14:51:22 - INFO - utils.trainer -   Loss: 0.67733
08/13/2026 14:51:22 - INFO - utils.trainer -   AUC: 0.73859
08/13/2026 14:51:22 - INFO - utils.trainer -   Accuracy: 0.65843
08/13/2026 14:51:22 - INFO - utils.trainer -   Precision: 0.72910
08/13/2026 14:51:22 - INFO - utils.trainer -   Specificity: 0.78824
08/13/2026 14:51:22 - INFO - utils.trainer -   Sensitivity: 0.53629
08/13/2026 14:51:22 - INFO - utils.trainer -   Epoch: 23, Loss: 0.47477, Val loss: 0.67733, Val AUC: 0.7386, Best val AUC: 0.7562, No improve: 8/10, Time: 102.2s
08/13/2026 14:53:03 - INFO - utils.trainer -   ***** Running evaluation on val dataset *****
08/13/2026 14:53:13 - INFO - utils.trainer -   Loss: 0.62297
08/13/2026 14:53:13 - INFO - utils.trainer -   AUC: 0.75613
08/13/2026 14:53:13 - INFO - utils.trainer -   Accuracy: 0.68568
08/13/2026 14:53:13 - INFO - utils.trainer -   Precision: 0.74347
08/13/2026 14:53:13 - INFO - utils.trainer -   Specificity: 0.78170
08/13/2026 14:53:13 - INFO - utils.trainer -   Sensitivity: 0.59533
08/13/2026 14:53:13 - INFO - utils.trainer -   Epoch: 24, Loss: 0.46514, Val loss: 0.62297, Val AUC: 0.7561, Best val AUC: 0.7562, No improve: 9/10, Time: 100.9s
08/13/2026 14:54:54 - INFO - utils.trainer -   ***** Running evaluation on val dataset *****
08/13/2026 14:55:05 - INFO - utils.trainer -   Loss: 0.61133
08/13/2026 14:55:05 - INFO - utils.trainer -   AUC: 0.74990
08/13/2026 14:55:05 - INFO - utils.trainer -   Accuracy: 0.67934
08/13/2026 14:55:05 - INFO - utils.trainer -   Precision: 0.71056
08/13/2026 14:55:05 - INFO - utils.trainer -   Specificity: 0.72418
08/13/2026 14:55:05 - INFO - utils.trainer -   Sensitivity: 0.63715
08/13/2026 14:55:07 - INFO - utils.trainer -   Model saved to output_dir/TimeLLM_DisCAUEEGTUAB_train/checkpoint-epoch-25
08/13/2026 14:55:07 - INFO - utils.trainer -   Checkpoint saved at epoch 25
08/13/2026 14:55:07 - INFO - utils.trainer -   Epoch: 25, Loss: 0.48136, Val loss: 0.61133, Val AUC: 0.7499, Best val AUC: 0.7562, No improve: 10/10, Time: 100.9s
08/13/2026 14:55:07 - INFO - utils.trainer -   Early stopping triggered at epoch 25
08/13/2026 14:55:07 - INFO - utils.trainer -   Early stopping triggered at epoch 25
08/13/2026 14:55:07 - INFO - utils.trainer -   Early stopping triggered at epoch 25
08/13/2026 14:55:07 - INFO - utils.trainer -   Early stopping triggered at epoch 25
08/13/2026 14:55:07 - INFO - utils.trainer -   Early stopping triggered at epoch 25
08/13/2026 14:55:07 - INFO - utils.trainer -   Early stopping triggered at epoch 25
08/13/2026 14:55:07 - INFO - utils.trainer -     2 prompt-buffer key(s) skipped (kept target-dataset prompt)
08/13/2026 14:55:07 - INFO - utils.trainer -     582 keys not in checkpoint (kept from init)
08/13/2026 14:55:07 - INFO - utils.trainer -   Model loaded from output_dir/TimeLLM_DisCAUEEGTUAB_train/TimeLLM-0.bin (21/23 keys)
08/13/2026 14:55:07 - INFO - utils.trainer -     2 prompt-buffer key(s) skipped (kept target-dataset prompt)
08/13/2026 14:55:07 - INFO - utils.trainer -     582 keys not in checkpoint (kept from init)
08/13/2026 14:55:07 - INFO - utils.trainer -   Model loaded from output_dir/TimeLLM_DisCAUEEGTUAB_train/TimeLLM-0.bin (21/23 keys)
08/13/2026 14:55:07 - INFO - utils.trainer -     2 prompt-buffer key(s) skipped (kept target-dataset prompt)
08/13/2026 14:55:07 - INFO - utils.trainer -     2 prompt-buffer key(s) skipped (kept target-dataset prompt)
08/13/2026 14:55:07 - INFO - utils.trainer -     582 keys not in checkpoint (kept from init)
08/13/2026 14:55:07 - INFO - utils.trainer -     582 keys not in checkpoint (kept from init)
08/13/2026 14:55:07 - INFO - utils.trainer -   Model loaded from output_dir/TimeLLM_DisCAUEEGTUAB_train/TimeLLM-0.bin (21/23 keys)
08/13/2026 14:55:07 - INFO - utils.trainer -   Model loaded from output_dir/TimeLLM_DisCAUEEGTUAB_train/TimeLLM-0.bin (21/23 keys)
08/13/2026 14:55:07 - INFO - utils.trainer -     2 prompt-buffer key(s) skipped (kept target-dataset prompt)
08/13/2026 14:55:07 - INFO - utils.trainer -     582 keys not in checkpoint (kept from init)
08/13/2026 14:55:07 - INFO - utils.trainer -   Model loaded from output_dir/TimeLLM_DisCAUEEGTUAB_train/TimeLLM-0.bin (21/23 keys)
08/13/2026 14:55:07 - INFO - utils.trainer -     2 prompt-buffer key(s) skipped (kept target-dataset prompt)
08/13/2026 14:55:07 - INFO - utils.trainer -     582 keys not in checkpoint (kept from init)
08/13/2026 14:55:07 - INFO - utils.trainer -   Model loaded from output_dir/TimeLLM_DisCAUEEGTUAB_train/TimeLLM-0.bin (21/23 keys)
08/13/2026 14:55:07 - INFO - utils.trainer -   ***** Running evaluation on test dataset *****
08/13/2026 14:55:18 - INFO - utils.trainer -   Loss: 0.58847
08/13/2026 14:55:18 - INFO - utils.trainer -   AUC: 0.75390
08/13/2026 14:55:18 - INFO - utils.trainer -   Accuracy: 0.68750
08/13/2026 14:55:18 - INFO - utils.trainer -   Precision: 0.68538
08/13/2026 14:55:18 - INFO - utils.trainer -   Specificity: 0.71241
08/13/2026 14:55:18 - INFO - utils.trainer -   Sensitivity: 0.66121
08/13/2026 14:55:18 - INFO - utils.trainer -   === Best epoch test result ===
08/13/2026 14:55:18 - INFO - utils.trainer -     Loss: 0.58847
08/13/2026 14:55:18 - INFO - utils.trainer -     AUC: 0.75390
08/13/2026 14:55:18 - INFO - utils.trainer -     Accuracy: 0.68750
08/13/2026 14:55:18 - INFO - utils.trainer -     Precision: 0.68538
08/13/2026 14:55:18 - INFO - utils.trainer -     Specificity: 0.71241
08/13/2026 14:55:18 - INFO - utils.trainer -     Sensitivity: 0.66121
08/13/2026 14:55:19 - INFO - utils.trainer -   Model saved to output_dir/TimeLLM_DisCAUEEGTUAB_train/final-epoch-200
08/13/2026 14:55:19 - INFO - utils.trainer -   Final model saved at epoch 200
