08/18/2026 02:00:05 - INFO - __main__ -   ########## Repeat:0 ##########
08/18/2026 02:00:05 - INFO - utils.trainer -   ***** Running training *****
08/18/2026 02:00:05 - INFO - utils.trainer -     Num examples = 161
08/18/2026 02:00:05 - INFO - utils.trainer -     Num Epochs = 200
08/18/2026 02:00:05 - INFO - utils.trainer -     Total train batch size = 4
08/18/2026 02:00:05 - INFO - utils.trainer -     warmup steps = 400
08/18/2026 02:00:05 - INFO - utils.trainer -     Total optimization steps = 32200
08/18/2026 02:00:05 - INFO - utils.trainer -     Save steps = 200
08/18/2026 02:00:13 - INFO - utils.trainer -   ***** Running regression evaluation on val0 dataset *****
08/18/2026 02:00:15 - INFO - utils.trainer -   Loss: 0.01021
08/18/2026 02:00:15 - INFO - utils.trainer -   MSE: 108.45485
08/18/2026 02:00:15 - INFO - utils.trainer -   MAE: 8.22807
08/18/2026 02:00:15 - INFO - utils.trainer -   RMSE: 10.41417
08/18/2026 02:00:15 - INFO - utils.trainer -   R2: 0.02211
08/18/2026 02:00:15 - INFO - utils.trainer -   PearsonR: 0.28361
08/18/2026 02:00:15 - INFO - utils.trainer -   Model saved to output_dir/ALTER_AgeCAUEEG_train
08/18/2026 02:00:15 - INFO - utils.trainer -   Best model saved (val_Loss=0.0102)
08/18/2026 02:00:15 - INFO - utils.trainer -   Epoch: 1, Loss: 0.05207, Val loss: 0.01021, Val Loss: 0.0102, Best val Loss: 0.0102, No improve: 0/10, Time: 8.1s
08/18/2026 02:00:23 - INFO - utils.trainer -   ***** Running regression evaluation on val0 dataset *****
08/18/2026 02:00:25 - INFO - utils.trainer -   Loss: 0.00933
08/18/2026 02:00:25 - INFO - utils.trainer -   MSE: 98.98910
08/18/2026 02:00:25 - INFO - utils.trainer -   MAE: 8.07568
08/18/2026 02:00:25 - INFO - utils.trainer -   RMSE: 9.94933
08/18/2026 02:00:25 - INFO - utils.trainer -   R2: 0.10746
08/18/2026 02:00:25 - INFO - utils.trainer -   PearsonR: 0.34481
08/18/2026 02:00:25 - INFO - utils.trainer -   Model saved to output_dir/ALTER_AgeCAUEEG_train
08/18/2026 02:00:25 - INFO - utils.trainer -   Best model saved (val_Loss=0.0093)
08/18/2026 02:00:25 - INFO - utils.trainer -   Epoch: 2, Loss: 0.00858, Val loss: 0.00933, Val Loss: 0.0093, Best val Loss: 0.0093, No improve: 0/10, Time: 7.8s
08/18/2026 02:00:32 - INFO - utils.trainer -   ***** Running regression evaluation on val0 dataset *****
08/18/2026 02:00:34 - INFO - utils.trainer -   Loss: 0.00893
08/18/2026 02:00:34 - INFO - utils.trainer -   MSE: 94.93307
08/18/2026 02:00:34 - INFO - utils.trainer -   MAE: 7.97506
08/18/2026 02:00:34 - INFO - utils.trainer -   RMSE: 9.74336
08/18/2026 02:00:34 - INFO - utils.trainer -   R2: 0.14403
08/18/2026 02:00:34 - INFO - utils.trainer -   PearsonR: 0.38026
08/18/2026 02:00:34 - INFO - utils.trainer -   Model saved to output_dir/ALTER_AgeCAUEEG_train
08/18/2026 02:00:34 - INFO - utils.trainer -   Best model saved (val_Loss=0.0089)
08/18/2026 02:00:34 - INFO - utils.trainer -   Epoch: 3, Loss: 0.00823, Val loss: 0.00893, Val Loss: 0.0089, Best val Loss: 0.0089, No improve: 0/10, Time: 7.7s
08/18/2026 02:00:42 - INFO - utils.trainer -   ***** Running regression evaluation on val0 dataset *****
08/18/2026 02:00:45 - INFO - utils.trainer -   Loss: 0.00884
08/18/2026 02:00:45 - INFO - utils.trainer -   MSE: 94.19151
08/18/2026 02:00:45 - INFO - utils.trainer -   MAE: 7.90524
08/18/2026 02:00:45 - INFO - utils.trainer -   RMSE: 9.70523
08/18/2026 02:00:45 - INFO - utils.trainer -   R2: 0.15072
08/18/2026 02:00:45 - INFO - utils.trainer -   PearsonR: 0.39144
08/18/2026 02:00:45 - INFO - utils.trainer -   Epoch: 4, Loss: 0.00808, Val loss: 0.00884, Val Loss: 0.0088, Best val Loss: 0.0089, No improve: 1/10, Time: 8.5s
08/18/2026 02:00:54 - INFO - utils.trainer -   ***** Running regression evaluation on val0 dataset *****
08/18/2026 02:00:56 - INFO - utils.trainer -   Loss: 0.00903
08/18/2026 02:00:56 - INFO - utils.trainer -   MSE: 96.33629
08/18/2026 02:00:56 - INFO - utils.trainer -   MAE: 8.04652
08/18/2026 02:00:56 - INFO - utils.trainer -   RMSE: 9.81510
08/18/2026 02:00:56 - INFO - utils.trainer -   R2: 0.13138
08/18/2026 02:00:56 - INFO - utils.trainer -   PearsonR: 0.40029
08/18/2026 02:00:56 - INFO - utils.trainer -   Epoch: 5, Loss: 0.00747, Val loss: 0.00903, Val Loss: 0.0090, Best val Loss: 0.0089, No improve: 2/10, Time: 8.7s
08/18/2026 02:01:04 - INFO - utils.trainer -   ***** Running regression evaluation on val0 dataset *****
08/18/2026 02:01:06 - INFO - utils.trainer -   Loss: 0.00847
08/18/2026 02:01:06 - INFO - utils.trainer -   MSE: 90.43263
08/18/2026 02:01:06 - INFO - utils.trainer -   MAE: 7.71670
08/18/2026 02:01:06 - INFO - utils.trainer -   RMSE: 9.50961
08/18/2026 02:01:06 - INFO - utils.trainer -   R2: 0.18461
08/18/2026 02:01:06 - INFO - utils.trainer -   PearsonR: 0.43287
08/18/2026 02:01:06 - INFO - utils.trainer -   Model saved to output_dir/ALTER_AgeCAUEEG_train
08/18/2026 02:01:06 - INFO - utils.trainer -   Best model saved (val_Loss=0.0085)
08/18/2026 02:01:06 - INFO - utils.trainer -   Epoch: 6, Loss: 0.00672, Val loss: 0.00847, Val Loss: 0.0085, Best val Loss: 0.0085, No improve: 0/10, Time: 8.1s
08/18/2026 02:01:14 - INFO - utils.trainer -   ***** Running regression evaluation on val0 dataset *****
08/18/2026 02:01:15 - INFO - utils.trainer -   Loss: 0.00843
08/18/2026 02:01:15 - INFO - utils.trainer -   MSE: 90.06441
08/18/2026 02:01:15 - INFO - utils.trainer -   MAE: 7.67831
08/18/2026 02:01:15 - INFO - utils.trainer -   RMSE: 9.49023
08/18/2026 02:01:15 - INFO - utils.trainer -   R2: 0.18793
08/18/2026 02:01:15 - INFO - utils.trainer -   PearsonR: 0.43741
08/18/2026 02:01:15 - INFO - utils.trainer -   Epoch: 7, Loss: 0.00780, Val loss: 0.00843, Val Loss: 0.0084, Best val Loss: 0.0085, No improve: 1/10, Time: 8.0s
08/18/2026 02:01:24 - INFO - utils.trainer -   ***** Running regression evaluation on val0 dataset *****
08/18/2026 02:01:26 - INFO - utils.trainer -   Loss: 0.00847
08/18/2026 02:01:26 - INFO - utils.trainer -   MSE: 90.50475
08/18/2026 02:01:26 - INFO - utils.trainer -   MAE: 7.68908
08/18/2026 02:01:26 - INFO - utils.trainer -   RMSE: 9.51340
08/18/2026 02:01:26 - INFO - utils.trainer -   R2: 0.18396
08/18/2026 02:01:26 - INFO - utils.trainer -   PearsonR: 0.42956
08/18/2026 02:01:26 - INFO - utils.trainer -   Epoch: 8, Loss: 0.00800, Val loss: 0.00847, Val Loss: 0.0085, Best val Loss: 0.0085, No improve: 2/10, Time: 8.2s
08/18/2026 02:01:34 - INFO - utils.trainer -   ***** Running regression evaluation on val0 dataset *****
08/18/2026 02:01:35 - INFO - utils.trainer -   Loss: 0.00946
08/18/2026 02:01:35 - INFO - utils.trainer -   MSE: 101.28135
08/18/2026 02:01:35 - INFO - utils.trainer -   MAE: 7.98363
08/18/2026 02:01:35 - INFO - utils.trainer -   RMSE: 10.06386
08/18/2026 02:01:35 - INFO - utils.trainer -   R2: 0.08679
08/18/2026 02:01:35 - INFO - utils.trainer -   PearsonR: 0.43755
08/18/2026 02:01:35 - INFO - utils.trainer -   Epoch: 9, Loss: 0.00749, Val loss: 0.00946, Val Loss: 0.0095, Best val Loss: 0.0085, No improve: 3/10, Time: 7.8s
08/18/2026 02:01:44 - INFO - utils.trainer -   ***** Running regression evaluation on val0 dataset *****
08/18/2026 02:01:45 - INFO - utils.trainer -   Loss: 0.00849
08/18/2026 02:01:45 - INFO - utils.trainer -   MSE: 90.69573
08/18/2026 02:01:45 - INFO - utils.trainer -   MAE: 7.66069
08/18/2026 02:01:45 - INFO - utils.trainer -   RMSE: 9.52343
08/18/2026 02:01:45 - INFO - utils.trainer -   R2: 0.18224
08/18/2026 02:01:45 - INFO - utils.trainer -   PearsonR: 0.43593
08/18/2026 02:01:45 - INFO - utils.trainer -   Epoch: 10, Loss: 0.00676, Val loss: 0.00849, Val Loss: 0.0085, Best val Loss: 0.0085, No improve: 4/10, Time: 8.2s
08/18/2026 02:01:54 - INFO - utils.trainer -   ***** Running regression evaluation on val0 dataset *****
08/18/2026 02:01:56 - INFO - utils.trainer -   Loss: 0.00864
08/18/2026 02:01:56 - INFO - utils.trainer -   MSE: 92.36060
08/18/2026 02:01:56 - INFO - utils.trainer -   MAE: 7.63240
08/18/2026 02:01:56 - INFO - utils.trainer -   RMSE: 9.61044
08/18/2026 02:01:56 - INFO - utils.trainer -   R2: 0.16723
08/18/2026 02:01:56 - INFO - utils.trainer -   PearsonR: 0.45102
08/18/2026 02:01:56 - INFO - utils.trainer -   Epoch: 11, Loss: 0.00745, Val loss: 0.00864, Val Loss: 0.0086, Best val Loss: 0.0085, No improve: 5/10, Time: 8.4s
08/18/2026 02:02:04 - INFO - utils.trainer -   ***** Running regression evaluation on val0 dataset *****
08/18/2026 02:02:06 - INFO - utils.trainer -   Loss: 0.00838
08/18/2026 02:02:06 - INFO - utils.trainer -   MSE: 89.63547
08/18/2026 02:02:06 - INFO - utils.trainer -   MAE: 7.57933
08/18/2026 02:02:06 - INFO - utils.trainer -   RMSE: 9.46760
08/18/2026 02:02:06 - INFO - utils.trainer -   R2: 0.19180
08/18/2026 02:02:06 - INFO - utils.trainer -   PearsonR: 0.44185
08/18/2026 02:02:06 - INFO - utils.trainer -   Epoch: 12, Loss: 0.00665, Val loss: 0.00838, Val Loss: 0.0084, Best val Loss: 0.0085, No improve: 6/10, Time: 8.5s
08/18/2026 02:02:15 - INFO - utils.trainer -   ***** Running regression evaluation on val0 dataset *****
08/18/2026 02:02:17 - INFO - utils.trainer -   Loss: 0.00885
08/18/2026 02:02:17 - INFO - utils.trainer -   MSE: 94.88925
08/18/2026 02:02:17 - INFO - utils.trainer -   MAE: 7.70516
08/18/2026 02:02:17 - INFO - utils.trainer -   RMSE: 9.74111
08/18/2026 02:02:17 - INFO - utils.trainer -   R2: 0.14443
08/18/2026 02:02:17 - INFO - utils.trainer -   PearsonR: 0.41889
08/18/2026 02:02:17 - INFO - utils.trainer -   Epoch: 13, Loss: 0.00652, Val loss: 0.00885, Val Loss: 0.0088, Best val Loss: 0.0085, No improve: 7/10, Time: 8.2s
08/18/2026 02:02:25 - INFO - utils.trainer -   ***** Running regression evaluation on val0 dataset *****
08/18/2026 02:02:27 - INFO - utils.trainer -   Loss: 0.00848
08/18/2026 02:02:27 - INFO - utils.trainer -   MSE: 90.72099
08/18/2026 02:02:27 - INFO - utils.trainer -   MAE: 7.63300
08/18/2026 02:02:27 - INFO - utils.trainer -   RMSE: 9.52476
08/18/2026 02:02:27 - INFO - utils.trainer -   R2: 0.18201
08/18/2026 02:02:27 - INFO - utils.trainer -   PearsonR: 0.43295
08/18/2026 02:02:27 - INFO - utils.trainer -   Epoch: 14, Loss: 0.00577, Val loss: 0.00848, Val Loss: 0.0085, Best val Loss: 0.0085, No improve: 8/10, Time: 8.2s
08/18/2026 02:02:35 - INFO - utils.trainer -   ***** Running regression evaluation on val0 dataset *****
08/18/2026 02:02:36 - INFO - utils.trainer -   Loss: 0.00854
08/18/2026 02:02:36 - INFO - utils.trainer -   MSE: 91.39344
08/18/2026 02:02:36 - INFO - utils.trainer -   MAE: 7.63811
08/18/2026 02:02:36 - INFO - utils.trainer -   RMSE: 9.55999
08/18/2026 02:02:36 - INFO - utils.trainer -   R2: 0.17595
08/18/2026 02:02:36 - INFO - utils.trainer -   PearsonR: 0.42251
08/18/2026 02:02:36 - INFO - utils.trainer -   Epoch: 15, Loss: 0.00606, Val loss: 0.00854, Val Loss: 0.0085, Best val Loss: 0.0085, No improve: 9/10, Time: 8.0s
08/18/2026 02:02:44 - INFO - utils.trainer -   ***** Running regression evaluation on val0 dataset *****
08/18/2026 02:02:46 - INFO - utils.trainer -   Loss: 0.00864
08/18/2026 02:02:46 - INFO - utils.trainer -   MSE: 92.46043
08/18/2026 02:02:46 - INFO - utils.trainer -   MAE: 7.65064
08/18/2026 02:02:46 - INFO - utils.trainer -   RMSE: 9.61563
08/18/2026 02:02:46 - INFO - utils.trainer -   R2: 0.16633
08/18/2026 02:02:46 - INFO - utils.trainer -   PearsonR: 0.43714
08/18/2026 02:02:46 - INFO - utils.trainer -   Epoch: 16, Loss: 0.00615, Val loss: 0.00864, Val Loss: 0.0086, Best val Loss: 0.0085, No improve: 10/10, Time: 7.9s
08/18/2026 02:02:46 - INFO - utils.trainer -   Early stopping triggered at epoch 16
08/18/2026 02:02:46 - INFO - utils.trainer -   Early stopping triggered at epoch 16
08/18/2026 02:02:46 - INFO - utils.trainer -   Early stopping triggered at epoch 16
08/18/2026 02:02:46 - INFO - utils.trainer -   Early stopping triggered at epoch 16
08/18/2026 02:02:46 - INFO - utils.trainer -   Early stopping triggered at epoch 16
08/18/2026 02:02:46 - INFO - utils.trainer -   Early stopping triggered at epoch 16
08/18/2026 02:02:46 - INFO - utils.trainer -     6 keys not in checkpoint (kept from init)
08/18/2026 02:02:46 - INFO - utils.trainer -   Model loaded from output_dir/ALTER_AgeCAUEEG_train/ALTER-0.bin (27/27 keys)
08/18/2026 02:02:46 - INFO - utils.trainer -   ***** Running regression evaluation on test0 dataset *****
08/18/2026 02:02:46 - INFO - utils.trainer -     6 keys not in checkpoint (kept from init)
08/18/2026 02:02:46 - INFO - utils.trainer -   Model loaded from output_dir/ALTER_AgeCAUEEG_train/ALTER-0.bin (27/27 keys)
08/18/2026 02:02:46 - INFO - utils.trainer -     6 keys not in checkpoint (kept from init)
08/18/2026 02:02:46 - INFO - utils.trainer -   Model loaded from output_dir/ALTER_AgeCAUEEG_train/ALTER-0.bin (27/27 keys)
08/18/2026 02:02:46 - INFO - utils.trainer -     6 keys not in checkpoint (kept from init)
08/18/2026 02:02:46 - INFO - utils.trainer -   Model loaded from output_dir/ALTER_AgeCAUEEG_train/ALTER-0.bin (27/27 keys)
08/18/2026 02:02:46 - INFO - utils.trainer -     6 keys not in checkpoint (kept from init)
08/18/2026 02:02:46 - INFO - utils.trainer -   Model loaded from output_dir/ALTER_AgeCAUEEG_train/ALTER-0.bin (27/27 keys)
08/18/2026 02:02:46 - INFO - utils.trainer -     6 keys not in checkpoint (kept from init)
08/18/2026 02:02:46 - INFO - utils.trainer -   Model loaded from output_dir/ALTER_AgeCAUEEG_train/ALTER-0.bin (27/27 keys)
08/18/2026 02:02:48 - INFO - utils.trainer -   Loss: 0.00811
08/18/2026 02:02:48 - INFO - utils.trainer -   MSE: 86.44860
08/18/2026 02:02:48 - INFO - utils.trainer -   MAE: 7.43439
08/18/2026 02:02:48 - INFO - utils.trainer -   RMSE: 9.29777
08/18/2026 02:02:48 - INFO - utils.trainer -   R2: 0.13791
08/18/2026 02:02:48 - INFO - utils.trainer -   PearsonR: 0.37203
08/18/2026 02:02:48 - INFO - utils.trainer -   === Best epoch test result ===
08/18/2026 02:02:48 - INFO - utils.trainer -     Loss: 0.00811
08/18/2026 02:02:48 - INFO - utils.trainer -     MSE: 86.44860
08/18/2026 02:02:48 - INFO - utils.trainer -     MAE: 7.43439
08/18/2026 02:02:48 - INFO - utils.trainer -     RMSE: 9.29777
08/18/2026 02:02:48 - INFO - utils.trainer -     R2: 0.13791
08/18/2026 02:02:48 - INFO - utils.trainer -     PearsonR: 0.37203
08/18/2026 02:02:48 - INFO - utils.trainer -   Model saved to output_dir/ALTER_AgeCAUEEG_train/final-epoch-200
08/18/2026 02:02:48 - INFO - utils.trainer -   Final model saved at epoch 200
