08/22/2026 01:09:58 - INFO - __main__ -   ########## Repeat:0 ##########
08/22/2026 01:09:58 - INFO - utils.trainer -   ***** Running training *****
08/22/2026 01:09:58 - INFO - utils.trainer -     Num examples = 203
08/22/2026 01:09:58 - INFO - utils.trainer -     Num Epochs = 200
08/22/2026 01:09:58 - INFO - utils.trainer -     Total train batch size = 4
08/22/2026 01:09:58 - INFO - utils.trainer -     warmup steps = 400
08/22/2026 01:09:58 - INFO - utils.trainer -     Total optimization steps = 40600
08/22/2026 01:09:58 - INFO - utils.trainer -     Save steps = 25
08/22/2026 01:11:05 - INFO - utils.trainer -   ***** Running regression evaluation on val0 dataset *****
08/22/2026 01:11:12 - INFO - utils.trainer -   Loss: 0.02190
08/22/2026 01:11:12 - INFO - utils.trainer -   MSE: 340.34357
08/22/2026 01:11:12 - INFO - utils.trainer -   MAE: 15.00931
08/22/2026 01:11:12 - INFO - utils.trainer -   RMSE: 18.44840
08/22/2026 01:11:12 - INFO - utils.trainer -   R2: -0.10740
08/22/2026 01:11:12 - INFO - utils.trainer -   PearsonR: 0.00362
08/22/2026 01:11:13 - INFO - utils.trainer -   Model saved to output_dir/TimeLLM_AgeTUAB_train
08/22/2026 01:11:13 - INFO - utils.trainer -   Best model saved (val_Loss=0.0219)
08/22/2026 01:11:13 - INFO - utils.trainer -   Epoch: 1, Loss: 0.08038, Val loss: 0.02190, Val Loss: 0.0219, Best val Loss: 0.0219, No improve: 0/10, Time: 66.9s
08/22/2026 01:12:20 - INFO - utils.trainer -   ***** Running regression evaluation on val0 dataset *****
08/22/2026 01:12:26 - INFO - utils.trainer -   Loss: 0.01974
08/22/2026 01:12:26 - INFO - utils.trainer -   MSE: 308.22745
08/22/2026 01:12:26 - INFO - utils.trainer -   MAE: 14.33356
08/22/2026 01:12:26 - INFO - utils.trainer -   RMSE: 17.55641
08/22/2026 01:12:26 - INFO - utils.trainer -   R2: -0.00290
08/22/2026 01:12:26 - INFO - utils.trainer -   PearsonR: 0.07519
08/22/2026 01:12:27 - INFO - utils.trainer -   Model saved to output_dir/TimeLLM_AgeTUAB_train
08/22/2026 01:12:27 - INFO - utils.trainer -   Best model saved (val_Loss=0.0197)
08/22/2026 01:12:27 - INFO - utils.trainer -   Epoch: 2, Loss: 0.04519, Val loss: 0.01974, Val Loss: 0.0197, Best val Loss: 0.0197, No improve: 0/10, Time: 66.9s
08/22/2026 01:13:33 - INFO - utils.trainer -   ***** Running regression evaluation on val0 dataset *****
08/22/2026 01:13:40 - INFO - utils.trainer -   Loss: 0.03070
08/22/2026 01:13:40 - INFO - utils.trainer -   MSE: 476.84641
08/22/2026 01:13:40 - INFO - utils.trainer -   MAE: 17.67074
08/22/2026 01:13:40 - INFO - utils.trainer -   RMSE: 21.83681
08/22/2026 01:13:40 - INFO - utils.trainer -   R2: -0.55155
08/22/2026 01:13:40 - INFO - utils.trainer -   PearsonR: 0.11959
08/22/2026 01:13:40 - INFO - utils.trainer -   Epoch: 3, Loss: 0.03865, Val loss: 0.03070, Val Loss: 0.0307, Best val Loss: 0.0197, No improve: 1/10, Time: 66.0s
08/22/2026 01:14:46 - INFO - utils.trainer -   ***** Running regression evaluation on val0 dataset *****
08/22/2026 01:14:52 - INFO - utils.trainer -   Loss: 0.02229
08/22/2026 01:14:52 - INFO - utils.trainer -   MSE: 346.40863
08/22/2026 01:14:52 - INFO - utils.trainer -   MAE: 15.08966
08/22/2026 01:14:52 - INFO - utils.trainer -   RMSE: 18.61206
08/22/2026 01:14:52 - INFO - utils.trainer -   R2: -0.12714
08/22/2026 01:14:52 - INFO - utils.trainer -   PearsonR: 0.16095
08/22/2026 01:14:52 - INFO - utils.trainer -   Epoch: 4, Loss: 0.03739, Val loss: 0.02229, Val Loss: 0.0223, Best val Loss: 0.0197, No improve: 2/10, Time: 65.9s
08/22/2026 01:15:58 - INFO - utils.trainer -   ***** Running regression evaluation on val0 dataset *****
08/22/2026 01:16:05 - INFO - utils.trainer -   Loss: 0.02329
08/22/2026 01:16:05 - INFO - utils.trainer -   MSE: 362.12512
08/22/2026 01:16:05 - INFO - utils.trainer -   MAE: 15.34959
08/22/2026 01:16:05 - INFO - utils.trainer -   RMSE: 19.02958
08/22/2026 01:16:05 - INFO - utils.trainer -   R2: -0.17828
08/22/2026 01:16:05 - INFO - utils.trainer -   PearsonR: 0.22898
08/22/2026 01:16:05 - INFO - utils.trainer -   Epoch: 5, Loss: 0.03925, Val loss: 0.02329, Val Loss: 0.0233, Best val Loss: 0.0197, No improve: 3/10, Time: 66.1s
08/22/2026 01:17:12 - INFO - utils.trainer -   ***** Running regression evaluation on val0 dataset *****
08/22/2026 01:17:18 - INFO - utils.trainer -   Loss: 0.02595
08/22/2026 01:17:18 - INFO - utils.trainer -   MSE: 402.81235
08/22/2026 01:17:18 - INFO - utils.trainer -   MAE: 16.12152
08/22/2026 01:17:18 - INFO - utils.trainer -   RMSE: 20.07019
08/22/2026 01:17:18 - INFO - utils.trainer -   R2: -0.31066
08/22/2026 01:17:18 - INFO - utils.trainer -   PearsonR: 0.26330
08/22/2026 01:17:18 - INFO - utils.trainer -   Epoch: 6, Loss: 0.03779, Val loss: 0.02595, Val Loss: 0.0260, Best val Loss: 0.0197, No improve: 4/10, Time: 66.2s
08/22/2026 01:18:25 - INFO - utils.trainer -   ***** Running regression evaluation on val0 dataset *****
08/22/2026 01:18:31 - INFO - utils.trainer -   Loss: 0.02659
08/22/2026 01:18:31 - INFO - utils.trainer -   MSE: 414.71286
08/22/2026 01:18:31 - INFO - utils.trainer -   MAE: 16.31509
08/22/2026 01:18:31 - INFO - utils.trainer -   RMSE: 20.36450
08/22/2026 01:18:31 - INFO - utils.trainer -   R2: -0.34938
08/22/2026 01:18:31 - INFO - utils.trainer -   PearsonR: 0.25266
08/22/2026 01:18:31 - INFO - utils.trainer -   Epoch: 7, Loss: 0.03842, Val loss: 0.02659, Val Loss: 0.0266, Best val Loss: 0.0197, No improve: 5/10, Time: 66.2s
08/22/2026 01:19:38 - INFO - utils.trainer -   ***** Running regression evaluation on val0 dataset *****
08/22/2026 01:19:44 - INFO - utils.trainer -   Loss: 0.01797
08/22/2026 01:19:44 - INFO - utils.trainer -   MSE: 281.78903
08/22/2026 01:19:44 - INFO - utils.trainer -   MAE: 13.51982
08/22/2026 01:19:44 - INFO - utils.trainer -   RMSE: 16.78657
08/22/2026 01:19:44 - INFO - utils.trainer -   R2: 0.08312
08/22/2026 01:19:44 - INFO - utils.trainer -   PearsonR: 0.29075
08/22/2026 01:19:45 - INFO - utils.trainer -   Model saved to output_dir/TimeLLM_AgeTUAB_train
08/22/2026 01:19:45 - INFO - utils.trainer -   Best model saved (val_Loss=0.0180)
08/22/2026 01:19:45 - INFO - utils.trainer -   Epoch: 8, Loss: 0.03897, Val loss: 0.01797, Val Loss: 0.0180, Best val Loss: 0.0180, No improve: 0/10, Time: 66.2s
08/22/2026 01:20:52 - INFO - utils.trainer -   ***** Running regression evaluation on val0 dataset *****
08/22/2026 01:20:58 - INFO - utils.trainer -   Loss: 0.01820
08/22/2026 01:20:58 - INFO - utils.trainer -   MSE: 284.15222
08/22/2026 01:20:58 - INFO - utils.trainer -   MAE: 13.52264
08/22/2026 01:20:58 - INFO - utils.trainer -   RMSE: 16.85682
08/22/2026 01:20:58 - INFO - utils.trainer -   R2: 0.07543
08/22/2026 01:20:58 - INFO - utils.trainer -   PearsonR: 0.30727
08/22/2026 01:20:58 - INFO - utils.trainer -   Epoch: 9, Loss: 0.03778, Val loss: 0.01820, Val Loss: 0.0182, Best val Loss: 0.0180, No improve: 1/10, Time: 66.1s
08/22/2026 01:22:05 - INFO - utils.trainer -   ***** Running regression evaluation on val0 dataset *****
08/22/2026 01:22:11 - INFO - utils.trainer -   Loss: 0.01773
08/22/2026 01:22:11 - INFO - utils.trainer -   MSE: 277.31287
08/22/2026 01:22:11 - INFO - utils.trainer -   MAE: 13.42318
08/22/2026 01:22:11 - INFO - utils.trainer -   RMSE: 16.65271
08/22/2026 01:22:11 - INFO - utils.trainer -   R2: 0.09769
08/22/2026 01:22:11 - INFO - utils.trainer -   PearsonR: 0.31497
08/22/2026 01:22:12 - INFO - utils.trainer -   Model saved to output_dir/TimeLLM_AgeTUAB_train
08/22/2026 01:22:12 - INFO - utils.trainer -   Best model saved (val_Loss=0.0177)
08/22/2026 01:22:12 - INFO - utils.trainer -   Epoch: 10, Loss: 0.03622, Val loss: 0.01773, Val Loss: 0.0177, Best val Loss: 0.0177, No improve: 0/10, Time: 66.3s
08/22/2026 01:23:19 - INFO - utils.trainer -   ***** Running regression evaluation on val0 dataset *****
08/22/2026 01:23:25 - INFO - utils.trainer -   Loss: 0.03274
08/22/2026 01:23:25 - INFO - utils.trainer -   MSE: 508.58502
08/22/2026 01:23:25 - INFO - utils.trainer -   MAE: 18.25819
08/22/2026 01:23:25 - INFO - utils.trainer -   RMSE: 22.55183
08/22/2026 01:23:25 - INFO - utils.trainer -   R2: -0.65482
08/22/2026 01:23:25 - INFO - utils.trainer -   PearsonR: 0.32968
08/22/2026 01:23:25 - INFO - utils.trainer -   Epoch: 11, Loss: 0.03397, Val loss: 0.03274, Val Loss: 0.0327, Best val Loss: 0.0177, No improve: 1/10, Time: 66.4s
08/22/2026 01:24:31 - INFO - utils.trainer -   ***** Running regression evaluation on val0 dataset *****
08/22/2026 01:24:39 - INFO - utils.trainer -   Loss: 0.01858
08/22/2026 01:24:39 - INFO - utils.trainer -   MSE: 289.38058
08/22/2026 01:24:39 - INFO - utils.trainer -   MAE: 13.65431
08/22/2026 01:24:39 - INFO - utils.trainer -   RMSE: 17.01119
08/22/2026 01:24:39 - INFO - utils.trainer -   R2: 0.05842
08/22/2026 01:24:39 - INFO - utils.trainer -   PearsonR: 0.31149
08/22/2026 01:24:39 - INFO - utils.trainer -   Epoch: 12, Loss: 0.03730, Val loss: 0.01858, Val Loss: 0.0186, Best val Loss: 0.0177, No improve: 2/10, Time: 66.2s
08/22/2026 01:25:45 - INFO - utils.trainer -   ***** Running regression evaluation on val0 dataset *****
08/22/2026 01:25:52 - INFO - utils.trainer -   Loss: 0.01822
08/22/2026 01:25:52 - INFO - utils.trainer -   MSE: 283.12350
08/22/2026 01:25:52 - INFO - utils.trainer -   MAE: 13.47755
08/22/2026 01:25:52 - INFO - utils.trainer -   RMSE: 16.82627
08/22/2026 01:25:52 - INFO - utils.trainer -   R2: 0.07878
08/22/2026 01:25:52 - INFO - utils.trainer -   PearsonR: 0.31778
08/22/2026 01:25:52 - INFO - utils.trainer -   Epoch: 13, Loss: 0.03630, Val loss: 0.01822, Val Loss: 0.0182, Best val Loss: 0.0177, No improve: 3/10, Time: 66.2s
08/22/2026 01:26:58 - INFO - utils.trainer -   ***** Running regression evaluation on val0 dataset *****
08/22/2026 01:27:04 - INFO - utils.trainer -   Loss: 0.01818
08/22/2026 01:27:04 - INFO - utils.trainer -   MSE: 285.75806
08/22/2026 01:27:04 - INFO - utils.trainer -   MAE: 13.74072
08/22/2026 01:27:04 - INFO - utils.trainer -   RMSE: 16.90438
08/22/2026 01:27:04 - INFO - utils.trainer -   R2: 0.07021
08/22/2026 01:27:04 - INFO - utils.trainer -   PearsonR: 0.31261
08/22/2026 01:27:04 - INFO - utils.trainer -   Epoch: 14, Loss: 0.03433, Val loss: 0.01818, Val Loss: 0.0182, Best val Loss: 0.0177, No improve: 4/10, Time: 66.3s
08/22/2026 01:28:11 - INFO - utils.trainer -   ***** Running regression evaluation on val0 dataset *****
08/22/2026 01:28:17 - INFO - utils.trainer -   Loss: 0.02199
08/22/2026 01:28:17 - INFO - utils.trainer -   MSE: 341.79398
08/22/2026 01:28:17 - INFO - utils.trainer -   MAE: 14.80482
08/22/2026 01:28:17 - INFO - utils.trainer -   RMSE: 18.48767
08/22/2026 01:28:17 - INFO - utils.trainer -   R2: -0.11212
08/22/2026 01:28:17 - INFO - utils.trainer -   PearsonR: 0.31416
08/22/2026 01:28:17 - INFO - utils.trainer -   Epoch: 15, Loss: 0.02981, Val loss: 0.02199, Val Loss: 0.0220, Best val Loss: 0.0177, No improve: 5/10, Time: 66.0s
08/22/2026 01:29:24 - INFO - utils.trainer -   ***** Running regression evaluation on val0 dataset *****
08/22/2026 01:29:31 - INFO - utils.trainer -   Loss: 0.01785
08/22/2026 01:29:31 - INFO - utils.trainer -   MSE: 277.88742
08/22/2026 01:29:31 - INFO - utils.trainer -   MAE: 13.36968
08/22/2026 01:29:31 - INFO - utils.trainer -   RMSE: 16.66996
08/22/2026 01:29:31 - INFO - utils.trainer -   R2: 0.09582
08/22/2026 01:29:31 - INFO - utils.trainer -   PearsonR: 0.32523
08/22/2026 01:29:31 - INFO - utils.trainer -   Epoch: 16, Loss: 0.03678, Val loss: 0.01785, Val Loss: 0.0179, Best val Loss: 0.0177, No improve: 6/10, Time: 66.4s
08/22/2026 01:30:37 - INFO - utils.trainer -   ***** Running regression evaluation on val0 dataset *****
08/22/2026 01:30:43 - INFO - utils.trainer -   Loss: 0.01818
08/22/2026 01:30:43 - INFO - utils.trainer -   MSE: 283.29672
08/22/2026 01:30:43 - INFO - utils.trainer -   MAE: 13.57930
08/22/2026 01:30:43 - INFO - utils.trainer -   RMSE: 16.83142
08/22/2026 01:30:43 - INFO - utils.trainer -   R2: 0.07821
08/22/2026 01:30:43 - INFO - utils.trainer -   PearsonR: 0.30443
08/22/2026 01:30:43 - INFO - utils.trainer -   Epoch: 17, Loss: 0.03170, Val loss: 0.01818, Val Loss: 0.0182, Best val Loss: 0.0177, No improve: 7/10, Time: 66.3s
08/22/2026 01:31:50 - INFO - utils.trainer -   ***** Running regression evaluation on val0 dataset *****
08/22/2026 01:31:56 - INFO - utils.trainer -   Loss: 0.01829
08/22/2026 01:31:56 - INFO - utils.trainer -   MSE: 284.49054
08/22/2026 01:31:56 - INFO - utils.trainer -   MAE: 13.52787
08/22/2026 01:31:56 - INFO - utils.trainer -   RMSE: 16.86685
08/22/2026 01:31:56 - INFO - utils.trainer -   R2: 0.07433
08/22/2026 01:31:56 - INFO - utils.trainer -   PearsonR: 0.33129
08/22/2026 01:31:56 - INFO - utils.trainer -   Epoch: 18, Loss: 0.03381, Val loss: 0.01829, Val Loss: 0.0183, Best val Loss: 0.0177, No improve: 8/10, Time: 66.3s
08/22/2026 01:33:03 - INFO - utils.trainer -   ***** Running regression evaluation on val0 dataset *****
08/22/2026 01:33:10 - INFO - utils.trainer -   Loss: 0.02206
08/22/2026 01:33:10 - INFO - utils.trainer -   MSE: 341.26620
08/22/2026 01:33:10 - INFO - utils.trainer -   MAE: 14.74293
08/22/2026 01:33:10 - INFO - utils.trainer -   RMSE: 18.47339
08/22/2026 01:33:10 - INFO - utils.trainer -   R2: -0.11041
08/22/2026 01:33:10 - INFO - utils.trainer -   PearsonR: 0.29974
08/22/2026 01:33:10 - INFO - utils.trainer -   Epoch: 19, Loss: 0.03165, Val loss: 0.02206, Val Loss: 0.0221, Best val Loss: 0.0177, No improve: 9/10, Time: 66.6s
08/22/2026 01:34:16 - INFO - utils.trainer -   ***** Running regression evaluation on val0 dataset *****
08/22/2026 01:34:23 - INFO - utils.trainer -   Loss: 0.01789
08/22/2026 01:34:23 - INFO - utils.trainer -   MSE: 279.11292
08/22/2026 01:34:23 - INFO - utils.trainer -   MAE: 13.58429
08/22/2026 01:34:23 - INFO - utils.trainer -   RMSE: 16.70667
08/22/2026 01:34:23 - INFO - utils.trainer -   R2: 0.09183
08/22/2026 01:34:23 - INFO - utils.trainer -   PearsonR: 0.30692
08/22/2026 01:34:23 - INFO - utils.trainer -   Epoch: 20, Loss: 0.03202, Val loss: 0.01789, Val Loss: 0.0179, Best val Loss: 0.0177, No improve: 10/10, Time: 66.1s
08/22/2026 01:34:23 - INFO - utils.trainer -   Early stopping triggered at epoch 20
08/22/2026 01:34:23 - INFO - utils.trainer -   Early stopping triggered at epoch 20
08/22/2026 01:34:23 - INFO - utils.trainer -   Early stopping triggered at epoch 20
08/22/2026 01:34:23 - INFO - utils.trainer -   Early stopping triggered at epoch 20
08/22/2026 01:34:23 - INFO - utils.trainer -   Early stopping triggered at epoch 20
08/22/2026 01:34:23 - INFO - utils.trainer -   Early stopping triggered at epoch 20
08/22/2026 01:34:23 - INFO - utils.trainer -     2 prompt-buffer key(s) skipped (kept target-dataset prompt)
08/22/2026 01:34:23 - INFO - utils.trainer -     582 keys not in checkpoint (kept from init)
08/22/2026 01:34:23 - INFO - utils.trainer -   Model loaded from output_dir/TimeLLM_AgeTUAB_train/TimeLLM-0.bin (25/27 keys)
08/22/2026 01:34:23 - INFO - utils.trainer -   ***** Running regression evaluation on test0 dataset *****
08/22/2026 01:34:23 - INFO - utils.trainer -     2 prompt-buffer key(s) skipped (kept target-dataset prompt)
08/22/2026 01:34:23 - INFO - utils.trainer -     582 keys not in checkpoint (kept from init)
08/22/2026 01:34:23 - INFO - utils.trainer -   Model loaded from output_dir/TimeLLM_AgeTUAB_train/TimeLLM-0.bin (25/27 keys)
08/22/2026 01:34:23 - INFO - utils.trainer -     2 prompt-buffer key(s) skipped (kept target-dataset prompt)
08/22/2026 01:34:23 - INFO - utils.trainer -     582 keys not in checkpoint (kept from init)
08/22/2026 01:34:23 - INFO - utils.trainer -   Model loaded from output_dir/TimeLLM_AgeTUAB_train/TimeLLM-0.bin (25/27 keys)
08/22/2026 01:34:23 - INFO - utils.trainer -     2 prompt-buffer key(s) skipped (kept target-dataset prompt)
08/22/2026 01:34:23 - INFO - utils.trainer -     582 keys not in checkpoint (kept from init)
08/22/2026 01:34:23 - INFO - utils.trainer -   Model loaded from output_dir/TimeLLM_AgeTUAB_train/TimeLLM-0.bin (25/27 keys)
08/22/2026 01:34:23 - INFO - utils.trainer -     2 prompt-buffer key(s) skipped (kept target-dataset prompt)
08/22/2026 01:34:23 - INFO - utils.trainer -     582 keys not in checkpoint (kept from init)
08/22/2026 01:34:23 - INFO - utils.trainer -   Model loaded from output_dir/TimeLLM_AgeTUAB_train/TimeLLM-0.bin (25/27 keys)
08/22/2026 01:34:23 - INFO - utils.trainer -     2 prompt-buffer key(s) skipped (kept target-dataset prompt)
08/22/2026 01:34:23 - INFO - utils.trainer -     582 keys not in checkpoint (kept from init)
08/22/2026 01:34:23 - INFO - utils.trainer -   Model loaded from output_dir/TimeLLM_AgeTUAB_train/TimeLLM-0.bin (25/27 keys)
08/22/2026 01:34:30 - INFO - utils.trainer -   Loss: 0.01848
08/22/2026 01:34:30 - INFO - utils.trainer -   MSE: 292.58496
08/22/2026 01:34:30 - INFO - utils.trainer -   MAE: 14.10162
08/22/2026 01:34:30 - INFO - utils.trainer -   RMSE: 17.10511
08/22/2026 01:34:30 - INFO - utils.trainer -   R2: 0.09206
08/22/2026 01:34:30 - INFO - utils.trainer -   PearsonR: 0.30442
08/22/2026 01:34:30 - INFO - utils.trainer -   === Best epoch test result ===
08/22/2026 01:34:30 - INFO - utils.trainer -     Loss: 0.01848
08/22/2026 01:34:30 - INFO - utils.trainer -     MSE: 292.58496
08/22/2026 01:34:30 - INFO - utils.trainer -     MAE: 14.10162
08/22/2026 01:34:30 - INFO - utils.trainer -     RMSE: 17.10511
08/22/2026 01:34:30 - INFO - utils.trainer -     R2: 0.09206
08/22/2026 01:34:30 - INFO - utils.trainer -     PearsonR: 0.30442
08/22/2026 01:34:31 - INFO - utils.trainer -   Model saved to output_dir/TimeLLM_AgeTUAB_train/final-epoch-200
08/22/2026 01:34:31 - INFO - utils.trainer -   Final model saved at epoch 200
