07/29/2026 14:14:06 - INFO - __main__ -   ########## Repeat:0 ##########
07/29/2026 14:14:06 - INFO - utils.trainer -   ***** Running training *****
07/29/2026 14:14:06 - INFO - utils.trainer -     Num examples = 192
07/29/2026 14:14:06 - INFO - utils.trainer -     Num Epochs = 200
07/29/2026 14:14:06 - INFO - utils.trainer -     Total train batch size = 3
07/29/2026 14:14:06 - INFO - utils.trainer -     warmup steps = 400
07/29/2026 14:14:06 - INFO - utils.trainer -     Total optimization steps = 38400
07/29/2026 14:14:06 - INFO - utils.trainer -     Save steps = 25
07/29/2026 14:15:22 - INFO - utils.trainer -   ***** Running evaluation on val dataset *****
07/29/2026 14:15:33 - INFO - utils.trainer -   Loss: 0.69068
07/29/2026 14:15:33 - INFO - utils.trainer -   AUC: 0.53135
07/29/2026 14:15:33 - INFO - utils.trainer -   Accuracy: 0.53819
07/29/2026 14:15:33 - INFO - utils.trainer -   Precision: 0.53744
07/29/2026 14:15:33 - INFO - utils.trainer -   Specificity: 0.01869
07/29/2026 14:15:33 - INFO - utils.trainer -   Sensitivity: 0.98865
07/29/2026 14:15:33 - INFO - utils.trainer -   Model saved to output_dir/TimeLLM
07/29/2026 14:15:33 - INFO - utils.trainer -   Best model saved (val_AUC=0.5314)
07/29/2026 14:15:33 - INFO - utils.trainer -   Epoch: 1, Loss: 0.83477, Val loss: 0.69068, Val AUC: 0.5314, Best val AUC: 0.5314, No improve: 0/10, Time: 76.0s
07/29/2026 14:16:49 - INFO - utils.trainer -   ***** Running evaluation on val dataset *****
07/29/2026 14:17:00 - INFO - utils.trainer -   Loss: 0.77179
07/29/2026 14:17:00 - INFO - utils.trainer -   AUC: 0.68882
07/29/2026 14:17:00 - INFO - utils.trainer -   Accuracy: 0.59809
07/29/2026 14:17:00 - INFO - utils.trainer -   Precision: 0.90526
07/29/2026 14:17:00 - INFO - utils.trainer -   Specificity: 0.96636
07/29/2026 14:17:00 - INFO - utils.trainer -   Sensitivity: 0.27877
07/29/2026 14:17:00 - INFO - utils.trainer -   Model saved to output_dir/TimeLLM
07/29/2026 14:17:00 - INFO - utils.trainer -   Best model saved (val_AUC=0.6888)
07/29/2026 14:17:00 - INFO - utils.trainer -   Epoch: 2, Loss: 0.72286, Val loss: 0.77179, Val AUC: 0.6888, Best val AUC: 0.6888, No improve: 0/10, Time: 75.7s
07/29/2026 14:18:16 - INFO - utils.trainer -   ***** Running evaluation on val dataset *****
07/29/2026 14:18:27 - INFO - utils.trainer -   Loss: 0.70407
07/29/2026 14:18:27 - INFO - utils.trainer -   AUC: 0.70290
07/29/2026 14:18:27 - INFO - utils.trainer -   Accuracy: 0.58160
07/29/2026 14:18:27 - INFO - utils.trainer -   Precision: 0.56637
07/29/2026 14:18:27 - INFO - utils.trainer -   Specificity: 0.17570
07/29/2026 14:18:27 - INFO - utils.trainer -   Sensitivity: 0.93355
07/29/2026 14:18:27 - INFO - utils.trainer -   Model saved to output_dir/TimeLLM
07/29/2026 14:18:27 - INFO - utils.trainer -   Best model saved (val_AUC=0.7029)
07/29/2026 14:18:27 - INFO - utils.trainer -   Epoch: 3, Loss: 0.59799, Val loss: 0.70407, Val AUC: 0.7029, Best val AUC: 0.7029, No improve: 0/10, Time: 75.6s
07/29/2026 14:19:43 - INFO - utils.trainer -   ***** Running evaluation on val dataset *****
07/29/2026 14:19:54 - INFO - utils.trainer -   Loss: 0.68029
07/29/2026 14:19:54 - INFO - utils.trainer -   AUC: 0.72239
07/29/2026 14:19:54 - INFO - utils.trainer -   Accuracy: 0.63108
07/29/2026 14:19:54 - INFO - utils.trainer -   Precision: 0.80000
07/29/2026 14:19:54 - INFO - utils.trainer -   Specificity: 0.88037
07/29/2026 14:19:54 - INFO - utils.trainer -   Sensitivity: 0.41491
07/29/2026 14:19:55 - INFO - utils.trainer -   Model saved to output_dir/TimeLLM
07/29/2026 14:19:55 - INFO - utils.trainer -   Best model saved (val_AUC=0.7224)
07/29/2026 14:19:55 - INFO - utils.trainer -   Epoch: 4, Loss: 0.58304, Val loss: 0.68029, Val AUC: 0.7224, Best val AUC: 0.7224, No improve: 0/10, Time: 75.5s
07/29/2026 14:21:10 - INFO - utils.trainer -   ***** Running evaluation on val dataset *****
07/29/2026 14:21:21 - INFO - utils.trainer -   Loss: 0.69082
07/29/2026 14:21:21 - INFO - utils.trainer -   AUC: 0.72142
07/29/2026 14:21:21 - INFO - utils.trainer -   Accuracy: 0.61892
07/29/2026 14:21:21 - INFO - utils.trainer -   Precision: 0.84231
07/29/2026 14:21:21 - INFO - utils.trainer -   Specificity: 0.92336
07/29/2026 14:21:21 - INFO - utils.trainer -   Sensitivity: 0.35494
07/29/2026 14:21:21 - INFO - utils.trainer -   Epoch: 5, Loss: 0.53363, Val loss: 0.69082, Val AUC: 0.7214, Best val AUC: 0.7224, No improve: 1/10, Time: 75.4s
07/29/2026 14:22:37 - INFO - utils.trainer -   ***** Running evaluation on val dataset *****
07/29/2026 14:22:48 - INFO - utils.trainer -   Loss: 0.75283
07/29/2026 14:22:48 - INFO - utils.trainer -   AUC: 0.73423
07/29/2026 14:22:48 - INFO - utils.trainer -   Accuracy: 0.63194
07/29/2026 14:22:48 - INFO - utils.trainer -   Precision: 0.60978
07/29/2026 14:22:48 - INFO - utils.trainer -   Specificity: 0.35888
07/29/2026 14:22:48 - INFO - utils.trainer -   Sensitivity: 0.86872
07/29/2026 14:22:48 - INFO - utils.trainer -   Model saved to output_dir/TimeLLM
07/29/2026 14:22:48 - INFO - utils.trainer -   Best model saved (val_AUC=0.7342)
07/29/2026 14:22:48 - INFO - utils.trainer -   Epoch: 6, Loss: 0.51224, Val loss: 0.75283, Val AUC: 0.7342, Best val AUC: 0.7342, No improve: 0/10, Time: 75.5s
07/29/2026 14:24:05 - INFO - utils.trainer -   ***** Running evaluation on val dataset *****
07/29/2026 14:24:16 - INFO - utils.trainer -   Loss: 0.69050
07/29/2026 14:24:16 - INFO - utils.trainer -   AUC: 0.75495
07/29/2026 14:24:16 - INFO - utils.trainer -   Accuracy: 0.67448
07/29/2026 14:24:16 - INFO - utils.trainer -   Precision: 0.78404
07/29/2026 14:24:16 - INFO - utils.trainer -   Specificity: 0.82804
07/29/2026 14:24:16 - INFO - utils.trainer -   Sensitivity: 0.54133
07/29/2026 14:24:16 - INFO - utils.trainer -   Model saved to output_dir/TimeLLM
07/29/2026 14:24:16 - INFO - utils.trainer -   Best model saved (val_AUC=0.7549)
07/29/2026 14:24:16 - INFO - utils.trainer -   Epoch: 7, Loss: 0.50909, Val loss: 0.69050, Val AUC: 0.7549, Best val AUC: 0.7549, No improve: 0/10, Time: 76.7s
07/29/2026 14:25:32 - INFO - utils.trainer -   ***** Running evaluation on val dataset *****
07/29/2026 14:25:44 - INFO - utils.trainer -   Loss: 0.70263
07/29/2026 14:25:44 - INFO - utils.trainer -   AUC: 0.75065
07/29/2026 14:25:44 - INFO - utils.trainer -   Accuracy: 0.65799
07/29/2026 14:25:44 - INFO - utils.trainer -   Precision: 0.70236
07/29/2026 14:25:44 - INFO - utils.trainer -   Specificity: 0.69346
07/29/2026 14:25:44 - INFO - utils.trainer -   Sensitivity: 0.62723
07/29/2026 14:25:44 - INFO - utils.trainer -   Epoch: 8, Loss: 0.49054, Val loss: 0.70263, Val AUC: 0.7507, Best val AUC: 0.7549, No improve: 1/10, Time: 76.3s
07/29/2026 14:26:59 - INFO - utils.trainer -   ***** Running evaluation on val dataset *****
07/29/2026 14:27:10 - INFO - utils.trainer -   Loss: 0.63968
07/29/2026 14:27:10 - INFO - utils.trainer -   AUC: 0.75563
07/29/2026 14:27:10 - INFO - utils.trainer -   Accuracy: 0.67274
07/29/2026 14:27:10 - INFO - utils.trainer -   Precision: 0.66086
07/29/2026 14:27:10 - INFO - utils.trainer -   Specificity: 0.52710
07/29/2026 14:27:10 - INFO - utils.trainer -   Sensitivity: 0.79903
07/29/2026 14:27:10 - INFO - utils.trainer -   Epoch: 9, Loss: 0.45427, Val loss: 0.63968, Val AUC: 0.7556, Best val AUC: 0.7549, No improve: 2/10, Time: 75.6s
07/29/2026 14:28:26 - INFO - utils.trainer -   ***** Running evaluation on val dataset *****
07/29/2026 14:28:37 - INFO - utils.trainer -   Loss: 0.72381
07/29/2026 14:28:37 - INFO - utils.trainer -   AUC: 0.74879
07/29/2026 14:28:37 - INFO - utils.trainer -   Accuracy: 0.67622
07/29/2026 14:28:37 - INFO - utils.trainer -   Precision: 0.67836
07/29/2026 14:28:37 - INFO - utils.trainer -   Specificity: 0.58879
07/29/2026 14:28:37 - INFO - utils.trainer -   Sensitivity: 0.75203
07/29/2026 14:28:37 - INFO - utils.trainer -   Epoch: 10, Loss: 0.45701, Val loss: 0.72381, Val AUC: 0.7488, Best val AUC: 0.7549, No improve: 3/10, Time: 75.7s
07/29/2026 14:29:52 - INFO - utils.trainer -   ***** Running evaluation on val dataset *****
07/29/2026 14:30:04 - INFO - utils.trainer -   Loss: 0.65678
07/29/2026 14:30:04 - INFO - utils.trainer -   AUC: 0.75304
07/29/2026 14:30:04 - INFO - utils.trainer -   Accuracy: 0.67708
07/29/2026 14:30:04 - INFO - utils.trainer -   Precision: 0.71993
07/29/2026 14:30:04 - INFO - utils.trainer -   Specificity: 0.70841
07/29/2026 14:30:04 - INFO - utils.trainer -   Sensitivity: 0.64992
07/29/2026 14:30:04 - INFO - utils.trainer -   Epoch: 11, Loss: 0.40814, Val loss: 0.65678, Val AUC: 0.7530, Best val AUC: 0.7549, No improve: 4/10, Time: 75.6s
07/29/2026 14:31:19 - INFO - utils.trainer -   ***** Running evaluation on val dataset *****
07/29/2026 14:31:30 - INFO - utils.trainer -   Loss: 0.72472
07/29/2026 14:31:30 - INFO - utils.trainer -   AUC: 0.74325
07/29/2026 14:31:30 - INFO - utils.trainer -   Accuracy: 0.66927
07/29/2026 14:31:30 - INFO - utils.trainer -   Precision: 0.68437
07/29/2026 14:31:30 - INFO - utils.trainer -   Specificity: 0.62243
07/29/2026 14:31:30 - INFO - utils.trainer -   Sensitivity: 0.70989
07/29/2026 14:31:30 - INFO - utils.trainer -   Epoch: 12, Loss: 0.43531, Val loss: 0.72472, Val AUC: 0.7433, Best val AUC: 0.7549, No improve: 5/10, Time: 75.6s
07/29/2026 14:32:45 - INFO - utils.trainer -   ***** Running evaluation on val dataset *****
07/29/2026 14:32:56 - INFO - utils.trainer -   Loss: 0.70006
07/29/2026 14:32:56 - INFO - utils.trainer -   AUC: 0.74088
07/29/2026 14:32:56 - INFO - utils.trainer -   Accuracy: 0.66493
07/29/2026 14:32:56 - INFO - utils.trainer -   Precision: 0.67010
07/29/2026 14:32:56 - INFO - utils.trainer -   Specificity: 0.58131
07/29/2026 14:32:56 - INFO - utils.trainer -   Sensitivity: 0.73744
07/29/2026 14:32:56 - INFO - utils.trainer -   Epoch: 13, Loss: 0.40422, Val loss: 0.70006, Val AUC: 0.7409, Best val AUC: 0.7549, No improve: 6/10, Time: 75.4s
07/29/2026 14:34:12 - INFO - utils.trainer -   ***** Running evaluation on val dataset *****
07/29/2026 14:34:23 - INFO - utils.trainer -   Loss: 0.80639
07/29/2026 14:34:23 - INFO - utils.trainer -   AUC: 0.71937
07/29/2026 14:34:23 - INFO - utils.trainer -   Accuracy: 0.64236
07/29/2026 14:34:23 - INFO - utils.trainer -   Precision: 0.62765
07/29/2026 14:34:23 - INFO - utils.trainer -   Specificity: 0.44112
07/29/2026 14:34:23 - INFO - utils.trainer -   Sensitivity: 0.81686
07/29/2026 14:34:23 - INFO - utils.trainer -   Epoch: 14, Loss: 0.35821, Val loss: 0.80639, Val AUC: 0.7194, Best val AUC: 0.7549, No improve: 7/10, Time: 76.0s
07/29/2026 14:35:39 - INFO - utils.trainer -   ***** Running evaluation on val dataset *****
07/29/2026 14:35:50 - INFO - utils.trainer -   Loss: 0.78946
07/29/2026 14:35:50 - INFO - utils.trainer -   AUC: 0.75010
07/29/2026 14:35:50 - INFO - utils.trainer -   Accuracy: 0.66059
07/29/2026 14:35:50 - INFO - utils.trainer -   Precision: 0.73061
07/29/2026 14:35:50 - INFO - utils.trainer -   Specificity: 0.75327
07/29/2026 14:35:50 - INFO - utils.trainer -   Sensitivity: 0.58023
07/29/2026 14:35:50 - INFO - utils.trainer -   Epoch: 15, Loss: 0.34464, Val loss: 0.78946, Val AUC: 0.7501, Best val AUC: 0.7549, No improve: 8/10, Time: 75.6s
07/29/2026 14:37:06 - INFO - utils.trainer -   ***** Running evaluation on val dataset *****
07/29/2026 14:37:17 - INFO - utils.trainer -   Loss: 0.89476
07/29/2026 14:37:17 - INFO - utils.trainer -   AUC: 0.74102
07/29/2026 14:37:17 - INFO - utils.trainer -   Accuracy: 0.65365
07/29/2026 14:37:17 - INFO - utils.trainer -   Precision: 0.70962
07/29/2026 14:37:17 - INFO - utils.trainer -   Specificity: 0.71776
07/29/2026 14:37:17 - INFO - utils.trainer -   Sensitivity: 0.59806
07/29/2026 14:37:17 - INFO - utils.trainer -   Epoch: 16, Loss: 0.33623, Val loss: 0.89476, Val AUC: 0.7410, Best val AUC: 0.7549, No improve: 9/10, Time: 75.5s
07/29/2026 14:38:33 - INFO - utils.trainer -   ***** Running evaluation on val dataset *****
07/29/2026 14:38:44 - INFO - utils.trainer -   Loss: 0.84148
07/29/2026 14:38:44 - INFO - utils.trainer -   AUC: 0.74092
07/29/2026 14:38:44 - INFO - utils.trainer -   Accuracy: 0.66319
07/29/2026 14:38:44 - INFO - utils.trainer -   Precision: 0.74310
07/29/2026 14:38:44 - INFO - utils.trainer -   Specificity: 0.77383
07/29/2026 14:38:44 - INFO - utils.trainer -   Sensitivity: 0.56726
07/29/2026 14:38:44 - INFO - utils.trainer -   Epoch: 17, Loss: 0.28885, Val loss: 0.84148, Val AUC: 0.7409, Best val AUC: 0.7549, No improve: 10/10, Time: 75.7s
07/29/2026 14:38:44 - INFO - utils.trainer -   Early stopping triggered at epoch 17
07/29/2026 14:38:44 - INFO - utils.trainer -   Early stopping triggered at epoch 17
07/29/2026 14:38:44 - INFO - utils.trainer -   Early stopping triggered at epoch 17
07/29/2026 14:38:44 - INFO - utils.trainer -   Early stopping triggered at epoch 17
07/29/2026 14:38:44 - INFO - utils.trainer -   Early stopping triggered at epoch 17
07/29/2026 14:38:44 - INFO - utils.trainer -   Early stopping triggered at epoch 17
07/29/2026 14:38:44 - INFO - utils.trainer -     582 keys not in checkpoint (kept from init)
07/29/2026 14:38:44 - INFO - utils.trainer -   Model loaded from output_dir/TimeLLM/TimeLLM-0.bin (22/22 keys)
07/29/2026 14:38:44 - INFO - utils.trainer -     582 keys not in checkpoint (kept from init)
07/29/2026 14:38:44 - INFO - utils.trainer -   Model loaded from output_dir/TimeLLM/TimeLLM-0.bin (22/22 keys)
07/29/2026 14:38:44 - INFO - utils.trainer -   ***** Running evaluation on test dataset *****
07/29/2026 14:38:44 - INFO - utils.trainer -     582 keys not in checkpoint (kept from init)
07/29/2026 14:38:44 - INFO - utils.trainer -   Model loaded from output_dir/TimeLLM/TimeLLM-0.bin (22/22 keys)
07/29/2026 14:38:44 - INFO - utils.trainer -     582 keys not in checkpoint (kept from init)
07/29/2026 14:38:44 - INFO - utils.trainer -   Model loaded from output_dir/TimeLLM/TimeLLM-0.bin (22/22 keys)
07/29/2026 14:38:44 - INFO - utils.trainer -     582 keys not in checkpoint (kept from init)
07/29/2026 14:38:44 - INFO - utils.trainer -   Model loaded from output_dir/TimeLLM/TimeLLM-0.bin (22/22 keys)
07/29/2026 14:38:44 - INFO - utils.trainer -     582 keys not in checkpoint (kept from init)
07/29/2026 14:38:44 - INFO - utils.trainer -   Model loaded from output_dir/TimeLLM/TimeLLM-0.bin (22/22 keys)
07/29/2026 14:38:55 - INFO - utils.trainer -   Loss: 0.64422
07/29/2026 14:38:55 - INFO - utils.trainer -   AUC: 0.78222
07/29/2026 14:38:55 - INFO - utils.trainer -   Accuracy: 0.68596
07/29/2026 14:38:55 - INFO - utils.trainer -   Precision: 0.79959
07/29/2026 14:38:55 - INFO - utils.trainer -   Specificity: 0.80285
07/29/2026 14:38:55 - INFO - utils.trainer -   Sensitivity: 0.59722
07/29/2026 14:38:55 - INFO - utils.trainer -   === Best epoch test result ===
07/29/2026 14:38:55 - INFO - utils.trainer -     Loss: 0.64422
07/29/2026 14:38:55 - INFO - utils.trainer -     AUC: 0.78222
07/29/2026 14:38:55 - INFO - utils.trainer -     Accuracy: 0.68596
07/29/2026 14:38:55 - INFO - utils.trainer -     Precision: 0.79959
07/29/2026 14:38:55 - INFO - utils.trainer -     Specificity: 0.80285
07/29/2026 14:38:55 - INFO - utils.trainer -     Sensitivity: 0.59722
07/29/2026 14:38:55 - INFO - utils.trainer -   Model saved to output_dir/TimeLLM/final-epoch-200
07/29/2026 14:38:55 - INFO - utils.trainer -   Final model saved at epoch 200
