07/25/2026 23:10:05 - INFO - __main__ -   ########## Repeat:0 ##########
07/25/2026 23:10:05 - INFO - utils.trainer -   ***** Running training *****
07/25/2026 23:10:05 - INFO - utils.trainer -     Num examples = 476
07/25/2026 23:10:05 - INFO - utils.trainer -     Num Epochs = 10
07/25/2026 23:10:05 - INFO - utils.trainer -     Total train batch size = 4
07/25/2026 23:10:05 - INFO - utils.trainer -     warmup steps = 400
07/25/2026 23:10:05 - INFO - utils.trainer -     Total optimization steps = 4760
07/25/2026 23:10:05 - INFO - utils.trainer -     Save steps = 5
07/25/2026 23:12:21 - INFO - utils.trainer -   ***** Running evaluation on val0 dataset *****
07/25/2026 23:12:48 - INFO - utils.trainer -   Loss: 1.32552
07/25/2026 23:12:48 - INFO - utils.trainer -   AUC: 0.56504
07/25/2026 23:12:48 - INFO - utils.trainer -   Accuracy: 0.39402
07/25/2026 23:12:48 - INFO - utils.trainer -   Precision: 0.22323
07/25/2026 23:12:48 - INFO - utils.trainer -   Recall: 0.25250
07/25/2026 23:12:48 - INFO - utils.trainer -   F_score: 0.15929
07/25/2026 23:12:48 - INFO - utils.trainer -   ***** Running evaluation on test0 dataset *****
07/25/2026 23:13:14 - INFO - utils.trainer -   Loss: 1.37977
07/25/2026 23:13:14 - INFO - utils.trainer -   AUC: 0.55945
07/25/2026 23:13:14 - INFO - utils.trainer -   Accuracy: 0.31309
07/25/2026 23:13:14 - INFO - utils.trainer -   Precision: 0.23001
07/25/2026 23:13:14 - INFO - utils.trainer -   Recall: 0.25696
07/25/2026 23:13:14 - INFO - utils.trainer -   F_score: 0.14218
07/25/2026 23:13:14 - INFO - utils.trainer -   Model saved to output_dir/TimeLLM
07/25/2026 23:13:14 - INFO - utils.trainer -   Best model saved (val_loss=1.3255, test_acc=0.3131)
07/25/2026 23:13:14 - INFO - utils.trainer -   Epoch: 1, Loss: 1.45065, Val loss: 1.32552, Test loss: 1.37977, Val Acc: 0.3940, Best val loss: 1.3255, No improve: 0/20, Time: 136.1s
