08/19/2026 02:19:04 - INFO - __main__ -   ########## Repeat:0 ##########
08/19/2026 02:19:04 - INFO - utils.trainer -   ***** Running training *****
08/19/2026 02:19:04 - INFO - utils.trainer -     Num examples = 161
08/19/2026 02:19:04 - INFO - utils.trainer -     Num Epochs = 200
08/19/2026 02:19:04 - INFO - utils.trainer -     Total train batch size = 4
08/19/2026 02:19:04 - INFO - utils.trainer -     warmup steps = 400
08/19/2026 02:19:04 - INFO - utils.trainer -     Total optimization steps = 32200
08/19/2026 02:19:04 - INFO - utils.trainer -     Save steps = 25
08/19/2026 02:20:06 - INFO - utils.trainer -   ***** Running regression evaluation on val0 dataset *****
08/19/2026 02:20:11 - INFO - utils.trainer -   Loss: 0.02022
08/19/2026 02:20:11 - INFO - utils.trainer -   MSE: 214.99432
08/19/2026 02:20:11 - INFO - utils.trainer -   MAE: 12.03646
08/19/2026 02:20:11 - INFO - utils.trainer -   RMSE: 14.66268
08/19/2026 02:20:11 - INFO - utils.trainer -   R2: -0.93851
08/19/2026 02:20:11 - INFO - utils.trainer -   PearsonR: 0.16619
08/19/2026 02:20:13 - INFO - utils.trainer -   Model saved to output_dir/TimeLLM_AgeCAUEEG_train
08/19/2026 02:20:13 - INFO - utils.trainer -   Best model saved (val_Loss=0.0202)
08/19/2026 02:20:13 - INFO - utils.trainer -   Epoch: 1, Loss: 0.12185, Val loss: 0.02022, Val Loss: 0.0202, Best val Loss: 0.0202, No improve: 0/10, Time: 61.2s
08/19/2026 02:21:15 - INFO - utils.trainer -   ***** Running regression evaluation on val0 dataset *****
08/19/2026 02:21:20 - INFO - utils.trainer -   Loss: 0.01242
08/19/2026 02:21:20 - INFO - utils.trainer -   MSE: 132.25362
08/19/2026 02:21:20 - INFO - utils.trainer -   MAE: 9.01865
08/19/2026 02:21:20 - INFO - utils.trainer -   RMSE: 11.50016
08/19/2026 02:21:20 - INFO - utils.trainer -   R2: -0.19247
08/19/2026 02:21:20 - INFO - utils.trainer -   PearsonR: 0.15338
08/19/2026 02:21:21 - INFO - utils.trainer -   Model saved to output_dir/TimeLLM_AgeCAUEEG_train
08/19/2026 02:21:21 - INFO - utils.trainer -   Best model saved (val_Loss=0.0124)
08/19/2026 02:21:21 - INFO - utils.trainer -   Epoch: 2, Loss: 0.03527, Val loss: 0.01242, Val Loss: 0.0124, Best val Loss: 0.0124, No improve: 0/10, Time: 61.7s
08/19/2026 02:22:22 - INFO - utils.trainer -   ***** Running regression evaluation on val0 dataset *****
08/19/2026 02:22:28 - INFO - utils.trainer -   Loss: 0.01142
08/19/2026 02:22:28 - INFO - utils.trainer -   MSE: 121.96455
08/19/2026 02:22:28 - INFO - utils.trainer -   MAE: 8.97391
08/19/2026 02:22:28 - INFO - utils.trainer -   RMSE: 11.04376
08/19/2026 02:22:28 - INFO - utils.trainer -   R2: -0.09970
08/19/2026 02:22:28 - INFO - utils.trainer -   PearsonR: 0.25293
08/19/2026 02:22:29 - INFO - utils.trainer -   Model saved to output_dir/TimeLLM_AgeCAUEEG_train
08/19/2026 02:22:29 - INFO - utils.trainer -   Best model saved (val_Loss=0.0114)
08/19/2026 02:22:29 - INFO - utils.trainer -   Epoch: 3, Loss: 0.03658, Val loss: 0.01142, Val Loss: 0.0114, Best val Loss: 0.0114, No improve: 0/10, Time: 60.9s
08/19/2026 02:23:30 - INFO - utils.trainer -   ***** Running regression evaluation on val0 dataset *****
08/19/2026 02:23:36 - INFO - utils.trainer -   Loss: 0.01611
08/19/2026 02:23:36 - INFO - utils.trainer -   MSE: 171.64664
08/19/2026 02:23:36 - INFO - utils.trainer -   MAE: 10.69109
08/19/2026 02:23:36 - INFO - utils.trainer -   RMSE: 13.10140
08/19/2026 02:23:36 - INFO - utils.trainer -   R2: -0.54766
08/19/2026 02:23:36 - INFO - utils.trainer -   PearsonR: 0.22250
08/19/2026 02:23:36 - INFO - utils.trainer -   Epoch: 4, Loss: 0.03479, Val loss: 0.01611, Val Loss: 0.0161, Best val Loss: 0.0114, No improve: 1/10, Time: 60.8s
08/19/2026 02:24:37 - INFO - utils.trainer -   ***** Running regression evaluation on val0 dataset *****
08/19/2026 02:24:43 - INFO - utils.trainer -   Loss: 0.02957
08/19/2026 02:24:43 - INFO - utils.trainer -   MSE: 310.77972
08/19/2026 02:24:43 - INFO - utils.trainer -   MAE: 14.78701
08/19/2026 02:24:43 - INFO - utils.trainer -   RMSE: 17.62895
08/19/2026 02:24:43 - INFO - utils.trainer -   R2: -1.80216
08/19/2026 02:24:43 - INFO - utils.trainer -   PearsonR: 0.11790
08/19/2026 02:24:43 - INFO - utils.trainer -   Epoch: 5, Loss: 0.03236, Val loss: 0.02957, Val Loss: 0.0296, Best val Loss: 0.0114, No improve: 2/10, Time: 60.9s
08/19/2026 02:25:44 - INFO - utils.trainer -   ***** Running regression evaluation on val0 dataset *****
08/19/2026 02:25:49 - INFO - utils.trainer -   Loss: 0.01035
08/19/2026 02:25:49 - INFO - utils.trainer -   MSE: 110.23871
08/19/2026 02:25:49 - INFO - utils.trainer -   MAE: 8.53421
08/19/2026 02:25:49 - INFO - utils.trainer -   RMSE: 10.49946
08/19/2026 02:25:49 - INFO - utils.trainer -   R2: 0.00603
08/19/2026 02:25:49 - INFO - utils.trainer -   PearsonR: 0.26740
08/19/2026 02:25:51 - INFO - utils.trainer -   Model saved to output_dir/TimeLLM_AgeCAUEEG_train
08/19/2026 02:25:51 - INFO - utils.trainer -   Best model saved (val_Loss=0.0103)
08/19/2026 02:25:51 - INFO - utils.trainer -   Epoch: 6, Loss: 0.03531, Val loss: 0.01035, Val Loss: 0.0103, Best val Loss: 0.0103, No improve: 0/10, Time: 60.9s
08/19/2026 02:26:52 - INFO - utils.trainer -   ***** Running regression evaluation on val0 dataset *****
08/19/2026 02:26:58 - INFO - utils.trainer -   Loss: 0.01200
08/19/2026 02:26:58 - INFO - utils.trainer -   MSE: 126.37323
08/19/2026 02:26:58 - INFO - utils.trainer -   MAE: 9.00725
08/19/2026 02:26:58 - INFO - utils.trainer -   RMSE: 11.24158
08/19/2026 02:26:58 - INFO - utils.trainer -   R2: -0.13945
08/19/2026 02:26:58 - INFO - utils.trainer -   PearsonR: 0.17958
08/19/2026 02:26:58 - INFO - utils.trainer -   Epoch: 7, Loss: 0.03120, Val loss: 0.01200, Val Loss: 0.0120, Best val Loss: 0.0103, No improve: 1/10, Time: 61.0s
08/19/2026 02:27:59 - INFO - utils.trainer -   ***** Running regression evaluation on val0 dataset *****
08/19/2026 02:28:05 - INFO - utils.trainer -   Loss: 0.01076
08/19/2026 02:28:05 - INFO - utils.trainer -   MSE: 114.13367
08/19/2026 02:28:05 - INFO - utils.trainer -   MAE: 8.68885
08/19/2026 02:28:05 - INFO - utils.trainer -   RMSE: 10.68334
08/19/2026 02:28:05 - INFO - utils.trainer -   R2: -0.02909
08/19/2026 02:28:05 - INFO - utils.trainer -   PearsonR: 0.24312
08/19/2026 02:28:05 - INFO - utils.trainer -   Epoch: 8, Loss: 0.02970, Val loss: 0.01076, Val Loss: 0.0108, Best val Loss: 0.0103, No improve: 2/10, Time: 61.1s
08/19/2026 02:29:06 - INFO - utils.trainer -   ***** Running regression evaluation on val0 dataset *****
08/19/2026 02:29:12 - INFO - utils.trainer -   Loss: 0.01117
08/19/2026 02:29:12 - INFO - utils.trainer -   MSE: 117.82072
08/19/2026 02:29:12 - INFO - utils.trainer -   MAE: 8.82791
08/19/2026 02:29:12 - INFO - utils.trainer -   RMSE: 10.85453
08/19/2026 02:29:12 - INFO - utils.trainer -   R2: -0.06234
08/19/2026 02:29:12 - INFO - utils.trainer -   PearsonR: 0.27239
08/19/2026 02:29:12 - INFO - utils.trainer -   Epoch: 9, Loss: 0.02859, Val loss: 0.01117, Val Loss: 0.0112, Best val Loss: 0.0103, No improve: 3/10, Time: 61.1s
08/19/2026 02:30:12 - INFO - utils.trainer -   ***** Running regression evaluation on val0 dataset *****
08/19/2026 02:30:18 - INFO - utils.trainer -   Loss: 0.01464
08/19/2026 02:30:18 - INFO - utils.trainer -   MSE: 153.79845
08/19/2026 02:30:18 - INFO - utils.trainer -   MAE: 10.21286
08/19/2026 02:30:18 - INFO - utils.trainer -   RMSE: 12.40155
08/19/2026 02:30:18 - INFO - utils.trainer -   R2: -0.38673
08/19/2026 02:30:18 - INFO - utils.trainer -   PearsonR: 0.24186
08/19/2026 02:30:18 - INFO - utils.trainer -   Epoch: 10, Loss: 0.03520, Val loss: 0.01464, Val Loss: 0.0146, Best val Loss: 0.0103, No improve: 4/10, Time: 60.8s
08/19/2026 02:31:19 - INFO - utils.trainer -   ***** Running regression evaluation on val0 dataset *****
08/19/2026 02:31:25 - INFO - utils.trainer -   Loss: 0.01211
08/19/2026 02:31:25 - INFO - utils.trainer -   MSE: 127.65975
08/19/2026 02:31:25 - INFO - utils.trainer -   MAE: 9.23221
08/19/2026 02:31:25 - INFO - utils.trainer -   RMSE: 11.29866
08/19/2026 02:31:25 - INFO - utils.trainer -   R2: -0.15105
08/19/2026 02:31:25 - INFO - utils.trainer -   PearsonR: 0.24952
08/19/2026 02:31:25 - INFO - utils.trainer -   Epoch: 11, Loss: 0.03178, Val loss: 0.01211, Val Loss: 0.0121, Best val Loss: 0.0103, No improve: 5/10, Time: 60.9s
08/19/2026 02:32:26 - INFO - utils.trainer -   ***** Running regression evaluation on val0 dataset *****
08/19/2026 02:32:31 - INFO - utils.trainer -   Loss: 0.01068
08/19/2026 02:32:31 - INFO - utils.trainer -   MSE: 113.21839
08/19/2026 02:32:31 - INFO - utils.trainer -   MAE: 8.61664
08/19/2026 02:32:31 - INFO - utils.trainer -   RMSE: 10.64041
08/19/2026 02:32:31 - INFO - utils.trainer -   R2: -0.02084
08/19/2026 02:32:31 - INFO - utils.trainer -   PearsonR: 0.29340
08/19/2026 02:32:31 - INFO - utils.trainer -   Epoch: 12, Loss: 0.02598, Val loss: 0.01068, Val Loss: 0.0107, Best val Loss: 0.0103, No improve: 6/10, Time: 60.8s
08/19/2026 02:33:32 - INFO - utils.trainer -   ***** Running regression evaluation on val0 dataset *****
08/19/2026 02:33:39 - INFO - utils.trainer -   Loss: 0.01245
08/19/2026 02:33:39 - INFO - utils.trainer -   MSE: 132.08949
08/19/2026 02:33:39 - INFO - utils.trainer -   MAE: 9.32850
08/19/2026 02:33:39 - INFO - utils.trainer -   RMSE: 11.49302
08/19/2026 02:33:39 - INFO - utils.trainer -   R2: -0.19099
08/19/2026 02:33:39 - INFO - utils.trainer -   PearsonR: 0.30171
08/19/2026 02:33:39 - INFO - utils.trainer -   Epoch: 13, Loss: 0.02917, Val loss: 0.01245, Val Loss: 0.0125, Best val Loss: 0.0103, No improve: 7/10, Time: 61.0s
08/19/2026 02:34:40 - INFO - utils.trainer -   ***** Running regression evaluation on val0 dataset *****
08/19/2026 02:34:46 - INFO - utils.trainer -   Loss: 0.01405
08/19/2026 02:34:46 - INFO - utils.trainer -   MSE: 148.55528
08/19/2026 02:34:46 - INFO - utils.trainer -   MAE: 9.91143
08/19/2026 02:34:46 - INFO - utils.trainer -   RMSE: 12.18833
08/19/2026 02:34:46 - INFO - utils.trainer -   R2: -0.33946
08/19/2026 02:34:46 - INFO - utils.trainer -   PearsonR: 0.25381
08/19/2026 02:34:46 - INFO - utils.trainer -   Epoch: 14, Loss: 0.02813, Val loss: 0.01405, Val Loss: 0.0140, Best val Loss: 0.0103, No improve: 8/10, Time: 61.0s
08/19/2026 02:35:47 - INFO - utils.trainer -   ***** Running regression evaluation on val0 dataset *****
08/19/2026 02:35:53 - INFO - utils.trainer -   Loss: 0.01366
08/19/2026 02:35:53 - INFO - utils.trainer -   MSE: 143.72365
08/19/2026 02:35:53 - INFO - utils.trainer -   MAE: 9.79473
08/19/2026 02:35:53 - INFO - utils.trainer -   RMSE: 11.98848
08/19/2026 02:35:53 - INFO - utils.trainer -   R2: -0.29589
08/19/2026 02:35:53 - INFO - utils.trainer -   PearsonR: 0.16270
08/19/2026 02:35:53 - INFO - utils.trainer -   Epoch: 15, Loss: 0.03322, Val loss: 0.01366, Val Loss: 0.0137, Best val Loss: 0.0103, No improve: 9/10, Time: 61.6s
08/19/2026 02:36:54 - INFO - utils.trainer -   ***** Running regression evaluation on val0 dataset *****
08/19/2026 02:37:00 - INFO - utils.trainer -   Loss: 0.01258
08/19/2026 02:37:00 - INFO - utils.trainer -   MSE: 133.53667
08/19/2026 02:37:00 - INFO - utils.trainer -   MAE: 9.38741
08/19/2026 02:37:00 - INFO - utils.trainer -   RMSE: 11.55581
08/19/2026 02:37:00 - INFO - utils.trainer -   R2: -0.20404
08/19/2026 02:37:00 - INFO - utils.trainer -   PearsonR: 0.22024
08/19/2026 02:37:00 - INFO - utils.trainer -   Epoch: 16, Loss: 0.02666, Val loss: 0.01258, Val Loss: 0.0126, Best val Loss: 0.0103, No improve: 10/10, Time: 61.0s
08/19/2026 02:37:00 - INFO - utils.trainer -   Early stopping triggered at epoch 16
08/19/2026 02:37:00 - INFO - utils.trainer -   Early stopping triggered at epoch 16
08/19/2026 02:37:00 - INFO - utils.trainer -   Early stopping triggered at epoch 16
08/19/2026 02:37:00 - INFO - utils.trainer -   Early stopping triggered at epoch 16
08/19/2026 02:37:00 - INFO - utils.trainer -   Early stopping triggered at epoch 16
08/19/2026 02:37:00 - INFO - utils.trainer -   Early stopping triggered at epoch 16
08/19/2026 02:37:01 - INFO - utils.trainer -     2 prompt-buffer key(s) skipped (kept target-dataset prompt)
08/19/2026 02:37:01 - INFO - utils.trainer -     646 keys not in checkpoint (kept from init)
08/19/2026 02:37:01 - INFO - utils.trainer -   Model loaded from output_dir/TimeLLM_AgeCAUEEG_train/TimeLLM-0.bin (83/85 keys)
08/19/2026 02:37:01 - INFO - utils.trainer -     2 prompt-buffer key(s) skipped (kept target-dataset prompt)
08/19/2026 02:37:01 - INFO - utils.trainer -     646 keys not in checkpoint (kept from init)
08/19/2026 02:37:01 - INFO - utils.trainer -   Model loaded from output_dir/TimeLLM_AgeCAUEEG_train/TimeLLM-0.bin (83/85 keys)
08/19/2026 02:37:01 - INFO - utils.trainer -     2 prompt-buffer key(s) skipped (kept target-dataset prompt)
08/19/2026 02:37:01 - INFO - utils.trainer -     646 keys not in checkpoint (kept from init)
08/19/2026 02:37:01 - INFO - utils.trainer -   Model loaded from output_dir/TimeLLM_AgeCAUEEG_train/TimeLLM-0.bin (83/85 keys)
08/19/2026 02:37:01 - INFO - utils.trainer -   ***** Running regression evaluation on test0 dataset *****
08/19/2026 02:37:01 - INFO - utils.trainer -     2 prompt-buffer key(s) skipped (kept target-dataset prompt)
08/19/2026 02:37:01 - INFO - utils.trainer -     646 keys not in checkpoint (kept from init)
08/19/2026 02:37:01 - INFO - utils.trainer -   Model loaded from output_dir/TimeLLM_AgeCAUEEG_train/TimeLLM-0.bin (83/85 keys)
08/19/2026 02:37:01 - INFO - utils.trainer -     2 prompt-buffer key(s) skipped (kept target-dataset prompt)
08/19/2026 02:37:01 - INFO - utils.trainer -     2 prompt-buffer key(s) skipped (kept target-dataset prompt)
08/19/2026 02:37:01 - INFO - utils.trainer -     646 keys not in checkpoint (kept from init)
08/19/2026 02:37:01 - INFO - utils.trainer -     646 keys not in checkpoint (kept from init)
08/19/2026 02:37:01 - INFO - utils.trainer -   Model loaded from output_dir/TimeLLM_AgeCAUEEG_train/TimeLLM-0.bin (83/85 keys)
08/19/2026 02:37:01 - INFO - utils.trainer -   Model loaded from output_dir/TimeLLM_AgeCAUEEG_train/TimeLLM-0.bin (83/85 keys)
08/19/2026 02:37:06 - INFO - utils.trainer -   Loss: 0.01030
08/19/2026 02:37:06 - INFO - utils.trainer -   MSE: 109.45235
08/19/2026 02:37:06 - INFO - utils.trainer -   MAE: 8.39464
08/19/2026 02:37:06 - INFO - utils.trainer -   RMSE: 10.46195
08/19/2026 02:37:06 - INFO - utils.trainer -   R2: -0.09148
08/19/2026 02:37:06 - INFO - utils.trainer -   PearsonR: 0.18435
08/19/2026 02:37:06 - INFO - utils.trainer -   === Best epoch test result ===
08/19/2026 02:37:06 - INFO - utils.trainer -     Loss: 0.01030
08/19/2026 02:37:06 - INFO - utils.trainer -     MSE: 109.45235
08/19/2026 02:37:06 - INFO - utils.trainer -     MAE: 8.39464
08/19/2026 02:37:06 - INFO - utils.trainer -     RMSE: 10.46195
08/19/2026 02:37:06 - INFO - utils.trainer -     R2: -0.09148
08/19/2026 02:37:06 - INFO - utils.trainer -     PearsonR: 0.18435
08/19/2026 02:37:08 - INFO - utils.trainer -   Model saved to output_dir/TimeLLM_AgeCAUEEG_train/final-epoch-200
08/19/2026 02:37:08 - INFO - utils.trainer -   Final model saved at epoch 200
